2021-03-01  17:27:19 Mon root INFO 数据库连接成功！
2021-03-01  17:27:19 Mon werkzeug INFO  * Running on http://127.0.0.1:5000/ (Press CTRL+C to quit)
2021-03-01  17:27:19 Mon root INFO PLC1连接成功
2021-03-01  17:27:19 Mon root INFO PLC2连接成功
2021-03-01  17:27:19 Mon root INFO PLC3连接成功
2021-03-01  17:27:19 Mon root INFO PLC4连接成功
2021-03-01  17:27:19 Mon root INFO PLC5连接成功
2021-03-01  17:27:40 Mon root INFO PLC6连接失败
2021-03-01  17:27:40 Mon root INFO plc连接状态:[1, 1, 1, 1, 1, 0]
2021-03-01  17:27:40 Mon root INFO mes_plc
2021-03-01  17:27:41 Mon root INFO 读取插入数据库数据：{'product_type': '\n\x07250 YDG\x00', 'r1_equipment_status': '7329', 'fail_code': '5', 'recerve': '0', 'prod_num': 22, 'r1_rob_no': '4', 'r1_weld_line_no': '0', 'r1_electric': '180.70022583007812', 'r1_voltage': '13.346354484558105', 'r1_speed': '0.0', 'r1_job': '0', 'r2_rob_no': '0', 'r2_weld_line_no': '0', 'r2_electric': '0.0', 'r2_voltage': '0.0', 'r2_speed': '0.0', 'r2_job': '0', 'replace_status': '0', 'part_status': '0', 'r1_protective_gas': '0', 'r1_welding_wire': '0', 'r2_protective_gas': '0', 'r2_welding_wire': '0', 'login_id': '\n\x00\x00\x00\x00\x00\x00\x00\x00\x00', 'login_password': '\n\x00\x00\x00\x00\x00\x00\x00\x00\x00'}
2021-03-01  17:27:41 Mon root INFO ('\n\x07250 YDG\x00', '7329', '5', 22, '4', '0', '180.70022583007812', '13.346354484558105', '0.0', '0', '0', '0', '0.0', '0.0', '0.0', '0', '0', '0', '0', '0', '0', '\n\x00\x00\x00\x00\x00\x00\x00\x00\x00', '\n\x00\x00\x00\x00\x00\x00\x00\x00\x00', '0', '0', '2021-03-01 17:27:41')
2021-03-01  17:27:41 Mon root INFO 成功添加数据
2021-03-01  17:27:41 Mon root INFO mes_plc_r2
2021-03-01  17:27:41 Mon root INFO 读取插入数据库数据：{'product_type': '\n\x00\x00\x00\x00\x00\x00\x00\x00\x00', 'r1_equipment_status': '0', 'fail_code': '0', 'recerve': '0', 'prod_num': 400, 'r1_rob_no': '0', 'r1_weld_line_no': '0', 'r1_electric': '0.0', 'r1_voltage': '0.0', 'r1_speed': '0.0', 'r1_job': '0', 'r2_rob_no': '0', 'r2_weld_line_no': '0', 'r2_electric': '0.0', 'r2_voltage': '0.0', 'r2_speed': '0.0', 'r2_job': '0', 'replace_status': '0', 'part_status': '0', 'r1_protective_gas': '0', 'r1_welding_wire': '0', 'r2_protective_gas': '0', 'r2_welding_wire': '0', 'login_id': '\n\x00\x00\x00\x00\x00\x00\x00\x00\x00', 'login_password': '\n\x00\x00\x00\x00\x00\x00\x00\x00\x00'}
2021-03-01  17:27:41 Mon root INFO ('\n\x00\x00\x00\x00\x00\x00\x00\x00\x00', '0', '0', 400, '0', '0', '0.0', '0.0', '0.0', '0', '0', '0', '0.0', '0.0', '0.0', '0', '0', '0', '0', '0', '0', '\n\x00\x00\x00\x00\x00\x00\x00\x00\x00', '\n\x00\x00\x00\x00\x00\x00\x00\x00\x00', '0', '0', '2021-03-01 17:27:41')
2021-03-01  17:27:41 Mon root INFO 成功添加数据
2021-03-01  17:27:41 Mon root INFO mes_plc_r3
2021-03-01  17:27:41 Mon root INFO 读取插入数据库数据：{'product_type': '\n\x00\x00\x00\x00\x00\x00\x00\x00\x00', 'r1_equipment_status': '0', 'fail_code': '0', 'recerve': '0', 'prod_num': 405, 'r1_rob_no': '0', 'r1_weld_line_no': '0', 'r1_electric': '183.01504516601562', 'r1_voltage': '13.852720260620117', 'r1_speed': '0.0', 'r1_job': '0', 'r2_rob_no': '0', 'r2_weld_line_no': '0', 'r2_electric': '0.0', 'r2_voltage': '0.0', 'r2_speed': '0.0', 'r2_job': '0', 'replace_status': '0', 'part_status': '0', 'r1_protective_gas': '0', 'r1_welding_wire': '0', 'r2_protective_gas': '0', 'r2_welding_wire': '0', 'login_id': '\n\x00\x00\x00\x00\x00\x00\x00\x00\x00', 'login_password': '\n\x00\x00\x00\x00\x00\x00\x00\x00\x00'}
2021-03-01  17:27:41 Mon root INFO ('\n\x00\x00\x00\x00\x00\x00\x00\x00\x00', '0', '0', 405, '0', '0', '183.01504516601562', '13.852720260620117', '0.0', '0', '0', '0', '0.0', '0.0', '0.0', '0', '0', '0', '0', '0', '0', '\n\x00\x00\x00\x00\x00\x00\x00\x00\x00', '\n\x00\x00\x00\x00\x00\x00\x00\x00\x00', '0', '0', '2021-03-01 17:27:41')
2021-03-01  17:27:41 Mon root INFO 成功添加数据
2021-03-01  17:27:41 Mon root INFO mes_plc_r4
2021-03-01  17:27:41 Mon root INFO 读取插入数据库数据：{'product_type': '\n\x02BB\x00\x00\x00\x00\x00\x00', 'r1_equipment_status': '0', 'fail_code': '0', 'recerve': '0', 'prod_num': 3, 'r1_rob_no': '150', 'r1_weld_line_no': '0', 'r1_electric': '182.21932983398438', 'r1_voltage': '13.187210083007812', 'r1_speed': '0.0', 'r1_job': '0', 'r2_rob_no': '0', 'r2_weld_line_no': '0', 'r2_electric': '0.0', 'r2_voltage': '0.0', 'r2_speed': '0.0', 'r2_job': '0', 'replace_status': '0', 'part_status': '0', 'r1_protective_gas': '0', 'r1_welding_wire': '0', 'r2_protective_gas': '0', 'r2_welding_wire': '0', 'login_id': '\n\x00\x00\x00\x00\x00\x00\x00\x00\x00', 'login_password': '\n\x00\x00\x00\x00\x00\x00\x00\x00\x00'}
2021-03-01  17:27:41 Mon root INFO ('\n\x02BB\x00\x00\x00\x00\x00\x00', '0', '0', 3, '150', '0', '182.21932983398438', '13.187210083007812', '0.0', '0', '0', '0', '0.0', '0.0', '0.0', '0', '0', '0', '0', '0', '0', '\n\x00\x00\x00\x00\x00\x00\x00\x00\x00', '\n\x00\x00\x00\x00\x00\x00\x00\x00\x00', '0', '0', '2021-03-01 17:27:41')
2021-03-01  17:27:41 Mon root INFO 成功添加数据
2021-03-01  17:27:41 Mon root INFO mes_plc_r5
2021-03-01  17:27:42 Mon root INFO 读取插入数据库数据：{'product_type': '\n\x00\x00\x00\x00\x00\x00\x00\x00\x00', 'r1_equipment_status': '0', 'fail_code': '0', 'recerve': '0', 'prod_num': 0, 'r1_rob_no': '0', 'r1_weld_line_no': '0', 'r1_electric': '0.0', 'r1_voltage': '0.0', 'r1_speed': '0.0', 'r1_job': '0', 'r2_rob_no': '0', 'r2_weld_line_no': '0', 'r2_electric': '0.0', 'r2_voltage': '0.0', 'r2_speed': '0.0', 'r2_job': '0', 'replace_status': '0', 'part_status': '0', 'r1_protective_gas': '0', 'r1_welding_wire': '0', 'r2_protective_gas': '0', 'r2_welding_wire': '0', 'login_id': '\n\x00\x00\x00\x00\x00\x00\x00\x00\x00', 'login_password': '\n\x00\x00\x00\x00\x00\x00\x00\x00\x00'}
2021-03-01  17:27:42 Mon root INFO ('\n\x00\x00\x00\x00\x00\x00\x00\x00\x00', '0', '0', 0, '0', '0', '0.0', '0.0', '0.0', '0', '0', '0', '0.0', '0.0', '0.0', '0', '0', '0', '0', '0', '0', '\n\x00\x00\x00\x00\x00\x00\x00\x00\x00', '\n\x00\x00\x00\x00\x00\x00\x00\x00\x00', '0', '0', '2021-03-01 17:27:42')
2021-03-01  17:27:42 Mon root INFO 成功添加数据
2021-03-01  17:29:03 Mon root INFO PLC6连接失败
2021-03-01  17:29:03 Mon root INFO plc连接状态:[1, 1, 1, 1, 1, 0]
2021-03-01  17:29:03 Mon root INFO mes_plc
2021-03-01  17:29:03 Mon root INFO 读取插入数据库数据：{'product_type': '\n\x07250 YDG\x00', 'r1_equipment_status': '7329', 'fail_code': '5', 'recerve': '0', 'prod_num': 22, 'r1_rob_no': '4', 'r1_weld_line_no': '0', 'r1_electric': '180.74363708496094', 'r1_voltage': '13.339119911193848', 'r1_speed': '0.0', 'r1_job': '0', 'r2_rob_no': '0', 'r2_weld_line_no': '0', 'r2_electric': '0.0', 'r2_voltage': '0.0', 'r2_speed': '0.0', 'r2_job': '0', 'replace_status': '0', 'part_status': '0', 'r1_protective_gas': '0', 'r1_welding_wire': '0', 'r2_protective_gas': '0', 'r2_welding_wire': '0', 'login_id': '\n\x00\x00\x00\x00\x00\x00\x00\x00\x00', 'login_password': '\n\x00\x00\x00\x00\x00\x00\x00\x00\x00'}
2021-03-01  17:29:03 Mon root INFO ('\n\x07250 YDG\x00', '7329', '5', 22, '4', '0', '180.74363708496094', '13.339119911193848', '0.0', '0', '0', '0', '0.0', '0.0', '0.0', '0', '0', '0', '0', '0', '0', '\n\x00\x00\x00\x00\x00\x00\x00\x00\x00', '\n\x00\x00\x00\x00\x00\x00\x00\x00\x00', '0', '0', '2021-03-01 17:29:03')
2021-03-01  17:29:03 Mon root INFO 成功添加数据
2021-03-01  17:29:03 Mon root INFO mes_plc_r2
2021-03-01  17:29:03 Mon root INFO 读取插入数据库数据：{'product_type': '\n\x00\x00\x00\x00\x00\x00\x00\x00\x00', 'r1_equipment_status': '0', 'fail_code': '0', 'recerve': '0', 'prod_num': 400, 'r1_rob_no': '0', 'r1_weld_line_no': '0', 'r1_electric': '0.0', 'r1_voltage': '0.0', 'r1_speed': '0.0', 'r1_job': '0', 'r2_rob_no': '0', 'r2_weld_line_no': '0', 'r2_electric': '0.0', 'r2_voltage': '0.0', 'r2_speed': '0.0', 'r2_job': '0', 'replace_status': '0', 'part_status': '0', 'r1_protective_gas': '0', 'r1_welding_wire': '0', 'r2_protective_gas': '0', 'r2_welding_wire': '0', 'login_id': '\n\x00\x00\x00\x00\x00\x00\x00\x00\x00', 'login_password': '\n\x00\x00\x00\x00\x00\x00\x00\x00\x00'}
2021-03-01  17:29:03 Mon root INFO ('\n\x00\x00\x00\x00\x00\x00\x00\x00\x00', '0', '0', 400, '0', '0', '0.0', '0.0', '0.0', '0', '0', '0', '0.0', '0.0', '0.0', '0', '0', '0', '0', '0', '0', '\n\x00\x00\x00\x00\x00\x00\x00\x00\x00', '\n\x00\x00\x00\x00\x00\x00\x00\x00\x00', '0', '0', '2021-03-01 17:29:03')
2021-03-01  17:29:03 Mon root INFO 成功添加数据
2021-03-01  17:29:03 Mon root INFO mes_plc_r3
2021-03-01  17:29:04 Mon root INFO 读取插入数据库数据：{'product_type': '\n\x00\x00\x00\x00\x00\x00\x00\x00\x00', 'r1_equipment_status': '0', 'fail_code': '0', 'recerve': '0', 'prod_num': 405, 'r1_rob_no': '0', 'r1_weld_line_no': '0', 'r1_electric': '183.01504516601562', 'r1_voltage': '13.852720260620117', 'r1_speed': '0.0', 'r1_job': '0', 'r2_rob_no': '0', 'r2_weld_line_no': '0', 'r2_electric': '0.0', 'r2_voltage': '0.0', 'r2_speed': '0.0', 'r2_job': '0', 'replace_status': '0', 'part_status': '0', 'r1_protective_gas': '0', 'r1_welding_wire': '0', 'r2_protective_gas': '0', 'r2_welding_wire': '0', 'login_id': '\n\x00\x00\x00\x00\x00\x00\x00\x00\x00', 'login_password': '\n\x00\x00\x00\x00\x00\x00\x00\x00\x00'}
2021-03-01  17:29:04 Mon root INFO ('\n\x00\x00\x00\x00\x00\x00\x00\x00\x00', '0', '0', 405, '0', '0', '183.01504516601562', '13.852720260620117', '0.0', '0', '0', '0', '0.0', '0.0', '0.0', '0', '0', '0', '0', '0', '0', '\n\x00\x00\x00\x00\x00\x00\x00\x00\x00', '\n\x00\x00\x00\x00\x00\x00\x00\x00\x00', '0', '0', '2021-03-01 17:29:04')
2021-03-01  17:29:04 Mon root INFO 成功添加数据
2021-03-01  17:29:04 Mon root INFO mes_plc_r4
2021-03-01  17:29:04 Mon root INFO 读取插入数据库数据：{'product_type': '\n\x02BB\x00\x00\x00\x00\x00\x00', 'r1_equipment_status': '0', 'fail_code': '0', 'recerve': '0', 'prod_num': 3, 'r1_rob_no': '150', 'r1_weld_line_no': '0', 'r1_electric': '182.17591857910156', 'r1_voltage': '13.190828323364258', 'r1_speed': '0.0', 'r1_job': '0', 'r2_rob_no': '0', 'r2_weld_line_no': '0', 'r2_electric': '0.0', 'r2_voltage': '0.0', 'r2_speed': '0.0', 'r2_job': '0', 'replace_status': '0', 'part_status': '0', 'r1_protective_gas': '0', 'r1_welding_wire': '0', 'r2_protective_gas': '0', 'r2_welding_wire': '0', 'login_id': '\n\x00\x00\x00\x00\x00\x00\x00\x00\x00', 'login_password': '\n\x00\x00\x00\x00\x00\x00\x00\x00\x00'}
2021-03-01  17:29:04 Mon root INFO ('\n\x02BB\x00\x00\x00\x00\x00\x00', '0', '0', 3, '150', '0', '182.17591857910156', '13.190828323364258', '0.0', '0', '0', '0', '0.0', '0.0', '0.0', '0', '0', '0', '0', '0', '0', '\n\x00\x00\x00\x00\x00\x00\x00\x00\x00', '\n\x00\x00\x00\x00\x00\x00\x00\x00\x00', '0', '0', '2021-03-01 17:29:04')
2021-03-01  17:29:04 Mon root INFO 成功添加数据
2021-03-01  17:29:04 Mon root INFO mes_plc_r5
2021-03-01  17:29:04 Mon root INFO 读取插入数据库数据：{'product_type': '\n\x00\x00\x00\x00\x00\x00\x00\x00\x00', 'r1_equipment_status': '0', 'fail_code': '0', 'recerve': '0', 'prod_num': 0, 'r1_rob_no': '0', 'r1_weld_line_no': '0', 'r1_electric': '0.0', 'r1_voltage': '0.0', 'r1_speed': '0.0', 'r1_job': '0', 'r2_rob_no': '0', 'r2_weld_line_no': '0', 'r2_electric': '0.0', 'r2_voltage': '0.0', 'r2_speed': '0.0', 'r2_job': '0', 'replace_status': '0', 'part_status': '0', 'r1_protective_gas': '0', 'r1_welding_wire': '0', 'r2_protective_gas': '0', 'r2_welding_wire': '0', 'login_id': '\n\x00\x00\x00\x00\x00\x00\x00\x00\x00', 'login_password': '\n\x00\x00\x00\x00\x00\x00\x00\x00\x00'}
2021-03-01  17:29:04 Mon root INFO ('\n\x00\x00\x00\x00\x00\x00\x00\x00\x00', '0', '0', 0, '0', '0', '0.0', '0.0', '0.0', '0', '0', '0', '0.0', '0.0', '0.0', '0', '0', '0', '0', '0', '0', '\n\x00\x00\x00\x00\x00\x00\x00\x00\x00', '\n\x00\x00\x00\x00\x00\x00\x00\x00\x00', '0', '0', '2021-03-01 17:29:04')
2021-03-01  17:29:04 Mon root INFO 成功添加数据
2021-03-02  09:10:20 Tue werkzeug INFO  * Running on http://127.0.0.1:5000/ (Press CTRL+C to quit)
2021-03-02  09:10:20 Tue root INFO 数据库连接成功！
2021-03-02  09:10:20 Tue root INFO PLC1连接成功
2021-03-02  09:10:20 Tue root INFO PLC2连接成功
2021-03-02  09:10:20 Tue root INFO PLC3连接成功
2021-03-02  09:10:20 Tue root INFO PLC4连接成功
2021-03-02  09:10:20 Tue root INFO PLC5连接成功
2021-03-02  09:10:42 Tue root INFO PLC6连接失败
2021-03-02  09:10:42 Tue root INFO plc连接状态:[1, 1, 1, 1, 1, 0]
2021-03-02  09:10:42 Tue root INFO mes_plc
2021-03-02  09:10:42 Tue root INFO 读取插入数据库数据：{'product_type': '\n\x07250 ZDG\x00', 'r1_equipment_status': '6817', 'fail_code': '5', 'recerve': '0', 'prod_num': 33, 'r1_rob_no': '104', 'r1_weld_line_no': '0', 'r1_electric': '182.5231475830078', 'r1_voltage': '-13.190828323364258', 'r1_speed': '0.0', 'r1_job': '0', 'r2_rob_no': '0', 'r2_weld_line_no': '0', 'r2_electric': '0.0', 'r2_voltage': '0.0', 'r2_speed': '0.0', 'r2_job': '0', 'replace_status': '0', 'part_status': '0', 'r1_protective_gas': '0', 'r1_welding_wire': '0', 'r2_protective_gas': '0', 'r2_welding_wire': '0', 'login_id': '\n\x00\x00\x00\x00\x00\x00\x00\x00\x00', 'login_password': '\n\x00\x00\x00\x00\x00\x00\x00\x00\x00'}
2021-03-02  09:10:42 Tue root INFO ('\n\x07250 ZDG\x00', '6817', '5', 33, '104', '0', '182.5231475830078', '-13.190828323364258', '0.0', '0', '0', '0', '0.0', '0.0', '0.0', '0', '0', '0', '0', '0', '0', '\n\x00\x00\x00\x00\x00\x00\x00\x00\x00', '\n\x00\x00\x00\x00\x00\x00\x00\x00\x00', '0', '0', '2021-03-02 09:10:42')
2021-03-02  09:10:42 Tue root INFO 成功添加数据
2021-03-02  09:10:42 Tue root INFO mes_plc_r2
2021-03-02  09:10:42 Tue root INFO 读取插入数据库数据：{'product_type': '\n\x07250 TJ2\x00', 'r1_equipment_status': '0', 'fail_code': '0', 'recerve': '0', 'prod_num': 408, 'r1_rob_no': '104', 'r1_weld_line_no': '0', 'r1_electric': '0.0', 'r1_voltage': '0.0', 'r1_speed': '0.0', 'r1_job': '0', 'r2_rob_no': '0', 'r2_weld_line_no': '0', 'r2_electric': '0.0', 'r2_voltage': '0.0', 'r2_speed': '0.0', 'r2_job': '0', 'replace_status': '0', 'part_status': '0', 'r1_protective_gas': '0', 'r1_welding_wire': '0', 'r2_protective_gas': '0', 'r2_welding_wire': '0', 'login_id': '\n\x00\x00\x00\x00\x00\x00\x00\x00\x00', 'login_password': '\n\x00\x00\x00\x00\x00\x00\x00\x00\x00'}
2021-03-02  09:10:42 Tue root INFO ('\n\x07250 TJ2\x00', '0', '0', 408, '104', '0', '0.0', '0.0', '0.0', '0', '0', '0', '0.0', '0.0', '0.0', '0', '0', '0', '0', '0', '0', '\n\x00\x00\x00\x00\x00\x00\x00\x00\x00', '\n\x00\x00\x00\x00\x00\x00\x00\x00\x00', '0', '0', '2021-03-02 09:10:42')
2021-03-02  09:10:43 Tue root INFO 成功添加数据
2021-03-02  09:10:43 Tue root INFO mes_plc_r3
2021-03-02  09:10:43 Tue root INFO 读取插入数据库数据：{'product_type': '\n\x07250 TJ3\x00', 'r1_equipment_status': '0', 'fail_code': '0', 'recerve': '0', 'prod_num': 410, 'r1_rob_no': '4', 'r1_weld_line_no': '0', 'r1_electric': '184.765625', 'r1_voltage': '13.809317588806152', 'r1_speed': '0.0', 'r1_job': '0', 'r2_rob_no': '0', 'r2_weld_line_no': '0', 'r2_electric': '0.0', 'r2_voltage': '0.0', 'r2_speed': '0.0', 'r2_job': '0', 'replace_status': '0', 'part_status': '0', 'r1_protective_gas': '0', 'r1_welding_wire': '0', 'r2_protective_gas': '0', 'r2_welding_wire': '0', 'login_id': '\n\x00\x00\x00\x00\x00\x00\x00\x00\x00', 'login_password': '\n\x00\x00\x00\x00\x00\x00\x00\x00\x00'}
2021-03-02  09:10:43 Tue root INFO ('\n\x07250 TJ3\x00', '0', '0', 410, '4', '0', '184.765625', '13.809317588806152', '0.0', '0', '0', '0', '0.0', '0.0', '0.0', '0', '0', '0', '0', '0', '0', '\n\x00\x00\x00\x00\x00\x00\x00\x00\x00', '\n\x00\x00\x00\x00\x00\x00\x00\x00\x00', '0', '0', '2021-03-02 09:10:43')
2021-03-02  09:10:43 Tue root INFO 成功添加数据
2021-03-02  09:10:43 Tue root INFO mes_plc_r4
2021-03-02  09:10:43 Tue root INFO 读取插入数据库数据：{'product_type': '\n\x02BB\x00\x00\x00\x00\x00\x00', 'r1_equipment_status': '2562', 'fail_code': '16962', 'recerve': '0', 'prod_num': 0, 'r1_rob_no': '0', 'r1_weld_line_no': '0', 'r1_electric': '9.727692471237622e-22', 'r1_voltage': '1.401298464324817e-45', 'r1_speed': '1.3775324423698682e-38', 'r1_job': '17208', 'r2_rob_no': '26472', 'r2_weld_line_no': '16721', 'r2_electric': '-1.2967404927621828e-13', 'r2_voltage': '0.0', 'r2_speed': '0.0', 'r2_job': '0', 'replace_status': '0', 'part_status': '0', 'r1_protective_gas': '0', 'r1_welding_wire': '0', 'r2_protective_gas': '0', 'r2_welding_wire': '0', 'login_id': '\x00\x00\x00\x00\x00\x04\x00\x00\x00\x00', 'login_password': '\n\x00\x00\x00\x00\x00\x00\x00\x00\x00'}
2021-03-02  09:10:43 Tue root INFO ('\n\x02BB\x00\x00\x00\x00\x00\x00', '2562', '16962', 0, '0', '0', '9.727692471237622e-22', '1.401298464324817e-45', '1.3775324423698682e-38', '17208', '26472', '16721', '-1.2967404927621828e-13', '0.0', '0.0', '0', '0', '0', '0', '0', '0', '\x00\x00\x00\x00\x00\x04\x00\x00\x00\x00', '\n\x00\x00\x00\x00\x00\x00\x00\x00\x00', '0', '0', '2021-03-02 09:10:43')
2021-03-02  09:10:43 Tue root INFO 成功添加数据
2021-03-02  09:10:43 Tue root INFO mes_plc_r5
2021-03-02  09:10:44 Tue root INFO 读取插入数据库数据：{'product_type': '\n\x00\x00\x00\x00\x00\x00\x00\x00\x00', 'r1_equipment_status': '0', 'fail_code': '0', 'recerve': '0', 'prod_num': 0, 'r1_rob_no': '0', 'r1_weld_line_no': '0', 'r1_electric': '0.0', 'r1_voltage': '0.0', 'r1_speed': '0.0', 'r1_job': '0', 'r2_rob_no': '0', 'r2_weld_line_no': '0', 'r2_electric': '0.0', 'r2_voltage': '0.0', 'r2_speed': '0.0', 'r2_job': '0', 'replace_status': '0', 'part_status': '0', 'r1_protective_gas': '0', 'r1_welding_wire': '0', 'r2_protective_gas': '0', 'r2_welding_wire': '0', 'login_id': '\n\x00\x00\x00\x00\x00\x00\x00\x00\x00', 'login_password': '\n\x00\x00\x00\x00\x00\x00\x00\x00\x00'}
2021-03-02  09:10:44 Tue root INFO ('\n\x00\x00\x00\x00\x00\x00\x00\x00\x00', '0', '0', 0, '0', '0', '0.0', '0.0', '0.0', '0', '0', '0', '0.0', '0.0', '0.0', '0', '0', '0', '0', '0', '0', '\n\x00\x00\x00\x00\x00\x00\x00\x00\x00', '\n\x00\x00\x00\x00\x00\x00\x00\x00\x00', '0', '0', '2021-03-02 09:10:44')
2021-03-02  09:10:44 Tue root INFO 成功添加数据
2021-03-02  09:12:05 Tue root INFO PLC6连接失败
2021-03-02  09:12:05 Tue root INFO plc连接状态:[1, 1, 1, 1, 1, 0]
2021-03-02  09:12:05 Tue root INFO mes_plc
2021-03-02  09:12:05 Tue root INFO 读取插入数据库数据：{'product_type': '\n\x07250 ZDG\x00', 'r1_equipment_status': '7329', 'fail_code': '5', 'recerve': '0', 'prod_num': 33, 'r1_rob_no': '104', 'r1_weld_line_no': '0', 'r1_electric': '182.60995483398438', 'r1_voltage': '13.295717239379883', 'r1_speed': '0.0', 'r1_job': '0', 'r2_rob_no': '0', 'r2_weld_line_no': '0', 'r2_electric': '0.0', 'r2_voltage': '0.0', 'r2_speed': '0.0', 'r2_job': '0', 'replace_status': '0', 'part_status': '0', 'r1_protective_gas': '0', 'r1_welding_wire': '0', 'r2_protective_gas': '0', 'r2_welding_wire': '0', 'login_id': '\n\x00\x00\x00\x00\x00\x00\x00\x00\x00', 'login_password': '\n\x00\x00\x00\x00\x00\x00\x00\x00\x00'}
2021-03-02  09:12:05 Tue root INFO ('\n\x07250 ZDG\x00', '7329', '5', 33, '104', '0', '182.60995483398438', '13.295717239379883', '0.0', '0', '0', '0', '0.0', '0.0', '0.0', '0', '0', '0', '0', '0', '0', '\n\x00\x00\x00\x00\x00\x00\x00\x00\x00', '\n\x00\x00\x00\x00\x00\x00\x00\x00\x00', '0', '0', '2021-03-02 09:12:05')
2021-03-02  09:12:05 Tue root INFO 成功添加数据
2021-03-02  09:12:05 Tue root INFO mes_plc_r2
2021-03-02  09:12:05 Tue root INFO 读取插入数据库数据：{'product_type': '\n\x07250 TJ1\x00', 'r1_equipment_status': '0', 'fail_code': '0', 'recerve': '0', 'prod_num': 409, 'r1_rob_no': '4', 'r1_weld_line_no': '0', 'r1_electric': '0.0', 'r1_voltage': '0.0', 'r1_speed': '0.0', 'r1_job': '0', 'r2_rob_no': '0', 'r2_weld_line_no': '0', 'r2_electric': '0.0', 'r2_voltage': '0.0', 'r2_speed': '0.0', 'r2_job': '0', 'replace_status': '0', 'part_status': '0', 'r1_protective_gas': '0', 'r1_welding_wire': '0', 'r2_protective_gas': '0', 'r2_welding_wire': '0', 'login_id': '\n\x00\x00\x00\x00\x00\x00\x00\x00\x00', 'login_password': '\n\x00\x00\x00\x00\x00\x00\x00\x00\x00'}
2021-03-02  09:12:05 Tue root INFO ('\n\x07250 TJ1\x00', '0', '0', 409, '4', '0', '0.0', '0.0', '0.0', '0', '0', '0', '0.0', '0.0', '0.0', '0', '0', '0', '0', '0', '0', '\n\x00\x00\x00\x00\x00\x00\x00\x00\x00', '\n\x00\x00\x00\x00\x00\x00\x00\x00\x00', '0', '0', '2021-03-02 09:12:05')
2021-03-02  09:12:05 Tue root INFO 成功添加数据
2021-03-02  09:12:05 Tue root INFO mes_plc_r3
2021-03-02  09:12:06 Tue root INFO 读取插入数据库数据：{'product_type': '\n\x07250 TJ3\x00', 'r1_equipment_status': '0', 'fail_code': '0', 'recerve': '0', 'prod_num': 410, 'r1_rob_no': '4', 'r1_weld_line_no': '0', 'r1_electric': '184.82350158691406', 'r1_voltage': '14.087818145751953', 'r1_speed': '0.0', 'r1_job': '0', 'r2_rob_no': '0', 'r2_weld_line_no': '0', 'r2_electric': '0.0', 'r2_voltage': '0.0', 'r2_speed': '0.0', 'r2_job': '0', 'replace_status': '0', 'part_status': '0', 'r1_protective_gas': '0', 'r1_welding_wire': '0', 'r2_protective_gas': '0', 'r2_welding_wire': '0', 'login_id': '\n\x00\x00\x00\x00\x00\x00\x00\x00\x00', 'login_password': '\n\x00\x00\x00\x00\x00\x00\x00\x00\x00'}
2021-03-02  09:12:06 Tue root INFO ('\n\x07250 TJ3\x00', '0', '0', 410, '4', '0', '184.82350158691406', '14.087818145751953', '0.0', '0', '0', '0', '0.0', '0.0', '0.0', '0', '0', '0', '0', '0', '0', '\n\x00\x00\x00\x00\x00\x00\x00\x00\x00', '\n\x00\x00\x00\x00\x00\x00\x00\x00\x00', '0', '0', '2021-03-02 09:12:06')
2021-03-02  09:12:06 Tue root INFO 成功添加数据
2021-03-02  09:12:06 Tue root INFO mes_plc_r4
2021-03-02  09:12:06 Tue root INFO 读取插入数据库数据：{'product_type': '\n\x02AA\x00\x00\x00\x00\x00\x00', 'r1_equipment_status': '2562', 'fail_code': '16962', 'recerve': '0', 'prod_num': 0, 'r1_rob_no': '0', 'r1_weld_line_no': '0', 'r1_electric': '6.385858562716382e-22', 'r1_voltage': '1.401298464324817e-45', 'r1_speed': '4.5917748078995606e-39', 'r1_job': '17208', 'r2_rob_no': '27421', 'r2_weld_line_no': '16721', 'r2_electric': '-1.8643001861668443e-31', 'r2_voltage': '0.0', 'r2_speed': '0.0', 'r2_job': '0', 'replace_status': '0', 'part_status': '0', 'r1_protective_gas': '0', 'r1_welding_wire': '0', 'r2_protective_gas': '0', 'r2_welding_wire': '0', 'login_id': '\x00\x00\x00\x00\x00\x0c\x00\x00\x00\x00', 'login_password': '\n\x00\x00\x00\x00\x00\x00\x00\x00\x00'}
2021-03-02  09:12:06 Tue root INFO ('\n\x02AA\x00\x00\x00\x00\x00\x00', '2562', '16962', 0, '0', '0', '6.385858562716382e-22', '1.401298464324817e-45', '4.5917748078995606e-39', '17208', '27421', '16721', '-1.8643001861668443e-31', '0.0', '0.0', '0', '0', '0', '0', '0', '0', '\x00\x00\x00\x00\x00\x0c\x00\x00\x00\x00', '\n\x00\x00\x00\x00\x00\x00\x00\x00\x00', '0', '0', '2021-03-02 09:12:06')
2021-03-02  09:12:06 Tue root INFO 成功添加数据
2021-03-02  09:12:06 Tue root INFO mes_plc_r5
2021-03-02  09:12:06 Tue root INFO 读取插入数据库数据：{'product_type': '\n\x00\x00\x00\x00\x00\x00\x00\x00\x00', 'r1_equipment_status': '0', 'fail_code': '0', 'recerve': '0', 'prod_num': 0, 'r1_rob_no': '0', 'r1_weld_line_no': '0', 'r1_electric': '0.0', 'r1_voltage': '0.0', 'r1_speed': '0.0', 'r1_job': '0', 'r2_rob_no': '0', 'r2_weld_line_no': '0', 'r2_electric': '0.0', 'r2_voltage': '0.0', 'r2_speed': '0.0', 'r2_job': '0', 'replace_status': '0', 'part_status': '0', 'r1_protective_gas': '0', 'r1_welding_wire': '0', 'r2_protective_gas': '0', 'r2_welding_wire': '0', 'login_id': '\n\x00\x00\x00\x00\x00\x00\x00\x00\x00', 'login_password': '\n\x00\x00\x00\x00\x00\x00\x00\x00\x00'}
2021-03-02  09:12:06 Tue root INFO ('\n\x00\x00\x00\x00\x00\x00\x00\x00\x00', '0', '0', 0, '0', '0', '0.0', '0.0', '0.0', '0', '0', '0', '0.0', '0.0', '0.0', '0', '0', '0', '0', '0', '0', '\n\x00\x00\x00\x00\x00\x00\x00\x00\x00', '\n\x00\x00\x00\x00\x00\x00\x00\x00\x00', '0', '0', '2021-03-02 09:12:06')
2021-03-02  09:12:07 Tue root INFO 成功添加数据
2021-03-02  09:13:28 Tue root INFO PLC6连接失败
2021-03-02  09:13:28 Tue root INFO plc连接状态:[1, 1, 1, 1, 1, 0]
2021-03-02  09:13:28 Tue root INFO mes_plc
2021-03-02  09:13:28 Tue root INFO 读取插入数据库数据：{'product_type': '\n\x07250 YDG\x00', 'r1_equipment_status': '7283', 'fail_code': '5', 'recerve': '0', 'prod_num': 33, 'r1_rob_no': '4', 'r1_weld_line_no': '0', 'r1_electric': '182.4652862548828', 'r1_voltage': '118.51490783691406', 'r1_speed': '0.0', 'r1_job': '0', 'r2_rob_no': '0', 'r2_weld_line_no': '0', 'r2_electric': '0.0', 'r2_voltage': '0.0', 'r2_speed': '0.0', 'r2_job': '0', 'replace_status': '0', 'part_status': '0', 'r1_protective_gas': '0', 'r1_welding_wire': '0', 'r2_protective_gas': '0', 'r2_welding_wire': '0', 'login_id': '\n\x00\x00\x00\x00\x00\x00\x00\x00\x00', 'login_password': '\n\x00\x00\x00\x00\x00\x00\x00\x00\x00'}
2021-03-02  09:13:28 Tue root INFO ('\n\x07250 YDG\x00', '7283', '5', 33, '4', '0', '182.4652862548828', '118.51490783691406', '0.0', '0', '0', '0', '0.0', '0.0', '0.0', '0', '0', '0', '0', '0', '0', '\n\x00\x00\x00\x00\x00\x00\x00\x00\x00', '\n\x00\x00\x00\x00\x00\x00\x00\x00\x00', '0', '0', '2021-03-02 09:13:28')
2021-03-02  09:13:28 Tue root INFO 成功添加数据
2021-03-02  09:13:28 Tue root INFO mes_plc_r2
2021-03-02  09:13:28 Tue root INFO 读取插入数据库数据：{'product_type': '\n\x07250 TJ1\x00', 'r1_equipment_status': '0', 'fail_code': '0', 'recerve': '0', 'prod_num': 409, 'r1_rob_no': '4', 'r1_weld_line_no': '0', 'r1_electric': '0.0', 'r1_voltage': '0.0', 'r1_speed': '0.0', 'r1_job': '0', 'r2_rob_no': '0', 'r2_weld_line_no': '0', 'r2_electric': '0.0', 'r2_voltage': '0.0', 'r2_speed': '0.0', 'r2_job': '0', 'replace_status': '0', 'part_status': '0', 'r1_protective_gas': '0', 'r1_welding_wire': '0', 'r2_protective_gas': '0', 'r2_welding_wire': '0', 'login_id': '\n\x00\x00\x00\x00\x00\x00\x00\x00\x00', 'login_password': '\n\x00\x00\x00\x00\x00\x00\x00\x00\x00'}
2021-03-02  09:13:28 Tue root INFO ('\n\x07250 TJ1\x00', '0', '0', 409, '4', '0', '0.0', '0.0', '0.0', '0', '0', '0', '0.0', '0.0', '0.0', '0', '0', '0', '0', '0', '0', '\n\x00\x00\x00\x00\x00\x00\x00\x00\x00', '\n\x00\x00\x00\x00\x00\x00\x00\x00\x00', '0', '0', '2021-03-02 09:13:28')
2021-03-02  09:13:28 Tue root INFO 成功添加数据
2021-03-02  09:13:28 Tue root INFO mes_plc_r3
2021-03-02  09:13:28 Tue root INFO 读取插入数据库数据：{'product_type': '\n\x07250 TJ3\x00', 'r1_equipment_status': '0', 'fail_code': '0', 'recerve': '0', 'prod_num': 410, 'r1_rob_no': '4', 'r1_weld_line_no': '0', 'r1_electric': '184.7945556640625', 'r1_voltage': '14.076967239379883', 'r1_speed': '0.0', 'r1_job': '0', 'r2_rob_no': '0', 'r2_weld_line_no': '0', 'r2_electric': '0.0', 'r2_voltage': '0.0', 'r2_speed': '0.0', 'r2_job': '0', 'replace_status': '0', 'part_status': '0', 'r1_protective_gas': '0', 'r1_welding_wire': '0', 'r2_protective_gas': '0', 'r2_welding_wire': '0', 'login_id': '\n\x00\x00\x00\x00\x00\x00\x00\x00\x00', 'login_password': '\n\x00\x00\x00\x00\x00\x00\x00\x00\x00'}
2021-03-02  09:13:28 Tue root INFO ('\n\x07250 TJ3\x00', '0', '0', 410, '4', '0', '184.7945556640625', '14.076967239379883', '0.0', '0', '0', '0', '0.0', '0.0', '0.0', '0', '0', '0', '0', '0', '0', '\n\x00\x00\x00\x00\x00\x00\x00\x00\x00', '\n\x00\x00\x00\x00\x00\x00\x00\x00\x00', '0', '0', '2021-03-02 09:13:28')
2021-03-02  09:13:28 Tue root INFO 成功添加数据
2021-03-02  09:13:28 Tue root INFO mes_plc_r4
2021-03-02  09:13:29 Tue root INFO 读取插入数据库数据：{'product_type': '\n\x02BB\x00\x00\x00\x00\x00\x00', 'r1_equipment_status': '2562', 'fail_code': '16962', 'recerve': '0', 'prod_num': 0, 'r1_rob_no': '0', 'r1_weld_line_no': '0', 'r1_electric': '9.727692471237622e-22', 'r1_voltage': '2.802596928649634e-45', 'r1_speed': '1.3775324423698682e-38', 'r1_job': '17208', 'r2_rob_no': '31213', 'r2_weld_line_no': '16721', 'r2_electric': '3.6893488147419103e+19', 'r2_voltage': '0.0', 'r2_speed': '0.0', 'r2_job': '0', 'replace_status': '0', 'part_status': '0', 'r1_protective_gas': '0', 'r1_welding_wire': '0', 'r2_protective_gas': '0', 'r2_welding_wire': '0', 'login_id': '\x00\x00\x00\x00\x00\x04\x00\x00\x00\x00', 'login_password': '\n\x00\x00\x00\x00\x00\x00\x00\x00\x00'}
2021-03-02  09:13:29 Tue root INFO ('\n\x02BB\x00\x00\x00\x00\x00\x00', '2562', '16962', 0, '0', '0', '9.727692471237622e-22', '2.802596928649634e-45', '1.3775324423698682e-38', '17208', '31213', '16721', '3.6893488147419103e+19', '0.0', '0.0', '0', '0', '0', '0', '0', '0', '\x00\x00\x00\x00\x00\x04\x00\x00\x00\x00', '\n\x00\x00\x00\x00\x00\x00\x00\x00\x00', '0', '0', '2021-03-02 09:13:29')
2021-03-02  09:13:29 Tue root INFO 成功添加数据
2021-03-02  09:13:29 Tue root INFO mes_plc_r5
2021-03-02  09:13:29 Tue root INFO 读取插入数据库数据：{'product_type': '\n\x00\x00\x00\x00\x00\x00\x00\x00\x00', 'r1_equipment_status': '0', 'fail_code': '0', 'recerve': '0', 'prod_num': 0, 'r1_rob_no': '0', 'r1_weld_line_no': '0', 'r1_electric': '0.0', 'r1_voltage': '0.0', 'r1_speed': '0.0', 'r1_job': '0', 'r2_rob_no': '0', 'r2_weld_line_no': '0', 'r2_electric': '0.0', 'r2_voltage': '0.0', 'r2_speed': '0.0', 'r2_job': '0', 'replace_status': '0', 'part_status': '0', 'r1_protective_gas': '0', 'r1_welding_wire': '0', 'r2_protective_gas': '0', 'r2_welding_wire': '0', 'login_id': '\n\x00\x00\x00\x00\x00\x00\x00\x00\x00', 'login_password': '\n\x00\x00\x00\x00\x00\x00\x00\x00\x00'}
2021-03-02  09:13:29 Tue root INFO ('\n\x00\x00\x00\x00\x00\x00\x00\x00\x00', '0', '0', 0, '0', '0', '0.0', '0.0', '0.0', '0', '0', '0', '0.0', '0.0', '0.0', '0', '0', '0', '0', '0', '0', '\n\x00\x00\x00\x00\x00\x00\x00\x00\x00', '\n\x00\x00\x00\x00\x00\x00\x00\x00\x00', '0', '0', '2021-03-02 09:13:29')
2021-03-02  09:13:29 Tue root INFO 成功添加数据
2021-03-02  09:14:50 Tue root INFO PLC6连接失败
2021-03-02  09:14:50 Tue root INFO plc连接状态:[1, 1, 1, 1, 1, 0]
2021-03-02  09:14:50 Tue root INFO mes_plc
2021-03-02  09:14:50 Tue root INFO 读取插入数据库数据：{'product_type': '\n\x07250 YDG\x00', 'r1_equipment_status': '7329', 'fail_code': '5', 'recerve': '0', 'prod_num': 33, 'r1_rob_no': '4', 'r1_weld_line_no': '0', 'r1_electric': '182.58102416992188', 'r1_voltage': '13.29210090637207', 'r1_speed': '0.0', 'r1_job': '0', 'r2_rob_no': '0', 'r2_weld_line_no': '0', 'r2_electric': '0.0', 'r2_voltage': '0.0', 'r2_speed': '0.0', 'r2_job': '0', 'replace_status': '0', 'part_status': '0', 'r1_protective_gas': '0', 'r1_welding_wire': '0', 'r2_protective_gas': '0', 'r2_welding_wire': '0', 'login_id': '\n\x00\x00\x00\x00\x00\x00\x00\x00\x00', 'login_password': '\n\x00\x00\x00\x00\x00\x00\x00\x00\x00'}
2021-03-02  09:14:50 Tue root INFO ('\n\x07250 YDG\x00', '7329', '5', 33, '4', '0', '182.58102416992188', '13.29210090637207', '0.0', '0', '0', '0', '0.0', '0.0', '0.0', '0', '0', '0', '0', '0', '0', '\n\x00\x00\x00\x00\x00\x00\x00\x00\x00', '\n\x00\x00\x00\x00\x00\x00\x00\x00\x00', '0', '0', '2021-03-02 09:14:50')
2021-03-02  09:14:51 Tue root INFO 成功添加数据
2021-03-02  09:14:51 Tue root INFO mes_plc_r2
2021-03-02  09:14:51 Tue root INFO 读取插入数据库数据：{'product_type': '\n\x07250 TJ1\x00', 'r1_equipment_status': '0', 'fail_code': '0', 'recerve': '0', 'prod_num': 409, 'r1_rob_no': '4', 'r1_weld_line_no': '0', 'r1_electric': '0.0', 'r1_voltage': '0.0', 'r1_speed': '0.0', 'r1_job': '0', 'r2_rob_no': '0', 'r2_weld_line_no': '0', 'r2_electric': '0.0', 'r2_voltage': '0.0', 'r2_speed': '0.0', 'r2_job': '0', 'replace_status': '0', 'part_status': '0', 'r1_protective_gas': '0', 'r1_welding_wire': '0', 'r2_protective_gas': '0', 'r2_welding_wire': '0', 'login_id': '\n\x00\x00\x00\x00\x00\x00\x00\x00\x00', 'login_password': '\n\x00\x00\x00\x00\x00\x00\x00\x00\x00'}
2021-03-02  09:14:51 Tue root INFO ('\n\x07250 TJ1\x00', '0', '0', 409, '4', '0', '0.0', '0.0', '0.0', '0', '0', '0', '0.0', '0.0', '0.0', '0', '0', '0', '0', '0', '0', '\n\x00\x00\x00\x00\x00\x00\x00\x00\x00', '\n\x00\x00\x00\x00\x00\x00\x00\x00\x00', '0', '0', '2021-03-02 09:14:51')
2021-03-02  09:14:51 Tue root INFO 成功添加数据
2021-03-02  09:14:51 Tue root INFO mes_plc_r3
2021-03-02  09:14:51 Tue root INFO 读取插入数据库数据：{'product_type': '\n\x07250 TJ3\x00', 'r1_equipment_status': '0', 'fail_code': '0', 'recerve': '0', 'prod_num': 410, 'r1_rob_no': '4', 'r1_weld_line_no': '0', 'r1_electric': '184.89584350585938', 'r1_voltage': '14.076967239379883', 'r1_speed': '0.0', 'r1_job': '0', 'r2_rob_no': '0', 'r2_weld_line_no': '0', 'r2_electric': '0.0', 'r2_voltage': '0.0', 'r2_speed': '0.0', 'r2_job': '0', 'replace_status': '0', 'part_status': '0', 'r1_protective_gas': '0', 'r1_welding_wire': '0', 'r2_protective_gas': '0', 'r2_welding_wire': '0', 'login_id': '\n\x00\x00\x00\x00\x00\x00\x00\x00\x00', 'login_password': '\n\x00\x00\x00\x00\x00\x00\x00\x00\x00'}
2021-03-02  09:14:51 Tue root INFO ('\n\x07250 TJ3\x00', '0', '0', 410, '4', '0', '184.89584350585938', '14.076967239379883', '0.0', '0', '0', '0', '0.0', '0.0', '0.0', '0', '0', '0', '0', '0', '0', '\n\x00\x00\x00\x00\x00\x00\x00\x00\x00', '\n\x00\x00\x00\x00\x00\x00\x00\x00\x00', '0', '0', '2021-03-02 09:14:51')
2021-03-02  09:14:51 Tue root INFO 成功添加数据
2021-03-02  09:14:51 Tue root INFO mes_plc_r4
2021-03-02  09:14:51 Tue root INFO 读取插入数据库数据：{'product_type': '\n\x02BB\x00\x00\x00\x00\x00\x00', 'r1_equipment_status': '2562', 'fail_code': '16962', 'recerve': '0', 'prod_num': 0, 'r1_rob_no': '0', 'r1_weld_line_no': '0', 'r1_electric': '9.727692471237622e-22', 'r1_voltage': '5.605193857299268e-45', 'r1_speed': '1.3775324423698682e-38', 'r1_job': '17208', 'r2_rob_no': '27421', 'r2_weld_line_no': '16721', 'r2_electric': '3.6893488147419103e+19', 'r2_voltage': '0.0', 'r2_speed': '0.0', 'r2_job': '0', 'replace_status': '0', 'part_status': '0', 'r1_protective_gas': '0', 'r1_welding_wire': '0', 'r2_protective_gas': '0', 'r2_welding_wire': '0', 'login_id': '\x00\x00\x00\x00\x00 \x00\x00\x00\x00', 'login_password': '\n\x00\x00\x00\x00\x00\x00\x00\x00\x00'}
2021-03-02  09:14:51 Tue root INFO ('\n\x02BB\x00\x00\x00\x00\x00\x00', '2562', '16962', 0, '0', '0', '9.727692471237622e-22', '5.605193857299268e-45', '1.3775324423698682e-38', '17208', '27421', '16721', '3.6893488147419103e+19', '0.0', '0.0', '0', '0', '0', '0', '0', '0', '\x00\x00\x00\x00\x00 \x00\x00\x00\x00', '\n\x00\x00\x00\x00\x00\x00\x00\x00\x00', '0', '0', '2021-03-02 09:14:51')
2021-03-02  09:14:52 Tue root INFO 成功添加数据
2021-03-02  09:14:52 Tue root INFO mes_plc_r5
2021-03-02  09:14:52 Tue root INFO 读取插入数据库数据：{'product_type': '\n\x00\x00\x00\x00\x00\x00\x00\x00\x00', 'r1_equipment_status': '0', 'fail_code': '0', 'recerve': '0', 'prod_num': 0, 'r1_rob_no': '0', 'r1_weld_line_no': '0', 'r1_electric': '0.0', 'r1_voltage': '0.0', 'r1_speed': '0.0', 'r1_job': '0', 'r2_rob_no': '0', 'r2_weld_line_no': '0', 'r2_electric': '0.0', 'r2_voltage': '0.0', 'r2_speed': '0.0', 'r2_job': '0', 'replace_status': '0', 'part_status': '0', 'r1_protective_gas': '0', 'r1_welding_wire': '0', 'r2_protective_gas': '0', 'r2_welding_wire': '0', 'login_id': '\n\x00\x00\x00\x00\x00\x00\x00\x00\x00', 'login_password': '\n\x00\x00\x00\x00\x00\x00\x00\x00\x00'}
2021-03-02  09:14:52 Tue root INFO ('\n\x00\x00\x00\x00\x00\x00\x00\x00\x00', '0', '0', 0, '0', '0', '0.0', '0.0', '0.0', '0', '0', '0', '0.0', '0.0', '0.0', '0', '0', '0', '0', '0', '0', '\n\x00\x00\x00\x00\x00\x00\x00\x00\x00', '\n\x00\x00\x00\x00\x00\x00\x00\x00\x00', '0', '0', '2021-03-02 09:14:52')
2021-03-02  09:14:52 Tue root INFO 成功添加数据
2021-03-02  09:16:13 Tue root INFO PLC6连接失败
2021-03-02  09:16:13 Tue root INFO plc连接状态:[1, 1, 1, 1, 1, 0]
2021-03-02  09:16:13 Tue root INFO mes_plc
2021-03-02  09:16:13 Tue root INFO 读取插入数据库数据：{'product_type': '\n\x07250 ZDG\x00', 'r1_equipment_status': '7329', 'fail_code': '5', 'recerve': '0', 'prod_num': 34, 'r1_rob_no': '104', 'r1_weld_line_no': '0', 'r1_electric': '182.53761291503906', 'r1_voltage': '13.321036338806152', 'r1_speed': '0.0', 'r1_job': '0', 'r2_rob_no': '0', 'r2_weld_line_no': '0', 'r2_electric': '0.0', 'r2_voltage': '0.0', 'r2_speed': '0.0', 'r2_job': '0', 'replace_status': '0', 'part_status': '0', 'r1_protective_gas': '0', 'r1_welding_wire': '0', 'r2_protective_gas': '0', 'r2_welding_wire': '0', 'login_id': '\n\x00\x00\x00\x00\x00\x00\x00\x00\x00', 'login_password': '\n\x00\x00\x00\x00\x00\x00\x00\x00\x00'}
2021-03-02  09:16:13 Tue root INFO ('\n\x07250 ZDG\x00', '7329', '5', 34, '104', '0', '182.53761291503906', '13.321036338806152', '0.0', '0', '0', '0', '0.0', '0.0', '0.0', '0', '0', '0', '0', '0', '0', '\n\x00\x00\x00\x00\x00\x00\x00\x00\x00', '\n\x00\x00\x00\x00\x00\x00\x00\x00\x00', '0', '0', '2021-03-02 09:16:13')
2021-03-02  09:16:13 Tue root INFO 成功添加数据
2021-03-02  09:16:13 Tue root INFO mes_plc_r2
2021-03-02  09:16:13 Tue root INFO 读取插入数据库数据：{'product_type': '\n\x07250 TJ1\x00', 'r1_equipment_status': '0', 'fail_code': '0', 'recerve': '0', 'prod_num': 409, 'r1_rob_no': '4', 'r1_weld_line_no': '0', 'r1_electric': '0.0', 'r1_voltage': '0.0', 'r1_speed': '0.0', 'r1_job': '0', 'r2_rob_no': '0', 'r2_weld_line_no': '0', 'r2_electric': '0.0', 'r2_voltage': '0.0', 'r2_speed': '0.0', 'r2_job': '0', 'replace_status': '0', 'part_status': '0', 'r1_protective_gas': '0', 'r1_welding_wire': '0', 'r2_protective_gas': '0', 'r2_welding_wire': '0', 'login_id': '\n\x00\x00\x00\x00\x00\x00\x00\x00\x00', 'login_password': '\n\x00\x00\x00\x00\x00\x00\x00\x00\x00'}
2021-03-02  09:16:13 Tue root INFO ('\n\x07250 TJ1\x00', '0', '0', 409, '4', '0', '0.0', '0.0', '0.0', '0', '0', '0', '0.0', '0.0', '0.0', '0', '0', '0', '0', '0', '0', '\n\x00\x00\x00\x00\x00\x00\x00\x00\x00', '\n\x00\x00\x00\x00\x00\x00\x00\x00\x00', '0', '0', '2021-03-02 09:16:13')
2021-03-02  09:16:14 Tue root INFO 成功添加数据
2021-03-02  09:16:14 Tue root INFO mes_plc_r3
2021-03-02  09:16:14 Tue root INFO 读取插入数据库数据：{'product_type': '\n\x07250 TJ3\x00', 'r1_equipment_status': '0', 'fail_code': '0', 'recerve': '0', 'prod_num': 410, 'r1_rob_no': '4', 'r1_weld_line_no': '0', 'r1_electric': '184.89584350585938', 'r1_voltage': '14.076967239379883', 'r1_speed': '0.0', 'r1_job': '0', 'r2_rob_no': '0', 'r2_weld_line_no': '0', 'r2_electric': '0.0', 'r2_voltage': '0.0', 'r2_speed': '0.0', 'r2_job': '0', 'replace_status': '0', 'part_status': '0', 'r1_protective_gas': '0', 'r1_welding_wire': '0', 'r2_protective_gas': '0', 'r2_welding_wire': '0', 'login_id': '\n\x00\x00\x00\x00\x00\x00\x00\x00\x00', 'login_password': '\n\x00\x00\x00\x00\x00\x00\x00\x00\x00'}
2021-03-02  09:16:14 Tue root INFO ('\n\x07250 TJ3\x00', '0', '0', 410, '4', '0', '184.89584350585938', '14.076967239379883', '0.0', '0', '0', '0', '0.0', '0.0', '0.0', '0', '0', '0', '0', '0', '0', '\n\x00\x00\x00\x00\x00\x00\x00\x00\x00', '\n\x00\x00\x00\x00\x00\x00\x00\x00\x00', '0', '0', '2021-03-02 09:16:14')
2021-03-02  09:16:14 Tue root INFO 成功添加数据
2021-03-02  09:16:14 Tue root INFO mes_plc_r4
2021-03-02  09:16:14 Tue root INFO 读取插入数据库数据：{'product_type': '\n\x02BB\x00\x00\x00\x00\x00\x00', 'r1_equipment_status': '2562', 'fail_code': '16962', 'recerve': '0', 'prod_num': 0, 'r1_rob_no': '0', 'r1_weld_line_no': '0', 'r1_electric': '9.727692471237622e-22', 'r1_voltage': '2.802596928649634e-45', 'r1_speed': '1.3775324423698682e-38', 'r1_job': '17208', 'r2_rob_no': '32161', 'r2_weld_line_no': '16721', 'r2_electric': '-1.8643001861668443e-31', 'r2_voltage': '0.0', 'r2_speed': '0.0', 'r2_job': '0', 'replace_status': '0', 'part_status': '0', 'r1_protective_gas': '0', 'r1_welding_wire': '0', 'r2_protective_gas': '0', 'r2_welding_wire': '0', 'login_id': '\x00\x00\x00\x00\x00 \x00\x00\x00\x00', 'login_password': '\n\x00\x00\x00\x00\x00\x00\x00\x00\x00'}
2021-03-02  09:16:14 Tue root INFO ('\n\x02BB\x00\x00\x00\x00\x00\x00', '2562', '16962', 0, '0', '0', '9.727692471237622e-22', '2.802596928649634e-45', '1.3775324423698682e-38', '17208', '32161', '16721', '-1.8643001861668443e-31', '0.0', '0.0', '0', '0', '0', '0', '0', '0', '\x00\x00\x00\x00\x00 \x00\x00\x00\x00', '\n\x00\x00\x00\x00\x00\x00\x00\x00\x00', '0', '0', '2021-03-02 09:16:14')
2021-03-02  09:16:14 Tue root INFO 成功添加数据
2021-03-02  09:16:14 Tue root INFO mes_plc_r5
2021-03-02  09:16:15 Tue root INFO 读取插入数据库数据：{'product_type': '\n\x00\x00\x00\x00\x00\x00\x00\x00\x00', 'r1_equipment_status': '0', 'fail_code': '0', 'recerve': '0', 'prod_num': 0, 'r1_rob_no': '0', 'r1_weld_line_no': '0', 'r1_electric': '0.0', 'r1_voltage': '0.0', 'r1_speed': '0.0', 'r1_job': '0', 'r2_rob_no': '0', 'r2_weld_line_no': '0', 'r2_electric': '0.0', 'r2_voltage': '0.0', 'r2_speed': '0.0', 'r2_job': '0', 'replace_status': '0', 'part_status': '0', 'r1_protective_gas': '0', 'r1_welding_wire': '0', 'r2_protective_gas': '0', 'r2_welding_wire': '0', 'login_id': '\n\x00\x00\x00\x00\x00\x00\x00\x00\x00', 'login_password': '\n\x00\x00\x00\x00\x00\x00\x00\x00\x00'}
2021-03-02  09:16:15 Tue root INFO ('\n\x00\x00\x00\x00\x00\x00\x00\x00\x00', '0', '0', 0, '0', '0', '0.0', '0.0', '0.0', '0', '0', '0', '0.0', '0.0', '0.0', '0', '0', '0', '0', '0', '0', '\n\x00\x00\x00\x00\x00\x00\x00\x00\x00', '\n\x00\x00\x00\x00\x00\x00\x00\x00\x00', '0', '0', '2021-03-02 09:16:15')
2021-03-02  09:16:15 Tue root INFO 成功添加数据
2021-03-02  09:17:36 Tue root INFO PLC6连接失败
2021-03-02  09:17:36 Tue root INFO plc连接状态:[1, 1, 1, 1, 1, 0]
2021-03-02  09:17:36 Tue root INFO mes_plc
2021-03-02  09:17:36 Tue root INFO 读取插入数据库数据：{'product_type': '\n\x07250 ZDG\x00', 'r1_equipment_status': '7329', 'fail_code': '5', 'recerve': '0', 'prod_num': 34, 'r1_rob_no': '104', 'r1_weld_line_no': '0', 'r1_electric': '182.55209350585938', 'r1_voltage': '13.29210090637207', 'r1_speed': '0.0', 'r1_job': '0', 'r2_rob_no': '0', 'r2_weld_line_no': '0', 'r2_electric': '0.0', 'r2_voltage': '0.0', 'r2_speed': '0.0', 'r2_job': '0', 'replace_status': '0', 'part_status': '0', 'r1_protective_gas': '0', 'r1_welding_wire': '0', 'r2_protective_gas': '0', 'r2_welding_wire': '0', 'login_id': '\n\x00\x00\x00\x00\x00\x00\x00\x00\x00', 'login_password': '\n\x00\x00\x00\x00\x00\x00\x00\x00\x00'}
2021-03-02  09:17:36 Tue root INFO ('\n\x07250 ZDG\x00', '7329', '5', 34, '104', '0', '182.55209350585938', '13.29210090637207', '0.0', '0', '0', '0', '0.0', '0.0', '0.0', '0', '0', '0', '0', '0', '0', '\n\x00\x00\x00\x00\x00\x00\x00\x00\x00', '\n\x00\x00\x00\x00\x00\x00\x00\x00\x00', '0', '0', '2021-03-02 09:17:36')
2021-03-02  09:17:36 Tue root INFO 成功添加数据
2021-03-02  09:17:36 Tue root INFO mes_plc_r2
2021-03-02  09:17:36 Tue root INFO 读取插入数据库数据：{'product_type': '\n\x07250 TJ1\x00', 'r1_equipment_status': '0', 'fail_code': '0', 'recerve': '0', 'prod_num': 409, 'r1_rob_no': '4', 'r1_weld_line_no': '0', 'r1_electric': '0.0', 'r1_voltage': '0.0', 'r1_speed': '0.0', 'r1_job': '0', 'r2_rob_no': '0', 'r2_weld_line_no': '0', 'r2_electric': '0.0', 'r2_voltage': '0.0', 'r2_speed': '0.0', 'r2_job': '0', 'replace_status': '0', 'part_status': '0', 'r1_protective_gas': '0', 'r1_welding_wire': '0', 'r2_protective_gas': '0', 'r2_welding_wire': '0', 'login_id': '\n\x00\x00\x00\x00\x00\x00\x00\x00\x00', 'login_password': '\n\x00\x00\x00\x00\x00\x00\x00\x00\x00'}
2021-03-02  09:17:36 Tue root INFO ('\n\x07250 TJ1\x00', '0', '0', 409, '4', '0', '0.0', '0.0', '0.0', '0', '0', '0', '0.0', '0.0', '0.0', '0', '0', '0', '0', '0', '0', '\n\x00\x00\x00\x00\x00\x00\x00\x00\x00', '\n\x00\x00\x00\x00\x00\x00\x00\x00\x00', '0', '0', '2021-03-02 09:17:36')
2021-03-02  09:17:36 Tue root INFO 成功添加数据
2021-03-02  09:17:36 Tue root INFO mes_plc_r3
2021-03-02  09:17:37 Tue root INFO 读取插入数据库数据：{'product_type': '\n\x07250 TJ3\x00', 'r1_equipment_status': '0', 'fail_code': '0', 'recerve': '0', 'prod_num': 410, 'r1_rob_no': '4', 'r1_weld_line_no': '0', 'r1_electric': '184.89584350585938', 'r1_voltage': '14.069734573364258', 'r1_speed': '0.0', 'r1_job': '0', 'r2_rob_no': '0', 'r2_weld_line_no': '0', 'r2_electric': '0.0', 'r2_voltage': '0.0', 'r2_speed': '0.0', 'r2_job': '0', 'replace_status': '0', 'part_status': '0', 'r1_protective_gas': '0', 'r1_welding_wire': '0', 'r2_protective_gas': '0', 'r2_welding_wire': '0', 'login_id': '\n\x00\x00\x00\x00\x00\x00\x00\x00\x00', 'login_password': '\n\x00\x00\x00\x00\x00\x00\x00\x00\x00'}
2021-03-02  09:17:37 Tue root INFO ('\n\x07250 TJ3\x00', '0', '0', 410, '4', '0', '184.89584350585938', '14.069734573364258', '0.0', '0', '0', '0', '0.0', '0.0', '0.0', '0', '0', '0', '0', '0', '0', '\n\x00\x00\x00\x00\x00\x00\x00\x00\x00', '\n\x00\x00\x00\x00\x00\x00\x00\x00\x00', '0', '0', '2021-03-02 09:17:37')
2021-03-02  09:17:37 Tue root INFO 成功添加数据
2021-03-02  09:17:37 Tue root INFO mes_plc_r4
2021-03-02  09:17:37 Tue root INFO 读取插入数据库数据：{'product_type': '\n\x02BB\x00\x00\x00\x00\x00\x00', 'r1_equipment_status': '2562', 'fail_code': '16962', 'recerve': '0', 'prod_num': 0, 'r1_rob_no': '0', 'r1_weld_line_no': '0', 'r1_electric': '9.727692471237622e-22', 'r1_voltage': '2.802596928649634e-45', 'r1_speed': '1.3775324423698682e-38', 'r1_job': '17208', 'r2_rob_no': '31213', 'r2_weld_line_no': '16721', 'r2_electric': '-1.6047303883528737e-22', 'r2_voltage': '0.0', 'r2_speed': '0.0', 'r2_job': '0', 'replace_status': '0', 'part_status': '0', 'r1_protective_gas': '0', 'r1_welding_wire': '0', 'r2_protective_gas': '0', 'r2_welding_wire': '0', 'login_id': '\x00\x00\x00\x00\x00 \x00\x00\x00\x00', 'login_password': '\n\x00\x00\x00\x00\x00\x00\x00\x00\x00'}
2021-03-02  09:17:37 Tue root INFO ('\n\x02BB\x00\x00\x00\x00\x00\x00', '2562', '16962', 0, '0', '0', '9.727692471237622e-22', '2.802596928649634e-45', '1.3775324423698682e-38', '17208', '31213', '16721', '-1.6047303883528737e-22', '0.0', '0.0', '0', '0', '0', '0', '0', '0', '\x00\x00\x00\x00\x00 \x00\x00\x00\x00', '\n\x00\x00\x00\x00\x00\x00\x00\x00\x00', '0', '0', '2021-03-02 09:17:37')
2021-03-02  09:17:37 Tue root INFO 成功添加数据
2021-03-02  09:17:37 Tue root INFO mes_plc_r5
2021-03-02  09:17:37 Tue root INFO 读取插入数据库数据：{'product_type': '\n\x00\x00\x00\x00\x00\x00\x00\x00\x00', 'r1_equipment_status': '0', 'fail_code': '0', 'recerve': '0', 'prod_num': 0, 'r1_rob_no': '0', 'r1_weld_line_no': '0', 'r1_electric': '0.0', 'r1_voltage': '0.0', 'r1_speed': '0.0', 'r1_job': '0', 'r2_rob_no': '0', 'r2_weld_line_no': '0', 'r2_electric': '0.0', 'r2_voltage': '0.0', 'r2_speed': '0.0', 'r2_job': '0', 'replace_status': '0', 'part_status': '0', 'r1_protective_gas': '0', 'r1_welding_wire': '0', 'r2_protective_gas': '0', 'r2_welding_wire': '0', 'login_id': '\n\x00\x00\x00\x00\x00\x00\x00\x00\x00', 'login_password': '\n\x00\x00\x00\x00\x00\x00\x00\x00\x00'}
2021-03-02  09:17:37 Tue root INFO ('\n\x00\x00\x00\x00\x00\x00\x00\x00\x00', '0', '0', 0, '0', '0', '0.0', '0.0', '0.0', '0', '0', '0', '0.0', '0.0', '0.0', '0', '0', '0', '0', '0', '0', '\n\x00\x00\x00\x00\x00\x00\x00\x00\x00', '\n\x00\x00\x00\x00\x00\x00\x00\x00\x00', '0', '0', '2021-03-02 09:17:37')
2021-03-02  09:17:37 Tue root INFO 成功添加数据
2021-03-02  09:18:59 Tue root INFO PLC6连接失败
2021-03-02  09:18:59 Tue root INFO plc连接状态:[1, 1, 1, 1, 1, 0]
2021-03-02  09:18:59 Tue root INFO mes_plc
2021-03-02  09:18:59 Tue root INFO 读取插入数据库数据：{'product_type': '\n\x07250 ZDG\x00', 'r1_equipment_status': '7329', 'fail_code': '5', 'recerve': '0', 'prod_num': 34, 'r1_rob_no': '104', 'r1_weld_line_no': '0', 'r1_electric': '182.58102416992188', 'r1_voltage': '13.284866333007812', 'r1_speed': '0.0', 'r1_job': '0', 'r2_rob_no': '0', 'r2_weld_line_no': '0', 'r2_electric': '0.0', 'r2_voltage': '0.0', 'r2_speed': '0.0', 'r2_job': '0', 'replace_status': '0', 'part_status': '0', 'r1_protective_gas': '0', 'r1_welding_wire': '0', 'r2_protective_gas': '0', 'r2_welding_wire': '0', 'login_id': '\n\x00\x00\x00\x00\x00\x00\x00\x00\x00', 'login_password': '\n\x00\x00\x00\x00\x00\x00\x00\x00\x00'}
2021-03-02  09:18:59 Tue root INFO ('\n\x07250 ZDG\x00', '7329', '5', 34, '104', '0', '182.58102416992188', '13.284866333007812', '0.0', '0', '0', '0', '0.0', '0.0', '0.0', '0', '0', '0', '0', '0', '0', '\n\x00\x00\x00\x00\x00\x00\x00\x00\x00', '\n\x00\x00\x00\x00\x00\x00\x00\x00\x00', '0', '0', '2021-03-02 09:18:59')
2021-03-02  09:18:59 Tue root INFO 成功添加数据
2021-03-02  09:18:59 Tue root INFO mes_plc_r2
2021-03-02  09:18:59 Tue root INFO 读取插入数据库数据：{'product_type': '\n\x07250 TJ2\x00', 'r1_equipment_status': '0', 'fail_code': '0', 'recerve': '0', 'prod_num': 410, 'r1_rob_no': '104', 'r1_weld_line_no': '0', 'r1_electric': '0.0', 'r1_voltage': '0.0', 'r1_speed': '0.0', 'r1_job': '0', 'r2_rob_no': '0', 'r2_weld_line_no': '0', 'r2_electric': '0.0', 'r2_voltage': '0.0', 'r2_speed': '0.0', 'r2_job': '0', 'replace_status': '0', 'part_status': '0', 'r1_protective_gas': '0', 'r1_welding_wire': '0', 'r2_protective_gas': '0', 'r2_welding_wire': '0', 'login_id': '\n\x00\x00\x00\x00\x00\x00\x00\x00\x00', 'login_password': '\n\x00\x00\x00\x00\x00\x00\x00\x00\x00'}
2021-03-02  09:18:59 Tue root INFO ('\n\x07250 TJ2\x00', '0', '0', 410, '104', '0', '0.0', '0.0', '0.0', '0', '0', '0', '0.0', '0.0', '0.0', '0', '0', '0', '0', '0', '0', '\n\x00\x00\x00\x00\x00\x00\x00\x00\x00', '\n\x00\x00\x00\x00\x00\x00\x00\x00\x00', '0', '0', '2021-03-02 09:18:59')
2021-03-02  09:18:59 Tue root INFO 成功添加数据
2021-03-02  09:18:59 Tue root INFO mes_plc_r3
2021-03-02  09:18:59 Tue root INFO 读取插入数据库数据：{'product_type': '\n\x07250 TJ3\x00', 'r1_equipment_status': '0', 'fail_code': '0', 'recerve': '0', 'prod_num': 410, 'r1_rob_no': '4', 'r1_weld_line_no': '0', 'r1_electric': '184.96817016601562', 'r1_voltage': '14.058883666992188', 'r1_speed': '0.0', 'r1_job': '0', 'r2_rob_no': '0', 'r2_weld_line_no': '0', 'r2_electric': '0.0', 'r2_voltage': '0.0', 'r2_speed': '0.0', 'r2_job': '0', 'replace_status': '0', 'part_status': '0', 'r1_protective_gas': '0', 'r1_welding_wire': '0', 'r2_protective_gas': '0', 'r2_welding_wire': '0', 'login_id': '\n\x00\x00\x00\x00\x00\x00\x00\x00\x00', 'login_password': '\n\x00\x00\x00\x00\x00\x00\x00\x00\x00'}
2021-03-02  09:18:59 Tue root INFO ('\n\x07250 TJ3\x00', '0', '0', 410, '4', '0', '184.96817016601562', '14.058883666992188', '0.0', '0', '0', '0', '0.0', '0.0', '0.0', '0', '0', '0', '0', '0', '0', '\n\x00\x00\x00\x00\x00\x00\x00\x00\x00', '\n\x00\x00\x00\x00\x00\x00\x00\x00\x00', '0', '0', '2021-03-02 09:18:59')
2021-03-02  09:18:59 Tue root INFO 成功添加数据
2021-03-02  09:18:59 Tue root INFO mes_plc_r4
2021-03-02  09:19:00 Tue root INFO 读取插入数据库数据：{'product_type': '\n\x02BB\x00\x00\x00\x00\x00\x00', 'r1_equipment_status': '2562', 'fail_code': '16962', 'recerve': '0', 'prod_num': 0, 'r1_rob_no': '0', 'r1_weld_line_no': '0', 'r1_electric': '9.727692471237622e-22', 'r1_voltage': '2.802596928649634e-45', 'r1_speed': '1.3775324423698682e-38', 'r1_job': '17208', 'r2_rob_no': '26472', 'r2_weld_line_no': '16721', 'r2_electric': '2.6916866914644546e+37', 'r2_voltage': '0.0', 'r2_speed': '0.0', 'r2_job': '0', 'replace_status': '0', 'part_status': '0', 'r1_protective_gas': '0', 'r1_welding_wire': '0', 'r2_protective_gas': '0', 'r2_welding_wire': '0', 'login_id': '\x00\x00\x00\x00\x00 \x00\x00\x00\x00', 'login_password': '\n\x00\x00\x00\x00\x00\x00\x00\x00\x00'}
2021-03-02  09:19:00 Tue root INFO ('\n\x02BB\x00\x00\x00\x00\x00\x00', '2562', '16962', 0, '0', '0', '9.727692471237622e-22', '2.802596928649634e-45', '1.3775324423698682e-38', '17208', '26472', '16721', '2.6916866914644546e+37', '0.0', '0.0', '0', '0', '0', '0', '0', '0', '\x00\x00\x00\x00\x00 \x00\x00\x00\x00', '\n\x00\x00\x00\x00\x00\x00\x00\x00\x00', '0', '0', '2021-03-02 09:19:00')
2021-03-02  09:19:00 Tue root INFO 成功添加数据
2021-03-02  09:19:00 Tue root INFO mes_plc_r5
2021-03-02  09:19:00 Tue root INFO 读取插入数据库数据：{'product_type': '\n\x00\x00\x00\x00\x00\x00\x00\x00\x00', 'r1_equipment_status': '0', 'fail_code': '0', 'recerve': '0', 'prod_num': 0, 'r1_rob_no': '0', 'r1_weld_line_no': '0', 'r1_electric': '0.0', 'r1_voltage': '0.0', 'r1_speed': '0.0', 'r1_job': '0', 'r2_rob_no': '0', 'r2_weld_line_no': '0', 'r2_electric': '0.0', 'r2_voltage': '0.0', 'r2_speed': '0.0', 'r2_job': '0', 'replace_status': '0', 'part_status': '0', 'r1_protective_gas': '0', 'r1_welding_wire': '0', 'r2_protective_gas': '0', 'r2_welding_wire': '0', 'login_id': '\n\x00\x00\x00\x00\x00\x00\x00\x00\x00', 'login_password': '\n\x00\x00\x00\x00\x00\x00\x00\x00\x00'}
2021-03-02  09:19:00 Tue root INFO ('\n\x00\x00\x00\x00\x00\x00\x00\x00\x00', '0', '0', 0, '0', '0', '0.0', '0.0', '0.0', '0', '0', '0', '0.0', '0.0', '0.0', '0', '0', '0', '0', '0', '0', '\n\x00\x00\x00\x00\x00\x00\x00\x00\x00', '\n\x00\x00\x00\x00\x00\x00\x00\x00\x00', '0', '0', '2021-03-02 09:19:00')
2021-03-02  09:19:00 Tue root INFO 成功添加数据
2021-03-02  09:20:21 Tue root INFO PLC6连接失败
2021-03-02  09:20:21 Tue root INFO plc连接状态:[1, 1, 1, 1, 1, 0]
2021-03-02  09:20:21 Tue root INFO mes_plc
2021-03-02  09:20:21 Tue root INFO 读取插入数据库数据：{'product_type': '\n\x07250 YDG\x00', 'r1_equipment_status': '7283', 'fail_code': '5', 'recerve': '0', 'prod_num': 34, 'r1_rob_no': '4', 'r1_weld_line_no': '0', 'r1_electric': '182.40740966796875', 'r1_voltage': '-14.677372932434082', 'r1_speed': '0.0', 'r1_job': '0', 'r2_rob_no': '0', 'r2_weld_line_no': '0', 'r2_electric': '0.0', 'r2_voltage': '0.0', 'r2_speed': '0.0', 'r2_job': '0', 'replace_status': '0', 'part_status': '0', 'r1_protective_gas': '0', 'r1_welding_wire': '0', 'r2_protective_gas': '0', 'r2_welding_wire': '0', 'login_id': '\n\x00\x00\x00\x00\x00\x00\x00\x00\x00', 'login_password': '\n\x00\x00\x00\x00\x00\x00\x00\x00\x00'}
2021-03-02  09:20:21 Tue root INFO ('\n\x07250 YDG\x00', '7283', '5', 34, '4', '0', '182.40740966796875', '-14.677372932434082', '0.0', '0', '0', '0', '0.0', '0.0', '0.0', '0', '0', '0', '0', '0', '0', '\n\x00\x00\x00\x00\x00\x00\x00\x00\x00', '\n\x00\x00\x00\x00\x00\x00\x00\x00\x00', '0', '0', '2021-03-02 09:20:21')
2021-03-02  09:20:21 Tue root INFO 成功添加数据
2021-03-02  09:20:21 Tue root INFO mes_plc_r2
2021-03-02  09:20:22 Tue root INFO 读取插入数据库数据：{'product_type': '\n\x07250 TJ2\x00', 'r1_equipment_status': '0', 'fail_code': '0', 'recerve': '0', 'prod_num': 410, 'r1_rob_no': '104', 'r1_weld_line_no': '0', 'r1_electric': '0.0', 'r1_voltage': '0.0', 'r1_speed': '0.0', 'r1_job': '0', 'r2_rob_no': '0', 'r2_weld_line_no': '0', 'r2_electric': '0.0', 'r2_voltage': '0.0', 'r2_speed': '0.0', 'r2_job': '0', 'replace_status': '0', 'part_status': '0', 'r1_protective_gas': '0', 'r1_welding_wire': '0', 'r2_protective_gas': '0', 'r2_welding_wire': '0', 'login_id': '\n\x00\x00\x00\x00\x00\x00\x00\x00\x00', 'login_password': '\n\x00\x00\x00\x00\x00\x00\x00\x00\x00'}
2021-03-02  09:20:22 Tue root INFO ('\n\x07250 TJ2\x00', '0', '0', 410, '104', '0', '0.0', '0.0', '0.0', '0', '0', '0', '0.0', '0.0', '0.0', '0', '0', '0', '0', '0', '0', '\n\x00\x00\x00\x00\x00\x00\x00\x00\x00', '\n\x00\x00\x00\x00\x00\x00\x00\x00\x00', '0', '0', '2021-03-02 09:20:22')
2021-03-02  09:20:22 Tue root INFO 成功添加数据
2021-03-02  09:20:22 Tue root INFO mes_plc_r3
2021-03-02  09:20:22 Tue root INFO 读取插入数据库数据：{'product_type': '\n\x07250 TJ3\x00', 'r1_equipment_status': '0', 'fail_code': '0', 'recerve': '0', 'prod_num': 410, 'r1_rob_no': '4', 'r1_weld_line_no': '0', 'r1_electric': '184.99710083007812', 'r1_voltage': '14.0625', 'r1_speed': '0.0', 'r1_job': '0', 'r2_rob_no': '0', 'r2_weld_line_no': '0', 'r2_electric': '0.0', 'r2_voltage': '0.0', 'r2_speed': '0.0', 'r2_job': '0', 'replace_status': '0', 'part_status': '0', 'r1_protective_gas': '0', 'r1_welding_wire': '0', 'r2_protective_gas': '0', 'r2_welding_wire': '0', 'login_id': '\n\x00\x00\x00\x00\x00\x00\x00\x00\x00', 'login_password': '\n\x00\x00\x00\x00\x00\x00\x00\x00\x00'}
2021-03-02  09:20:22 Tue root INFO ('\n\x07250 TJ3\x00', '0', '0', 410, '4', '0', '184.99710083007812', '14.0625', '0.0', '0', '0', '0', '0.0', '0.0', '0.0', '0', '0', '0', '0', '0', '0', '\n\x00\x00\x00\x00\x00\x00\x00\x00\x00', '\n\x00\x00\x00\x00\x00\x00\x00\x00\x00', '0', '0', '2021-03-02 09:20:22')
2021-03-02  09:20:22 Tue root INFO 成功添加数据
2021-03-02  09:20:22 Tue root INFO mes_plc_r4
2021-03-02  09:20:22 Tue root INFO 读取插入数据库数据：{'product_type': '\n\x02BB\x00\x00\x00\x00\x00\x00', 'r1_equipment_status': '2562', 'fail_code': '16962', 'recerve': '0', 'prod_num': 0, 'r1_rob_no': '0', 'r1_weld_line_no': '0', 'r1_electric': '9.727692471237622e-22', 'r1_voltage': '2.802596928649634e-45', 'r1_speed': '1.3775324423698682e-38', 'r1_job': '17208', 'r2_rob_no': '26472', 'r2_weld_line_no': '16721', 'r2_electric': '2.6916866914644546e+37', 'r2_voltage': '0.0', 'r2_speed': '0.0', 'r2_job': '0', 'replace_status': '0', 'part_status': '0', 'r1_protective_gas': '0', 'r1_welding_wire': '0', 'r2_protective_gas': '0', 'r2_welding_wire': '0', 'login_id': '\x00\x00\x00\x00\x00 \x00\x00\x00\x00', 'login_password': '\n\x00\x00\x00\x00\x00\x00\x00\x00\x00'}
2021-03-02  09:20:22 Tue root INFO ('\n\x02BB\x00\x00\x00\x00\x00\x00', '2562', '16962', 0, '0', '0', '9.727692471237622e-22', '2.802596928649634e-45', '1.3775324423698682e-38', '17208', '26472', '16721', '2.6916866914644546e+37', '0.0', '0.0', '0', '0', '0', '0', '0', '0', '\x00\x00\x00\x00\x00 \x00\x00\x00\x00', '\n\x00\x00\x00\x00\x00\x00\x00\x00\x00', '0', '0', '2021-03-02 09:20:22')
2021-03-02  09:20:22 Tue root INFO 成功添加数据
2021-03-02  09:20:22 Tue root INFO mes_plc_r5
2021-03-02  09:20:23 Tue root INFO 读取插入数据库数据：{'product_type': '\n\x00\x00\x00\x00\x00\x00\x00\x00\x00', 'r1_equipment_status': '0', 'fail_code': '0', 'recerve': '0', 'prod_num': 0, 'r1_rob_no': '0', 'r1_weld_line_no': '0', 'r1_electric': '0.0', 'r1_voltage': '0.0', 'r1_speed': '0.0', 'r1_job': '0', 'r2_rob_no': '0', 'r2_weld_line_no': '0', 'r2_electric': '0.0', 'r2_voltage': '0.0', 'r2_speed': '0.0', 'r2_job': '0', 'replace_status': '0', 'part_status': '0', 'r1_protective_gas': '0', 'r1_welding_wire': '0', 'r2_protective_gas': '0', 'r2_welding_wire': '0', 'login_id': '\n\x00\x00\x00\x00\x00\x00\x00\x00\x00', 'login_password': '\n\x00\x00\x00\x00\x00\x00\x00\x00\x00'}
2021-03-02  09:20:23 Tue root INFO ('\n\x00\x00\x00\x00\x00\x00\x00\x00\x00', '0', '0', 0, '0', '0', '0.0', '0.0', '0.0', '0', '0', '0', '0.0', '0.0', '0.0', '0', '0', '0', '0', '0', '0', '\n\x00\x00\x00\x00\x00\x00\x00\x00\x00', '\n\x00\x00\x00\x00\x00\x00\x00\x00\x00', '0', '0', '2021-03-02 09:20:23')
2021-03-02  09:20:23 Tue root INFO 成功添加数据
2021-03-02  09:21:44 Tue root INFO PLC6连接失败
2021-03-02  09:21:44 Tue root INFO plc连接状态:[1, 1, 1, 1, 1, 0]
2021-03-02  09:21:44 Tue root INFO mes_plc
2021-03-02  09:21:44 Tue root INFO 读取插入数据库数据：{'product_type': '\n\x07250 ZDG\x00', 'r1_equipment_status': '6817', 'fail_code': '5', 'recerve': '0', 'prod_num': 35, 'r1_rob_no': '104', 'r1_weld_line_no': '0', 'r1_electric': '182.50868225097656', 'r1_voltage': '-13.335503578186035', 'r1_speed': '0.0', 'r1_job': '0', 'r2_rob_no': '0', 'r2_weld_line_no': '0', 'r2_electric': '0.0', 'r2_voltage': '0.0', 'r2_speed': '0.0', 'r2_job': '0', 'replace_status': '0', 'part_status': '0', 'r1_protective_gas': '0', 'r1_welding_wire': '0', 'r2_protective_gas': '0', 'r2_welding_wire': '0', 'login_id': '\n\x00\x00\x00\x00\x00\x00\x00\x00\x00', 'login_password': '\n\x00\x00\x00\x00\x00\x00\x00\x00\x00'}
2021-03-02  09:21:44 Tue root INFO ('\n\x07250 ZDG\x00', '6817', '5', 35, '104', '0', '182.50868225097656', '-13.335503578186035', '0.0', '0', '0', '0', '0.0', '0.0', '0.0', '0', '0', '0', '0', '0', '0', '\n\x00\x00\x00\x00\x00\x00\x00\x00\x00', '\n\x00\x00\x00\x00\x00\x00\x00\x00\x00', '0', '0', '2021-03-02 09:21:44')
2021-03-02  09:21:44 Tue root INFO 成功添加数据
2021-03-02  09:21:44 Tue root INFO mes_plc_r2
2021-03-02  09:21:44 Tue root INFO 读取插入数据库数据：{'product_type': '\n\x07250 TJ2\x00', 'r1_equipment_status': '0', 'fail_code': '0', 'recerve': '0', 'prod_num': 410, 'r1_rob_no': '104', 'r1_weld_line_no': '0', 'r1_electric': '0.0', 'r1_voltage': '0.0', 'r1_speed': '0.0', 'r1_job': '0', 'r2_rob_no': '0', 'r2_weld_line_no': '0', 'r2_electric': '0.0', 'r2_voltage': '0.0', 'r2_speed': '0.0', 'r2_job': '0', 'replace_status': '0', 'part_status': '0', 'r1_protective_gas': '0', 'r1_welding_wire': '0', 'r2_protective_gas': '0', 'r2_welding_wire': '0', 'login_id': '\n\x00\x00\x00\x00\x00\x00\x00\x00\x00', 'login_password': '\n\x00\x00\x00\x00\x00\x00\x00\x00\x00'}
2021-03-02  09:21:44 Tue root INFO ('\n\x07250 TJ2\x00', '0', '0', 410, '104', '0', '0.0', '0.0', '0.0', '0', '0', '0', '0.0', '0.0', '0.0', '0', '0', '0', '0', '0', '0', '\n\x00\x00\x00\x00\x00\x00\x00\x00\x00', '\n\x00\x00\x00\x00\x00\x00\x00\x00\x00', '0', '0', '2021-03-02 09:21:44')
2021-03-02  09:21:44 Tue root INFO 成功添加数据
2021-03-02  09:21:44 Tue root INFO mes_plc_r3
2021-03-02  09:21:44 Tue root INFO 读取插入数据库数据：{'product_type': '\n\x07250 TJ3\x00', 'r1_equipment_status': '0', 'fail_code': '0', 'recerve': '0', 'prod_num': 410, 'r1_rob_no': '4', 'r1_weld_line_no': '0', 'r1_electric': '185.01158142089844', 'r1_voltage': '14.069734573364258', 'r1_speed': '0.0', 'r1_job': '0', 'r2_rob_no': '0', 'r2_weld_line_no': '0', 'r2_electric': '0.0', 'r2_voltage': '0.0', 'r2_speed': '0.0', 'r2_job': '0', 'replace_status': '0', 'part_status': '0', 'r1_protective_gas': '0', 'r1_welding_wire': '0', 'r2_protective_gas': '0', 'r2_welding_wire': '0', 'login_id': '\n\x00\x00\x00\x00\x00\x00\x00\x00\x00', 'login_password': '\n\x00\x00\x00\x00\x00\x00\x00\x00\x00'}
2021-03-02  09:21:44 Tue root INFO ('\n\x07250 TJ3\x00', '0', '0', 410, '4', '0', '185.01158142089844', '14.069734573364258', '0.0', '0', '0', '0', '0.0', '0.0', '0.0', '0', '0', '0', '0', '0', '0', '\n\x00\x00\x00\x00\x00\x00\x00\x00\x00', '\n\x00\x00\x00\x00\x00\x00\x00\x00\x00', '0', '0', '2021-03-02 09:21:44')
2021-03-02  09:21:45 Tue root INFO 成功添加数据
2021-03-02  09:21:45 Tue root INFO mes_plc_r4
2021-03-02  09:21:45 Tue root INFO 读取插入数据库数据：{'product_type': '\n\x02BB\x00\x00\x00\x00\x00\x00', 'r1_equipment_status': '2562', 'fail_code': '16962', 'recerve': '0', 'prod_num': 0, 'r1_rob_no': '0', 'r1_weld_line_no': '0', 'r1_electric': '9.727692471237622e-22', 'r1_voltage': '2.802596928649634e-45', 'r1_speed': '1.3775324423698682e-38', 'r1_job': '17208', 'r2_rob_no': '26472', 'r2_weld_line_no': '16721', 'r2_electric': '-1.6047303883528737e-22', 'r2_voltage': '0.0', 'r2_speed': '0.0', 'r2_job': '0', 'replace_status': '0', 'part_status': '0', 'r1_protective_gas': '0', 'r1_welding_wire': '0', 'r2_protective_gas': '0', 'r2_welding_wire': '0', 'login_id': '\x00\x00\x00\x00\x00 \x00\x00\x00\x00', 'login_password': '\n\x00\x00\x00\x00\x00\x00\x00\x00\x00'}
2021-03-02  09:21:45 Tue root INFO ('\n\x02BB\x00\x00\x00\x00\x00\x00', '2562', '16962', 0, '0', '0', '9.727692471237622e-22', '2.802596928649634e-45', '1.3775324423698682e-38', '17208', '26472', '16721', '-1.6047303883528737e-22', '0.0', '0.0', '0', '0', '0', '0', '0', '0', '\x00\x00\x00\x00\x00 \x00\x00\x00\x00', '\n\x00\x00\x00\x00\x00\x00\x00\x00\x00', '0', '0', '2021-03-02 09:21:45')
2021-03-02  09:21:45 Tue root INFO 成功添加数据
2021-03-02  09:21:45 Tue root INFO mes_plc_r5
2021-03-02  09:21:45 Tue root INFO 读取插入数据库数据：{'product_type': '\n\x00\x00\x00\x00\x00\x00\x00\x00\x00', 'r1_equipment_status': '0', 'fail_code': '0', 'recerve': '0', 'prod_num': 0, 'r1_rob_no': '0', 'r1_weld_line_no': '0', 'r1_electric': '0.0', 'r1_voltage': '0.0', 'r1_speed': '0.0', 'r1_job': '0', 'r2_rob_no': '0', 'r2_weld_line_no': '0', 'r2_electric': '0.0', 'r2_voltage': '0.0', 'r2_speed': '0.0', 'r2_job': '0', 'replace_status': '0', 'part_status': '0', 'r1_protective_gas': '0', 'r1_welding_wire': '0', 'r2_protective_gas': '0', 'r2_welding_wire': '0', 'login_id': '\n\x00\x00\x00\x00\x00\x00\x00\x00\x00', 'login_password': '\n\x00\x00\x00\x00\x00\x00\x00\x00\x00'}
2021-03-02  09:21:45 Tue root INFO ('\n\x00\x00\x00\x00\x00\x00\x00\x00\x00', '0', '0', 0, '0', '0', '0.0', '0.0', '0.0', '0', '0', '0', '0.0', '0.0', '0.0', '0', '0', '0', '0', '0', '0', '\n\x00\x00\x00\x00\x00\x00\x00\x00\x00', '\n\x00\x00\x00\x00\x00\x00\x00\x00\x00', '0', '0', '2021-03-02 09:21:45')
2021-03-02  09:21:45 Tue root INFO 成功添加数据
2021-03-02  09:23:06 Tue root INFO PLC6连接失败
2021-03-02  09:23:06 Tue root INFO plc连接状态:[1, 1, 1, 1, 1, 0]
2021-03-02  09:23:06 Tue root INFO mes_plc
2021-03-02  09:23:07 Tue root INFO 读取插入数据库数据：{'product_type': '\n\x07250 ZDG\x00', 'r1_equipment_status': '7329', 'fail_code': '5', 'recerve': '0', 'prod_num': 35, 'r1_rob_no': '104', 'r1_weld_line_no': '0', 'r1_electric': '182.5231475830078', 'r1_voltage': '13.313801765441895', 'r1_speed': '0.0', 'r1_job': '0', 'r2_rob_no': '0', 'r2_weld_line_no': '0', 'r2_electric': '0.0', 'r2_voltage': '0.0', 'r2_speed': '0.0', 'r2_job': '0', 'replace_status': '0', 'part_status': '0', 'r1_protective_gas': '0', 'r1_welding_wire': '0', 'r2_protective_gas': '0', 'r2_welding_wire': '0', 'login_id': '\n\x00\x00\x00\x00\x00\x00\x00\x00\x00', 'login_password': '\n\x00\x00\x00\x00\x00\x00\x00\x00\x00'}
2021-03-02  09:23:07 Tue root INFO ('\n\x07250 ZDG\x00', '7329', '5', 35, '104', '0', '182.5231475830078', '13.313801765441895', '0.0', '0', '0', '0', '0.0', '0.0', '0.0', '0', '0', '0', '0', '0', '0', '\n\x00\x00\x00\x00\x00\x00\x00\x00\x00', '\n\x00\x00\x00\x00\x00\x00\x00\x00\x00', '0', '0', '2021-03-02 09:23:07')
2021-03-02  09:23:07 Tue root INFO 成功添加数据
2021-03-02  09:23:07 Tue root INFO mes_plc_r2
2021-03-02  09:23:07 Tue root INFO 读取插入数据库数据：{'product_type': '\n\x07250 TJ2\x00', 'r1_equipment_status': '0', 'fail_code': '0', 'recerve': '0', 'prod_num': 410, 'r1_rob_no': '104', 'r1_weld_line_no': '0', 'r1_electric': '0.0', 'r1_voltage': '0.0', 'r1_speed': '0.0', 'r1_job': '0', 'r2_rob_no': '0', 'r2_weld_line_no': '0', 'r2_electric': '0.0', 'r2_voltage': '0.0', 'r2_speed': '0.0', 'r2_job': '0', 'replace_status': '0', 'part_status': '0', 'r1_protective_gas': '0', 'r1_welding_wire': '0', 'r2_protective_gas': '0', 'r2_welding_wire': '0', 'login_id': '\n\x00\x00\x00\x00\x00\x00\x00\x00\x00', 'login_password': '\n\x00\x00\x00\x00\x00\x00\x00\x00\x00'}
2021-03-02  09:23:07 Tue root INFO ('\n\x07250 TJ2\x00', '0', '0', 410, '104', '0', '0.0', '0.0', '0.0', '0', '0', '0', '0.0', '0.0', '0.0', '0', '0', '0', '0', '0', '0', '\n\x00\x00\x00\x00\x00\x00\x00\x00\x00', '\n\x00\x00\x00\x00\x00\x00\x00\x00\x00', '0', '0', '2021-03-02 09:23:07')
2021-03-02  09:23:07 Tue root INFO 成功添加数据
2021-03-02  09:23:07 Tue root INFO mes_plc_r3
2021-03-02  09:23:07 Tue root INFO 读取插入数据库数据：{'product_type': '\n\x07250 TJ3\x00', 'r1_equipment_status': '0', 'fail_code': '0', 'recerve': '0', 'prod_num': 410, 'r1_rob_no': '4', 'r1_weld_line_no': '0', 'r1_electric': '185.04051208496094', 'r1_voltage': '14.07335090637207', 'r1_speed': '0.0', 'r1_job': '0', 'r2_rob_no': '0', 'r2_weld_line_no': '0', 'r2_electric': '0.0', 'r2_voltage': '0.0', 'r2_speed': '0.0', 'r2_job': '0', 'replace_status': '0', 'part_status': '0', 'r1_protective_gas': '0', 'r1_welding_wire': '0', 'r2_protective_gas': '0', 'r2_welding_wire': '0', 'login_id': '\n\x00\x00\x00\x00\x00\x00\x00\x00\x00', 'login_password': '\n\x00\x00\x00\x00\x00\x00\x00\x00\x00'}
2021-03-02  09:23:07 Tue root INFO ('\n\x07250 TJ3\x00', '0', '0', 410, '4', '0', '185.04051208496094', '14.07335090637207', '0.0', '0', '0', '0', '0.0', '0.0', '0.0', '0', '0', '0', '0', '0', '0', '\n\x00\x00\x00\x00\x00\x00\x00\x00\x00', '\n\x00\x00\x00\x00\x00\x00\x00\x00\x00', '0', '0', '2021-03-02 09:23:07')
2021-03-02  09:23:07 Tue root INFO 成功添加数据
2021-03-02  09:23:07 Tue root INFO mes_plc_r4
2021-03-02  09:23:07 Tue root INFO 读取插入数据库数据：{'product_type': '\n\x02BB\x00\x00\x00\x00\x00\x00', 'r1_equipment_status': '2562', 'fail_code': '16962', 'recerve': '0', 'prod_num': 0, 'r1_rob_no': '0', 'r1_weld_line_no': '0', 'r1_electric': '9.727692471237622e-22', 'r1_voltage': '2.802596928649634e-45', 'r1_speed': '1.3775324423698682e-38', 'r1_job': '17208', 'r2_rob_no': '25524', 'r2_weld_line_no': '16721', 'r2_electric': '-1.8643001861668443e-31', 'r2_voltage': '0.0', 'r2_speed': '0.0', 'r2_job': '0', 'replace_status': '0', 'part_status': '0', 'r1_protective_gas': '0', 'r1_welding_wire': '0', 'r2_protective_gas': '0', 'r2_welding_wire': '0', 'login_id': '\x00\x00\x00\x00\x00 \x00\x00\x00\x00', 'login_password': '\n\x00\x00\x00\x00\x00\x00\x00\x00\x00'}
2021-03-02  09:23:07 Tue root INFO ('\n\x02BB\x00\x00\x00\x00\x00\x00', '2562', '16962', 0, '0', '0', '9.727692471237622e-22', '2.802596928649634e-45', '1.3775324423698682e-38', '17208', '25524', '16721', '-1.8643001861668443e-31', '0.0', '0.0', '0', '0', '0', '0', '0', '0', '\x00\x00\x00\x00\x00 \x00\x00\x00\x00', '\n\x00\x00\x00\x00\x00\x00\x00\x00\x00', '0', '0', '2021-03-02 09:23:07')
2021-03-02  09:23:08 Tue root INFO 成功添加数据
2021-03-02  09:23:08 Tue root INFO mes_plc_r5
2021-03-02  09:23:08 Tue root INFO 读取插入数据库数据：{'product_type': '\n\x00\x00\x00\x00\x00\x00\x00\x00\x00', 'r1_equipment_status': '0', 'fail_code': '0', 'recerve': '0', 'prod_num': 0, 'r1_rob_no': '0', 'r1_weld_line_no': '0', 'r1_electric': '0.0', 'r1_voltage': '0.0', 'r1_speed': '0.0', 'r1_job': '0', 'r2_rob_no': '0', 'r2_weld_line_no': '0', 'r2_electric': '0.0', 'r2_voltage': '0.0', 'r2_speed': '0.0', 'r2_job': '0', 'replace_status': '0', 'part_status': '0', 'r1_protective_gas': '0', 'r1_welding_wire': '0', 'r2_protective_gas': '0', 'r2_welding_wire': '0', 'login_id': '\n\x00\x00\x00\x00\x00\x00\x00\x00\x00', 'login_password': '\n\x00\x00\x00\x00\x00\x00\x00\x00\x00'}
2021-03-02  09:23:08 Tue root INFO ('\n\x00\x00\x00\x00\x00\x00\x00\x00\x00', '0', '0', 0, '0', '0', '0.0', '0.0', '0.0', '0', '0', '0', '0.0', '0.0', '0.0', '0', '0', '0', '0', '0', '0', '\n\x00\x00\x00\x00\x00\x00\x00\x00\x00', '\n\x00\x00\x00\x00\x00\x00\x00\x00\x00', '0', '0', '2021-03-02 09:23:08')
2021-03-02  09:23:08 Tue root INFO 成功添加数据
2021-03-02  09:24:29 Tue root INFO PLC6连接失败
2021-03-02  09:24:29 Tue root INFO plc连接状态:[1, 1, 1, 1, 1, 0]
2021-03-02  09:24:29 Tue root INFO mes_plc
2021-03-02  09:24:29 Tue root INFO 读取插入数据库数据：{'product_type': '\n\x07250 ZDG\x00', 'r1_equipment_status': '7329', 'fail_code': '5', 'recerve': '0', 'prod_num': 35, 'r1_rob_no': '104', 'r1_weld_line_no': '0', 'r1_electric': '182.47975158691406', 'r1_voltage': '13.29210090637207', 'r1_speed': '0.0', 'r1_job': '0', 'r2_rob_no': '0', 'r2_weld_line_no': '0', 'r2_electric': '0.0', 'r2_voltage': '0.0', 'r2_speed': '0.0', 'r2_job': '0', 'replace_status': '0', 'part_status': '0', 'r1_protective_gas': '0', 'r1_welding_wire': '0', 'r2_protective_gas': '0', 'r2_welding_wire': '0', 'login_id': '\n\x00\x00\x00\x00\x00\x00\x00\x00\x00', 'login_password': '\n\x00\x00\x00\x00\x00\x00\x00\x00\x00'}
2021-03-02  09:24:29 Tue root INFO ('\n\x07250 ZDG\x00', '7329', '5', 35, '104', '0', '182.47975158691406', '13.29210090637207', '0.0', '0', '0', '0', '0.0', '0.0', '0.0', '0', '0', '0', '0', '0', '0', '\n\x00\x00\x00\x00\x00\x00\x00\x00\x00', '\n\x00\x00\x00\x00\x00\x00\x00\x00\x00', '0', '0', '2021-03-02 09:24:29')
2021-03-02  09:24:29 Tue root INFO 成功添加数据
2021-03-02  09:24:29 Tue root INFO mes_plc_r2
2021-03-02  09:24:29 Tue root INFO 读取插入数据库数据：{'product_type': '\n\x07250 TJ1\x00', 'r1_equipment_status': '0', 'fail_code': '0', 'recerve': '0', 'prod_num': 411, 'r1_rob_no': '4', 'r1_weld_line_no': '0', 'r1_electric': '0.0', 'r1_voltage': '0.0', 'r1_speed': '0.0', 'r1_job': '0', 'r2_rob_no': '0', 'r2_weld_line_no': '0', 'r2_electric': '0.0', 'r2_voltage': '0.0', 'r2_speed': '0.0', 'r2_job': '0', 'replace_status': '0', 'part_status': '0', 'r1_protective_gas': '0', 'r1_welding_wire': '0', 'r2_protective_gas': '0', 'r2_welding_wire': '0', 'login_id': '\n\x00\x00\x00\x00\x00\x00\x00\x00\x00', 'login_password': '\n\x00\x00\x00\x00\x00\x00\x00\x00\x00'}
2021-03-02  09:24:29 Tue root INFO ('\n\x07250 TJ1\x00', '0', '0', 411, '4', '0', '0.0', '0.0', '0.0', '0', '0', '0', '0.0', '0.0', '0.0', '0', '0', '0', '0', '0', '0', '\n\x00\x00\x00\x00\x00\x00\x00\x00\x00', '\n\x00\x00\x00\x00\x00\x00\x00\x00\x00', '0', '0', '2021-03-02 09:24:29')
2021-03-02  09:24:29 Tue root INFO 成功添加数据
2021-03-02  09:24:29 Tue root INFO mes_plc_r3
2021-03-02  09:24:30 Tue root INFO 读取插入数据库数据：{'product_type': '\n\x07250 TJ3\x00', 'r1_equipment_status': '0', 'fail_code': '0', 'recerve': '0', 'prod_num': 410, 'r1_rob_no': '4', 'r1_weld_line_no': '0', 'r1_electric': '184.89584350585938', 'r1_voltage': '13.823784828186035', 'r1_speed': '0.0', 'r1_job': '0', 'r2_rob_no': '0', 'r2_weld_line_no': '0', 'r2_electric': '0.0', 'r2_voltage': '0.0', 'r2_speed': '0.0', 'r2_job': '0', 'replace_status': '0', 'part_status': '0', 'r1_protective_gas': '0', 'r1_welding_wire': '0', 'r2_protective_gas': '0', 'r2_welding_wire': '0', 'login_id': '\n\x00\x00\x00\x00\x00\x00\x00\x00\x00', 'login_password': '\n\x00\x00\x00\x00\x00\x00\x00\x00\x00'}
2021-03-02  09:24:30 Tue root INFO ('\n\x07250 TJ3\x00', '0', '0', 410, '4', '0', '184.89584350585938', '13.823784828186035', '0.0', '0', '0', '0', '0.0', '0.0', '0.0', '0', '0', '0', '0', '0', '0', '\n\x00\x00\x00\x00\x00\x00\x00\x00\x00', '\n\x00\x00\x00\x00\x00\x00\x00\x00\x00', '0', '0', '2021-03-02 09:24:30')
2021-03-02  09:24:30 Tue root INFO 成功添加数据
2021-03-02  09:24:30 Tue root INFO mes_plc_r4
2021-03-02  09:24:30 Tue root INFO 读取插入数据库数据：{'product_type': '\n\x02AA\x00\x00\x00\x00\x00\x00', 'r1_equipment_status': '2562', 'fail_code': '16962', 'recerve': '0', 'prod_num': 0, 'r1_rob_no': '0', 'r1_weld_line_no': '0', 'r1_electric': '9.727692471237622e-22', 'r1_voltage': '2.802596928649634e-45', 'r1_speed': '1.3775324423698682e-38', 'r1_job': '17208', 'r2_rob_no': '25524', 'r2_weld_line_no': '16721', 'r2_electric': '2.6916866914644546e+37', 'r2_voltage': '0.0', 'r2_speed': '0.0', 'r2_job': '0', 'replace_status': '0', 'part_status': '0', 'r1_protective_gas': '0', 'r1_welding_wire': '0', 'r2_protective_gas': '0', 'r2_welding_wire': '0', 'login_id': '\x00\x00\x00\x00\x00 \x00\x00\x00\x00', 'login_password': '\n\x00\x00\x00\x00\x00\x00\x00\x00\x00'}
2021-03-02  09:24:30 Tue root INFO ('\n\x02AA\x00\x00\x00\x00\x00\x00', '2562', '16962', 0, '0', '0', '9.727692471237622e-22', '2.802596928649634e-45', '1.3775324423698682e-38', '17208', '25524', '16721', '2.6916866914644546e+37', '0.0', '0.0', '0', '0', '0', '0', '0', '0', '\x00\x00\x00\x00\x00 \x00\x00\x00\x00', '\n\x00\x00\x00\x00\x00\x00\x00\x00\x00', '0', '0', '2021-03-02 09:24:30')
2021-03-02  09:24:30 Tue root INFO 成功添加数据
2021-03-02  09:24:30 Tue root INFO mes_plc_r5
2021-03-02  09:24:30 Tue root INFO 读取插入数据库数据：{'product_type': '\n\x00\x00\x00\x00\x00\x00\x00\x00\x00', 'r1_equipment_status': '0', 'fail_code': '0', 'recerve': '0', 'prod_num': 0, 'r1_rob_no': '0', 'r1_weld_line_no': '0', 'r1_electric': '0.0', 'r1_voltage': '0.0', 'r1_speed': '0.0', 'r1_job': '0', 'r2_rob_no': '0', 'r2_weld_line_no': '0', 'r2_electric': '0.0', 'r2_voltage': '0.0', 'r2_speed': '0.0', 'r2_job': '0', 'replace_status': '0', 'part_status': '0', 'r1_protective_gas': '0', 'r1_welding_wire': '0', 'r2_protective_gas': '0', 'r2_welding_wire': '0', 'login_id': '\n\x00\x00\x00\x00\x00\x00\x00\x00\x00', 'login_password': '\n\x00\x00\x00\x00\x00\x00\x00\x00\x00'}
2021-03-02  09:24:30 Tue root INFO ('\n\x00\x00\x00\x00\x00\x00\x00\x00\x00', '0', '0', 0, '0', '0', '0.0', '0.0', '0.0', '0', '0', '0', '0.0', '0.0', '0.0', '0', '0', '0', '0', '0', '0', '\n\x00\x00\x00\x00\x00\x00\x00\x00\x00', '\n\x00\x00\x00\x00\x00\x00\x00\x00\x00', '0', '0', '2021-03-02 09:24:30')
2021-03-02  09:24:30 Tue root INFO 成功添加数据
2021-03-02  09:25:51 Tue root INFO PLC6连接失败
2021-03-02  09:25:51 Tue root INFO plc连接状态:[1, 1, 1, 1, 1, 0]
2021-03-02  09:25:51 Tue root INFO mes_plc
2021-03-02  09:25:52 Tue root INFO 读取插入数据库数据：{'product_type': '\n\x07250 ZDG\x00', 'r1_equipment_status': '7329', 'fail_code': '5', 'recerve': '0', 'prod_num': 35, 'r1_rob_no': '104', 'r1_weld_line_no': '0', 'r1_electric': '182.55209350585938', 'r1_voltage': '13.277633666992188', 'r1_speed': '0.0', 'r1_job': '0', 'r2_rob_no': '0', 'r2_weld_line_no': '0', 'r2_electric': '0.0', 'r2_voltage': '0.0', 'r2_speed': '0.0', 'r2_job': '0', 'replace_status': '0', 'part_status': '0', 'r1_protective_gas': '0', 'r1_welding_wire': '0', 'r2_protective_gas': '0', 'r2_welding_wire': '0', 'login_id': '\n\x00\x00\x00\x00\x00\x00\x00\x00\x00', 'login_password': '\n\x00\x00\x00\x00\x00\x00\x00\x00\x00'}
2021-03-02  09:25:52 Tue root INFO ('\n\x07250 ZDG\x00', '7329', '5', 35, '104', '0', '182.55209350585938', '13.277633666992188', '0.0', '0', '0', '0', '0.0', '0.0', '0.0', '0', '0', '0', '0', '0', '0', '\n\x00\x00\x00\x00\x00\x00\x00\x00\x00', '\n\x00\x00\x00\x00\x00\x00\x00\x00\x00', '0', '0', '2021-03-02 09:25:52')
2021-03-02  09:25:52 Tue root INFO 成功添加数据
2021-03-02  09:25:52 Tue root INFO mes_plc_r2
2021-03-02  09:25:52 Tue root INFO 读取插入数据库数据：{'product_type': '\n\x07250 TJ1\x00', 'r1_equipment_status': '0', 'fail_code': '0', 'recerve': '0', 'prod_num': 411, 'r1_rob_no': '4', 'r1_weld_line_no': '0', 'r1_electric': '0.0', 'r1_voltage': '0.0', 'r1_speed': '0.0', 'r1_job': '0', 'r2_rob_no': '0', 'r2_weld_line_no': '0', 'r2_electric': '0.0', 'r2_voltage': '0.0', 'r2_speed': '0.0', 'r2_job': '0', 'replace_status': '0', 'part_status': '0', 'r1_protective_gas': '0', 'r1_welding_wire': '0', 'r2_protective_gas': '0', 'r2_welding_wire': '0', 'login_id': '\n\x00\x00\x00\x00\x00\x00\x00\x00\x00', 'login_password': '\n\x00\x00\x00\x00\x00\x00\x00\x00\x00'}
2021-03-02  09:25:52 Tue root INFO ('\n\x07250 TJ1\x00', '0', '0', 411, '4', '0', '0.0', '0.0', '0.0', '0', '0', '0', '0.0', '0.0', '0.0', '0', '0', '0', '0', '0', '0', '\n\x00\x00\x00\x00\x00\x00\x00\x00\x00', '\n\x00\x00\x00\x00\x00\x00\x00\x00\x00', '0', '0', '2021-03-02 09:25:52')
2021-03-02  09:25:52 Tue root INFO 成功添加数据
2021-03-02  09:25:52 Tue root INFO mes_plc_r3
2021-03-02  09:25:52 Tue root INFO 读取插入数据库数据：{'product_type': '\n\x07250 TJ3\x00', 'r1_equipment_status': '0', 'fail_code': '0', 'recerve': '0', 'prod_num': 410, 'r1_rob_no': '4', 'r1_weld_line_no': '0', 'r1_electric': '184.85243225097656', 'r1_voltage': '13.809317588806152', 'r1_speed': '0.0', 'r1_job': '0', 'r2_rob_no': '0', 'r2_weld_line_no': '0', 'r2_electric': '0.0', 'r2_voltage': '0.0', 'r2_speed': '0.0', 'r2_job': '0', 'replace_status': '0', 'part_status': '0', 'r1_protective_gas': '0', 'r1_welding_wire': '0', 'r2_protective_gas': '0', 'r2_welding_wire': '0', 'login_id': '\n\x00\x00\x00\x00\x00\x00\x00\x00\x00', 'login_password': '\n\x00\x00\x00\x00\x00\x00\x00\x00\x00'}
2021-03-02  09:25:52 Tue root INFO ('\n\x07250 TJ3\x00', '0', '0', 410, '4', '0', '184.85243225097656', '13.809317588806152', '0.0', '0', '0', '0', '0.0', '0.0', '0.0', '0', '0', '0', '0', '0', '0', '\n\x00\x00\x00\x00\x00\x00\x00\x00\x00', '\n\x00\x00\x00\x00\x00\x00\x00\x00\x00', '0', '0', '2021-03-02 09:25:52')
2021-03-02  09:25:52 Tue root INFO 成功添加数据
2021-03-02  09:25:52 Tue root INFO mes_plc_r4
2021-03-02  09:25:53 Tue root INFO 读取插入数据库数据：{'product_type': '\n\x02AA\x00\x00\x00\x00\x00\x00', 'r1_equipment_status': '2562', 'fail_code': '16962', 'recerve': '0', 'prod_num': 0, 'r1_rob_no': '0', 'r1_weld_line_no': '0', 'r1_electric': '9.727692471237622e-22', 'r1_voltage': '2.802596928649634e-45', 'r1_speed': '1.3775324423698682e-38', 'r1_job': '17208', 'r2_rob_no': '26472', 'r2_weld_line_no': '16721', 'r2_electric': '-1.6047303883528737e-22', 'r2_voltage': '0.0', 'r2_speed': '0.0', 'r2_job': '0', 'replace_status': '0', 'part_status': '0', 'r1_protective_gas': '0', 'r1_welding_wire': '0', 'r2_protective_gas': '0', 'r2_welding_wire': '0', 'login_id': '\x00\x00\x00\x00\x00 \x00\x00\x00\x00', 'login_password': '\n\x00\x00\x00\x00\x00\x00\x00\x00\x00'}
2021-03-02  09:25:53 Tue root INFO ('\n\x02AA\x00\x00\x00\x00\x00\x00', '2562', '16962', 0, '0', '0', '9.727692471237622e-22', '2.802596928649634e-45', '1.3775324423698682e-38', '17208', '26472', '16721', '-1.6047303883528737e-22', '0.0', '0.0', '0', '0', '0', '0', '0', '0', '\x00\x00\x00\x00\x00 \x00\x00\x00\x00', '\n\x00\x00\x00\x00\x00\x00\x00\x00\x00', '0', '0', '2021-03-02 09:25:53')
2021-03-02  09:25:53 Tue root INFO 成功添加数据
2021-03-02  09:25:53 Tue root INFO mes_plc_r5
2021-03-02  09:25:53 Tue root INFO 读取插入数据库数据：{'product_type': '\n\x00\x00\x00\x00\x00\x00\x00\x00\x00', 'r1_equipment_status': '0', 'fail_code': '0', 'recerve': '0', 'prod_num': 0, 'r1_rob_no': '0', 'r1_weld_line_no': '0', 'r1_electric': '0.0', 'r1_voltage': '0.0', 'r1_speed': '0.0', 'r1_job': '0', 'r2_rob_no': '0', 'r2_weld_line_no': '0', 'r2_electric': '0.0', 'r2_voltage': '0.0', 'r2_speed': '0.0', 'r2_job': '0', 'replace_status': '0', 'part_status': '0', 'r1_protective_gas': '0', 'r1_welding_wire': '0', 'r2_protective_gas': '0', 'r2_welding_wire': '0', 'login_id': '\n\x00\x00\x00\x00\x00\x00\x00\x00\x00', 'login_password': '\n\x00\x00\x00\x00\x00\x00\x00\x00\x00'}
2021-03-02  09:25:53 Tue root INFO ('\n\x00\x00\x00\x00\x00\x00\x00\x00\x00', '0', '0', 0, '0', '0', '0.0', '0.0', '0.0', '0', '0', '0', '0.0', '0.0', '0.0', '0', '0', '0', '0', '0', '0', '\n\x00\x00\x00\x00\x00\x00\x00\x00\x00', '\n\x00\x00\x00\x00\x00\x00\x00\x00\x00', '0', '0', '2021-03-02 09:25:53')
2021-03-02  09:25:53 Tue root INFO 成功添加数据
2021-03-02  09:27:14 Tue root INFO PLC6连接失败
2021-03-02  09:27:14 Tue root INFO plc连接状态:[1, 1, 1, 1, 1, 0]
2021-03-02  09:27:14 Tue root INFO mes_plc
2021-03-02  09:27:14 Tue root INFO 读取插入数据库数据：{'product_type': '\n\x07250 YDG\x00', 'r1_equipment_status': '7283', 'fail_code': '5', 'recerve': '0', 'prod_num': 35, 'r1_rob_no': '4', 'r1_weld_line_no': '0', 'r1_electric': '182.4508056640625', 'r1_voltage': '-12.091290473937988', 'r1_speed': '0.0', 'r1_job': '0', 'r2_rob_no': '0', 'r2_weld_line_no': '0', 'r2_electric': '0.0', 'r2_voltage': '0.0', 'r2_speed': '0.0', 'r2_job': '0', 'replace_status': '0', 'part_status': '0', 'r1_protective_gas': '0', 'r1_welding_wire': '0', 'r2_protective_gas': '0', 'r2_welding_wire': '0', 'login_id': '\n\x00\x00\x00\x00\x00\x00\x00\x00\x00', 'login_password': '\n\x00\x00\x00\x00\x00\x00\x00\x00\x00'}
2021-03-02  09:27:14 Tue root INFO ('\n\x07250 YDG\x00', '7283', '5', 35, '4', '0', '182.4508056640625', '-12.091290473937988', '0.0', '0', '0', '0', '0.0', '0.0', '0.0', '0', '0', '0', '0', '0', '0', '\n\x00\x00\x00\x00\x00\x00\x00\x00\x00', '\n\x00\x00\x00\x00\x00\x00\x00\x00\x00', '0', '0', '2021-03-02 09:27:14')
2021-03-02  09:27:14 Tue root INFO 成功添加数据
2021-03-02  09:27:14 Tue root INFO mes_plc_r2
2021-03-02  09:27:15 Tue root INFO 读取插入数据库数据：{'product_type': '\n\x07250 TJ2\x00', 'r1_equipment_status': '0', 'fail_code': '0', 'recerve': '0', 'prod_num': 412, 'r1_rob_no': '104', 'r1_weld_line_no': '0', 'r1_electric': '0.0', 'r1_voltage': '0.0', 'r1_speed': '0.0', 'r1_job': '0', 'r2_rob_no': '0', 'r2_weld_line_no': '0', 'r2_electric': '0.0', 'r2_voltage': '0.0', 'r2_speed': '0.0', 'r2_job': '0', 'replace_status': '0', 'part_status': '0', 'r1_protective_gas': '0', 'r1_welding_wire': '0', 'r2_protective_gas': '0', 'r2_welding_wire': '0', 'login_id': '\n\x00\x00\x00\x00\x00\x00\x00\x00\x00', 'login_password': '\n\x00\x00\x00\x00\x00\x00\x00\x00\x00'}
2021-03-02  09:27:15 Tue root INFO ('\n\x07250 TJ2\x00', '0', '0', 412, '104', '0', '0.0', '0.0', '0.0', '0', '0', '0', '0.0', '0.0', '0.0', '0', '0', '0', '0', '0', '0', '\n\x00\x00\x00\x00\x00\x00\x00\x00\x00', '\n\x00\x00\x00\x00\x00\x00\x00\x00\x00', '0', '0', '2021-03-02 09:27:15')
2021-03-02  09:27:15 Tue root INFO 成功添加数据
2021-03-02  09:27:15 Tue root INFO mes_plc_r3
2021-03-02  09:27:15 Tue root INFO 读取插入数据库数据：{'product_type': '\n\x07250 TJ3\x00', 'r1_equipment_status': '0', 'fail_code': '0', 'recerve': '0', 'prod_num': 411, 'r1_rob_no': '4', 'r1_weld_line_no': '0', 'r1_electric': '184.85243225097656', 'r1_voltage': '-2.7560763359069824', 'r1_speed': '0.0', 'r1_job': '0', 'r2_rob_no': '0', 'r2_weld_line_no': '0', 'r2_electric': '0.0', 'r2_voltage': '0.0', 'r2_speed': '0.0', 'r2_job': '0', 'replace_status': '0', 'part_status': '0', 'r1_protective_gas': '0', 'r1_welding_wire': '0', 'r2_protective_gas': '0', 'r2_welding_wire': '0', 'login_id': '\n\x00\x00\x00\x00\x00\x00\x00\x00\x00', 'login_password': '\n\x00\x00\x00\x00\x00\x00\x00\x00\x00'}
2021-03-02  09:27:15 Tue root INFO ('\n\x07250 TJ3\x00', '0', '0', 411, '4', '0', '184.85243225097656', '-2.7560763359069824', '0.0', '0', '0', '0', '0.0', '0.0', '0.0', '0', '0', '0', '0', '0', '0', '\n\x00\x00\x00\x00\x00\x00\x00\x00\x00', '\n\x00\x00\x00\x00\x00\x00\x00\x00\x00', '0', '0', '2021-03-02 09:27:15')
2021-03-02  09:27:15 Tue root INFO 成功添加数据
2021-03-02  09:27:15 Tue root INFO mes_plc_r4
2021-03-02  09:27:15 Tue root INFO 读取插入数据库数据：{'product_type': '\n\x02AA\x00\x00\x00\x00\x00\x00', 'r1_equipment_status': '2562', 'fail_code': '16962', 'recerve': '0', 'prod_num': 0, 'r1_rob_no': '0', 'r1_weld_line_no': '0', 'r1_electric': '9.727692471237622e-22', 'r1_voltage': '2.802596928649634e-45', 'r1_speed': '1.3775324423698682e-38', 'r1_job': '17208', 'r2_rob_no': '23628', 'r2_weld_line_no': '16721', 'r2_electric': '3.6893488147419103e+19', 'r2_voltage': '0.0', 'r2_speed': '0.0', 'r2_job': '0', 'replace_status': '0', 'part_status': '0', 'r1_protective_gas': '0', 'r1_welding_wire': '0', 'r2_protective_gas': '0', 'r2_welding_wire': '0', 'login_id': '\x00\x00\x00\x00\x00 \x00\x00\x00\x00', 'login_password': '\n\x00\x00\x00\x00\x00\x00\x00\x00\x00'}
2021-03-02  09:27:15 Tue root INFO ('\n\x02AA\x00\x00\x00\x00\x00\x00', '2562', '16962', 0, '0', '0', '9.727692471237622e-22', '2.802596928649634e-45', '1.3775324423698682e-38', '17208', '23628', '16721', '3.6893488147419103e+19', '0.0', '0.0', '0', '0', '0', '0', '0', '0', '\x00\x00\x00\x00\x00 \x00\x00\x00\x00', '\n\x00\x00\x00\x00\x00\x00\x00\x00\x00', '0', '0', '2021-03-02 09:27:15')
2021-03-02  09:27:15 Tue root INFO 成功添加数据
2021-03-02  09:27:15 Tue root INFO mes_plc_r5
2021-03-02  09:27:16 Tue root INFO 读取插入数据库数据：{'product_type': '\n\x00\x00\x00\x00\x00\x00\x00\x00\x00', 'r1_equipment_status': '0', 'fail_code': '0', 'recerve': '0', 'prod_num': 0, 'r1_rob_no': '0', 'r1_weld_line_no': '0', 'r1_electric': '0.0', 'r1_voltage': '0.0', 'r1_speed': '0.0', 'r1_job': '0', 'r2_rob_no': '0', 'r2_weld_line_no': '0', 'r2_electric': '0.0', 'r2_voltage': '0.0', 'r2_speed': '0.0', 'r2_job': '0', 'replace_status': '0', 'part_status': '0', 'r1_protective_gas': '0', 'r1_welding_wire': '0', 'r2_protective_gas': '0', 'r2_welding_wire': '0', 'login_id': '\n\x00\x00\x00\x00\x00\x00\x00\x00\x00', 'login_password': '\n\x00\x00\x00\x00\x00\x00\x00\x00\x00'}
2021-03-02  09:27:16 Tue root INFO ('\n\x00\x00\x00\x00\x00\x00\x00\x00\x00', '0', '0', 0, '0', '0', '0.0', '0.0', '0.0', '0', '0', '0', '0.0', '0.0', '0.0', '0', '0', '0', '0', '0', '0', '\n\x00\x00\x00\x00\x00\x00\x00\x00\x00', '\n\x00\x00\x00\x00\x00\x00\x00\x00\x00', '0', '0', '2021-03-02 09:27:16')
2021-03-02  09:27:16 Tue root INFO 成功添加数据
2021-03-02  09:28:37 Tue root INFO PLC6连接失败
2021-03-02  09:28:37 Tue root INFO plc连接状态:[1, 1, 1, 1, 1, 0]
2021-03-02  09:28:37 Tue root INFO mes_plc
2021-03-02  09:28:37 Tue root INFO 读取插入数据库数据：{'product_type': '\n\x07250 YDG\x00', 'r1_equipment_status': '7329', 'fail_code': '5', 'recerve': '0', 'prod_num': 35, 'r1_rob_no': '4', 'r1_weld_line_no': '0', 'r1_electric': '182.47975158691406', 'r1_voltage': '13.30295181274414', 'r1_speed': '0.0', 'r1_job': '0', 'r2_rob_no': '0', 'r2_weld_line_no': '0', 'r2_electric': '0.0', 'r2_voltage': '0.0', 'r2_speed': '0.0', 'r2_job': '0', 'replace_status': '0', 'part_status': '0', 'r1_protective_gas': '0', 'r1_welding_wire': '0', 'r2_protective_gas': '0', 'r2_welding_wire': '0', 'login_id': '\n\x00\x00\x00\x00\x00\x00\x00\x00\x00', 'login_password': '\n\x00\x00\x00\x00\x00\x00\x00\x00\x00'}
2021-03-02  09:28:37 Tue root INFO ('\n\x07250 YDG\x00', '7329', '5', 35, '4', '0', '182.47975158691406', '13.30295181274414', '0.0', '0', '0', '0', '0.0', '0.0', '0.0', '0', '0', '0', '0', '0', '0', '\n\x00\x00\x00\x00\x00\x00\x00\x00\x00', '\n\x00\x00\x00\x00\x00\x00\x00\x00\x00', '0', '0', '2021-03-02 09:28:37')
2021-03-02  09:28:37 Tue root INFO 成功添加数据
2021-03-02  09:28:37 Tue root INFO mes_plc_r2
2021-03-02  09:28:37 Tue root INFO 读取插入数据库数据：{'product_type': '\n\x07250 TJ2\x00', 'r1_equipment_status': '0', 'fail_code': '0', 'recerve': '0', 'prod_num': 412, 'r1_rob_no': '104', 'r1_weld_line_no': '0', 'r1_electric': '0.0', 'r1_voltage': '0.0', 'r1_speed': '0.0', 'r1_job': '0', 'r2_rob_no': '0', 'r2_weld_line_no': '0', 'r2_electric': '0.0', 'r2_voltage': '0.0', 'r2_speed': '0.0', 'r2_job': '0', 'replace_status': '0', 'part_status': '0', 'r1_protective_gas': '0', 'r1_welding_wire': '0', 'r2_protective_gas': '0', 'r2_welding_wire': '0', 'login_id': '\n\x00\x00\x00\x00\x00\x00\x00\x00\x00', 'login_password': '\n\x00\x00\x00\x00\x00\x00\x00\x00\x00'}
2021-03-02  09:28:37 Tue root INFO ('\n\x07250 TJ2\x00', '0', '0', 412, '104', '0', '0.0', '0.0', '0.0', '0', '0', '0', '0.0', '0.0', '0.0', '0', '0', '0', '0', '0', '0', '\n\x00\x00\x00\x00\x00\x00\x00\x00\x00', '\n\x00\x00\x00\x00\x00\x00\x00\x00\x00', '0', '0', '2021-03-02 09:28:37')
2021-03-02  09:28:37 Tue root INFO 成功添加数据
2021-03-02  09:28:37 Tue root INFO mes_plc_r3
2021-03-02  09:28:37 Tue root INFO 读取插入数据库数据：{'product_type': '\n\x07250 TJ3\x00', 'r1_equipment_status': '0', 'fail_code': '0', 'recerve': '0', 'prod_num': 411, 'r1_rob_no': '4', 'r1_weld_line_no': '0', 'r1_electric': '184.765625', 'r1_voltage': '13.841869354248047', 'r1_speed': '0.0', 'r1_job': '0', 'r2_rob_no': '0', 'r2_weld_line_no': '0', 'r2_electric': '0.0', 'r2_voltage': '0.0', 'r2_speed': '0.0', 'r2_job': '0', 'replace_status': '0', 'part_status': '0', 'r1_protective_gas': '0', 'r1_welding_wire': '0', 'r2_protective_gas': '0', 'r2_welding_wire': '0', 'login_id': '\n\x00\x00\x00\x00\x00\x00\x00\x00\x00', 'login_password': '\n\x00\x00\x00\x00\x00\x00\x00\x00\x00'}
2021-03-02  09:28:37 Tue root INFO ('\n\x07250 TJ3\x00', '0', '0', 411, '4', '0', '184.765625', '13.841869354248047', '0.0', '0', '0', '0', '0.0', '0.0', '0.0', '0', '0', '0', '0', '0', '0', '\n\x00\x00\x00\x00\x00\x00\x00\x00\x00', '\n\x00\x00\x00\x00\x00\x00\x00\x00\x00', '0', '0', '2021-03-02 09:28:37')
2021-03-02  09:28:38 Tue root INFO 成功添加数据
2021-03-02  09:28:38 Tue root INFO mes_plc_r4
2021-03-02  09:28:38 Tue root INFO 读取插入数据库数据：{'product_type': '\n\x02AA\x00\x00\x00\x00\x00\x00', 'r1_equipment_status': '2562', 'fail_code': '16962', 'recerve': '0', 'prod_num': 0, 'r1_rob_no': '0', 'r1_weld_line_no': '0', 'r1_electric': '9.727692471237622e-22', 'r1_voltage': '2.802596928649634e-45', 'r1_speed': '1.3775324423698682e-38', 'r1_job': '17208', 'r2_rob_no': '21731', 'r2_weld_line_no': '16721', 'r2_electric': '-1.2967404927621828e-13', 'r2_voltage': '0.0', 'r2_speed': '0.0', 'r2_job': '0', 'replace_status': '0', 'part_status': '0', 'r1_protective_gas': '0', 'r1_welding_wire': '0', 'r2_protective_gas': '0', 'r2_welding_wire': '0', 'login_id': '\x00\x00\x00\x00\x00 \x00\x00\x00\x00', 'login_password': '\n\x00\x00\x00\x00\x00\x00\x00\x00\x00'}
2021-03-02  09:28:38 Tue root INFO ('\n\x02AA\x00\x00\x00\x00\x00\x00', '2562', '16962', 0, '0', '0', '9.727692471237622e-22', '2.802596928649634e-45', '1.3775324423698682e-38', '17208', '21731', '16721', '-1.2967404927621828e-13', '0.0', '0.0', '0', '0', '0', '0', '0', '0', '\x00\x00\x00\x00\x00 \x00\x00\x00\x00', '\n\x00\x00\x00\x00\x00\x00\x00\x00\x00', '0', '0', '2021-03-02 09:28:38')
2021-03-02  09:28:38 Tue root INFO 成功添加数据
2021-03-02  09:28:38 Tue root INFO mes_plc_r5
2021-03-02  09:28:38 Tue root INFO 读取插入数据库数据：{'product_type': '\n\x00\x00\x00\x00\x00\x00\x00\x00\x00', 'r1_equipment_status': '0', 'fail_code': '0', 'recerve': '0', 'prod_num': 0, 'r1_rob_no': '0', 'r1_weld_line_no': '0', 'r1_electric': '0.0', 'r1_voltage': '0.0', 'r1_speed': '0.0', 'r1_job': '0', 'r2_rob_no': '0', 'r2_weld_line_no': '0', 'r2_electric': '0.0', 'r2_voltage': '0.0', 'r2_speed': '0.0', 'r2_job': '0', 'replace_status': '0', 'part_status': '0', 'r1_protective_gas': '0', 'r1_welding_wire': '0', 'r2_protective_gas': '0', 'r2_welding_wire': '0', 'login_id': '\n\x00\x00\x00\x00\x00\x00\x00\x00\x00', 'login_password': '\n\x00\x00\x00\x00\x00\x00\x00\x00\x00'}
2021-03-02  09:28:38 Tue root INFO ('\n\x00\x00\x00\x00\x00\x00\x00\x00\x00', '0', '0', 0, '0', '0', '0.0', '0.0', '0.0', '0', '0', '0', '0.0', '0.0', '0.0', '0', '0', '0', '0', '0', '0', '\n\x00\x00\x00\x00\x00\x00\x00\x00\x00', '\n\x00\x00\x00\x00\x00\x00\x00\x00\x00', '0', '0', '2021-03-02 09:28:38')
2021-03-02  09:28:38 Tue root INFO 成功添加数据
2021-03-02  09:29:59 Tue root INFO PLC6连接失败
2021-03-02  09:29:59 Tue root INFO plc连接状态:[1, 1, 1, 1, 1, 0]
2021-03-02  09:29:59 Tue root INFO mes_plc
2021-03-02  09:29:59 Tue root INFO 读取插入数据库数据：{'product_type': '\n\x07250 ZDG\x00', 'r1_equipment_status': '6817', 'fail_code': '5', 'recerve': '0', 'prod_num': 36, 'r1_rob_no': '104', 'r1_weld_line_no': '0', 'r1_electric': '182.43634033203125', 'r1_voltage': '-15.79861068725586', 'r1_speed': '0.0', 'r1_job': '0', 'r2_rob_no': '0', 'r2_weld_line_no': '0', 'r2_electric': '0.0', 'r2_voltage': '0.0', 'r2_speed': '0.0', 'r2_job': '0', 'replace_status': '0', 'part_status': '0', 'r1_protective_gas': '0', 'r1_welding_wire': '0', 'r2_protective_gas': '0', 'r2_welding_wire': '0', 'login_id': '\n\x00\x00\x00\x00\x00\x00\x00\x00\x00', 'login_password': '\n\x00\x00\x00\x00\x00\x00\x00\x00\x00'}
2021-03-02  09:29:59 Tue root INFO ('\n\x07250 ZDG\x00', '6817', '5', 36, '104', '0', '182.43634033203125', '-15.79861068725586', '0.0', '0', '0', '0', '0.0', '0.0', '0.0', '0', '0', '0', '0', '0', '0', '\n\x00\x00\x00\x00\x00\x00\x00\x00\x00', '\n\x00\x00\x00\x00\x00\x00\x00\x00\x00', '0', '0', '2021-03-02 09:29:59')
2021-03-02  09:29:59 Tue root INFO 成功添加数据
2021-03-02  09:29:59 Tue root INFO mes_plc_r2
2021-03-02  09:30:00 Tue root INFO 读取插入数据库数据：{'product_type': '\n\x07250 TJ2\x00', 'r1_equipment_status': '0', 'fail_code': '0', 'recerve': '0', 'prod_num': 412, 'r1_rob_no': '104', 'r1_weld_line_no': '0', 'r1_electric': '0.0', 'r1_voltage': '0.0', 'r1_speed': '0.0', 'r1_job': '0', 'r2_rob_no': '0', 'r2_weld_line_no': '0', 'r2_electric': '0.0', 'r2_voltage': '0.0', 'r2_speed': '0.0', 'r2_job': '0', 'replace_status': '0', 'part_status': '0', 'r1_protective_gas': '0', 'r1_welding_wire': '0', 'r2_protective_gas': '0', 'r2_welding_wire': '0', 'login_id': '\n\x00\x00\x00\x00\x00\x00\x00\x00\x00', 'login_password': '\n\x00\x00\x00\x00\x00\x00\x00\x00\x00'}
2021-03-02  09:30:00 Tue root INFO ('\n\x07250 TJ2\x00', '0', '0', 412, '104', '0', '0.0', '0.0', '0.0', '0', '0', '0', '0.0', '0.0', '0.0', '0', '0', '0', '0', '0', '0', '\n\x00\x00\x00\x00\x00\x00\x00\x00\x00', '\n\x00\x00\x00\x00\x00\x00\x00\x00\x00', '0', '0', '2021-03-02 09:30:00')
2021-03-02  09:30:00 Tue root INFO 成功添加数据
2021-03-02  09:30:00 Tue root INFO mes_plc_r3
2021-03-02  09:30:00 Tue root INFO 读取插入数据库数据：{'product_type': '\n\x07250 TJ4\x00', 'r1_equipment_status': '0', 'fail_code': '0', 'recerve': '0', 'prod_num': 412, 'r1_rob_no': '104', 'r1_weld_line_no': '0', 'r1_electric': '184.75115966796875', 'r1_voltage': '13.78038215637207', 'r1_speed': '0.0', 'r1_job': '0', 'r2_rob_no': '0', 'r2_weld_line_no': '0', 'r2_electric': '0.0', 'r2_voltage': '0.0', 'r2_speed': '0.0', 'r2_job': '0', 'replace_status': '0', 'part_status': '0', 'r1_protective_gas': '0', 'r1_welding_wire': '0', 'r2_protective_gas': '0', 'r2_welding_wire': '0', 'login_id': '\n\x00\x00\x00\x00\x00\x00\x00\x00\x00', 'login_password': '\n\x00\x00\x00\x00\x00\x00\x00\x00\x00'}
2021-03-02  09:30:00 Tue root INFO ('\n\x07250 TJ4\x00', '0', '0', 412, '104', '0', '184.75115966796875', '13.78038215637207', '0.0', '0', '0', '0', '0.0', '0.0', '0.0', '0', '0', '0', '0', '0', '0', '\n\x00\x00\x00\x00\x00\x00\x00\x00\x00', '\n\x00\x00\x00\x00\x00\x00\x00\x00\x00', '0', '0', '2021-03-02 09:30:00')
2021-03-02  09:30:00 Tue root INFO 成功添加数据
2021-03-02  09:30:00 Tue root INFO mes_plc_r4
2021-03-02  09:30:00 Tue root INFO 读取插入数据库数据：{'product_type': '\n\x02AA\x00\x00\x00\x00\x00\x00', 'r1_equipment_status': '2562', 'fail_code': '16962', 'recerve': '0', 'prod_num': 0, 'r1_rob_no': '0', 'r1_weld_line_no': '0', 'r1_electric': '9.727692471237622e-22', 'r1_voltage': '2.802596928649634e-45', 'r1_speed': '1.3775324423698682e-38', 'r1_job': '17208', 'r2_rob_no': '21731', 'r2_weld_line_no': '16721', 'r2_electric': '2.6916866914644546e+37', 'r2_voltage': '0.0', 'r2_speed': '0.0', 'r2_job': '0', 'replace_status': '0', 'part_status': '0', 'r1_protective_gas': '0', 'r1_welding_wire': '0', 'r2_protective_gas': '0', 'r2_welding_wire': '0', 'login_id': '\x00\x00\x00\x00\x00 \x00\x00\x00\x00', 'login_password': '\n\x00\x00\x00\x00\x00\x00\x00\x00\x00'}
2021-03-02  09:30:00 Tue root INFO ('\n\x02AA\x00\x00\x00\x00\x00\x00', '2562', '16962', 0, '0', '0', '9.727692471237622e-22', '2.802596928649634e-45', '1.3775324423698682e-38', '17208', '21731', '16721', '2.6916866914644546e+37', '0.0', '0.0', '0', '0', '0', '0', '0', '0', '\x00\x00\x00\x00\x00 \x00\x00\x00\x00', '\n\x00\x00\x00\x00\x00\x00\x00\x00\x00', '0', '0', '2021-03-02 09:30:00')
2021-03-02  09:30:00 Tue root INFO 成功添加数据
2021-03-02  09:30:00 Tue root INFO mes_plc_r5
2021-03-02  09:30:01 Tue root INFO 读取插入数据库数据：{'product_type': '\n\x00\x00\x00\x00\x00\x00\x00\x00\x00', 'r1_equipment_status': '0', 'fail_code': '0', 'recerve': '0', 'prod_num': 0, 'r1_rob_no': '0', 'r1_weld_line_no': '0', 'r1_electric': '0.0', 'r1_voltage': '0.0', 'r1_speed': '0.0', 'r1_job': '0', 'r2_rob_no': '0', 'r2_weld_line_no': '0', 'r2_electric': '0.0', 'r2_voltage': '0.0', 'r2_speed': '0.0', 'r2_job': '0', 'replace_status': '0', 'part_status': '0', 'r1_protective_gas': '0', 'r1_welding_wire': '0', 'r2_protective_gas': '0', 'r2_welding_wire': '0', 'login_id': '\n\x00\x00\x00\x00\x00\x00\x00\x00\x00', 'login_password': '\n\x00\x00\x00\x00\x00\x00\x00\x00\x00'}
2021-03-02  09:30:01 Tue root INFO ('\n\x00\x00\x00\x00\x00\x00\x00\x00\x00', '0', '0', 0, '0', '0', '0.0', '0.0', '0.0', '0', '0', '0', '0.0', '0.0', '0.0', '0', '0', '0', '0', '0', '0', '\n\x00\x00\x00\x00\x00\x00\x00\x00\x00', '\n\x00\x00\x00\x00\x00\x00\x00\x00\x00', '0', '0', '2021-03-02 09:30:01')
2021-03-02  09:30:01 Tue root INFO 成功添加数据
2021-03-02  09:31:22 Tue root INFO PLC6连接失败
2021-03-02  09:31:22 Tue root INFO plc连接状态:[1, 1, 1, 1, 1, 0]
2021-03-02  09:31:22 Tue root INFO mes_plc
2021-03-02  09:31:22 Tue root INFO 读取插入数据库数据：{'product_type': '\n\x07250 ZDG\x00', 'r1_equipment_status': '7329', 'fail_code': '5', 'recerve': '0', 'prod_num': 36, 'r1_rob_no': '104', 'r1_weld_line_no': '0', 'r1_electric': '182.43634033203125', 'r1_voltage': '13.30295181274414', 'r1_speed': '0.0', 'r1_job': '0', 'r2_rob_no': '0', 'r2_weld_line_no': '0', 'r2_electric': '0.0', 'r2_voltage': '0.0', 'r2_speed': '0.0', 'r2_job': '0', 'replace_status': '0', 'part_status': '0', 'r1_protective_gas': '0', 'r1_welding_wire': '0', 'r2_protective_gas': '0', 'r2_welding_wire': '0', 'login_id': '\n\x00\x00\x00\x00\x00\x00\x00\x00\x00', 'login_password': '\n\x00\x00\x00\x00\x00\x00\x00\x00\x00'}
2021-03-02  09:31:22 Tue root INFO ('\n\x07250 ZDG\x00', '7329', '5', 36, '104', '0', '182.43634033203125', '13.30295181274414', '0.0', '0', '0', '0', '0.0', '0.0', '0.0', '0', '0', '0', '0', '0', '0', '\n\x00\x00\x00\x00\x00\x00\x00\x00\x00', '\n\x00\x00\x00\x00\x00\x00\x00\x00\x00', '0', '0', '2021-03-02 09:31:22')
2021-03-02  09:31:22 Tue root INFO 成功添加数据
2021-03-02  09:31:22 Tue root INFO mes_plc_r2
2021-03-02  09:31:22 Tue root INFO 读取插入数据库数据：{'product_type': '\n\x07250 TJ2\x00', 'r1_equipment_status': '0', 'fail_code': '0', 'recerve': '0', 'prod_num': 412, 'r1_rob_no': '104', 'r1_weld_line_no': '0', 'r1_electric': '0.0', 'r1_voltage': '0.0', 'r1_speed': '0.0', 'r1_job': '0', 'r2_rob_no': '0', 'r2_weld_line_no': '0', 'r2_electric': '0.0', 'r2_voltage': '0.0', 'r2_speed': '0.0', 'r2_job': '0', 'replace_status': '0', 'part_status': '0', 'r1_protective_gas': '0', 'r1_welding_wire': '0', 'r2_protective_gas': '0', 'r2_welding_wire': '0', 'login_id': '\n\x00\x00\x00\x00\x00\x00\x00\x00\x00', 'login_password': '\n\x00\x00\x00\x00\x00\x00\x00\x00\x00'}
2021-03-02  09:31:22 Tue root INFO ('\n\x07250 TJ2\x00', '0', '0', 412, '104', '0', '0.0', '0.0', '0.0', '0', '0', '0', '0.0', '0.0', '0.0', '0', '0', '0', '0', '0', '0', '\n\x00\x00\x00\x00\x00\x00\x00\x00\x00', '\n\x00\x00\x00\x00\x00\x00\x00\x00\x00', '0', '0', '2021-03-02 09:31:22')
2021-03-02  09:31:22 Tue root INFO 成功添加数据
2021-03-02  09:31:22 Tue root INFO mes_plc_r3
2021-03-02  09:31:22 Tue root INFO 读取插入数据库数据：{'product_type': '\n\x07250 TJ4\x00', 'r1_equipment_status': '0', 'fail_code': '0', 'recerve': '0', 'prod_num': 412, 'r1_rob_no': '104', 'r1_weld_line_no': '0', 'r1_electric': '184.63540649414062', 'r1_voltage': '13.827401161193848', 'r1_speed': '0.0', 'r1_job': '0', 'r2_rob_no': '0', 'r2_weld_line_no': '0', 'r2_electric': '0.0', 'r2_voltage': '0.0', 'r2_speed': '0.0', 'r2_job': '0', 'replace_status': '0', 'part_status': '0', 'r1_protective_gas': '0', 'r1_welding_wire': '0', 'r2_protective_gas': '0', 'r2_welding_wire': '0', 'login_id': '\n\x00\x00\x00\x00\x00\x00\x00\x00\x00', 'login_password': '\n\x00\x00\x00\x00\x00\x00\x00\x00\x00'}
2021-03-02  09:31:22 Tue root INFO ('\n\x07250 TJ4\x00', '0', '0', 412, '104', '0', '184.63540649414062', '13.827401161193848', '0.0', '0', '0', '0', '0.0', '0.0', '0.0', '0', '0', '0', '0', '0', '0', '\n\x00\x00\x00\x00\x00\x00\x00\x00\x00', '\n\x00\x00\x00\x00\x00\x00\x00\x00\x00', '0', '0', '2021-03-02 09:31:22')
2021-03-02  09:31:22 Tue root INFO 成功添加数据
2021-03-02  09:31:22 Tue root INFO mes_plc_r4
2021-03-02  09:31:23 Tue root INFO 读取插入数据库数据：{'product_type': '\n\x02AA\x00\x00\x00\x00\x00\x00', 'r1_equipment_status': '2562', 'fail_code': '16962', 'recerve': '0', 'prod_num': 0, 'r1_rob_no': '0', 'r1_weld_line_no': '0', 'r1_electric': '9.727692471237622e-22', 'r1_voltage': '2.802596928649634e-45', 'r1_speed': '1.3775324423698682e-38', 'r1_job': '17208', 'r2_rob_no': '21731', 'r2_weld_line_no': '16721', 'r2_electric': '-1.6047303883528737e-22', 'r2_voltage': '0.0', 'r2_speed': '0.0', 'r2_job': '0', 'replace_status': '0', 'part_status': '0', 'r1_protective_gas': '0', 'r1_welding_wire': '0', 'r2_protective_gas': '0', 'r2_welding_wire': '0', 'login_id': '\x00\x00\x00\x00\x00 \x00\x00\x00\x00', 'login_password': '\n\x00\x00\x00\x00\x00\x00\x00\x00\x00'}
2021-03-02  09:31:23 Tue root INFO ('\n\x02AA\x00\x00\x00\x00\x00\x00', '2562', '16962', 0, '0', '0', '9.727692471237622e-22', '2.802596928649634e-45', '1.3775324423698682e-38', '17208', '21731', '16721', '-1.6047303883528737e-22', '0.0', '0.0', '0', '0', '0', '0', '0', '0', '\x00\x00\x00\x00\x00 \x00\x00\x00\x00', '\n\x00\x00\x00\x00\x00\x00\x00\x00\x00', '0', '0', '2021-03-02 09:31:23')
2021-03-02  09:31:23 Tue root INFO 成功添加数据
2021-03-02  09:31:23 Tue root INFO mes_plc_r5
2021-03-02  09:31:23 Tue root INFO 读取插入数据库数据：{'product_type': '\n\x00\x00\x00\x00\x00\x00\x00\x00\x00', 'r1_equipment_status': '0', 'fail_code': '0', 'recerve': '0', 'prod_num': 0, 'r1_rob_no': '0', 'r1_weld_line_no': '0', 'r1_electric': '0.0', 'r1_voltage': '0.0', 'r1_speed': '0.0', 'r1_job': '0', 'r2_rob_no': '0', 'r2_weld_line_no': '0', 'r2_electric': '0.0', 'r2_voltage': '0.0', 'r2_speed': '0.0', 'r2_job': '0', 'replace_status': '0', 'part_status': '0', 'r1_protective_gas': '0', 'r1_welding_wire': '0', 'r2_protective_gas': '0', 'r2_welding_wire': '0', 'login_id': '\n\x00\x00\x00\x00\x00\x00\x00\x00\x00', 'login_password': '\n\x00\x00\x00\x00\x00\x00\x00\x00\x00'}
2021-03-02  09:31:23 Tue root INFO ('\n\x00\x00\x00\x00\x00\x00\x00\x00\x00', '0', '0', 0, '0', '0', '0.0', '0.0', '0.0', '0', '0', '0', '0.0', '0.0', '0.0', '0', '0', '0', '0', '0', '0', '\n\x00\x00\x00\x00\x00\x00\x00\x00\x00', '\n\x00\x00\x00\x00\x00\x00\x00\x00\x00', '0', '0', '2021-03-02 09:31:23')
2021-03-02  09:31:23 Tue root INFO 成功添加数据
2021-03-02  09:32:44 Tue root INFO PLC6连接失败
2021-03-02  09:32:44 Tue root INFO plc连接状态:[1, 1, 1, 1, 1, 0]
2021-03-02  09:32:44 Tue root INFO mes_plc
2021-03-02  09:32:44 Tue root INFO 读取插入数据库数据：{'product_type': '\n\x07250 ZDG\x00', 'r1_equipment_status': '7329', 'fail_code': '5', 'recerve': '0', 'prod_num': 36, 'r1_rob_no': '104', 'r1_weld_line_no': '0', 'r1_electric': '182.4652862548828', 'r1_voltage': '13.28125', 'r1_speed': '0.0', 'r1_job': '0', 'r2_rob_no': '0', 'r2_weld_line_no': '0', 'r2_electric': '0.0', 'r2_voltage': '0.0', 'r2_speed': '0.0', 'r2_job': '0', 'replace_status': '0', 'part_status': '0', 'r1_protective_gas': '0', 'r1_welding_wire': '0', 'r2_protective_gas': '0', 'r2_welding_wire': '0', 'login_id': '\n\x00\x00\x00\x00\x00\x00\x00\x00\x00', 'login_password': '\n\x00\x00\x00\x00\x00\x00\x00\x00\x00'}
2021-03-02  09:32:44 Tue root INFO ('\n\x07250 ZDG\x00', '7329', '5', 36, '104', '0', '182.4652862548828', '13.28125', '0.0', '0', '0', '0', '0.0', '0.0', '0.0', '0', '0', '0', '0', '0', '0', '\n\x00\x00\x00\x00\x00\x00\x00\x00\x00', '\n\x00\x00\x00\x00\x00\x00\x00\x00\x00', '0', '0', '2021-03-02 09:32:44')
2021-03-02  09:32:44 Tue root INFO 成功添加数据
2021-03-02  09:32:44 Tue root INFO mes_plc_r2
2021-03-02  09:32:45 Tue root INFO 读取插入数据库数据：{'product_type': '\n\x07250 TJ2\x00', 'r1_equipment_status': '0', 'fail_code': '0', 'recerve': '0', 'prod_num': 412, 'r1_rob_no': '104', 'r1_weld_line_no': '0', 'r1_electric': '0.0', 'r1_voltage': '0.0', 'r1_speed': '0.0', 'r1_job': '0', 'r2_rob_no': '0', 'r2_weld_line_no': '0', 'r2_electric': '0.0', 'r2_voltage': '0.0', 'r2_speed': '0.0', 'r2_job': '0', 'replace_status': '0', 'part_status': '0', 'r1_protective_gas': '0', 'r1_welding_wire': '0', 'r2_protective_gas': '0', 'r2_welding_wire': '0', 'login_id': '\n\x00\x00\x00\x00\x00\x00\x00\x00\x00', 'login_password': '\n\x00\x00\x00\x00\x00\x00\x00\x00\x00'}
2021-03-02  09:32:45 Tue root INFO ('\n\x07250 TJ2\x00', '0', '0', 412, '104', '0', '0.0', '0.0', '0.0', '0', '0', '0', '0.0', '0.0', '0.0', '0', '0', '0', '0', '0', '0', '\n\x00\x00\x00\x00\x00\x00\x00\x00\x00', '\n\x00\x00\x00\x00\x00\x00\x00\x00\x00', '0', '0', '2021-03-02 09:32:45')
2021-03-02  09:32:45 Tue root INFO 成功添加数据
2021-03-02  09:32:45 Tue root INFO mes_plc_r3
2021-03-02  09:32:45 Tue root INFO 读取插入数据库数据：{'product_type': '\n\x07250 TJ3\x00', 'r1_equipment_status': '0', 'fail_code': '0', 'recerve': '0', 'prod_num': 413, 'r1_rob_no': '4', 'r1_weld_line_no': '0', 'r1_electric': '184.62095642089844', 'r1_voltage': '-2.8284144401550293', 'r1_speed': '0.0', 'r1_job': '0', 'r2_rob_no': '0', 'r2_weld_line_no': '0', 'r2_electric': '0.0', 'r2_voltage': '0.0', 'r2_speed': '0.0', 'r2_job': '0', 'replace_status': '0', 'part_status': '0', 'r1_protective_gas': '0', 'r1_welding_wire': '0', 'r2_protective_gas': '0', 'r2_welding_wire': '0', 'login_id': '\n\x00\x00\x00\x00\x00\x00\x00\x00\x00', 'login_password': '\n\x00\x00\x00\x00\x00\x00\x00\x00\x00'}
2021-03-02  09:32:45 Tue root INFO ('\n\x07250 TJ3\x00', '0', '0', 413, '4', '0', '184.62095642089844', '-2.8284144401550293', '0.0', '0', '0', '0', '0.0', '0.0', '0.0', '0', '0', '0', '0', '0', '0', '\n\x00\x00\x00\x00\x00\x00\x00\x00\x00', '\n\x00\x00\x00\x00\x00\x00\x00\x00\x00', '0', '0', '2021-03-02 09:32:45')
2021-03-02  09:32:45 Tue root INFO 成功添加数据
2021-03-02  09:32:45 Tue root INFO mes_plc_r4
2021-03-02  09:32:45 Tue root INFO 读取插入数据库数据：{'product_type': '\n\x02AA\x00\x00\x00\x00\x00\x00', 'r1_equipment_status': '2562', 'fail_code': '16962', 'recerve': '0', 'prod_num': 0, 'r1_rob_no': '0', 'r1_weld_line_no': '0', 'r1_electric': '9.727692471237622e-22', 'r1_voltage': '2.802596928649634e-45', 'r1_speed': '1.3775324423698682e-38', 'r1_job': '17208', 'r2_rob_no': '18887', 'r2_weld_line_no': '16721', 'r2_electric': '-1.2967404927621828e-13', 'r2_voltage': '0.0', 'r2_speed': '0.0', 'r2_job': '0', 'replace_status': '0', 'part_status': '0', 'r1_protective_gas': '0', 'r1_welding_wire': '0', 'r2_protective_gas': '0', 'r2_welding_wire': '0', 'login_id': '\x00\x00\x00\x00\x00 \x00\x00\x00\x00', 'login_password': '\n\x00\x00\x00\x00\x00\x00\x00\x00\x00'}
2021-03-02  09:32:45 Tue root INFO ('\n\x02AA\x00\x00\x00\x00\x00\x00', '2562', '16962', 0, '0', '0', '9.727692471237622e-22', '2.802596928649634e-45', '1.3775324423698682e-38', '17208', '18887', '16721', '-1.2967404927621828e-13', '0.0', '0.0', '0', '0', '0', '0', '0', '0', '\x00\x00\x00\x00\x00 \x00\x00\x00\x00', '\n\x00\x00\x00\x00\x00\x00\x00\x00\x00', '0', '0', '2021-03-02 09:32:45')
2021-03-02  09:32:45 Tue root INFO 成功添加数据
2021-03-02  09:32:45 Tue root INFO mes_plc_r5
2021-03-02  09:32:46 Tue root INFO 读取插入数据库数据：{'product_type': '\n\x00\x00\x00\x00\x00\x00\x00\x00\x00', 'r1_equipment_status': '0', 'fail_code': '0', 'recerve': '0', 'prod_num': 0, 'r1_rob_no': '0', 'r1_weld_line_no': '0', 'r1_electric': '0.0', 'r1_voltage': '0.0', 'r1_speed': '0.0', 'r1_job': '0', 'r2_rob_no': '0', 'r2_weld_line_no': '0', 'r2_electric': '0.0', 'r2_voltage': '0.0', 'r2_speed': '0.0', 'r2_job': '0', 'replace_status': '0', 'part_status': '0', 'r1_protective_gas': '0', 'r1_welding_wire': '0', 'r2_protective_gas': '0', 'r2_welding_wire': '0', 'login_id': '\n\x00\x00\x00\x00\x00\x00\x00\x00\x00', 'login_password': '\n\x00\x00\x00\x00\x00\x00\x00\x00\x00'}
2021-03-02  09:32:46 Tue root INFO ('\n\x00\x00\x00\x00\x00\x00\x00\x00\x00', '0', '0', 0, '0', '0', '0.0', '0.0', '0.0', '0', '0', '0', '0.0', '0.0', '0.0', '0', '0', '0', '0', '0', '0', '\n\x00\x00\x00\x00\x00\x00\x00\x00\x00', '\n\x00\x00\x00\x00\x00\x00\x00\x00\x00', '0', '0', '2021-03-02 09:32:46')
2021-03-02  09:32:46 Tue root INFO 成功添加数据
2021-03-02  09:34:07 Tue root INFO PLC6连接失败
2021-03-02  09:34:07 Tue root INFO plc连接状态:[1, 1, 1, 1, 1, 0]
2021-03-02  09:34:07 Tue root INFO mes_plc
2021-03-02  09:34:07 Tue root INFO 读取插入数据库数据：{'product_type': '\n\x00\x00\x00\x00\x00\x00\x00\x00\x00', 'r1_equipment_status': '2560', 'fail_code': '0', 'recerve': '0', 'prod_num': 0, 'r1_rob_no': '0', 'r1_weld_line_no': '0', 'r1_electric': '8.536552389161262e-22', 'r1_voltage': '5.044674471569341e-44', 'r1_speed': '0.0', 'r1_job': '17206', 'r2_rob_no': '-32199', 'r2_weld_line_no': '16724', 'r2_electric': '8.715097876569077e+29', 'r2_voltage': '0.0', 'r2_speed': '0.0', 'r2_job': '0', 'replace_status': '0', 'part_status': '0', 'r1_protective_gas': '0', 'r1_welding_wire': '0', 'r2_protective_gas': '0', 'r2_welding_wire': '0', 'login_id': '\x00\x00\x00\x00\x00\x00\x00\x00\x00\x00', 'login_password': '\n\x00\x00\x00\x00\x00\x00\x00\x00\x00'}
2021-03-02  09:34:07 Tue root INFO ('\n\x00\x00\x00\x00\x00\x00\x00\x00\x00', '2560', '0', 0, '0', '0', '8.536552389161262e-22', '5.044674471569341e-44', '0.0', '17206', '-32199', '16724', '8.715097876569077e+29', '0.0', '0.0', '0', '0', '0', '0', '0', '0', '\x00\x00\x00\x00\x00\x00\x00\x00\x00\x00', '\n\x00\x00\x00\x00\x00\x00\x00\x00\x00', '0', '0', '2021-03-02 09:34:07')
2021-03-02  09:34:07 Tue root INFO 成功添加数据
2021-03-02  09:34:07 Tue root INFO mes_plc_r2
2021-03-02  09:34:07 Tue root INFO 读取插入数据库数据：{'product_type': '\n\x07250 TJ1\x00', 'r1_equipment_status': '0', 'fail_code': '0', 'recerve': '0', 'prod_num': 413, 'r1_rob_no': '4', 'r1_weld_line_no': '0', 'r1_electric': '0.0', 'r1_voltage': '0.0', 'r1_speed': '0.0', 'r1_job': '0', 'r2_rob_no': '0', 'r2_weld_line_no': '0', 'r2_electric': '0.0', 'r2_voltage': '0.0', 'r2_speed': '0.0', 'r2_job': '0', 'replace_status': '0', 'part_status': '0', 'r1_protective_gas': '0', 'r1_welding_wire': '0', 'r2_protective_gas': '0', 'r2_welding_wire': '0', 'login_id': '\n\x00\x00\x00\x00\x00\x00\x00\x00\x00', 'login_password': '\n\x00\x00\x00\x00\x00\x00\x00\x00\x00'}
2021-03-02  09:34:07 Tue root INFO ('\n\x07250 TJ1\x00', '0', '0', 413, '4', '0', '0.0', '0.0', '0.0', '0', '0', '0', '0.0', '0.0', '0.0', '0', '0', '0', '0', '0', '0', '\n\x00\x00\x00\x00\x00\x00\x00\x00\x00', '\n\x00\x00\x00\x00\x00\x00\x00\x00\x00', '0', '0', '2021-03-02 09:34:07')
2021-03-02  09:34:07 Tue root INFO 成功添加数据
2021-03-02  09:34:07 Tue root INFO mes_plc_r3
2021-03-02  09:34:08 Tue root INFO 读取插入数据库数据：{'product_type': '\n\x07250 TJ3\x00', 'r1_equipment_status': '0', 'fail_code': '0', 'recerve': '0', 'prod_num': 413, 'r1_rob_no': '4', 'r1_weld_line_no': '0', 'r1_electric': '184.54861450195312', 'r1_voltage': '13.838252067565918', 'r1_speed': '0.0', 'r1_job': '0', 'r2_rob_no': '0', 'r2_weld_line_no': '0', 'r2_electric': '0.0', 'r2_voltage': '0.0', 'r2_speed': '0.0', 'r2_job': '0', 'replace_status': '0', 'part_status': '0', 'r1_protective_gas': '0', 'r1_welding_wire': '0', 'r2_protective_gas': '0', 'r2_welding_wire': '0', 'login_id': '\n\x00\x00\x00\x00\x00\x00\x00\x00\x00', 'login_password': '\n\x00\x00\x00\x00\x00\x00\x00\x00\x00'}
2021-03-02  09:34:08 Tue root INFO ('\n\x07250 TJ3\x00', '0', '0', 413, '4', '0', '184.54861450195312', '13.838252067565918', '0.0', '0', '0', '0', '0.0', '0.0', '0.0', '0', '0', '0', '0', '0', '0', '\n\x00\x00\x00\x00\x00\x00\x00\x00\x00', '\n\x00\x00\x00\x00\x00\x00\x00\x00\x00', '0', '0', '2021-03-02 09:34:08')
2021-03-02  09:34:08 Tue root INFO 成功添加数据
2021-03-02  09:34:08 Tue root INFO mes_plc_r4
2021-03-02  09:34:08 Tue root INFO 读取插入数据库数据：{'product_type': '\n\x02AA\x00\x00\x00\x00\x00\x00', 'r1_equipment_status': '2562', 'fail_code': '16962', 'recerve': '0', 'prod_num': 0, 'r1_rob_no': '0', 'r1_weld_line_no': '0', 'r1_electric': '9.727692471237622e-22', 'r1_voltage': '2.802596928649634e-45', 'r1_speed': '1.3775324423698682e-38', 'r1_job': '17208', 'r2_rob_no': '16991', 'r2_weld_line_no': '16721', 'r2_electric': '-92160.0', 'r2_voltage': '0.0', 'r2_speed': '0.0', 'r2_job': '0', 'replace_status': '0', 'part_status': '0', 'r1_protective_gas': '0', 'r1_welding_wire': '0', 'r2_protective_gas': '0', 'r2_welding_wire': '0', 'login_id': '\x00\x00\x00\x00\x00 \x00\x00\x00\x00', 'login_password': '\n\x00\x00\x00\x00\x00\x00\x00\x00\x00'}
2021-03-02  09:34:08 Tue root INFO ('\n\x02AA\x00\x00\x00\x00\x00\x00', '2562', '16962', 0, '0', '0', '9.727692471237622e-22', '2.802596928649634e-45', '1.3775324423698682e-38', '17208', '16991', '16721', '-92160.0', '0.0', '0.0', '0', '0', '0', '0', '0', '0', '\x00\x00\x00\x00\x00 \x00\x00\x00\x00', '\n\x00\x00\x00\x00\x00\x00\x00\x00\x00', '0', '0', '2021-03-02 09:34:08')
2021-03-02  09:34:08 Tue root INFO 成功添加数据
2021-03-02  09:34:08 Tue root INFO mes_plc_r5
2021-03-02  09:34:08 Tue root INFO 读取插入数据库数据：{'product_type': '\n\x00\x00\x00\x00\x00\x00\x00\x00\x00', 'r1_equipment_status': '0', 'fail_code': '0', 'recerve': '0', 'prod_num': 0, 'r1_rob_no': '0', 'r1_weld_line_no': '0', 'r1_electric': '0.0', 'r1_voltage': '0.0', 'r1_speed': '0.0', 'r1_job': '0', 'r2_rob_no': '0', 'r2_weld_line_no': '0', 'r2_electric': '0.0', 'r2_voltage': '0.0', 'r2_speed': '0.0', 'r2_job': '0', 'replace_status': '0', 'part_status': '0', 'r1_protective_gas': '0', 'r1_welding_wire': '0', 'r2_protective_gas': '0', 'r2_welding_wire': '0', 'login_id': '\n\x00\x00\x00\x00\x00\x00\x00\x00\x00', 'login_password': '\n\x00\x00\x00\x00\x00\x00\x00\x00\x00'}
2021-03-02  09:34:08 Tue root INFO ('\n\x00\x00\x00\x00\x00\x00\x00\x00\x00', '0', '0', 0, '0', '0', '0.0', '0.0', '0.0', '0', '0', '0', '0.0', '0.0', '0.0', '0', '0', '0', '0', '0', '0', '\n\x00\x00\x00\x00\x00\x00\x00\x00\x00', '\n\x00\x00\x00\x00\x00\x00\x00\x00\x00', '0', '0', '2021-03-02 09:34:08')
2021-03-02  09:34:08 Tue root INFO 成功添加数据
2021-03-02  09:35:29 Tue root INFO PLC6连接失败
2021-03-02  09:35:29 Tue root INFO plc连接状态:[1, 1, 1, 1, 1, 0]
2021-03-02  09:35:29 Tue root INFO mes_plc
2021-03-02  09:35:30 Tue root INFO 读取插入数据库数据：{'product_type': '\n\x07250 YDG\x00', 'r1_equipment_status': '2560', 'fail_code': '0', 'recerve': '0', 'prod_num': 0, 'r1_rob_no': '0', 'r1_weld_line_no': '0', 'r1_electric': '8.040221807306355e-22', 'r1_voltage': '5.044674471569341e-44', 'r1_speed': '3.6734198463196485e-40', 'r1_job': '17206', 'r2_rob_no': '-29354', 'r2_weld_line_no': '16724', 'r2_electric': '-0.002960205078125', 'r2_voltage': '0.0', 'r2_speed': '0.0', 'r2_job': '0', 'replace_status': '0', 'part_status': '0', 'r1_protective_gas': '0', 'r1_welding_wire': '0', 'r2_protective_gas': '0', 'r2_welding_wire': '0', 'login_id': '\x00\x00\x00\x00\x00\x00\x00\x00\x00\x00', 'login_password': '\n\x00\x00\x00\x00\x00\x00\x00\x00\x00'}
2021-03-02  09:35:30 Tue root INFO ('\n\x07250 YDG\x00', '2560', '0', 0, '0', '0', '8.040221807306355e-22', '5.044674471569341e-44', '3.6734198463196485e-40', '17206', '-29354', '16724', '-0.002960205078125', '0.0', '0.0', '0', '0', '0', '0', '0', '0', '\x00\x00\x00\x00\x00\x00\x00\x00\x00\x00', '\n\x00\x00\x00\x00\x00\x00\x00\x00\x00', '0', '0', '2021-03-02 09:35:30')
2021-03-02  09:35:30 Tue root INFO 成功添加数据
2021-03-02  09:35:30 Tue root INFO mes_plc_r2
2021-03-02  09:35:30 Tue root INFO 读取插入数据库数据：{'product_type': '\n\x07250 TJ1\x00', 'r1_equipment_status': '0', 'fail_code': '0', 'recerve': '0', 'prod_num': 413, 'r1_rob_no': '4', 'r1_weld_line_no': '0', 'r1_electric': '0.0', 'r1_voltage': '0.0', 'r1_speed': '0.0', 'r1_job': '0', 'r2_rob_no': '0', 'r2_weld_line_no': '0', 'r2_electric': '0.0', 'r2_voltage': '0.0', 'r2_speed': '0.0', 'r2_job': '0', 'replace_status': '0', 'part_status': '0', 'r1_protective_gas': '0', 'r1_welding_wire': '0', 'r2_protective_gas': '0', 'r2_welding_wire': '0', 'login_id': '\n\x00\x00\x00\x00\x00\x00\x00\x00\x00', 'login_password': '\n\x00\x00\x00\x00\x00\x00\x00\x00\x00'}
2021-03-02  09:35:30 Tue root INFO ('\n\x07250 TJ1\x00', '0', '0', 413, '4', '0', '0.0', '0.0', '0.0', '0', '0', '0', '0.0', '0.0', '0.0', '0', '0', '0', '0', '0', '0', '\n\x00\x00\x00\x00\x00\x00\x00\x00\x00', '\n\x00\x00\x00\x00\x00\x00\x00\x00\x00', '0', '0', '2021-03-02 09:35:30')
2021-03-02  09:35:30 Tue root INFO 成功添加数据
2021-03-02  09:35:30 Tue root INFO mes_plc_r3
2021-03-02  09:35:30 Tue root INFO 读取插入数据库数据：{'product_type': '\n\x07250 TJ4\x00', 'r1_equipment_status': '0', 'fail_code': '0', 'recerve': '0', 'prod_num': 414, 'r1_rob_no': '104', 'r1_weld_line_no': '0', 'r1_electric': '184.60647583007812', 'r1_voltage': '-3.0526621341705322', 'r1_speed': '0.0', 'r1_job': '0', 'r2_rob_no': '0', 'r2_weld_line_no': '0', 'r2_electric': '0.0', 'r2_voltage': '0.0', 'r2_speed': '0.0', 'r2_job': '0', 'replace_status': '0', 'part_status': '0', 'r1_protective_gas': '0', 'r1_welding_wire': '0', 'r2_protective_gas': '0', 'r2_welding_wire': '0', 'login_id': '\n\x00\x00\x00\x00\x00\x00\x00\x00\x00', 'login_password': '\n\x00\x00\x00\x00\x00\x00\x00\x00\x00'}
2021-03-02  09:35:30 Tue root INFO ('\n\x07250 TJ4\x00', '0', '0', 414, '104', '0', '184.60647583007812', '-3.0526621341705322', '0.0', '0', '0', '0', '0.0', '0.0', '0.0', '0', '0', '0', '0', '0', '0', '\n\x00\x00\x00\x00\x00\x00\x00\x00\x00', '\n\x00\x00\x00\x00\x00\x00\x00\x00\x00', '0', '0', '2021-03-02 09:35:30')
2021-03-02  09:35:30 Tue root INFO 成功添加数据
2021-03-02  09:35:30 Tue root INFO mes_plc_r4
2021-03-02  09:35:30 Tue root INFO 读取插入数据库数据：{'product_type': '\n\x02AA\x00\x00\x00\x00\x00\x00', 'r1_equipment_status': '2562', 'fail_code': '16962', 'recerve': '0', 'prod_num': 0, 'r1_rob_no': '0', 'r1_weld_line_no': '0', 'r1_electric': '9.727692471237622e-22', 'r1_voltage': '2.802596928649634e-45', 'r1_speed': '1.3775324423698682e-38', 'r1_job': '17208', 'r2_rob_no': '17939', 'r2_weld_line_no': '16721', 'r2_electric': '-1.6047303883528737e-22', 'r2_voltage': '0.0', 'r2_speed': '0.0', 'r2_job': '0', 'replace_status': '0', 'part_status': '0', 'r1_protective_gas': '0', 'r1_welding_wire': '0', 'r2_protective_gas': '0', 'r2_welding_wire': '0', 'login_id': '\x00\x00\x00\x00\x00 \x00\x00\x00\x00', 'login_password': '\n\x00\x00\x00\x00\x00\x00\x00\x00\x00'}
2021-03-02  09:35:30 Tue root INFO ('\n\x02AA\x00\x00\x00\x00\x00\x00', '2562', '16962', 0, '0', '0', '9.727692471237622e-22', '2.802596928649634e-45', '1.3775324423698682e-38', '17208', '17939', '16721', '-1.6047303883528737e-22', '0.0', '0.0', '0', '0', '0', '0', '0', '0', '\x00\x00\x00\x00\x00 \x00\x00\x00\x00', '\n\x00\x00\x00\x00\x00\x00\x00\x00\x00', '0', '0', '2021-03-02 09:35:30')
2021-03-02  09:35:30 Tue root INFO 成功添加数据
2021-03-02  09:35:30 Tue root INFO mes_plc_r5
2021-03-02  09:35:31 Tue root INFO 读取插入数据库数据：{'product_type': '\n\x00\x00\x00\x00\x00\x00\x00\x00\x00', 'r1_equipment_status': '0', 'fail_code': '0', 'recerve': '0', 'prod_num': 0, 'r1_rob_no': '0', 'r1_weld_line_no': '0', 'r1_electric': '0.0', 'r1_voltage': '0.0', 'r1_speed': '0.0', 'r1_job': '0', 'r2_rob_no': '0', 'r2_weld_line_no': '0', 'r2_electric': '0.0', 'r2_voltage': '0.0', 'r2_speed': '0.0', 'r2_job': '0', 'replace_status': '0', 'part_status': '0', 'r1_protective_gas': '0', 'r1_welding_wire': '0', 'r2_protective_gas': '0', 'r2_welding_wire': '0', 'login_id': '\n\x00\x00\x00\x00\x00\x00\x00\x00\x00', 'login_password': '\n\x00\x00\x00\x00\x00\x00\x00\x00\x00'}
2021-03-02  09:35:31 Tue root INFO ('\n\x00\x00\x00\x00\x00\x00\x00\x00\x00', '0', '0', 0, '0', '0', '0.0', '0.0', '0.0', '0', '0', '0', '0.0', '0.0', '0.0', '0', '0', '0', '0', '0', '0', '\n\x00\x00\x00\x00\x00\x00\x00\x00\x00', '\n\x00\x00\x00\x00\x00\x00\x00\x00\x00', '0', '0', '2021-03-02 09:35:31')
2021-03-02  09:35:31 Tue root INFO 成功添加数据
2021-03-02  09:36:52 Tue root INFO PLC6连接失败
2021-03-02  09:36:52 Tue root INFO plc连接状态:[1, 1, 1, 1, 1, 0]
2021-03-02  09:36:52 Tue root INFO mes_plc
2021-03-02  09:36:52 Tue root INFO 读取插入数据库数据：{'product_type': '\n\x07250 YDG\x00', 'r1_equipment_status': '2567', 'fail_code': '12853', 'recerve': '12320', 'prod_num': 23108, 'r1_rob_no': '18176', 'r1_weld_line_no': '0', 'r1_electric': '6.65883674766553e-23', 'r1_voltage': '5.184804318001823e-44', 'r1_speed': '3.6734198463196485e-40', 'r1_job': '17206', 'r2_rob_no': '-27458', 'r2_weld_line_no': '16718', 'r2_electric': '-5.893661864440322e-24', 'r2_voltage': '0.0', 'r2_speed': '9.550891600431086e-39', 'r2_job': '0', 'replace_status': '0', 'part_status': '0', 'r1_protective_gas': '0', 'r1_welding_wire': '0', 'r2_protective_gas': '0', 'r2_welding_wire': '0', 'login_id': '\x00\x00\x00\x00\x00\x00\x00\x00\x00\x00', 'login_password': '\n\x00\x00\x00\x00\x00\x00\x00\x00\x00'}
2021-03-02  09:36:52 Tue root INFO ('\n\x07250 YDG\x00', '2567', '12853', 23108, '18176', '0', '6.65883674766553e-23', '5.184804318001823e-44', '3.6734198463196485e-40', '17206', '-27458', '16718', '-5.893661864440322e-24', '0.0', '9.550891600431086e-39', '0', '0', '0', '0', '0', '0', '\x00\x00\x00\x00\x00\x00\x00\x00\x00\x00', '\n\x00\x00\x00\x00\x00\x00\x00\x00\x00', '0', '12320', '2021-03-02 09:36:52')
2021-03-02  09:36:52 Tue root INFO 成功添加数据
2021-03-02  09:36:52 Tue root INFO mes_plc_r2
2021-03-02  09:36:52 Tue root INFO 读取插入数据库数据：{'product_type': '\n\x07250 TJ1\x00', 'r1_equipment_status': '0', 'fail_code': '0', 'recerve': '0', 'prod_num': 413, 'r1_rob_no': '4', 'r1_weld_line_no': '0', 'r1_electric': '0.0', 'r1_voltage': '0.0', 'r1_speed': '0.0', 'r1_job': '0', 'r2_rob_no': '0', 'r2_weld_line_no': '0', 'r2_electric': '0.0', 'r2_voltage': '0.0', 'r2_speed': '0.0', 'r2_job': '0', 'replace_status': '0', 'part_status': '0', 'r1_protective_gas': '0', 'r1_welding_wire': '0', 'r2_protective_gas': '0', 'r2_welding_wire': '0', 'login_id': '\n\x00\x00\x00\x00\x00\x00\x00\x00\x00', 'login_password': '\n\x00\x00\x00\x00\x00\x00\x00\x00\x00'}
2021-03-02  09:36:52 Tue root INFO ('\n\x07250 TJ1\x00', '0', '0', 413, '4', '0', '0.0', '0.0', '0.0', '0', '0', '0', '0.0', '0.0', '0.0', '0', '0', '0', '0', '0', '0', '\n\x00\x00\x00\x00\x00\x00\x00\x00\x00', '\n\x00\x00\x00\x00\x00\x00\x00\x00\x00', '0', '0', '2021-03-02 09:36:52')
2021-03-02  09:36:52 Tue root INFO 成功添加数据
2021-03-02  09:36:52 Tue root INFO mes_plc_r3
2021-03-02  09:36:53 Tue root INFO 读取插入数据库数据：{'product_type': '\n\x07250 TJ4\x00', 'r1_equipment_status': '0', 'fail_code': '0', 'recerve': '0', 'prod_num': 414, 'r1_rob_no': '104', 'r1_weld_line_no': '0', 'r1_electric': '184.53414916992188', 'r1_voltage': '13.852720260620117', 'r1_speed': '0.0', 'r1_job': '0', 'r2_rob_no': '0', 'r2_weld_line_no': '0', 'r2_electric': '0.0', 'r2_voltage': '0.0', 'r2_speed': '0.0', 'r2_job': '0', 'replace_status': '0', 'part_status': '0', 'r1_protective_gas': '0', 'r1_welding_wire': '0', 'r2_protective_gas': '0', 'r2_welding_wire': '0', 'login_id': '\n\x00\x00\x00\x00\x00\x00\x00\x00\x00', 'login_password': '\n\x00\x00\x00\x00\x00\x00\x00\x00\x00'}
2021-03-02  09:36:53 Tue root INFO ('\n\x07250 TJ4\x00', '0', '0', 414, '104', '0', '184.53414916992188', '13.852720260620117', '0.0', '0', '0', '0', '0.0', '0.0', '0.0', '0', '0', '0', '0', '0', '0', '\n\x00\x00\x00\x00\x00\x00\x00\x00\x00', '\n\x00\x00\x00\x00\x00\x00\x00\x00\x00', '0', '0', '2021-03-02 09:36:53')
2021-03-02  09:36:53 Tue root INFO 成功添加数据
2021-03-02  09:36:53 Tue root INFO mes_plc_r4
2021-03-02  09:36:53 Tue root INFO 读取插入数据库数据：{'product_type': '\n\x02AA\x00\x00\x00\x00\x00\x00', 'r1_equipment_status': '2562', 'fail_code': '16962', 'recerve': '0', 'prod_num': 0, 'r1_rob_no': '0', 'r1_weld_line_no': '0', 'r1_electric': '9.727692471237622e-22', 'r1_voltage': '2.802596928649634e-45', 'r1_speed': '1.3775324423698682e-38', 'r1_job': '17208', 'r2_rob_no': '17939', 'r2_weld_line_no': '16721', 'r2_electric': '-1.6047303883528737e-22', 'r2_voltage': '0.0', 'r2_speed': '0.0', 'r2_job': '0', 'replace_status': '0', 'part_status': '0', 'r1_protective_gas': '0', 'r1_welding_wire': '0', 'r2_protective_gas': '0', 'r2_welding_wire': '0', 'login_id': '\x00\x00\x00\x00\x00 \x00\x00\x00\x00', 'login_password': '\n\x00\x00\x00\x00\x00\x00\x00\x00\x00'}
2021-03-02  09:36:53 Tue root INFO ('\n\x02AA\x00\x00\x00\x00\x00\x00', '2562', '16962', 0, '0', '0', '9.727692471237622e-22', '2.802596928649634e-45', '1.3775324423698682e-38', '17208', '17939', '16721', '-1.6047303883528737e-22', '0.0', '0.0', '0', '0', '0', '0', '0', '0', '\x00\x00\x00\x00\x00 \x00\x00\x00\x00', '\n\x00\x00\x00\x00\x00\x00\x00\x00\x00', '0', '0', '2021-03-02 09:36:53')
2021-03-02  09:36:53 Tue root INFO 成功添加数据
2021-03-02  09:36:53 Tue root INFO mes_plc_r5
2021-03-02  09:36:53 Tue root INFO 读取插入数据库数据：{'product_type': '\n\x00\x00\x00\x00\x00\x00\x00\x00\x00', 'r1_equipment_status': '0', 'fail_code': '0', 'recerve': '0', 'prod_num': 0, 'r1_rob_no': '0', 'r1_weld_line_no': '0', 'r1_electric': '0.0', 'r1_voltage': '0.0', 'r1_speed': '0.0', 'r1_job': '0', 'r2_rob_no': '0', 'r2_weld_line_no': '0', 'r2_electric': '0.0', 'r2_voltage': '0.0', 'r2_speed': '0.0', 'r2_job': '0', 'replace_status': '0', 'part_status': '0', 'r1_protective_gas': '0', 'r1_welding_wire': '0', 'r2_protective_gas': '0', 'r2_welding_wire': '0', 'login_id': '\n\x00\x00\x00\x00\x00\x00\x00\x00\x00', 'login_password': '\n\x00\x00\x00\x00\x00\x00\x00\x00\x00'}
2021-03-02  09:36:53 Tue root INFO ('\n\x00\x00\x00\x00\x00\x00\x00\x00\x00', '0', '0', 0, '0', '0', '0.0', '0.0', '0.0', '0', '0', '0', '0.0', '0.0', '0.0', '0', '0', '0', '0', '0', '0', '\n\x00\x00\x00\x00\x00\x00\x00\x00\x00', '\n\x00\x00\x00\x00\x00\x00\x00\x00\x00', '0', '0', '2021-03-02 09:36:53')
2021-03-02  09:36:53 Tue root INFO 成功添加数据
2021-03-02  09:38:14 Tue root INFO PLC6连接失败
2021-03-02  09:38:14 Tue root INFO plc连接状态:[1, 1, 1, 1, 1, 0]
2021-03-02  09:38:14 Tue root INFO mes_plc
2021-03-02  09:38:15 Tue root INFO 读取插入数据库数据：{'product_type': '\n\x07250 YDG\x00', 'r1_equipment_status': '2567', 'fail_code': '12853', 'recerve': '12320', 'prod_num': 23108, 'r1_rob_no': '18176', 'r1_weld_line_no': '0', 'r1_electric': '1.0654138796264848e-21', 'r1_voltage': '5.184804318001823e-44', 'r1_speed': '3.6734198463196485e-40', 'r1_job': '17206', 'r2_rob_no': '28596', 'r2_weld_line_no': '16724', 'r2_electric': '-2005509209063424.0', 'r2_voltage': '0.0', 'r2_speed': '9.550891600431086e-39', 'r2_job': '0', 'replace_status': '0', 'part_status': '0', 'r1_protective_gas': '0', 'r1_welding_wire': '0', 'r2_protective_gas': '0', 'r2_welding_wire': '0', 'login_id': '\x00\x00\x00\x00\x00\x00\x00\x00\x00\x00', 'login_password': '\n\x00\x00\x00\x00\x00\x00\x00\x00\x00'}
2021-03-02  09:38:15 Tue root INFO ('\n\x07250 YDG\x00', '2567', '12853', 23108, '18176', '0', '1.0654138796264848e-21', '5.184804318001823e-44', '3.6734198463196485e-40', '17206', '28596', '16724', '-2005509209063424.0', '0.0', '9.550891600431086e-39', '0', '0', '0', '0', '0', '0', '\x00\x00\x00\x00\x00\x00\x00\x00\x00\x00', '\n\x00\x00\x00\x00\x00\x00\x00\x00\x00', '0', '12320', '2021-03-02 09:38:15')
2021-03-02  09:38:15 Tue root INFO 成功添加数据
2021-03-02  09:38:15 Tue root INFO mes_plc_r2
2021-03-02  09:38:15 Tue root INFO 读取插入数据库数据：{'product_type': '\n\x07250 TJ1\x00', 'r1_equipment_status': '0', 'fail_code': '0', 'recerve': '0', 'prod_num': 413, 'r1_rob_no': '4', 'r1_weld_line_no': '0', 'r1_electric': '0.0', 'r1_voltage': '0.0', 'r1_speed': '0.0', 'r1_job': '0', 'r2_rob_no': '0', 'r2_weld_line_no': '0', 'r2_electric': '0.0', 'r2_voltage': '0.0', 'r2_speed': '0.0', 'r2_job': '0', 'replace_status': '0', 'part_status': '0', 'r1_protective_gas': '0', 'r1_welding_wire': '0', 'r2_protective_gas': '0', 'r2_welding_wire': '0', 'login_id': '\n\x00\x00\x00\x00\x00\x00\x00\x00\x00', 'login_password': '\n\x00\x00\x00\x00\x00\x00\x00\x00\x00'}
2021-03-02  09:38:15 Tue root INFO ('\n\x07250 TJ1\x00', '0', '0', 413, '4', '0', '0.0', '0.0', '0.0', '0', '0', '0', '0.0', '0.0', '0.0', '0', '0', '0', '0', '0', '0', '\n\x00\x00\x00\x00\x00\x00\x00\x00\x00', '\n\x00\x00\x00\x00\x00\x00\x00\x00\x00', '0', '0', '2021-03-02 09:38:15')
2021-03-02  09:38:15 Tue root INFO 成功添加数据
2021-03-02  09:38:15 Tue root INFO mes_plc_r3
2021-03-02  09:38:15 Tue root INFO 读取插入数据库数据：{'product_type': '\n\x07250 TJ3\x00', 'r1_equipment_status': '0', 'fail_code': '0', 'recerve': '0', 'prod_num': 415, 'r1_rob_no': '4', 'r1_weld_line_no': '0', 'r1_electric': '184.50521850585938', 'r1_voltage': '13.816550254821777', 'r1_speed': '0.0', 'r1_job': '0', 'r2_rob_no': '0', 'r2_weld_line_no': '0', 'r2_electric': '0.0', 'r2_voltage': '0.0', 'r2_speed': '0.0', 'r2_job': '0', 'replace_status': '0', 'part_status': '0', 'r1_protective_gas': '0', 'r1_welding_wire': '0', 'r2_protective_gas': '0', 'r2_welding_wire': '0', 'login_id': '\n\x00\x00\x00\x00\x00\x00\x00\x00\x00', 'login_password': '\n\x00\x00\x00\x00\x00\x00\x00\x00\x00'}
2021-03-02  09:38:15 Tue root INFO ('\n\x07250 TJ3\x00', '0', '0', 415, '4', '0', '184.50521850585938', '13.816550254821777', '0.0', '0', '0', '0', '0.0', '0.0', '0.0', '0', '0', '0', '0', '0', '0', '\n\x00\x00\x00\x00\x00\x00\x00\x00\x00', '\n\x00\x00\x00\x00\x00\x00\x00\x00\x00', '0', '0', '2021-03-02 09:38:15')
2021-03-02  09:38:15 Tue root INFO 成功添加数据
2021-03-02  09:38:15 Tue root INFO mes_plc_r4
2021-03-02  09:38:15 Tue root INFO 读取插入数据库数据：{'product_type': '\n\x02AA\x00\x00\x00\x00\x00\x00', 'r1_equipment_status': '2562', 'fail_code': '16962', 'recerve': '0', 'prod_num': 0, 'r1_rob_no': '0', 'r1_weld_line_no': '0', 'r1_electric': '9.727692471237622e-22', 'r1_voltage': '2.802596928649634e-45', 'r1_speed': '1.3775324423698682e-38', 'r1_job': '17208', 'r2_rob_no': '17939', 'r2_weld_line_no': '16721', 'r2_electric': '3.6893488147419103e+19', 'r2_voltage': '0.0', 'r2_speed': '0.0', 'r2_job': '0', 'replace_status': '0', 'part_status': '0', 'r1_protective_gas': '0', 'r1_welding_wire': '0', 'r2_protective_gas': '0', 'r2_welding_wire': '0', 'login_id': '\x00\x00\x00\x00\x00 \x00\x00\x00\x00', 'login_password': '\n\x00\x00\x00\x00\x00\x00\x00\x00\x00'}
2021-03-02  09:38:15 Tue root INFO ('\n\x02AA\x00\x00\x00\x00\x00\x00', '2562', '16962', 0, '0', '0', '9.727692471237622e-22', '2.802596928649634e-45', '1.3775324423698682e-38', '17208', '17939', '16721', '3.6893488147419103e+19', '0.0', '0.0', '0', '0', '0', '0', '0', '0', '\x00\x00\x00\x00\x00 \x00\x00\x00\x00', '\n\x00\x00\x00\x00\x00\x00\x00\x00\x00', '0', '0', '2021-03-02 09:38:15')
2021-03-02  09:38:16 Tue root INFO 成功添加数据
2021-03-02  09:38:16 Tue root INFO mes_plc_r5
2021-03-02  09:38:16 Tue root INFO 读取插入数据库数据：{'product_type': '\n\x00\x00\x00\x00\x00\x00\x00\x00\x00', 'r1_equipment_status': '0', 'fail_code': '0', 'recerve': '0', 'prod_num': 0, 'r1_rob_no': '0', 'r1_weld_line_no': '0', 'r1_electric': '0.0', 'r1_voltage': '0.0', 'r1_speed': '0.0', 'r1_job': '0', 'r2_rob_no': '0', 'r2_weld_line_no': '0', 'r2_electric': '0.0', 'r2_voltage': '0.0', 'r2_speed': '0.0', 'r2_job': '0', 'replace_status': '0', 'part_status': '0', 'r1_protective_gas': '0', 'r1_welding_wire': '0', 'r2_protective_gas': '0', 'r2_welding_wire': '0', 'login_id': '\n\x00\x00\x00\x00\x00\x00\x00\x00\x00', 'login_password': '\n\x00\x00\x00\x00\x00\x00\x00\x00\x00'}
2021-03-02  09:38:16 Tue root INFO ('\n\x00\x00\x00\x00\x00\x00\x00\x00\x00', '0', '0', 0, '0', '0', '0.0', '0.0', '0.0', '0', '0', '0', '0.0', '0.0', '0.0', '0', '0', '0', '0', '0', '0', '\n\x00\x00\x00\x00\x00\x00\x00\x00\x00', '\n\x00\x00\x00\x00\x00\x00\x00\x00\x00', '0', '0', '2021-03-02 09:38:16')
2021-03-02  09:38:16 Tue root INFO 成功添加数据
2021-03-02  09:39:37 Tue root INFO PLC6连接失败
2021-03-02  09:39:37 Tue root INFO plc连接状态:[1, 1, 1, 1, 1, 0]
2021-03-02  09:39:37 Tue root INFO mes_plc
2021-03-02  09:39:37 Tue root INFO 读取插入数据库数据：{'product_type': '\n\x07250 YDG\x00', 'r1_equipment_status': '2567', 'fail_code': '12853', 'recerve': '12320', 'prod_num': 23108, 'r1_rob_no': '18176', 'r1_weld_line_no': '0', 'r1_electric': '1.0654138796264848e-21', 'r1_voltage': '5.184804318001823e-44', 'r1_speed': '3.6734198463196485e-40', 'r1_job': '17206', 'r2_rob_no': '-32199', 'r2_weld_line_no': '16724', 'r2_electric': '-0.0', 'r2_voltage': '0.0', 'r2_speed': '9.550891600431086e-39', 'r2_job': '0', 'replace_status': '0', 'part_status': '0', 'r1_protective_gas': '0', 'r1_welding_wire': '0', 'r2_protective_gas': '0', 'r2_welding_wire': '0', 'login_id': '\x00\x00\x00\x00\x00\x00\x00\x00\x00\x00', 'login_password': '\n\x00\x00\x00\x00\x00\x00\x00\x00\x00'}
2021-03-02  09:39:37 Tue root INFO ('\n\x07250 YDG\x00', '2567', '12853', 23108, '18176', '0', '1.0654138796264848e-21', '5.184804318001823e-44', '3.6734198463196485e-40', '17206', '-32199', '16724', '-0.0', '0.0', '9.550891600431086e-39', '0', '0', '0', '0', '0', '0', '\x00\x00\x00\x00\x00\x00\x00\x00\x00\x00', '\n\x00\x00\x00\x00\x00\x00\x00\x00\x00', '0', '12320', '2021-03-02 09:39:37')
2021-03-02  09:39:37 Tue root INFO 成功添加数据
2021-03-02  09:39:37 Tue root INFO mes_plc_r2
2021-03-02  09:39:37 Tue root INFO 读取插入数据库数据：{'product_type': '\n\x07250 TJ2\x00', 'r1_equipment_status': '0', 'fail_code': '0', 'recerve': '0', 'prod_num': 414, 'r1_rob_no': '104', 'r1_weld_line_no': '0', 'r1_electric': '0.0', 'r1_voltage': '0.0', 'r1_speed': '0.0', 'r1_job': '0', 'r2_rob_no': '0', 'r2_weld_line_no': '0', 'r2_electric': '0.0', 'r2_voltage': '0.0', 'r2_speed': '0.0', 'r2_job': '0', 'replace_status': '0', 'part_status': '0', 'r1_protective_gas': '0', 'r1_welding_wire': '0', 'r2_protective_gas': '0', 'r2_welding_wire': '0', 'login_id': '\n\x00\x00\x00\x00\x00\x00\x00\x00\x00', 'login_password': '\n\x00\x00\x00\x00\x00\x00\x00\x00\x00'}
2021-03-02  09:39:37 Tue root INFO ('\n\x07250 TJ2\x00', '0', '0', 414, '104', '0', '0.0', '0.0', '0.0', '0', '0', '0', '0.0', '0.0', '0.0', '0', '0', '0', '0', '0', '0', '\n\x00\x00\x00\x00\x00\x00\x00\x00\x00', '\n\x00\x00\x00\x00\x00\x00\x00\x00\x00', '0', '0', '2021-03-02 09:39:37')
2021-03-02  09:39:37 Tue root INFO 成功添加数据
2021-03-02  09:39:37 Tue root INFO mes_plc_r3
2021-03-02  09:39:38 Tue root INFO 读取插入数据库数据：{'product_type': '\n\x07250 TJ4\x00', 'r1_equipment_status': '0', 'fail_code': '0', 'recerve': '0', 'prod_num': 416, 'r1_rob_no': '104', 'r1_weld_line_no': '0', 'r1_electric': '184.3315887451172', 'r1_voltage': '-7.722077369689941', 'r1_speed': '0.0', 'r1_job': '0', 'r2_rob_no': '0', 'r2_weld_line_no': '0', 'r2_electric': '0.0', 'r2_voltage': '0.0', 'r2_speed': '0.0', 'r2_job': '0', 'replace_status': '0', 'part_status': '0', 'r1_protective_gas': '0', 'r1_welding_wire': '0', 'r2_protective_gas': '0', 'r2_welding_wire': '0', 'login_id': '\n\x00\x00\x00\x00\x00\x00\x00\x00\x00', 'login_password': '\n\x00\x00\x00\x00\x00\x00\x00\x00\x00'}
2021-03-02  09:39:38 Tue root INFO ('\n\x07250 TJ4\x00', '0', '0', 416, '104', '0', '184.3315887451172', '-7.722077369689941', '0.0', '0', '0', '0', '0.0', '0.0', '0.0', '0', '0', '0', '0', '0', '0', '\n\x00\x00\x00\x00\x00\x00\x00\x00\x00', '\n\x00\x00\x00\x00\x00\x00\x00\x00\x00', '0', '0', '2021-03-02 09:39:38')
2021-03-02  09:39:38 Tue root INFO 成功添加数据
2021-03-02  09:39:38 Tue root INFO mes_plc_r4
2021-03-02  09:39:38 Tue root INFO 读取插入数据库数据：{'product_type': '\n\x02AA\x00\x00\x00\x00\x00\x00', 'r1_equipment_status': '2562', 'fail_code': '16962', 'recerve': '0', 'prod_num': 0, 'r1_rob_no': '0', 'r1_weld_line_no': '0', 'r1_electric': '9.727692471237622e-22', 'r1_voltage': '2.802596928649634e-45', 'r1_speed': '1.3775324423698682e-38', 'r1_job': '17208', 'r2_rob_no': '17939', 'r2_weld_line_no': '16721', 'r2_electric': '-1.6047303883528737e-22', 'r2_voltage': '0.0', 'r2_speed': '0.0', 'r2_job': '0', 'replace_status': '0', 'part_status': '0', 'r1_protective_gas': '0', 'r1_welding_wire': '0', 'r2_protective_gas': '0', 'r2_welding_wire': '0', 'login_id': '\x00\x00\x00\x00\x00 \x00\x00\x00\x00', 'login_password': '\n\x00\x00\x00\x00\x00\x00\x00\x00\x00'}
2021-03-02  09:39:38 Tue root INFO ('\n\x02AA\x00\x00\x00\x00\x00\x00', '2562', '16962', 0, '0', '0', '9.727692471237622e-22', '2.802596928649634e-45', '1.3775324423698682e-38', '17208', '17939', '16721', '-1.6047303883528737e-22', '0.0', '0.0', '0', '0', '0', '0', '0', '0', '\x00\x00\x00\x00\x00 \x00\x00\x00\x00', '\n\x00\x00\x00\x00\x00\x00\x00\x00\x00', '0', '0', '2021-03-02 09:39:38')
2021-03-02  09:39:38 Tue root INFO 成功添加数据
2021-03-02  09:39:38 Tue root INFO mes_plc_r5
2021-03-02  09:39:38 Tue root INFO 读取插入数据库数据：{'product_type': '\n\x00\x00\x00\x00\x00\x00\x00\x00\x00', 'r1_equipment_status': '0', 'fail_code': '0', 'recerve': '0', 'prod_num': 0, 'r1_rob_no': '0', 'r1_weld_line_no': '0', 'r1_electric': '0.0', 'r1_voltage': '0.0', 'r1_speed': '0.0', 'r1_job': '0', 'r2_rob_no': '0', 'r2_weld_line_no': '0', 'r2_electric': '0.0', 'r2_voltage': '0.0', 'r2_speed': '0.0', 'r2_job': '0', 'replace_status': '0', 'part_status': '0', 'r1_protective_gas': '0', 'r1_welding_wire': '0', 'r2_protective_gas': '0', 'r2_welding_wire': '0', 'login_id': '\n\x00\x00\x00\x00\x00\x00\x00\x00\x00', 'login_password': '\n\x00\x00\x00\x00\x00\x00\x00\x00\x00'}
2021-03-02  09:39:38 Tue root INFO ('\n\x00\x00\x00\x00\x00\x00\x00\x00\x00', '0', '0', 0, '0', '0', '0.0', '0.0', '0.0', '0', '0', '0', '0.0', '0.0', '0.0', '0', '0', '0', '0', '0', '0', '\n\x00\x00\x00\x00\x00\x00\x00\x00\x00', '\n\x00\x00\x00\x00\x00\x00\x00\x00\x00', '0', '0', '2021-03-02 09:39:38')
2021-03-02  09:39:38 Tue root INFO 成功添加数据
2021-03-02  09:40:59 Tue root INFO PLC6连接失败
2021-03-02  09:40:59 Tue root INFO plc连接状态:[1, 1, 1, 1, 1, 0]
2021-03-02  09:40:59 Tue root INFO mes_plc
2021-03-02  09:41:00 Tue root INFO 读取插入数据库数据：{'product_type': '\n\x07250 YDG\x00', 'r1_equipment_status': '2567', 'fail_code': '12853', 'recerve': '12320', 'prod_num': 23108, 'r1_rob_no': '18176', 'r1_weld_line_no': '0', 'r1_electric': '1.0654138796264848e-21', 'r1_voltage': '5.184804318001823e-44', 'r1_speed': '3.6734198463196485e-40', 'r1_job': '17206', 'r2_rob_no': '-30303', 'r2_weld_line_no': '16724', 'r2_electric': '-0.0', 'r2_voltage': '0.0', 'r2_speed': '9.550891600431086e-39', 'r2_job': '0', 'replace_status': '0', 'part_status': '0', 'r1_protective_gas': '0', 'r1_welding_wire': '0', 'r2_protective_gas': '0', 'r2_welding_wire': '0', 'login_id': '\x00\x00\x00\x00\x00\x00\x00\x00\x00\x00', 'login_password': '\n\x00\x00\x00\x00\x00\x00\x00\x00\x00'}
2021-03-02  09:41:00 Tue root INFO ('\n\x07250 YDG\x00', '2567', '12853', 23108, '18176', '0', '1.0654138796264848e-21', '5.184804318001823e-44', '3.6734198463196485e-40', '17206', '-30303', '16724', '-0.0', '0.0', '9.550891600431086e-39', '0', '0', '0', '0', '0', '0', '\x00\x00\x00\x00\x00\x00\x00\x00\x00\x00', '\n\x00\x00\x00\x00\x00\x00\x00\x00\x00', '0', '12320', '2021-03-02 09:41:00')
2021-03-02  09:41:00 Tue root INFO 成功添加数据
2021-03-02  09:41:00 Tue root INFO mes_plc_r2
2021-03-02  09:41:00 Tue root INFO 读取插入数据库数据：{'product_type': '\n\x07250 TJ2\x00', 'r1_equipment_status': '0', 'fail_code': '0', 'recerve': '0', 'prod_num': 414, 'r1_rob_no': '104', 'r1_weld_line_no': '0', 'r1_electric': '0.0', 'r1_voltage': '0.0', 'r1_speed': '0.0', 'r1_job': '0', 'r2_rob_no': '0', 'r2_weld_line_no': '0', 'r2_electric': '0.0', 'r2_voltage': '0.0', 'r2_speed': '0.0', 'r2_job': '0', 'replace_status': '0', 'part_status': '0', 'r1_protective_gas': '0', 'r1_welding_wire': '0', 'r2_protective_gas': '0', 'r2_welding_wire': '0', 'login_id': '\n\x00\x00\x00\x00\x00\x00\x00\x00\x00', 'login_password': '\n\x00\x00\x00\x00\x00\x00\x00\x00\x00'}
2021-03-02  09:41:00 Tue root INFO ('\n\x07250 TJ2\x00', '0', '0', 414, '104', '0', '0.0', '0.0', '0.0', '0', '0', '0', '0.0', '0.0', '0.0', '0', '0', '0', '0', '0', '0', '\n\x00\x00\x00\x00\x00\x00\x00\x00\x00', '\n\x00\x00\x00\x00\x00\x00\x00\x00\x00', '0', '0', '2021-03-02 09:41:00')
2021-03-02  09:41:00 Tue root INFO 成功添加数据
2021-03-02  09:41:00 Tue root INFO mes_plc_r3
2021-03-02  09:41:00 Tue root INFO 读取插入数据库数据：{'product_type': '\n\x07250 TJ4\x00', 'r1_equipment_status': '0', 'fail_code': '0', 'recerve': '0', 'prod_num': 416, 'r1_rob_no': '104', 'r1_weld_line_no': '0', 'r1_electric': '184.36053466796875', 'r1_voltage': '13.841869354248047', 'r1_speed': '0.0', 'r1_job': '0', 'r2_rob_no': '0', 'r2_weld_line_no': '0', 'r2_electric': '0.0', 'r2_voltage': '0.0', 'r2_speed': '0.0', 'r2_job': '0', 'replace_status': '0', 'part_status': '0', 'r1_protective_gas': '0', 'r1_welding_wire': '0', 'r2_protective_gas': '0', 'r2_welding_wire': '0', 'login_id': '\n\x00\x00\x00\x00\x00\x00\x00\x00\x00', 'login_password': '\n\x00\x00\x00\x00\x00\x00\x00\x00\x00'}
2021-03-02  09:41:00 Tue root INFO ('\n\x07250 TJ4\x00', '0', '0', 416, '104', '0', '184.36053466796875', '13.841869354248047', '0.0', '0', '0', '0', '0.0', '0.0', '0.0', '0', '0', '0', '0', '0', '0', '\n\x00\x00\x00\x00\x00\x00\x00\x00\x00', '\n\x00\x00\x00\x00\x00\x00\x00\x00\x00', '0', '0', '2021-03-02 09:41:00')
2021-03-02  09:41:00 Tue root INFO 成功添加数据
2021-03-02  09:41:00 Tue root INFO mes_plc_r4
2021-03-02  09:41:00 Tue root INFO 读取插入数据库数据：{'product_type': '\n\x02AA\x00\x00\x00\x00\x00\x00', 'r1_equipment_status': '2562', 'fail_code': '16962', 'recerve': '0', 'prod_num': 0, 'r1_rob_no': '0', 'r1_weld_line_no': '0', 'r1_electric': '9.727692471237622e-22', 'r1_voltage': '2.802596928649634e-45', 'r1_speed': '1.3775324423698682e-38', 'r1_job': '17208', 'r2_rob_no': '21731', 'r2_weld_line_no': '16721', 'r2_electric': '-1.8643001861668443e-31', 'r2_voltage': '0.0', 'r2_speed': '0.0', 'r2_job': '0', 'replace_status': '0', 'part_status': '0', 'r1_protective_gas': '0', 'r1_welding_wire': '0', 'r2_protective_gas': '0', 'r2_welding_wire': '0', 'login_id': '\x00\x00\x00\x00\x00 \x00\x00\x00\x00', 'login_password': '\n\x00\x00\x00\x00\x00\x00\x00\x00\x00'}
2021-03-02  09:41:00 Tue root INFO ('\n\x02AA\x00\x00\x00\x00\x00\x00', '2562', '16962', 0, '0', '0', '9.727692471237622e-22', '2.802596928649634e-45', '1.3775324423698682e-38', '17208', '21731', '16721', '-1.8643001861668443e-31', '0.0', '0.0', '0', '0', '0', '0', '0', '0', '\x00\x00\x00\x00\x00 \x00\x00\x00\x00', '\n\x00\x00\x00\x00\x00\x00\x00\x00\x00', '0', '0', '2021-03-02 09:41:00')
2021-03-02  09:41:01 Tue root INFO 成功添加数据
2021-03-02  09:41:01 Tue root INFO mes_plc_r5
2021-03-02  09:41:01 Tue root INFO 读取插入数据库数据：{'product_type': '\n\x00\x00\x00\x00\x00\x00\x00\x00\x00', 'r1_equipment_status': '0', 'fail_code': '0', 'recerve': '0', 'prod_num': 0, 'r1_rob_no': '0', 'r1_weld_line_no': '0', 'r1_electric': '0.0', 'r1_voltage': '0.0', 'r1_speed': '0.0', 'r1_job': '0', 'r2_rob_no': '0', 'r2_weld_line_no': '0', 'r2_electric': '0.0', 'r2_voltage': '0.0', 'r2_speed': '0.0', 'r2_job': '0', 'replace_status': '0', 'part_status': '0', 'r1_protective_gas': '0', 'r1_welding_wire': '0', 'r2_protective_gas': '0', 'r2_welding_wire': '0', 'login_id': '\n\x00\x00\x00\x00\x00\x00\x00\x00\x00', 'login_password': '\n\x00\x00\x00\x00\x00\x00\x00\x00\x00'}
2021-03-02  09:41:01 Tue root INFO ('\n\x00\x00\x00\x00\x00\x00\x00\x00\x00', '0', '0', 0, '0', '0', '0.0', '0.0', '0.0', '0', '0', '0', '0.0', '0.0', '0.0', '0', '0', '0', '0', '0', '0', '\n\x00\x00\x00\x00\x00\x00\x00\x00\x00', '\n\x00\x00\x00\x00\x00\x00\x00\x00\x00', '0', '0', '2021-03-02 09:41:01')
2021-03-02  09:41:01 Tue root INFO 成功添加数据
2021-03-02  09:42:22 Tue root INFO PLC6连接失败
2021-03-02  09:42:22 Tue root INFO plc连接状态:[1, 1, 1, 1, 1, 0]
2021-03-02  09:42:22 Tue root INFO mes_plc
2021-03-02  09:42:22 Tue root INFO 读取插入数据库数据：{'product_type': '\n\x07250 YDG\x00', 'r1_equipment_status': '2567', 'fail_code': '12853', 'recerve': '12320', 'prod_num': 23108, 'r1_rob_no': '18176', 'r1_weld_line_no': '0', 'r1_electric': '1.0654138796264848e-21', 'r1_voltage': '5.184804318001823e-44', 'r1_speed': '3.6734198463196485e-40', 'r1_job': '17206', 'r2_rob_no': '-30303', 'r2_weld_line_no': '16724', 'r2_electric': '1.0237942960908801e+21', 'r2_voltage': '0.0', 'r2_speed': '9.550891600431086e-39', 'r2_job': '0', 'replace_status': '0', 'part_status': '0', 'r1_protective_gas': '0', 'r1_welding_wire': '0', 'r2_protective_gas': '0', 'r2_welding_wire': '0', 'login_id': '\x00\x00\x00\x00\x00\x00\x00\x00\x00\x00', 'login_password': '\n\x00\x00\x00\x00\x00\x00\x00\x00\x00'}
2021-03-02  09:42:22 Tue root INFO ('\n\x07250 YDG\x00', '2567', '12853', 23108, '18176', '0', '1.0654138796264848e-21', '5.184804318001823e-44', '3.6734198463196485e-40', '17206', '-30303', '16724', '1.0237942960908801e+21', '0.0', '9.550891600431086e-39', '0', '0', '0', '0', '0', '0', '\x00\x00\x00\x00\x00\x00\x00\x00\x00\x00', '\n\x00\x00\x00\x00\x00\x00\x00\x00\x00', '0', '12320', '2021-03-02 09:42:22')
2021-03-02  09:42:22 Tue root INFO 成功添加数据
2021-03-02  09:42:22 Tue root INFO mes_plc_r2
2021-03-02  09:42:22 Tue root INFO 读取插入数据库数据：{'product_type': '\n\x07250 TJ2\x00', 'r1_equipment_status': '0', 'fail_code': '0', 'recerve': '0', 'prod_num': 414, 'r1_rob_no': '104', 'r1_weld_line_no': '0', 'r1_electric': '0.0', 'r1_voltage': '0.0', 'r1_speed': '0.0', 'r1_job': '0', 'r2_rob_no': '0', 'r2_weld_line_no': '0', 'r2_electric': '0.0', 'r2_voltage': '0.0', 'r2_speed': '0.0', 'r2_job': '0', 'replace_status': '0', 'part_status': '0', 'r1_protective_gas': '0', 'r1_welding_wire': '0', 'r2_protective_gas': '0', 'r2_welding_wire': '0', 'login_id': '\n\x00\x00\x00\x00\x00\x00\x00\x00\x00', 'login_password': '\n\x00\x00\x00\x00\x00\x00\x00\x00\x00'}
2021-03-02  09:42:22 Tue root INFO ('\n\x07250 TJ2\x00', '0', '0', 414, '104', '0', '0.0', '0.0', '0.0', '0', '0', '0', '0.0', '0.0', '0.0', '0', '0', '0', '0', '0', '0', '\n\x00\x00\x00\x00\x00\x00\x00\x00\x00', '\n\x00\x00\x00\x00\x00\x00\x00\x00\x00', '0', '0', '2021-03-02 09:42:22')
2021-03-02  09:42:22 Tue root INFO 成功添加数据
2021-03-02  09:42:22 Tue root INFO mes_plc_r3
2021-03-02  09:42:23 Tue root INFO 读取插入数据库数据：{'product_type': '\n\x07250 TJ4\x00', 'r1_equipment_status': '0', 'fail_code': '0', 'recerve': '0', 'prod_num': 416, 'r1_rob_no': '104', 'r1_weld_line_no': '0', 'r1_electric': '184.4184112548828', 'r1_voltage': '13.823784828186035', 'r1_speed': '0.0', 'r1_job': '0', 'r2_rob_no': '0', 'r2_weld_line_no': '0', 'r2_electric': '0.0', 'r2_voltage': '0.0', 'r2_speed': '0.0', 'r2_job': '0', 'replace_status': '0', 'part_status': '0', 'r1_protective_gas': '0', 'r1_welding_wire': '0', 'r2_protective_gas': '0', 'r2_welding_wire': '0', 'login_id': '\n\x00\x00\x00\x00\x00\x00\x00\x00\x00', 'login_password': '\n\x00\x00\x00\x00\x00\x00\x00\x00\x00'}
2021-03-02  09:42:23 Tue root INFO ('\n\x07250 TJ4\x00', '0', '0', 416, '104', '0', '184.4184112548828', '13.823784828186035', '0.0', '0', '0', '0', '0.0', '0.0', '0.0', '0', '0', '0', '0', '0', '0', '\n\x00\x00\x00\x00\x00\x00\x00\x00\x00', '\n\x00\x00\x00\x00\x00\x00\x00\x00\x00', '0', '0', '2021-03-02 09:42:23')
2021-03-02  09:42:23 Tue root INFO 成功添加数据
2021-03-02  09:42:23 Tue root INFO mes_plc_r4
2021-03-02  09:42:23 Tue root INFO 读取插入数据库数据：{'product_type': '\n\x02AA\x00\x00\x00\x00\x00\x00', 'r1_equipment_status': '2562', 'fail_code': '16962', 'recerve': '0', 'prod_num': 0, 'r1_rob_no': '0', 'r1_weld_line_no': '0', 'r1_electric': '9.727692471237622e-22', 'r1_voltage': '2.802596928649634e-45', 'r1_speed': '1.3775324423698682e-38', 'r1_job': '17208', 'r2_rob_no': '16991', 'r2_weld_line_no': '16721', 'r2_electric': '-1.8643001861668443e-31', 'r2_voltage': '0.0', 'r2_speed': '0.0', 'r2_job': '0', 'replace_status': '0', 'part_status': '0', 'r1_protective_gas': '0', 'r1_welding_wire': '0', 'r2_protective_gas': '0', 'r2_welding_wire': '0', 'login_id': '\x00\x00\x00\x00\x00 \x00\x00\x00\x00', 'login_password': '\n\x00\x00\x00\x00\x00\x00\x00\x00\x00'}
2021-03-02  09:42:23 Tue root INFO ('\n\x02AA\x00\x00\x00\x00\x00\x00', '2562', '16962', 0, '0', '0', '9.727692471237622e-22', '2.802596928649634e-45', '1.3775324423698682e-38', '17208', '16991', '16721', '-1.8643001861668443e-31', '0.0', '0.0', '0', '0', '0', '0', '0', '0', '\x00\x00\x00\x00\x00 \x00\x00\x00\x00', '\n\x00\x00\x00\x00\x00\x00\x00\x00\x00', '0', '0', '2021-03-02 09:42:23')
2021-03-02  09:42:23 Tue root INFO 成功添加数据
2021-03-02  09:42:23 Tue root INFO mes_plc_r5
2021-03-02  09:42:23 Tue root INFO 读取插入数据库数据：{'product_type': '\n\x00\x00\x00\x00\x00\x00\x00\x00\x00', 'r1_equipment_status': '0', 'fail_code': '0', 'recerve': '0', 'prod_num': 0, 'r1_rob_no': '0', 'r1_weld_line_no': '0', 'r1_electric': '0.0', 'r1_voltage': '0.0', 'r1_speed': '0.0', 'r1_job': '0', 'r2_rob_no': '0', 'r2_weld_line_no': '0', 'r2_electric': '0.0', 'r2_voltage': '0.0', 'r2_speed': '0.0', 'r2_job': '0', 'replace_status': '0', 'part_status': '0', 'r1_protective_gas': '0', 'r1_welding_wire': '0', 'r2_protective_gas': '0', 'r2_welding_wire': '0', 'login_id': '\n\x00\x00\x00\x00\x00\x00\x00\x00\x00', 'login_password': '\n\x00\x00\x00\x00\x00\x00\x00\x00\x00'}
2021-03-02  09:42:23 Tue root INFO ('\n\x00\x00\x00\x00\x00\x00\x00\x00\x00', '0', '0', 0, '0', '0', '0.0', '0.0', '0.0', '0', '0', '0', '0.0', '0.0', '0.0', '0', '0', '0', '0', '0', '0', '\n\x00\x00\x00\x00\x00\x00\x00\x00\x00', '\n\x00\x00\x00\x00\x00\x00\x00\x00\x00', '0', '0', '2021-03-02 09:42:23')
2021-03-02  09:42:23 Tue root INFO 成功添加数据
2021-03-02  09:43:44 Tue root INFO PLC6连接失败
2021-03-02  09:43:44 Tue root INFO plc连接状态:[1, 1, 1, 1, 1, 0]
2021-03-02  09:43:44 Tue root INFO mes_plc
2021-03-02  09:43:45 Tue root INFO 读取插入数据库数据：{'product_type': '\n\x07250 YDG\x00', 'r1_equipment_status': '2567', 'fail_code': '12853', 'recerve': '12320', 'prod_num': 23108, 'r1_rob_no': '18176', 'r1_weld_line_no': '0', 'r1_electric': '1.0654138796264848e-21', 'r1_voltage': '5.184804318001823e-44', 'r1_speed': '3.6734198463196485e-40', 'r1_job': '17206', 'r2_rob_no': '-27458', 'r2_weld_line_no': '16724', 'r2_electric': '-0.0', 'r2_voltage': '0.0', 'r2_speed': '9.550891600431086e-39', 'r2_job': '0', 'replace_status': '0', 'part_status': '0', 'r1_protective_gas': '0', 'r1_welding_wire': '0', 'r2_protective_gas': '0', 'r2_welding_wire': '0', 'login_id': '\x00\x00\x00\x00\x00\x00\x00\x00\x00\x00', 'login_password': '\n\x00\x00\x00\x00\x00\x00\x00\x00\x00'}
2021-03-02  09:43:45 Tue root INFO ('\n\x07250 YDG\x00', '2567', '12853', 23108, '18176', '0', '1.0654138796264848e-21', '5.184804318001823e-44', '3.6734198463196485e-40', '17206', '-27458', '16724', '-0.0', '0.0', '9.550891600431086e-39', '0', '0', '0', '0', '0', '0', '\x00\x00\x00\x00\x00\x00\x00\x00\x00\x00', '\n\x00\x00\x00\x00\x00\x00\x00\x00\x00', '0', '12320', '2021-03-02 09:43:45')
2021-03-02  09:43:45 Tue root INFO 成功添加数据
2021-03-02  09:43:45 Tue root INFO mes_plc_r2
2021-03-02  09:43:45 Tue root INFO 读取插入数据库数据：{'product_type': '\n\x07250 TJ1\x00', 'r1_equipment_status': '0', 'fail_code': '0', 'recerve': '0', 'prod_num': 415, 'r1_rob_no': '4', 'r1_weld_line_no': '0', 'r1_electric': '0.0', 'r1_voltage': '0.0', 'r1_speed': '0.0', 'r1_job': '0', 'r2_rob_no': '0', 'r2_weld_line_no': '0', 'r2_electric': '0.0', 'r2_voltage': '0.0', 'r2_speed': '0.0', 'r2_job': '0', 'replace_status': '0', 'part_status': '0', 'r1_protective_gas': '0', 'r1_welding_wire': '0', 'r2_protective_gas': '0', 'r2_welding_wire': '0', 'login_id': '\n\x00\x00\x00\x00\x00\x00\x00\x00\x00', 'login_password': '\n\x00\x00\x00\x00\x00\x00\x00\x00\x00'}
2021-03-02  09:43:45 Tue root INFO ('\n\x07250 TJ1\x00', '0', '0', 415, '4', '0', '0.0', '0.0', '0.0', '0', '0', '0', '0.0', '0.0', '0.0', '0', '0', '0', '0', '0', '0', '\n\x00\x00\x00\x00\x00\x00\x00\x00\x00', '\n\x00\x00\x00\x00\x00\x00\x00\x00\x00', '0', '0', '2021-03-02 09:43:45')
2021-03-02  09:43:45 Tue root INFO 成功添加数据
2021-03-02  09:43:45 Tue root INFO mes_plc_r3
2021-03-02  09:43:45 Tue root INFO 读取插入数据库数据：{'product_type': '\n\x07250 TJ4\x00', 'r1_equipment_status': '0', 'fail_code': '0', 'recerve': '0', 'prod_num': 416, 'r1_rob_no': '104', 'r1_weld_line_no': '0', 'r1_electric': '184.4762725830078', 'r1_voltage': '13.816550254821777', 'r1_speed': '0.0', 'r1_job': '0', 'r2_rob_no': '0', 'r2_weld_line_no': '0', 'r2_electric': '0.0', 'r2_voltage': '0.0', 'r2_speed': '0.0', 'r2_job': '0', 'replace_status': '0', 'part_status': '0', 'r1_protective_gas': '0', 'r1_welding_wire': '0', 'r2_protective_gas': '0', 'r2_welding_wire': '0', 'login_id': '\n\x00\x00\x00\x00\x00\x00\x00\x00\x00', 'login_password': '\n\x00\x00\x00\x00\x00\x00\x00\x00\x00'}
2021-03-02  09:43:45 Tue root INFO ('\n\x07250 TJ4\x00', '0', '0', 416, '104', '0', '184.4762725830078', '13.816550254821777', '0.0', '0', '0', '0', '0.0', '0.0', '0.0', '0', '0', '0', '0', '0', '0', '\n\x00\x00\x00\x00\x00\x00\x00\x00\x00', '\n\x00\x00\x00\x00\x00\x00\x00\x00\x00', '0', '0', '2021-03-02 09:43:45')
2021-03-02  09:43:45 Tue root INFO 成功添加数据
2021-03-02  09:43:45 Tue root INFO mes_plc_r4
2021-03-02  09:43:45 Tue root INFO 读取插入数据库数据：{'product_type': '\n\x02AA\x00\x00\x00\x00\x00\x00', 'r1_equipment_status': '2562', 'fail_code': '16962', 'recerve': '0', 'prod_num': 0, 'r1_rob_no': '0', 'r1_weld_line_no': '0', 'r1_electric': '9.727692471237622e-22', 'r1_voltage': '2.802596928649634e-45', 'r1_speed': '1.3775324423698682e-38', 'r1_job': '17208', 'r2_rob_no': '17939', 'r2_weld_line_no': '16721', 'r2_electric': '-1.6047303883528737e-22', 'r2_voltage': '0.0', 'r2_speed': '0.0', 'r2_job': '0', 'replace_status': '0', 'part_status': '0', 'r1_protective_gas': '0', 'r1_welding_wire': '0', 'r2_protective_gas': '0', 'r2_welding_wire': '0', 'login_id': '\x00\x00\x00\x00\x00 \x00\x00\x00\x00', 'login_password': '\n\x00\x00\x00\x00\x00\x00\x00\x00\x00'}
2021-03-02  09:43:45 Tue root INFO ('\n\x02AA\x00\x00\x00\x00\x00\x00', '2562', '16962', 0, '0', '0', '9.727692471237622e-22', '2.802596928649634e-45', '1.3775324423698682e-38', '17208', '17939', '16721', '-1.6047303883528737e-22', '0.0', '0.0', '0', '0', '0', '0', '0', '0', '\x00\x00\x00\x00\x00 \x00\x00\x00\x00', '\n\x00\x00\x00\x00\x00\x00\x00\x00\x00', '0', '0', '2021-03-02 09:43:45')
2021-03-02  09:43:46 Tue root INFO 成功添加数据
2021-03-02  09:43:46 Tue root INFO mes_plc_r5
2021-03-02  09:43:46 Tue root INFO 读取插入数据库数据：{'product_type': '\n\x00\x00\x00\x00\x00\x00\x00\x00\x00', 'r1_equipment_status': '0', 'fail_code': '0', 'recerve': '0', 'prod_num': 0, 'r1_rob_no': '0', 'r1_weld_line_no': '0', 'r1_electric': '0.0', 'r1_voltage': '0.0', 'r1_speed': '0.0', 'r1_job': '0', 'r2_rob_no': '0', 'r2_weld_line_no': '0', 'r2_electric': '0.0', 'r2_voltage': '0.0', 'r2_speed': '0.0', 'r2_job': '0', 'replace_status': '0', 'part_status': '0', 'r1_protective_gas': '0', 'r1_welding_wire': '0', 'r2_protective_gas': '0', 'r2_welding_wire': '0', 'login_id': '\n\x00\x00\x00\x00\x00\x00\x00\x00\x00', 'login_password': '\n\x00\x00\x00\x00\x00\x00\x00\x00\x00'}
2021-03-02  09:43:46 Tue root INFO ('\n\x00\x00\x00\x00\x00\x00\x00\x00\x00', '0', '0', 0, '0', '0', '0.0', '0.0', '0.0', '0', '0', '0', '0.0', '0.0', '0.0', '0', '0', '0', '0', '0', '0', '\n\x00\x00\x00\x00\x00\x00\x00\x00\x00', '\n\x00\x00\x00\x00\x00\x00\x00\x00\x00', '0', '0', '2021-03-02 09:43:46')
2021-03-02  09:43:46 Tue root INFO 成功添加数据
2021-03-02  09:45:07 Tue root INFO PLC6连接失败
2021-03-02  09:45:07 Tue root INFO plc连接状态:[1, 1, 1, 1, 1, 0]
2021-03-02  09:45:07 Tue root INFO mes_plc
2021-03-02  09:45:07 Tue root INFO 读取插入数据库数据：{'product_type': '\n\x07250 YDG\x00', 'r1_equipment_status': '2567', 'fail_code': '12853', 'recerve': '12320', 'prod_num': 23108, 'r1_rob_no': '18176', 'r1_weld_line_no': '0', 'r1_electric': '1.0654138796264848e-21', 'r1_voltage': '5.184804318001823e-44', 'r1_speed': '3.6734198463196485e-40', 'r1_job': '17206', 'r2_rob_no': '-25562', 'r2_weld_line_no': '16724', 'r2_electric': '1.0237942960908801e+21', 'r2_voltage': '0.0', 'r2_speed': '9.550891600431086e-39', 'r2_job': '0', 'replace_status': '0', 'part_status': '0', 'r1_protective_gas': '0', 'r1_welding_wire': '0', 'r2_protective_gas': '0', 'r2_welding_wire': '0', 'login_id': '\x00\x00\x00\x00\x00\x00\x00\x00\x00\x00', 'login_password': '\n\x00\x00\x00\x00\x00\x00\x00\x00\x00'}
2021-03-02  09:45:07 Tue root INFO ('\n\x07250 YDG\x00', '2567', '12853', 23108, '18176', '0', '1.0654138796264848e-21', '5.184804318001823e-44', '3.6734198463196485e-40', '17206', '-25562', '16724', '1.0237942960908801e+21', '0.0', '9.550891600431086e-39', '0', '0', '0', '0', '0', '0', '\x00\x00\x00\x00\x00\x00\x00\x00\x00\x00', '\n\x00\x00\x00\x00\x00\x00\x00\x00\x00', '0', '12320', '2021-03-02 09:45:07')
2021-03-02  09:45:07 Tue root INFO 成功添加数据
2021-03-02  09:45:07 Tue root INFO mes_plc_r2
2021-03-02  09:45:07 Tue root INFO 读取插入数据库数据：{'product_type': '\n\x07250 TJ1\x00', 'r1_equipment_status': '0', 'fail_code': '0', 'recerve': '0', 'prod_num': 415, 'r1_rob_no': '4', 'r1_weld_line_no': '0', 'r1_electric': '0.0', 'r1_voltage': '0.0', 'r1_speed': '0.0', 'r1_job': '0', 'r2_rob_no': '0', 'r2_weld_line_no': '0', 'r2_electric': '0.0', 'r2_voltage': '0.0', 'r2_speed': '0.0', 'r2_job': '0', 'replace_status': '0', 'part_status': '0', 'r1_protective_gas': '0', 'r1_welding_wire': '0', 'r2_protective_gas': '0', 'r2_welding_wire': '0', 'login_id': '\n\x00\x00\x00\x00\x00\x00\x00\x00\x00', 'login_password': '\n\x00\x00\x00\x00\x00\x00\x00\x00\x00'}
2021-03-02  09:45:07 Tue root INFO ('\n\x07250 TJ1\x00', '0', '0', 415, '4', '0', '0.0', '0.0', '0.0', '0', '0', '0', '0.0', '0.0', '0.0', '0', '0', '0', '0', '0', '0', '\n\x00\x00\x00\x00\x00\x00\x00\x00\x00', '\n\x00\x00\x00\x00\x00\x00\x00\x00\x00', '0', '0', '2021-03-02 09:45:07')
2021-03-02  09:45:08 Tue root INFO 成功添加数据
2021-03-02  09:45:08 Tue root INFO mes_plc_r3
2021-03-02  09:45:08 Tue root INFO 读取插入数据库数据：{'product_type': '\n\x07250 TJ4\x00', 'r1_equipment_status': '0', 'fail_code': '0', 'recerve': '0', 'prod_num': 416, 'r1_rob_no': '104', 'r1_weld_line_no': '0', 'r1_electric': '184.54861450195312', 'r1_voltage': '13.823784828186035', 'r1_speed': '0.0', 'r1_job': '0', 'r2_rob_no': '0', 'r2_weld_line_no': '0', 'r2_electric': '0.0', 'r2_voltage': '0.0', 'r2_speed': '0.0', 'r2_job': '0', 'replace_status': '0', 'part_status': '0', 'r1_protective_gas': '0', 'r1_welding_wire': '0', 'r2_protective_gas': '0', 'r2_welding_wire': '0', 'login_id': '\n\x00\x00\x00\x00\x00\x00\x00\x00\x00', 'login_password': '\n\x00\x00\x00\x00\x00\x00\x00\x00\x00'}
2021-03-02  09:45:08 Tue root INFO ('\n\x07250 TJ4\x00', '0', '0', 416, '104', '0', '184.54861450195312', '13.823784828186035', '0.0', '0', '0', '0', '0.0', '0.0', '0.0', '0', '0', '0', '0', '0', '0', '\n\x00\x00\x00\x00\x00\x00\x00\x00\x00', '\n\x00\x00\x00\x00\x00\x00\x00\x00\x00', '0', '0', '2021-03-02 09:45:08')
2021-03-02  09:45:08 Tue root INFO 成功添加数据
2021-03-02  09:45:08 Tue root INFO mes_plc_r4
2021-03-02  09:45:08 Tue root INFO 读取插入数据库数据：{'product_type': '\n\x02AA\x00\x00\x00\x00\x00\x00', 'r1_equipment_status': '2562', 'fail_code': '16962', 'recerve': '0', 'prod_num': 0, 'r1_rob_no': '0', 'r1_weld_line_no': '0', 'r1_electric': '9.727692471237622e-22', 'r1_voltage': '2.802596928649634e-45', 'r1_speed': '1.3775324423698682e-38', 'r1_job': '17208', 'r2_rob_no': '16991', 'r2_weld_line_no': '16721', 'r2_electric': '-1.8643001861668443e-31', 'r2_voltage': '0.0', 'r2_speed': '0.0', 'r2_job': '0', 'replace_status': '0', 'part_status': '0', 'r1_protective_gas': '0', 'r1_welding_wire': '0', 'r2_protective_gas': '0', 'r2_welding_wire': '0', 'login_id': '\x00\x00\x00\x00\x00 \x00\x00\x00\x00', 'login_password': '\n\x00\x00\x00\x00\x00\x00\x00\x00\x00'}
2021-03-02  09:45:08 Tue root INFO ('\n\x02AA\x00\x00\x00\x00\x00\x00', '2562', '16962', 0, '0', '0', '9.727692471237622e-22', '2.802596928649634e-45', '1.3775324423698682e-38', '17208', '16991', '16721', '-1.8643001861668443e-31', '0.0', '0.0', '0', '0', '0', '0', '0', '0', '\x00\x00\x00\x00\x00 \x00\x00\x00\x00', '\n\x00\x00\x00\x00\x00\x00\x00\x00\x00', '0', '0', '2021-03-02 09:45:08')
2021-03-02  09:45:08 Tue root INFO 成功添加数据
2021-03-02  09:45:08 Tue root INFO mes_plc_r5
2021-03-02  09:45:08 Tue root INFO 读取插入数据库数据：{'product_type': '\n\x00\x00\x00\x00\x00\x00\x00\x00\x00', 'r1_equipment_status': '0', 'fail_code': '0', 'recerve': '0', 'prod_num': 0, 'r1_rob_no': '0', 'r1_weld_line_no': '0', 'r1_electric': '0.0', 'r1_voltage': '0.0', 'r1_speed': '0.0', 'r1_job': '0', 'r2_rob_no': '0', 'r2_weld_line_no': '0', 'r2_electric': '0.0', 'r2_voltage': '0.0', 'r2_speed': '0.0', 'r2_job': '0', 'replace_status': '0', 'part_status': '0', 'r1_protective_gas': '0', 'r1_welding_wire': '0', 'r2_protective_gas': '0', 'r2_welding_wire': '0', 'login_id': '\n\x00\x00\x00\x00\x00\x00\x00\x00\x00', 'login_password': '\n\x00\x00\x00\x00\x00\x00\x00\x00\x00'}
2021-03-02  09:45:08 Tue root INFO ('\n\x00\x00\x00\x00\x00\x00\x00\x00\x00', '0', '0', 0, '0', '0', '0.0', '0.0', '0.0', '0', '0', '0', '0.0', '0.0', '0.0', '0', '0', '0', '0', '0', '0', '\n\x00\x00\x00\x00\x00\x00\x00\x00\x00', '\n\x00\x00\x00\x00\x00\x00\x00\x00\x00', '0', '0', '2021-03-02 09:45:08')
2021-03-02  09:45:08 Tue root INFO 成功添加数据
2021-03-02  09:46:29 Tue root INFO PLC6连接失败
2021-03-02  09:46:29 Tue root INFO plc连接状态:[1, 1, 1, 1, 1, 0]
2021-03-02  09:46:29 Tue root INFO mes_plc
2021-03-02  09:46:30 Tue root INFO 读取插入数据库数据：{'product_type': '\n\x07250 YDG\x00', 'r1_equipment_status': '2567', 'fail_code': '12853', 'recerve': '12320', 'prod_num': 23108, 'r1_rob_no': '18176', 'r1_weld_line_no': '0', 'r1_electric': '1.0654138796264848e-21', 'r1_voltage': '5.184804318001823e-44', 'r1_speed': '3.6734198463196485e-40', 'r1_job': '17206', 'r2_rob_no': '-24614', 'r2_weld_line_no': '16724', 'r2_electric': '1520.0', 'r2_voltage': '0.0', 'r2_speed': '9.550891600431086e-39', 'r2_job': '0', 'replace_status': '0', 'part_status': '0', 'r1_protective_gas': '0', 'r1_welding_wire': '0', 'r2_protective_gas': '0', 'r2_welding_wire': '0', 'login_id': '\x00\x00\x00\x00\x00\x00\x00\x00\x00\x00', 'login_password': '\n\x00\x00\x00\x00\x00\x00\x00\x00\x00'}
2021-03-02  09:46:30 Tue root INFO ('\n\x07250 YDG\x00', '2567', '12853', 23108, '18176', '0', '1.0654138796264848e-21', '5.184804318001823e-44', '3.6734198463196485e-40', '17206', '-24614', '16724', '1520.0', '0.0', '9.550891600431086e-39', '0', '0', '0', '0', '0', '0', '\x00\x00\x00\x00\x00\x00\x00\x00\x00\x00', '\n\x00\x00\x00\x00\x00\x00\x00\x00\x00', '0', '12320', '2021-03-02 09:46:30')
2021-03-02  09:46:30 Tue root INFO 成功添加数据
2021-03-02  09:46:30 Tue root INFO mes_plc_r2
2021-03-02  09:46:30 Tue root INFO 读取插入数据库数据：{'product_type': '\n\x07250 TJ2\x00', 'r1_equipment_status': '0', 'fail_code': '0', 'recerve': '0', 'prod_num': 416, 'r1_rob_no': '104', 'r1_weld_line_no': '0', 'r1_electric': '0.0', 'r1_voltage': '0.0', 'r1_speed': '0.0', 'r1_job': '0', 'r2_rob_no': '0', 'r2_weld_line_no': '0', 'r2_electric': '0.0', 'r2_voltage': '0.0', 'r2_speed': '0.0', 'r2_job': '0', 'replace_status': '0', 'part_status': '0', 'r1_protective_gas': '0', 'r1_welding_wire': '0', 'r2_protective_gas': '0', 'r2_welding_wire': '0', 'login_id': '\n\x00\x00\x00\x00\x00\x00\x00\x00\x00', 'login_password': '\n\x00\x00\x00\x00\x00\x00\x00\x00\x00'}
2021-03-02  09:46:30 Tue root INFO ('\n\x07250 TJ2\x00', '0', '0', 416, '104', '0', '0.0', '0.0', '0.0', '0', '0', '0', '0.0', '0.0', '0.0', '0', '0', '0', '0', '0', '0', '\n\x00\x00\x00\x00\x00\x00\x00\x00\x00', '\n\x00\x00\x00\x00\x00\x00\x00\x00\x00', '0', '0', '2021-03-02 09:46:30')
2021-03-02  09:46:30 Tue root INFO 成功添加数据
2021-03-02  09:46:30 Tue root INFO mes_plc_r3
2021-03-02  09:46:30 Tue root INFO 读取插入数据库数据：{'product_type': '\n\x07250 TJ3\x00', 'r1_equipment_status': '0', 'fail_code': '0', 'recerve': '0', 'prod_num': 417, 'r1_rob_no': '4', 'r1_weld_line_no': '0', 'r1_electric': '184.54861450195312', 'r1_voltage': '-4.423466205596924', 'r1_speed': '0.0', 'r1_job': '0', 'r2_rob_no': '0', 'r2_weld_line_no': '0', 'r2_electric': '0.0', 'r2_voltage': '0.0', 'r2_speed': '0.0', 'r2_job': '0', 'replace_status': '0', 'part_status': '0', 'r1_protective_gas': '0', 'r1_welding_wire': '0', 'r2_protective_gas': '0', 'r2_welding_wire': '0', 'login_id': '\n\x00\x00\x00\x00\x00\x00\x00\x00\x00', 'login_password': '\n\x00\x00\x00\x00\x00\x00\x00\x00\x00'}
2021-03-02  09:46:30 Tue root INFO ('\n\x07250 TJ3\x00', '0', '0', 417, '4', '0', '184.54861450195312', '-4.423466205596924', '0.0', '0', '0', '0', '0.0', '0.0', '0.0', '0', '0', '0', '0', '0', '0', '\n\x00\x00\x00\x00\x00\x00\x00\x00\x00', '\n\x00\x00\x00\x00\x00\x00\x00\x00\x00', '0', '0', '2021-03-02 09:46:30')
2021-03-02  09:46:30 Tue root INFO 成功添加数据
2021-03-02  09:46:30 Tue root INFO mes_plc_r4
2021-03-02  09:46:31 Tue root INFO 读取插入数据库数据：{'product_type': '\n\x02AA\x00\x00\x00\x00\x00\x00', 'r1_equipment_status': '2562', 'fail_code': '16962', 'recerve': '0', 'prod_num': 0, 'r1_rob_no': '0', 'r1_weld_line_no': '0', 'r1_electric': '9.727692471237622e-22', 'r1_voltage': '2.802596928649634e-45', 'r1_speed': '1.3775324423698682e-38', 'r1_job': '17208', 'r2_rob_no': '16991', 'r2_weld_line_no': '16721', 'r2_electric': '-1.2967404927621828e-13', 'r2_voltage': '0.0', 'r2_speed': '0.0', 'r2_job': '0', 'replace_status': '0', 'part_status': '0', 'r1_protective_gas': '0', 'r1_welding_wire': '0', 'r2_protective_gas': '0', 'r2_welding_wire': '0', 'login_id': '\x00\x00\x00\x00\x00 \x00\x00\x00\x00', 'login_password': '\n\x00\x00\x00\x00\x00\x00\x00\x00\x00'}
2021-03-02  09:46:31 Tue root INFO ('\n\x02AA\x00\x00\x00\x00\x00\x00', '2562', '16962', 0, '0', '0', '9.727692471237622e-22', '2.802596928649634e-45', '1.3775324423698682e-38', '17208', '16991', '16721', '-1.2967404927621828e-13', '0.0', '0.0', '0', '0', '0', '0', '0', '0', '\x00\x00\x00\x00\x00 \x00\x00\x00\x00', '\n\x00\x00\x00\x00\x00\x00\x00\x00\x00', '0', '0', '2021-03-02 09:46:31')
2021-03-02  09:46:31 Tue root INFO 成功添加数据
2021-03-02  09:46:31 Tue root INFO mes_plc_r5
2021-03-02  09:46:31 Tue root INFO 读取插入数据库数据：{'product_type': '\n\x00\x00\x00\x00\x00\x00\x00\x00\x00', 'r1_equipment_status': '0', 'fail_code': '0', 'recerve': '0', 'prod_num': 0, 'r1_rob_no': '0', 'r1_weld_line_no': '0', 'r1_electric': '0.0', 'r1_voltage': '0.0', 'r1_speed': '0.0', 'r1_job': '0', 'r2_rob_no': '0', 'r2_weld_line_no': '0', 'r2_electric': '0.0', 'r2_voltage': '0.0', 'r2_speed': '0.0', 'r2_job': '0', 'replace_status': '0', 'part_status': '0', 'r1_protective_gas': '0', 'r1_welding_wire': '0', 'r2_protective_gas': '0', 'r2_welding_wire': '0', 'login_id': '\n\x00\x00\x00\x00\x00\x00\x00\x00\x00', 'login_password': '\n\x00\x00\x00\x00\x00\x00\x00\x00\x00'}
2021-03-02  09:46:31 Tue root INFO ('\n\x00\x00\x00\x00\x00\x00\x00\x00\x00', '0', '0', 0, '0', '0', '0.0', '0.0', '0.0', '0', '0', '0', '0.0', '0.0', '0.0', '0', '0', '0', '0', '0', '0', '\n\x00\x00\x00\x00\x00\x00\x00\x00\x00', '\n\x00\x00\x00\x00\x00\x00\x00\x00\x00', '0', '0', '2021-03-02 09:46:31')
2021-03-02  09:46:31 Tue root INFO 成功添加数据
2021-03-02  09:47:52 Tue root INFO PLC6连接失败
2021-03-02  09:47:52 Tue root INFO plc连接状态:[1, 1, 1, 1, 1, 0]
2021-03-02  09:47:52 Tue root INFO mes_plc
2021-03-02  09:47:52 Tue root INFO 读取插入数据库数据：{'product_type': '\n\x07250 YDG\x00', 'r1_equipment_status': '2567', 'fail_code': '12853', 'recerve': '12320', 'prod_num': 23108, 'r1_rob_no': '18176', 'r1_weld_line_no': '0', 'r1_electric': '1.0654138796264848e-21', 'r1_voltage': '5.184804318001823e-44', 'r1_speed': '3.6734198463196485e-40', 'r1_job': '17206', 'r2_rob_no': '-24614', 'r2_weld_line_no': '16724', 'r2_electric': '8.715097876569077e+29', 'r2_voltage': '0.0', 'r2_speed': '9.550891600431086e-39', 'r2_job': '0', 'replace_status': '0', 'part_status': '0', 'r1_protective_gas': '0', 'r1_welding_wire': '0', 'r2_protective_gas': '0', 'r2_welding_wire': '0', 'login_id': '\x00\x00\x00\x00\x00\x00\x00\x00\x00\x00', 'login_password': '\n\x00\x00\x00\x00\x00\x00\x00\x00\x00'}
2021-03-02  09:47:52 Tue root INFO ('\n\x07250 YDG\x00', '2567', '12853', 23108, '18176', '0', '1.0654138796264848e-21', '5.184804318001823e-44', '3.6734198463196485e-40', '17206', '-24614', '16724', '8.715097876569077e+29', '0.0', '9.550891600431086e-39', '0', '0', '0', '0', '0', '0', '\x00\x00\x00\x00\x00\x00\x00\x00\x00\x00', '\n\x00\x00\x00\x00\x00\x00\x00\x00\x00', '0', '12320', '2021-03-02 09:47:52')
2021-03-02  09:47:52 Tue root INFO 成功添加数据
2021-03-02  09:47:52 Tue root INFO mes_plc_r2
2021-03-02  09:47:53 Tue root INFO 读取插入数据库数据：{'product_type': '\n\x07250 TJ2\x00', 'r1_equipment_status': '0', 'fail_code': '0', 'recerve': '0', 'prod_num': 416, 'r1_rob_no': '104', 'r1_weld_line_no': '0', 'r1_electric': '0.0', 'r1_voltage': '0.0', 'r1_speed': '0.0', 'r1_job': '0', 'r2_rob_no': '0', 'r2_weld_line_no': '0', 'r2_electric': '0.0', 'r2_voltage': '0.0', 'r2_speed': '0.0', 'r2_job': '0', 'replace_status': '0', 'part_status': '0', 'r1_protective_gas': '0', 'r1_welding_wire': '0', 'r2_protective_gas': '0', 'r2_welding_wire': '0', 'login_id': '\n\x00\x00\x00\x00\x00\x00\x00\x00\x00', 'login_password': '\n\x00\x00\x00\x00\x00\x00\x00\x00\x00'}
2021-03-02  09:47:53 Tue root INFO ('\n\x07250 TJ2\x00', '0', '0', 416, '104', '0', '0.0', '0.0', '0.0', '0', '0', '0', '0.0', '0.0', '0.0', '0', '0', '0', '0', '0', '0', '\n\x00\x00\x00\x00\x00\x00\x00\x00\x00', '\n\x00\x00\x00\x00\x00\x00\x00\x00\x00', '0', '0', '2021-03-02 09:47:53')
2021-03-02  09:47:53 Tue root INFO 成功添加数据
2021-03-02  09:47:53 Tue root INFO mes_plc_r3
2021-03-02  09:47:53 Tue root INFO 读取插入数据库数据：{'product_type': '\n\x07250 TJ4\x00', 'r1_equipment_status': '0', 'fail_code': '0', 'recerve': '0', 'prod_num': 418, 'r1_rob_no': '104', 'r1_weld_line_no': '0', 'r1_electric': '184.46180725097656', 'r1_voltage': '13.863571166992188', 'r1_speed': '0.0', 'r1_job': '0', 'r2_rob_no': '0', 'r2_weld_line_no': '0', 'r2_electric': '0.0', 'r2_voltage': '0.0', 'r2_speed': '0.0', 'r2_job': '0', 'replace_status': '0', 'part_status': '0', 'r1_protective_gas': '0', 'r1_welding_wire': '0', 'r2_protective_gas': '0', 'r2_welding_wire': '0', 'login_id': '\n\x00\x00\x00\x00\x00\x00\x00\x00\x00', 'login_password': '\n\x00\x00\x00\x00\x00\x00\x00\x00\x00'}
2021-03-02  09:47:53 Tue root INFO ('\n\x07250 TJ4\x00', '0', '0', 418, '104', '0', '184.46180725097656', '13.863571166992188', '0.0', '0', '0', '0', '0.0', '0.0', '0.0', '0', '0', '0', '0', '0', '0', '\n\x00\x00\x00\x00\x00\x00\x00\x00\x00', '\n\x00\x00\x00\x00\x00\x00\x00\x00\x00', '0', '0', '2021-03-02 09:47:53')
2021-03-02  09:47:53 Tue root INFO 成功添加数据
2021-03-02  09:47:53 Tue root INFO mes_plc_r4
2021-03-02  09:47:53 Tue root INFO 读取插入数据库数据：{'product_type': '\n\x02AA\x00\x00\x00\x00\x00\x00', 'r1_equipment_status': '2562', 'fail_code': '16962', 'recerve': '0', 'prod_num': 0, 'r1_rob_no': '0', 'r1_weld_line_no': '0', 'r1_electric': '9.727692471237622e-22', 'r1_voltage': '2.802596928649634e-45', 'r1_speed': '1.3775324423698682e-38', 'r1_job': '17208', 'r2_rob_no': '16042', 'r2_weld_line_no': '16721', 'r2_electric': '3.6893488147419103e+19', 'r2_voltage': '0.0', 'r2_speed': '0.0', 'r2_job': '0', 'replace_status': '0', 'part_status': '0', 'r1_protective_gas': '0', 'r1_welding_wire': '0', 'r2_protective_gas': '0', 'r2_welding_wire': '0', 'login_id': '\x00\x00\x00\x00\x00 \x00\x00\x00\x00', 'login_password': '\n\x00\x00\x00\x00\x00\x00\x00\x00\x00'}
2021-03-02  09:47:53 Tue root INFO ('\n\x02AA\x00\x00\x00\x00\x00\x00', '2562', '16962', 0, '0', '0', '9.727692471237622e-22', '2.802596928649634e-45', '1.3775324423698682e-38', '17208', '16042', '16721', '3.6893488147419103e+19', '0.0', '0.0', '0', '0', '0', '0', '0', '0', '\x00\x00\x00\x00\x00 \x00\x00\x00\x00', '\n\x00\x00\x00\x00\x00\x00\x00\x00\x00', '0', '0', '2021-03-02 09:47:53')
2021-03-02  09:47:53 Tue root INFO 成功添加数据
2021-03-02  09:47:53 Tue root INFO mes_plc_r5
2021-03-02  09:47:53 Tue root INFO 读取插入数据库数据：{'product_type': '\n\x00\x00\x00\x00\x00\x00\x00\x00\x00', 'r1_equipment_status': '0', 'fail_code': '0', 'recerve': '0', 'prod_num': 0, 'r1_rob_no': '0', 'r1_weld_line_no': '0', 'r1_electric': '0.0', 'r1_voltage': '0.0', 'r1_speed': '0.0', 'r1_job': '0', 'r2_rob_no': '0', 'r2_weld_line_no': '0', 'r2_electric': '0.0', 'r2_voltage': '0.0', 'r2_speed': '0.0', 'r2_job': '0', 'replace_status': '0', 'part_status': '0', 'r1_protective_gas': '0', 'r1_welding_wire': '0', 'r2_protective_gas': '0', 'r2_welding_wire': '0', 'login_id': '\n\x00\x00\x00\x00\x00\x00\x00\x00\x00', 'login_password': '\n\x00\x00\x00\x00\x00\x00\x00\x00\x00'}
2021-03-02  09:47:53 Tue root INFO ('\n\x00\x00\x00\x00\x00\x00\x00\x00\x00', '0', '0', 0, '0', '0', '0.0', '0.0', '0.0', '0', '0', '0', '0.0', '0.0', '0.0', '0', '0', '0', '0', '0', '0', '\n\x00\x00\x00\x00\x00\x00\x00\x00\x00', '\n\x00\x00\x00\x00\x00\x00\x00\x00\x00', '0', '0', '2021-03-02 09:47:53')
2021-03-02  09:47:54 Tue root INFO 成功添加数据
2021-03-02  09:49:15 Tue root INFO PLC6连接失败
2021-03-02  09:49:15 Tue root INFO plc连接状态:[1, 1, 1, 1, 1, 0]
2021-03-02  09:49:15 Tue root INFO mes_plc
2021-03-02  09:49:15 Tue root INFO 读取插入数据库数据：{'product_type': '\n\x07250 YDG\x00', 'r1_equipment_status': '2567', 'fail_code': '12853', 'recerve': '12320', 'prod_num': 23108, 'r1_rob_no': '18176', 'r1_weld_line_no': '0', 'r1_electric': '1.0654138796264848e-21', 'r1_voltage': '5.184804318001823e-44', 'r1_speed': '3.6734198463196485e-40', 'r1_job': '17206', 'r2_rob_no': '-26510', 'r2_weld_line_no': '16724', 'r2_electric': '1.0237942960908801e+21', 'r2_voltage': '0.0', 'r2_speed': '9.550891600431086e-39', 'r2_job': '0', 'replace_status': '0', 'part_status': '0', 'r1_protective_gas': '0', 'r1_welding_wire': '0', 'r2_protective_gas': '0', 'r2_welding_wire': '0', 'login_id': '\x00\x00\x00\x00\x00\x00\x00\x00\x00\x00', 'login_password': '\n\x00\x00\x00\x00\x00\x00\x00\x00\x00'}
2021-03-02  09:49:15 Tue root INFO ('\n\x07250 YDG\x00', '2567', '12853', 23108, '18176', '0', '1.0654138796264848e-21', '5.184804318001823e-44', '3.6734198463196485e-40', '17206', '-26510', '16724', '1.0237942960908801e+21', '0.0', '9.550891600431086e-39', '0', '0', '0', '0', '0', '0', '\x00\x00\x00\x00\x00\x00\x00\x00\x00\x00', '\n\x00\x00\x00\x00\x00\x00\x00\x00\x00', '0', '12320', '2021-03-02 09:49:15')
2021-03-02  09:49:15 Tue root INFO 成功添加数据
2021-03-02  09:49:15 Tue root INFO mes_plc_r2
2021-03-02  09:49:15 Tue root INFO 读取插入数据库数据：{'product_type': '\n\x07250 TJ1\x00', 'r1_equipment_status': '0', 'fail_code': '0', 'recerve': '0', 'prod_num': 417, 'r1_rob_no': '4', 'r1_weld_line_no': '0', 'r1_electric': '0.0', 'r1_voltage': '0.0', 'r1_speed': '0.0', 'r1_job': '0', 'r2_rob_no': '0', 'r2_weld_line_no': '0', 'r2_electric': '0.0', 'r2_voltage': '0.0', 'r2_speed': '0.0', 'r2_job': '0', 'replace_status': '0', 'part_status': '0', 'r1_protective_gas': '0', 'r1_welding_wire': '0', 'r2_protective_gas': '0', 'r2_welding_wire': '0', 'login_id': '\n\x00\x00\x00\x00\x00\x00\x00\x00\x00', 'login_password': '\n\x00\x00\x00\x00\x00\x00\x00\x00\x00'}
2021-03-02  09:49:15 Tue root INFO ('\n\x07250 TJ1\x00', '0', '0', 417, '4', '0', '0.0', '0.0', '0.0', '0', '0', '0', '0.0', '0.0', '0.0', '0', '0', '0', '0', '0', '0', '\n\x00\x00\x00\x00\x00\x00\x00\x00\x00', '\n\x00\x00\x00\x00\x00\x00\x00\x00\x00', '0', '0', '2021-03-02 09:49:15')
2021-03-02  09:49:15 Tue root INFO 成功添加数据
2021-03-02  09:49:15 Tue root INFO mes_plc_r3
2021-03-02  09:49:15 Tue root INFO 读取插入数据库数据：{'product_type': '\n\x07250 TJ4\x00', 'r1_equipment_status': '0', 'fail_code': '0', 'recerve': '0', 'prod_num': 418, 'r1_rob_no': '104', 'r1_weld_line_no': '0', 'r1_electric': '184.4184112548828', 'r1_voltage': '13.827401161193848', 'r1_speed': '0.0', 'r1_job': '0', 'r2_rob_no': '0', 'r2_weld_line_no': '0', 'r2_electric': '0.0', 'r2_voltage': '0.0', 'r2_speed': '0.0', 'r2_job': '0', 'replace_status': '0', 'part_status': '0', 'r1_protective_gas': '0', 'r1_welding_wire': '0', 'r2_protective_gas': '0', 'r2_welding_wire': '0', 'login_id': '\n\x00\x00\x00\x00\x00\x00\x00\x00\x00', 'login_password': '\n\x00\x00\x00\x00\x00\x00\x00\x00\x00'}
2021-03-02  09:49:15 Tue root INFO ('\n\x07250 TJ4\x00', '0', '0', 418, '104', '0', '184.4184112548828', '13.827401161193848', '0.0', '0', '0', '0', '0.0', '0.0', '0.0', '0', '0', '0', '0', '0', '0', '\n\x00\x00\x00\x00\x00\x00\x00\x00\x00', '\n\x00\x00\x00\x00\x00\x00\x00\x00\x00', '0', '0', '2021-03-02 09:49:15')
2021-03-02  09:49:15 Tue root INFO 成功添加数据
2021-03-02  09:49:15 Tue root INFO mes_plc_r4
2021-03-02  09:49:16 Tue root INFO 读取插入数据库数据：{'product_type': '\n\x02AA\x00\x00\x00\x00\x00\x00', 'r1_equipment_status': '2562', 'fail_code': '16962', 'recerve': '0', 'prod_num': 0, 'r1_rob_no': '0', 'r1_weld_line_no': '0', 'r1_electric': '9.727692471237622e-22', 'r1_voltage': '2.802596928649634e-45', 'r1_speed': '1.3775324423698682e-38', 'r1_job': '17208', 'r2_rob_no': '16991', 'r2_weld_line_no': '16721', 'r2_electric': '-1.6047303883528737e-22', 'r2_voltage': '0.0', 'r2_speed': '0.0', 'r2_job': '0', 'replace_status': '0', 'part_status': '0', 'r1_protective_gas': '0', 'r1_welding_wire': '0', 'r2_protective_gas': '0', 'r2_welding_wire': '0', 'login_id': '\x00\x00\x00\x00\x00 \x00\x00\x00\x00', 'login_password': '\n\x00\x00\x00\x00\x00\x00\x00\x00\x00'}
2021-03-02  09:49:16 Tue root INFO ('\n\x02AA\x00\x00\x00\x00\x00\x00', '2562', '16962', 0, '0', '0', '9.727692471237622e-22', '2.802596928649634e-45', '1.3775324423698682e-38', '17208', '16991', '16721', '-1.6047303883528737e-22', '0.0', '0.0', '0', '0', '0', '0', '0', '0', '\x00\x00\x00\x00\x00 \x00\x00\x00\x00', '\n\x00\x00\x00\x00\x00\x00\x00\x00\x00', '0', '0', '2021-03-02 09:49:16')
2021-03-02  09:49:16 Tue root INFO 成功添加数据
2021-03-02  09:49:16 Tue root INFO mes_plc_r5
2021-03-02  09:49:16 Tue root INFO 读取插入数据库数据：{'product_type': '\n\x00\x00\x00\x00\x00\x00\x00\x00\x00', 'r1_equipment_status': '0', 'fail_code': '0', 'recerve': '0', 'prod_num': 0, 'r1_rob_no': '0', 'r1_weld_line_no': '0', 'r1_electric': '0.0', 'r1_voltage': '0.0', 'r1_speed': '0.0', 'r1_job': '0', 'r2_rob_no': '0', 'r2_weld_line_no': '0', 'r2_electric': '0.0', 'r2_voltage': '0.0', 'r2_speed': '0.0', 'r2_job': '0', 'replace_status': '0', 'part_status': '0', 'r1_protective_gas': '0', 'r1_welding_wire': '0', 'r2_protective_gas': '0', 'r2_welding_wire': '0', 'login_id': '\n\x00\x00\x00\x00\x00\x00\x00\x00\x00', 'login_password': '\n\x00\x00\x00\x00\x00\x00\x00\x00\x00'}
2021-03-02  09:49:16 Tue root INFO ('\n\x00\x00\x00\x00\x00\x00\x00\x00\x00', '0', '0', 0, '0', '0', '0.0', '0.0', '0.0', '0', '0', '0', '0.0', '0.0', '0.0', '0', '0', '0', '0', '0', '0', '\n\x00\x00\x00\x00\x00\x00\x00\x00\x00', '\n\x00\x00\x00\x00\x00\x00\x00\x00\x00', '0', '0', '2021-03-02 09:49:16')
2021-03-02  09:49:16 Tue root INFO 成功添加数据
2021-03-02  09:50:37 Tue root INFO PLC6连接失败
2021-03-02  09:50:37 Tue root INFO plc连接状态:[1, 1, 1, 1, 1, 0]
2021-03-02  09:50:37 Tue root INFO mes_plc
2021-03-02  09:50:37 Tue root INFO 读取插入数据库数据：{'product_type': '\n\x07250 YDG\x00', 'r1_equipment_status': '2567', 'fail_code': '12853', 'recerve': '12320', 'prod_num': 23108, 'r1_rob_no': '18176', 'r1_weld_line_no': '0', 'r1_electric': '1.0654138796264848e-21', 'r1_voltage': '5.184804318001823e-44', 'r1_speed': '3.6734198463196485e-40', 'r1_job': '17206', 'r2_rob_no': '-24614', 'r2_weld_line_no': '16724', 'r2_electric': '1520.0', 'r2_voltage': '0.0', 'r2_speed': '9.550891600431086e-39', 'r2_job': '0', 'replace_status': '0', 'part_status': '0', 'r1_protective_gas': '0', 'r1_welding_wire': '0', 'r2_protective_gas': '0', 'r2_welding_wire': '0', 'login_id': '\x00\x00\x00\x00\x00\x00\x00\x00\x00\x00', 'login_password': '\n\x00\x00\x00\x00\x00\x00\x00\x00\x00'}
2021-03-02  09:50:37 Tue root INFO ('\n\x07250 YDG\x00', '2567', '12853', 23108, '18176', '0', '1.0654138796264848e-21', '5.184804318001823e-44', '3.6734198463196485e-40', '17206', '-24614', '16724', '1520.0', '0.0', '9.550891600431086e-39', '0', '0', '0', '0', '0', '0', '\x00\x00\x00\x00\x00\x00\x00\x00\x00\x00', '\n\x00\x00\x00\x00\x00\x00\x00\x00\x00', '0', '12320', '2021-03-02 09:50:37')
2021-03-02  09:50:37 Tue root INFO 成功添加数据
2021-03-02  09:50:37 Tue root INFO mes_plc_r2
2021-03-02  09:50:38 Tue root INFO 读取插入数据库数据：{'product_type': '\n\x07250 TJ1\x00', 'r1_equipment_status': '0', 'fail_code': '0', 'recerve': '0', 'prod_num': 417, 'r1_rob_no': '4', 'r1_weld_line_no': '0', 'r1_electric': '0.0', 'r1_voltage': '0.0', 'r1_speed': '0.0', 'r1_job': '0', 'r2_rob_no': '0', 'r2_weld_line_no': '0', 'r2_electric': '0.0', 'r2_voltage': '0.0', 'r2_speed': '0.0', 'r2_job': '0', 'replace_status': '0', 'part_status': '0', 'r1_protective_gas': '0', 'r1_welding_wire': '0', 'r2_protective_gas': '0', 'r2_welding_wire': '0', 'login_id': '\n\x00\x00\x00\x00\x00\x00\x00\x00\x00', 'login_password': '\n\x00\x00\x00\x00\x00\x00\x00\x00\x00'}
2021-03-02  09:50:38 Tue root INFO ('\n\x07250 TJ1\x00', '0', '0', 417, '4', '0', '0.0', '0.0', '0.0', '0', '0', '0', '0.0', '0.0', '0.0', '0', '0', '0', '0', '0', '0', '\n\x00\x00\x00\x00\x00\x00\x00\x00\x00', '\n\x00\x00\x00\x00\x00\x00\x00\x00\x00', '0', '0', '2021-03-02 09:50:38')
2021-03-02  09:50:38 Tue root INFO 成功添加数据
2021-03-02  09:50:38 Tue root INFO mes_plc_r3
2021-03-02  09:50:38 Tue root INFO 读取插入数据库数据：{'product_type': '\n\x07250 TJ4\x00', 'r1_equipment_status': '0', 'fail_code': '0', 'recerve': '0', 'prod_num': 418, 'r1_rob_no': '104', 'r1_weld_line_no': '0', 'r1_electric': '184.4762725830078', 'r1_voltage': '13.823784828186035', 'r1_speed': '0.0', 'r1_job': '0', 'r2_rob_no': '0', 'r2_weld_line_no': '0', 'r2_electric': '0.0', 'r2_voltage': '0.0', 'r2_speed': '0.0', 'r2_job': '0', 'replace_status': '0', 'part_status': '0', 'r1_protective_gas': '0', 'r1_welding_wire': '0', 'r2_protective_gas': '0', 'r2_welding_wire': '0', 'login_id': '\n\x00\x00\x00\x00\x00\x00\x00\x00\x00', 'login_password': '\n\x00\x00\x00\x00\x00\x00\x00\x00\x00'}
2021-03-02  09:50:38 Tue root INFO ('\n\x07250 TJ4\x00', '0', '0', 418, '104', '0', '184.4762725830078', '13.823784828186035', '0.0', '0', '0', '0', '0.0', '0.0', '0.0', '0', '0', '0', '0', '0', '0', '\n\x00\x00\x00\x00\x00\x00\x00\x00\x00', '\n\x00\x00\x00\x00\x00\x00\x00\x00\x00', '0', '0', '2021-03-02 09:50:38')
2021-03-02  09:50:38 Tue root INFO 成功添加数据
2021-03-02  09:50:38 Tue root INFO mes_plc_r4
2021-03-02  09:50:38 Tue root INFO 读取插入数据库数据：{'product_type': '\n\x02AA\x00\x00\x00\x00\x00\x00', 'r1_equipment_status': '2562', 'fail_code': '16962', 'recerve': '0', 'prod_num': 0, 'r1_rob_no': '0', 'r1_weld_line_no': '0', 'r1_electric': '9.727692471237622e-22', 'r1_voltage': '2.802596928649634e-45', 'r1_speed': '1.3775324423698682e-38', 'r1_job': '17208', 'r2_rob_no': '16991', 'r2_weld_line_no': '16721', 'r2_electric': '-1.6047303883528737e-22', 'r2_voltage': '0.0', 'r2_speed': '0.0', 'r2_job': '0', 'replace_status': '0', 'part_status': '0', 'r1_protective_gas': '0', 'r1_welding_wire': '0', 'r2_protective_gas': '0', 'r2_welding_wire': '0', 'login_id': '\x00\x00\x00\x00\x00 \x00\x00\x00\x00', 'login_password': '\n\x00\x00\x00\x00\x00\x00\x00\x00\x00'}
2021-03-02  09:50:38 Tue root INFO ('\n\x02AA\x00\x00\x00\x00\x00\x00', '2562', '16962', 0, '0', '0', '9.727692471237622e-22', '2.802596928649634e-45', '1.3775324423698682e-38', '17208', '16991', '16721', '-1.6047303883528737e-22', '0.0', '0.0', '0', '0', '0', '0', '0', '0', '\x00\x00\x00\x00\x00 \x00\x00\x00\x00', '\n\x00\x00\x00\x00\x00\x00\x00\x00\x00', '0', '0', '2021-03-02 09:50:38')
2021-03-02  09:50:38 Tue root INFO 成功添加数据
2021-03-02  09:50:38 Tue root INFO mes_plc_r5
2021-03-02  09:50:39 Tue root INFO 读取插入数据库数据：{'product_type': '\n\x00\x00\x00\x00\x00\x00\x00\x00\x00', 'r1_equipment_status': '0', 'fail_code': '0', 'recerve': '0', 'prod_num': 0, 'r1_rob_no': '0', 'r1_weld_line_no': '0', 'r1_electric': '0.0', 'r1_voltage': '0.0', 'r1_speed': '0.0', 'r1_job': '0', 'r2_rob_no': '0', 'r2_weld_line_no': '0', 'r2_electric': '0.0', 'r2_voltage': '0.0', 'r2_speed': '0.0', 'r2_job': '0', 'replace_status': '0', 'part_status': '0', 'r1_protective_gas': '0', 'r1_welding_wire': '0', 'r2_protective_gas': '0', 'r2_welding_wire': '0', 'login_id': '\n\x00\x00\x00\x00\x00\x00\x00\x00\x00', 'login_password': '\n\x00\x00\x00\x00\x00\x00\x00\x00\x00'}
2021-03-02  09:50:39 Tue root INFO ('\n\x00\x00\x00\x00\x00\x00\x00\x00\x00', '0', '0', 0, '0', '0', '0.0', '0.0', '0.0', '0', '0', '0', '0.0', '0.0', '0.0', '0', '0', '0', '0', '0', '0', '\n\x00\x00\x00\x00\x00\x00\x00\x00\x00', '\n\x00\x00\x00\x00\x00\x00\x00\x00\x00', '0', '0', '2021-03-02 09:50:39')
2021-03-02  09:50:39 Tue root INFO 成功添加数据
2021-03-02  09:52:00 Tue root INFO PLC6连接失败
2021-03-02  09:52:00 Tue root INFO plc连接状态:[1, 1, 1, 1, 1, 0]
2021-03-02  09:52:00 Tue root INFO mes_plc
2021-03-02  09:52:00 Tue root INFO 读取插入数据库数据：{'product_type': '\n\x07250 YDG\x00', 'r1_equipment_status': '2567', 'fail_code': '12853', 'recerve': '12320', 'prod_num': 23108, 'r1_rob_no': '18176', 'r1_weld_line_no': '0', 'r1_electric': '1.0654138796264848e-21', 'r1_voltage': '5.184804318001823e-44', 'r1_speed': '3.6734198463196485e-40', 'r1_job': '17206', 'r2_rob_no': '-22718', 'r2_weld_line_no': '16724', 'r2_electric': '1.773238182067871e-06', 'r2_voltage': '0.0', 'r2_speed': '9.550891600431086e-39', 'r2_job': '0', 'replace_status': '0', 'part_status': '0', 'r1_protective_gas': '0', 'r1_welding_wire': '0', 'r2_protective_gas': '0', 'r2_welding_wire': '0', 'login_id': '\x00\x00\x00\x00\x00\x00\x00\x00\x00\x00', 'login_password': '\n\x00\x00\x00\x00\x00\x00\x00\x00\x00'}
2021-03-02  09:52:00 Tue root INFO ('\n\x07250 YDG\x00', '2567', '12853', 23108, '18176', '0', '1.0654138796264848e-21', '5.184804318001823e-44', '3.6734198463196485e-40', '17206', '-22718', '16724', '1.773238182067871e-06', '0.0', '9.550891600431086e-39', '0', '0', '0', '0', '0', '0', '\x00\x00\x00\x00\x00\x00\x00\x00\x00\x00', '\n\x00\x00\x00\x00\x00\x00\x00\x00\x00', '0', '12320', '2021-03-02 09:52:00')
2021-03-02  09:52:00 Tue root INFO 成功添加数据
2021-03-02  09:52:00 Tue root INFO mes_plc_r2
2021-03-02  09:52:00 Tue root INFO 读取插入数据库数据：{'product_type': '\n\x07250 TJ2\x00', 'r1_equipment_status': '0', 'fail_code': '0', 'recerve': '0', 'prod_num': 418, 'r1_rob_no': '104', 'r1_weld_line_no': '0', 'r1_electric': '0.0', 'r1_voltage': '0.0', 'r1_speed': '0.0', 'r1_job': '0', 'r2_rob_no': '0', 'r2_weld_line_no': '0', 'r2_electric': '0.0', 'r2_voltage': '0.0', 'r2_speed': '0.0', 'r2_job': '0', 'replace_status': '0', 'part_status': '0', 'r1_protective_gas': '0', 'r1_welding_wire': '0', 'r2_protective_gas': '0', 'r2_welding_wire': '0', 'login_id': '\n\x00\x00\x00\x00\x00\x00\x00\x00\x00', 'login_password': '\n\x00\x00\x00\x00\x00\x00\x00\x00\x00'}
2021-03-02  09:52:00 Tue root INFO ('\n\x07250 TJ2\x00', '0', '0', 418, '104', '0', '0.0', '0.0', '0.0', '0', '0', '0', '0.0', '0.0', '0.0', '0', '0', '0', '0', '0', '0', '\n\x00\x00\x00\x00\x00\x00\x00\x00\x00', '\n\x00\x00\x00\x00\x00\x00\x00\x00\x00', '0', '0', '2021-03-02 09:52:00')
2021-03-02  09:52:00 Tue root INFO 成功添加数据
2021-03-02  09:52:00 Tue root INFO mes_plc_r3
2021-03-02  09:52:00 Tue root INFO 读取插入数据库数据：{'product_type': '\n\x07250 TJ4\x00', 'r1_equipment_status': '0', 'fail_code': '0', 'recerve': '0', 'prod_num': 418, 'r1_rob_no': '104', 'r1_weld_line_no': '0', 'r1_electric': '184.50521850585938', 'r1_voltage': '13.809317588806152', 'r1_speed': '0.0', 'r1_job': '0', 'r2_rob_no': '0', 'r2_weld_line_no': '0', 'r2_electric': '0.0', 'r2_voltage': '0.0', 'r2_speed': '0.0', 'r2_job': '0', 'replace_status': '0', 'part_status': '0', 'r1_protective_gas': '0', 'r1_welding_wire': '0', 'r2_protective_gas': '0', 'r2_welding_wire': '0', 'login_id': '\n\x00\x00\x00\x00\x00\x00\x00\x00\x00', 'login_password': '\n\x00\x00\x00\x00\x00\x00\x00\x00\x00'}
2021-03-02  09:52:00 Tue root INFO ('\n\x07250 TJ4\x00', '0', '0', 418, '104', '0', '184.50521850585938', '13.809317588806152', '0.0', '0', '0', '0', '0.0', '0.0', '0.0', '0', '0', '0', '0', '0', '0', '\n\x00\x00\x00\x00\x00\x00\x00\x00\x00', '\n\x00\x00\x00\x00\x00\x00\x00\x00\x00', '0', '0', '2021-03-02 09:52:00')
2021-03-02  09:52:00 Tue root INFO 成功添加数据
2021-03-02  09:52:00 Tue root INFO mes_plc_r4
2021-03-02  09:52:01 Tue root INFO 读取插入数据库数据：{'product_type': '\n\x02AA\x00\x00\x00\x00\x00\x00', 'r1_equipment_status': '2562', 'fail_code': '16962', 'recerve': '0', 'prod_num': 0, 'r1_rob_no': '0', 'r1_weld_line_no': '0', 'r1_electric': '9.727692471237622e-22', 'r1_voltage': '2.802596928649634e-45', 'r1_speed': '1.3775324423698682e-38', 'r1_job': '17208', 'r2_rob_no': '14146', 'r2_weld_line_no': '16721', 'r2_electric': '-1.8643001861668443e-31', 'r2_voltage': '0.0', 'r2_speed': '0.0', 'r2_job': '0', 'replace_status': '0', 'part_status': '0', 'r1_protective_gas': '0', 'r1_welding_wire': '0', 'r2_protective_gas': '0', 'r2_welding_wire': '0', 'login_id': '\x00\x00\x00\x00\x00 \x00\x00\x00\x00', 'login_password': '\n\x00\x00\x00\x00\x00\x00\x00\x00\x00'}
2021-03-02  09:52:01 Tue root INFO ('\n\x02AA\x00\x00\x00\x00\x00\x00', '2562', '16962', 0, '0', '0', '9.727692471237622e-22', '2.802596928649634e-45', '1.3775324423698682e-38', '17208', '14146', '16721', '-1.8643001861668443e-31', '0.0', '0.0', '0', '0', '0', '0', '0', '0', '\x00\x00\x00\x00\x00 \x00\x00\x00\x00', '\n\x00\x00\x00\x00\x00\x00\x00\x00\x00', '0', '0', '2021-03-02 09:52:01')
2021-03-02  09:52:01 Tue root INFO 成功添加数据
2021-03-02  09:52:01 Tue root INFO mes_plc_r5
2021-03-02  09:52:01 Tue root INFO 读取插入数据库数据：{'product_type': '\n\x00\x00\x00\x00\x00\x00\x00\x00\x00', 'r1_equipment_status': '0', 'fail_code': '0', 'recerve': '0', 'prod_num': 0, 'r1_rob_no': '0', 'r1_weld_line_no': '0', 'r1_electric': '0.0', 'r1_voltage': '0.0', 'r1_speed': '0.0', 'r1_job': '0', 'r2_rob_no': '0', 'r2_weld_line_no': '0', 'r2_electric': '0.0', 'r2_voltage': '0.0', 'r2_speed': '0.0', 'r2_job': '0', 'replace_status': '0', 'part_status': '0', 'r1_protective_gas': '0', 'r1_welding_wire': '0', 'r2_protective_gas': '0', 'r2_welding_wire': '0', 'login_id': '\n\x00\x00\x00\x00\x00\x00\x00\x00\x00', 'login_password': '\n\x00\x00\x00\x00\x00\x00\x00\x00\x00'}
2021-03-02  09:52:01 Tue root INFO ('\n\x00\x00\x00\x00\x00\x00\x00\x00\x00', '0', '0', 0, '0', '0', '0.0', '0.0', '0.0', '0', '0', '0', '0.0', '0.0', '0.0', '0', '0', '0', '0', '0', '0', '\n\x00\x00\x00\x00\x00\x00\x00\x00\x00', '\n\x00\x00\x00\x00\x00\x00\x00\x00\x00', '0', '0', '2021-03-02 09:52:01')
2021-03-02  09:52:01 Tue root INFO 成功添加数据
2021-03-02  09:53:22 Tue root INFO PLC6连接失败
2021-03-02  09:53:22 Tue root INFO plc连接状态:[1, 1, 1, 1, 1, 0]
2021-03-02  09:53:22 Tue root INFO mes_plc
2021-03-02  09:53:22 Tue root INFO 读取插入数据库数据：{'product_type': '\n\x07250 YDG\x00', 'r1_equipment_status': '2567', 'fail_code': '12853', 'recerve': '12320', 'prod_num': 23108, 'r1_rob_no': '18176', 'r1_weld_line_no': '0', 'r1_electric': '1.0654138796264848e-21', 'r1_voltage': '5.184804318001823e-44', 'r1_speed': '3.6734198463196485e-40', 'r1_job': '17206', 'r2_rob_no': '-24614', 'r2_weld_line_no': '16724', 'r2_electric': '8.715097876569077e+29', 'r2_voltage': '0.0', 'r2_speed': '9.550891600431086e-39', 'r2_job': '0', 'replace_status': '0', 'part_status': '0', 'r1_protective_gas': '0', 'r1_welding_wire': '0', 'r2_protective_gas': '0', 'r2_welding_wire': '0', 'login_id': '\x00\x00\x00\x00\x00\x00\x00\x00\x00\x00', 'login_password': '\n\x00\x00\x00\x00\x00\x00\x00\x00\x00'}
2021-03-02  09:53:22 Tue root INFO ('\n\x07250 YDG\x00', '2567', '12853', 23108, '18176', '0', '1.0654138796264848e-21', '5.184804318001823e-44', '3.6734198463196485e-40', '17206', '-24614', '16724', '8.715097876569077e+29', '0.0', '9.550891600431086e-39', '0', '0', '0', '0', '0', '0', '\x00\x00\x00\x00\x00\x00\x00\x00\x00\x00', '\n\x00\x00\x00\x00\x00\x00\x00\x00\x00', '0', '12320', '2021-03-02 09:53:22')
2021-03-02  09:53:22 Tue root INFO 成功添加数据
2021-03-02  09:53:22 Tue root INFO mes_plc_r2
2021-03-02  09:53:23 Tue root INFO 读取插入数据库数据：{'product_type': '\n\x07250 TJ2\x00', 'r1_equipment_status': '0', 'fail_code': '0', 'recerve': '0', 'prod_num': 418, 'r1_rob_no': '104', 'r1_weld_line_no': '0', 'r1_electric': '0.0', 'r1_voltage': '0.0', 'r1_speed': '0.0', 'r1_job': '0', 'r2_rob_no': '0', 'r2_weld_line_no': '0', 'r2_electric': '0.0', 'r2_voltage': '0.0', 'r2_speed': '0.0', 'r2_job': '0', 'replace_status': '0', 'part_status': '0', 'r1_protective_gas': '0', 'r1_welding_wire': '0', 'r2_protective_gas': '0', 'r2_welding_wire': '0', 'login_id': '\n\x00\x00\x00\x00\x00\x00\x00\x00\x00', 'login_password': '\n\x00\x00\x00\x00\x00\x00\x00\x00\x00'}
2021-03-02  09:53:23 Tue root INFO ('\n\x07250 TJ2\x00', '0', '0', 418, '104', '0', '0.0', '0.0', '0.0', '0', '0', '0', '0.0', '0.0', '0.0', '0', '0', '0', '0', '0', '0', '\n\x00\x00\x00\x00\x00\x00\x00\x00\x00', '\n\x00\x00\x00\x00\x00\x00\x00\x00\x00', '0', '0', '2021-03-02 09:53:23')
2021-03-02  09:53:23 Tue root INFO 成功添加数据
2021-03-02  09:53:23 Tue root INFO mes_plc_r3
2021-03-02  09:53:23 Tue root INFO 读取插入数据库数据：{'product_type': '\n\x07250 TJ3\x00', 'r1_equipment_status': '0', 'fail_code': '0', 'recerve': '0', 'prod_num': 419, 'r1_rob_no': '4', 'r1_weld_line_no': '0', 'r1_electric': '184.49073791503906', 'r1_voltage': '-5.931713104248047', 'r1_speed': '0.0', 'r1_job': '0', 'r2_rob_no': '0', 'r2_weld_line_no': '0', 'r2_electric': '0.0', 'r2_voltage': '0.0', 'r2_speed': '0.0', 'r2_job': '0', 'replace_status': '0', 'part_status': '0', 'r1_protective_gas': '0', 'r1_welding_wire': '0', 'r2_protective_gas': '0', 'r2_welding_wire': '0', 'login_id': '\n\x00\x00\x00\x00\x00\x00\x00\x00\x00', 'login_password': '\n\x00\x00\x00\x00\x00\x00\x00\x00\x00'}
2021-03-02  09:53:23 Tue root INFO ('\n\x07250 TJ3\x00', '0', '0', 419, '4', '0', '184.49073791503906', '-5.931713104248047', '0.0', '0', '0', '0', '0.0', '0.0', '0.0', '0', '0', '0', '0', '0', '0', '\n\x00\x00\x00\x00\x00\x00\x00\x00\x00', '\n\x00\x00\x00\x00\x00\x00\x00\x00\x00', '0', '0', '2021-03-02 09:53:23')
2021-03-02  09:53:23 Tue root INFO 成功添加数据
2021-03-02  09:53:23 Tue root INFO mes_plc_r4
2021-03-02  09:53:23 Tue root INFO 读取插入数据库数据：{'product_type': '\n\x02AA\x00\x00\x00\x00\x00\x00', 'r1_equipment_status': '2562', 'fail_code': '16962', 'recerve': '0', 'prod_num': 0, 'r1_rob_no': '0', 'r1_weld_line_no': '0', 'r1_electric': '9.727692471237622e-22', 'r1_voltage': '2.802596928649634e-45', 'r1_speed': '1.3775324423698682e-38', 'r1_job': '17208', 'r2_rob_no': '17939', 'r2_weld_line_no': '16721', 'r2_electric': '-1.6047303883528737e-22', 'r2_voltage': '0.0', 'r2_speed': '0.0', 'r2_job': '0', 'replace_status': '0', 'part_status': '0', 'r1_protective_gas': '0', 'r1_welding_wire': '0', 'r2_protective_gas': '0', 'r2_welding_wire': '0', 'login_id': '\x00\x00\x00\x00\x00 \x00\x00\x00\x00', 'login_password': '\n\x00\x00\x00\x00\x00\x00\x00\x00\x00'}
2021-03-02  09:53:23 Tue root INFO ('\n\x02AA\x00\x00\x00\x00\x00\x00', '2562', '16962', 0, '0', '0', '9.727692471237622e-22', '2.802596928649634e-45', '1.3775324423698682e-38', '17208', '17939', '16721', '-1.6047303883528737e-22', '0.0', '0.0', '0', '0', '0', '0', '0', '0', '\x00\x00\x00\x00\x00 \x00\x00\x00\x00', '\n\x00\x00\x00\x00\x00\x00\x00\x00\x00', '0', '0', '2021-03-02 09:53:23')
2021-03-02  09:53:23 Tue root INFO 成功添加数据
2021-03-02  09:53:23 Tue root INFO mes_plc_r5
2021-03-02  09:53:24 Tue root INFO 读取插入数据库数据：{'product_type': '\n\x00\x00\x00\x00\x00\x00\x00\x00\x00', 'r1_equipment_status': '2560', 'fail_code': '0', 'recerve': '0', 'prod_num': 0, 'r1_rob_no': '0', 'r1_weld_line_no': '0', 'r1_electric': '1.8870057723865944e-24', 'r1_voltage': '0.0', 'r1_speed': '0.0', 'r1_job': '17205', 'r2_rob_no': '14488', 'r2_weld_line_no': '16726', 'r2_electric': '12713984.0', 'r2_voltage': '0.0', 'r2_speed': '0.0', 'r2_job': '17204', 'replace_status': '-9216', 'part_status': '16725', 'r1_protective_gas': '-18660', 'r1_welding_wire': '0', 'r2_protective_gas': '0', 'r2_welding_wire': '0', 'login_id': '\x00\x00\x00\x00\x00\x00\x00\x00\x00\x00', 'login_password': '\n\x00\x00\x00\x00\x00\x00\x00\x00\x00'}
2021-03-02  09:53:24 Tue root INFO ('\n\x00\x00\x00\x00\x00\x00\x00\x00\x00', '2560', '0', 0, '0', '0', '1.8870057723865944e-24', '0.0', '0.0', '17205', '14488', '16726', '12713984.0', '0.0', '0.0', '17204', '-9216', '-18660', '0', '0', '0', '\x00\x00\x00\x00\x00\x00\x00\x00\x00\x00', '\n\x00\x00\x00\x00\x00\x00\x00\x00\x00', '16725', '0', '2021-03-02 09:53:24')
2021-03-02  09:53:24 Tue root INFO 成功添加数据
2021-03-02  09:54:45 Tue root INFO PLC6连接失败
2021-03-02  09:54:45 Tue root INFO plc连接状态:[1, 1, 1, 1, 1, 0]
2021-03-02  09:54:45 Tue root INFO mes_plc
2021-03-02  09:54:45 Tue root INFO 读取插入数据库数据：{'product_type': '\n\x07250 YDG\x00', 'r1_equipment_status': '2567', 'fail_code': '12853', 'recerve': '12320', 'prod_num': 23108, 'r1_rob_no': '18176', 'r1_weld_line_no': '0', 'r1_electric': '1.0654138796264848e-21', 'r1_voltage': '5.184804318001823e-44', 'r1_speed': '3.6734198463196485e-40', 'r1_job': '17206', 'r2_rob_no': '-22718', 'r2_weld_line_no': '16724', 'r2_electric': '1520.0', 'r2_voltage': '0.0', 'r2_speed': '9.550891600431086e-39', 'r2_job': '0', 'replace_status': '0', 'part_status': '0', 'r1_protective_gas': '0', 'r1_welding_wire': '0', 'r2_protective_gas': '0', 'r2_welding_wire': '0', 'login_id': '\x00\x00\x00\x00\x00\x00\x00\x00\x00\x00', 'login_password': '\n\x00\x00\x00\x00\x00\x00\x00\x00\x00'}
2021-03-02  09:54:45 Tue root INFO ('\n\x07250 YDG\x00', '2567', '12853', 23108, '18176', '0', '1.0654138796264848e-21', '5.184804318001823e-44', '3.6734198463196485e-40', '17206', '-22718', '16724', '1520.0', '0.0', '9.550891600431086e-39', '0', '0', '0', '0', '0', '0', '\x00\x00\x00\x00\x00\x00\x00\x00\x00\x00', '\n\x00\x00\x00\x00\x00\x00\x00\x00\x00', '0', '12320', '2021-03-02 09:54:45')
2021-03-02  09:54:45 Tue root INFO 成功添加数据
2021-03-02  09:54:45 Tue root INFO mes_plc_r2
2021-03-02  09:54:45 Tue root INFO 读取插入数据库数据：{'product_type': '\n\x07250 TJ1\x00', 'r1_equipment_status': '0', 'fail_code': '0', 'recerve': '0', 'prod_num': 419, 'r1_rob_no': '4', 'r1_weld_line_no': '0', 'r1_electric': '0.0', 'r1_voltage': '0.0', 'r1_speed': '0.0', 'r1_job': '0', 'r2_rob_no': '0', 'r2_weld_line_no': '0', 'r2_electric': '0.0', 'r2_voltage': '0.0', 'r2_speed': '0.0', 'r2_job': '0', 'replace_status': '0', 'part_status': '0', 'r1_protective_gas': '0', 'r1_welding_wire': '0', 'r2_protective_gas': '0', 'r2_welding_wire': '0', 'login_id': '\n\x00\x00\x00\x00\x00\x00\x00\x00\x00', 'login_password': '\n\x00\x00\x00\x00\x00\x00\x00\x00\x00'}
2021-03-02  09:54:45 Tue root INFO ('\n\x07250 TJ1\x00', '0', '0', 419, '4', '0', '0.0', '0.0', '0.0', '0', '0', '0', '0.0', '0.0', '0.0', '0', '0', '0', '0', '0', '0', '\n\x00\x00\x00\x00\x00\x00\x00\x00\x00', '\n\x00\x00\x00\x00\x00\x00\x00\x00\x00', '0', '0', '2021-03-02 09:54:45')
2021-03-02  09:54:45 Tue root INFO 成功添加数据
2021-03-02  09:54:45 Tue root INFO mes_plc_r3
2021-03-02  09:54:45 Tue root INFO 读取插入数据库数据：{'product_type': '\n\x07250 TJ4\x00', 'r1_equipment_status': '0', 'fail_code': '0', 'recerve': '0', 'prod_num': 420, 'r1_rob_no': '104', 'r1_weld_line_no': '0', 'r1_electric': '184.36053466796875', 'r1_voltage': '-4.694733619689941', 'r1_speed': '0.0', 'r1_job': '0', 'r2_rob_no': '0', 'r2_weld_line_no': '0', 'r2_electric': '0.0', 'r2_voltage': '0.0', 'r2_speed': '0.0', 'r2_job': '0', 'replace_status': '0', 'part_status': '0', 'r1_protective_gas': '0', 'r1_welding_wire': '0', 'r2_protective_gas': '0', 'r2_welding_wire': '0', 'login_id': '\n\x00\x00\x00\x00\x00\x00\x00\x00\x00', 'login_password': '\n\x00\x00\x00\x00\x00\x00\x00\x00\x00'}
2021-03-02  09:54:45 Tue root INFO ('\n\x07250 TJ4\x00', '0', '0', 420, '104', '0', '184.36053466796875', '-4.694733619689941', '0.0', '0', '0', '0', '0.0', '0.0', '0.0', '0', '0', '0', '0', '0', '0', '\n\x00\x00\x00\x00\x00\x00\x00\x00\x00', '\n\x00\x00\x00\x00\x00\x00\x00\x00\x00', '0', '0', '2021-03-02 09:54:45')
2021-03-02  09:54:46 Tue root INFO 成功添加数据
2021-03-02  09:54:46 Tue root INFO mes_plc_r4
2021-03-02  09:54:46 Tue root INFO 读取插入数据库数据：{'product_type': '\n\x02AA\x00\x00\x00\x00\x00\x00', 'r1_equipment_status': '2562', 'fail_code': '16962', 'recerve': '0', 'prod_num': 0, 'r1_rob_no': '0', 'r1_weld_line_no': '0', 'r1_electric': '9.727692471237622e-22', 'r1_voltage': '2.802596928649634e-45', 'r1_speed': '1.3775324423698682e-38', 'r1_job': '17208', 'r2_rob_no': '16042', 'r2_weld_line_no': '16721', 'r2_electric': '-1.2967404927621828e-13', 'r2_voltage': '0.0', 'r2_speed': '0.0', 'r2_job': '0', 'replace_status': '0', 'part_status': '0', 'r1_protective_gas': '0', 'r1_welding_wire': '0', 'r2_protective_gas': '0', 'r2_welding_wire': '0', 'login_id': '\x00\x00\x00\x00\x00 \x00\x00\x00\x00', 'login_password': '\n\x00\x00\x00\x00\x00\x00\x00\x00\x00'}
2021-03-02  09:54:46 Tue root INFO ('\n\x02AA\x00\x00\x00\x00\x00\x00', '2562', '16962', 0, '0', '0', '9.727692471237622e-22', '2.802596928649634e-45', '1.3775324423698682e-38', '17208', '16042', '16721', '-1.2967404927621828e-13', '0.0', '0.0', '0', '0', '0', '0', '0', '0', '\x00\x00\x00\x00\x00 \x00\x00\x00\x00', '\n\x00\x00\x00\x00\x00\x00\x00\x00\x00', '0', '0', '2021-03-02 09:54:46')
2021-03-02  09:54:46 Tue root INFO 成功添加数据
2021-03-02  09:54:46 Tue root INFO mes_plc_r5
2021-03-02  09:54:46 Tue root INFO 读取插入数据库数据：{'product_type': '\n\x00\x00\x00\x00\x00\x00\x00\x00\x00', 'r1_equipment_status': '2560', 'fail_code': '0', 'recerve': '0', 'prod_num': 0, 'r1_rob_no': '0', 'r1_weld_line_no': '0', 'r1_electric': '1.8870057723865944e-24', 'r1_voltage': '0.0', 'r1_speed': '0.0', 'r1_job': '17205', 'r2_rob_no': '14488', 'r2_weld_line_no': '16726', 'r2_electric': '0.0147705078125', 'r2_voltage': '0.0', 'r2_speed': '0.0', 'r2_job': '17204', 'replace_status': '-13009', 'part_status': '16725', 'r1_protective_gas': '-22452', 'r1_welding_wire': '0', 'r2_protective_gas': '0', 'r2_welding_wire': '0', 'login_id': '\x00\x00\x00\x00\x00\x00\x00\x00\x00\x00', 'login_password': '\n\x00\x00\x00\x00\x00\x00\x00\x00\x00'}
2021-03-02  09:54:46 Tue root INFO ('\n\x00\x00\x00\x00\x00\x00\x00\x00\x00', '2560', '0', 0, '0', '0', '1.8870057723865944e-24', '0.0', '0.0', '17205', '14488', '16726', '0.0147705078125', '0.0', '0.0', '17204', '-13009', '-22452', '0', '0', '0', '\x00\x00\x00\x00\x00\x00\x00\x00\x00\x00', '\n\x00\x00\x00\x00\x00\x00\x00\x00\x00', '16725', '0', '2021-03-02 09:54:46')
2021-03-02  09:54:46 Tue root INFO 成功添加数据
2021-03-02  09:56:07 Tue root INFO PLC6连接失败
2021-03-02  09:56:07 Tue root INFO plc连接状态:[1, 1, 1, 1, 1, 0]
2021-03-02  09:56:07 Tue root INFO mes_plc
2021-03-02  09:56:08 Tue root INFO 读取插入数据库数据：{'product_type': '\n\x07250 YDG\x00', 'r1_equipment_status': '2567', 'fail_code': '12853', 'recerve': '12320', 'prod_num': 23108, 'r1_rob_no': '18176', 'r1_weld_line_no': '0', 'r1_electric': '1.0654138796264848e-21', 'r1_voltage': '5.184804318001823e-44', 'r1_speed': '3.6734198463196485e-40', 'r1_job': '17206', 'r2_rob_no': '-24614', 'r2_weld_line_no': '16724', 'r2_electric': '1.0237942960908801e+21', 'r2_voltage': '0.0', 'r2_speed': '9.550891600431086e-39', 'r2_job': '0', 'replace_status': '0', 'part_status': '0', 'r1_protective_gas': '0', 'r1_welding_wire': '0', 'r2_protective_gas': '0', 'r2_welding_wire': '0', 'login_id': '\x00\x00\x00\x00\x00\x00\x00\x00\x00\x00', 'login_password': '\n\x00\x00\x00\x00\x00\x00\x00\x00\x00'}
2021-03-02  09:56:08 Tue root INFO ('\n\x07250 YDG\x00', '2567', '12853', 23108, '18176', '0', '1.0654138796264848e-21', '5.184804318001823e-44', '3.6734198463196485e-40', '17206', '-24614', '16724', '1.0237942960908801e+21', '0.0', '9.550891600431086e-39', '0', '0', '0', '0', '0', '0', '\x00\x00\x00\x00\x00\x00\x00\x00\x00\x00', '\n\x00\x00\x00\x00\x00\x00\x00\x00\x00', '0', '12320', '2021-03-02 09:56:08')
2021-03-02  09:56:08 Tue root INFO 成功添加数据
2021-03-02  09:56:08 Tue root INFO mes_plc_r2
2021-03-02  09:56:08 Tue root INFO 读取插入数据库数据：{'product_type': '\n\x07250 TJ1\x00', 'r1_equipment_status': '0', 'fail_code': '0', 'recerve': '0', 'prod_num': 419, 'r1_rob_no': '4', 'r1_weld_line_no': '0', 'r1_electric': '0.0', 'r1_voltage': '0.0', 'r1_speed': '0.0', 'r1_job': '0', 'r2_rob_no': '0', 'r2_weld_line_no': '0', 'r2_electric': '0.0', 'r2_voltage': '0.0', 'r2_speed': '0.0', 'r2_job': '0', 'replace_status': '0', 'part_status': '0', 'r1_protective_gas': '0', 'r1_welding_wire': '0', 'r2_protective_gas': '0', 'r2_welding_wire': '0', 'login_id': '\n\x00\x00\x00\x00\x00\x00\x00\x00\x00', 'login_password': '\n\x00\x00\x00\x00\x00\x00\x00\x00\x00'}
2021-03-02  09:56:08 Tue root INFO ('\n\x07250 TJ1\x00', '0', '0', 419, '4', '0', '0.0', '0.0', '0.0', '0', '0', '0', '0.0', '0.0', '0.0', '0', '0', '0', '0', '0', '0', '\n\x00\x00\x00\x00\x00\x00\x00\x00\x00', '\n\x00\x00\x00\x00\x00\x00\x00\x00\x00', '0', '0', '2021-03-02 09:56:08')
2021-03-02  09:56:08 Tue root INFO 成功添加数据
2021-03-02  09:56:08 Tue root INFO mes_plc_r3
2021-03-02  09:56:08 Tue root INFO 读取插入数据库数据：{'product_type': '\n\x07250 TJ4\x00', 'r1_equipment_status': '0', 'fail_code': '0', 'recerve': '0', 'prod_num': 420, 'r1_rob_no': '104', 'r1_weld_line_no': '0', 'r1_electric': '184.3460693359375', 'r1_voltage': '13.838252067565918', 'r1_speed': '0.0', 'r1_job': '0', 'r2_rob_no': '0', 'r2_weld_line_no': '0', 'r2_electric': '0.0', 'r2_voltage': '0.0', 'r2_speed': '0.0', 'r2_job': '0', 'replace_status': '0', 'part_status': '0', 'r1_protective_gas': '0', 'r1_welding_wire': '0', 'r2_protective_gas': '0', 'r2_welding_wire': '0', 'login_id': '\n\x00\x00\x00\x00\x00\x00\x00\x00\x00', 'login_password': '\n\x00\x00\x00\x00\x00\x00\x00\x00\x00'}
2021-03-02  09:56:08 Tue root INFO ('\n\x07250 TJ4\x00', '0', '0', 420, '104', '0', '184.3460693359375', '13.838252067565918', '0.0', '0', '0', '0', '0.0', '0.0', '0.0', '0', '0', '0', '0', '0', '0', '\n\x00\x00\x00\x00\x00\x00\x00\x00\x00', '\n\x00\x00\x00\x00\x00\x00\x00\x00\x00', '0', '0', '2021-03-02 09:56:08')
2021-03-02  09:56:08 Tue root INFO 成功添加数据
2021-03-02  09:56:08 Tue root INFO mes_plc_r4
2021-03-02  09:56:08 Tue root INFO 读取插入数据库数据：{'product_type': '\n\x02AA\x00\x00\x00\x00\x00\x00', 'r1_equipment_status': '2562', 'fail_code': '16962', 'recerve': '0', 'prod_num': 0, 'r1_rob_no': '0', 'r1_weld_line_no': '0', 'r1_electric': '9.727692471237622e-22', 'r1_voltage': '2.802596928649634e-45', 'r1_speed': '1.3775324423698682e-38', 'r1_job': '17208', 'r2_rob_no': '16042', 'r2_weld_line_no': '16721', 'r2_electric': '-1.6047303883528737e-22', 'r2_voltage': '0.0', 'r2_speed': '0.0', 'r2_job': '0', 'replace_status': '0', 'part_status': '0', 'r1_protective_gas': '0', 'r1_welding_wire': '0', 'r2_protective_gas': '0', 'r2_welding_wire': '0', 'login_id': '\x00\x00\x00\x00\x00 \x00\x00\x00\x00', 'login_password': '\n\x00\x00\x00\x00\x00\x00\x00\x00\x00'}
2021-03-02  09:56:08 Tue root INFO ('\n\x02AA\x00\x00\x00\x00\x00\x00', '2562', '16962', 0, '0', '0', '9.727692471237622e-22', '2.802596928649634e-45', '1.3775324423698682e-38', '17208', '16042', '16721', '-1.6047303883528737e-22', '0.0', '0.0', '0', '0', '0', '0', '0', '0', '\x00\x00\x00\x00\x00 \x00\x00\x00\x00', '\n\x00\x00\x00\x00\x00\x00\x00\x00\x00', '0', '0', '2021-03-02 09:56:08')
2021-03-02  09:56:09 Tue root INFO 成功添加数据
2021-03-02  09:56:09 Tue root INFO mes_plc_r5
2021-03-02  09:56:09 Tue root INFO 读取插入数据库数据：{'product_type': '\n\x00\x00\x00\x00\x00\x00\x00\x00\x00', 'r1_equipment_status': '2560', 'fail_code': '0', 'recerve': '0', 'prod_num': 0, 'r1_rob_no': '0', 'r1_weld_line_no': '0', 'r1_electric': '1.8870057723865944e-24', 'r1_voltage': '0.0', 'r1_speed': '0.0', 'r1_job': '17205', 'r2_rob_no': '11643', 'r2_weld_line_no': '16726', 'r2_electric': '12713984.0', 'r2_voltage': '0.0', 'r2_speed': '0.0', 'r2_job': '17204', 'replace_status': '-16801', 'part_status': '16725', 'r1_protective_gas': '-7282', 'r1_welding_wire': '0', 'r2_protective_gas': '0', 'r2_welding_wire': '0', 'login_id': '\x00\x00\x00\x00\x00\x00\x00\x00\x00\x00', 'login_password': '\n\x00\x00\x00\x00\x00\x00\x00\x00\x00'}
2021-03-02  09:56:09 Tue root INFO ('\n\x00\x00\x00\x00\x00\x00\x00\x00\x00', '2560', '0', 0, '0', '0', '1.8870057723865944e-24', '0.0', '0.0', '17205', '11643', '16726', '12713984.0', '0.0', '0.0', '17204', '-16801', '-7282', '0', '0', '0', '\x00\x00\x00\x00\x00\x00\x00\x00\x00\x00', '\n\x00\x00\x00\x00\x00\x00\x00\x00\x00', '16725', '0', '2021-03-02 09:56:09')
2021-03-02  09:56:09 Tue root INFO 成功添加数据
2021-03-02  09:57:30 Tue root INFO PLC6连接失败
2021-03-02  09:57:30 Tue root INFO plc连接状态:[1, 1, 1, 1, 1, 0]
2021-03-02  09:57:30 Tue root INFO mes_plc
2021-03-02  09:57:30 Tue root INFO 读取插入数据库数据：{'product_type': '\n\x07250 YDG\x00', 'r1_equipment_status': '2567', 'fail_code': '12853', 'recerve': '12320', 'prod_num': 23108, 'r1_rob_no': '18176', 'r1_weld_line_no': '0', 'r1_electric': '5.922639439170604e-22', 'r1_voltage': '5.184804318001823e-44', 'r1_speed': '3.6734198463196485e-40', 'r1_job': '17206', 'r2_rob_no': '-26510', 'r2_weld_line_no': '16724', 'r2_electric': '1520.0', 'r2_voltage': '0.0', 'r2_speed': '9.550891600431086e-39', 'r2_job': '0', 'replace_status': '0', 'part_status': '0', 'r1_protective_gas': '0', 'r1_welding_wire': '0', 'r2_protective_gas': '0', 'r2_welding_wire': '0', 'login_id': '\x00\x00\x00\x00\x00\x01\x00\x00\x00\x00', 'login_password': '\n\x00\x00\x00\x00\x00\x00\x00\x00\x00'}
2021-03-02  09:57:30 Tue root INFO ('\n\x07250 YDG\x00', '2567', '12853', 23108, '18176', '0', '5.922639439170604e-22', '5.184804318001823e-44', '3.6734198463196485e-40', '17206', '-26510', '16724', '1520.0', '0.0', '9.550891600431086e-39', '0', '0', '0', '0', '0', '0', '\x00\x00\x00\x00\x00\x01\x00\x00\x00\x00', '\n\x00\x00\x00\x00\x00\x00\x00\x00\x00', '0', '12320', '2021-03-02 09:57:30')
2021-03-02  09:57:30 Tue root INFO 成功添加数据
2021-03-02  09:57:30 Tue root INFO mes_plc_r2
2021-03-02  09:57:31 Tue root INFO 读取插入数据库数据：{'product_type': '\n\x07250 TJ1\x00', 'r1_equipment_status': '0', 'fail_code': '0', 'recerve': '0', 'prod_num': 419, 'r1_rob_no': '4', 'r1_weld_line_no': '0', 'r1_electric': '0.0', 'r1_voltage': '0.0', 'r1_speed': '0.0', 'r1_job': '0', 'r2_rob_no': '0', 'r2_weld_line_no': '0', 'r2_electric': '0.0', 'r2_voltage': '0.0', 'r2_speed': '0.0', 'r2_job': '0', 'replace_status': '0', 'part_status': '0', 'r1_protective_gas': '0', 'r1_welding_wire': '0', 'r2_protective_gas': '0', 'r2_welding_wire': '0', 'login_id': '\n\x00\x00\x00\x00\x00\x00\x00\x00\x00', 'login_password': '\n\x00\x00\x00\x00\x00\x00\x00\x00\x00'}
2021-03-02  09:57:31 Tue root INFO ('\n\x07250 TJ1\x00', '0', '0', 419, '4', '0', '0.0', '0.0', '0.0', '0', '0', '0', '0.0', '0.0', '0.0', '0', '0', '0', '0', '0', '0', '\n\x00\x00\x00\x00\x00\x00\x00\x00\x00', '\n\x00\x00\x00\x00\x00\x00\x00\x00\x00', '0', '0', '2021-03-02 09:57:31')
2021-03-02  09:57:31 Tue root INFO 成功添加数据
2021-03-02  09:57:31 Tue root INFO mes_plc_r3
2021-03-02  09:57:31 Tue root INFO 读取插入数据库数据：{'product_type': '\n\x07250 TJ4\x00', 'r1_equipment_status': '0', 'fail_code': '0', 'recerve': '0', 'prod_num': 420, 'r1_rob_no': '104', 'r1_weld_line_no': '0', 'r1_electric': '184.4039306640625', 'r1_voltage': '13.823784828186035', 'r1_speed': '0.0', 'r1_job': '0', 'r2_rob_no': '0', 'r2_weld_line_no': '0', 'r2_electric': '0.0', 'r2_voltage': '0.0', 'r2_speed': '0.0', 'r2_job': '0', 'replace_status': '0', 'part_status': '0', 'r1_protective_gas': '0', 'r1_welding_wire': '0', 'r2_protective_gas': '0', 'r2_welding_wire': '0', 'login_id': '\n\x00\x00\x00\x00\x00\x00\x00\x00\x00', 'login_password': '\n\x00\x00\x00\x00\x00\x00\x00\x00\x00'}
2021-03-02  09:57:31 Tue root INFO ('\n\x07250 TJ4\x00', '0', '0', 420, '104', '0', '184.4039306640625', '13.823784828186035', '0.0', '0', '0', '0', '0.0', '0.0', '0.0', '0', '0', '0', '0', '0', '0', '\n\x00\x00\x00\x00\x00\x00\x00\x00\x00', '\n\x00\x00\x00\x00\x00\x00\x00\x00\x00', '0', '0', '2021-03-02 09:57:31')
2021-03-02  09:57:31 Tue root INFO 成功添加数据
2021-03-02  09:57:31 Tue root INFO mes_plc_r4
2021-03-02  09:57:31 Tue root INFO 读取插入数据库数据：{'product_type': '\n\x02AA\x00\x00\x00\x00\x00\x00', 'r1_equipment_status': '2562', 'fail_code': '16962', 'recerve': '0', 'prod_num': 0, 'r1_rob_no': '0', 'r1_weld_line_no': '0', 'r1_electric': '9.727692471237622e-22', 'r1_voltage': '2.802596928649634e-45', 'r1_speed': '1.3775324423698682e-38', 'r1_job': '17208', 'r2_rob_no': '16991', 'r2_weld_line_no': '16721', 'r2_electric': '-73117523247104.0', 'r2_voltage': '0.0', 'r2_speed': '0.0', 'r2_job': '0', 'replace_status': '0', 'part_status': '0', 'r1_protective_gas': '0', 'r1_welding_wire': '0', 'r2_protective_gas': '0', 'r2_welding_wire': '0', 'login_id': '\x00\x00\x00\x00\x00 \x00\x00\x00\x00', 'login_password': '\n\x00\x00\x00\x00\x00\x00\x00\x00\x00'}
2021-03-02  09:57:31 Tue root INFO ('\n\x02AA\x00\x00\x00\x00\x00\x00', '2562', '16962', 0, '0', '0', '9.727692471237622e-22', '2.802596928649634e-45', '1.3775324423698682e-38', '17208', '16991', '16721', '-73117523247104.0', '0.0', '0.0', '0', '0', '0', '0', '0', '0', '\x00\x00\x00\x00\x00 \x00\x00\x00\x00', '\n\x00\x00\x00\x00\x00\x00\x00\x00\x00', '0', '0', '2021-03-02 09:57:31')
2021-03-02  09:57:31 Tue root INFO 成功添加数据
2021-03-02  09:57:31 Tue root INFO mes_plc_r5
2021-03-02  09:57:32 Tue root INFO 读取插入数据库数据：{'product_type': '\n\x00\x00\x00\x00\x00\x00\x00\x00\x00', 'r1_equipment_status': '2560', 'fail_code': '0', 'recerve': '0', 'prod_num': 0, 'r1_rob_no': '0', 'r1_weld_line_no': '0', 'r1_electric': '1.8870057723865944e-24', 'r1_voltage': '0.0', 'r1_speed': '0.0', 'r1_job': '17205', 'r2_rob_no': '14488', 'r2_weld_line_no': '16725', 'r2_electric': '0.0147705078125', 'r2_voltage': '0.0', 'r2_speed': '0.0', 'r2_job': '17204', 'replace_status': '-18697', 'part_status': '16725', 'r1_protective_gas': '-22452', 'r1_welding_wire': '0', 'r2_protective_gas': '0', 'r2_welding_wire': '0', 'login_id': '\x00\x00\x00\x00\x00\x00\x00\x00\x00\x00', 'login_password': '\n\x00\x00\x00\x00\x00\x00\x00\x00\x00'}
2021-03-02  09:57:32 Tue root INFO ('\n\x00\x00\x00\x00\x00\x00\x00\x00\x00', '2560', '0', 0, '0', '0', '1.8870057723865944e-24', '0.0', '0.0', '17205', '14488', '16725', '0.0147705078125', '0.0', '0.0', '17204', '-18697', '-22452', '0', '0', '0', '\x00\x00\x00\x00\x00\x00\x00\x00\x00\x00', '\n\x00\x00\x00\x00\x00\x00\x00\x00\x00', '16725', '0', '2021-03-02 09:57:32')
2021-03-02  09:57:32 Tue root INFO 成功添加数据
2021-03-02  09:58:53 Tue root INFO PLC6连接失败
2021-03-02  09:58:53 Tue root INFO plc连接状态:[1, 1, 1, 1, 1, 0]
2021-03-02  09:58:53 Tue root INFO mes_plc
2021-03-02  09:58:53 Tue root INFO 读取插入数据库数据：{'product_type': '\n\x07250 YDG\x00', 'r1_equipment_status': '2567', 'fail_code': '12853', 'recerve': '12320', 'prod_num': 23108, 'r1_rob_no': '18176', 'r1_weld_line_no': '0', 'r1_electric': '5.922639439170604e-22', 'r1_voltage': '5.184804318001823e-44', 'r1_speed': '3.6734198463196485e-40', 'r1_job': '17206', 'r2_rob_no': '-22718', 'r2_weld_line_no': '16724', 'r2_electric': '1520.0', 'r2_voltage': '0.0', 'r2_speed': '9.550891600431086e-39', 'r2_job': '0', 'replace_status': '0', 'part_status': '0', 'r1_protective_gas': '0', 'r1_welding_wire': '0', 'r2_protective_gas': '0', 'r2_welding_wire': '0', 'login_id': '\x00\x00\x00\x00\x00\x01\x00\x00\x00\x00', 'login_password': '\n\x00\x00\x00\x00\x00\x00\x00\x00\x00'}
2021-03-02  09:58:53 Tue root INFO ('\n\x07250 YDG\x00', '2567', '12853', 23108, '18176', '0', '5.922639439170604e-22', '5.184804318001823e-44', '3.6734198463196485e-40', '17206', '-22718', '16724', '1520.0', '0.0', '9.550891600431086e-39', '0', '0', '0', '0', '0', '0', '\x00\x00\x00\x00\x00\x01\x00\x00\x00\x00', '\n\x00\x00\x00\x00\x00\x00\x00\x00\x00', '0', '12320', '2021-03-02 09:58:53')
2021-03-02  09:58:53 Tue root INFO 成功添加数据
2021-03-02  09:58:53 Tue root INFO mes_plc_r2
2021-03-02  09:58:53 Tue root INFO 读取插入数据库数据：{'product_type': '\n\x07250 TJ1\x00', 'r1_equipment_status': '0', 'fail_code': '0', 'recerve': '0', 'prod_num': 419, 'r1_rob_no': '4', 'r1_weld_line_no': '0', 'r1_electric': '0.0', 'r1_voltage': '0.0', 'r1_speed': '0.0', 'r1_job': '0', 'r2_rob_no': '0', 'r2_weld_line_no': '0', 'r2_electric': '0.0', 'r2_voltage': '0.0', 'r2_speed': '0.0', 'r2_job': '0', 'replace_status': '0', 'part_status': '0', 'r1_protective_gas': '0', 'r1_welding_wire': '0', 'r2_protective_gas': '0', 'r2_welding_wire': '0', 'login_id': '\n\x00\x00\x00\x00\x00\x00\x00\x00\x00', 'login_password': '\n\x00\x00\x00\x00\x00\x00\x00\x00\x00'}
2021-03-02  09:58:53 Tue root INFO ('\n\x07250 TJ1\x00', '0', '0', 419, '4', '0', '0.0', '0.0', '0.0', '0', '0', '0', '0.0', '0.0', '0.0', '0', '0', '0', '0', '0', '0', '\n\x00\x00\x00\x00\x00\x00\x00\x00\x00', '\n\x00\x00\x00\x00\x00\x00\x00\x00\x00', '0', '0', '2021-03-02 09:58:53')
2021-03-02  09:58:53 Tue root INFO 成功添加数据
2021-03-02  09:58:53 Tue root INFO mes_plc_r3
2021-03-02  09:58:54 Tue root INFO 读取插入数据库数据：{'product_type': '\n\x07250 TJ3\x00', 'r1_equipment_status': '0', 'fail_code': '0', 'recerve': '0', 'prod_num': 421, 'r1_rob_no': '4', 'r1_weld_line_no': '0', 'r1_electric': '184.38946533203125', 'r1_voltage': '13.823784828186035', 'r1_speed': '0.0', 'r1_job': '0', 'r2_rob_no': '0', 'r2_weld_line_no': '0', 'r2_electric': '0.0', 'r2_voltage': '0.0', 'r2_speed': '0.0', 'r2_job': '0', 'replace_status': '0', 'part_status': '0', 'r1_protective_gas': '0', 'r1_welding_wire': '0', 'r2_protective_gas': '0', 'r2_welding_wire': '0', 'login_id': '\n\x00\x00\x00\x00\x00\x00\x00\x00\x00', 'login_password': '\n\x00\x00\x00\x00\x00\x00\x00\x00\x00'}
2021-03-02  09:58:54 Tue root INFO ('\n\x07250 TJ3\x00', '0', '0', 421, '4', '0', '184.38946533203125', '13.823784828186035', '0.0', '0', '0', '0', '0.0', '0.0', '0.0', '0', '0', '0', '0', '0', '0', '\n\x00\x00\x00\x00\x00\x00\x00\x00\x00', '\n\x00\x00\x00\x00\x00\x00\x00\x00\x00', '0', '0', '2021-03-02 09:58:54')
2021-03-02  09:58:54 Tue root INFO 成功添加数据
2021-03-02  09:58:54 Tue root INFO mes_plc_r4
2021-03-02  09:58:54 Tue root INFO 读取插入数据库数据：{'product_type': '\n\x02AA\x00\x00\x00\x00\x00\x00', 'r1_equipment_status': '2562', 'fail_code': '16962', 'recerve': '0', 'prod_num': 0, 'r1_rob_no': '0', 'r1_weld_line_no': '0', 'r1_electric': '9.727692471237622e-22', 'r1_voltage': '2.802596928649634e-45', 'r1_speed': '1.3775324423698682e-38', 'r1_job': '17208', 'r2_rob_no': '12250', 'r2_weld_line_no': '16721', 'r2_electric': '-1.2967404927621828e-13', 'r2_voltage': '0.0', 'r2_speed': '0.0', 'r2_job': '0', 'replace_status': '0', 'part_status': '0', 'r1_protective_gas': '0', 'r1_welding_wire': '0', 'r2_protective_gas': '0', 'r2_welding_wire': '0', 'login_id': '\x00\x00\x00\x00\x00 \x00\x00\x00\x00', 'login_password': '\n\x00\x00\x00\x00\x00\x00\x00\x00\x00'}
2021-03-02  09:58:54 Tue root INFO ('\n\x02AA\x00\x00\x00\x00\x00\x00', '2562', '16962', 0, '0', '0', '9.727692471237622e-22', '2.802596928649634e-45', '1.3775324423698682e-38', '17208', '12250', '16721', '-1.2967404927621828e-13', '0.0', '0.0', '0', '0', '0', '0', '0', '0', '\x00\x00\x00\x00\x00 \x00\x00\x00\x00', '\n\x00\x00\x00\x00\x00\x00\x00\x00\x00', '0', '0', '2021-03-02 09:58:54')
2021-03-02  09:58:54 Tue root INFO 成功添加数据
2021-03-02  09:58:54 Tue root INFO mes_plc_r5
2021-03-02  09:58:54 Tue root INFO 读取插入数据库数据：{'product_type': '\n\x00\x00\x00\x00\x00\x00\x00\x00\x00', 'r1_equipment_status': '2560', 'fail_code': '0', 'recerve': '0', 'prod_num': 0, 'r1_rob_no': '0', 'r1_weld_line_no': '0', 'r1_electric': '1.8870057723865944e-24', 'r1_voltage': '0.0', 'r1_speed': '0.0', 'r1_job': '17205', 'r2_rob_no': '8799', 'r2_weld_line_no': '16726', 'r2_electric': '-5.002903957099656e-35', 'r2_voltage': '0.0', 'r2_speed': '0.0', 'r2_job': '17204', 'replace_status': '-17750', 'part_status': '16725', 'r1_protective_gas': '-18660', 'r1_welding_wire': '0', 'r2_protective_gas': '0', 'r2_welding_wire': '0', 'login_id': '\x00\x00\x00\x00\x00\x00\x00\x00\x00\x00', 'login_password': '\n\x00\x00\x00\x00\x00\x00\x00\x00\x00'}
2021-03-02  09:58:54 Tue root INFO ('\n\x00\x00\x00\x00\x00\x00\x00\x00\x00', '2560', '0', 0, '0', '0', '1.8870057723865944e-24', '0.0', '0.0', '17205', '8799', '16726', '-5.002903957099656e-35', '0.0', '0.0', '17204', '-17750', '-18660', '0', '0', '0', '\x00\x00\x00\x00\x00\x00\x00\x00\x00\x00', '\n\x00\x00\x00\x00\x00\x00\x00\x00\x00', '16725', '0', '2021-03-02 09:58:54')
2021-03-02  09:58:54 Tue root INFO 成功添加数据
2021-03-02  10:00:16 Tue root INFO PLC6连接失败
2021-03-02  10:00:16 Tue root INFO plc连接状态:[1, 1, 1, 1, 1, 0]
2021-03-02  10:00:16 Tue root INFO mes_plc
2021-03-02  10:00:16 Tue root INFO 读取插入数据库数据：{'product_type': '\n\x07250 YDG\x00', 'r1_equipment_status': '2567', 'fail_code': '12853', 'recerve': '12320', 'prod_num': 23108, 'r1_rob_no': '18176', 'r1_weld_line_no': '0', 'r1_electric': '5.889552214668483e-22', 'r1_voltage': '5.184804318001823e-44', 'r1_speed': '3.6734198463196485e-40', 'r1_job': '17206', 'r2_rob_no': '-21769', 'r2_weld_line_no': '16724', 'r2_electric': '1.773238182067871e-06', 'r2_voltage': '0.0', 'r2_speed': '9.550891600431086e-39', 'r2_job': '0', 'replace_status': '0', 'part_status': '0', 'r1_protective_gas': '0', 'r1_welding_wire': '0', 'r2_protective_gas': '0', 'r2_welding_wire': '0', 'login_id': '\x00\x00\x00\x00\x00\x02\x00\x00\x00\x00', 'login_password': '\n\x00\x00\x00\x00\x00\x00\x00\x00\x00'}
2021-03-02  10:00:16 Tue root INFO ('\n\x07250 YDG\x00', '2567', '12853', 23108, '18176', '0', '5.889552214668483e-22', '5.184804318001823e-44', '3.6734198463196485e-40', '17206', '-21769', '16724', '1.773238182067871e-06', '0.0', '9.550891600431086e-39', '0', '0', '0', '0', '0', '0', '\x00\x00\x00\x00\x00\x02\x00\x00\x00\x00', '\n\x00\x00\x00\x00\x00\x00\x00\x00\x00', '0', '12320', '2021-03-02 10:00:16')
2021-03-02  10:00:16 Tue root INFO 成功添加数据
2021-03-02  10:00:16 Tue root INFO mes_plc_r2
2021-03-02  10:00:16 Tue root INFO 读取插入数据库数据：{'product_type': '\n\x07250 TJ1\x00', 'r1_equipment_status': '0', 'fail_code': '0', 'recerve': '0', 'prod_num': 419, 'r1_rob_no': '4', 'r1_weld_line_no': '0', 'r1_electric': '0.0', 'r1_voltage': '0.0', 'r1_speed': '0.0', 'r1_job': '0', 'r2_rob_no': '0', 'r2_weld_line_no': '0', 'r2_electric': '0.0', 'r2_voltage': '0.0', 'r2_speed': '0.0', 'r2_job': '0', 'replace_status': '0', 'part_status': '0', 'r1_protective_gas': '0', 'r1_welding_wire': '0', 'r2_protective_gas': '0', 'r2_welding_wire': '0', 'login_id': '\n\x00\x00\x00\x00\x00\x00\x00\x00\x00', 'login_password': '\n\x00\x00\x00\x00\x00\x00\x00\x00\x00'}
2021-03-02  10:00:16 Tue root INFO ('\n\x07250 TJ1\x00', '0', '0', 419, '4', '0', '0.0', '0.0', '0.0', '0', '0', '0', '0.0', '0.0', '0.0', '0', '0', '0', '0', '0', '0', '\n\x00\x00\x00\x00\x00\x00\x00\x00\x00', '\n\x00\x00\x00\x00\x00\x00\x00\x00\x00', '0', '0', '2021-03-02 10:00:16')
2021-03-02  10:00:16 Tue root INFO 成功添加数据
2021-03-02  10:00:16 Tue root INFO mes_plc_r3
2021-03-02  10:00:16 Tue root INFO 读取插入数据库数据：{'product_type': '\n\x07250 TJ4\x00', 'r1_equipment_status': '0', 'fail_code': '0', 'recerve': '0', 'prod_num': 422, 'r1_rob_no': '104', 'r1_weld_line_no': '0', 'r1_electric': '184.3460693359375', 'r1_voltage': '13.863571166992188', 'r1_speed': '0.0', 'r1_job': '0', 'r2_rob_no': '0', 'r2_weld_line_no': '0', 'r2_electric': '0.0', 'r2_voltage': '0.0', 'r2_speed': '0.0', 'r2_job': '0', 'replace_status': '0', 'part_status': '0', 'r1_protective_gas': '0', 'r1_welding_wire': '0', 'r2_protective_gas': '0', 'r2_welding_wire': '0', 'login_id': '\n\x00\x00\x00\x00\x00\x00\x00\x00\x00', 'login_password': '\n\x00\x00\x00\x00\x00\x00\x00\x00\x00'}
2021-03-02  10:00:16 Tue root INFO ('\n\x07250 TJ4\x00', '0', '0', 422, '104', '0', '184.3460693359375', '13.863571166992188', '0.0', '0', '0', '0', '0.0', '0.0', '0.0', '0', '0', '0', '0', '0', '0', '\n\x00\x00\x00\x00\x00\x00\x00\x00\x00', '\n\x00\x00\x00\x00\x00\x00\x00\x00\x00', '0', '0', '2021-03-02 10:00:16')
2021-03-02  10:00:16 Tue root INFO 成功添加数据
2021-03-02  10:00:16 Tue root INFO mes_plc_r4
2021-03-02  10:00:17 Tue root INFO 读取插入数据库数据：{'product_type': '\n\x02AA\x00\x00\x00\x00\x00\x00', 'r1_equipment_status': '2562', 'fail_code': '16962', 'recerve': '0', 'prod_num': 0, 'r1_rob_no': '0', 'r1_weld_line_no': '0', 'r1_electric': '9.727692471237622e-22', 'r1_voltage': '2.802596928649634e-45', 'r1_speed': '1.3775324423698682e-38', 'r1_job': '17208', 'r2_rob_no': '13198', 'r2_weld_line_no': '16721', 'r2_electric': '-1.6047303883528737e-22', 'r2_voltage': '0.0', 'r2_speed': '0.0', 'r2_job': '0', 'replace_status': '0', 'part_status': '0', 'r1_protective_gas': '0', 'r1_welding_wire': '0', 'r2_protective_gas': '0', 'r2_welding_wire': '0', 'login_id': '\x00\x00\x00\x00\x00 \x00\x00\x00\x00', 'login_password': '\n\x00\x00\x00\x00\x00\x00\x00\x00\x00'}
2021-03-02  10:00:17 Tue root INFO ('\n\x02AA\x00\x00\x00\x00\x00\x00', '2562', '16962', 0, '0', '0', '9.727692471237622e-22', '2.802596928649634e-45', '1.3775324423698682e-38', '17208', '13198', '16721', '-1.6047303883528737e-22', '0.0', '0.0', '0', '0', '0', '0', '0', '0', '\x00\x00\x00\x00\x00 \x00\x00\x00\x00', '\n\x00\x00\x00\x00\x00\x00\x00\x00\x00', '0', '0', '2021-03-02 10:00:17')
2021-03-02  10:00:17 Tue root INFO 成功添加数据
2021-03-02  10:00:17 Tue root INFO mes_plc_r5
2021-03-02  10:00:17 Tue root INFO 读取插入数据库数据：{'product_type': '\n\x00\x00\x00\x00\x00\x00\x00\x00\x00', 'r1_equipment_status': '2560', 'fail_code': '0', 'recerve': '0', 'prod_num': 0, 'r1_rob_no': '0', 'r1_weld_line_no': '0', 'r1_electric': '1.8870057723865944e-24', 'r1_voltage': '0.0', 'r1_speed': '0.0', 'r1_job': '17205', 'r2_rob_no': '8799', 'r2_weld_line_no': '16726', 'r2_electric': '3.2326094647612906e-38', 'r2_voltage': '0.0', 'r2_speed': '0.0', 'r2_job': '17204', 'replace_status': '-21542', 'part_status': '16725', 'r1_protective_gas': '-22452', 'r1_welding_wire': '0', 'r2_protective_gas': '0', 'r2_welding_wire': '0', 'login_id': '\x00\x00\x00\x00\x00\x00\x00\x00\x00\x00', 'login_password': '\n\x00\x00\x00\x00\x00\x00\x00\x00\x00'}
2021-03-02  10:00:17 Tue root INFO ('\n\x00\x00\x00\x00\x00\x00\x00\x00\x00', '2560', '0', 0, '0', '0', '1.8870057723865944e-24', '0.0', '0.0', '17205', '8799', '16726', '3.2326094647612906e-38', '0.0', '0.0', '17204', '-21542', '-22452', '0', '0', '0', '\x00\x00\x00\x00\x00\x00\x00\x00\x00\x00', '\n\x00\x00\x00\x00\x00\x00\x00\x00\x00', '16725', '0', '2021-03-02 10:00:17')
2021-03-02  10:00:17 Tue root INFO 成功添加数据
2021-03-02  10:01:38 Tue root INFO PLC6连接失败
2021-03-02  10:01:38 Tue root INFO plc连接状态:[1, 1, 1, 1, 1, 0]
2021-03-02  10:01:38 Tue root INFO mes_plc
2021-03-02  10:01:38 Tue root INFO 读取插入数据库数据：{'product_type': '\n\x07250 YDG\x00', 'r1_equipment_status': '2567', 'fail_code': '12853', 'recerve': '12320', 'prod_num': 23108, 'r1_rob_no': '18176', 'r1_weld_line_no': '0', 'r1_electric': '8.040221807306355e-22', 'r1_voltage': '5.184804318001823e-44', 'r1_speed': '3.6734198463196485e-40', 'r1_job': '17206', 'r2_rob_no': '31441', 'r2_weld_line_no': '-16077', 'r2_electric': '-1.908169095511549e+35', 'r2_voltage': '0.0', 'r2_speed': '9.550891600431086e-39', 'r2_job': '0', 'replace_status': '0', 'part_status': '0', 'r1_protective_gas': '0', 'r1_welding_wire': '0', 'r2_protective_gas': '0', 'r2_welding_wire': '0', 'login_id': '\x00\x00\x00\x00\x00\x1e\x00\x00\x00\x00', 'login_password': '\n\x00\x00\x00\x00\x00\x00\x00\x00\x00'}
2021-03-02  10:01:38 Tue root INFO ('\n\x07250 YDG\x00', '2567', '12853', 23108, '18176', '0', '8.040221807306355e-22', '5.184804318001823e-44', '3.6734198463196485e-40', '17206', '31441', '-16077', '-1.908169095511549e+35', '0.0', '9.550891600431086e-39', '0', '0', '0', '0', '0', '0', '\x00\x00\x00\x00\x00\x1e\x00\x00\x00\x00', '\n\x00\x00\x00\x00\x00\x00\x00\x00\x00', '0', '12320', '2021-03-02 10:01:38')
2021-03-02  10:01:38 Tue root INFO 成功添加数据
2021-03-02  10:01:38 Tue root INFO mes_plc_r2
2021-03-02  10:01:39 Tue root INFO 读取插入数据库数据：{'product_type': '\n\x07250 TJ1\x00', 'r1_equipment_status': '0', 'fail_code': '0', 'recerve': '0', 'prod_num': 419, 'r1_rob_no': '4', 'r1_weld_line_no': '0', 'r1_electric': '0.0', 'r1_voltage': '0.0', 'r1_speed': '0.0', 'r1_job': '0', 'r2_rob_no': '0', 'r2_weld_line_no': '0', 'r2_electric': '0.0', 'r2_voltage': '0.0', 'r2_speed': '0.0', 'r2_job': '0', 'replace_status': '0', 'part_status': '0', 'r1_protective_gas': '0', 'r1_welding_wire': '0', 'r2_protective_gas': '0', 'r2_welding_wire': '0', 'login_id': '\n\x00\x00\x00\x00\x00\x00\x00\x00\x00', 'login_password': '\n\x00\x00\x00\x00\x00\x00\x00\x00\x00'}
2021-03-02  10:01:39 Tue root INFO ('\n\x07250 TJ1\x00', '0', '0', 419, '4', '0', '0.0', '0.0', '0.0', '0', '0', '0', '0.0', '0.0', '0.0', '0', '0', '0', '0', '0', '0', '\n\x00\x00\x00\x00\x00\x00\x00\x00\x00', '\n\x00\x00\x00\x00\x00\x00\x00\x00\x00', '0', '0', '2021-03-02 10:01:39')
2021-03-02  10:01:39 Tue root INFO 成功添加数据
2021-03-02  10:01:39 Tue root INFO mes_plc_r3
2021-03-02  10:01:39 Tue root INFO 读取插入数据库数据：{'product_type': '\n\x07250 TJ4\x00', 'r1_equipment_status': '0', 'fail_code': '0', 'recerve': '0', 'prod_num': 422, 'r1_rob_no': '104', 'r1_weld_line_no': '0', 'r1_electric': '184.25926208496094', 'r1_voltage': '13.85633659362793', 'r1_speed': '0.0', 'r1_job': '0', 'r2_rob_no': '0', 'r2_weld_line_no': '0', 'r2_electric': '0.0', 'r2_voltage': '0.0', 'r2_speed': '0.0', 'r2_job': '0', 'replace_status': '0', 'part_status': '0', 'r1_protective_gas': '0', 'r1_welding_wire': '0', 'r2_protective_gas': '0', 'r2_welding_wire': '0', 'login_id': '\n\x00\x00\x00\x00\x00\x00\x00\x00\x00', 'login_password': '\n\x00\x00\x00\x00\x00\x00\x00\x00\x00'}
2021-03-02  10:01:39 Tue root INFO ('\n\x07250 TJ4\x00', '0', '0', 422, '104', '0', '184.25926208496094', '13.85633659362793', '0.0', '0', '0', '0', '0.0', '0.0', '0.0', '0', '0', '0', '0', '0', '0', '\n\x00\x00\x00\x00\x00\x00\x00\x00\x00', '\n\x00\x00\x00\x00\x00\x00\x00\x00\x00', '0', '0', '2021-03-02 10:01:39')
2021-03-02  10:01:39 Tue root INFO 成功添加数据
2021-03-02  10:01:39 Tue root INFO mes_plc_r4
2021-03-02  10:01:39 Tue root INFO 读取插入数据库数据：{'product_type': '\n\x02AA\x00\x00\x00\x00\x00\x00', 'r1_equipment_status': '2562', 'fail_code': '16962', 'recerve': '0', 'prod_num': 0, 'r1_rob_no': '0', 'r1_weld_line_no': '0', 'r1_electric': '9.727692471237622e-22', 'r1_voltage': '2.802596928649634e-45', 'r1_speed': '1.3775324423698682e-38', 'r1_job': '17208', 'r2_rob_no': '16042', 'r2_weld_line_no': '16721', 'r2_electric': '-1.2967404927621828e-13', 'r2_voltage': '0.0', 'r2_speed': '0.0', 'r2_job': '0', 'replace_status': '0', 'part_status': '0', 'r1_protective_gas': '0', 'r1_welding_wire': '0', 'r2_protective_gas': '0', 'r2_welding_wire': '0', 'login_id': '\x00\x00\x00\x00\x00 \x00\x00\x00\x00', 'login_password': '\n\x00\x00\x00\x00\x00\x00\x00\x00\x00'}
2021-03-02  10:01:39 Tue root INFO ('\n\x02AA\x00\x00\x00\x00\x00\x00', '2562', '16962', 0, '0', '0', '9.727692471237622e-22', '2.802596928649634e-45', '1.3775324423698682e-38', '17208', '16042', '16721', '-1.2967404927621828e-13', '0.0', '0.0', '0', '0', '0', '0', '0', '0', '\x00\x00\x00\x00\x00 \x00\x00\x00\x00', '\n\x00\x00\x00\x00\x00\x00\x00\x00\x00', '0', '0', '2021-03-02 10:01:39')
2021-03-02  10:01:39 Tue root INFO 成功添加数据
2021-03-02  10:01:39 Tue root INFO mes_plc_r5
2021-03-02  10:01:39 Tue root INFO 读取插入数据库数据：{'product_type': '\n\x00\x00\x00\x00\x00\x00\x00\x00\x00', 'r1_equipment_status': '2560', 'fail_code': '0', 'recerve': '0', 'prod_num': 0, 'r1_rob_no': '0', 'r1_weld_line_no': '0', 'r1_electric': '1.8870057723865944e-24', 'r1_voltage': '0.0', 'r1_speed': '0.0', 'r1_job': '17205', 'r2_rob_no': '5954', 'r2_weld_line_no': '16726', 'r2_electric': '8.613596464754233e+24', 'r2_voltage': '0.0', 'r2_speed': '0.0', 'r2_job': '17204', 'replace_status': '-23438', 'part_status': '16725', 'r1_protective_gas': '-11074', 'r1_welding_wire': '0', 'r2_protective_gas': '0', 'r2_welding_wire': '0', 'login_id': '\x00\x00\x00\x00\x00\x00\x00\x00\x00\x00', 'login_password': '\n\x00\x00\x00\x00\x00\x00\x00\x00\x00'}
2021-03-02  10:01:39 Tue root INFO ('\n\x00\x00\x00\x00\x00\x00\x00\x00\x00', '2560', '0', 0, '0', '0', '1.8870057723865944e-24', '0.0', '0.0', '17205', '5954', '16726', '8.613596464754233e+24', '0.0', '0.0', '17204', '-23438', '-11074', '0', '0', '0', '\x00\x00\x00\x00\x00\x00\x00\x00\x00\x00', '\n\x00\x00\x00\x00\x00\x00\x00\x00\x00', '16725', '0', '2021-03-02 10:01:39')
2021-03-02  10:01:40 Tue root INFO 成功添加数据
2021-03-02  10:03:01 Tue root INFO PLC6连接失败
2021-03-02  10:03:01 Tue root INFO plc连接状态:[1, 1, 1, 1, 1, 0]
2021-03-02  10:03:01 Tue root INFO mes_plc
2021-03-02  10:03:01 Tue root INFO 读取插入数据库数据：{'product_type': '\n\x07250 YDG\x00', 'r1_equipment_status': '2567', 'fail_code': '12853', 'recerve': '12320', 'prod_num': 23108, 'r1_rob_no': '18176', 'r1_weld_line_no': '0', 'r1_electric': '6.65883674766553e-23', 'r1_voltage': '5.324934164434305e-44', 'r1_speed': '3.6734198463196485e-40', 'r1_job': '17206', 'r2_rob_no': '-32199', 'r2_weld_line_no': '-16079', 'r2_electric': '1.2272308984584602e+17', 'r2_voltage': '0.0', 'r2_speed': '9.550891600431086e-39', 'r2_job': '0', 'replace_status': '0', 'part_status': '0', 'r1_protective_gas': '0', 'r1_welding_wire': '0', 'r2_protective_gas': '0', 'r2_welding_wire': '0', 'login_id': '\x00\x00\x00\x00\x00@\x00\x00\x00\x00', 'login_password': '\n\x00\x00\x00\x00\x00\x00\x00\x00\x00'}
2021-03-02  10:03:01 Tue root INFO ('\n\x07250 YDG\x00', '2567', '12853', 23108, '18176', '0', '6.65883674766553e-23', '5.324934164434305e-44', '3.6734198463196485e-40', '17206', '-32199', '-16079', '1.2272308984584602e+17', '0.0', '9.550891600431086e-39', '0', '0', '0', '0', '0', '0', '\x00\x00\x00\x00\x00@\x00\x00\x00\x00', '\n\x00\x00\x00\x00\x00\x00\x00\x00\x00', '0', '12320', '2021-03-02 10:03:01')
2021-03-02  10:03:01 Tue root INFO 成功添加数据
2021-03-02  10:03:01 Tue root INFO mes_plc_r2
2021-03-02  10:03:01 Tue root INFO 读取插入数据库数据：{'product_type': '\n\x07250 TJ2\x00', 'r1_equipment_status': '0', 'fail_code': '0', 'recerve': '0', 'prod_num': 420, 'r1_rob_no': '104', 'r1_weld_line_no': '0', 'r1_electric': '0.0', 'r1_voltage': '0.0', 'r1_speed': '0.0', 'r1_job': '0', 'r2_rob_no': '0', 'r2_weld_line_no': '0', 'r2_electric': '0.0', 'r2_voltage': '0.0', 'r2_speed': '0.0', 'r2_job': '0', 'replace_status': '0', 'part_status': '0', 'r1_protective_gas': '0', 'r1_welding_wire': '0', 'r2_protective_gas': '0', 'r2_welding_wire': '0', 'login_id': '\n\x00\x00\x00\x00\x00\x00\x00\x00\x00', 'login_password': '\n\x00\x00\x00\x00\x00\x00\x00\x00\x00'}
2021-03-02  10:03:01 Tue root INFO ('\n\x07250 TJ2\x00', '0', '0', 420, '104', '0', '0.0', '0.0', '0.0', '0', '0', '0', '0.0', '0.0', '0.0', '0', '0', '0', '0', '0', '0', '\n\x00\x00\x00\x00\x00\x00\x00\x00\x00', '\n\x00\x00\x00\x00\x00\x00\x00\x00\x00', '0', '0', '2021-03-02 10:03:01')
2021-03-02  10:03:01 Tue root INFO 成功添加数据
2021-03-02  10:03:01 Tue root INFO mes_plc_r3
2021-03-02  10:03:01 Tue root INFO 读取插入数据库数据：{'product_type': '\n\x07250 TJ4\x00', 'r1_equipment_status': '0', 'fail_code': '0', 'recerve': '0', 'prod_num': 422, 'r1_rob_no': '104', 'r1_weld_line_no': '0', 'r1_electric': '184.28819274902344', 'r1_voltage': '13.827401161193848', 'r1_speed': '0.0', 'r1_job': '0', 'r2_rob_no': '0', 'r2_weld_line_no': '0', 'r2_electric': '0.0', 'r2_voltage': '0.0', 'r2_speed': '0.0', 'r2_job': '0', 'replace_status': '0', 'part_status': '0', 'r1_protective_gas': '0', 'r1_welding_wire': '0', 'r2_protective_gas': '0', 'r2_welding_wire': '0', 'login_id': '\n\x00\x00\x00\x00\x00\x00\x00\x00\x00', 'login_password': '\n\x00\x00\x00\x00\x00\x00\x00\x00\x00'}
2021-03-02  10:03:01 Tue root INFO ('\n\x07250 TJ4\x00', '0', '0', 422, '104', '0', '184.28819274902344', '13.827401161193848', '0.0', '0', '0', '0', '0.0', '0.0', '0.0', '0', '0', '0', '0', '0', '0', '\n\x00\x00\x00\x00\x00\x00\x00\x00\x00', '\n\x00\x00\x00\x00\x00\x00\x00\x00\x00', '0', '0', '2021-03-02 10:03:01')
2021-03-02  10:03:01 Tue root INFO 成功添加数据
2021-03-02  10:03:01 Tue root INFO mes_plc_r4
2021-03-02  10:03:02 Tue root INFO 读取插入数据库数据：{'product_type': '\n\x02AA\x00\x00\x00\x00\x00\x00', 'r1_equipment_status': '2562', 'fail_code': '16962', 'recerve': '0', 'prod_num': 0, 'r1_rob_no': '0', 'r1_weld_line_no': '0', 'r1_electric': '9.727692471237622e-22', 'r1_voltage': '2.802596928649634e-45', 'r1_speed': '1.3775324423698682e-38', 'r1_job': '17208', 'r2_rob_no': '13198', 'r2_weld_line_no': '16721', 'r2_electric': '-1.2967404927621828e-13', 'r2_voltage': '0.0', 'r2_speed': '0.0', 'r2_job': '0', 'replace_status': '0', 'part_status': '0', 'r1_protective_gas': '0', 'r1_welding_wire': '0', 'r2_protective_gas': '0', 'r2_welding_wire': '0', 'login_id': '\x00\x00\x00\x00\x00 \x00\x00\x00\x00', 'login_password': '\n\x00\x00\x00\x00\x00\x00\x00\x00\x00'}
2021-03-02  10:03:02 Tue root INFO ('\n\x02AA\x00\x00\x00\x00\x00\x00', '2562', '16962', 0, '0', '0', '9.727692471237622e-22', '2.802596928649634e-45', '1.3775324423698682e-38', '17208', '13198', '16721', '-1.2967404927621828e-13', '0.0', '0.0', '0', '0', '0', '0', '0', '0', '\x00\x00\x00\x00\x00 \x00\x00\x00\x00', '\n\x00\x00\x00\x00\x00\x00\x00\x00\x00', '0', '0', '2021-03-02 10:03:02')
2021-03-02  10:03:02 Tue root INFO 成功添加数据
2021-03-02  10:03:02 Tue root INFO mes_plc_r5
2021-03-02  10:03:02 Tue root INFO 读取插入数据库数据：{'product_type': '\n\x00\x00\x00\x00\x00\x00\x00\x00\x00', 'r1_equipment_status': '2560', 'fail_code': '0', 'recerve': '0', 'prod_num': 0, 'r1_rob_no': '0', 'r1_weld_line_no': '0', 'r1_electric': '1.8870057723865944e-24', 'r1_voltage': '0.0', 'r1_speed': '0.0', 'r1_job': '17205', 'r2_rob_no': '4058', 'r2_weld_line_no': '16726', 'r2_electric': '-5.002903957099656e-35', 'r2_voltage': '0.0', 'r2_speed': '0.0', 'r2_job': '17204', 'replace_status': '-28179', 'part_status': '16725', 'r1_protective_gas': '-18660', 'r1_welding_wire': '0', 'r2_protective_gas': '0', 'r2_welding_wire': '0', 'login_id': '\x00\x00\x00\x00\x00\x00\x00\x00\x00\x00', 'login_password': '\n\x00\x00\x00\x00\x00\x00\x00\x00\x00'}
2021-03-02  10:03:02 Tue root INFO ('\n\x00\x00\x00\x00\x00\x00\x00\x00\x00', '2560', '0', 0, '0', '0', '1.8870057723865944e-24', '0.0', '0.0', '17205', '4058', '16726', '-5.002903957099656e-35', '0.0', '0.0', '17204', '-28179', '-18660', '0', '0', '0', '\x00\x00\x00\x00\x00\x00\x00\x00\x00\x00', '\n\x00\x00\x00\x00\x00\x00\x00\x00\x00', '16725', '0', '2021-03-02 10:03:02')
2021-03-02  10:03:02 Tue root INFO 成功添加数据
2021-03-02  10:04:23 Tue root INFO PLC6连接失败
2021-03-02  10:04:23 Tue root INFO plc连接状态:[1, 1, 1, 1, 1, 0]
2021-03-02  10:04:23 Tue root INFO mes_plc
2021-03-02  10:04:23 Tue root INFO 读取插入数据库数据：{'product_type': '\n\x07250 YDG\x00', 'r1_equipment_status': '2567', 'fail_code': '12853', 'recerve': '12320', 'prod_num': 23108, 'r1_rob_no': '18176', 'r1_weld_line_no': '0', 'r1_electric': '1.0654138796264848e-21', 'r1_voltage': '5.324934164434305e-44', 'r1_speed': '3.6734198463196485e-40', 'r1_job': '17206', 'r2_rob_no': '29544', 'r2_weld_line_no': '16724', 'r2_electric': '-0.002960205078125', 'r2_voltage': '0.0', 'r2_speed': '9.550891600431086e-39', 'r2_job': '0', 'replace_status': '0', 'part_status': '0', 'r1_protective_gas': '0', 'r1_welding_wire': '0', 'r2_protective_gas': '0', 'r2_welding_wire': '0', 'login_id': '\x00\x00\x00\x00\x00A\x00\x00\x00\x00', 'login_password': '\n\x00\x00\x00\x00\x00\x00\x00\x00\x00'}
2021-03-02  10:04:23 Tue root INFO ('\n\x07250 YDG\x00', '2567', '12853', 23108, '18176', '0', '1.0654138796264848e-21', '5.324934164434305e-44', '3.6734198463196485e-40', '17206', '29544', '16724', '-0.002960205078125', '0.0', '9.550891600431086e-39', '0', '0', '0', '0', '0', '0', '\x00\x00\x00\x00\x00A\x00\x00\x00\x00', '\n\x00\x00\x00\x00\x00\x00\x00\x00\x00', '0', '12320', '2021-03-02 10:04:23')
2021-03-02  10:04:23 Tue root INFO 成功添加数据
2021-03-02  10:04:23 Tue root INFO mes_plc_r2
2021-03-02  10:04:24 Tue root INFO 读取插入数据库数据：{'product_type': '\n\x07250 TJ2\x00', 'r1_equipment_status': '0', 'fail_code': '0', 'recerve': '0', 'prod_num': 420, 'r1_rob_no': '104', 'r1_weld_line_no': '0', 'r1_electric': '0.0', 'r1_voltage': '0.0', 'r1_speed': '0.0', 'r1_job': '0', 'r2_rob_no': '0', 'r2_weld_line_no': '0', 'r2_electric': '0.0', 'r2_voltage': '0.0', 'r2_speed': '0.0', 'r2_job': '0', 'replace_status': '0', 'part_status': '0', 'r1_protective_gas': '0', 'r1_welding_wire': '0', 'r2_protective_gas': '0', 'r2_welding_wire': '0', 'login_id': '\n\x00\x00\x00\x00\x00\x00\x00\x00\x00', 'login_password': '\n\x00\x00\x00\x00\x00\x00\x00\x00\x00'}
2021-03-02  10:04:24 Tue root INFO ('\n\x07250 TJ2\x00', '0', '0', 420, '104', '0', '0.0', '0.0', '0.0', '0', '0', '0', '0.0', '0.0', '0.0', '0', '0', '0', '0', '0', '0', '\n\x00\x00\x00\x00\x00\x00\x00\x00\x00', '\n\x00\x00\x00\x00\x00\x00\x00\x00\x00', '0', '0', '2021-03-02 10:04:24')
2021-03-02  10:04:24 Tue root INFO 成功添加数据
2021-03-02  10:04:24 Tue root INFO mes_plc_r3
2021-03-02  10:04:24 Tue root INFO 读取插入数据库数据：{'product_type': '\n\x07250 TJ4\x00', 'r1_equipment_status': '0', 'fail_code': '0', 'recerve': '0', 'prod_num': 422, 'r1_rob_no': '104', 'r1_weld_line_no': '0', 'r1_electric': '184.3460693359375', 'r1_voltage': '13.816550254821777', 'r1_speed': '0.0', 'r1_job': '0', 'r2_rob_no': '0', 'r2_weld_line_no': '0', 'r2_electric': '0.0', 'r2_voltage': '0.0', 'r2_speed': '0.0', 'r2_job': '0', 'replace_status': '0', 'part_status': '0', 'r1_protective_gas': '0', 'r1_welding_wire': '0', 'r2_protective_gas': '0', 'r2_welding_wire': '0', 'login_id': '\n\x00\x00\x00\x00\x00\x00\x00\x00\x00', 'login_password': '\n\x00\x00\x00\x00\x00\x00\x00\x00\x00'}
2021-03-02  10:04:24 Tue root INFO ('\n\x07250 TJ4\x00', '0', '0', 422, '104', '0', '184.3460693359375', '13.816550254821777', '0.0', '0', '0', '0', '0.0', '0.0', '0.0', '0', '0', '0', '0', '0', '0', '\n\x00\x00\x00\x00\x00\x00\x00\x00\x00', '\n\x00\x00\x00\x00\x00\x00\x00\x00\x00', '0', '0', '2021-03-02 10:04:24')
2021-03-02  10:04:24 Tue root INFO 成功添加数据
2021-03-02  10:04:24 Tue root INFO mes_plc_r4
2021-03-02  10:04:24 Tue root INFO 读取插入数据库数据：{'product_type': '\n\x02AA\x00\x00\x00\x00\x00\x00', 'r1_equipment_status': '2562', 'fail_code': '16962', 'recerve': '0', 'prod_num': 0, 'r1_rob_no': '0', 'r1_weld_line_no': '0', 'r1_electric': '9.727692471237622e-22', 'r1_voltage': '2.802596928649634e-45', 'r1_speed': '1.3775324423698682e-38', 'r1_job': '17208', 'r2_rob_no': '8457', 'r2_weld_line_no': '16721', 'r2_electric': '-1.6047303883528737e-22', 'r2_voltage': '0.0', 'r2_speed': '0.0', 'r2_job': '0', 'replace_status': '0', 'part_status': '0', 'r1_protective_gas': '0', 'r1_welding_wire': '0', 'r2_protective_gas': '0', 'r2_welding_wire': '0', 'login_id': '\x00\x00\x00\x00\x00 \x00\x00\x00\x00', 'login_password': '\n\x00\x00\x00\x00\x00\x00\x00\x00\x00'}
2021-03-02  10:04:24 Tue root INFO ('\n\x02AA\x00\x00\x00\x00\x00\x00', '2562', '16962', 0, '0', '0', '9.727692471237622e-22', '2.802596928649634e-45', '1.3775324423698682e-38', '17208', '8457', '16721', '-1.6047303883528737e-22', '0.0', '0.0', '0', '0', '0', '0', '0', '0', '\x00\x00\x00\x00\x00 \x00\x00\x00\x00', '\n\x00\x00\x00\x00\x00\x00\x00\x00\x00', '0', '0', '2021-03-02 10:04:24')
2021-03-02  10:04:24 Tue root INFO 成功添加数据
2021-03-02  10:04:24 Tue root INFO mes_plc_r5
2021-03-02  10:04:25 Tue root INFO 读取插入数据库数据：{'product_type': '\n\x00\x00\x00\x00\x00\x00\x00\x00\x00', 'r1_equipment_status': '2560', 'fail_code': '0', 'recerve': '0', 'prod_num': 0, 'r1_rob_no': '0', 'r1_weld_line_no': '0', 'r1_electric': '1.8870057723865944e-24', 'r1_voltage': '0.0', 'r1_speed': '0.0', 'r1_job': '17205', 'r2_rob_no': '2162', 'r2_weld_line_no': '16726', 'r2_electric': '12713984.0', 'r2_voltage': '0.0', 'r2_speed': '0.0', 'r2_job': '17204', 'replace_status': '-26282', 'part_status': '16725', 'r1_protective_gas': '-18660', 'r1_welding_wire': '0', 'r2_protective_gas': '0', 'r2_welding_wire': '0', 'login_id': '\x00\x00\x00\x00\x00\x00\x00\x00\x00\x00', 'login_password': '\n\x00\x00\x00\x00\x00\x00\x00\x00\x00'}
2021-03-02  10:04:25 Tue root INFO ('\n\x00\x00\x00\x00\x00\x00\x00\x00\x00', '2560', '0', 0, '0', '0', '1.8870057723865944e-24', '0.0', '0.0', '17205', '2162', '16726', '12713984.0', '0.0', '0.0', '17204', '-26282', '-18660', '0', '0', '0', '\x00\x00\x00\x00\x00\x00\x00\x00\x00\x00', '\n\x00\x00\x00\x00\x00\x00\x00\x00\x00', '16725', '0', '2021-03-02 10:04:25')
2021-03-02  10:04:25 Tue root INFO 成功添加数据
2021-03-02  10:05:46 Tue root INFO PLC6连接失败
2021-03-02  10:05:46 Tue root INFO plc连接状态:[1, 1, 1, 1, 1, 0]
2021-03-02  10:05:46 Tue root INFO mes_plc
2021-03-02  10:05:46 Tue root INFO 读取插入数据库数据：{'product_type': '\n\x07250 YDG\x00', 'r1_equipment_status': '2567', 'fail_code': '12853', 'recerve': '12320', 'prod_num': 23108, 'r1_rob_no': '18176', 'r1_weld_line_no': '0', 'r1_electric': '8.040221807306355e-22', 'r1_voltage': '5.324934164434305e-44', 'r1_speed': '3.6734198463196485e-40', 'r1_job': '17206', 'r2_rob_no': '29544', 'r2_weld_line_no': '16725', 'r2_electric': '-1.348780238642836e+33', 'r2_voltage': '0.0', 'r2_speed': '9.550891600431086e-39', 'r2_job': '0', 'replace_status': '0', 'part_status': '0', 'r1_protective_gas': '0', 'r1_welding_wire': '0', 'r2_protective_gas': '0', 'r2_welding_wire': '0', 'login_id': '\x00\x00\x00\x00\x00a\x00\x00\x00\x00', 'login_password': '\n\x00\x00\x00\x00\x00\x00\x00\x00\x00'}
2021-03-02  10:05:46 Tue root INFO ('\n\x07250 YDG\x00', '2567', '12853', 23108, '18176', '0', '8.040221807306355e-22', '5.324934164434305e-44', '3.6734198463196485e-40', '17206', '29544', '16725', '-1.348780238642836e+33', '0.0', '9.550891600431086e-39', '0', '0', '0', '0', '0', '0', '\x00\x00\x00\x00\x00a\x00\x00\x00\x00', '\n\x00\x00\x00\x00\x00\x00\x00\x00\x00', '0', '12320', '2021-03-02 10:05:46')
2021-03-02  10:05:46 Tue root INFO 成功添加数据
2021-03-02  10:05:46 Tue root INFO mes_plc_r2
2021-03-02  10:05:46 Tue root INFO 读取插入数据库数据：{'product_type': '\n\x07250 TJ1\x00', 'r1_equipment_status': '0', 'fail_code': '0', 'recerve': '0', 'prod_num': 421, 'r1_rob_no': '4', 'r1_weld_line_no': '0', 'r1_electric': '0.0', 'r1_voltage': '0.0', 'r1_speed': '0.0', 'r1_job': '0', 'r2_rob_no': '0', 'r2_weld_line_no': '0', 'r2_electric': '0.0', 'r2_voltage': '0.0', 'r2_speed': '0.0', 'r2_job': '0', 'replace_status': '0', 'part_status': '0', 'r1_protective_gas': '0', 'r1_welding_wire': '0', 'r2_protective_gas': '0', 'r2_welding_wire': '0', 'login_id': '\n\x00\x00\x00\x00\x00\x00\x00\x00\x00', 'login_password': '\n\x00\x00\x00\x00\x00\x00\x00\x00\x00'}
2021-03-02  10:05:46 Tue root INFO ('\n\x07250 TJ1\x00', '0', '0', 421, '4', '0', '0.0', '0.0', '0.0', '0', '0', '0', '0.0', '0.0', '0.0', '0', '0', '0', '0', '0', '0', '\n\x00\x00\x00\x00\x00\x00\x00\x00\x00', '\n\x00\x00\x00\x00\x00\x00\x00\x00\x00', '0', '0', '2021-03-02 10:05:46')
2021-03-02  10:05:46 Tue root INFO 成功添加数据
2021-03-02  10:05:46 Tue root INFO mes_plc_r3
2021-03-02  10:05:46 Tue root INFO 读取插入数据库数据：{'product_type': '\n\x07250 TJ4\x00', 'r1_equipment_status': '0', 'fail_code': '0', 'recerve': '0', 'prod_num': 422, 'r1_rob_no': '104', 'r1_weld_line_no': '0', 'r1_electric': '184.4039306640625', 'r1_voltage': '13.820168495178223', 'r1_speed': '0.0', 'r1_job': '0', 'r2_rob_no': '0', 'r2_weld_line_no': '0', 'r2_electric': '0.0', 'r2_voltage': '0.0', 'r2_speed': '0.0', 'r2_job': '0', 'replace_status': '0', 'part_status': '0', 'r1_protective_gas': '0', 'r1_welding_wire': '0', 'r2_protective_gas': '0', 'r2_welding_wire': '0', 'login_id': '\n\x00\x00\x00\x00\x00\x00\x00\x00\x00', 'login_password': '\n\x00\x00\x00\x00\x00\x00\x00\x00\x00'}
2021-03-02  10:05:46 Tue root INFO ('\n\x07250 TJ4\x00', '0', '0', 422, '104', '0', '184.4039306640625', '13.820168495178223', '0.0', '0', '0', '0', '0.0', '0.0', '0.0', '0', '0', '0', '0', '0', '0', '\n\x00\x00\x00\x00\x00\x00\x00\x00\x00', '\n\x00\x00\x00\x00\x00\x00\x00\x00\x00', '0', '0', '2021-03-02 10:05:46')
2021-03-02  10:05:47 Tue root INFO 成功添加数据
2021-03-02  10:05:47 Tue root INFO mes_plc_r4
2021-03-02  10:05:47 Tue root INFO 读取插入数据库数据：{'product_type': '\n\x02AA\x00\x00\x00\x00\x00\x00', 'r1_equipment_status': '2562', 'fail_code': '16962', 'recerve': '0', 'prod_num': 0, 'r1_rob_no': '0', 'r1_weld_line_no': '0', 'r1_electric': '9.727692471237622e-22', 'r1_voltage': '2.802596928649634e-45', 'r1_speed': '1.3775324423698682e-38', 'r1_job': '17208', 'r2_rob_no': '14146', 'r2_weld_line_no': '16721', 'r2_electric': '-92160.0', 'r2_voltage': '0.0', 'r2_speed': '0.0', 'r2_job': '0', 'replace_status': '0', 'part_status': '0', 'r1_protective_gas': '0', 'r1_welding_wire': '0', 'r2_protective_gas': '0', 'r2_welding_wire': '0', 'login_id': '\x00\x00\x00\x00\x00 \x00\x00\x00\x00', 'login_password': '\n\x00\x00\x00\x00\x00\x00\x00\x00\x00'}
2021-03-02  10:05:47 Tue root INFO ('\n\x02AA\x00\x00\x00\x00\x00\x00', '2562', '16962', 0, '0', '0', '9.727692471237622e-22', '2.802596928649634e-45', '1.3775324423698682e-38', '17208', '14146', '16721', '-92160.0', '0.0', '0.0', '0', '0', '0', '0', '0', '0', '\x00\x00\x00\x00\x00 \x00\x00\x00\x00', '\n\x00\x00\x00\x00\x00\x00\x00\x00\x00', '0', '0', '2021-03-02 10:05:47')
2021-03-02  10:05:47 Tue root INFO 成功添加数据
2021-03-02  10:05:47 Tue root INFO mes_plc_r5
2021-03-02  10:05:47 Tue root INFO 读取插入数据库数据：{'product_type': '\n\x00\x00\x00\x00\x00\x00\x00\x00\x00', 'r1_equipment_status': '2560', 'fail_code': '0', 'recerve': '0', 'prod_num': 0, 'r1_rob_no': '0', 'r1_weld_line_no': '0', 'r1_electric': '1.8870057723865944e-24', 'r1_voltage': '0.0', 'r1_speed': '0.0', 'r1_job': '17205', 'r2_rob_no': '1214', 'r2_weld_line_no': '16726', 'r2_electric': '1.8417267710901797e-11', 'r2_voltage': '0.0', 'r2_speed': '0.0', 'r2_job': '17204', 'replace_status': '-27231', 'part_status': '16725', 'r1_protective_gas': '-18660', 'r1_welding_wire': '0', 'r2_protective_gas': '0', 'r2_welding_wire': '0', 'login_id': '\x00\x00\x00\x00\x00\x00\x00\x00\x00\x00', 'login_password': '\n\x00\x00\x00\x00\x00\x00\x00\x00\x00'}
2021-03-02  10:05:47 Tue root INFO ('\n\x00\x00\x00\x00\x00\x00\x00\x00\x00', '2560', '0', 0, '0', '0', '1.8870057723865944e-24', '0.0', '0.0', '17205', '1214', '16726', '1.8417267710901797e-11', '0.0', '0.0', '17204', '-27231', '-18660', '0', '0', '0', '\x00\x00\x00\x00\x00\x00\x00\x00\x00\x00', '\n\x00\x00\x00\x00\x00\x00\x00\x00\x00', '16725', '0', '2021-03-02 10:05:47')
2021-03-02  10:05:47 Tue root INFO 成功添加数据
2021-03-02  10:07:08 Tue root INFO PLC6连接失败
2021-03-02  10:07:08 Tue root INFO plc连接状态:[1, 1, 1, 1, 1, 0]
2021-03-02  10:07:08 Tue root INFO mes_plc
2021-03-02  10:07:08 Tue root INFO 读取插入数据库数据：{'product_type': '\n\x07250 YDG\x00', 'r1_equipment_status': '2567', 'fail_code': '12853', 'recerve': '12320', 'prod_num': 23108, 'r1_rob_no': '18176', 'r1_weld_line_no': '0', 'r1_electric': '6.65883674766553e-23', 'r1_voltage': '5.465064010866787e-44', 'r1_speed': '3.6734198463196485e-40', 'r1_job': '17206', 'r2_rob_no': '25752', 'r2_weld_line_no': '-16049', 'r2_electric': '-47244640256.0', 'r2_voltage': '0.0', 'r2_speed': '9.550891600431086e-39', 'r2_job': '0', 'replace_status': '0', 'part_status': '0', 'r1_protective_gas': '0', 'r1_welding_wire': '0', 'r2_protective_gas': '0', 'r2_welding_wire': '0', 'login_id': '\x00\x00\x00\x00\x00w\x00\x00\x00\x00', 'login_password': '\n\x00\x00\x00\x00\x00\x00\x00\x00\x00'}
2021-03-02  10:07:08 Tue root INFO ('\n\x07250 YDG\x00', '2567', '12853', 23108, '18176', '0', '6.65883674766553e-23', '5.465064010866787e-44', '3.6734198463196485e-40', '17206', '25752', '-16049', '-47244640256.0', '0.0', '9.550891600431086e-39', '0', '0', '0', '0', '0', '0', '\x00\x00\x00\x00\x00w\x00\x00\x00\x00', '\n\x00\x00\x00\x00\x00\x00\x00\x00\x00', '0', '12320', '2021-03-02 10:07:08')
2021-03-02  10:07:08 Tue root INFO 成功添加数据
2021-03-02  10:07:08 Tue root INFO mes_plc_r2
2021-03-02  10:07:09 Tue root INFO 读取插入数据库数据：{'product_type': '\n\x07250 TJ1\x00', 'r1_equipment_status': '0', 'fail_code': '0', 'recerve': '0', 'prod_num': 421, 'r1_rob_no': '4', 'r1_weld_line_no': '0', 'r1_electric': '0.0', 'r1_voltage': '0.0', 'r1_speed': '0.0', 'r1_job': '0', 'r2_rob_no': '0', 'r2_weld_line_no': '0', 'r2_electric': '0.0', 'r2_voltage': '0.0', 'r2_speed': '0.0', 'r2_job': '0', 'replace_status': '0', 'part_status': '0', 'r1_protective_gas': '0', 'r1_welding_wire': '0', 'r2_protective_gas': '0', 'r2_welding_wire': '0', 'login_id': '\n\x00\x00\x00\x00\x00\x00\x00\x00\x00', 'login_password': '\n\x00\x00\x00\x00\x00\x00\x00\x00\x00'}
2021-03-02  10:07:09 Tue root INFO ('\n\x07250 TJ1\x00', '0', '0', 421, '4', '0', '0.0', '0.0', '0.0', '0', '0', '0', '0.0', '0.0', '0.0', '0', '0', '0', '0', '0', '0', '\n\x00\x00\x00\x00\x00\x00\x00\x00\x00', '\n\x00\x00\x00\x00\x00\x00\x00\x00\x00', '0', '0', '2021-03-02 10:07:09')
2021-03-02  10:07:09 Tue root INFO 成功添加数据
2021-03-02  10:07:09 Tue root INFO mes_plc_r3
2021-03-02  10:07:09 Tue root INFO 读取插入数据库数据：{'product_type': '\n\x07250 TJ3\x00', 'r1_equipment_status': '0', 'fail_code': '0', 'recerve': '0', 'prod_num': 423, 'r1_rob_no': '4', 'r1_weld_line_no': '0', 'r1_electric': '184.4762725830078', 'r1_voltage': '-5.588107585906982', 'r1_speed': '0.0', 'r1_job': '0', 'r2_rob_no': '0', 'r2_weld_line_no': '0', 'r2_electric': '0.0', 'r2_voltage': '0.0', 'r2_speed': '0.0', 'r2_job': '0', 'replace_status': '0', 'part_status': '0', 'r1_protective_gas': '0', 'r1_welding_wire': '0', 'r2_protective_gas': '0', 'r2_welding_wire': '0', 'login_id': '\n\x00\x00\x00\x00\x00\x00\x00\x00\x00', 'login_password': '\n\x00\x00\x00\x00\x00\x00\x00\x00\x00'}
2021-03-02  10:07:09 Tue root INFO ('\n\x07250 TJ3\x00', '0', '0', 423, '4', '0', '184.4762725830078', '-5.588107585906982', '0.0', '0', '0', '0', '0.0', '0.0', '0.0', '0', '0', '0', '0', '0', '0', '\n\x00\x00\x00\x00\x00\x00\x00\x00\x00', '\n\x00\x00\x00\x00\x00\x00\x00\x00\x00', '0', '0', '2021-03-02 10:07:09')
2021-03-02  10:07:09 Tue root INFO 成功添加数据
2021-03-02  10:07:09 Tue root INFO mes_plc_r4
2021-03-02  10:07:09 Tue root INFO 读取插入数据库数据：{'product_type': '\n\x02AA\x00\x00\x00\x00\x00\x00', 'r1_equipment_status': '2562', 'fail_code': '16962', 'recerve': '0', 'prod_num': 0, 'r1_rob_no': '0', 'r1_weld_line_no': '0', 'r1_electric': '9.727692471237622e-22', 'r1_voltage': '2.802596928649634e-45', 'r1_speed': '1.3775324423698682e-38', 'r1_job': '17208', 'r2_rob_no': '9406', 'r2_weld_line_no': '16721', 'r2_electric': '-73117523247104.0', 'r2_voltage': '0.0', 'r2_speed': '0.0', 'r2_job': '0', 'replace_status': '0', 'part_status': '0', 'r1_protective_gas': '0', 'r1_welding_wire': '0', 'r2_protective_gas': '0', 'r2_welding_wire': '0', 'login_id': '\x00\x00\x00\x00\x00 \x00\x00\x00\x00', 'login_password': '\n\x00\x00\x00\x00\x00\x00\x00\x00\x00'}
2021-03-02  10:07:09 Tue root INFO ('\n\x02AA\x00\x00\x00\x00\x00\x00', '2562', '16962', 0, '0', '0', '9.727692471237622e-22', '2.802596928649634e-45', '1.3775324423698682e-38', '17208', '9406', '16721', '-73117523247104.0', '0.0', '0.0', '0', '0', '0', '0', '0', '0', '\x00\x00\x00\x00\x00 \x00\x00\x00\x00', '\n\x00\x00\x00\x00\x00\x00\x00\x00\x00', '0', '0', '2021-03-02 10:07:09')
2021-03-02  10:07:09 Tue root INFO 成功添加数据
2021-03-02  10:07:09 Tue root INFO mes_plc_r5
2021-03-02  10:07:10 Tue root INFO 读取插入数据库数据：{'product_type': '\n\x00\x00\x00\x00\x00\x00\x00\x00\x00', 'r1_equipment_status': '2560', 'fail_code': '0', 'recerve': '0', 'prod_num': 0, 'r1_rob_no': '0', 'r1_weld_line_no': '0', 'r1_electric': '1.8870057723865944e-24', 'r1_voltage': '0.0', 'r1_speed': '0.0', 'r1_job': '17205', 'r2_rob_no': '1214', 'r2_weld_line_no': '16726', 'r2_electric': '8.613596464754233e+24', 'r2_voltage': '0.0', 'r2_speed': '0.0', 'r2_job': '17204', 'replace_status': '-29127', 'part_status': '16725', 'r1_protective_gas': '-7282', 'r1_welding_wire': '0', 'r2_protective_gas': '0', 'r2_welding_wire': '0', 'login_id': '\x00\x00\x00\x00\x00\x00\x00\x00\x00\x00', 'login_password': '\n\x00\x00\x00\x00\x00\x00\x00\x00\x00'}
2021-03-02  10:07:10 Tue root INFO ('\n\x00\x00\x00\x00\x00\x00\x00\x00\x00', '2560', '0', 0, '0', '0', '1.8870057723865944e-24', '0.0', '0.0', '17205', '1214', '16726', '8.613596464754233e+24', '0.0', '0.0', '17204', '-29127', '-7282', '0', '0', '0', '\x00\x00\x00\x00\x00\x00\x00\x00\x00\x00', '\n\x00\x00\x00\x00\x00\x00\x00\x00\x00', '16725', '0', '2021-03-02 10:07:10')
2021-03-02  10:07:10 Tue root INFO 成功添加数据
2021-03-02  10:08:31 Tue root INFO PLC6连接失败
2021-03-02  10:08:31 Tue root INFO plc连接状态:[1, 1, 1, 1, 1, 0]
2021-03-02  10:08:31 Tue root INFO mes_plc
2021-03-02  10:08:31 Tue root INFO 读取插入数据库数据：{'product_type': '\n\x07250 YDG\x00', 'r1_equipment_status': '2567', 'fail_code': '12853', 'recerve': '12320', 'prod_num': 23108, 'r1_rob_no': '18176', 'r1_weld_line_no': '0', 'r1_electric': '1.0654138796264848e-21', 'r1_voltage': '5.465064010866787e-44', 'r1_speed': '3.6734198463196485e-40', 'r1_job': '17206', 'r2_rob_no': '24803', 'r2_weld_line_no': '16724', 'r2_electric': '-2392064.0', 'r2_voltage': '0.0', 'r2_speed': '9.550891600431086e-39', 'r2_job': '0', 'replace_status': '0', 'part_status': '0', 'r1_protective_gas': '0', 'r1_welding_wire': '0', 'r2_protective_gas': '0', 'r2_welding_wire': '0', 'login_password': '\n\x00\x00\x00\x00\x00\x00\x00\x00\x00'}
2021-03-02  10:08:31 Tue root ERROR 读取插入数据库失败错误: 'login_id'
2021-03-02  10:08:31 Tue root INFO mes_plc_r2
2021-03-02  10:08:31 Tue root INFO 读取插入数据库数据：{'product_type': '\n\x07250 TJ1\x00', 'r1_equipment_status': '0', 'fail_code': '0', 'recerve': '0', 'prod_num': 421, 'r1_rob_no': '4', 'r1_weld_line_no': '0', 'r1_electric': '0.0', 'r1_voltage': '0.0', 'r1_speed': '0.0', 'r1_job': '0', 'r2_rob_no': '0', 'r2_weld_line_no': '0', 'r2_electric': '0.0', 'r2_voltage': '0.0', 'r2_speed': '0.0', 'r2_job': '0', 'replace_status': '0', 'part_status': '0', 'r1_protective_gas': '0', 'r1_welding_wire': '0', 'r2_protective_gas': '0', 'r2_welding_wire': '0', 'login_id': '\n\x00\x00\x00\x00\x00\x00\x00\x00\x00', 'login_password': '\n\x00\x00\x00\x00\x00\x00\x00\x00\x00'}
2021-03-02  10:08:31 Tue root INFO ('\n\x07250 TJ1\x00', '0', '0', 421, '4', '0', '0.0', '0.0', '0.0', '0', '0', '0', '0.0', '0.0', '0.0', '0', '0', '0', '0', '0', '0', '\n\x00\x00\x00\x00\x00\x00\x00\x00\x00', '\n\x00\x00\x00\x00\x00\x00\x00\x00\x00', '0', '0', '2021-03-02 10:08:31')
2021-03-02  10:08:31 Tue root INFO 成功添加数据
2021-03-02  10:08:31 Tue root INFO mes_plc_r3
2021-03-02  10:08:31 Tue root INFO 读取插入数据库数据：{'product_type': '\n\x07250 TJ3\x00', 'r1_equipment_status': '0', 'fail_code': '0', 'recerve': '0', 'prod_num': 423, 'r1_rob_no': '4', 'r1_weld_line_no': '0', 'r1_electric': '184.3315887451172', 'r1_voltage': '13.84548568725586', 'r1_speed': '0.0', 'r1_job': '0', 'r2_rob_no': '0', 'r2_weld_line_no': '0', 'r2_electric': '0.0', 'r2_voltage': '0.0', 'r2_speed': '0.0', 'r2_job': '0', 'replace_status': '0', 'part_status': '0', 'r1_protective_gas': '0', 'r1_welding_wire': '0', 'r2_protective_gas': '0', 'r2_welding_wire': '0', 'login_id': '\n\x00\x00\x00\x00\x00\x00\x00\x00\x00', 'login_password': '\n\x00\x00\x00\x00\x00\x00\x00\x00\x00'}
2021-03-02  10:08:31 Tue root INFO ('\n\x07250 TJ3\x00', '0', '0', 423, '4', '0', '184.3315887451172', '13.84548568725586', '0.0', '0', '0', '0', '0.0', '0.0', '0.0', '0', '0', '0', '0', '0', '0', '\n\x00\x00\x00\x00\x00\x00\x00\x00\x00', '\n\x00\x00\x00\x00\x00\x00\x00\x00\x00', '0', '0', '2021-03-02 10:08:31')
2021-03-02  10:08:31 Tue root INFO 成功添加数据
2021-03-02  10:08:31 Tue root INFO mes_plc_r4
2021-03-02  10:08:32 Tue root INFO 读取插入数据库数据：{'product_type': '\n\x02AA\x00\x00\x00\x00\x00\x00', 'r1_equipment_status': '2562', 'fail_code': '16962', 'recerve': '0', 'prod_num': 0, 'r1_rob_no': '0', 'r1_weld_line_no': '0', 'r1_electric': '9.727692471237622e-22', 'r1_voltage': '2.802596928649634e-45', 'r1_speed': '1.3775324423698682e-38', 'r1_job': '17208', 'r2_rob_no': '11302', 'r2_weld_line_no': '16721', 'r2_electric': '-1.6047303883528737e-22', 'r2_voltage': '0.0', 'r2_speed': '0.0', 'r2_job': '0', 'replace_status': '0', 'part_status': '0', 'r1_protective_gas': '0', 'r1_welding_wire': '0', 'r2_protective_gas': '0', 'r2_welding_wire': '0', 'login_id': '\x00\x00\x00\x00\x00 \x00\x00\x00\x00', 'login_password': '\n\x00\x00\x00\x00\x00\x00\x00\x00\x00'}
2021-03-02  10:08:32 Tue root INFO ('\n\x02AA\x00\x00\x00\x00\x00\x00', '2562', '16962', 0, '0', '0', '9.727692471237622e-22', '2.802596928649634e-45', '1.3775324423698682e-38', '17208', '11302', '16721', '-1.6047303883528737e-22', '0.0', '0.0', '0', '0', '0', '0', '0', '0', '\x00\x00\x00\x00\x00 \x00\x00\x00\x00', '\n\x00\x00\x00\x00\x00\x00\x00\x00\x00', '0', '0', '2021-03-02 10:08:32')
2021-03-02  10:08:32 Tue root INFO 成功添加数据
2021-03-02  10:08:32 Tue root INFO mes_plc_r5
2021-03-02  10:08:32 Tue root INFO 读取插入数据库数据：{'product_type': '\n\x00\x00\x00\x00\x00\x00\x00\x00\x00', 'r1_equipment_status': '2560', 'fail_code': '0', 'recerve': '0', 'prod_num': 0, 'r1_rob_no': '0', 'r1_weld_line_no': '0', 'r1_electric': '1.8870057723865944e-24', 'r1_voltage': '0.0', 'r1_speed': '0.0', 'r1_job': '17204', 'r2_rob_no': '265', 'r2_weld_line_no': '16726', 'r2_electric': '0.0147705078125', 'r2_voltage': '0.0', 'r2_speed': '0.0', 'r2_job': '17204', 'replace_status': '-31023', 'part_status': '16725', 'r1_protective_gas': '-3490', 'r1_welding_wire': '0', 'r2_protective_gas': '0', 'r2_welding_wire': '0', 'login_id': '\x00\x00\x00\x00\x00\x00\x00\x00\x00\x00', 'login_password': '\n\x00\x00\x00\x00\x00\x00\x00\x00\x00'}
2021-03-02  10:08:32 Tue root INFO ('\n\x00\x00\x00\x00\x00\x00\x00\x00\x00', '2560', '0', 0, '0', '0', '1.8870057723865944e-24', '0.0', '0.0', '17204', '265', '16726', '0.0147705078125', '0.0', '0.0', '17204', '-31023', '-3490', '0', '0', '0', '\x00\x00\x00\x00\x00\x00\x00\x00\x00\x00', '\n\x00\x00\x00\x00\x00\x00\x00\x00\x00', '16725', '0', '2021-03-02 10:08:32')
2021-03-02  10:08:32 Tue root INFO 成功添加数据
2021-03-02  10:09:53 Tue root INFO PLC6连接失败
2021-03-02  10:09:53 Tue root INFO plc连接状态:[1, 1, 1, 1, 1, 0]
2021-03-02  10:09:53 Tue root INFO mes_plc
2021-03-02  10:09:53 Tue root INFO 读取插入数据库数据：{'product_type': '\n\x07250 YDG\x00', 'r1_equipment_status': '2567', 'fail_code': '12853', 'recerve': '12320', 'prod_num': 23108, 'r1_rob_no': '18176', 'r1_weld_line_no': '0', 'r1_electric': '8.040221807306355e-22', 'r1_voltage': '5.465064010866787e-44', 'r1_speed': '3.6734198463196485e-40', 'r1_job': '17206', 'r2_rob_no': '17218', 'r2_weld_line_no': '-16067', 'r2_electric': '-0.033447265625', 'r2_voltage': '0.0', 'r2_speed': '9.550891600431086e-39', 'r2_job': '0', 'replace_status': '0', 'part_status': '0', 'r1_protective_gas': '0', 'r1_welding_wire': '0', 'r2_protective_gas': '0', 'r2_welding_wire': '0', 'login_password': '\n\x00\x00\x00\x00\x00\x00\x00\x00\x00'}
2021-03-02  10:09:53 Tue root ERROR 读取插入数据库失败错误: 'login_id'
2021-03-02  10:09:53 Tue root INFO mes_plc_r2
2021-03-02  10:09:54 Tue root INFO 读取插入数据库数据：{'product_type': '\n\x07250 TJ2\x00', 'r1_equipment_status': '0', 'fail_code': '0', 'recerve': '0', 'prod_num': 422, 'r1_rob_no': '104', 'r1_weld_line_no': '0', 'r1_electric': '0.0', 'r1_voltage': '0.0', 'r1_speed': '0.0', 'r1_job': '0', 'r2_rob_no': '0', 'r2_weld_line_no': '0', 'r2_electric': '0.0', 'r2_voltage': '0.0', 'r2_speed': '0.0', 'r2_job': '0', 'replace_status': '0', 'part_status': '0', 'r1_protective_gas': '0', 'r1_welding_wire': '0', 'r2_protective_gas': '0', 'r2_welding_wire': '0', 'login_id': '\n\x00\x00\x00\x00\x00\x00\x00\x00\x00', 'login_password': '\n\x00\x00\x00\x00\x00\x00\x00\x00\x00'}
2021-03-02  10:09:54 Tue root INFO ('\n\x07250 TJ2\x00', '0', '0', 422, '104', '0', '0.0', '0.0', '0.0', '0', '0', '0', '0.0', '0.0', '0.0', '0', '0', '0', '0', '0', '0', '\n\x00\x00\x00\x00\x00\x00\x00\x00\x00', '\n\x00\x00\x00\x00\x00\x00\x00\x00\x00', '0', '0', '2021-03-02 10:09:54')
2021-03-02  10:09:54 Tue root INFO 成功添加数据
2021-03-02  10:09:54 Tue root INFO mes_plc_r3
2021-03-02  10:09:54 Tue root INFO 读取插入数据库数据：{'product_type': '\n\x07250 TJ3\x00', 'r1_equipment_status': '0', 'fail_code': '0', 'recerve': '0', 'prod_num': 423, 'r1_rob_no': '4', 'r1_weld_line_no': '0', 'r1_electric': '184.3460693359375', 'r1_voltage': '13.823784828186035', 'r1_speed': '0.0', 'r1_job': '0', 'r2_rob_no': '0', 'r2_weld_line_no': '0', 'r2_electric': '0.0', 'r2_voltage': '0.0', 'r2_speed': '0.0', 'r2_job': '0', 'replace_status': '0', 'part_status': '0', 'r1_protective_gas': '0', 'r1_welding_wire': '0', 'r2_protective_gas': '0', 'r2_welding_wire': '0', 'login_id': '\n\x00\x00\x00\x00\x00\x00\x00\x00\x00', 'login_password': '\n\x00\x00\x00\x00\x00\x00\x00\x00\x00'}
2021-03-02  10:09:54 Tue root INFO ('\n\x07250 TJ3\x00', '0', '0', 423, '4', '0', '184.3460693359375', '13.823784828186035', '0.0', '0', '0', '0', '0.0', '0.0', '0.0', '0', '0', '0', '0', '0', '0', '\n\x00\x00\x00\x00\x00\x00\x00\x00\x00', '\n\x00\x00\x00\x00\x00\x00\x00\x00\x00', '0', '0', '2021-03-02 10:09:54')
2021-03-02  10:09:54 Tue root INFO 成功添加数据
2021-03-02  10:09:54 Tue root INFO mes_plc_r4
2021-03-02  10:09:54 Tue root INFO 读取插入数据库数据：{'product_type': '\n\x02AA\x00\x00\x00\x00\x00\x00', 'r1_equipment_status': '2562', 'fail_code': '16962', 'recerve': '0', 'prod_num': 0, 'r1_rob_no': '0', 'r1_weld_line_no': '0', 'r1_electric': '9.727692471237622e-22', 'r1_voltage': '2.802596928649634e-45', 'r1_speed': '1.3775324423698682e-38', 'r1_job': '17208', 'r2_rob_no': '7510', 'r2_weld_line_no': '16721', 'r2_electric': '-1.8643001861668443e-31', 'r2_voltage': '0.0', 'r2_speed': '0.0', 'r2_job': '0', 'replace_status': '0', 'part_status': '0', 'r1_protective_gas': '0', 'r1_welding_wire': '0', 'r2_protective_gas': '0', 'r2_welding_wire': '0', 'login_id': '\x00\x00\x00\x00\x00 \x00\x00\x00\x00', 'login_password': '\n\x00\x00\x00\x00\x00\x00\x00\x00\x00'}
2021-03-02  10:09:54 Tue root INFO ('\n\x02AA\x00\x00\x00\x00\x00\x00', '2562', '16962', 0, '0', '0', '9.727692471237622e-22', '2.802596928649634e-45', '1.3775324423698682e-38', '17208', '7510', '16721', '-1.8643001861668443e-31', '0.0', '0.0', '0', '0', '0', '0', '0', '0', '\x00\x00\x00\x00\x00 \x00\x00\x00\x00', '\n\x00\x00\x00\x00\x00\x00\x00\x00\x00', '0', '0', '2021-03-02 10:09:54')
2021-03-02  10:09:54 Tue root INFO 成功添加数据
2021-03-02  10:09:54 Tue root INFO mes_plc_r5
2021-03-02  10:09:54 Tue root INFO 读取插入数据库数据：{'product_type': '\n\x00\x00\x00\x00\x00\x00\x00\x00\x00', 'r1_equipment_status': '2560', 'fail_code': '0', 'recerve': '0', 'prod_num': 0, 'r1_rob_no': '0', 'r1_weld_line_no': '0', 'r1_electric': '1.8870057723865944e-24', 'r1_voltage': '0.0', 'r1_speed': '0.0', 'r1_job': '17204', 'r2_rob_no': '-2579', 'r2_weld_line_no': '16726', 'r2_electric': '-4.301500743989133e-26', 'r2_voltage': '0.0', 'r2_speed': '0.0', 'r2_job': '17204', 'replace_status': '29772', 'part_status': '16726', 'r1_protective_gas': '-3490', 'r1_welding_wire': '0', 'r2_protective_gas': '0', 'r2_welding_wire': '0', 'login_id': '\x00\x00\x00\x00\x00\x00\x00\x00\x00\x00', 'login_password': '\n\x00\x00\x00\x00\x00\x00\x00\x00\x00'}
2021-03-02  10:09:54 Tue root INFO ('\n\x00\x00\x00\x00\x00\x00\x00\x00\x00', '2560', '0', 0, '0', '0', '1.8870057723865944e-24', '0.0', '0.0', '17204', '-2579', '16726', '-4.301500743989133e-26', '0.0', '0.0', '17204', '29772', '-3490', '0', '0', '0', '\x00\x00\x00\x00\x00\x00\x00\x00\x00\x00', '\n\x00\x00\x00\x00\x00\x00\x00\x00\x00', '16726', '0', '2021-03-02 10:09:54')
2021-03-02  10:09:55 Tue root INFO 成功添加数据
2021-03-02  10:11:16 Tue root INFO PLC6连接失败
2021-03-02  10:11:16 Tue root INFO plc连接状态:[1, 1, 1, 1, 1, 0]
2021-03-02  10:11:16 Tue root INFO mes_plc
2021-03-02  10:11:16 Tue root INFO 读取插入数据库数据：{'product_type': '\n\x07250 YDG\x00', 'r1_equipment_status': '2567', 'fail_code': '12853', 'recerve': '12320', 'prod_num': 23108, 'r1_rob_no': '18176', 'r1_weld_line_no': '0', 'r1_electric': '6.65883674766553e-23', 'r1_voltage': '5.605193857299268e-44', 'r1_speed': '3.6734198463196485e-40', 'r1_job': '17206', 'r2_rob_no': '15322', 'r2_weld_line_no': '17133', 'r2_electric': '2.4375050858650954e-34', 'r2_voltage': '0.0', 'r2_speed': '9.550891600431086e-39', 'r2_job': '0', 'replace_status': '0', 'part_status': '0', 'r1_protective_gas': '0', 'r1_welding_wire': '0', 'r2_protective_gas': '0', 'r2_welding_wire': '0', 'login_password': '\n\x00\x00\x00\x00\x00\x00\x00\x00\x00'}
2021-03-02  10:11:16 Tue root ERROR 读取插入数据库失败错误: 'login_id'
2021-03-02  10:11:16 Tue root INFO mes_plc_r2
2021-03-02  10:11:16 Tue root INFO 读取插入数据库数据：{'product_type': '\n\x07250 TJ2\x00', 'r1_equipment_status': '0', 'fail_code': '0', 'recerve': '0', 'prod_num': 422, 'r1_rob_no': '104', 'r1_weld_line_no': '0', 'r1_electric': '0.0', 'r1_voltage': '0.0', 'r1_speed': '0.0', 'r1_job': '0', 'r2_rob_no': '0', 'r2_weld_line_no': '0', 'r2_electric': '0.0', 'r2_voltage': '0.0', 'r2_speed': '0.0', 'r2_job': '0', 'replace_status': '0', 'part_status': '0', 'r1_protective_gas': '0', 'r1_welding_wire': '0', 'r2_protective_gas': '0', 'r2_welding_wire': '0', 'login_id': '\n\x00\x00\x00\x00\x00\x00\x00\x00\x00', 'login_password': '\n\x00\x00\x00\x00\x00\x00\x00\x00\x00'}
2021-03-02  10:11:16 Tue root INFO ('\n\x07250 TJ2\x00', '0', '0', 422, '104', '0', '0.0', '0.0', '0.0', '0', '0', '0', '0.0', '0.0', '0.0', '0', '0', '0', '0', '0', '0', '\n\x00\x00\x00\x00\x00\x00\x00\x00\x00', '\n\x00\x00\x00\x00\x00\x00\x00\x00\x00', '0', '0', '2021-03-02 10:11:16')
2021-03-02  10:11:16 Tue root INFO 成功添加数据
2021-03-02  10:11:16 Tue root INFO mes_plc_r3
2021-03-02  10:11:16 Tue root INFO 读取插入数据库数据：{'product_type': '\n\x07250 TJ3\x00', 'r1_equipment_status': '0', 'fail_code': '0', 'recerve': '0', 'prod_num': 423, 'r1_rob_no': '4', 'r1_weld_line_no': '0', 'r1_electric': '184.43287658691406', 'r1_voltage': '13.823784828186035', 'r1_speed': '0.0', 'r1_job': '0', 'r2_rob_no': '0', 'r2_weld_line_no': '0', 'r2_electric': '0.0', 'r2_voltage': '0.0', 'r2_speed': '0.0', 'r2_job': '0', 'replace_status': '0', 'part_status': '0', 'r1_protective_gas': '0', 'r1_welding_wire': '0', 'r2_protective_gas': '0', 'r2_welding_wire': '0', 'login_id': '\n\x00\x00\x00\x00\x00\x00\x00\x00\x00', 'login_password': '\n\x00\x00\x00\x00\x00\x00\x00\x00\x00'}
2021-03-02  10:11:16 Tue root INFO ('\n\x07250 TJ3\x00', '0', '0', 423, '4', '0', '184.43287658691406', '13.823784828186035', '0.0', '0', '0', '0', '0.0', '0.0', '0.0', '0', '0', '0', '0', '0', '0', '\n\x00\x00\x00\x00\x00\x00\x00\x00\x00', '\n\x00\x00\x00\x00\x00\x00\x00\x00\x00', '0', '0', '2021-03-02 10:11:16')
2021-03-02  10:11:16 Tue root INFO 成功添加数据
2021-03-02  10:11:16 Tue root INFO mes_plc_r4
2021-03-02  10:11:17 Tue root INFO 读取插入数据库数据：{'product_type': '\n\x02AA\x00\x00\x00\x00\x00\x00', 'r1_equipment_status': '2562', 'fail_code': '16962', 'recerve': '0', 'prod_num': 0, 'r1_rob_no': '0', 'r1_weld_line_no': '0', 'r1_electric': '9.727692471237622e-22', 'r1_voltage': '2.802596928649634e-45', 'r1_speed': '1.3775324423698682e-38', 'r1_job': '17208', 'r2_rob_no': '11302', 'r2_weld_line_no': '16721', 'r2_electric': '-1.2967404927621828e-13', 'r2_voltage': '0.0', 'r2_speed': '0.0', 'r2_job': '0', 'replace_status': '0', 'part_status': '0', 'r1_protective_gas': '0', 'r1_welding_wire': '0', 'r2_protective_gas': '0', 'r2_welding_wire': '0', 'login_id': '\x00\x00\x00\x00\x00 \x00\x00\x00\x00', 'login_password': '\n\x00\x00\x00\x00\x00\x00\x00\x00\x00'}
2021-03-02  10:11:17 Tue root INFO ('\n\x02AA\x00\x00\x00\x00\x00\x00', '2562', '16962', 0, '0', '0', '9.727692471237622e-22', '2.802596928649634e-45', '1.3775324423698682e-38', '17208', '11302', '16721', '-1.2967404927621828e-13', '0.0', '0.0', '0', '0', '0', '0', '0', '0', '\x00\x00\x00\x00\x00 \x00\x00\x00\x00', '\n\x00\x00\x00\x00\x00\x00\x00\x00\x00', '0', '0', '2021-03-02 10:11:17')
2021-03-02  10:11:17 Tue root INFO 成功添加数据
2021-03-02  10:11:17 Tue root INFO mes_plc_r5
2021-03-02  10:11:17 Tue root INFO 读取插入数据库数据：{'product_type': '\n\x00\x00\x00\x00\x00\x00\x00\x00\x00', 'r1_equipment_status': '2560', 'fail_code': '0', 'recerve': '0', 'prod_num': 0, 'r1_rob_no': '0', 'r1_weld_line_no': '0', 'r1_electric': '1.8870057723865944e-24', 'r1_voltage': '0.0', 'r1_speed': '0.0', 'r1_job': '17204', 'r2_rob_no': '-5423', 'r2_weld_line_no': '16726', 'r2_electric': '8.613596464754233e+24', 'r2_voltage': '0.0', 'r2_speed': '0.0', 'r2_job': '17204', 'replace_status': '28824', 'part_status': '16725', 'r1_protective_gas': '-3490', 'r1_welding_wire': '0', 'r2_protective_gas': '0', 'r2_welding_wire': '0', 'login_id': '\x00\x00\x00\x00\x00\x00\x00\x00\x00\x00', 'login_password': '\n\x00\x00\x00\x00\x00\x00\x00\x00\x00'}
2021-03-02  10:11:17 Tue root INFO ('\n\x00\x00\x00\x00\x00\x00\x00\x00\x00', '2560', '0', 0, '0', '0', '1.8870057723865944e-24', '0.0', '0.0', '17204', '-5423', '16726', '8.613596464754233e+24', '0.0', '0.0', '17204', '28824', '-3490', '0', '0', '0', '\x00\x00\x00\x00\x00\x00\x00\x00\x00\x00', '\n\x00\x00\x00\x00\x00\x00\x00\x00\x00', '16725', '0', '2021-03-02 10:11:17')
2021-03-02  10:11:17 Tue root INFO 成功添加数据
2021-03-02  10:12:17 Tue root INFO PLC6连接成功
2021-03-02  10:12:17 Tue root INFO plc连接状态:[1, 1, 1, 1, 1, 1]
2021-03-02  10:12:17 Tue root INFO mes_plc
2021-03-02  10:12:18 Tue root INFO 读取插入数据库数据：{'product_type': '\n\x07250 YDG\x00', 'r1_equipment_status': '2567', 'fail_code': '12853', 'recerve': '12320', 'prod_num': 23108, 'r1_rob_no': '18176', 'r1_weld_line_no': '0', 'r1_electric': '1.0654138796264848e-21', 'r1_voltage': '5.605193857299268e-44', 'r1_speed': '3.6734198463196485e-40', 'r1_job': '17206', 'r2_rob_no': '19114', 'r2_weld_line_no': '16725', 'r2_electric': '8.431345355002174e-27', 'r2_voltage': '0.0', 'r2_speed': '9.550891600431086e-39', 'r2_job': '0', 'replace_status': '0', 'part_status': '0', 'r1_protective_gas': '0', 'r1_welding_wire': '0', 'r2_protective_gas': '0', 'r2_welding_wire': '0', 'login_password': '\n\x00\x00\x00\x00\x00\x00\x00\x00\x00'}
2021-03-02  10:12:18 Tue root ERROR 读取插入数据库失败错误: 'login_id'
2021-03-02  10:12:18 Tue root INFO mes_plc_r2
2021-03-02  10:12:18 Tue root INFO 读取插入数据库数据：{'product_type': '\n\x07250 TJ2\x00', 'r1_equipment_status': '0', 'fail_code': '0', 'recerve': '0', 'prod_num': 422, 'r1_rob_no': '104', 'r1_weld_line_no': '0', 'r1_electric': '0.0', 'r1_voltage': '0.0', 'r1_speed': '0.0', 'r1_job': '0', 'r2_rob_no': '0', 'r2_weld_line_no': '0', 'r2_electric': '0.0', 'r2_voltage': '0.0', 'r2_speed': '0.0', 'r2_job': '0', 'replace_status': '0', 'part_status': '0', 'r1_protective_gas': '0', 'r1_welding_wire': '0', 'r2_protective_gas': '0', 'r2_welding_wire': '0', 'login_id': '\n\x00\x00\x00\x00\x00\x00\x00\x00\x00', 'login_password': '\n\x00\x00\x00\x00\x00\x00\x00\x00\x00'}
2021-03-02  10:12:18 Tue root INFO ('\n\x07250 TJ2\x00', '0', '0', 422, '104', '0', '0.0', '0.0', '0.0', '0', '0', '0', '0.0', '0.0', '0.0', '0', '0', '0', '0', '0', '0', '\n\x00\x00\x00\x00\x00\x00\x00\x00\x00', '\n\x00\x00\x00\x00\x00\x00\x00\x00\x00', '0', '0', '2021-03-02 10:12:18')
2021-03-02  10:12:18 Tue root INFO 成功添加数据
2021-03-02  10:12:18 Tue root INFO mes_plc_r3
2021-03-02  10:12:18 Tue root INFO 读取插入数据库数据：{'product_type': '\n\x07250 TJ3\x00', 'r1_equipment_status': '0', 'fail_code': '0', 'recerve': '0', 'prod_num': 424, 'r1_rob_no': '4', 'r1_weld_line_no': '0', 'r1_electric': '184.38946533203125', 'r1_voltage': '13.834635734558105', 'r1_speed': '0.0', 'r1_job': '0', 'r2_rob_no': '0', 'r2_weld_line_no': '0', 'r2_electric': '0.0', 'r2_voltage': '0.0', 'r2_speed': '0.0', 'r2_job': '0', 'replace_status': '0', 'part_status': '0', 'r1_protective_gas': '0', 'r1_welding_wire': '0', 'r2_protective_gas': '0', 'r2_welding_wire': '0', 'login_id': '\n\x00\x00\x00\x00\x00\x00\x00\x00\x00', 'login_password': '\n\x00\x00\x00\x00\x00\x00\x00\x00\x00'}
2021-03-02  10:12:18 Tue root INFO ('\n\x07250 TJ3\x00', '0', '0', 424, '4', '0', '184.38946533203125', '13.834635734558105', '0.0', '0', '0', '0', '0.0', '0.0', '0.0', '0', '0', '0', '0', '0', '0', '\n\x00\x00\x00\x00\x00\x00\x00\x00\x00', '\n\x00\x00\x00\x00\x00\x00\x00\x00\x00', '0', '0', '2021-03-02 10:12:18')
2021-03-02  10:12:18 Tue root INFO 成功添加数据
2021-03-02  10:12:18 Tue root INFO mes_plc_r4
2021-03-02  10:12:18 Tue root INFO 读取插入数据库数据：{'product_type': '\n\x02AA\x00\x00\x00\x00\x00\x00', 'r1_equipment_status': '2562', 'fail_code': '16962', 'recerve': '0', 'prod_num': 0, 'r1_rob_no': '0', 'r1_weld_line_no': '0', 'r1_electric': '9.727692471237622e-22', 'r1_voltage': '2.802596928649634e-45', 'r1_speed': '1.3775324423698682e-38', 'r1_job': '17208', 'r2_rob_no': '8457', 'r2_weld_line_no': '16721', 'r2_electric': '-1.6047303883528737e-22', 'r2_voltage': '0.0', 'r2_speed': '0.0', 'r2_job': '0', 'replace_status': '0', 'part_status': '0', 'r1_protective_gas': '0', 'r1_welding_wire': '0', 'r2_protective_gas': '0', 'r2_welding_wire': '0', 'login_id': '\x00\x00\x00\x00\x00 \x00\x00\x00\x00', 'login_password': '\n\x00\x00\x00\x00\x00\x00\x00\x00\x00'}
2021-03-02  10:12:18 Tue root INFO ('\n\x02AA\x00\x00\x00\x00\x00\x00', '2562', '16962', 0, '0', '0', '9.727692471237622e-22', '2.802596928649634e-45', '1.3775324423698682e-38', '17208', '8457', '16721', '-1.6047303883528737e-22', '0.0', '0.0', '0', '0', '0', '0', '0', '0', '\x00\x00\x00\x00\x00 \x00\x00\x00\x00', '\n\x00\x00\x00\x00\x00\x00\x00\x00\x00', '0', '0', '2021-03-02 10:12:18')
2021-03-02  10:12:18 Tue root INFO 成功添加数据
2021-03-02  10:12:18 Tue root INFO mes_plc_r5
2021-03-02  10:12:19 Tue root INFO 读取插入数据库数据：{'product_type': '\n\x00\x00\x00\x00\x00\x00\x00\x00\x00', 'r1_equipment_status': '2560', 'fail_code': '0', 'recerve': '0', 'prod_num': 0, 'r1_rob_no': '0', 'r1_weld_line_no': '0', 'r1_electric': '1.8870057723865944e-24', 'r1_voltage': '0.0', 'r1_speed': '0.0', 'r1_job': '17204', 'r2_rob_no': '-7320', 'r2_weld_line_no': '16726', 'r2_electric': '-2.87545844912529e-08', 'r2_voltage': '0.0', 'r2_speed': '0.0', 'r2_job': '17204', 'replace_status': '27875', 'part_status': '16726', 'r1_protective_gas': '304', 'r1_welding_wire': '0', 'r2_protective_gas': '0', 'r2_welding_wire': '0', 'login_id': '\x00\x00\x00\x00\x00\x00\x00\x00\x00\x00', 'login_password': '\n\x00\x00\x00\x00\x00\x00\x00\x00\x00'}
2021-03-02  10:12:19 Tue root INFO ('\n\x00\x00\x00\x00\x00\x00\x00\x00\x00', '2560', '0', 0, '0', '0', '1.8870057723865944e-24', '0.0', '0.0', '17204', '-7320', '16726', '-2.87545844912529e-08', '0.0', '0.0', '17204', '27875', '304', '0', '0', '0', '\x00\x00\x00\x00\x00\x00\x00\x00\x00\x00', '\n\x00\x00\x00\x00\x00\x00\x00\x00\x00', '16726', '0', '2021-03-02 10:12:19')
2021-03-02  10:12:19 Tue root INFO 成功添加数据
2021-03-02  10:12:19 Tue root INFO mes_plc_r6
2021-03-02  10:12:19 Tue root INFO 读取插入数据库数据：{'product_type': '\n\x00\x00\x00\x00\x00\x00\x00\x00\x00', 'r1_equipment_status': '0', 'fail_code': '0', 'recerve': '10', 'prod_num': 19, 'r1_rob_no': '0', 'r1_weld_line_no': '0', 'r1_electric': '48.234954833984375', 'r1_voltage': '13.187210083007812', 'r1_speed': '0.0', 'r1_job': '0', 'r2_rob_no': '0', 'r2_weld_line_no': '0', 'r2_electric': '48.47728729248047', 'r2_voltage': '13.151041984558105', 'r2_speed': '0.0', 'r2_job': '0', 'replace_status': '0', 'part_status': '0', 'r1_protective_gas': '0', 'r1_welding_wire': '0', 'r2_protective_gas': '0', 'r2_welding_wire': '0', 'login_id': '\n\x00\x00\x00\x00\x00\x00\x00\x00\x00', 'login_password': '\n\x00\x00\x00\x00\x00\x00\x00\x00\x00'}
2021-03-02  10:12:19 Tue root INFO ('\n\x00\x00\x00\x00\x00\x00\x00\x00\x00', '0', '0', 19, '0', '0', '48.234954833984375', '13.187210083007812', '0.0', '0', '0', '0', '48.47728729248047', '13.151041984558105', '0.0', '0', '0', '0', '0', '0', '0', '\n\x00\x00\x00\x00\x00\x00\x00\x00\x00', '\n\x00\x00\x00\x00\x00\x00\x00\x00\x00', '0', '10', '2021-03-02 10:12:19')
2021-03-02  10:12:19 Tue root INFO 成功添加数据
2021-03-02  10:13:19 Tue root INFO plc连接状态:[1, 1, 1, 1, 1, 1]
2021-03-02  10:13:19 Tue root INFO mes_plc
2021-03-02  10:13:19 Tue root INFO 读取插入数据库数据：{'product_type': '\n\x07250 YDG\x00', 'r1_equipment_status': '2567', 'fail_code': '12853', 'recerve': '12320', 'prod_num': 23108, 'r1_rob_no': '18176', 'r1_weld_line_no': '0', 'r1_electric': '1.0654138796264848e-21', 'r1_voltage': '5.605193857299268e-44', 'r1_speed': '3.6734198463196485e-40', 'r1_job': '17206', 'r2_rob_no': '21959', 'r2_weld_line_no': '16724', 'r2_electric': '-3.439026841078885e-12', 'r2_voltage': '0.0', 'r2_speed': '9.550891600431086e-39', 'r2_job': '0', 'replace_status': '0', 'part_status': '0', 'r1_protective_gas': '0', 'r1_welding_wire': '0', 'r2_protective_gas': '0', 'r2_welding_wire': '0', 'login_password': '\n\x00\x00\x00\x00\x00\x00\x00\x00\x00'}
2021-03-02  10:13:19 Tue root ERROR 读取插入数据库失败错误: 'login_id'
2021-03-02  10:13:19 Tue root INFO mes_plc_r2
2021-03-02  10:13:20 Tue root INFO 读取插入数据库数据：{'product_type': '\n\x07250 TJ2\x00', 'r1_equipment_status': '0', 'fail_code': '0', 'recerve': '0', 'prod_num': 422, 'r1_rob_no': '104', 'r1_weld_line_no': '0', 'r1_electric': '0.0', 'r1_voltage': '0.0', 'r1_speed': '0.0', 'r1_job': '0', 'r2_rob_no': '0', 'r2_weld_line_no': '0', 'r2_electric': '0.0', 'r2_voltage': '0.0', 'r2_speed': '0.0', 'r2_job': '0', 'replace_status': '0', 'part_status': '0', 'r1_protective_gas': '0', 'r1_welding_wire': '0', 'r2_protective_gas': '0', 'r2_welding_wire': '0', 'login_id': '\n\x00\x00\x00\x00\x00\x00\x00\x00\x00', 'login_password': '\n\x00\x00\x00\x00\x00\x00\x00\x00\x00'}
2021-03-02  10:13:20 Tue root INFO ('\n\x07250 TJ2\x00', '0', '0', 422, '104', '0', '0.0', '0.0', '0.0', '0', '0', '0', '0.0', '0.0', '0.0', '0', '0', '0', '0', '0', '0', '\n\x00\x00\x00\x00\x00\x00\x00\x00\x00', '\n\x00\x00\x00\x00\x00\x00\x00\x00\x00', '0', '0', '2021-03-02 10:13:20')
2021-03-02  10:13:20 Tue root INFO 成功添加数据
2021-03-02  10:13:20 Tue root INFO mes_plc_r3
2021-03-02  10:13:20 Tue root INFO 读取插入数据库数据：{'product_type': '\n\x07250 TJ3\x00', 'r1_equipment_status': '0', 'fail_code': '0', 'recerve': '0', 'prod_num': 424, 'r1_rob_no': '4', 'r1_weld_line_no': '0', 'r1_electric': '184.36053466796875', 'r1_voltage': '13.823784828186035', 'r1_speed': '0.0', 'r1_job': '0', 'r2_rob_no': '0', 'r2_weld_line_no': '0', 'r2_electric': '0.0', 'r2_voltage': '0.0', 'r2_speed': '0.0', 'r2_job': '0', 'replace_status': '0', 'part_status': '0', 'r1_protective_gas': '0', 'r1_welding_wire': '0', 'r2_protective_gas': '0', 'r2_welding_wire': '0', 'login_id': '\n\x00\x00\x00\x00\x00\x00\x00\x00\x00', 'login_password': '\n\x00\x00\x00\x00\x00\x00\x00\x00\x00'}
2021-03-02  10:13:20 Tue root INFO ('\n\x07250 TJ3\x00', '0', '0', 424, '4', '0', '184.36053466796875', '13.823784828186035', '0.0', '0', '0', '0', '0.0', '0.0', '0.0', '0', '0', '0', '0', '0', '0', '\n\x00\x00\x00\x00\x00\x00\x00\x00\x00', '\n\x00\x00\x00\x00\x00\x00\x00\x00\x00', '0', '0', '2021-03-02 10:13:20')
2021-03-02  10:13:20 Tue root INFO 成功添加数据
2021-03-02  10:13:20 Tue root INFO mes_plc_r4
2021-03-02  10:13:20 Tue root INFO 读取插入数据库数据：{'product_type': '\n\x02AA\x00\x00\x00\x00\x00\x00', 'r1_equipment_status': '2562', 'fail_code': '16962', 'recerve': '0', 'prod_num': 0, 'r1_rob_no': '0', 'r1_weld_line_no': '0', 'r1_electric': '9.727692471237622e-22', 'r1_voltage': '2.802596928649634e-45', 'r1_speed': '1.3775324423698682e-38', 'r1_job': '17208', 'r2_rob_no': '8457', 'r2_weld_line_no': '16721', 'r2_electric': '-1.2967404927621828e-13', 'r2_voltage': '0.0', 'r2_speed': '0.0', 'r2_job': '0', 'replace_status': '0', 'part_status': '0', 'r1_protective_gas': '0', 'r1_welding_wire': '0', 'r2_protective_gas': '0', 'r2_welding_wire': '0', 'login_id': '\x00\x00\x00\x00\x00 \x00\x00\x00\x00', 'login_password': '\n\x00\x00\x00\x00\x00\x00\x00\x00\x00'}
2021-03-02  10:13:20 Tue root INFO ('\n\x02AA\x00\x00\x00\x00\x00\x00', '2562', '16962', 0, '0', '0', '9.727692471237622e-22', '2.802596928649634e-45', '1.3775324423698682e-38', '17208', '8457', '16721', '-1.2967404927621828e-13', '0.0', '0.0', '0', '0', '0', '0', '0', '0', '\x00\x00\x00\x00\x00 \x00\x00\x00\x00', '\n\x00\x00\x00\x00\x00\x00\x00\x00\x00', '0', '0', '2021-03-02 10:13:20')
2021-03-02  10:13:20 Tue root INFO 成功添加数据
2021-03-02  10:13:20 Tue root INFO mes_plc_r5
2021-03-02  10:13:20 Tue root INFO 读取插入数据库数据：{'product_type': '\n\x00\x00\x00\x00\x00\x00\x00\x00\x00', 'r1_equipment_status': '2560', 'fail_code': '0', 'recerve': '0', 'prod_num': 0, 'r1_rob_no': '0', 'r1_weld_line_no': '0', 'r1_electric': '1.8870057723865944e-24', 'r1_voltage': '0.0', 'r1_speed': '0.0', 'r1_job': '17204', 'r2_rob_no': '-8268', 'r2_weld_line_no': '16726', 'r2_electric': '-5.002903957099656e-35', 'r2_voltage': '0.0', 'r2_speed': '0.0', 'r2_job': '17204', 'replace_status': '27875', 'part_status': '16725', 'r1_protective_gas': '-3490', 'r1_welding_wire': '0', 'r2_protective_gas': '0', 'r2_welding_wire': '0', 'login_id': '\x00\x00\x00\x00\x00\x00\x00\x00\x00\x00', 'login_password': '\n\x00\x00\x00\x00\x00\x00\x00\x00\x00'}
2021-03-02  10:13:20 Tue root INFO ('\n\x00\x00\x00\x00\x00\x00\x00\x00\x00', '2560', '0', 0, '0', '0', '1.8870057723865944e-24', '0.0', '0.0', '17204', '-8268', '16726', '-5.002903957099656e-35', '0.0', '0.0', '17204', '27875', '-3490', '0', '0', '0', '\x00\x00\x00\x00\x00\x00\x00\x00\x00\x00', '\n\x00\x00\x00\x00\x00\x00\x00\x00\x00', '16725', '0', '2021-03-02 10:13:20')
2021-03-02  10:13:20 Tue root INFO 成功添加数据
2021-03-02  10:13:20 Tue root INFO mes_plc_r6
2021-03-02  10:13:21 Tue root INFO 读取插入数据库数据：{'product_type': '\n\x00\x00\x00\x00\x00\x00\x00\x00\x00', 'r1_equipment_status': '0', 'fail_code': '0', 'recerve': '10', 'prod_num': 19, 'r1_rob_no': '0', 'r1_weld_line_no': '0', 'r1_electric': '47.71050262451172', 'r1_voltage': '13.19444465637207', 'r1_speed': '0.0', 'r1_job': '0', 'r2_rob_no': '0', 'r2_weld_line_no': '0', 'r2_electric': '47.981773376464844', 'r2_voltage': '13.169126510620117', 'r2_speed': '0.0', 'r2_job': '0', 'replace_status': '0', 'part_status': '0', 'r1_protective_gas': '0', 'r1_welding_wire': '0', 'r2_protective_gas': '0', 'r2_welding_wire': '0', 'login_id': '\n\x00\x00\x00\x00\x00\x00\x00\x00\x00', 'login_password': '\n\x00\x00\x00\x00\x00\x00\x00\x00\x00'}
2021-03-02  10:13:21 Tue root INFO ('\n\x00\x00\x00\x00\x00\x00\x00\x00\x00', '0', '0', 19, '0', '0', '47.71050262451172', '13.19444465637207', '0.0', '0', '0', '0', '47.981773376464844', '13.169126510620117', '0.0', '0', '0', '0', '0', '0', '0', '\n\x00\x00\x00\x00\x00\x00\x00\x00\x00', '\n\x00\x00\x00\x00\x00\x00\x00\x00\x00', '0', '10', '2021-03-02 10:13:21')
2021-03-02  10:13:21 Tue root INFO 成功添加数据
2021-03-02  10:14:21 Tue root INFO plc连接状态:[1, 1, 1, 1, 1, 1]
2021-03-02  10:14:21 Tue root INFO mes_plc
2021-03-02  10:14:21 Tue root INFO 读取插入数据库数据：{'product_type': '\n\x07250 YDG\x00', 'r1_equipment_status': '2567', 'fail_code': '12853', 'recerve': '12320', 'prod_num': 23108, 'r1_rob_no': '18176', 'r1_weld_line_no': '0', 'r1_electric': '8.040221807306355e-22', 'r1_voltage': '5.605193857299268e-44', 'r1_speed': '3.6734198463196485e-40', 'r1_job': '17206', 'r2_rob_no': '23855', 'r2_weld_line_no': '16717', 'r2_electric': '3.584583953324278e-27', 'r2_voltage': '0.0', 'r2_speed': '9.550891600431086e-39', 'r2_job': '0', 'replace_status': '0', 'part_status': '0', 'r1_protective_gas': '0', 'r1_welding_wire': '0', 'r2_protective_gas': '0', 'r2_welding_wire': '0', 'login_password': '\n\x00\x00\x00\x00\x00\x00\x00\x00\x00'}
2021-03-02  10:14:21 Tue root ERROR 读取插入数据库失败错误: 'login_id'
2021-03-02  10:14:21 Tue root INFO mes_plc_r2
2021-03-02  10:14:21 Tue root INFO 读取插入数据库数据：{'product_type': '\n\x07250 TJ1\x00', 'r1_equipment_status': '0', 'fail_code': '0', 'recerve': '0', 'prod_num': 423, 'r1_rob_no': '4', 'r1_weld_line_no': '0', 'r1_electric': '0.0', 'r1_voltage': '0.0', 'r1_speed': '0.0', 'r1_job': '0', 'r2_rob_no': '0', 'r2_weld_line_no': '0', 'r2_electric': '0.0', 'r2_voltage': '0.0', 'r2_speed': '0.0', 'r2_job': '0', 'replace_status': '0', 'part_status': '0', 'r1_protective_gas': '0', 'r1_welding_wire': '0', 'r2_protective_gas': '0', 'r2_welding_wire': '0', 'login_id': '\n\x00\x00\x00\x00\x00\x00\x00\x00\x00', 'login_password': '\n\x00\x00\x00\x00\x00\x00\x00\x00\x00'}
2021-03-02  10:14:21 Tue root INFO ('\n\x07250 TJ1\x00', '0', '0', 423, '4', '0', '0.0', '0.0', '0.0', '0', '0', '0', '0.0', '0.0', '0.0', '0', '0', '0', '0', '0', '0', '\n\x00\x00\x00\x00\x00\x00\x00\x00\x00', '\n\x00\x00\x00\x00\x00\x00\x00\x00\x00', '0', '0', '2021-03-02 10:14:21')
2021-03-02  10:14:21 Tue root INFO 成功添加数据
2021-03-02  10:14:21 Tue root INFO mes_plc_r3
2021-03-02  10:14:22 Tue root INFO 读取插入数据库数据：{'product_type': '\n\x07250 TJ3\x00', 'r1_equipment_status': '0', 'fail_code': '0', 'recerve': '0', 'prod_num': 424, 'r1_rob_no': '4', 'r1_weld_line_no': '0', 'r1_electric': '184.38946533203125', 'r1_voltage': '13.838252067565918', 'r1_speed': '0.0', 'r1_job': '0', 'r2_rob_no': '0', 'r2_weld_line_no': '0', 'r2_electric': '0.0', 'r2_voltage': '0.0', 'r2_speed': '0.0', 'r2_job': '0', 'replace_status': '0', 'part_status': '0', 'r1_protective_gas': '0', 'r1_welding_wire': '0', 'r2_protective_gas': '0', 'r2_welding_wire': '0', 'login_id': '\n\x00\x00\x00\x00\x00\x00\x00\x00\x00', 'login_password': '\n\x00\x00\x00\x00\x00\x00\x00\x00\x00'}
2021-03-02  10:14:22 Tue root INFO ('\n\x07250 TJ3\x00', '0', '0', 424, '4', '0', '184.38946533203125', '13.838252067565918', '0.0', '0', '0', '0', '0.0', '0.0', '0.0', '0', '0', '0', '0', '0', '0', '\n\x00\x00\x00\x00\x00\x00\x00\x00\x00', '\n\x00\x00\x00\x00\x00\x00\x00\x00\x00', '0', '0', '2021-03-02 10:14:22')
2021-03-02  10:14:22 Tue root INFO 成功添加数据
2021-03-02  10:14:22 Tue root INFO mes_plc_r4
2021-03-02  10:14:22 Tue root INFO 读取插入数据库数据：{'product_type': '\n\x02AA\x00\x00\x00\x00\x00\x00', 'r1_equipment_status': '2562', 'fail_code': '16962', 'recerve': '0', 'prod_num': 0, 'r1_rob_no': '0', 'r1_weld_line_no': '0', 'r1_electric': '9.727692471237622e-22', 'r1_voltage': '2.802596928649634e-45', 'r1_speed': '1.3775324423698682e-38', 'r1_job': '17208', 'r2_rob_no': '7510', 'r2_weld_line_no': '16721', 'r2_electric': '-73117523247104.0', 'r2_voltage': '0.0', 'r2_speed': '0.0', 'r2_job': '0', 'replace_status': '0', 'part_status': '0', 'r1_protective_gas': '0', 'r1_welding_wire': '0', 'r2_protective_gas': '0', 'r2_welding_wire': '0', 'login_id': '\x00\x00\x00\x00\x00 \x00\x00\x00\x00', 'login_password': '\n\x00\x00\x00\x00\x00\x00\x00\x00\x00'}
2021-03-02  10:14:22 Tue root INFO ('\n\x02AA\x00\x00\x00\x00\x00\x00', '2562', '16962', 0, '0', '0', '9.727692471237622e-22', '2.802596928649634e-45', '1.3775324423698682e-38', '17208', '7510', '16721', '-73117523247104.0', '0.0', '0.0', '0', '0', '0', '0', '0', '0', '\x00\x00\x00\x00\x00 \x00\x00\x00\x00', '\n\x00\x00\x00\x00\x00\x00\x00\x00\x00', '0', '0', '2021-03-02 10:14:22')
2021-03-02  10:14:22 Tue root INFO 成功添加数据
2021-03-02  10:14:22 Tue root INFO mes_plc_r5
2021-03-02  10:14:22 Tue root INFO 读取插入数据库数据：{'product_type': '\n\x00\x00\x00\x00\x00\x00\x00\x00\x00', 'r1_equipment_status': '2560', 'fail_code': '0', 'recerve': '0', 'prod_num': 0, 'r1_rob_no': '0', 'r1_weld_line_no': '0', 'r1_electric': '1.8870057723865944e-24', 'r1_voltage': '0.0', 'r1_speed': '0.0', 'r1_job': '17204', 'r2_rob_no': '-7320', 'r2_weld_line_no': '16726', 'r2_electric': '-4.301500743989133e-26', 'r2_voltage': '0.0', 'r2_speed': '0.0', 'r2_job': '17204', 'replace_status': '24083', 'part_status': '16726', 'r1_protective_gas': '-3490', 'r1_welding_wire': '0', 'r2_protective_gas': '0', 'r2_welding_wire': '0', 'login_id': '\x00\x00\x00\x00\x00\x00\x00\x00\x00\x00', 'login_password': '\n\x00\x00\x00\x00\x00\x00\x00\x00\x00'}
2021-03-02  10:14:22 Tue root INFO ('\n\x00\x00\x00\x00\x00\x00\x00\x00\x00', '2560', '0', 0, '0', '0', '1.8870057723865944e-24', '0.0', '0.0', '17204', '-7320', '16726', '-4.301500743989133e-26', '0.0', '0.0', '17204', '24083', '-3490', '0', '0', '0', '\x00\x00\x00\x00\x00\x00\x00\x00\x00\x00', '\n\x00\x00\x00\x00\x00\x00\x00\x00\x00', '16726', '0', '2021-03-02 10:14:22')
2021-03-02  10:14:22 Tue root INFO 成功添加数据
2021-03-02  10:14:22 Tue root INFO mes_plc_r6
2021-03-02  10:14:23 Tue root INFO 读取插入数据库数据：{'product_type': '\n\x00\x00\x00\x00\x00\x00\x00\x00\x00', 'r1_equipment_status': '0', 'fail_code': '0', 'recerve': '10', 'prod_num': 19, 'r1_rob_no': '0', 'r1_weld_line_no': '0', 'r1_electric': '47.3741340637207', 'r1_voltage': '13.208911895751953', 'r1_speed': '0.0', 'r1_job': '0', 'r2_rob_no': '0', 'r2_weld_line_no': '0', 'r2_electric': '47.65263366699219', 'r2_voltage': '13.17274284362793', 'r2_speed': '0.0', 'r2_job': '0', 'replace_status': '0', 'part_status': '0', 'r1_protective_gas': '0', 'r1_welding_wire': '0', 'r2_protective_gas': '0', 'r2_welding_wire': '0', 'login_id': '\n\x00\x00\x00\x00\x00\x00\x00\x00\x00', 'login_password': '\n\x00\x00\x00\x00\x00\x00\x00\x00\x00'}
2021-03-02  10:14:23 Tue root INFO ('\n\x00\x00\x00\x00\x00\x00\x00\x00\x00', '0', '0', 19, '0', '0', '47.3741340637207', '13.208911895751953', '0.0', '0', '0', '0', '47.65263366699219', '13.17274284362793', '0.0', '0', '0', '0', '0', '0', '0', '\n\x00\x00\x00\x00\x00\x00\x00\x00\x00', '\n\x00\x00\x00\x00\x00\x00\x00\x00\x00', '0', '10', '2021-03-02 10:14:23')
2021-03-02  10:14:23 Tue root INFO 成功添加数据
2021-03-02  10:15:23 Tue root INFO plc连接状态:[1, 1, 1, 1, 1, 1]
2021-03-02  10:15:23 Tue root INFO mes_plc
2021-03-02  10:15:23 Tue root INFO 读取插入数据库数据：{'product_type': '\n\x07250 YDG\x00', 'r1_equipment_status': '2567', 'fail_code': '12853', 'recerve': '12320', 'prod_num': 23108, 'r1_rob_no': '18176', 'r1_weld_line_no': '0', 'r1_electric': '1.0654138796264848e-21', 'r1_voltage': '5.605193857299268e-44', 'r1_speed': '3.6734198463196485e-40', 'r1_job': '17206', 'r2_rob_no': '21011', 'r2_weld_line_no': '16724', 'r2_electric': '-2005509209063424.0', 'r2_voltage': '0.0', 'r2_speed': '9.550891600431086e-39', 'r2_job': '0', 'replace_status': '0', 'part_status': '0', 'r1_protective_gas': '0', 'r1_welding_wire': '0', 'r2_protective_gas': '0', 'r2_welding_wire': '0', 'login_password': '\n\x00\x00\x00\x00\x00\x00\x00\x00\x00'}
2021-03-02  10:15:23 Tue root ERROR 读取插入数据库失败错误: 'login_id'
2021-03-02  10:15:23 Tue root INFO mes_plc_r2
2021-03-02  10:15:23 Tue root INFO 读取插入数据库数据：{'product_type': '\n\x07250 TJ1\x00', 'r1_equipment_status': '0', 'fail_code': '0', 'recerve': '0', 'prod_num': 423, 'r1_rob_no': '4', 'r1_weld_line_no': '0', 'r1_electric': '0.0', 'r1_voltage': '0.0', 'r1_speed': '0.0', 'r1_job': '0', 'r2_rob_no': '0', 'r2_weld_line_no': '0', 'r2_electric': '0.0', 'r2_voltage': '0.0', 'r2_speed': '0.0', 'r2_job': '0', 'replace_status': '0', 'part_status': '0', 'r1_protective_gas': '0', 'r1_welding_wire': '0', 'r2_protective_gas': '0', 'r2_welding_wire': '0', 'login_id': '\n\x00\x00\x00\x00\x00\x00\x00\x00\x00', 'login_password': '\n\x00\x00\x00\x00\x00\x00\x00\x00\x00'}
2021-03-02  10:15:23 Tue root INFO ('\n\x07250 TJ1\x00', '0', '0', 423, '4', '0', '0.0', '0.0', '0.0', '0', '0', '0', '0.0', '0.0', '0.0', '0', '0', '0', '0', '0', '0', '\n\x00\x00\x00\x00\x00\x00\x00\x00\x00', '\n\x00\x00\x00\x00\x00\x00\x00\x00\x00', '0', '0', '2021-03-02 10:15:23')
2021-03-02  10:15:23 Tue root INFO 成功添加数据
2021-03-02  10:15:23 Tue root INFO mes_plc_r3
2021-03-02  10:15:24 Tue root INFO 读取插入数据库数据：{'product_type': '\n\x07250 TJ4\x00', 'r1_equipment_status': '0', 'fail_code': '0', 'recerve': '0', 'prod_num': 425, 'r1_rob_no': '104', 'r1_weld_line_no': '0', 'r1_electric': '184.4184112548828', 'r1_voltage': '13.852720260620117', 'r1_speed': '0.0', 'r1_job': '0', 'r2_rob_no': '0', 'r2_weld_line_no': '0', 'r2_electric': '0.0', 'r2_voltage': '0.0', 'r2_speed': '0.0', 'r2_job': '0', 'replace_status': '0', 'part_status': '0', 'r1_protective_gas': '0', 'r1_welding_wire': '0', 'r2_protective_gas': '0', 'r2_welding_wire': '0', 'login_id': '\n\x00\x00\x00\x00\x00\x00\x00\x00\x00', 'login_password': '\n\x00\x00\x00\x00\x00\x00\x00\x00\x00'}
2021-03-02  10:15:24 Tue root INFO ('\n\x07250 TJ4\x00', '0', '0', 425, '104', '0', '184.4184112548828', '13.852720260620117', '0.0', '0', '0', '0', '0.0', '0.0', '0.0', '0', '0', '0', '0', '0', '0', '\n\x00\x00\x00\x00\x00\x00\x00\x00\x00', '\n\x00\x00\x00\x00\x00\x00\x00\x00\x00', '0', '0', '2021-03-02 10:15:24')
2021-03-02  10:15:24 Tue root INFO 成功添加数据
2021-03-02  10:15:24 Tue root INFO mes_plc_r4
2021-03-02  10:15:24 Tue root INFO 读取插入数据库数据：{'product_type': '\n\x02AA\x00\x00\x00\x00\x00\x00', 'r1_equipment_status': '2562', 'fail_code': '16962', 'recerve': '0', 'prod_num': 0, 'r1_rob_no': '0', 'r1_weld_line_no': '0', 'r1_electric': '9.727692471237622e-22', 'r1_voltage': '2.802596928649634e-45', 'r1_speed': '1.3775324423698682e-38', 'r1_job': '17208', 'r2_rob_no': '7510', 'r2_weld_line_no': '16721', 'r2_electric': '-92160.0', 'r2_voltage': '0.0', 'r2_speed': '0.0', 'r2_job': '0', 'replace_status': '0', 'part_status': '0', 'r1_protective_gas': '0', 'r1_welding_wire': '0', 'r2_protective_gas': '0', 'r2_welding_wire': '0', 'login_id': '\x00\x00\x00\x00\x00 \x00\x00\x00\x00', 'login_password': '\n\x00\x00\x00\x00\x00\x00\x00\x00\x00'}
2021-03-02  10:15:24 Tue root INFO ('\n\x02AA\x00\x00\x00\x00\x00\x00', '2562', '16962', 0, '0', '0', '9.727692471237622e-22', '2.802596928649634e-45', '1.3775324423698682e-38', '17208', '7510', '16721', '-92160.0', '0.0', '0.0', '0', '0', '0', '0', '0', '0', '\x00\x00\x00\x00\x00 \x00\x00\x00\x00', '\n\x00\x00\x00\x00\x00\x00\x00\x00\x00', '0', '0', '2021-03-02 10:15:24')
2021-03-02  10:15:24 Tue root INFO 成功添加数据
2021-03-02  10:15:24 Tue root INFO mes_plc_r5
2021-03-02  10:15:24 Tue root INFO 读取插入数据库数据：{'product_type': '\n\x00\x00\x00\x00\x00\x00\x00\x00\x00', 'r1_equipment_status': '2560', 'fail_code': '0', 'recerve': '0', 'prod_num': 0, 'r1_rob_no': '0', 'r1_weld_line_no': '0', 'r1_electric': '1.8870057723865944e-24', 'r1_voltage': '0.0', 'r1_speed': '0.0', 'r1_job': '17204', 'r2_rob_no': '-8268', 'r2_weld_line_no': '16726', 'r2_electric': '-5.002903957099656e-35', 'r2_voltage': '0.0', 'r2_speed': '0.0', 'r2_job': '17204', 'replace_status': '24083', 'part_status': '16725', 'r1_protective_gas': '-3490', 'r1_welding_wire': '0', 'r2_protective_gas': '0', 'r2_welding_wire': '0', 'login_id': '\x00\x00\x00\x00\x00\x00\x00\x00\x00\x00', 'login_password': '\n\x00\x00\x00\x00\x00\x00\x00\x00\x00'}
2021-03-02  10:15:24 Tue root INFO ('\n\x00\x00\x00\x00\x00\x00\x00\x00\x00', '2560', '0', 0, '0', '0', '1.8870057723865944e-24', '0.0', '0.0', '17204', '-8268', '16726', '-5.002903957099656e-35', '0.0', '0.0', '17204', '24083', '-3490', '0', '0', '0', '\x00\x00\x00\x00\x00\x00\x00\x00\x00\x00', '\n\x00\x00\x00\x00\x00\x00\x00\x00\x00', '16725', '0', '2021-03-02 10:15:24')
2021-03-02  10:15:24 Tue root INFO 成功添加数据
2021-03-02  10:15:24 Tue root INFO mes_plc_r6
2021-03-02  10:15:25 Tue root INFO 读取插入数据库数据：{'product_type': '\n\x00\x00\x00\x00\x00\x00\x00\x00\x00', 'r1_equipment_status': '0', 'fail_code': '0', 'recerve': '10', 'prod_num': 19, 'r1_rob_no': '0', 'r1_weld_line_no': '0', 'r1_electric': '47.13180160522461', 'r1_voltage': '13.230612754821777', 'r1_speed': '0.0', 'r1_job': '0', 'r2_rob_no': '0', 'r2_weld_line_no': '0', 'r2_electric': '47.41753387451172', 'r2_voltage': '13.190828323364258', 'r2_speed': '0.0', 'r2_job': '0', 'replace_status': '0', 'part_status': '0', 'r1_protective_gas': '0', 'r1_welding_wire': '0', 'r2_protective_gas': '0', 'r2_welding_wire': '0', 'login_id': '\n\x00\x00\x00\x00\x00\x00\x00\x00\x00', 'login_password': '\n\x00\x00\x00\x00\x00\x00\x00\x00\x00'}
2021-03-02  10:15:25 Tue root INFO ('\n\x00\x00\x00\x00\x00\x00\x00\x00\x00', '0', '0', 19, '0', '0', '47.13180160522461', '13.230612754821777', '0.0', '0', '0', '0', '47.41753387451172', '13.190828323364258', '0.0', '0', '0', '0', '0', '0', '0', '\n\x00\x00\x00\x00\x00\x00\x00\x00\x00', '\n\x00\x00\x00\x00\x00\x00\x00\x00\x00', '0', '10', '2021-03-02 10:15:25')
2021-03-02  10:15:25 Tue root INFO 成功添加数据
2021-03-02  10:16:25 Tue root INFO plc连接状态:[1, 1, 1, 1, 1, 1]
2021-03-02  10:16:25 Tue root INFO mes_plc
2021-03-02  10:16:25 Tue root INFO 读取插入数据库数据：{'product_type': '\n\x07250 YDG\x00', 'r1_equipment_status': '2567', 'fail_code': '12853', 'recerve': '12320', 'prod_num': 23108, 'r1_rob_no': '18176', 'r1_weld_line_no': '0', 'r1_electric': '6.65883674766553e-23', 'r1_voltage': '5.74532370373175e-44', 'r1_speed': '3.6734198463196485e-40', 'r1_job': '17206', 'r2_rob_no': '21959', 'r2_weld_line_no': '17133', 'r2_electric': '8.837375276016246e-14', 'r2_voltage': '0.0', 'r2_speed': '9.550891600431086e-39', 'r2_job': '0', 'replace_status': '0', 'part_status': '0', 'r1_protective_gas': '0', 'r1_welding_wire': '0', 'r2_protective_gas': '0', 'r2_welding_wire': '0', 'login_password': '\n\x00\x00\x00\x00\x00\x00\x00\x00\x00'}
2021-03-02  10:16:25 Tue root ERROR 读取插入数据库失败错误: 'login_id'
2021-03-02  10:16:25 Tue root INFO mes_plc_r2
2021-03-02  10:16:25 Tue root INFO 读取插入数据库数据：{'product_type': '\n\x07250 TJ1\x00', 'r1_equipment_status': '0', 'fail_code': '0', 'recerve': '0', 'prod_num': 423, 'r1_rob_no': '4', 'r1_weld_line_no': '0', 'r1_electric': '0.0', 'r1_voltage': '0.0', 'r1_speed': '0.0', 'r1_job': '0', 'r2_rob_no': '0', 'r2_weld_line_no': '0', 'r2_electric': '0.0', 'r2_voltage': '0.0', 'r2_speed': '0.0', 'r2_job': '0', 'replace_status': '0', 'part_status': '0', 'r1_protective_gas': '0', 'r1_welding_wire': '0', 'r2_protective_gas': '0', 'r2_welding_wire': '0', 'login_id': '\n\x00\x00\x00\x00\x00\x00\x00\x00\x00', 'login_password': '\n\x00\x00\x00\x00\x00\x00\x00\x00\x00'}
2021-03-02  10:16:25 Tue root INFO ('\n\x07250 TJ1\x00', '0', '0', 423, '4', '0', '0.0', '0.0', '0.0', '0', '0', '0', '0.0', '0.0', '0.0', '0', '0', '0', '0', '0', '0', '\n\x00\x00\x00\x00\x00\x00\x00\x00\x00', '\n\x00\x00\x00\x00\x00\x00\x00\x00\x00', '0', '0', '2021-03-02 10:16:25')
2021-03-02  10:16:25 Tue root INFO 成功添加数据
2021-03-02  10:16:25 Tue root INFO mes_plc_r3
2021-03-02  10:16:25 Tue root INFO 读取插入数据库数据：{'product_type': '\n\x07250 TJ4\x00', 'r1_equipment_status': '0', 'fail_code': '0', 'recerve': '0', 'prod_num': 425, 'r1_rob_no': '104', 'r1_weld_line_no': '0', 'r1_electric': '184.3315887451172', 'r1_voltage': '13.859952926635742', 'r1_speed': '0.0', 'r1_job': '0', 'r2_rob_no': '0', 'r2_weld_line_no': '0', 'r2_electric': '0.0', 'r2_voltage': '0.0', 'r2_speed': '0.0', 'r2_job': '0', 'replace_status': '0', 'part_status': '0', 'r1_protective_gas': '0', 'r1_welding_wire': '0', 'r2_protective_gas': '0', 'r2_welding_wire': '0', 'login_id': '\n\x00\x00\x00\x00\x00\x00\x00\x00\x00', 'login_password': '\n\x00\x00\x00\x00\x00\x00\x00\x00\x00'}
2021-03-02  10:16:25 Tue root INFO ('\n\x07250 TJ4\x00', '0', '0', 425, '104', '0', '184.3315887451172', '13.859952926635742', '0.0', '0', '0', '0', '0.0', '0.0', '0.0', '0', '0', '0', '0', '0', '0', '\n\x00\x00\x00\x00\x00\x00\x00\x00\x00', '\n\x00\x00\x00\x00\x00\x00\x00\x00\x00', '0', '0', '2021-03-02 10:16:25')
2021-03-02  10:16:26 Tue root INFO 成功添加数据
2021-03-02  10:16:26 Tue root INFO mes_plc_r4
2021-03-02  10:16:26 Tue root INFO 读取插入数据库数据：{'product_type': '\n\x02AA\x00\x00\x00\x00\x00\x00', 'r1_equipment_status': '2562', 'fail_code': '16962', 'recerve': '0', 'prod_num': 0, 'r1_rob_no': '0', 'r1_weld_line_no': '0', 'r1_electric': '9.727692471237622e-22', 'r1_voltage': '2.802596928649634e-45', 'r1_speed': '1.3775324423698682e-38', 'r1_job': '17208', 'r2_rob_no': '8457', 'r2_weld_line_no': '16721', 'r2_electric': '-1.6047303883528737e-22', 'r2_voltage': '0.0', 'r2_speed': '0.0', 'r2_job': '0', 'replace_status': '0', 'part_status': '0', 'r1_protective_gas': '0', 'r1_welding_wire': '0', 'r2_protective_gas': '0', 'r2_welding_wire': '0', 'login_id': '\x00\x00\x00\x00\x00 \x00\x00\x00\x00', 'login_password': '\n\x00\x00\x00\x00\x00\x00\x00\x00\x00'}
2021-03-02  10:16:26 Tue root INFO ('\n\x02AA\x00\x00\x00\x00\x00\x00', '2562', '16962', 0, '0', '0', '9.727692471237622e-22', '2.802596928649634e-45', '1.3775324423698682e-38', '17208', '8457', '16721', '-1.6047303883528737e-22', '0.0', '0.0', '0', '0', '0', '0', '0', '0', '\x00\x00\x00\x00\x00 \x00\x00\x00\x00', '\n\x00\x00\x00\x00\x00\x00\x00\x00\x00', '0', '0', '2021-03-02 10:16:26')
2021-03-02  10:16:26 Tue root INFO 成功添加数据
2021-03-02  10:16:26 Tue root INFO mes_plc_r5
2021-03-02  10:16:26 Tue root INFO 读取插入数据库数据：{'product_type': '\n\x00\x00\x00\x00\x00\x00\x00\x00\x00', 'r1_equipment_status': '2560', 'fail_code': '0', 'recerve': '0', 'prod_num': 0, 'r1_rob_no': '0', 'r1_weld_line_no': '0', 'r1_electric': '1.8870057723865944e-24', 'r1_voltage': '0.0', 'r1_speed': '0.0', 'r1_job': '17204', 'r2_rob_no': '-8268', 'r2_weld_line_no': '16726', 'r2_electric': '-2.87545844912529e-08', 'r2_voltage': '0.0', 'r2_speed': '0.0', 'r2_job': '17204', 'replace_status': '25031', 'part_status': '16725', 'r1_protective_gas': '-11074', 'r1_welding_wire': '0', 'r2_protective_gas': '0', 'r2_welding_wire': '0', 'login_id': '\x00\x00\x00\x00\x00\x00\x00\x00\x00\x00', 'login_password': '\n\x00\x00\x00\x00\x00\x00\x00\x00\x00'}
2021-03-02  10:16:26 Tue root INFO ('\n\x00\x00\x00\x00\x00\x00\x00\x00\x00', '2560', '0', 0, '0', '0', '1.8870057723865944e-24', '0.0', '0.0', '17204', '-8268', '16726', '-2.87545844912529e-08', '0.0', '0.0', '17204', '25031', '-11074', '0', '0', '0', '\x00\x00\x00\x00\x00\x00\x00\x00\x00\x00', '\n\x00\x00\x00\x00\x00\x00\x00\x00\x00', '16725', '0', '2021-03-02 10:16:26')
2021-03-02  10:16:26 Tue root INFO 成功添加数据
2021-03-02  10:16:26 Tue root INFO mes_plc_r6
2021-03-02  10:16:27 Tue root INFO 读取插入数据库数据：{'product_type': '\n\x00\x00\x00\x00\x00\x00\x00\x00\x00', 'r1_equipment_status': '0', 'fail_code': '0', 'recerve': '10', 'prod_num': 19, 'r1_rob_no': '0', 'r1_weld_line_no': '0', 'r1_electric': '46.95095443725586', 'r1_voltage': '13.24507999420166', 'r1_speed': '0.0', 'r1_job': '0', 'r2_rob_no': '0', 'r2_weld_line_no': '0', 'r2_electric': '47.20775604248047', 'r2_voltage': '13.20529556274414', 'r2_speed': '0.0', 'r2_job': '0', 'replace_status': '0', 'part_status': '0', 'r1_protective_gas': '0', 'r1_welding_wire': '0', 'r2_protective_gas': '0', 'r2_welding_wire': '0', 'login_id': '\n\x00\x00\x00\x00\x00\x00\x00\x00\x00', 'login_password': '\n\x00\x00\x00\x00\x00\x00\x00\x00\x00'}
2021-03-02  10:16:27 Tue root INFO ('\n\x00\x00\x00\x00\x00\x00\x00\x00\x00', '0', '0', 19, '0', '0', '46.95095443725586', '13.24507999420166', '0.0', '0', '0', '0', '47.20775604248047', '13.20529556274414', '0.0', '0', '0', '0', '0', '0', '0', '\n\x00\x00\x00\x00\x00\x00\x00\x00\x00', '\n\x00\x00\x00\x00\x00\x00\x00\x00\x00', '0', '10', '2021-03-02 10:16:27')
2021-03-02  10:16:27 Tue root INFO 成功添加数据
2021-03-02  10:17:27 Tue root INFO plc连接状态:[1, 1, 1, 1, 1, 1]
2021-03-02  10:17:27 Tue root INFO mes_plc
2021-03-02  10:17:27 Tue root INFO 读取插入数据库数据：{'product_type': '\n\x07250 YDG\x00', 'r1_equipment_status': '2567', 'fail_code': '12853', 'recerve': '12320', 'prod_num': 23108, 'r1_rob_no': '18176', 'r1_weld_line_no': '0', 'r1_electric': '1.0654138796264848e-21', 'r1_voltage': '5.74532370373175e-44', 'r1_speed': '3.6734198463196485e-40', 'r1_job': '17206', 'r2_rob_no': '21959', 'r2_weld_line_no': '16725', 'r2_electric': '6.69494841509799e-18', 'r2_voltage': '0.0', 'r2_speed': '9.550891600431086e-39', 'r2_job': '0', 'replace_status': '0', 'part_status': '0', 'r1_protective_gas': '0', 'r1_welding_wire': '0', 'r2_protective_gas': '0', 'r2_welding_wire': '0', 'login_password': '\n\x00\x00\x00\x00\x00\x00\x00\x00\x00'}
2021-03-02  10:17:27 Tue root ERROR 读取插入数据库失败错误: 'login_id'
2021-03-02  10:17:27 Tue root INFO mes_plc_r2
2021-03-02  10:17:27 Tue root INFO 读取插入数据库数据：{'product_type': '\n\x07250 TJ2\x00', 'r1_equipment_status': '0', 'fail_code': '0', 'recerve': '0', 'prod_num': 424, 'r1_rob_no': '104', 'r1_weld_line_no': '0', 'r1_electric': '0.0', 'r1_voltage': '0.0', 'r1_speed': '0.0', 'r1_job': '0', 'r2_rob_no': '0', 'r2_weld_line_no': '0', 'r2_electric': '0.0', 'r2_voltage': '0.0', 'r2_speed': '0.0', 'r2_job': '0', 'replace_status': '0', 'part_status': '0', 'r1_protective_gas': '0', 'r1_welding_wire': '0', 'r2_protective_gas': '0', 'r2_welding_wire': '0', 'login_id': '\n\x00\x00\x00\x00\x00\x00\x00\x00\x00', 'login_password': '\n\x00\x00\x00\x00\x00\x00\x00\x00\x00'}
2021-03-02  10:17:27 Tue root INFO ('\n\x07250 TJ2\x00', '0', '0', 424, '104', '0', '0.0', '0.0', '0.0', '0', '0', '0', '0.0', '0.0', '0.0', '0', '0', '0', '0', '0', '0', '\n\x00\x00\x00\x00\x00\x00\x00\x00\x00', '\n\x00\x00\x00\x00\x00\x00\x00\x00\x00', '0', '0', '2021-03-02 10:17:27')
2021-03-02  10:17:27 Tue root INFO 成功添加数据
2021-03-02  10:17:27 Tue root INFO mes_plc_r3
2021-03-02  10:17:27 Tue root INFO 读取插入数据库数据：{'product_type': '\n\x07250 TJ4\x00', 'r1_equipment_status': '0', 'fail_code': '0', 'recerve': '0', 'prod_num': 425, 'r1_rob_no': '104', 'r1_weld_line_no': '0', 'r1_electric': '184.31712341308594', 'r1_voltage': '13.827401161193848', 'r1_speed': '0.0', 'r1_job': '0', 'r2_rob_no': '0', 'r2_weld_line_no': '0', 'r2_electric': '0.0', 'r2_voltage': '0.0', 'r2_speed': '0.0', 'r2_job': '0', 'replace_status': '0', 'part_status': '0', 'r1_protective_gas': '0', 'r1_welding_wire': '0', 'r2_protective_gas': '0', 'r2_welding_wire': '0', 'login_id': '\n\x00\x00\x00\x00\x00\x00\x00\x00\x00', 'login_password': '\n\x00\x00\x00\x00\x00\x00\x00\x00\x00'}
2021-03-02  10:17:27 Tue root INFO ('\n\x07250 TJ4\x00', '0', '0', 425, '104', '0', '184.31712341308594', '13.827401161193848', '0.0', '0', '0', '0', '0.0', '0.0', '0.0', '0', '0', '0', '0', '0', '0', '\n\x00\x00\x00\x00\x00\x00\x00\x00\x00', '\n\x00\x00\x00\x00\x00\x00\x00\x00\x00', '0', '0', '2021-03-02 10:17:27')
2021-03-02  10:17:27 Tue root INFO 成功添加数据
2021-03-02  10:17:27 Tue root INFO mes_plc_r4
2021-03-02  10:17:28 Tue root INFO 读取插入数据库数据：{'product_type': '\n\x02AA\x00\x00\x00\x00\x00\x00', 'r1_equipment_status': '2562', 'fail_code': '16962', 'recerve': '0', 'prod_num': 0, 'r1_rob_no': '0', 'r1_weld_line_no': '0', 'r1_electric': '9.727692471237622e-22', 'r1_voltage': '2.802596928649634e-45', 'r1_speed': '1.3775324423698682e-38', 'r1_job': '17208', 'r2_rob_no': '7510', 'r2_weld_line_no': '16721', 'r2_electric': '-1.6047303883528737e-22', 'r2_voltage': '0.0', 'r2_speed': '0.0', 'r2_job': '0', 'replace_status': '0', 'part_status': '0', 'r1_protective_gas': '0', 'r1_welding_wire': '0', 'r2_protective_gas': '0', 'r2_welding_wire': '0', 'login_id': '\x00\x00\x00\x00\x00 \x00\x00\x00\x00', 'login_password': '\n\x00\x00\x00\x00\x00\x00\x00\x00\x00'}
2021-03-02  10:17:28 Tue root INFO ('\n\x02AA\x00\x00\x00\x00\x00\x00', '2562', '16962', 0, '0', '0', '9.727692471237622e-22', '2.802596928649634e-45', '1.3775324423698682e-38', '17208', '7510', '16721', '-1.6047303883528737e-22', '0.0', '0.0', '0', '0', '0', '0', '0', '0', '\x00\x00\x00\x00\x00 \x00\x00\x00\x00', '\n\x00\x00\x00\x00\x00\x00\x00\x00\x00', '0', '0', '2021-03-02 10:17:28')
2021-03-02  10:17:28 Tue root INFO 成功添加数据
2021-03-02  10:17:28 Tue root INFO mes_plc_r5
2021-03-02  10:17:28 Tue root INFO 读取插入数据库数据：{'product_type': '\n\x00\x00\x00\x00\x00\x00\x00\x00\x00', 'r1_equipment_status': '2560', 'fail_code': '0', 'recerve': '0', 'prod_num': 0, 'r1_rob_no': '0', 'r1_weld_line_no': '0', 'r1_electric': '1.8870057723865944e-24', 'r1_voltage': '0.0', 'r1_speed': '0.0', 'r1_job': '17204', 'r2_rob_no': '-8268', 'r2_weld_line_no': '16726', 'r2_electric': '-24.875', 'r2_voltage': '0.0', 'r2_speed': '0.0', 'r2_job': '17204', 'replace_status': '24083', 'part_status': '16725', 'r1_protective_gas': '-3490', 'r1_welding_wire': '0', 'r2_protective_gas': '0', 'r2_welding_wire': '0', 'login_id': '\x00\x00\x00\x00\x00\x00\x00\x00\x00\x00', 'login_password': '\n\x00\x00\x00\x00\x00\x00\x00\x00\x00'}
2021-03-02  10:17:28 Tue root INFO ('\n\x00\x00\x00\x00\x00\x00\x00\x00\x00', '2560', '0', 0, '0', '0', '1.8870057723865944e-24', '0.0', '0.0', '17204', '-8268', '16726', '-24.875', '0.0', '0.0', '17204', '24083', '-3490', '0', '0', '0', '\x00\x00\x00\x00\x00\x00\x00\x00\x00\x00', '\n\x00\x00\x00\x00\x00\x00\x00\x00\x00', '16725', '0', '2021-03-02 10:17:28')
2021-03-02  10:17:28 Tue root INFO 成功添加数据
2021-03-02  10:17:28 Tue root INFO mes_plc_r6
2021-03-02  10:17:28 Tue root INFO 读取插入数据库数据：{'product_type': '\n\x00\x00\x00\x00\x00\x00\x00\x00\x00', 'r1_equipment_status': '2560', 'fail_code': '0', 'recerve': '0', 'prod_num': 0, 'r1_rob_no': '0', 'r1_weld_line_no': '0', 'r1_electric': '0.0', 'r1_voltage': '9.183815862507343e-40', 'r1_speed': '0.0', 'r1_job': '0', 'r2_rob_no': '0', 'r2_weld_line_no': '0', 'r2_electric': '0.0', 'r2_voltage': '0.0', 'r2_speed': '0.0', 'r2_job': '0', 'replace_status': '0', 'part_status': '0', 'r1_protective_gas': '0', 'r1_welding_wire': '0', 'r2_protective_gas': '0', 'r2_welding_wire': '0', 'login_id': '\x00\x00\x00\x00\x00\x00\x00\x00\x00\x00', 'login_password': '\n\x00\x00\x00\x00\x00\x00\x00\x00\x00'}
2021-03-02  10:17:28 Tue root INFO ('\n\x00\x00\x00\x00\x00\x00\x00\x00\x00', '2560', '0', 0, '0', '0', '0.0', '9.183815862507343e-40', '0.0', '0', '0', '0', '0.0', '0.0', '0.0', '0', '0', '0', '0', '0', '0', '\x00\x00\x00\x00\x00\x00\x00\x00\x00\x00', '\n\x00\x00\x00\x00\x00\x00\x00\x00\x00', '0', '0', '2021-03-02 10:17:28')
2021-03-02  10:17:28 Tue root INFO 成功添加数据
2021-03-02  10:18:28 Tue root INFO plc连接状态:[1, 1, 1, 1, 1, 1]
2021-03-02  10:18:28 Tue root INFO mes_plc
2021-03-02  10:18:29 Tue root INFO 读取插入数据库数据：{'product_type': '\n\x07250 YDG\x00', 'r1_equipment_status': '2567', 'fail_code': '12853', 'recerve': '12320', 'prod_num': 23108, 'r1_rob_no': '18176', 'r1_weld_line_no': '0', 'r1_electric': '1.0654138796264848e-21', 'r1_voltage': '5.74532370373175e-44', 'r1_speed': '3.6734198463196485e-40', 'r1_job': '17206', 'r2_rob_no': '24803', 'r2_weld_line_no': '16724', 'r2_electric': '-2392064.0', 'r2_voltage': '0.0', 'r2_speed': '9.550891600431086e-39', 'r2_job': '0', 'replace_status': '0', 'part_status': '0', 'r1_protective_gas': '0', 'r1_welding_wire': '0', 'r2_protective_gas': '0', 'r2_welding_wire': '0', 'login_password': '\n\x00\x00\x00\x00\x00\x00\x00\x00\x00'}
2021-03-02  10:18:29 Tue root ERROR 读取插入数据库失败错误: 'login_id'
2021-03-02  10:18:29 Tue root INFO mes_plc_r2
2021-03-02  10:18:29 Tue root INFO 读取插入数据库数据：{'product_type': '\n\x07250 TJ2\x00', 'r1_equipment_status': '0', 'fail_code': '0', 'recerve': '0', 'prod_num': 424, 'r1_rob_no': '104', 'r1_weld_line_no': '0', 'r1_electric': '0.0', 'r1_voltage': '0.0', 'r1_speed': '0.0', 'r1_job': '0', 'r2_rob_no': '0', 'r2_weld_line_no': '0', 'r2_electric': '0.0', 'r2_voltage': '0.0', 'r2_speed': '0.0', 'r2_job': '0', 'replace_status': '0', 'part_status': '0', 'r1_protective_gas': '0', 'r1_welding_wire': '0', 'r2_protective_gas': '0', 'r2_welding_wire': '0', 'login_id': '\n\x00\x00\x00\x00\x00\x00\x00\x00\x00', 'login_password': '\n\x00\x00\x00\x00\x00\x00\x00\x00\x00'}
2021-03-02  10:18:29 Tue root INFO ('\n\x07250 TJ2\x00', '0', '0', 424, '104', '0', '0.0', '0.0', '0.0', '0', '0', '0', '0.0', '0.0', '0.0', '0', '0', '0', '0', '0', '0', '\n\x00\x00\x00\x00\x00\x00\x00\x00\x00', '\n\x00\x00\x00\x00\x00\x00\x00\x00\x00', '0', '0', '2021-03-02 10:18:29')
2021-03-02  10:18:29 Tue root INFO 成功添加数据
2021-03-02  10:18:29 Tue root INFO mes_plc_r3
2021-03-02  10:18:29 Tue root INFO 读取插入数据库数据：{'product_type': '\n\x07250 TJ4\x00', 'r1_equipment_status': '0', 'fail_code': '0', 'recerve': '0', 'prod_num': 426, 'r1_rob_no': '104', 'r1_weld_line_no': '0', 'r1_electric': '184.28819274902344', 'r1_voltage': '13.85633659362793', 'r1_speed': '0.0', 'r1_job': '0', 'r2_rob_no': '0', 'r2_weld_line_no': '0', 'r2_electric': '0.0', 'r2_voltage': '0.0', 'r2_speed': '0.0', 'r2_job': '0', 'replace_status': '0', 'part_status': '0', 'r1_protective_gas': '0', 'r1_welding_wire': '0', 'r2_protective_gas': '0', 'r2_welding_wire': '0', 'login_id': '\n\x00\x00\x00\x00\x00\x00\x00\x00\x00', 'login_password': '\n\x00\x00\x00\x00\x00\x00\x00\x00\x00'}
2021-03-02  10:18:29 Tue root INFO ('\n\x07250 TJ4\x00', '0', '0', 426, '104', '0', '184.28819274902344', '13.85633659362793', '0.0', '0', '0', '0', '0.0', '0.0', '0.0', '0', '0', '0', '0', '0', '0', '\n\x00\x00\x00\x00\x00\x00\x00\x00\x00', '\n\x00\x00\x00\x00\x00\x00\x00\x00\x00', '0', '0', '2021-03-02 10:18:29')
2021-03-02  10:18:29 Tue root INFO 成功添加数据
2021-03-02  10:18:29 Tue root INFO mes_plc_r4
2021-03-02  10:18:30 Tue root INFO 读取插入数据库数据：{'product_type': '\n\x02AA\x00\x00\x00\x00\x00\x00', 'r1_equipment_status': '2562', 'fail_code': '16962', 'recerve': '0', 'prod_num': 0, 'r1_rob_no': '0', 'r1_weld_line_no': '0', 'r1_electric': '9.727692471237622e-22', 'r1_voltage': '2.802596928649634e-45', 'r1_speed': '1.3775324423698682e-38', 'r1_job': '17208', 'r2_rob_no': '4665', 'r2_weld_line_no': '16721', 'r2_electric': '-1.6047303883528737e-22', 'r2_voltage': '0.0', 'r2_speed': '0.0', 'r2_job': '0', 'replace_status': '0', 'part_status': '0', 'r1_protective_gas': '0', 'r1_welding_wire': '0', 'r2_protective_gas': '0', 'r2_welding_wire': '0', 'login_id': '\x00\x00\x00\x00\x00 \x00\x00\x00\x00', 'login_password': '\n\x00\x00\x00\x00\x00\x00\x00\x00\x00'}
2021-03-02  10:18:30 Tue root INFO ('\n\x02AA\x00\x00\x00\x00\x00\x00', '2562', '16962', 0, '0', '0', '9.727692471237622e-22', '2.802596928649634e-45', '1.3775324423698682e-38', '17208', '4665', '16721', '-1.6047303883528737e-22', '0.0', '0.0', '0', '0', '0', '0', '0', '0', '\x00\x00\x00\x00\x00 \x00\x00\x00\x00', '\n\x00\x00\x00\x00\x00\x00\x00\x00\x00', '0', '0', '2021-03-02 10:18:30')
2021-03-02  10:18:30 Tue root INFO 成功添加数据
2021-03-02  10:18:30 Tue root INFO mes_plc_r5
2021-03-02  10:18:30 Tue root INFO 读取插入数据库数据：{'product_type': '\n\x00\x00\x00\x00\x00\x00\x00\x00\x00', 'r1_equipment_status': '2560', 'fail_code': '0', 'recerve': '0', 'prod_num': 0, 'r1_rob_no': '0', 'r1_weld_line_no': '0', 'r1_electric': '1.8870057723865944e-24', 'r1_voltage': '0.0', 'r1_speed': '0.0', 'r1_job': '17204', 'r2_rob_no': '-13957', 'r2_weld_line_no': '16726', 'r2_electric': '12713984.0', 'r2_voltage': '0.0', 'r2_speed': '0.0', 'r2_job': '17204', 'replace_status': '24083', 'part_status': '16725', 'r1_protective_gas': '-7282', 'r1_welding_wire': '0', 'r2_protective_gas': '0', 'r2_welding_wire': '0', 'login_id': '\x00\x00\x00\x00\x00\x00\x00\x00\x00\x00', 'login_password': '\n\x00\x00\x00\x00\x00\x00\x00\x00\x00'}
2021-03-02  10:18:30 Tue root INFO ('\n\x00\x00\x00\x00\x00\x00\x00\x00\x00', '2560', '0', 0, '0', '0', '1.8870057723865944e-24', '0.0', '0.0', '17204', '-13957', '16726', '12713984.0', '0.0', '0.0', '17204', '24083', '-7282', '0', '0', '0', '\x00\x00\x00\x00\x00\x00\x00\x00\x00\x00', '\n\x00\x00\x00\x00\x00\x00\x00\x00\x00', '16725', '0', '2021-03-02 10:18:30')
2021-03-02  10:18:30 Tue root INFO 成功添加数据
2021-03-02  10:18:30 Tue root INFO mes_plc_r6
2021-03-02  10:18:30 Tue root INFO 读取插入数据库数据：{'product_type': '\n\x00\x00\x00\x00\x00\x00\x00\x00\x00', 'r1_equipment_status': '2560', 'fail_code': '0', 'recerve': '0', 'prod_num': 0, 'r1_rob_no': '0', 'r1_weld_line_no': '0', 'r1_electric': '0.0', 'r1_voltage': '9.183815862507343e-40', 'r1_speed': '0.0', 'r1_job': '0', 'r2_rob_no': '0', 'r2_weld_line_no': '0', 'r2_electric': '0.0', 'r2_voltage': '0.0', 'r2_speed': '0.0', 'r2_job': '0', 'replace_status': '0', 'part_status': '0', 'r1_protective_gas': '0', 'r1_welding_wire': '0', 'r2_protective_gas': '0', 'r2_welding_wire': '0', 'login_id': '\x00\x00\x00\x00\x00\x00\x00\x00\x00\x00', 'login_password': '\n\x00\x00\x00\x00\x00\x00\x00\x00\x00'}
2021-03-02  10:18:30 Tue root INFO ('\n\x00\x00\x00\x00\x00\x00\x00\x00\x00', '2560', '0', 0, '0', '0', '0.0', '9.183815862507343e-40', '0.0', '0', '0', '0', '0.0', '0.0', '0.0', '0', '0', '0', '0', '0', '0', '\x00\x00\x00\x00\x00\x00\x00\x00\x00\x00', '\n\x00\x00\x00\x00\x00\x00\x00\x00\x00', '0', '0', '2021-03-02 10:18:30')
2021-03-02  10:18:30 Tue root INFO 成功添加数据
2021-03-02  10:19:30 Tue root INFO plc连接状态:[1, 1, 1, 1, 1, 1]
2021-03-02  10:19:30 Tue root INFO mes_plc
2021-03-02  10:19:30 Tue root INFO 读取插入数据库数据：{'product_type': '\n\x07250 YDG\x00', 'r1_equipment_status': '2567', 'fail_code': '12853', 'recerve': '12320', 'prod_num': 23108, 'r1_rob_no': '18176', 'r1_weld_line_no': '0', 'r1_electric': '1.0654138796264848e-21', 'r1_voltage': '5.74532370373175e-44', 'r1_speed': '3.6734198463196485e-40', 'r1_job': '17206', 'r2_rob_no': '21011', 'r2_weld_line_no': '16724', 'r2_electric': '-3.439026841078885e-12', 'r2_voltage': '0.0', 'r2_speed': '9.550891600431086e-39', 'r2_job': '0', 'replace_status': '0', 'part_status': '0', 'r1_protective_gas': '0', 'r1_welding_wire': '0', 'r2_protective_gas': '0', 'r2_welding_wire': '0', 'login_password': '\n\x00\x00\x00\x00\x00\x00\x00\x00\x00'}
2021-03-02  10:19:30 Tue root ERROR 读取插入数据库失败错误: 'login_id'
2021-03-02  10:19:30 Tue root INFO mes_plc_r2
2021-03-02  10:19:31 Tue root INFO 读取插入数据库数据：{'product_type': '\n\x07250 TJ2\x00', 'r1_equipment_status': '0', 'fail_code': '0', 'recerve': '0', 'prod_num': 424, 'r1_rob_no': '104', 'r1_weld_line_no': '0', 'r1_electric': '0.0', 'r1_voltage': '0.0', 'r1_speed': '0.0', 'r1_job': '0', 'r2_rob_no': '0', 'r2_weld_line_no': '0', 'r2_electric': '0.0', 'r2_voltage': '0.0', 'r2_speed': '0.0', 'r2_job': '0', 'replace_status': '0', 'part_status': '0', 'r1_protective_gas': '0', 'r1_welding_wire': '0', 'r2_protective_gas': '0', 'r2_welding_wire': '0', 'login_id': '\n\x00\x00\x00\x00\x00\x00\x00\x00\x00', 'login_password': '\n\x00\x00\x00\x00\x00\x00\x00\x00\x00'}
2021-03-02  10:19:31 Tue root INFO ('\n\x07250 TJ2\x00', '0', '0', 424, '104', '0', '0.0', '0.0', '0.0', '0', '0', '0', '0.0', '0.0', '0.0', '0', '0', '0', '0', '0', '0', '\n\x00\x00\x00\x00\x00\x00\x00\x00\x00', '\n\x00\x00\x00\x00\x00\x00\x00\x00\x00', '0', '0', '2021-03-02 10:19:31')
2021-03-02  10:19:31 Tue root INFO 成功添加数据
2021-03-02  10:19:31 Tue root INFO mes_plc_r3
2021-03-02  10:19:31 Tue root INFO 读取插入数据库数据：{'product_type': '\n\x07250 TJ4\x00', 'r1_equipment_status': '0', 'fail_code': '0', 'recerve': '0', 'prod_num': 426, 'r1_rob_no': '104', 'r1_weld_line_no': '0', 'r1_electric': '184.21585083007812', 'r1_voltage': '13.852720260620117', 'r1_speed': '0.0', 'r1_job': '0', 'r2_rob_no': '0', 'r2_weld_line_no': '0', 'r2_electric': '0.0', 'r2_voltage': '0.0', 'r2_speed': '0.0', 'r2_job': '0', 'replace_status': '0', 'part_status': '0', 'r1_protective_gas': '0', 'r1_welding_wire': '0', 'r2_protective_gas': '0', 'r2_welding_wire': '0', 'login_id': '\n\x00\x00\x00\x00\x00\x00\x00\x00\x00', 'login_password': '\n\x00\x00\x00\x00\x00\x00\x00\x00\x00'}
2021-03-02  10:19:31 Tue root INFO ('\n\x07250 TJ4\x00', '0', '0', 426, '104', '0', '184.21585083007812', '13.852720260620117', '0.0', '0', '0', '0', '0.0', '0.0', '0.0', '0', '0', '0', '0', '0', '0', '\n\x00\x00\x00\x00\x00\x00\x00\x00\x00', '\n\x00\x00\x00\x00\x00\x00\x00\x00\x00', '0', '0', '2021-03-02 10:19:31')
2021-03-02  10:19:31 Tue root INFO 成功添加数据
2021-03-02  10:19:31 Tue root INFO mes_plc_r4
2021-03-02  10:19:31 Tue root INFO 读取插入数据库数据：{'product_type': '\n\x02AA\x00\x00\x00\x00\x00\x00', 'r1_equipment_status': '2562', 'fail_code': '16962', 'recerve': '0', 'prod_num': 0, 'r1_rob_no': '0', 'r1_weld_line_no': '0', 'r1_electric': '9.727692471237622e-22', 'r1_voltage': '2.802596928649634e-45', 'r1_speed': '1.3775324423698682e-38', 'r1_job': '17208', 'r2_rob_no': '6561', 'r2_weld_line_no': '16721', 'r2_electric': '-1.6047303883528737e-22', 'r2_voltage': '0.0', 'r2_speed': '0.0', 'r2_job': '0', 'replace_status': '0', 'part_status': '0', 'r1_protective_gas': '0', 'r1_welding_wire': '0', 'r2_protective_gas': '0', 'r2_welding_wire': '0', 'login_id': '\x00\x00\x00\x00\x00 \x00\x00\x00\x00', 'login_password': '\n\x00\x00\x00\x00\x00\x00\x00\x00\x00'}
2021-03-02  10:19:31 Tue root INFO ('\n\x02AA\x00\x00\x00\x00\x00\x00', '2562', '16962', 0, '0', '0', '9.727692471237622e-22', '2.802596928649634e-45', '1.3775324423698682e-38', '17208', '6561', '16721', '-1.6047303883528737e-22', '0.0', '0.0', '0', '0', '0', '0', '0', '0', '\x00\x00\x00\x00\x00 \x00\x00\x00\x00', '\n\x00\x00\x00\x00\x00\x00\x00\x00\x00', '0', '0', '2021-03-02 10:19:31')
2021-03-02  10:19:31 Tue root INFO 成功添加数据
2021-03-02  10:19:31 Tue root INFO mes_plc_r5
2021-03-02  10:19:32 Tue root INFO 读取插入数据库数据：{'product_type': '\n\x00\x00\x00\x00\x00\x00\x00\x00\x00', 'r1_equipment_status': '2560', 'fail_code': '0', 'recerve': '0', 'prod_num': 0, 'r1_rob_no': '0', 'r1_weld_line_no': '0', 'r1_electric': '1.8870057723865944e-24', 'r1_voltage': '0.0', 'r1_speed': '0.0', 'r1_job': '17204', 'r2_rob_no': '-12061', 'r2_weld_line_no': '16726', 'r2_electric': '-5.002903957099656e-35', 'r2_voltage': '0.0', 'r2_speed': '0.0', 'r2_job': '17204', 'replace_status': '19342', 'part_status': '16725', 'r1_protective_gas': '-7282', 'r1_welding_wire': '0', 'r2_protective_gas': '0', 'r2_welding_wire': '0', 'login_id': '\x00\x00\x00\x00\x00\x00\x00\x00\x00\x00', 'login_password': '\n\x00\x00\x00\x00\x00\x00\x00\x00\x00'}
2021-03-02  10:19:32 Tue root INFO ('\n\x00\x00\x00\x00\x00\x00\x00\x00\x00', '2560', '0', 0, '0', '0', '1.8870057723865944e-24', '0.0', '0.0', '17204', '-12061', '16726', '-5.002903957099656e-35', '0.0', '0.0', '17204', '19342', '-7282', '0', '0', '0', '\x00\x00\x00\x00\x00\x00\x00\x00\x00\x00', '\n\x00\x00\x00\x00\x00\x00\x00\x00\x00', '16725', '0', '2021-03-02 10:19:32')
2021-03-02  10:19:32 Tue root INFO 成功添加数据
2021-03-02  10:19:32 Tue root INFO mes_plc_r6
2021-03-02  10:19:32 Tue root INFO 读取插入数据库数据：{'product_type': '\n\x00\x00\x00\x00\x00\x00\x00\x00\x00', 'r1_equipment_status': '2560', 'fail_code': '0', 'recerve': '0', 'prod_num': 0, 'r1_rob_no': '0', 'r1_weld_line_no': '0', 'r1_electric': '0.0', 'r1_voltage': '9.183815862507343e-40', 'r1_speed': '0.0', 'r1_job': '0', 'r2_rob_no': '0', 'r2_weld_line_no': '0', 'r2_electric': '0.0', 'r2_voltage': '0.0', 'r2_speed': '0.0', 'r2_job': '0', 'replace_status': '0', 'part_status': '0', 'r1_protective_gas': '0', 'r1_welding_wire': '0', 'r2_protective_gas': '0', 'r2_welding_wire': '0', 'login_id': '\x00\x00\x00\x00\x00\x00\x00\x00\x00\x00', 'login_password': '\n\x00\x00\x00\x00\x00\x00\x00\x00\x00'}
2021-03-02  10:19:32 Tue root INFO ('\n\x00\x00\x00\x00\x00\x00\x00\x00\x00', '2560', '0', 0, '0', '0', '0.0', '9.183815862507343e-40', '0.0', '0', '0', '0', '0.0', '0.0', '0.0', '0', '0', '0', '0', '0', '0', '\x00\x00\x00\x00\x00\x00\x00\x00\x00\x00', '\n\x00\x00\x00\x00\x00\x00\x00\x00\x00', '0', '0', '2021-03-02 10:19:32')
2021-03-02  10:19:32 Tue root INFO 成功添加数据
2021-03-02  10:20:32 Tue root INFO plc连接状态:[1, 1, 1, 1, 1, 1]
2021-03-02  10:20:32 Tue root INFO mes_plc
2021-03-02  10:20:32 Tue root INFO 读取插入数据库数据：{'product_type': '\n\x07250 YDG\x00', 'r1_equipment_status': '2567', 'fail_code': '12853', 'recerve': '12320', 'prod_num': 23108, 'r1_rob_no': '18176', 'r1_weld_line_no': '0', 'r1_electric': '1.0654138796264848e-21', 'r1_voltage': '5.74532370373175e-44', 'r1_speed': '3.6734198463196485e-40', 'r1_job': '17206', 'r2_rob_no': '26700', 'r2_weld_line_no': '16724', 'r2_electric': '-0.002960205078125', 'r2_voltage': '0.0', 'r2_speed': '9.550891600431086e-39', 'r2_job': '0', 'replace_status': '0', 'part_status': '0', 'r1_protective_gas': '0', 'r1_welding_wire': '0', 'r2_protective_gas': '0', 'r2_welding_wire': '0', 'login_password': '\n\x00\x00\x00\x00\x00\x00\x00\x00\x00'}
2021-03-02  10:20:32 Tue root ERROR 读取插入数据库失败错误: 'login_id'
2021-03-02  10:20:32 Tue root INFO mes_plc_r2
2021-03-02  10:20:33 Tue root INFO 读取插入数据库数据：{'product_type': '\n\x07250 TJ2\x00', 'r1_equipment_status': '0', 'fail_code': '0', 'recerve': '0', 'prod_num': 424, 'r1_rob_no': '104', 'r1_weld_line_no': '0', 'r1_electric': '0.0', 'r1_voltage': '0.0', 'r1_speed': '0.0', 'r1_job': '0', 'r2_rob_no': '0', 'r2_weld_line_no': '0', 'r2_electric': '0.0', 'r2_voltage': '0.0', 'r2_speed': '0.0', 'r2_job': '0', 'replace_status': '0', 'part_status': '0', 'r1_protective_gas': '0', 'r1_welding_wire': '0', 'r2_protective_gas': '0', 'r2_welding_wire': '0', 'login_id': '\n\x00\x00\x00\x00\x00\x00\x00\x00\x00', 'login_password': '\n\x00\x00\x00\x00\x00\x00\x00\x00\x00'}
2021-03-02  10:20:33 Tue root INFO ('\n\x07250 TJ2\x00', '0', '0', 424, '104', '0', '0.0', '0.0', '0.0', '0', '0', '0', '0.0', '0.0', '0.0', '0', '0', '0', '0', '0', '0', '\n\x00\x00\x00\x00\x00\x00\x00\x00\x00', '\n\x00\x00\x00\x00\x00\x00\x00\x00\x00', '0', '0', '2021-03-02 10:20:33')
2021-03-02  10:20:33 Tue root INFO 成功添加数据
2021-03-02  10:20:33 Tue root INFO mes_plc_r3
2021-03-02  10:20:33 Tue root INFO 读取插入数据库数据：{'product_type': '\n\x07250 TJ4\x00', 'r1_equipment_status': '0', 'fail_code': '0', 'recerve': '0', 'prod_num': 426, 'r1_rob_no': '104', 'r1_weld_line_no': '0', 'r1_electric': '184.21585083007812', 'r1_voltage': '13.834635734558105', 'r1_speed': '0.0', 'r1_job': '0', 'r2_rob_no': '0', 'r2_weld_line_no': '0', 'r2_electric': '0.0', 'r2_voltage': '0.0', 'r2_speed': '0.0', 'r2_job': '0', 'replace_status': '0', 'part_status': '0', 'r1_protective_gas': '0', 'r1_welding_wire': '0', 'r2_protective_gas': '0', 'r2_welding_wire': '0', 'login_id': '\n\x00\x00\x00\x00\x00\x00\x00\x00\x00', 'login_password': '\n\x00\x00\x00\x00\x00\x00\x00\x00\x00'}
2021-03-02  10:20:33 Tue root INFO ('\n\x07250 TJ4\x00', '0', '0', 426, '104', '0', '184.21585083007812', '13.834635734558105', '0.0', '0', '0', '0', '0.0', '0.0', '0.0', '0', '0', '0', '0', '0', '0', '\n\x00\x00\x00\x00\x00\x00\x00\x00\x00', '\n\x00\x00\x00\x00\x00\x00\x00\x00\x00', '0', '0', '2021-03-02 10:20:33')
2021-03-02  10:20:33 Tue root INFO 成功添加数据
2021-03-02  10:20:33 Tue root INFO mes_plc_r4
2021-03-02  10:20:33 Tue root INFO 读取插入数据库数据：{'product_type': '\n\x02AA\x00\x00\x00\x00\x00\x00', 'r1_equipment_status': '2562', 'fail_code': '16962', 'recerve': '0', 'prod_num': 0, 'r1_rob_no': '0', 'r1_weld_line_no': '0', 'r1_electric': '9.727692471237622e-22', 'r1_voltage': '2.802596928649634e-45', 'r1_speed': '1.3775324423698682e-38', 'r1_job': '17208', 'r2_rob_no': '7510', 'r2_weld_line_no': '16721', 'r2_electric': '-1.2967404927621828e-13', 'r2_voltage': '0.0', 'r2_speed': '0.0', 'r2_job': '0', 'replace_status': '0', 'part_status': '0', 'r1_protective_gas': '0', 'r1_welding_wire': '0', 'r2_protective_gas': '0', 'r2_welding_wire': '0', 'login_id': '\x00\x00\x00\x00\x00 \x00\x00\x00\x00', 'login_password': '\n\x00\x00\x00\x00\x00\x00\x00\x00\x00'}
2021-03-02  10:20:33 Tue root INFO ('\n\x02AA\x00\x00\x00\x00\x00\x00', '2562', '16962', 0, '0', '0', '9.727692471237622e-22', '2.802596928649634e-45', '1.3775324423698682e-38', '17208', '7510', '16721', '-1.2967404927621828e-13', '0.0', '0.0', '0', '0', '0', '0', '0', '0', '\x00\x00\x00\x00\x00 \x00\x00\x00\x00', '\n\x00\x00\x00\x00\x00\x00\x00\x00\x00', '0', '0', '2021-03-02 10:20:33')
2021-03-02  10:20:33 Tue root INFO 成功添加数据
2021-03-02  10:20:33 Tue root INFO mes_plc_r5
2021-03-02  10:20:34 Tue root INFO 读取插入数据库数据：{'product_type': '\n\x00\x00\x00\x00\x00\x00\x00\x00\x00', 'r1_equipment_status': '2560', 'fail_code': '0', 'recerve': '0', 'prod_num': 0, 'r1_rob_no': '0', 'r1_weld_line_no': '0', 'r1_electric': '1.8870057723865944e-24', 'r1_voltage': '0.0', 'r1_speed': '0.0', 'r1_job': '17204', 'r2_rob_no': '-12061', 'r2_weld_line_no': '16726', 'r2_electric': '-2.87545844912529e-08', 'r2_voltage': '0.0', 'r2_speed': '0.0', 'r2_job': '17204', 'replace_status': '20290', 'part_status': '16725', 'r1_protective_gas': '-3490', 'r1_welding_wire': '0', 'r2_protective_gas': '0', 'r2_welding_wire': '0', 'login_id': '\x00\x00\x00\x00\x00\x00\x00\x00\x00\x00', 'login_password': '\n\x00\x00\x00\x00\x00\x00\x00\x00\x00'}
2021-03-02  10:20:34 Tue root INFO ('\n\x00\x00\x00\x00\x00\x00\x00\x00\x00', '2560', '0', 0, '0', '0', '1.8870057723865944e-24', '0.0', '0.0', '17204', '-12061', '16726', '-2.87545844912529e-08', '0.0', '0.0', '17204', '20290', '-3490', '0', '0', '0', '\x00\x00\x00\x00\x00\x00\x00\x00\x00\x00', '\n\x00\x00\x00\x00\x00\x00\x00\x00\x00', '16725', '0', '2021-03-02 10:20:34')
2021-03-02  10:20:34 Tue root INFO 成功添加数据
2021-03-02  10:20:34 Tue root INFO mes_plc_r6
2021-03-02  10:20:34 Tue root INFO 读取插入数据库数据：{'product_type': '\n\x00\x00\x00\x00\x00\x00\x00\x00\x00', 'r1_equipment_status': '2560', 'fail_code': '0', 'recerve': '0', 'prod_num': 0, 'r1_rob_no': '0', 'r1_weld_line_no': '0', 'r1_electric': '0.0', 'r1_voltage': '9.183815862507343e-40', 'r1_speed': '0.0', 'r1_job': '0', 'r2_rob_no': '0', 'r2_weld_line_no': '0', 'r2_electric': '0.0', 'r2_voltage': '0.0', 'r2_speed': '0.0', 'r2_job': '0', 'replace_status': '0', 'part_status': '0', 'r1_protective_gas': '0', 'r1_welding_wire': '0', 'r2_protective_gas': '0', 'r2_welding_wire': '0', 'login_id': '\x00\x00\x00\x00\x00\x00\x00\x00\x00\x00', 'login_password': '\n\x00\x00\x00\x00\x00\x00\x00\x00\x00'}
2021-03-02  10:20:34 Tue root INFO ('\n\x00\x00\x00\x00\x00\x00\x00\x00\x00', '2560', '0', 0, '0', '0', '0.0', '9.183815862507343e-40', '0.0', '0', '0', '0', '0.0', '0.0', '0.0', '0', '0', '0', '0', '0', '0', '\x00\x00\x00\x00\x00\x00\x00\x00\x00\x00', '\n\x00\x00\x00\x00\x00\x00\x00\x00\x00', '0', '0', '2021-03-02 10:20:34')
2021-03-02  10:20:34 Tue root INFO 成功添加数据
2021-03-02  10:21:34 Tue root INFO plc连接状态:[1, 1, 1, 1, 1, 1]
2021-03-02  10:21:34 Tue root INFO mes_plc
2021-03-02  10:21:34 Tue root INFO 读取插入数据库数据：{'product_type': '\n\x07250 YDG\x00', 'r1_equipment_status': '2567', 'fail_code': '12853', 'recerve': '12320', 'prod_num': 23108, 'r1_rob_no': '18176', 'r1_weld_line_no': '0', 'r1_electric': '6.65883674766553e-23', 'r1_voltage': '5.885453550164232e-44', 'r1_speed': '3.6734198463196485e-40', 'r1_job': '17206', 'r2_rob_no': '25752', 'r2_weld_line_no': '16724', 'r2_electric': '-0.002960205078125', 'r2_voltage': '0.0', 'r2_speed': '9.550891600431086e-39', 'r2_job': '0', 'replace_status': '0', 'part_status': '0', 'r1_protective_gas': '0', 'r1_welding_wire': '0', 'r2_protective_gas': '0', 'r2_welding_wire': '0', 'login_password': '\n\x00\x00\x00\x00\x00\x00\x00\x00\x00'}
2021-03-02  10:21:34 Tue root ERROR 读取插入数据库失败错误: 'login_id'
2021-03-02  10:21:34 Tue root INFO mes_plc_r2
2021-03-02  10:21:35 Tue root INFO 读取插入数据库数据：{'product_type': '\n\x07250 TJ1\x00', 'r1_equipment_status': '0', 'fail_code': '0', 'recerve': '0', 'prod_num': 425, 'r1_rob_no': '4', 'r1_weld_line_no': '0', 'r1_electric': '0.0', 'r1_voltage': '0.0', 'r1_speed': '0.0', 'r1_job': '0', 'r2_rob_no': '0', 'r2_weld_line_no': '0', 'r2_electric': '0.0', 'r2_voltage': '0.0', 'r2_speed': '0.0', 'r2_job': '0', 'replace_status': '0', 'part_status': '0', 'r1_protective_gas': '0', 'r1_welding_wire': '0', 'r2_protective_gas': '0', 'r2_welding_wire': '0', 'login_id': '\n\x00\x00\x00\x00\x00\x00\x00\x00\x00', 'login_password': '\n\x00\x00\x00\x00\x00\x00\x00\x00\x00'}
2021-03-02  10:21:35 Tue root INFO ('\n\x07250 TJ1\x00', '0', '0', 425, '4', '0', '0.0', '0.0', '0.0', '0', '0', '0', '0.0', '0.0', '0.0', '0', '0', '0', '0', '0', '0', '\n\x00\x00\x00\x00\x00\x00\x00\x00\x00', '\n\x00\x00\x00\x00\x00\x00\x00\x00\x00', '0', '0', '2021-03-02 10:21:35')
2021-03-02  10:21:35 Tue root INFO 成功添加数据
2021-03-02  10:21:35 Tue root INFO mes_plc_r3
2021-03-02  10:21:35 Tue root INFO 读取插入数据库数据：{'product_type': '\n\x07250 TJ4\x00', 'r1_equipment_status': '0', 'fail_code': '0', 'recerve': '0', 'prod_num': 426, 'r1_rob_no': '104', 'r1_weld_line_no': '0', 'r1_electric': '184.24478149414062', 'r1_voltage': '13.823784828186035', 'r1_speed': '0.0', 'r1_job': '0', 'r2_rob_no': '0', 'r2_weld_line_no': '0', 'r2_electric': '0.0', 'r2_voltage': '0.0', 'r2_speed': '0.0', 'r2_job': '0', 'replace_status': '0', 'part_status': '0', 'r1_protective_gas': '0', 'r1_welding_wire': '0', 'r2_protective_gas': '0', 'r2_welding_wire': '0', 'login_id': '\n\x00\x00\x00\x00\x00\x00\x00\x00\x00', 'login_password': '\n\x00\x00\x00\x00\x00\x00\x00\x00\x00'}
2021-03-02  10:21:35 Tue root INFO ('\n\x07250 TJ4\x00', '0', '0', 426, '104', '0', '184.24478149414062', '13.823784828186035', '0.0', '0', '0', '0', '0.0', '0.0', '0.0', '0', '0', '0', '0', '0', '0', '\n\x00\x00\x00\x00\x00\x00\x00\x00\x00', '\n\x00\x00\x00\x00\x00\x00\x00\x00\x00', '0', '0', '2021-03-02 10:21:35')
2021-03-02  10:21:35 Tue root INFO 成功添加数据
2021-03-02  10:21:35 Tue root INFO mes_plc_r4
2021-03-02  10:21:35 Tue root INFO 读取插入数据库数据：{'product_type': '\n\x02AA\x00\x00\x00\x00\x00\x00', 'r1_equipment_status': '2562', 'fail_code': '16962', 'recerve': '0', 'prod_num': 0, 'r1_rob_no': '0', 'r1_weld_line_no': '0', 'r1_electric': '9.727692471237622e-22', 'r1_voltage': '2.802596928649634e-45', 'r1_speed': '1.3775324423698682e-38', 'r1_job': '17208', 'r2_rob_no': '7510', 'r2_weld_line_no': '16721', 'r2_electric': '-1.6047303883528737e-22', 'r2_voltage': '0.0', 'r2_speed': '0.0', 'r2_job': '0', 'replace_status': '0', 'part_status': '0', 'r1_protective_gas': '0', 'r1_welding_wire': '0', 'r2_protective_gas': '0', 'r2_welding_wire': '0', 'login_id': '\x00\x00\x00\x00\x00 \x00\x00\x00\x00', 'login_password': '\n\x00\x00\x00\x00\x00\x00\x00\x00\x00'}
2021-03-02  10:21:35 Tue root INFO ('\n\x02AA\x00\x00\x00\x00\x00\x00', '2562', '16962', 0, '0', '0', '9.727692471237622e-22', '2.802596928649634e-45', '1.3775324423698682e-38', '17208', '7510', '16721', '-1.6047303883528737e-22', '0.0', '0.0', '0', '0', '0', '0', '0', '0', '\x00\x00\x00\x00\x00 \x00\x00\x00\x00', '\n\x00\x00\x00\x00\x00\x00\x00\x00\x00', '0', '0', '2021-03-02 10:21:35')
2021-03-02  10:21:35 Tue root INFO 成功添加数据
2021-03-02  10:21:35 Tue root INFO mes_plc_r5
2021-03-02  10:21:36 Tue root INFO 读取插入数据库数据：{'product_type': '\n\x00\x00\x00\x00\x00\x00\x00\x00\x00', 'r1_equipment_status': '2560', 'fail_code': '0', 'recerve': '0', 'prod_num': 0, 'r1_rob_no': '0', 'r1_weld_line_no': '0', 'r1_electric': '1.8870057723865944e-24', 'r1_voltage': '0.0', 'r1_speed': '0.0', 'r1_job': '17204', 'r2_rob_no': '-14905', 'r2_weld_line_no': '16726', 'r2_electric': '-5.002903957099656e-35', 'r2_voltage': '0.0', 'r2_speed': '0.0', 'r2_job': '17204', 'replace_status': '18394', 'part_status': '16725', 'r1_protective_gas': '-7282', 'r1_welding_wire': '0', 'r2_protective_gas': '0', 'r2_welding_wire': '0', 'login_id': '\x00\x00\x00\x00\x00\x00\x00\x00\x00\x00', 'login_password': '\n\x00\x00\x00\x00\x00\x00\x00\x00\x00'}
2021-03-02  10:21:36 Tue root INFO ('\n\x00\x00\x00\x00\x00\x00\x00\x00\x00', '2560', '0', 0, '0', '0', '1.8870057723865944e-24', '0.0', '0.0', '17204', '-14905', '16726', '-5.002903957099656e-35', '0.0', '0.0', '17204', '18394', '-7282', '0', '0', '0', '\x00\x00\x00\x00\x00\x00\x00\x00\x00\x00', '\n\x00\x00\x00\x00\x00\x00\x00\x00\x00', '16725', '0', '2021-03-02 10:21:36')
2021-03-02  10:21:36 Tue root INFO 成功添加数据
2021-03-02  10:21:36 Tue root INFO mes_plc_r6
2021-03-02  10:21:36 Tue root INFO 读取插入数据库数据：{'product_type': '\n\x00\x00\x00\x00\x00\x00\x00\x00\x00', 'r1_equipment_status': '2560', 'fail_code': '0', 'recerve': '0', 'prod_num': 0, 'r1_rob_no': '0', 'r1_weld_line_no': '0', 'r1_electric': '0.0', 'r1_voltage': '9.183815862507343e-40', 'r1_speed': '0.0', 'r1_job': '0', 'r2_rob_no': '0', 'r2_weld_line_no': '0', 'r2_electric': '0.0', 'r2_voltage': '0.0', 'r2_speed': '0.0', 'r2_job': '0', 'replace_status': '0', 'part_status': '0', 'r1_protective_gas': '0', 'r1_welding_wire': '0', 'r2_protective_gas': '0', 'r2_welding_wire': '0', 'login_id': '\x00\x00\x00\x00\x00\x00\x00\x00\x00\x00', 'login_password': '\n\x00\x00\x00\x00\x00\x00\x00\x00\x00'}
2021-03-02  10:21:36 Tue root INFO ('\n\x00\x00\x00\x00\x00\x00\x00\x00\x00', '2560', '0', 0, '0', '0', '0.0', '9.183815862507343e-40', '0.0', '0', '0', '0', '0.0', '0.0', '0.0', '0', '0', '0', '0', '0', '0', '\x00\x00\x00\x00\x00\x00\x00\x00\x00\x00', '\n\x00\x00\x00\x00\x00\x00\x00\x00\x00', '0', '0', '2021-03-02 10:21:36')
2021-03-02  10:21:36 Tue root INFO 成功添加数据
2021-03-02  10:22:36 Tue root INFO plc连接状态:[1, 1, 1, 1, 1, 1]
2021-03-02  10:22:36 Tue root INFO mes_plc
2021-03-02  10:22:36 Tue root INFO 读取插入数据库数据：{'product_type': '\n\x07250 YDG\x00', 'r1_equipment_status': '2567', 'fail_code': '12853', 'recerve': '12320', 'prod_num': 23108, 'r1_rob_no': '18176', 'r1_weld_line_no': '0', 'r1_electric': '6.65883674766553e-23', 'r1_voltage': '5.885453550164232e-44', 'r1_speed': '3.6734198463196485e-40', 'r1_job': '17206', 'r2_rob_no': '19114', 'r2_weld_line_no': '16716', 'r2_electric': '7.934868335723877e-07', 'r2_voltage': '0.0', 'r2_speed': '9.550891600431086e-39', 'r2_job': '0', 'replace_status': '0', 'part_status': '0', 'r1_protective_gas': '0', 'r1_welding_wire': '0', 'r2_protective_gas': '0', 'r2_welding_wire': '0', 'login_id': '\x00\x00\x00\x00\x01\x18\x00\x00\x00\x00', 'login_password': '\n\x00\x00\x00\x00\x00\x00\x00\x00\x00'}
2021-03-02  10:22:36 Tue root INFO ('\n\x07250 YDG\x00', '2567', '12853', 23108, '18176', '0', '6.65883674766553e-23', '5.885453550164232e-44', '3.6734198463196485e-40', '17206', '19114', '16716', '7.934868335723877e-07', '0.0', '9.550891600431086e-39', '0', '0', '0', '0', '0', '0', '\x00\x00\x00\x00\x01\x18\x00\x00\x00\x00', '\n\x00\x00\x00\x00\x00\x00\x00\x00\x00', '0', '12320', '2021-03-02 10:22:36')
2021-03-02  10:22:36 Tue root INFO 成功添加数据
2021-03-02  10:22:36 Tue root INFO mes_plc_r2
2021-03-02  10:22:37 Tue root INFO 读取插入数据库数据：{'product_type': '\n\x07250 TJ1\x00', 'r1_equipment_status': '0', 'fail_code': '0', 'recerve': '0', 'prod_num': 425, 'r1_rob_no': '4', 'r1_weld_line_no': '0', 'r1_electric': '0.0', 'r1_voltage': '0.0', 'r1_speed': '0.0', 'r1_job': '0', 'r2_rob_no': '0', 'r2_weld_line_no': '0', 'r2_electric': '0.0', 'r2_voltage': '0.0', 'r2_speed': '0.0', 'r2_job': '0', 'replace_status': '0', 'part_status': '0', 'r1_protective_gas': '0', 'r1_welding_wire': '0', 'r2_protective_gas': '0', 'r2_welding_wire': '0', 'login_id': '\n\x00\x00\x00\x00\x00\x00\x00\x00\x00', 'login_password': '\n\x00\x00\x00\x00\x00\x00\x00\x00\x00'}
2021-03-02  10:22:37 Tue root INFO ('\n\x07250 TJ1\x00', '0', '0', 425, '4', '0', '0.0', '0.0', '0.0', '0', '0', '0', '0.0', '0.0', '0.0', '0', '0', '0', '0', '0', '0', '\n\x00\x00\x00\x00\x00\x00\x00\x00\x00', '\n\x00\x00\x00\x00\x00\x00\x00\x00\x00', '0', '0', '2021-03-02 10:22:37')
2021-03-02  10:22:37 Tue root INFO 成功添加数据
2021-03-02  10:22:37 Tue root INFO mes_plc_r3
2021-03-02  10:22:37 Tue root INFO 读取插入数据库数据：{'product_type': '\n\x07250 TJ4\x00', 'r1_equipment_status': '0', 'fail_code': '0', 'recerve': '0', 'prod_num': 426, 'r1_rob_no': '104', 'r1_weld_line_no': '0', 'r1_electric': '184.31712341308594', 'r1_voltage': '13.809317588806152', 'r1_speed': '0.0', 'r1_job': '0', 'r2_rob_no': '0', 'r2_weld_line_no': '0', 'r2_electric': '0.0', 'r2_voltage': '0.0', 'r2_speed': '0.0', 'r2_job': '0', 'replace_status': '0', 'part_status': '0', 'r1_protective_gas': '0', 'r1_welding_wire': '0', 'r2_protective_gas': '0', 'r2_welding_wire': '0', 'login_id': '\n\x00\x00\x00\x00\x00\x00\x00\x00\x00', 'login_password': '\n\x00\x00\x00\x00\x00\x00\x00\x00\x00'}
2021-03-02  10:22:37 Tue root INFO ('\n\x07250 TJ4\x00', '0', '0', 426, '104', '0', '184.31712341308594', '13.809317588806152', '0.0', '0', '0', '0', '0.0', '0.0', '0.0', '0', '0', '0', '0', '0', '0', '\n\x00\x00\x00\x00\x00\x00\x00\x00\x00', '\n\x00\x00\x00\x00\x00\x00\x00\x00\x00', '0', '0', '2021-03-02 10:22:37')
2021-03-02  10:22:37 Tue root INFO 成功添加数据
2021-03-02  10:22:37 Tue root INFO mes_plc_r4
2021-03-02  10:22:37 Tue root INFO 读取插入数据库数据：{'product_type': '\n\x02AA\x00\x00\x00\x00\x00\x00', 'r1_equipment_status': '2562', 'fail_code': '16962', 'recerve': '0', 'prod_num': 0, 'r1_rob_no': '0', 'r1_weld_line_no': '0', 'r1_electric': '9.727692471237622e-22', 'r1_voltage': '2.802596928649634e-45', 'r1_speed': '1.3775324423698682e-38', 'r1_job': '17208', 'r2_rob_no': '6561', 'r2_weld_line_no': '16721', 'r2_electric': '-1.2967404927621828e-13', 'r2_voltage': '0.0', 'r2_speed': '0.0', 'r2_job': '0', 'replace_status': '0', 'part_status': '0', 'r1_protective_gas': '0', 'r1_welding_wire': '0', 'r2_protective_gas': '0', 'r2_welding_wire': '0', 'login_id': '\x00\x00\x00\x00\x00 \x00\x00\x00\x00', 'login_password': '\n\x00\x00\x00\x00\x00\x00\x00\x00\x00'}
2021-03-02  10:22:37 Tue root INFO ('\n\x02AA\x00\x00\x00\x00\x00\x00', '2562', '16962', 0, '0', '0', '9.727692471237622e-22', '2.802596928649634e-45', '1.3775324423698682e-38', '17208', '6561', '16721', '-1.2967404927621828e-13', '0.0', '0.0', '0', '0', '0', '0', '0', '0', '\x00\x00\x00\x00\x00 \x00\x00\x00\x00', '\n\x00\x00\x00\x00\x00\x00\x00\x00\x00', '0', '0', '2021-03-02 10:22:37')
2021-03-02  10:22:37 Tue root INFO 成功添加数据
2021-03-02  10:22:37 Tue root INFO mes_plc_r5
2021-03-02  10:22:37 Tue root INFO 读取插入数据库数据：{'product_type': '\n\x00\x00\x00\x00\x00\x00\x00\x00\x00', 'r1_equipment_status': '2560', 'fail_code': '0', 'recerve': '0', 'prod_num': 0, 'r1_rob_no': '0', 'r1_weld_line_no': '0', 'r1_electric': '1.8870057723865944e-24', 'r1_voltage': '0.0', 'r1_speed': '0.0', 'r1_job': '17204', 'r2_rob_no': '-12061', 'r2_weld_line_no': '16726', 'r2_electric': '-2.87545844912529e-08', 'r2_voltage': '0.0', 'r2_speed': '0.0', 'r2_job': '17204', 'replace_status': '17446', 'part_status': '16725', 'r1_protective_gas': '-7282', 'r1_welding_wire': '0', 'r2_protective_gas': '0', 'r2_welding_wire': '0', 'login_id': '\x00\x00\x00\x00\x00\x00\x00\x00\x00\x00', 'login_password': '\n\x00\x00\x00\x00\x00\x00\x00\x00\x00'}
2021-03-02  10:22:37 Tue root INFO ('\n\x00\x00\x00\x00\x00\x00\x00\x00\x00', '2560', '0', 0, '0', '0', '1.8870057723865944e-24', '0.0', '0.0', '17204', '-12061', '16726', '-2.87545844912529e-08', '0.0', '0.0', '17204', '17446', '-7282', '0', '0', '0', '\x00\x00\x00\x00\x00\x00\x00\x00\x00\x00', '\n\x00\x00\x00\x00\x00\x00\x00\x00\x00', '16725', '0', '2021-03-02 10:22:37')
2021-03-02  10:22:37 Tue root INFO 成功添加数据
2021-03-02  10:22:37 Tue root INFO mes_plc_r6
2021-03-02  10:22:38 Tue root INFO 读取插入数据库数据：{'product_type': '\n\x00\x00\x00\x00\x00\x00\x00\x00\x00', 'r1_equipment_status': '2560', 'fail_code': '0', 'recerve': '0', 'prod_num': 0, 'r1_rob_no': '0', 'r1_weld_line_no': '0', 'r1_electric': '0.0', 'r1_voltage': '9.183815862507343e-40', 'r1_speed': '0.0', 'r1_job': '0', 'r2_rob_no': '0', 'r2_weld_line_no': '0', 'r2_electric': '0.0', 'r2_voltage': '0.0', 'r2_speed': '0.0', 'r2_job': '0', 'replace_status': '0', 'part_status': '0', 'r1_protective_gas': '0', 'r1_welding_wire': '0', 'r2_protective_gas': '0', 'r2_welding_wire': '0', 'login_id': '\x00\x00\x00\x00\x00\x00\x00\x00\x00\x00', 'login_password': '\n\x00\x00\x00\x00\x00\x00\x00\x00\x00'}
2021-03-02  10:22:38 Tue root INFO ('\n\x00\x00\x00\x00\x00\x00\x00\x00\x00', '2560', '0', 0, '0', '0', '0.0', '9.183815862507343e-40', '0.0', '0', '0', '0', '0.0', '0.0', '0.0', '0', '0', '0', '0', '0', '0', '\x00\x00\x00\x00\x00\x00\x00\x00\x00\x00', '\n\x00\x00\x00\x00\x00\x00\x00\x00\x00', '0', '0', '2021-03-02 10:22:38')
2021-03-02  10:22:38 Tue root INFO 成功添加数据
2021-03-02  10:23:38 Tue root INFO plc连接状态:[1, 1, 1, 1, 1, 1]
2021-03-02  10:23:38 Tue root INFO mes_plc
2021-03-02  10:23:38 Tue root INFO 读取插入数据库数据：{'product_type': '\n\x07250 YDG\x00', 'r1_equipment_status': '2567', 'fail_code': '12853', 'recerve': '12320', 'prod_num': 23108, 'r1_rob_no': '18176', 'r1_weld_line_no': '0', 'r1_electric': '1.0654138796264848e-21', 'r1_voltage': '5.885453550164232e-44', 'r1_speed': '3.6734198463196485e-40', 'r1_job': '17206', 'r2_rob_no': '21959', 'r2_weld_line_no': '16724', 'r2_electric': '-0.002960205078125', 'r2_voltage': '0.0', 'r2_speed': '9.550891600431086e-39', 'r2_job': '0', 'replace_status': '0', 'part_status': '0', 'r1_protective_gas': '0', 'r1_welding_wire': '0', 'r2_protective_gas': '0', 'r2_welding_wire': '0', 'login_id': '\x00\x00\x00\x00\x01\x1d\x00\x00\x00\x00', 'login_password': '\n\x00\x00\x00\x00\x00\x00\x00\x00\x00'}
2021-03-02  10:23:38 Tue root INFO ('\n\x07250 YDG\x00', '2567', '12853', 23108, '18176', '0', '1.0654138796264848e-21', '5.885453550164232e-44', '3.6734198463196485e-40', '17206', '21959', '16724', '-0.002960205078125', '0.0', '9.550891600431086e-39', '0', '0', '0', '0', '0', '0', '\x00\x00\x00\x00\x01\x1d\x00\x00\x00\x00', '\n\x00\x00\x00\x00\x00\x00\x00\x00\x00', '0', '12320', '2021-03-02 10:23:38')
2021-03-02  10:23:38 Tue root INFO 成功添加数据
2021-03-02  10:23:38 Tue root INFO mes_plc_r2
2021-03-02  10:23:38 Tue root INFO 读取插入数据库数据：{'product_type': '\n\x07250 TJ1\x00', 'r1_equipment_status': '0', 'fail_code': '0', 'recerve': '0', 'prod_num': 425, 'r1_rob_no': '4', 'r1_weld_line_no': '0', 'r1_electric': '0.0', 'r1_voltage': '0.0', 'r1_speed': '0.0', 'r1_job': '0', 'r2_rob_no': '0', 'r2_weld_line_no': '0', 'r2_electric': '0.0', 'r2_voltage': '0.0', 'r2_speed': '0.0', 'r2_job': '0', 'replace_status': '0', 'part_status': '0', 'r1_protective_gas': '0', 'r1_welding_wire': '0', 'r2_protective_gas': '0', 'r2_welding_wire': '0', 'login_id': '\n\x00\x00\x00\x00\x00\x00\x00\x00\x00', 'login_password': '\n\x00\x00\x00\x00\x00\x00\x00\x00\x00'}
2021-03-02  10:23:38 Tue root INFO ('\n\x07250 TJ1\x00', '0', '0', 425, '4', '0', '0.0', '0.0', '0.0', '0', '0', '0', '0.0', '0.0', '0.0', '0', '0', '0', '0', '0', '0', '\n\x00\x00\x00\x00\x00\x00\x00\x00\x00', '\n\x00\x00\x00\x00\x00\x00\x00\x00\x00', '0', '0', '2021-03-02 10:23:38')
2021-03-02  10:23:38 Tue root INFO 成功添加数据
2021-03-02  10:23:38 Tue root INFO mes_plc_r3
2021-03-02  10:23:39 Tue root INFO 读取插入数据库数据：{'product_type': '\n\x07250 TJ3\x00', 'r1_equipment_status': '0', 'fail_code': '0', 'recerve': '0', 'prod_num': 427, 'r1_rob_no': '4', 'r1_weld_line_no': '0', 'r1_electric': '184.3315887451172', 'r1_voltage': '13.852720260620117', 'r1_speed': '0.0', 'r1_job': '0', 'r2_rob_no': '0', 'r2_weld_line_no': '0', 'r2_electric': '0.0', 'r2_voltage': '0.0', 'r2_speed': '0.0', 'r2_job': '0', 'replace_status': '0', 'part_status': '0', 'r1_protective_gas': '0', 'r1_welding_wire': '0', 'r2_protective_gas': '0', 'r2_welding_wire': '0', 'login_id': '\n\x00\x00\x00\x00\x00\x00\x00\x00\x00', 'login_password': '\n\x00\x00\x00\x00\x00\x00\x00\x00\x00'}
2021-03-02  10:23:39 Tue root INFO ('\n\x07250 TJ3\x00', '0', '0', 427, '4', '0', '184.3315887451172', '13.852720260620117', '0.0', '0', '0', '0', '0.0', '0.0', '0.0', '0', '0', '0', '0', '0', '0', '\n\x00\x00\x00\x00\x00\x00\x00\x00\x00', '\n\x00\x00\x00\x00\x00\x00\x00\x00\x00', '0', '0', '2021-03-02 10:23:39')
2021-03-02  10:23:39 Tue root INFO 成功添加数据
2021-03-02  10:23:39 Tue root INFO mes_plc_r4
2021-03-02  10:23:39 Tue root INFO 读取插入数据库数据：{'product_type': '\n\x02AA\x00\x00\x00\x00\x00\x00', 'r1_equipment_status': '2562', 'fail_code': '16962', 'recerve': '0', 'prod_num': 0, 'r1_rob_no': '0', 'r1_weld_line_no': '0', 'r1_electric': '9.727692471237622e-22', 'r1_voltage': '2.802596928649634e-45', 'r1_speed': '1.3775324423698682e-38', 'r1_job': '17208', 'r2_rob_no': '4665', 'r2_weld_line_no': '16721', 'r2_electric': '-1.6047303883528737e-22', 'r2_voltage': '0.0', 'r2_speed': '0.0', 'r2_job': '0', 'replace_status': '0', 'part_status': '0', 'r1_protective_gas': '0', 'r1_welding_wire': '0', 'r2_protective_gas': '0', 'r2_welding_wire': '0', 'login_id': '\x00\x00\x00\x00\x00 \x00\x00\x00\x00', 'login_password': '\n\x00\x00\x00\x00\x00\x00\x00\x00\x00'}
2021-03-02  10:23:39 Tue root INFO ('\n\x02AA\x00\x00\x00\x00\x00\x00', '2562', '16962', 0, '0', '0', '9.727692471237622e-22', '2.802596928649634e-45', '1.3775324423698682e-38', '17208', '4665', '16721', '-1.6047303883528737e-22', '0.0', '0.0', '0', '0', '0', '0', '0', '0', '\x00\x00\x00\x00\x00 \x00\x00\x00\x00', '\n\x00\x00\x00\x00\x00\x00\x00\x00\x00', '0', '0', '2021-03-02 10:23:39')
2021-03-02  10:23:39 Tue root INFO 成功添加数据
2021-03-02  10:23:39 Tue root INFO mes_plc_r5
2021-03-02  10:23:39 Tue root INFO 读取插入数据库数据：{'product_type': '\n\x00\x00\x00\x00\x00\x00\x00\x00\x00', 'r1_equipment_status': '2560', 'fail_code': '0', 'recerve': '0', 'prod_num': 0, 'r1_rob_no': '0', 'r1_weld_line_no': '0', 'r1_electric': '1.8870057723865944e-24', 'r1_voltage': '0.0', 'r1_speed': '0.0', 'r1_job': '17204', 'r2_rob_no': '-16801', 'r2_weld_line_no': '16726', 'r2_electric': '-2.87545844912529e-08', 'r2_voltage': '0.0', 'r2_speed': '0.0', 'r2_job': '17204', 'replace_status': '15550', 'part_status': '16726', 'r1_protective_gas': '-3490', 'r1_welding_wire': '0', 'r2_protective_gas': '0', 'r2_welding_wire': '0', 'login_id': '\x00\x00\x00\x00\x00\x00\x00\x00\x00\x00', 'login_password': '\n\x00\x00\x00\x00\x00\x00\x00\x00\x00'}
2021-03-02  10:23:39 Tue root INFO ('\n\x00\x00\x00\x00\x00\x00\x00\x00\x00', '2560', '0', 0, '0', '0', '1.8870057723865944e-24', '0.0', '0.0', '17204', '-16801', '16726', '-2.87545844912529e-08', '0.0', '0.0', '17204', '15550', '-3490', '0', '0', '0', '\x00\x00\x00\x00\x00\x00\x00\x00\x00\x00', '\n\x00\x00\x00\x00\x00\x00\x00\x00\x00', '16726', '0', '2021-03-02 10:23:39')
2021-03-02  10:23:39 Tue root INFO 成功添加数据
2021-03-02  10:23:39 Tue root INFO mes_plc_r6
2021-03-02  10:23:40 Tue root INFO 读取插入数据库数据：{'product_type': '\n\x00\x00\x00\x00\x00\x00\x00\x00\x00', 'r1_equipment_status': '2560', 'fail_code': '0', 'recerve': '0', 'prod_num': 0, 'r1_rob_no': '0', 'r1_weld_line_no': '0', 'r1_electric': '0.0', 'r1_voltage': '9.183815862507343e-40', 'r1_speed': '0.0', 'r1_job': '0', 'r2_rob_no': '0', 'r2_weld_line_no': '0', 'r2_electric': '0.0', 'r2_voltage': '0.0', 'r2_speed': '0.0', 'r2_job': '0', 'replace_status': '0', 'part_status': '0', 'r1_protective_gas': '0', 'r1_welding_wire': '0', 'r2_protective_gas': '0', 'r2_welding_wire': '0', 'login_id': '\x00\x00\x00\x00\x00\x00\x00\x00\x00\x00', 'login_password': '\n\x00\x00\x00\x00\x00\x00\x00\x00\x00'}
2021-03-02  10:23:40 Tue root INFO ('\n\x00\x00\x00\x00\x00\x00\x00\x00\x00', '2560', '0', 0, '0', '0', '0.0', '9.183815862507343e-40', '0.0', '0', '0', '0', '0.0', '0.0', '0.0', '0', '0', '0', '0', '0', '0', '\x00\x00\x00\x00\x00\x00\x00\x00\x00\x00', '\n\x00\x00\x00\x00\x00\x00\x00\x00\x00', '0', '0', '2021-03-02 10:23:40')
2021-03-02  10:23:40 Tue root INFO 成功添加数据
2021-03-02  10:24:40 Tue root INFO plc连接状态:[1, 1, 1, 1, 1, 1]
2021-03-02  10:24:40 Tue root INFO mes_plc
2021-03-02  10:24:40 Tue root INFO 读取插入数据库数据：{'product_type': '\n\x07250 YDG\x00', 'r1_equipment_status': '2567', 'fail_code': '12853', 'recerve': '12320', 'prod_num': 23108, 'r1_rob_no': '18176', 'r1_weld_line_no': '0', 'r1_electric': '1.0654138796264848e-21', 'r1_voltage': '5.885453550164232e-44', 'r1_speed': '3.6734198463196485e-40', 'r1_job': '17206', 'r2_rob_no': '25752', 'r2_weld_line_no': '16724', 'r2_electric': '-0.002960205078125', 'r2_voltage': '0.0', 'r2_speed': '9.550891600431086e-39', 'r2_job': '0', 'replace_status': '0', 'part_status': '0', 'r1_protective_gas': '0', 'r1_welding_wire': '0', 'r2_protective_gas': '0', 'r2_welding_wire': '0', 'login_id': '\x00\x00\x00\x00\x01\x1d\x00\x00\x00\x00', 'login_password': '\n\x00\x00\x00\x00\x00\x00\x00\x00\x00'}
2021-03-02  10:24:40 Tue root INFO ('\n\x07250 YDG\x00', '2567', '12853', 23108, '18176', '0', '1.0654138796264848e-21', '5.885453550164232e-44', '3.6734198463196485e-40', '17206', '25752', '16724', '-0.002960205078125', '0.0', '9.550891600431086e-39', '0', '0', '0', '0', '0', '0', '\x00\x00\x00\x00\x01\x1d\x00\x00\x00\x00', '\n\x00\x00\x00\x00\x00\x00\x00\x00\x00', '0', '12320', '2021-03-02 10:24:40')
2021-03-02  10:24:40 Tue root INFO 成功添加数据
2021-03-02  10:24:40 Tue root INFO mes_plc_r2
2021-03-02  10:24:40 Tue root INFO 读取插入数据库数据：{'product_type': '\n\x07250 TJ1\x00', 'r1_equipment_status': '0', 'fail_code': '0', 'recerve': '0', 'prod_num': 425, 'r1_rob_no': '4', 'r1_weld_line_no': '0', 'r1_electric': '0.0', 'r1_voltage': '0.0', 'r1_speed': '0.0', 'r1_job': '0', 'r2_rob_no': '0', 'r2_weld_line_no': '0', 'r2_electric': '0.0', 'r2_voltage': '0.0', 'r2_speed': '0.0', 'r2_job': '0', 'replace_status': '0', 'part_status': '0', 'r1_protective_gas': '0', 'r1_welding_wire': '0', 'r2_protective_gas': '0', 'r2_welding_wire': '0', 'login_id': '\n\x00\x00\x00\x00\x00\x00\x00\x00\x00', 'login_password': '\n\x00\x00\x00\x00\x00\x00\x00\x00\x00'}
2021-03-02  10:24:40 Tue root INFO ('\n\x07250 TJ1\x00', '0', '0', 425, '4', '0', '0.0', '0.0', '0.0', '0', '0', '0', '0.0', '0.0', '0.0', '0', '0', '0', '0', '0', '0', '\n\x00\x00\x00\x00\x00\x00\x00\x00\x00', '\n\x00\x00\x00\x00\x00\x00\x00\x00\x00', '0', '0', '2021-03-02 10:24:40')
2021-03-02  10:24:40 Tue root INFO 成功添加数据
2021-03-02  10:24:40 Tue root INFO mes_plc_r3
2021-03-02  10:24:41 Tue root INFO 读取插入数据库数据：{'product_type': '\n\x07250 TJ3\x00', 'r1_equipment_status': '0', 'fail_code': '0', 'recerve': '0', 'prod_num': 427, 'r1_rob_no': '4', 'r1_weld_line_no': '0', 'r1_electric': '184.28819274902344', 'r1_voltage': '13.84548568725586', 'r1_speed': '0.0', 'r1_job': '0', 'r2_rob_no': '0', 'r2_weld_line_no': '0', 'r2_electric': '0.0', 'r2_voltage': '0.0', 'r2_speed': '0.0', 'r2_job': '0', 'replace_status': '0', 'part_status': '0', 'r1_protective_gas': '0', 'r1_welding_wire': '0', 'r2_protective_gas': '0', 'r2_welding_wire': '0', 'login_id': '\n\x00\x00\x00\x00\x00\x00\x00\x00\x00', 'login_password': '\n\x00\x00\x00\x00\x00\x00\x00\x00\x00'}
2021-03-02  10:24:41 Tue root INFO ('\n\x07250 TJ3\x00', '0', '0', 427, '4', '0', '184.28819274902344', '13.84548568725586', '0.0', '0', '0', '0', '0.0', '0.0', '0.0', '0', '0', '0', '0', '0', '0', '\n\x00\x00\x00\x00\x00\x00\x00\x00\x00', '\n\x00\x00\x00\x00\x00\x00\x00\x00\x00', '0', '0', '2021-03-02 10:24:41')
2021-03-02  10:24:41 Tue root INFO 成功添加数据
2021-03-02  10:24:41 Tue root INFO mes_plc_r4
2021-03-02  10:24:41 Tue root INFO 读取插入数据库数据：{'product_type': '\n\x02AA\x00\x00\x00\x00\x00\x00', 'r1_equipment_status': '2562', 'fail_code': '16962', 'recerve': '0', 'prod_num': 0, 'r1_rob_no': '0', 'r1_weld_line_no': '0', 'r1_electric': '9.727692471237622e-22', 'r1_voltage': '2.802596928649634e-45', 'r1_speed': '1.3775324423698682e-38', 'r1_job': '17208', 'r2_rob_no': '2769', 'r2_weld_line_no': '16721', 'r2_electric': '-1.6047303883528737e-22', 'r2_voltage': '0.0', 'r2_speed': '0.0', 'r2_job': '0', 'replace_status': '0', 'part_status': '0', 'r1_protective_gas': '0', 'r1_welding_wire': '0', 'r2_protective_gas': '0', 'r2_welding_wire': '0', 'login_id': '\x00\x00\x00\x00\x00 \x00\x00\x00\x00', 'login_password': '\n\x00\x00\x00\x00\x00\x00\x00\x00\x00'}
2021-03-02  10:24:41 Tue root INFO ('\n\x02AA\x00\x00\x00\x00\x00\x00', '2562', '16962', 0, '0', '0', '9.727692471237622e-22', '2.802596928649634e-45', '1.3775324423698682e-38', '17208', '2769', '16721', '-1.6047303883528737e-22', '0.0', '0.0', '0', '0', '0', '0', '0', '0', '\x00\x00\x00\x00\x00 \x00\x00\x00\x00', '\n\x00\x00\x00\x00\x00\x00\x00\x00\x00', '0', '0', '2021-03-02 10:24:41')
2021-03-02  10:24:41 Tue root INFO 成功添加数据
2021-03-02  10:24:41 Tue root INFO mes_plc_r5
2021-03-02  10:24:41 Tue root INFO 读取插入数据库数据：{'product_type': '\n\x00\x00\x00\x00\x00\x00\x00\x00\x00', 'r1_equipment_status': '2560', 'fail_code': '0', 'recerve': '0', 'prod_num': 0, 'r1_rob_no': '0', 'r1_weld_line_no': '0', 'r1_electric': '1.8870057723865944e-24', 'r1_voltage': '0.0', 'r1_speed': '0.0', 'r1_job': '17204', 'r2_rob_no': '-16801', 'r2_weld_line_no': '16726', 'r2_electric': '7.301667457314601e+33', 'r2_voltage': '0.0', 'r2_speed': '0.0', 'r2_job': '17204', 'replace_status': '17446', 'part_status': '16725', 'r1_protective_gas': '-3490', 'r1_welding_wire': '0', 'r2_protective_gas': '0', 'r2_welding_wire': '0', 'login_id': '\x00\x00\x00\x00\x00\x00\x00\x00\x00\x00', 'login_password': '\n\x00\x00\x00\x00\x00\x00\x00\x00\x00'}
2021-03-02  10:24:41 Tue root INFO ('\n\x00\x00\x00\x00\x00\x00\x00\x00\x00', '2560', '0', 0, '0', '0', '1.8870057723865944e-24', '0.0', '0.0', '17204', '-16801', '16726', '7.301667457314601e+33', '0.0', '0.0', '17204', '17446', '-3490', '0', '0', '0', '\x00\x00\x00\x00\x00\x00\x00\x00\x00\x00', '\n\x00\x00\x00\x00\x00\x00\x00\x00\x00', '16725', '0', '2021-03-02 10:24:41')
2021-03-02  10:24:41 Tue root INFO 成功添加数据
2021-03-02  10:24:41 Tue root INFO mes_plc_r6
2021-03-02  10:24:42 Tue root INFO 读取插入数据库数据：{'product_type': '\n\x00\x00\x00\x00\x00\x00\x00\x00\x00', 'r1_equipment_status': '2560', 'fail_code': '0', 'recerve': '0', 'prod_num': 0, 'r1_rob_no': '0', 'r1_weld_line_no': '0', 'r1_electric': '0.0', 'r1_voltage': '9.183815862507343e-40', 'r1_speed': '0.0', 'r1_job': '0', 'r2_rob_no': '0', 'r2_weld_line_no': '0', 'r2_electric': '0.0', 'r2_voltage': '0.0', 'r2_speed': '0.0', 'r2_job': '0', 'replace_status': '0', 'part_status': '0', 'r1_protective_gas': '0', 'r1_welding_wire': '0', 'r2_protective_gas': '0', 'r2_welding_wire': '0', 'login_id': '\x00\x00\x00\x00\x00\x00\x00\x00\x00\x00', 'login_password': '\n\x00\x00\x00\x00\x00\x00\x00\x00\x00'}
2021-03-02  10:24:42 Tue root INFO ('\n\x00\x00\x00\x00\x00\x00\x00\x00\x00', '2560', '0', 0, '0', '0', '0.0', '9.183815862507343e-40', '0.0', '0', '0', '0', '0.0', '0.0', '0.0', '0', '0', '0', '0', '0', '0', '\x00\x00\x00\x00\x00\x00\x00\x00\x00\x00', '\n\x00\x00\x00\x00\x00\x00\x00\x00\x00', '0', '0', '2021-03-02 10:24:42')
2021-03-02  10:24:42 Tue root INFO 成功添加数据
2021-03-02  10:25:42 Tue root INFO plc连接状态:[1, 1, 1, 1, 1, 1]
2021-03-02  10:25:42 Tue root INFO mes_plc
2021-03-02  10:25:42 Tue root INFO 读取插入数据库数据：{'product_type': '\n\x07250 YDG\x00', 'r1_equipment_status': '2567', 'fail_code': '12853', 'recerve': '12320', 'prod_num': 23108, 'r1_rob_no': '18176', 'r1_weld_line_no': '0', 'r1_electric': '6.65883674766553e-23', 'r1_voltage': '6.025583396596713e-44', 'r1_speed': '3.6734198463196485e-40', 'r1_job': '17206', 'r2_rob_no': '20063', 'r2_weld_line_no': '-16009', 'r2_electric': '775946240.0', 'r2_voltage': '0.0', 'r2_speed': '9.550891600431086e-39', 'r2_job': '0', 'replace_status': '0', 'part_status': '0', 'r1_protective_gas': '0', 'r1_welding_wire': '0', 'r2_protective_gas': '0', 'r2_welding_wire': '0', 'login_id': '\x00\x00\x00\x00\x01#\x00\x00\x00\x00', 'login_password': '\n\x00\x00\x00\x00\x00\x00\x00\x00\x00'}
2021-03-02  10:25:42 Tue root INFO ('\n\x07250 YDG\x00', '2567', '12853', 23108, '18176', '0', '6.65883674766553e-23', '6.025583396596713e-44', '3.6734198463196485e-40', '17206', '20063', '-16009', '775946240.0', '0.0', '9.550891600431086e-39', '0', '0', '0', '0', '0', '0', '\x00\x00\x00\x00\x01#\x00\x00\x00\x00', '\n\x00\x00\x00\x00\x00\x00\x00\x00\x00', '0', '12320', '2021-03-02 10:25:42')
2021-03-02  10:25:42 Tue root INFO 成功添加数据
2021-03-02  10:25:42 Tue root INFO mes_plc_r2
2021-03-02  10:25:42 Tue root INFO 读取插入数据库数据：{'product_type': '\n\x07250 TJ2\x00', 'r1_equipment_status': '0', 'fail_code': '0', 'recerve': '0', 'prod_num': 426, 'r1_rob_no': '104', 'r1_weld_line_no': '0', 'r1_electric': '0.0', 'r1_voltage': '0.0', 'r1_speed': '0.0', 'r1_job': '0', 'r2_rob_no': '0', 'r2_weld_line_no': '0', 'r2_electric': '0.0', 'r2_voltage': '0.0', 'r2_speed': '0.0', 'r2_job': '0', 'replace_status': '0', 'part_status': '0', 'r1_protective_gas': '0', 'r1_welding_wire': '0', 'r2_protective_gas': '0', 'r2_welding_wire': '0', 'login_id': '\n\x00\x00\x00\x00\x00\x00\x00\x00\x00', 'login_password': '\n\x00\x00\x00\x00\x00\x00\x00\x00\x00'}
2021-03-02  10:25:42 Tue root INFO ('\n\x07250 TJ2\x00', '0', '0', 426, '104', '0', '0.0', '0.0', '0.0', '0', '0', '0', '0.0', '0.0', '0.0', '0', '0', '0', '0', '0', '0', '\n\x00\x00\x00\x00\x00\x00\x00\x00\x00', '\n\x00\x00\x00\x00\x00\x00\x00\x00\x00', '0', '0', '2021-03-02 10:25:42')
2021-03-02  10:25:42 Tue root INFO 成功添加数据
2021-03-02  10:25:42 Tue root INFO mes_plc_r3
2021-03-02  10:25:42 Tue root INFO 读取插入数据库数据：{'product_type': '\n\x07250 TJ3\x00', 'r1_equipment_status': '0', 'fail_code': '0', 'recerve': '0', 'prod_num': 427, 'r1_rob_no': '4', 'r1_weld_line_no': '0', 'r1_electric': '184.24478149414062', 'r1_voltage': '13.834635734558105', 'r1_speed': '0.0', 'r1_job': '0', 'r2_rob_no': '0', 'r2_weld_line_no': '0', 'r2_electric': '0.0', 'r2_voltage': '0.0', 'r2_speed': '0.0', 'r2_job': '0', 'replace_status': '0', 'part_status': '0', 'r1_protective_gas': '0', 'r1_welding_wire': '0', 'r2_protective_gas': '0', 'r2_welding_wire': '0', 'login_id': '\n\x00\x00\x00\x00\x00\x00\x00\x00\x00', 'login_password': '\n\x00\x00\x00\x00\x00\x00\x00\x00\x00'}
2021-03-02  10:25:42 Tue root INFO ('\n\x07250 TJ3\x00', '0', '0', 427, '4', '0', '184.24478149414062', '13.834635734558105', '0.0', '0', '0', '0', '0.0', '0.0', '0.0', '0', '0', '0', '0', '0', '0', '\n\x00\x00\x00\x00\x00\x00\x00\x00\x00', '\n\x00\x00\x00\x00\x00\x00\x00\x00\x00', '0', '0', '2021-03-02 10:25:42')
2021-03-02  10:25:42 Tue root INFO 成功添加数据
2021-03-02  10:25:42 Tue root INFO mes_plc_r4
2021-03-02  10:25:43 Tue root INFO 读取插入数据库数据：{'product_type': '\n\x02AA\x00\x00\x00\x00\x00\x00', 'r1_equipment_status': '2562', 'fail_code': '16962', 'recerve': '0', 'prod_num': 0, 'r1_rob_no': '0', 'r1_weld_line_no': '0', 'r1_electric': '9.727692471237622e-22', 'r1_voltage': '2.802596928649634e-45', 'r1_speed': '1.3775324423698682e-38', 'r1_job': '17208', 'r2_rob_no': '1821', 'r2_weld_line_no': '16721', 'r2_electric': '-1.6047303883528737e-22', 'r2_voltage': '0.0', 'r2_speed': '0.0', 'r2_job': '0', 'replace_status': '0', 'part_status': '0', 'r1_protective_gas': '0', 'r1_welding_wire': '0', 'r2_protective_gas': '0', 'r2_welding_wire': '0', 'login_id': '\x00\x00\x00\x00\x00 \x00\x00\x00\x00', 'login_password': '\n\x00\x00\x00\x00\x00\x00\x00\x00\x00'}
2021-03-02  10:25:43 Tue root INFO ('\n\x02AA\x00\x00\x00\x00\x00\x00', '2562', '16962', 0, '0', '0', '9.727692471237622e-22', '2.802596928649634e-45', '1.3775324423698682e-38', '17208', '1821', '16721', '-1.6047303883528737e-22', '0.0', '0.0', '0', '0', '0', '0', '0', '0', '\x00\x00\x00\x00\x00 \x00\x00\x00\x00', '\n\x00\x00\x00\x00\x00\x00\x00\x00\x00', '0', '0', '2021-03-02 10:25:43')
2021-03-02  10:25:43 Tue root INFO 成功添加数据
2021-03-02  10:25:43 Tue root INFO mes_plc_r5
2021-03-02  10:25:43 Tue root INFO 读取插入数据库数据：{'product_type': '\n\x00\x00\x00\x00\x00\x00\x00\x00\x00', 'r1_equipment_status': '2560', 'fail_code': '0', 'recerve': '0', 'prod_num': 0, 'r1_rob_no': '0', 'r1_weld_line_no': '0', 'r1_electric': '1.8870057723865944e-24', 'r1_voltage': '0.0', 'r1_speed': '0.0', 'r1_job': '17204', 'r2_rob_no': '-16801', 'r2_weld_line_no': '16726', 'r2_electric': '-2.87545844912529e-08', 'r2_voltage': '0.0', 'r2_speed': '0.0', 'r2_job': '17204', 'replace_status': '14601', 'part_status': '16725', 'r1_protective_gas': '-11074', 'r1_welding_wire': '0', 'r2_protective_gas': '0', 'r2_welding_wire': '0', 'login_id': '\x00\x00\x00\x00\x00\x00\x00\x00\x00\x00', 'login_password': '\n\x00\x00\x00\x00\x00\x00\x00\x00\x00'}
2021-03-02  10:25:43 Tue root INFO ('\n\x00\x00\x00\x00\x00\x00\x00\x00\x00', '2560', '0', 0, '0', '0', '1.8870057723865944e-24', '0.0', '0.0', '17204', '-16801', '16726', '-2.87545844912529e-08', '0.0', '0.0', '17204', '14601', '-11074', '0', '0', '0', '\x00\x00\x00\x00\x00\x00\x00\x00\x00\x00', '\n\x00\x00\x00\x00\x00\x00\x00\x00\x00', '16725', '0', '2021-03-02 10:25:43')
2021-03-02  10:25:43 Tue root INFO 成功添加数据
2021-03-02  10:25:43 Tue root INFO mes_plc_r6
2021-03-02  10:25:43 Tue root INFO 读取插入数据库数据：{'product_type': '\n\x00\x00\x00\x00\x00\x00\x00\x00\x00', 'r1_equipment_status': '2560', 'fail_code': '0', 'recerve': '0', 'prod_num': 0, 'r1_rob_no': '0', 'r1_weld_line_no': '0', 'r1_electric': '0.0', 'r1_voltage': '9.183815862507343e-40', 'r1_speed': '0.0', 'r1_job': '0', 'r2_rob_no': '0', 'r2_weld_line_no': '0', 'r2_electric': '0.0', 'r2_voltage': '0.0', 'r2_speed': '0.0', 'r2_job': '0', 'replace_status': '0', 'part_status': '0', 'r1_protective_gas': '0', 'r1_welding_wire': '0', 'r2_protective_gas': '0', 'r2_welding_wire': '0', 'login_id': '\x00\x00\x00\x00\x00\x00\x00\x00\x00\x00', 'login_password': '\n\x00\x00\x00\x00\x00\x00\x00\x00\x00'}
2021-03-02  10:25:43 Tue root INFO ('\n\x00\x00\x00\x00\x00\x00\x00\x00\x00', '2560', '0', 0, '0', '0', '0.0', '9.183815862507343e-40', '0.0', '0', '0', '0', '0.0', '0.0', '0.0', '0', '0', '0', '0', '0', '0', '\x00\x00\x00\x00\x00\x00\x00\x00\x00\x00', '\n\x00\x00\x00\x00\x00\x00\x00\x00\x00', '0', '0', '2021-03-02 10:25:43')
2021-03-02  10:25:43 Tue root INFO 成功添加数据
2021-03-02  10:26:43 Tue root INFO plc连接状态:[1, 1, 1, 1, 1, 1]
2021-03-02  10:26:43 Tue root INFO mes_plc
2021-03-02  10:26:44 Tue root INFO 读取插入数据库数据：{'product_type': '\n\x07250 YDG\x00', 'r1_equipment_status': '2567', 'fail_code': '12853', 'recerve': '12320', 'prod_num': 23108, 'r1_rob_no': '18176', 'r1_weld_line_no': '0', 'r1_electric': '1.0654138796264848e-21', 'r1_voltage': '6.025583396596713e-44', 'r1_speed': '3.6734198463196485e-40', 'r1_job': '17206', 'r2_rob_no': '25752', 'r2_weld_line_no': '16725', 'r2_electric': '6.69494841509799e-18', 'r2_voltage': '0.0', 'r2_speed': '9.550891600431086e-39', 'r2_job': '0', 'replace_status': '0', 'part_status': '0', 'r1_protective_gas': '0', 'r1_welding_wire': '0', 'r2_protective_gas': '0', 'r2_welding_wire': '0', 'login_id': '\x00\x00\x00\x00\x01<\x00\x00\x00\x00', 'login_password': '\n\x00\x00\x00\x00\x00\x00\x00\x00\x00'}
2021-03-02  10:26:44 Tue root INFO ('\n\x07250 YDG\x00', '2567', '12853', 23108, '18176', '0', '1.0654138796264848e-21', '6.025583396596713e-44', '3.6734198463196485e-40', '17206', '25752', '16725', '6.69494841509799e-18', '0.0', '9.550891600431086e-39', '0', '0', '0', '0', '0', '0', '\x00\x00\x00\x00\x01<\x00\x00\x00\x00', '\n\x00\x00\x00\x00\x00\x00\x00\x00\x00', '0', '12320', '2021-03-02 10:26:44')
2021-03-02  10:26:44 Tue root INFO 成功添加数据
2021-03-02  10:26:44 Tue root INFO mes_plc_r2
2021-03-02  10:26:44 Tue root INFO 读取插入数据库数据：{'product_type': '\n\x07250 TJ2\x00', 'r1_equipment_status': '0', 'fail_code': '0', 'recerve': '0', 'prod_num': 426, 'r1_rob_no': '104', 'r1_weld_line_no': '0', 'r1_electric': '0.0', 'r1_voltage': '0.0', 'r1_speed': '0.0', 'r1_job': '0', 'r2_rob_no': '0', 'r2_weld_line_no': '0', 'r2_electric': '0.0', 'r2_voltage': '0.0', 'r2_speed': '0.0', 'r2_job': '0', 'replace_status': '0', 'part_status': '0', 'r1_protective_gas': '0', 'r1_welding_wire': '0', 'r2_protective_gas': '0', 'r2_welding_wire': '0', 'login_id': '\n\x00\x00\x00\x00\x00\x00\x00\x00\x00', 'login_password': '\n\x00\x00\x00\x00\x00\x00\x00\x00\x00'}
2021-03-02  10:26:44 Tue root INFO ('\n\x07250 TJ2\x00', '0', '0', 426, '104', '0', '0.0', '0.0', '0.0', '0', '0', '0', '0.0', '0.0', '0.0', '0', '0', '0', '0', '0', '0', '\n\x00\x00\x00\x00\x00\x00\x00\x00\x00', '\n\x00\x00\x00\x00\x00\x00\x00\x00\x00', '0', '0', '2021-03-02 10:26:44')
2021-03-02  10:26:44 Tue root INFO 成功添加数据
2021-03-02  10:26:44 Tue root INFO mes_plc_r3
2021-03-02  10:26:44 Tue root INFO 读取插入数据库数据：{'product_type': '\n\x07250 TJ3\x00', 'r1_equipment_status': '0', 'fail_code': '0', 'recerve': '0', 'prod_num': 427, 'r1_rob_no': '4', 'r1_weld_line_no': '0', 'r1_electric': '184.28819274902344', 'r1_voltage': '13.823784828186035', 'r1_speed': '0.0', 'r1_job': '0', 'r2_rob_no': '0', 'r2_weld_line_no': '0', 'r2_electric': '0.0', 'r2_voltage': '0.0', 'r2_speed': '0.0', 'r2_job': '0', 'replace_status': '0', 'part_status': '0', 'r1_protective_gas': '0', 'r1_welding_wire': '0', 'r2_protective_gas': '0', 'r2_welding_wire': '0', 'login_id': '\n\x00\x00\x00\x00\x00\x00\x00\x00\x00', 'login_password': '\n\x00\x00\x00\x00\x00\x00\x00\x00\x00'}
2021-03-02  10:26:44 Tue root INFO ('\n\x07250 TJ3\x00', '0', '0', 427, '4', '0', '184.28819274902344', '13.823784828186035', '0.0', '0', '0', '0', '0.0', '0.0', '0.0', '0', '0', '0', '0', '0', '0', '\n\x00\x00\x00\x00\x00\x00\x00\x00\x00', '\n\x00\x00\x00\x00\x00\x00\x00\x00\x00', '0', '0', '2021-03-02 10:26:44')
2021-03-02  10:26:44 Tue root INFO 成功添加数据
2021-03-02  10:26:44 Tue root INFO mes_plc_r4
2021-03-02  10:26:45 Tue root INFO 读取插入数据库数据：{'product_type': '\n\x02AA\x00\x00\x00\x00\x00\x00', 'r1_equipment_status': '2562', 'fail_code': '16962', 'recerve': '0', 'prod_num': 0, 'r1_rob_no': '0', 'r1_weld_line_no': '0', 'r1_electric': '9.727692471237622e-22', 'r1_voltage': '2.802596928649634e-45', 'r1_speed': '1.3775324423698682e-38', 'r1_job': '17208', 'r2_rob_no': '3717', 'r2_weld_line_no': '16721', 'r2_electric': '-1.6047303883528737e-22', 'r2_voltage': '0.0', 'r2_speed': '0.0', 'r2_job': '0', 'replace_status': '0', 'part_status': '0', 'r1_protective_gas': '0', 'r1_welding_wire': '0', 'r2_protective_gas': '0', 'r2_welding_wire': '0', 'login_id': '\x00\x00\x00\x00\x00 \x00\x00\x00\x00', 'login_password': '\n\x00\x00\x00\x00\x00\x00\x00\x00\x00'}
2021-03-02  10:26:45 Tue root INFO ('\n\x02AA\x00\x00\x00\x00\x00\x00', '2562', '16962', 0, '0', '0', '9.727692471237622e-22', '2.802596928649634e-45', '1.3775324423698682e-38', '17208', '3717', '16721', '-1.6047303883528737e-22', '0.0', '0.0', '0', '0', '0', '0', '0', '0', '\x00\x00\x00\x00\x00 \x00\x00\x00\x00', '\n\x00\x00\x00\x00\x00\x00\x00\x00\x00', '0', '0', '2021-03-02 10:26:45')
2021-03-02  10:26:45 Tue root INFO 成功添加数据
2021-03-02  10:26:45 Tue root INFO mes_plc_r5
2021-03-02  10:26:45 Tue root INFO 读取插入数据库数据：{'product_type': '\n\x00\x00\x00\x00\x00\x00\x00\x00\x00', 'r1_equipment_status': '2560', 'fail_code': '0', 'recerve': '0', 'prod_num': 0, 'r1_rob_no': '0', 'r1_weld_line_no': '0', 'r1_electric': '1.8870057723865944e-24', 'r1_voltage': '0.0', 'r1_speed': '0.0', 'r1_job': '17204', 'r2_rob_no': '-16801', 'r2_weld_line_no': '16726', 'r2_electric': '-20266876928.0', 'r2_voltage': '0.0', 'r2_speed': '0.0', 'r2_job': '17204', 'replace_status': '13654', 'part_status': '16725', 'r1_protective_gas': '304', 'r1_welding_wire': '0', 'r2_protective_gas': '0', 'r2_welding_wire': '0', 'login_id': '\x00\x00\x00\x00\x00\x00\x00\x00\x00\x00', 'login_password': '\n\x00\x00\x00\x00\x00\x00\x00\x00\x00'}
2021-03-02  10:26:45 Tue root INFO ('\n\x00\x00\x00\x00\x00\x00\x00\x00\x00', '2560', '0', 0, '0', '0', '1.8870057723865944e-24', '0.0', '0.0', '17204', '-16801', '16726', '-20266876928.0', '0.0', '0.0', '17204', '13654', '304', '0', '0', '0', '\x00\x00\x00\x00\x00\x00\x00\x00\x00\x00', '\n\x00\x00\x00\x00\x00\x00\x00\x00\x00', '16725', '0', '2021-03-02 10:26:45')
2021-03-02  10:26:45 Tue root INFO 成功添加数据
2021-03-02  10:26:45 Tue root INFO mes_plc_r6
2021-03-02  10:26:45 Tue root INFO 读取插入数据库数据：{'product_type': '\n\x00\x00\x00\x00\x00\x00\x00\x00\x00', 'r1_equipment_status': '2560', 'fail_code': '0', 'recerve': '0', 'prod_num': 0, 'r1_rob_no': '0', 'r1_weld_line_no': '0', 'r1_electric': '0.0', 'r1_voltage': '9.183815862507343e-40', 'r1_speed': '0.0', 'r1_job': '0', 'r2_rob_no': '0', 'r2_weld_line_no': '0', 'r2_electric': '0.0', 'r2_voltage': '0.0', 'r2_speed': '0.0', 'r2_job': '0', 'replace_status': '0', 'part_status': '0', 'r1_protective_gas': '0', 'r1_welding_wire': '0', 'r2_protective_gas': '0', 'r2_welding_wire': '0', 'login_id': '\x00\x00\x00\x00\x00\x00\x00\x00\x00\x00', 'login_password': '\n\x00\x00\x00\x00\x00\x00\x00\x00\x00'}
2021-03-02  10:26:45 Tue root INFO ('\n\x00\x00\x00\x00\x00\x00\x00\x00\x00', '2560', '0', 0, '0', '0', '0.0', '9.183815862507343e-40', '0.0', '0', '0', '0', '0.0', '0.0', '0.0', '0', '0', '0', '0', '0', '0', '\x00\x00\x00\x00\x00\x00\x00\x00\x00\x00', '\n\x00\x00\x00\x00\x00\x00\x00\x00\x00', '0', '0', '2021-03-02 10:26:45')
2021-03-02  10:26:45 Tue root INFO 成功添加数据
2021-03-02  10:27:45 Tue root INFO plc连接状态:[1, 1, 1, 1, 1, 1]
2021-03-02  10:27:45 Tue root INFO mes_plc
2021-03-02  10:27:46 Tue root INFO 读取插入数据库数据：{'product_type': '\n\x07250 YDG\x00', 'r1_equipment_status': '2567', 'fail_code': '12853', 'recerve': '12320', 'prod_num': 23108, 'r1_rob_no': '18176', 'r1_weld_line_no': '0', 'r1_electric': '1.0654138796264848e-21', 'r1_voltage': '6.025583396596713e-44', 'r1_speed': '3.6734198463196485e-40', 'r1_job': '17206', 'r2_rob_no': '20063', 'r2_weld_line_no': '16724', 'r2_electric': '-0.002960205078125', 'r2_voltage': '0.0', 'r2_speed': '9.550891600431086e-39', 'r2_job': '0', 'replace_status': '0', 'part_status': '0', 'r1_protective_gas': '0', 'r1_welding_wire': '0', 'r2_protective_gas': '0', 'r2_welding_wire': '0', 'login_id': '\x00\x00\x00\x00\x01<\x00\x00\x00\x00', 'login_password': '\n\x00\x00\x00\x00\x00\x00\x00\x00\x00'}
2021-03-02  10:27:46 Tue root INFO ('\n\x07250 YDG\x00', '2567', '12853', 23108, '18176', '0', '1.0654138796264848e-21', '6.025583396596713e-44', '3.6734198463196485e-40', '17206', '20063', '16724', '-0.002960205078125', '0.0', '9.550891600431086e-39', '0', '0', '0', '0', '0', '0', '\x00\x00\x00\x00\x01<\x00\x00\x00\x00', '\n\x00\x00\x00\x00\x00\x00\x00\x00\x00', '0', '12320', '2021-03-02 10:27:46')
2021-03-02  10:27:46 Tue root INFO 成功添加数据
2021-03-02  10:27:46 Tue root INFO mes_plc_r2
2021-03-02  10:27:46 Tue root INFO 读取插入数据库数据：{'product_type': '\n\x07250 TJ2\x00', 'r1_equipment_status': '0', 'fail_code': '0', 'recerve': '0', 'prod_num': 426, 'r1_rob_no': '104', 'r1_weld_line_no': '0', 'r1_electric': '0.0', 'r1_voltage': '0.0', 'r1_speed': '0.0', 'r1_job': '0', 'r2_rob_no': '0', 'r2_weld_line_no': '0', 'r2_electric': '0.0', 'r2_voltage': '0.0', 'r2_speed': '0.0', 'r2_job': '0', 'replace_status': '0', 'part_status': '0', 'r1_protective_gas': '0', 'r1_welding_wire': '0', 'r2_protective_gas': '0', 'r2_welding_wire': '0', 'login_id': '\n\x00\x00\x00\x00\x00\x00\x00\x00\x00', 'login_password': '\n\x00\x00\x00\x00\x00\x00\x00\x00\x00'}
2021-03-02  10:27:46 Tue root INFO ('\n\x07250 TJ2\x00', '0', '0', 426, '104', '0', '0.0', '0.0', '0.0', '0', '0', '0', '0.0', '0.0', '0.0', '0', '0', '0', '0', '0', '0', '\n\x00\x00\x00\x00\x00\x00\x00\x00\x00', '\n\x00\x00\x00\x00\x00\x00\x00\x00\x00', '0', '0', '2021-03-02 10:27:46')
2021-03-02  10:27:46 Tue root INFO 成功添加数据
2021-03-02  10:27:46 Tue root INFO mes_plc_r3
2021-03-02  10:27:46 Tue root INFO 读取插入数据库数据：{'product_type': '\n\x07250 TJ3\x00', 'r1_equipment_status': '0', 'fail_code': '0', 'recerve': '0', 'prod_num': 427, 'r1_rob_no': '4', 'r1_weld_line_no': '0', 'r1_electric': '184.38946533203125', 'r1_voltage': '13.816550254821777', 'r1_speed': '0.0', 'r1_job': '0', 'r2_rob_no': '0', 'r2_weld_line_no': '0', 'r2_electric': '0.0', 'r2_voltage': '0.0', 'r2_speed': '0.0', 'r2_job': '0', 'replace_status': '0', 'part_status': '0', 'r1_protective_gas': '0', 'r1_welding_wire': '0', 'r2_protective_gas': '0', 'r2_welding_wire': '0', 'login_id': '\n\x00\x00\x00\x00\x00\x00\x00\x00\x00', 'login_password': '\n\x00\x00\x00\x00\x00\x00\x00\x00\x00'}
2021-03-02  10:27:46 Tue root INFO ('\n\x07250 TJ3\x00', '0', '0', 427, '4', '0', '184.38946533203125', '13.816550254821777', '0.0', '0', '0', '0', '0.0', '0.0', '0.0', '0', '0', '0', '0', '0', '0', '\n\x00\x00\x00\x00\x00\x00\x00\x00\x00', '\n\x00\x00\x00\x00\x00\x00\x00\x00\x00', '0', '0', '2021-03-02 10:27:46')
2021-03-02  10:27:46 Tue root INFO 成功添加数据
2021-03-02  10:27:46 Tue root INFO mes_plc_r4
2021-03-02  10:27:46 Tue root INFO 读取插入数据库数据：{'product_type': '\n\x02AA\x00\x00\x00\x00\x00\x00', 'r1_equipment_status': '2562', 'fail_code': '16962', 'recerve': '0', 'prod_num': 0, 'r1_rob_no': '0', 'r1_weld_line_no': '0', 'r1_electric': '9.727692471237622e-22', 'r1_voltage': '2.802596928649634e-45', 'r1_speed': '1.3775324423698682e-38', 'r1_job': '17208', 'r2_rob_no': '4665', 'r2_weld_line_no': '16721', 'r2_electric': '-1.2967404927621828e-13', 'r2_voltage': '0.0', 'r2_speed': '0.0', 'r2_job': '0', 'replace_status': '0', 'part_status': '0', 'r1_protective_gas': '0', 'r1_welding_wire': '0', 'r2_protective_gas': '0', 'r2_welding_wire': '0', 'login_id': '\x00\x00\x00\x00\x00 \x00\x00\x00\x00', 'login_password': '\n\x00\x00\x00\x00\x00\x00\x00\x00\x00'}
2021-03-02  10:27:46 Tue root INFO ('\n\x02AA\x00\x00\x00\x00\x00\x00', '2562', '16962', 0, '0', '0', '9.727692471237622e-22', '2.802596928649634e-45', '1.3775324423698682e-38', '17208', '4665', '16721', '-1.2967404927621828e-13', '0.0', '0.0', '0', '0', '0', '0', '0', '0', '\x00\x00\x00\x00\x00 \x00\x00\x00\x00', '\n\x00\x00\x00\x00\x00\x00\x00\x00\x00', '0', '0', '2021-03-02 10:27:46')
2021-03-02  10:27:46 Tue root INFO 成功添加数据
2021-03-02  10:27:46 Tue root INFO mes_plc_r5
2021-03-02  10:27:47 Tue root INFO 读取插入数据库数据：{'product_type': '\n\x00\x00\x00\x00\x00\x00\x00\x00\x00', 'r1_equipment_status': '2560', 'fail_code': '0', 'recerve': '0', 'prod_num': 0, 'r1_rob_no': '0', 'r1_weld_line_no': '0', 'r1_electric': '1.8870057723865944e-24', 'r1_voltage': '0.0', 'r1_speed': '0.0', 'r1_job': '17204', 'r2_rob_no': '-18697', 'r2_weld_line_no': '16726', 'r2_electric': '0.0147705078125', 'r2_voltage': '0.0', 'r2_speed': '0.0', 'r2_job': '17204', 'replace_status': '17446', 'part_status': '16726', 'r1_protective_gas': '304', 'r1_welding_wire': '0', 'r2_protective_gas': '0', 'r2_welding_wire': '0', 'login_id': '\x00\x00\x00\x00\x00\x00\x00\x00\x00\x00', 'login_password': '\n\x00\x00\x00\x00\x00\x00\x00\x00\x00'}
2021-03-02  10:27:47 Tue root INFO ('\n\x00\x00\x00\x00\x00\x00\x00\x00\x00', '2560', '0', 0, '0', '0', '1.8870057723865944e-24', '0.0', '0.0', '17204', '-18697', '16726', '0.0147705078125', '0.0', '0.0', '17204', '17446', '304', '0', '0', '0', '\x00\x00\x00\x00\x00\x00\x00\x00\x00\x00', '\n\x00\x00\x00\x00\x00\x00\x00\x00\x00', '16726', '0', '2021-03-02 10:27:47')
2021-03-02  10:27:47 Tue root INFO 成功添加数据
2021-03-02  10:27:47 Tue root INFO mes_plc_r6
2021-03-02  10:27:47 Tue root INFO 读取插入数据库数据：{'product_type': '\n\x00\x00\x00\x00\x00\x00\x00\x00\x00', 'r1_equipment_status': '2560', 'fail_code': '0', 'recerve': '0', 'prod_num': 0, 'r1_rob_no': '0', 'r1_weld_line_no': '0', 'r1_electric': '0.0', 'r1_voltage': '9.183815862507343e-40', 'r1_speed': '0.0', 'r1_job': '0', 'r2_rob_no': '0', 'r2_weld_line_no': '0', 'r2_electric': '0.0', 'r2_voltage': '0.0', 'r2_speed': '0.0', 'r2_job': '0', 'replace_status': '0', 'part_status': '0', 'r1_protective_gas': '0', 'r1_welding_wire': '0', 'r2_protective_gas': '0', 'r2_welding_wire': '0', 'login_id': '\x00\x00\x00\x00\x00\x00\x00\x00\x00\x00', 'login_password': '\n\x00\x00\x00\x00\x00\x00\x00\x00\x00'}
2021-03-02  10:27:47 Tue root INFO ('\n\x00\x00\x00\x00\x00\x00\x00\x00\x00', '2560', '0', 0, '0', '0', '0.0', '9.183815862507343e-40', '0.0', '0', '0', '0', '0.0', '0.0', '0.0', '0', '0', '0', '0', '0', '0', '\x00\x00\x00\x00\x00\x00\x00\x00\x00\x00', '\n\x00\x00\x00\x00\x00\x00\x00\x00\x00', '0', '0', '2021-03-02 10:27:47')
2021-03-02  10:27:47 Tue root INFO 成功添加数据
2021-03-02  10:28:47 Tue root INFO plc连接状态:[1, 1, 1, 1, 1, 1]
2021-03-02  10:28:47 Tue root INFO mes_plc
2021-03-02  10:28:47 Tue root INFO 读取插入数据库数据：{'product_type': '\n\x07250 YDG\x00', 'r1_equipment_status': '2567', 'fail_code': '12853', 'recerve': '12320', 'prod_num': 23108, 'r1_rob_no': '18176', 'r1_weld_line_no': '0', 'r1_electric': '1.0654138796264848e-21', 'r1_voltage': '6.025583396596713e-44', 'r1_speed': '3.6734198463196485e-40', 'r1_job': '17206', 'r2_rob_no': '20063', 'r2_weld_line_no': '16724', 'r2_electric': '-3.439026841078885e-12', 'r2_voltage': '0.0', 'r2_speed': '9.550891600431086e-39', 'r2_job': '0', 'replace_status': '0', 'part_status': '0', 'r1_protective_gas': '0', 'r1_welding_wire': '0', 'r2_protective_gas': '0', 'r2_welding_wire': '0', 'login_id': '\x00\x00\x00\x00\x01<\x00\x00\x00\x00', 'login_password': '\n\x00\x00\x00\x00\x00\x00\x00\x00\x00'}
2021-03-02  10:28:47 Tue root INFO ('\n\x07250 YDG\x00', '2567', '12853', 23108, '18176', '0', '1.0654138796264848e-21', '6.025583396596713e-44', '3.6734198463196485e-40', '17206', '20063', '16724', '-3.439026841078885e-12', '0.0', '9.550891600431086e-39', '0', '0', '0', '0', '0', '0', '\x00\x00\x00\x00\x01<\x00\x00\x00\x00', '\n\x00\x00\x00\x00\x00\x00\x00\x00\x00', '0', '12320', '2021-03-02 10:28:47')
2021-03-02  10:28:47 Tue root INFO 成功添加数据
2021-03-02  10:28:47 Tue root INFO mes_plc_r2
2021-03-02  10:28:48 Tue root INFO 读取插入数据库数据：{'product_type': '\n\x07250 TJ2\x00', 'r1_equipment_status': '0', 'fail_code': '0', 'recerve': '0', 'prod_num': 426, 'r1_rob_no': '104', 'r1_weld_line_no': '0', 'r1_electric': '0.0', 'r1_voltage': '0.0', 'r1_speed': '0.0', 'r1_job': '0', 'r2_rob_no': '0', 'r2_weld_line_no': '0', 'r2_electric': '0.0', 'r2_voltage': '0.0', 'r2_speed': '0.0', 'r2_job': '0', 'replace_status': '0', 'part_status': '0', 'r1_protective_gas': '0', 'r1_welding_wire': '0', 'r2_protective_gas': '0', 'r2_welding_wire': '0', 'login_id': '\n\x00\x00\x00\x00\x00\x00\x00\x00\x00', 'login_password': '\n\x00\x00\x00\x00\x00\x00\x00\x00\x00'}
2021-03-02  10:28:48 Tue root INFO ('\n\x07250 TJ2\x00', '0', '0', 426, '104', '0', '0.0', '0.0', '0.0', '0', '0', '0', '0.0', '0.0', '0.0', '0', '0', '0', '0', '0', '0', '\n\x00\x00\x00\x00\x00\x00\x00\x00\x00', '\n\x00\x00\x00\x00\x00\x00\x00\x00\x00', '0', '0', '2021-03-02 10:28:48')
2021-03-02  10:28:48 Tue root INFO 成功添加数据
2021-03-02  10:28:48 Tue root INFO mes_plc_r3
2021-03-02  10:28:48 Tue root INFO 读取插入数据库数据：{'product_type': '\n\x07250 TJ3\x00', 'r1_equipment_status': '0', 'fail_code': '0', 'recerve': '0', 'prod_num': 427, 'r1_rob_no': '4', 'r1_weld_line_no': '0', 'r1_electric': '184.43287658691406', 'r1_voltage': '13.823784828186035', 'r1_speed': '0.0', 'r1_job': '0', 'r2_rob_no': '0', 'r2_weld_line_no': '0', 'r2_electric': '0.0', 'r2_voltage': '0.0', 'r2_speed': '0.0', 'r2_job': '0', 'replace_status': '0', 'part_status': '0', 'r1_protective_gas': '0', 'r1_welding_wire': '0', 'r2_protective_gas': '0', 'r2_welding_wire': '0', 'login_id': '\n\x00\x00\x00\x00\x00\x00\x00\x00\x00', 'login_password': '\n\x00\x00\x00\x00\x00\x00\x00\x00\x00'}
2021-03-02  10:28:48 Tue root INFO ('\n\x07250 TJ3\x00', '0', '0', 427, '4', '0', '184.43287658691406', '13.823784828186035', '0.0', '0', '0', '0', '0.0', '0.0', '0.0', '0', '0', '0', '0', '0', '0', '\n\x00\x00\x00\x00\x00\x00\x00\x00\x00', '\n\x00\x00\x00\x00\x00\x00\x00\x00\x00', '0', '0', '2021-03-02 10:28:48')
2021-03-02  10:28:48 Tue root INFO 成功添加数据
2021-03-02  10:28:48 Tue root INFO mes_plc_r4
2021-03-02  10:28:48 Tue root INFO 读取插入数据库数据：{'product_type': '\n\x02AA\x00\x00\x00\x00\x00\x00', 'r1_equipment_status': '2562', 'fail_code': '16962', 'recerve': '0', 'prod_num': 0, 'r1_rob_no': '0', 'r1_weld_line_no': '0', 'r1_electric': '9.727692471237622e-22', 'r1_voltage': '2.802596928649634e-45', 'r1_speed': '1.3775324423698682e-38', 'r1_job': '17208', 'r2_rob_no': '4665', 'r2_weld_line_no': '16721', 'r2_electric': '-6.286650380320215e+22', 'r2_voltage': '0.0', 'r2_speed': '0.0', 'r2_job': '0', 'replace_status': '0', 'part_status': '0', 'r1_protective_gas': '0', 'r1_welding_wire': '0', 'r2_protective_gas': '0', 'r2_welding_wire': '0', 'login_id': '\x00\x00\x00\x00\x00 \x00\x00\x00\x00', 'login_password': '\n\x00\x00\x00\x00\x00\x00\x00\x00\x00'}
2021-03-02  10:28:48 Tue root INFO ('\n\x02AA\x00\x00\x00\x00\x00\x00', '2562', '16962', 0, '0', '0', '9.727692471237622e-22', '2.802596928649634e-45', '1.3775324423698682e-38', '17208', '4665', '16721', '-6.286650380320215e+22', '0.0', '0.0', '0', '0', '0', '0', '0', '0', '\x00\x00\x00\x00\x00 \x00\x00\x00\x00', '\n\x00\x00\x00\x00\x00\x00\x00\x00\x00', '0', '0', '2021-03-02 10:28:48')
2021-03-02  10:28:48 Tue root INFO 成功添加数据
2021-03-02  10:28:48 Tue root INFO mes_plc_r5
2021-03-02  10:28:49 Tue root INFO 读取插入数据库数据：{'product_type': '\n\x00\x00\x00\x00\x00\x00\x00\x00\x00', 'r1_equipment_status': '2560', 'fail_code': '0', 'recerve': '0', 'prod_num': 0, 'r1_rob_no': '0', 'r1_weld_line_no': '0', 'r1_electric': '1.8870057723865944e-24', 'r1_voltage': '0.0', 'r1_speed': '0.0', 'r1_job': '17204', 'r2_rob_no': '-18697', 'r2_weld_line_no': '16726', 'r2_electric': '-1.678941941083721e+19', 'r2_voltage': '0.0', 'r2_speed': '0.0', 'r2_job': '17204', 'replace_status': '12705', 'part_status': '16726', 'r1_protective_gas': '304', 'r1_welding_wire': '0', 'r2_protective_gas': '0', 'r2_welding_wire': '0', 'login_id': '\x00\x00\x00\x00\x00\x00\x00\x00\x00\x00', 'login_password': '\n\x00\x00\x00\x00\x00\x00\x00\x00\x00'}
2021-03-02  10:28:49 Tue root INFO ('\n\x00\x00\x00\x00\x00\x00\x00\x00\x00', '2560', '0', 0, '0', '0', '1.8870057723865944e-24', '0.0', '0.0', '17204', '-18697', '16726', '-1.678941941083721e+19', '0.0', '0.0', '17204', '12705', '304', '0', '0', '0', '\x00\x00\x00\x00\x00\x00\x00\x00\x00\x00', '\n\x00\x00\x00\x00\x00\x00\x00\x00\x00', '16726', '0', '2021-03-02 10:28:49')
2021-03-02  10:28:49 Tue root INFO 成功添加数据
2021-03-02  10:28:49 Tue root INFO mes_plc_r6
2021-03-02  10:28:49 Tue root INFO 读取插入数据库数据：{'product_type': '\n\x00\x00\x00\x00\x00\x00\x00\x00\x00', 'r1_equipment_status': '2560', 'fail_code': '0', 'recerve': '0', 'prod_num': 0, 'r1_rob_no': '0', 'r1_weld_line_no': '0', 'r1_electric': '0.0', 'r1_voltage': '9.183815862507343e-40', 'r1_speed': '0.0', 'r1_job': '0', 'r2_rob_no': '0', 'r2_weld_line_no': '0', 'r2_electric': '0.0', 'r2_voltage': '0.0', 'r2_speed': '0.0', 'r2_job': '0', 'replace_status': '0', 'part_status': '0', 'r1_protective_gas': '0', 'r1_welding_wire': '0', 'r2_protective_gas': '0', 'r2_welding_wire': '0', 'login_id': '\x00\x00\x00\x00\x00\x00\x00\x00\x00\x00', 'login_password': '\n\x00\x00\x00\x00\x00\x00\x00\x00\x00'}
2021-03-02  10:28:49 Tue root INFO ('\n\x00\x00\x00\x00\x00\x00\x00\x00\x00', '2560', '0', 0, '0', '0', '0.0', '9.183815862507343e-40', '0.0', '0', '0', '0', '0.0', '0.0', '0.0', '0', '0', '0', '0', '0', '0', '\x00\x00\x00\x00\x00\x00\x00\x00\x00\x00', '\n\x00\x00\x00\x00\x00\x00\x00\x00\x00', '0', '0', '2021-03-02 10:28:49')
2021-03-02  10:28:49 Tue root INFO 成功添加数据
2021-03-02  10:29:49 Tue root INFO plc连接状态:[1, 1, 1, 1, 1, 1]
2021-03-02  10:29:49 Tue root INFO mes_plc
2021-03-02  10:29:49 Tue root INFO 读取插入数据库数据：{'product_type': '\n\x07250 YDG\x00', 'r1_equipment_status': '2567', 'fail_code': '12853', 'recerve': '12320', 'prod_num': 23108, 'r1_rob_no': '18176', 'r1_weld_line_no': '0', 'r1_electric': '6.65883674766553e-23', 'r1_voltage': '6.165713243029195e-44', 'r1_speed': '3.6734198463196485e-40', 'r1_job': '17206', 'r2_rob_no': '14374', 'r2_weld_line_no': '17133', 'r2_electric': '2.4375050858650954e-34', 'r2_voltage': '0.0', 'r2_speed': '9.550891600431086e-39', 'r2_job': '0', 'replace_status': '0', 'part_status': '0', 'r1_protective_gas': '0', 'r1_welding_wire': '0', 'r2_protective_gas': '0', 'r2_welding_wire': '0', 'login_id': '\x00\x00\x00\x00\x01L\x00\x00\x00\x00', 'login_password': '\n\x00\x00\x00\x00\x00\x00\x00\x00\x00'}
2021-03-02  10:29:49 Tue root INFO ('\n\x07250 YDG\x00', '2567', '12853', 23108, '18176', '0', '6.65883674766553e-23', '6.165713243029195e-44', '3.6734198463196485e-40', '17206', '14374', '17133', '2.4375050858650954e-34', '0.0', '9.550891600431086e-39', '0', '0', '0', '0', '0', '0', '\x00\x00\x00\x00\x01L\x00\x00\x00\x00', '\n\x00\x00\x00\x00\x00\x00\x00\x00\x00', '0', '12320', '2021-03-02 10:29:49')
2021-03-02  10:29:49 Tue root INFO 成功添加数据
2021-03-02  10:29:49 Tue root INFO mes_plc_r2
2021-03-02  10:29:49 Tue root INFO 读取插入数据库数据：{'product_type': '\n\x07250 TJ1\x00', 'r1_equipment_status': '0', 'fail_code': '0', 'recerve': '0', 'prod_num': 427, 'r1_rob_no': '4', 'r1_weld_line_no': '0', 'r1_electric': '0.0', 'r1_voltage': '0.0', 'r1_speed': '0.0', 'r1_job': '0', 'r2_rob_no': '0', 'r2_weld_line_no': '0', 'r2_electric': '0.0', 'r2_voltage': '0.0', 'r2_speed': '0.0', 'r2_job': '0', 'replace_status': '0', 'part_status': '0', 'r1_protective_gas': '0', 'r1_welding_wire': '0', 'r2_protective_gas': '0', 'r2_welding_wire': '0', 'login_id': '\n\x00\x00\x00\x00\x00\x00\x00\x00\x00', 'login_password': '\n\x00\x00\x00\x00\x00\x00\x00\x00\x00'}
2021-03-02  10:29:49 Tue root INFO ('\n\x07250 TJ1\x00', '0', '0', 427, '4', '0', '0.0', '0.0', '0.0', '0', '0', '0', '0.0', '0.0', '0.0', '0', '0', '0', '0', '0', '0', '\n\x00\x00\x00\x00\x00\x00\x00\x00\x00', '\n\x00\x00\x00\x00\x00\x00\x00\x00\x00', '0', '0', '2021-03-02 10:29:49')
2021-03-02  10:29:49 Tue root INFO 成功添加数据
2021-03-02  10:29:49 Tue root INFO mes_plc_r3
2021-03-02  10:29:50 Tue root INFO 读取插入数据库数据：{'product_type': '\n\x07250 TJ3\x00', 'r1_equipment_status': '0', 'fail_code': '0', 'recerve': '0', 'prod_num': 427, 'r1_rob_no': '4', 'r1_weld_line_no': '0', 'r1_electric': '184.43287658691406', 'r1_voltage': '13.820168495178223', 'r1_speed': '0.0', 'r1_job': '0', 'r2_rob_no': '0', 'r2_weld_line_no': '0', 'r2_electric': '0.0', 'r2_voltage': '0.0', 'r2_speed': '0.0', 'r2_job': '0', 'replace_status': '0', 'part_status': '0', 'r1_protective_gas': '0', 'r1_welding_wire': '0', 'r2_protective_gas': '0', 'r2_welding_wire': '0', 'login_id': '\n\x00\x00\x00\x00\x00\x00\x00\x00\x00', 'login_password': '\n\x00\x00\x00\x00\x00\x00\x00\x00\x00'}
2021-03-02  10:29:50 Tue root INFO ('\n\x07250 TJ3\x00', '0', '0', 427, '4', '0', '184.43287658691406', '13.820168495178223', '0.0', '0', '0', '0', '0.0', '0.0', '0.0', '0', '0', '0', '0', '0', '0', '\n\x00\x00\x00\x00\x00\x00\x00\x00\x00', '\n\x00\x00\x00\x00\x00\x00\x00\x00\x00', '0', '0', '2021-03-02 10:29:50')
2021-03-02  10:29:50 Tue root INFO 成功添加数据
2021-03-02  10:29:50 Tue root INFO mes_plc_r4
2021-03-02  10:29:50 Tue root INFO 读取插入数据库数据：{'product_type': '\n\x02AA\x00\x00\x00\x00\x00\x00', 'r1_equipment_status': '2562', 'fail_code': '16962', 'recerve': '0', 'prod_num': 0, 'r1_rob_no': '0', 'r1_weld_line_no': '0', 'r1_electric': '9.727692471237622e-22', 'r1_voltage': '2.802596928649634e-45', 'r1_speed': '1.3775324423698682e-38', 'r1_job': '17208', 'r2_rob_no': '1821', 'r2_weld_line_no': '16721', 'r2_electric': '-73117523247104.0', 'r2_voltage': '0.0', 'r2_speed': '0.0', 'r2_job': '0', 'replace_status': '0', 'part_status': '0', 'r1_protective_gas': '0', 'r1_welding_wire': '0', 'r2_protective_gas': '0', 'r2_welding_wire': '0', 'login_id': '\x00\x00\x00\x00\x00 \x00\x00\x00\x00', 'login_password': '\n\x00\x00\x00\x00\x00\x00\x00\x00\x00'}
2021-03-02  10:29:50 Tue root INFO ('\n\x02AA\x00\x00\x00\x00\x00\x00', '2562', '16962', 0, '0', '0', '9.727692471237622e-22', '2.802596928649634e-45', '1.3775324423698682e-38', '17208', '1821', '16721', '-73117523247104.0', '0.0', '0.0', '0', '0', '0', '0', '0', '0', '\x00\x00\x00\x00\x00 \x00\x00\x00\x00', '\n\x00\x00\x00\x00\x00\x00\x00\x00\x00', '0', '0', '2021-03-02 10:29:50')
2021-03-02  10:29:50 Tue root INFO 成功添加数据
2021-03-02  10:29:50 Tue root INFO mes_plc_r5
2021-03-02  10:29:50 Tue root INFO 读取插入数据库数据：{'product_type': '\n\x00\x00\x00\x00\x00\x00\x00\x00\x00', 'r1_equipment_status': '2560', 'fail_code': '0', 'recerve': '0', 'prod_num': 0, 'r1_rob_no': '0', 'r1_weld_line_no': '0', 'r1_electric': '1.8870057723865944e-24', 'r1_voltage': '0.0', 'r1_speed': '0.0', 'r1_job': '17204', 'r2_rob_no': '-21542', 'r2_weld_line_no': '16726', 'r2_electric': '12713984.0', 'r2_voltage': '0.0', 'r2_speed': '0.0', 'r2_job': '17204', 'replace_status': '12705', 'part_status': '16726', 'r1_protective_gas': '7888', 'r1_welding_wire': '0', 'r2_protective_gas': '0', 'r2_welding_wire': '0', 'login_id': '\x00\x00\x00\x00\x00\x00\x00\x00\x00\x00', 'login_password': '\n\x00\x00\x00\x00\x00\x00\x00\x00\x00'}
2021-03-02  10:29:50 Tue root INFO ('\n\x00\x00\x00\x00\x00\x00\x00\x00\x00', '2560', '0', 0, '0', '0', '1.8870057723865944e-24', '0.0', '0.0', '17204', '-21542', '16726', '12713984.0', '0.0', '0.0', '17204', '12705', '7888', '0', '0', '0', '\x00\x00\x00\x00\x00\x00\x00\x00\x00\x00', '\n\x00\x00\x00\x00\x00\x00\x00\x00\x00', '16726', '0', '2021-03-02 10:29:50')
2021-03-02  10:29:50 Tue root INFO 成功添加数据
2021-03-02  10:29:50 Tue root INFO mes_plc_r6
2021-03-02  10:29:51 Tue root INFO 读取插入数据库数据：{'product_type': '\n\x00\x00\x00\x00\x00\x00\x00\x00\x00', 'r1_equipment_status': '2560', 'fail_code': '0', 'recerve': '0', 'prod_num': 0, 'r1_rob_no': '0', 'r1_weld_line_no': '0', 'r1_electric': '0.0', 'r1_voltage': '9.183815862507343e-40', 'r1_speed': '0.0', 'r1_job': '0', 'r2_rob_no': '0', 'r2_weld_line_no': '0', 'r2_electric': '0.0', 'r2_voltage': '0.0', 'r2_speed': '0.0', 'r2_job': '0', 'replace_status': '0', 'part_status': '0', 'r1_protective_gas': '0', 'r1_welding_wire': '0', 'r2_protective_gas': '0', 'r2_welding_wire': '0', 'login_id': '\x00\x00\x00\x00\x00\x00\x00\x00\x00\x00', 'login_password': '\n\x00\x00\x00\x00\x00\x00\x00\x00\x00'}
2021-03-02  10:29:51 Tue root INFO ('\n\x00\x00\x00\x00\x00\x00\x00\x00\x00', '2560', '0', 0, '0', '0', '0.0', '9.183815862507343e-40', '0.0', '0', '0', '0', '0.0', '0.0', '0.0', '0', '0', '0', '0', '0', '0', '\x00\x00\x00\x00\x00\x00\x00\x00\x00\x00', '\n\x00\x00\x00\x00\x00\x00\x00\x00\x00', '0', '0', '2021-03-02 10:29:51')
2021-03-02  10:29:51 Tue root INFO 成功添加数据
2021-03-02  10:30:51 Tue root INFO plc连接状态:[1, 1, 1, 1, 1, 1]
2021-03-02  10:30:51 Tue root INFO mes_plc
2021-03-02  10:30:51 Tue root INFO 读取插入数据库数据：{'product_type': '\n\x07250 YDG\x00', 'r1_equipment_status': '2567', 'fail_code': '12853', 'recerve': '12320', 'prod_num': 23108, 'r1_rob_no': '18176', 'r1_weld_line_no': '0', 'r1_electric': '1.0654138796264848e-21', 'r1_voltage': '6.165713243029195e-44', 'r1_speed': '3.6734198463196485e-40', 'r1_job': '17206', 'r2_rob_no': '16270', 'r2_weld_line_no': '16725', 'r2_electric': '1.001521186900589e-35', 'r2_voltage': '0.0', 'r2_speed': '9.550891600431086e-39', 'r2_job': '0', 'replace_status': '0', 'part_status': '0', 'r1_protective_gas': '0', 'r1_welding_wire': '0', 'r2_protective_gas': '0', 'r2_welding_wire': '0', 'login_id': '\x00\x00\x00\x00\x01Z\x00\x00\x00\x00', 'login_password': '\n\x00\x00\x00\x00\x00\x00\x00\x00\x00'}
2021-03-02  10:30:51 Tue root INFO ('\n\x07250 YDG\x00', '2567', '12853', 23108, '18176', '0', '1.0654138796264848e-21', '6.165713243029195e-44', '3.6734198463196485e-40', '17206', '16270', '16725', '1.001521186900589e-35', '0.0', '9.550891600431086e-39', '0', '0', '0', '0', '0', '0', '\x00\x00\x00\x00\x01Z\x00\x00\x00\x00', '\n\x00\x00\x00\x00\x00\x00\x00\x00\x00', '0', '12320', '2021-03-02 10:30:51')
2021-03-02  10:30:51 Tue root INFO 成功添加数据
2021-03-02  10:30:51 Tue root INFO mes_plc_r2
2021-03-02  10:30:51 Tue root INFO 读取插入数据库数据：{'product_type': '\n\x07250 TJ1\x00', 'r1_equipment_status': '0', 'fail_code': '0', 'recerve': '0', 'prod_num': 427, 'r1_rob_no': '4', 'r1_weld_line_no': '0', 'r1_electric': '0.0', 'r1_voltage': '0.0', 'r1_speed': '0.0', 'r1_job': '0', 'r2_rob_no': '0', 'r2_weld_line_no': '0', 'r2_electric': '0.0', 'r2_voltage': '0.0', 'r2_speed': '0.0', 'r2_job': '0', 'replace_status': '0', 'part_status': '0', 'r1_protective_gas': '0', 'r1_welding_wire': '0', 'r2_protective_gas': '0', 'r2_welding_wire': '0', 'login_id': '\n\x00\x00\x00\x00\x00\x00\x00\x00\x00', 'login_password': '\n\x00\x00\x00\x00\x00\x00\x00\x00\x00'}
2021-03-02  10:30:51 Tue root INFO ('\n\x07250 TJ1\x00', '0', '0', 427, '4', '0', '0.0', '0.0', '0.0', '0', '0', '0', '0.0', '0.0', '0.0', '0', '0', '0', '0', '0', '0', '\n\x00\x00\x00\x00\x00\x00\x00\x00\x00', '\n\x00\x00\x00\x00\x00\x00\x00\x00\x00', '0', '0', '2021-03-02 10:30:51')
2021-03-02  10:30:51 Tue root INFO 成功添加数据
2021-03-02  10:30:51 Tue root INFO mes_plc_r3
2021-03-02  10:30:52 Tue root INFO 读取插入数据库数据：{'product_type': '\n\x07250 TJ3\x00', 'r1_equipment_status': '0', 'fail_code': '0', 'recerve': '0', 'prod_num': 427, 'r1_rob_no': '4', 'r1_weld_line_no': '0', 'r1_electric': '184.46180725097656', 'r1_voltage': '13.816550254821777', 'r1_speed': '0.0', 'r1_job': '0', 'r2_rob_no': '0', 'r2_weld_line_no': '0', 'r2_electric': '0.0', 'r2_voltage': '0.0', 'r2_speed': '0.0', 'r2_job': '0', 'replace_status': '0', 'part_status': '0', 'r1_protective_gas': '0', 'r1_welding_wire': '0', 'r2_protective_gas': '0', 'r2_welding_wire': '0', 'login_id': '\n\x00\x00\x00\x00\x00\x00\x00\x00\x00', 'login_password': '\n\x00\x00\x00\x00\x00\x00\x00\x00\x00'}
2021-03-02  10:30:52 Tue root INFO ('\n\x07250 TJ3\x00', '0', '0', 427, '4', '0', '184.46180725097656', '13.816550254821777', '0.0', '0', '0', '0', '0.0', '0.0', '0.0', '0', '0', '0', '0', '0', '0', '\n\x00\x00\x00\x00\x00\x00\x00\x00\x00', '\n\x00\x00\x00\x00\x00\x00\x00\x00\x00', '0', '0', '2021-03-02 10:30:52')
2021-03-02  10:30:52 Tue root INFO 成功添加数据
2021-03-02  10:30:52 Tue root INFO mes_plc_r4
2021-03-02  10:30:52 Tue root INFO 读取插入数据库数据：{'product_type': '\n\x02AA\x00\x00\x00\x00\x00\x00', 'r1_equipment_status': '2562', 'fail_code': '16962', 'recerve': '0', 'prod_num': 0, 'r1_rob_no': '0', 'r1_weld_line_no': '0', 'r1_electric': '9.727692471237622e-22', 'r1_voltage': '2.802596928649634e-45', 'r1_speed': '1.3775324423698682e-38', 'r1_job': '17208', 'r2_rob_no': '2769', 'r2_weld_line_no': '16721', 'r2_electric': '-1.2967404927621828e-13', 'r2_voltage': '0.0', 'r2_speed': '0.0', 'r2_job': '0', 'replace_status': '0', 'part_status': '0', 'r1_protective_gas': '0', 'r1_welding_wire': '0', 'r2_protective_gas': '0', 'r2_welding_wire': '0', 'login_id': '\x00\x00\x00\x00\x00 \x00\x00\x00\x00', 'login_password': '\n\x00\x00\x00\x00\x00\x00\x00\x00\x00'}
2021-03-02  10:30:52 Tue root INFO ('\n\x02AA\x00\x00\x00\x00\x00\x00', '2562', '16962', 0, '0', '0', '9.727692471237622e-22', '2.802596928649634e-45', '1.3775324423698682e-38', '17208', '2769', '16721', '-1.2967404927621828e-13', '0.0', '0.0', '0', '0', '0', '0', '0', '0', '\x00\x00\x00\x00\x00 \x00\x00\x00\x00', '\n\x00\x00\x00\x00\x00\x00\x00\x00\x00', '0', '0', '2021-03-02 10:30:52')
2021-03-02  10:30:52 Tue root INFO 成功添加数据
2021-03-02  10:30:52 Tue root INFO mes_plc_r5
2021-03-02  10:30:52 Tue root INFO 读取插入数据库数据：{'product_type': '\n\x00\x00\x00\x00\x00\x00\x00\x00\x00', 'r1_equipment_status': '2560', 'fail_code': '0', 'recerve': '0', 'prod_num': 0, 'r1_rob_no': '0', 'r1_weld_line_no': '0', 'r1_electric': '1.8870057723865944e-24', 'r1_voltage': '0.0', 'r1_speed': '0.0', 'r1_job': '17204', 'r2_rob_no': '-22490', 'r2_weld_line_no': '16726', 'r2_electric': '-1.1381514713908342e+37', 'r2_voltage': '0.0', 'r2_speed': '0.0', 'r2_job': '17204', 'replace_status': '9861', 'part_status': '16726', 'r1_protective_gas': '304', 'r1_welding_wire': '0', 'r2_protective_gas': '0', 'r2_welding_wire': '0', 'login_id': '\x00\x00\x00\x00\x00\x00\x00\x00\x00\x00', 'login_password': '\n\x00\x00\x00\x00\x00\x00\x00\x00\x00'}
2021-03-02  10:30:52 Tue root INFO ('\n\x00\x00\x00\x00\x00\x00\x00\x00\x00', '2560', '0', 0, '0', '0', '1.8870057723865944e-24', '0.0', '0.0', '17204', '-22490', '16726', '-1.1381514713908342e+37', '0.0', '0.0', '17204', '9861', '304', '0', '0', '0', '\x00\x00\x00\x00\x00\x00\x00\x00\x00\x00', '\n\x00\x00\x00\x00\x00\x00\x00\x00\x00', '16726', '0', '2021-03-02 10:30:52')
2021-03-02  10:30:52 Tue root INFO 成功添加数据
2021-03-02  10:30:52 Tue root INFO mes_plc_r6
2021-03-02  10:30:53 Tue root INFO 读取插入数据库数据：{'product_type': '\n\x00\x00\x00\x00\x00\x00\x00\x00\x00', 'r1_equipment_status': '2560', 'fail_code': '0', 'recerve': '0', 'prod_num': 0, 'r1_rob_no': '0', 'r1_weld_line_no': '0', 'r1_electric': '0.0', 'r1_voltage': '9.183815862507343e-40', 'r1_speed': '0.0', 'r1_job': '0', 'r2_rob_no': '0', 'r2_weld_line_no': '0', 'r2_electric': '0.0', 'r2_voltage': '0.0', 'r2_speed': '0.0', 'r2_job': '0', 'replace_status': '0', 'part_status': '0', 'r1_protective_gas': '0', 'r1_welding_wire': '0', 'r2_protective_gas': '0', 'r2_welding_wire': '0', 'login_id': '\x00\x00\x00\x00\x00\x00\x00\x00\x00\x00', 'login_password': '\n\x00\x00\x00\x00\x00\x00\x00\x00\x00'}
2021-03-02  10:30:53 Tue root INFO ('\n\x00\x00\x00\x00\x00\x00\x00\x00\x00', '2560', '0', 0, '0', '0', '0.0', '9.183815862507343e-40', '0.0', '0', '0', '0', '0.0', '0.0', '0.0', '0', '0', '0', '0', '0', '0', '\x00\x00\x00\x00\x00\x00\x00\x00\x00\x00', '\n\x00\x00\x00\x00\x00\x00\x00\x00\x00', '0', '0', '2021-03-02 10:30:53')
2021-03-02  10:30:53 Tue root INFO 成功添加数据
2021-03-02  10:31:53 Tue root INFO plc连接状态:[1, 1, 1, 1, 1, 1]
2021-03-02  10:31:53 Tue root INFO mes_plc
2021-03-02  10:31:53 Tue root INFO 读取插入数据库数据：{'product_type': '\n\x07250 YDG\x00', 'r1_equipment_status': '2567', 'fail_code': '12853', 'recerve': '12320', 'prod_num': 23108, 'r1_rob_no': '18176', 'r1_weld_line_no': '0', 'r1_electric': '1.0654138796264848e-21', 'r1_voltage': '6.165713243029195e-44', 'r1_speed': '3.6734198463196485e-40', 'r1_job': '17206', 'r2_rob_no': '15322', 'r2_weld_line_no': '16724', 'r2_electric': '-2392064.0', 'r2_voltage': '0.0', 'r2_speed': '9.550891600431086e-39', 'r2_job': '0', 'replace_status': '0', 'part_status': '0', 'r1_protective_gas': '0', 'r1_welding_wire': '0', 'r2_protective_gas': '0', 'r2_welding_wire': '0', 'login_id': '\x00\x00\x00\x00\x01Z\x00\x00\x00\x00', 'login_password': '\n\x00\x00\x00\x00\x00\x00\x00\x00\x00'}
2021-03-02  10:31:53 Tue root INFO ('\n\x07250 YDG\x00', '2567', '12853', 23108, '18176', '0', '1.0654138796264848e-21', '6.165713243029195e-44', '3.6734198463196485e-40', '17206', '15322', '16724', '-2392064.0', '0.0', '9.550891600431086e-39', '0', '0', '0', '0', '0', '0', '\x00\x00\x00\x00\x01Z\x00\x00\x00\x00', '\n\x00\x00\x00\x00\x00\x00\x00\x00\x00', '0', '12320', '2021-03-02 10:31:53')
2021-03-02  10:31:53 Tue root INFO 成功添加数据
2021-03-02  10:31:53 Tue root INFO mes_plc_r2
2021-03-02  10:31:53 Tue root INFO 读取插入数据库数据：{'product_type': '\n\x07250 TJ1\x00', 'r1_equipment_status': '0', 'fail_code': '0', 'recerve': '0', 'prod_num': 427, 'r1_rob_no': '4', 'r1_weld_line_no': '0', 'r1_electric': '0.0', 'r1_voltage': '0.0', 'r1_speed': '0.0', 'r1_job': '0', 'r2_rob_no': '0', 'r2_weld_line_no': '0', 'r2_electric': '0.0', 'r2_voltage': '0.0', 'r2_speed': '0.0', 'r2_job': '0', 'replace_status': '0', 'part_status': '0', 'r1_protective_gas': '0', 'r1_welding_wire': '0', 'r2_protective_gas': '0', 'r2_welding_wire': '0', 'login_id': '\n\x00\x00\x00\x00\x00\x00\x00\x00\x00', 'login_password': '\n\x00\x00\x00\x00\x00\x00\x00\x00\x00'}
2021-03-02  10:31:53 Tue root INFO ('\n\x07250 TJ1\x00', '0', '0', 427, '4', '0', '0.0', '0.0', '0.0', '0', '0', '0', '0.0', '0.0', '0.0', '0', '0', '0', '0', '0', '0', '\n\x00\x00\x00\x00\x00\x00\x00\x00\x00', '\n\x00\x00\x00\x00\x00\x00\x00\x00\x00', '0', '0', '2021-03-02 10:31:53')
2021-03-02  10:31:53 Tue root INFO 成功添加数据
2021-03-02  10:31:53 Tue root INFO mes_plc_r3
2021-03-02  10:31:54 Tue root INFO 读取插入数据库数据：{'product_type': '\n\x07250 TJ3\x00', 'r1_equipment_status': '0', 'fail_code': '0', 'recerve': '0', 'prod_num': 427, 'r1_rob_no': '4', 'r1_weld_line_no': '0', 'r1_electric': '184.4762725830078', 'r1_voltage': '13.816550254821777', 'r1_speed': '0.0', 'r1_job': '0', 'r2_rob_no': '0', 'r2_weld_line_no': '0', 'r2_electric': '0.0', 'r2_voltage': '0.0', 'r2_speed': '0.0', 'r2_job': '0', 'replace_status': '0', 'part_status': '0', 'r1_protective_gas': '0', 'r1_welding_wire': '0', 'r2_protective_gas': '0', 'r2_welding_wire': '0', 'login_id': '\n\x00\x00\x00\x00\x00\x00\x00\x00\x00', 'login_password': '\n\x00\x00\x00\x00\x00\x00\x00\x00\x00'}
2021-03-02  10:31:54 Tue root INFO ('\n\x07250 TJ3\x00', '0', '0', 427, '4', '0', '184.4762725830078', '13.816550254821777', '0.0', '0', '0', '0', '0.0', '0.0', '0.0', '0', '0', '0', '0', '0', '0', '\n\x00\x00\x00\x00\x00\x00\x00\x00\x00', '\n\x00\x00\x00\x00\x00\x00\x00\x00\x00', '0', '0', '2021-03-02 10:31:54')
2021-03-02  10:31:54 Tue root INFO 成功添加数据
2021-03-02  10:31:54 Tue root INFO mes_plc_r4
2021-03-02  10:31:54 Tue root INFO 读取插入数据库数据：{'product_type': '\n\x02AA\x00\x00\x00\x00\x00\x00', 'r1_equipment_status': '2562', 'fail_code': '16962', 'recerve': '0', 'prod_num': 0, 'r1_rob_no': '0', 'r1_weld_line_no': '0', 'r1_electric': '9.727692471237622e-22', 'r1_voltage': '2.802596928649634e-45', 'r1_speed': '1.3775324423698682e-38', 'r1_job': '17208', 'r2_rob_no': '-76', 'r2_weld_line_no': '16721', 'r2_electric': '-92160.0', 'r2_voltage': '0.0', 'r2_speed': '0.0', 'r2_job': '0', 'replace_status': '0', 'part_status': '0', 'r1_protective_gas': '0', 'r1_welding_wire': '0', 'r2_protective_gas': '0', 'r2_welding_wire': '0', 'login_id': '\x00\x00\x00\x00\x00 \x00\x00\x00\x00', 'login_password': '\n\x00\x00\x00\x00\x00\x00\x00\x00\x00'}
2021-03-02  10:31:54 Tue root INFO ('\n\x02AA\x00\x00\x00\x00\x00\x00', '2562', '16962', 0, '0', '0', '9.727692471237622e-22', '2.802596928649634e-45', '1.3775324423698682e-38', '17208', '-76', '16721', '-92160.0', '0.0', '0.0', '0', '0', '0', '0', '0', '0', '\x00\x00\x00\x00\x00 \x00\x00\x00\x00', '\n\x00\x00\x00\x00\x00\x00\x00\x00\x00', '0', '0', '2021-03-02 10:31:54')
2021-03-02  10:31:54 Tue root INFO 成功添加数据
2021-03-02  10:31:54 Tue root INFO mes_plc_r5
2021-03-02  10:31:54 Tue root INFO 读取插入数据库数据：{'product_type': '\n\x00\x00\x00\x00\x00\x00\x00\x00\x00', 'r1_equipment_status': '2560', 'fail_code': '0', 'recerve': '0', 'prod_num': 0, 'r1_rob_no': '0', 'r1_weld_line_no': '0', 'r1_electric': '1.8870057723865944e-24', 'r1_voltage': '0.0', 'r1_speed': '0.0', 'r1_job': '17204', 'r2_rob_no': '-22490', 'r2_weld_line_no': '16726', 'r2_electric': '7.301667457314601e+33', 'r2_voltage': '0.0', 'r2_speed': '0.0', 'r2_job': '17204', 'replace_status': '8913', 'part_status': '16726', 'r1_protective_gas': '304', 'r1_welding_wire': '0', 'r2_protective_gas': '0', 'r2_welding_wire': '0', 'login_id': '\x00\x00\x00\x00\x00\x00\x00\x00\x00\x00', 'login_password': '\n\x00\x00\x00\x00\x00\x00\x00\x00\x00'}
2021-03-02  10:31:54 Tue root INFO ('\n\x00\x00\x00\x00\x00\x00\x00\x00\x00', '2560', '0', 0, '0', '0', '1.8870057723865944e-24', '0.0', '0.0', '17204', '-22490', '16726', '7.301667457314601e+33', '0.0', '0.0', '17204', '8913', '304', '0', '0', '0', '\x00\x00\x00\x00\x00\x00\x00\x00\x00\x00', '\n\x00\x00\x00\x00\x00\x00\x00\x00\x00', '16726', '0', '2021-03-02 10:31:54')
2021-03-02  10:31:54 Tue root INFO 成功添加数据
2021-03-02  10:31:54 Tue root INFO mes_plc_r6
2021-03-02  10:31:55 Tue root INFO 读取插入数据库数据：{'product_type': '\n\x00\x00\x00\x00\x00\x00\x00\x00\x00', 'r1_equipment_status': '2560', 'fail_code': '0', 'recerve': '0', 'prod_num': 0, 'r1_rob_no': '0', 'r1_weld_line_no': '0', 'r1_electric': '0.0', 'r1_voltage': '9.183815862507343e-40', 'r1_speed': '0.0', 'r1_job': '0', 'r2_rob_no': '0', 'r2_weld_line_no': '0', 'r2_electric': '0.0', 'r2_voltage': '0.0', 'r2_speed': '0.0', 'r2_job': '0', 'replace_status': '0', 'part_status': '0', 'r1_protective_gas': '0', 'r1_welding_wire': '0', 'r2_protective_gas': '0', 'r2_welding_wire': '0', 'login_id': '\x00\x00\x00\x00\x00\x00\x00\x00\x00\x00', 'login_password': '\n\x00\x00\x00\x00\x00\x00\x00\x00\x00'}
2021-03-02  10:31:55 Tue root INFO ('\n\x00\x00\x00\x00\x00\x00\x00\x00\x00', '2560', '0', 0, '0', '0', '0.0', '9.183815862507343e-40', '0.0', '0', '0', '0', '0.0', '0.0', '0.0', '0', '0', '0', '0', '0', '0', '\x00\x00\x00\x00\x00\x00\x00\x00\x00\x00', '\n\x00\x00\x00\x00\x00\x00\x00\x00\x00', '0', '0', '2021-03-02 10:31:55')
2021-03-02  10:31:55 Tue root INFO 成功添加数据
2021-03-02  10:32:55 Tue root INFO plc连接状态:[1, 1, 1, 1, 1, 1]
2021-03-02  10:32:55 Tue root INFO mes_plc
2021-03-02  10:32:55 Tue root INFO 读取插入数据库数据：{'product_type': '\n\x07250 YDG\x00', 'r1_equipment_status': '2567', 'fail_code': '12853', 'recerve': '12320', 'prod_num': 23108, 'r1_rob_no': '18176', 'r1_weld_line_no': '0', 'r1_electric': '1.0654138796264848e-21', 'r1_voltage': '6.165713243029195e-44', 'r1_speed': '3.6734198463196485e-40', 'r1_job': '17206', 'r2_rob_no': '15322', 'r2_weld_line_no': '16724', 'r2_electric': '-5.127595883936577e-30', 'r2_voltage': '0.0', 'r2_speed': '9.550891600431086e-39', 'r2_job': '0', 'replace_status': '0', 'part_status': '0', 'r1_protective_gas': '0', 'r1_welding_wire': '0', 'r2_protective_gas': '0', 'r2_welding_wire': '0', 'login_id': '\x00\x00\x00\x00\x01Z\x00\x00\x00\x00', 'login_password': '\n\x00\x00\x00\x00\x00\x00\x00\x00\x00'}
2021-03-02  10:32:55 Tue root INFO ('\n\x07250 YDG\x00', '2567', '12853', 23108, '18176', '0', '1.0654138796264848e-21', '6.165713243029195e-44', '3.6734198463196485e-40', '17206', '15322', '16724', '-5.127595883936577e-30', '0.0', '9.550891600431086e-39', '0', '0', '0', '0', '0', '0', '\x00\x00\x00\x00\x01Z\x00\x00\x00\x00', '\n\x00\x00\x00\x00\x00\x00\x00\x00\x00', '0', '12320', '2021-03-02 10:32:55')
2021-03-02  10:32:55 Tue root INFO 成功添加数据
2021-03-02  10:32:55 Tue root INFO mes_plc_r2
2021-03-02  10:32:55 Tue root INFO 读取插入数据库数据：{'product_type': '\n\x07250 TJ1\x00', 'r1_equipment_status': '0', 'fail_code': '0', 'recerve': '0', 'prod_num': 427, 'r1_rob_no': '4', 'r1_weld_line_no': '0', 'r1_electric': '0.0', 'r1_voltage': '0.0', 'r1_speed': '0.0', 'r1_job': '0', 'r2_rob_no': '0', 'r2_weld_line_no': '0', 'r2_electric': '0.0', 'r2_voltage': '0.0', 'r2_speed': '0.0', 'r2_job': '0', 'replace_status': '0', 'part_status': '0', 'r1_protective_gas': '0', 'r1_welding_wire': '0', 'r2_protective_gas': '0', 'r2_welding_wire': '0', 'login_id': '\n\x00\x00\x00\x00\x00\x00\x00\x00\x00', 'login_password': '\n\x00\x00\x00\x00\x00\x00\x00\x00\x00'}
2021-03-02  10:32:55 Tue root INFO ('\n\x07250 TJ1\x00', '0', '0', 427, '4', '0', '0.0', '0.0', '0.0', '0', '0', '0', '0.0', '0.0', '0.0', '0', '0', '0', '0', '0', '0', '\n\x00\x00\x00\x00\x00\x00\x00\x00\x00', '\n\x00\x00\x00\x00\x00\x00\x00\x00\x00', '0', '0', '2021-03-02 10:32:55')
2021-03-02  10:32:55 Tue root INFO 成功添加数据
2021-03-02  10:32:55 Tue root INFO mes_plc_r3
2021-03-02  10:32:55 Tue root INFO 读取插入数据库数据：{'product_type': '\n\x07250 TJ3\x00', 'r1_equipment_status': '0', 'fail_code': '0', 'recerve': '0', 'prod_num': 427, 'r1_rob_no': '4', 'r1_weld_line_no': '0', 'r1_electric': '184.53414916992188', 'r1_voltage': '13.809317588806152', 'r1_speed': '0.0', 'r1_job': '0', 'r2_rob_no': '0', 'r2_weld_line_no': '0', 'r2_electric': '0.0', 'r2_voltage': '0.0', 'r2_speed': '0.0', 'r2_job': '0', 'replace_status': '0', 'part_status': '0', 'r1_protective_gas': '0', 'r1_welding_wire': '0', 'r2_protective_gas': '0', 'r2_welding_wire': '0', 'login_id': '\n\x00\x00\x00\x00\x00\x00\x00\x00\x00', 'login_password': '\n\x00\x00\x00\x00\x00\x00\x00\x00\x00'}
2021-03-02  10:32:55 Tue root INFO ('\n\x07250 TJ3\x00', '0', '0', 427, '4', '0', '184.53414916992188', '13.809317588806152', '0.0', '0', '0', '0', '0.0', '0.0', '0.0', '0', '0', '0', '0', '0', '0', '\n\x00\x00\x00\x00\x00\x00\x00\x00\x00', '\n\x00\x00\x00\x00\x00\x00\x00\x00\x00', '0', '0', '2021-03-02 10:32:55')
2021-03-02  10:32:55 Tue root INFO 成功添加数据
2021-03-02  10:32:55 Tue root INFO mes_plc_r4
2021-03-02  10:32:56 Tue root INFO 读取插入数据库数据：{'product_type': '\n\x02AA\x00\x00\x00\x00\x00\x00', 'r1_equipment_status': '2562', 'fail_code': '16962', 'recerve': '0', 'prod_num': 0, 'r1_rob_no': '0', 'r1_weld_line_no': '0', 'r1_electric': '9.727692471237622e-22', 'r1_voltage': '2.802596928649634e-45', 'r1_speed': '1.3775324423698682e-38', 'r1_job': '17208', 'r2_rob_no': '1821', 'r2_weld_line_no': '16721', 'r2_electric': '-1.2967404927621828e-13', 'r2_voltage': '0.0', 'r2_speed': '0.0', 'r2_job': '0', 'replace_status': '0', 'part_status': '0', 'r1_protective_gas': '0', 'r1_welding_wire': '0', 'r2_protective_gas': '0', 'r2_welding_wire': '0', 'login_id': '\x00\x00\x00\x00\x00 \x00\x00\x00\x00', 'login_password': '\n\x00\x00\x00\x00\x00\x00\x00\x00\x00'}
2021-03-02  10:32:56 Tue root INFO ('\n\x02AA\x00\x00\x00\x00\x00\x00', '2562', '16962', 0, '0', '0', '9.727692471237622e-22', '2.802596928649634e-45', '1.3775324423698682e-38', '17208', '1821', '16721', '-1.2967404927621828e-13', '0.0', '0.0', '0', '0', '0', '0', '0', '0', '\x00\x00\x00\x00\x00 \x00\x00\x00\x00', '\n\x00\x00\x00\x00\x00\x00\x00\x00\x00', '0', '0', '2021-03-02 10:32:56')
2021-03-02  10:32:56 Tue root INFO 成功添加数据
2021-03-02  10:32:56 Tue root INFO mes_plc_r5
2021-03-02  10:32:56 Tue root INFO 读取插入数据库数据：{'product_type': '\n\x00\x00\x00\x00\x00\x00\x00\x00\x00', 'r1_equipment_status': '2560', 'fail_code': '0', 'recerve': '0', 'prod_num': 0, 'r1_rob_no': '0', 'r1_weld_line_no': '0', 'r1_electric': '1.8870057723865944e-24', 'r1_voltage': '0.0', 'r1_speed': '0.0', 'r1_job': '17204', 'r2_rob_no': '-19646', 'r2_weld_line_no': '16726', 'r2_electric': '-2.87545844912529e-08', 'r2_voltage': '0.0', 'r2_speed': '0.0', 'r2_job': '17204', 'replace_status': '8913', 'part_status': '16726', 'r1_protective_gas': '7888', 'r1_welding_wire': '0', 'r2_protective_gas': '0', 'r2_welding_wire': '0', 'login_id': '\x00\x00\x00\x00\x00\x00\x00\x00\x00\x00', 'login_password': '\n\x00\x00\x00\x00\x00\x00\x00\x00\x00'}
2021-03-02  10:32:56 Tue root INFO ('\n\x00\x00\x00\x00\x00\x00\x00\x00\x00', '2560', '0', 0, '0', '0', '1.8870057723865944e-24', '0.0', '0.0', '17204', '-19646', '16726', '-2.87545844912529e-08', '0.0', '0.0', '17204', '8913', '7888', '0', '0', '0', '\x00\x00\x00\x00\x00\x00\x00\x00\x00\x00', '\n\x00\x00\x00\x00\x00\x00\x00\x00\x00', '16726', '0', '2021-03-02 10:32:56')
2021-03-02  10:32:56 Tue root INFO 成功添加数据
2021-03-02  10:32:56 Tue root INFO mes_plc_r6
2021-03-02  10:32:56 Tue root INFO 读取插入数据库数据：{'product_type': '\n\x00\x00\x00\x00\x00\x00\x00\x00\x00', 'r1_equipment_status': '2560', 'fail_code': '0', 'recerve': '0', 'prod_num': 0, 'r1_rob_no': '0', 'r1_weld_line_no': '0', 'r1_electric': '0.0', 'r1_voltage': '9.183815862507343e-40', 'r1_speed': '0.0', 'r1_job': '0', 'r2_rob_no': '0', 'r2_weld_line_no': '0', 'r2_electric': '0.0', 'r2_voltage': '0.0', 'r2_speed': '0.0', 'r2_job': '0', 'replace_status': '0', 'part_status': '0', 'r1_protective_gas': '0', 'r1_welding_wire': '0', 'r2_protective_gas': '0', 'r2_welding_wire': '0', 'login_id': '\x00\x00\x00\x00\x00\x00\x00\x00\x00\x00', 'login_password': '\n\x00\x00\x00\x00\x00\x00\x00\x00\x00'}
2021-03-02  10:32:56 Tue root INFO ('\n\x00\x00\x00\x00\x00\x00\x00\x00\x00', '2560', '0', 0, '0', '0', '0.0', '9.183815862507343e-40', '0.0', '0', '0', '0', '0.0', '0.0', '0.0', '0', '0', '0', '0', '0', '0', '\x00\x00\x00\x00\x00\x00\x00\x00\x00\x00', '\n\x00\x00\x00\x00\x00\x00\x00\x00\x00', '0', '0', '2021-03-02 10:32:56')
2021-03-02  10:32:56 Tue root INFO 成功添加数据
2021-03-02  10:33:56 Tue root INFO plc连接状态:[1, 1, 1, 1, 1, 1]
2021-03-02  10:33:56 Tue root INFO mes_plc
2021-03-02  10:33:57 Tue root INFO 读取插入数据库数据：{'product_type': '\n\x07250 YDG\x00', 'r1_equipment_status': '2567', 'fail_code': '12853', 'recerve': '12320', 'prod_num': 23108, 'r1_rob_no': '18176', 'r1_weld_line_no': '0', 'r1_electric': '1.0654138796264848e-21', 'r1_voltage': '6.165713243029195e-44', 'r1_speed': '3.6734198463196485e-40', 'r1_job': '17206', 'r2_rob_no': '19114', 'r2_weld_line_no': '16724', 'r2_electric': '-0.0', 'r2_voltage': '0.0', 'r2_speed': '9.550891600431086e-39', 'r2_job': '0', 'replace_status': '0', 'part_status': '0', 'r1_protective_gas': '0', 'r1_welding_wire': '0', 'r2_protective_gas': '0', 'r2_welding_wire': '0', 'login_id': '\x00\x00\x00\x00\x01Z\x00\x00\x00\x00', 'login_password': '\n\x00\x00\x00\x00\x00\x00\x00\x00\x00'}
2021-03-02  10:33:57 Tue root INFO ('\n\x07250 YDG\x00', '2567', '12853', 23108, '18176', '0', '1.0654138796264848e-21', '6.165713243029195e-44', '3.6734198463196485e-40', '17206', '19114', '16724', '-0.0', '0.0', '9.550891600431086e-39', '0', '0', '0', '0', '0', '0', '\x00\x00\x00\x00\x01Z\x00\x00\x00\x00', '\n\x00\x00\x00\x00\x00\x00\x00\x00\x00', '0', '12320', '2021-03-02 10:33:57')
2021-03-02  10:33:57 Tue root INFO 成功添加数据
2021-03-02  10:33:57 Tue root INFO mes_plc_r2
2021-03-02  10:33:57 Tue root INFO 读取插入数据库数据：{'product_type': '\n\x07250 TJ1\x00', 'r1_equipment_status': '0', 'fail_code': '0', 'recerve': '0', 'prod_num': 427, 'r1_rob_no': '4', 'r1_weld_line_no': '0', 'r1_electric': '0.0', 'r1_voltage': '0.0', 'r1_speed': '0.0', 'r1_job': '0', 'r2_rob_no': '0', 'r2_weld_line_no': '0', 'r2_electric': '0.0', 'r2_voltage': '0.0', 'r2_speed': '0.0', 'r2_job': '0', 'replace_status': '0', 'part_status': '0', 'r1_protective_gas': '0', 'r1_welding_wire': '0', 'r2_protective_gas': '0', 'r2_welding_wire': '0', 'login_id': '\n\x00\x00\x00\x00\x00\x00\x00\x00\x00', 'login_password': '\n\x00\x00\x00\x00\x00\x00\x00\x00\x00'}
2021-03-02  10:33:57 Tue root INFO ('\n\x07250 TJ1\x00', '0', '0', 427, '4', '0', '0.0', '0.0', '0.0', '0', '0', '0', '0.0', '0.0', '0.0', '0', '0', '0', '0', '0', '0', '\n\x00\x00\x00\x00\x00\x00\x00\x00\x00', '\n\x00\x00\x00\x00\x00\x00\x00\x00\x00', '0', '0', '2021-03-02 10:33:57')
2021-03-02  10:33:57 Tue root INFO 成功添加数据
2021-03-02  10:33:57 Tue root INFO mes_plc_r3
2021-03-02  10:33:57 Tue root INFO 读取插入数据库数据：{'product_type': '\n\x07250 TJ3\x00', 'r1_equipment_status': '0', 'fail_code': '0', 'recerve': '0', 'prod_num': 427, 'r1_rob_no': '4', 'r1_weld_line_no': '0', 'r1_electric': '184.50521850585938', 'r1_voltage': '13.80570125579834', 'r1_speed': '0.0', 'r1_job': '0', 'r2_rob_no': '0', 'r2_weld_line_no': '0', 'r2_electric': '0.0', 'r2_voltage': '0.0', 'r2_speed': '0.0', 'r2_job': '0', 'replace_status': '0', 'part_status': '0', 'r1_protective_gas': '0', 'r1_welding_wire': '0', 'r2_protective_gas': '0', 'r2_welding_wire': '0', 'login_id': '\n\x00\x00\x00\x00\x00\x00\x00\x00\x00', 'login_password': '\n\x00\x00\x00\x00\x00\x00\x00\x00\x00'}
2021-03-02  10:33:57 Tue root INFO ('\n\x07250 TJ3\x00', '0', '0', 427, '4', '0', '184.50521850585938', '13.80570125579834', '0.0', '0', '0', '0', '0.0', '0.0', '0.0', '0', '0', '0', '0', '0', '0', '\n\x00\x00\x00\x00\x00\x00\x00\x00\x00', '\n\x00\x00\x00\x00\x00\x00\x00\x00\x00', '0', '0', '2021-03-02 10:33:57')
2021-03-02  10:33:57 Tue root INFO 成功添加数据
2021-03-02  10:33:57 Tue root INFO mes_plc_r4
2021-03-02  10:33:58 Tue root INFO 读取插入数据库数据：{'product_type': '\n\x02AA\x00\x00\x00\x00\x00\x00', 'r1_equipment_status': '2562', 'fail_code': '16962', 'recerve': '0', 'prod_num': 0, 'r1_rob_no': '0', 'r1_weld_line_no': '0', 'r1_electric': '9.727692471237622e-22', 'r1_voltage': '2.802596928649634e-45', 'r1_speed': '1.3775324423698682e-38', 'r1_job': '17207', 'r2_rob_no': '-1024', 'r2_weld_line_no': '16721', 'r2_electric': '-73117523247104.0', 'r2_voltage': '0.0', 'r2_speed': '0.0', 'r2_job': '0', 'replace_status': '0', 'part_status': '0', 'r1_protective_gas': '0', 'r1_welding_wire': '0', 'r2_protective_gas': '0', 'r2_welding_wire': '0', 'login_id': '\x00\x00\x00\x00\x00 \x00\x00\x00\x00', 'login_password': '\n\x00\x00\x00\x00\x00\x00\x00\x00\x00'}
2021-03-02  10:33:58 Tue root INFO ('\n\x02AA\x00\x00\x00\x00\x00\x00', '2562', '16962', 0, '0', '0', '9.727692471237622e-22', '2.802596928649634e-45', '1.3775324423698682e-38', '17207', '-1024', '16721', '-73117523247104.0', '0.0', '0.0', '0', '0', '0', '0', '0', '0', '\x00\x00\x00\x00\x00 \x00\x00\x00\x00', '\n\x00\x00\x00\x00\x00\x00\x00\x00\x00', '0', '0', '2021-03-02 10:33:58')
2021-03-02  10:33:58 Tue root INFO 成功添加数据
2021-03-02  10:33:58 Tue root INFO mes_plc_r5
2021-03-02  10:33:58 Tue root INFO 读取插入数据库数据：{'product_type': '\n\x00\x00\x00\x00\x00\x00\x00\x00\x00', 'r1_equipment_status': '2560', 'fail_code': '0', 'recerve': '0', 'prod_num': 0, 'r1_rob_no': '0', 'r1_weld_line_no': '0', 'r1_electric': '1.8870057723865944e-24', 'r1_voltage': '0.0', 'r1_speed': '0.0', 'r1_job': '17204', 'r2_rob_no': '-22490', 'r2_weld_line_no': '16726', 'r2_electric': '8.613596464754233e+24', 'r2_voltage': '0.0', 'r2_speed': '0.0', 'r2_job': '17204', 'replace_status': '7965', 'part_status': '16726', 'r1_protective_gas': '7888', 'r1_welding_wire': '0', 'r2_protective_gas': '0', 'r2_welding_wire': '0', 'login_id': '\x00\x00\x00\x00\x00\x00\x00\x00\x00\x00', 'login_password': '\n\x00\x00\x00\x00\x00\x00\x00\x00\x00'}
2021-03-02  10:33:58 Tue root INFO ('\n\x00\x00\x00\x00\x00\x00\x00\x00\x00', '2560', '0', 0, '0', '0', '1.8870057723865944e-24', '0.0', '0.0', '17204', '-22490', '16726', '8.613596464754233e+24', '0.0', '0.0', '17204', '7965', '7888', '0', '0', '0', '\x00\x00\x00\x00\x00\x00\x00\x00\x00\x00', '\n\x00\x00\x00\x00\x00\x00\x00\x00\x00', '16726', '0', '2021-03-02 10:33:58')
2021-03-02  10:33:58 Tue root INFO 成功添加数据
2021-03-02  10:33:58 Tue root INFO mes_plc_r6
2021-03-02  10:33:58 Tue root INFO 读取插入数据库数据：{'product_type': '\n\x00\x00\x00\x00\x00\x00\x00\x00\x00', 'r1_equipment_status': '2560', 'fail_code': '0', 'recerve': '0', 'prod_num': 0, 'r1_rob_no': '0', 'r1_weld_line_no': '0', 'r1_electric': '0.0', 'r1_voltage': '9.183815862507343e-40', 'r1_speed': '0.0', 'r1_job': '0', 'r2_rob_no': '0', 'r2_weld_line_no': '0', 'r2_electric': '0.0', 'r2_voltage': '0.0', 'r2_speed': '0.0', 'r2_job': '0', 'replace_status': '0', 'part_status': '0', 'r1_protective_gas': '0', 'r1_welding_wire': '0', 'r2_protective_gas': '0', 'r2_welding_wire': '0', 'login_id': '\x00\x00\x00\x00\x00\x00\x00\x00\x00\x00', 'login_password': '\n\x00\x00\x00\x00\x00\x00\x00\x00\x00'}
2021-03-02  10:33:58 Tue root INFO ('\n\x00\x00\x00\x00\x00\x00\x00\x00\x00', '2560', '0', 0, '0', '0', '0.0', '9.183815862507343e-40', '0.0', '0', '0', '0', '0.0', '0.0', '0.0', '0', '0', '0', '0', '0', '0', '\x00\x00\x00\x00\x00\x00\x00\x00\x00\x00', '\n\x00\x00\x00\x00\x00\x00\x00\x00\x00', '0', '0', '2021-03-02 10:33:58')
2021-03-02  10:33:58 Tue root INFO 成功添加数据
2021-03-02  10:34:58 Tue root INFO plc连接状态:[1, 1, 1, 1, 1, 1]
2021-03-02  10:34:58 Tue root INFO mes_plc
2021-03-02  10:34:59 Tue root INFO 读取插入数据库数据：{'product_type': '\n\x07250 YDG\x00', 'r1_equipment_status': '2567', 'fail_code': '12853', 'recerve': '12320', 'prod_num': 23108, 'r1_rob_no': '18176', 'r1_weld_line_no': '0', 'r1_electric': '1.0654138796264848e-21', 'r1_voltage': '6.165713243029195e-44', 'r1_speed': '3.6734198463196485e-40', 'r1_job': '17206', 'r2_rob_no': '19114', 'r2_weld_line_no': '16724', 'r2_electric': '-5.127595883936577e-30', 'r2_voltage': '0.0', 'r2_speed': '9.550891600431086e-39', 'r2_job': '0', 'replace_status': '0', 'part_status': '0', 'r1_protective_gas': '0', 'r1_welding_wire': '0', 'r2_protective_gas': '0', 'r2_welding_wire': '0', 'login_id': '\x00\x00\x00\x00\x01Z\x00\x00\x00\x00', 'login_password': '\n\x00\x00\x00\x00\x00\x00\x00\x00\x00'}
2021-03-02  10:34:59 Tue root INFO ('\n\x07250 YDG\x00', '2567', '12853', 23108, '18176', '0', '1.0654138796264848e-21', '6.165713243029195e-44', '3.6734198463196485e-40', '17206', '19114', '16724', '-5.127595883936577e-30', '0.0', '9.550891600431086e-39', '0', '0', '0', '0', '0', '0', '\x00\x00\x00\x00\x01Z\x00\x00\x00\x00', '\n\x00\x00\x00\x00\x00\x00\x00\x00\x00', '0', '12320', '2021-03-02 10:34:59')
2021-03-02  10:34:59 Tue root INFO 成功添加数据
2021-03-02  10:34:59 Tue root INFO mes_plc_r2
2021-03-02  10:34:59 Tue root INFO 读取插入数据库数据：{'product_type': '\n\x07250 TJ1\x00', 'r1_equipment_status': '0', 'fail_code': '0', 'recerve': '0', 'prod_num': 427, 'r1_rob_no': '4', 'r1_weld_line_no': '0', 'r1_electric': '0.0', 'r1_voltage': '0.0', 'r1_speed': '0.0', 'r1_job': '0', 'r2_rob_no': '0', 'r2_weld_line_no': '0', 'r2_electric': '0.0', 'r2_voltage': '0.0', 'r2_speed': '0.0', 'r2_job': '0', 'replace_status': '0', 'part_status': '0', 'r1_protective_gas': '0', 'r1_welding_wire': '0', 'r2_protective_gas': '0', 'r2_welding_wire': '0', 'login_id': '\n\x00\x00\x00\x00\x00\x00\x00\x00\x00', 'login_password': '\n\x00\x00\x00\x00\x00\x00\x00\x00\x00'}
2021-03-02  10:34:59 Tue root INFO ('\n\x07250 TJ1\x00', '0', '0', 427, '4', '0', '0.0', '0.0', '0.0', '0', '0', '0', '0.0', '0.0', '0.0', '0', '0', '0', '0', '0', '0', '\n\x00\x00\x00\x00\x00\x00\x00\x00\x00', '\n\x00\x00\x00\x00\x00\x00\x00\x00\x00', '0', '0', '2021-03-02 10:34:59')
2021-03-02  10:34:59 Tue root INFO 成功添加数据
2021-03-02  10:34:59 Tue root INFO mes_plc_r3
2021-03-02  10:34:59 Tue root INFO 读取插入数据库数据：{'product_type': '\n\x07250 TJ4\x00', 'r1_equipment_status': '0', 'fail_code': '0', 'recerve': '0', 'prod_num': 428, 'r1_rob_no': '104', 'r1_weld_line_no': '0', 'r1_electric': '184.46180725097656', 'r1_voltage': '13.827401161193848', 'r1_speed': '0.0', 'r1_job': '0', 'r2_rob_no': '0', 'r2_weld_line_no': '0', 'r2_electric': '0.0', 'r2_voltage': '0.0', 'r2_speed': '0.0', 'r2_job': '0', 'replace_status': '0', 'part_status': '0', 'r1_protective_gas': '0', 'r1_welding_wire': '0', 'r2_protective_gas': '0', 'r2_welding_wire': '0', 'login_id': '\n\x00\x00\x00\x00\x00\x00\x00\x00\x00', 'login_password': '\n\x00\x00\x00\x00\x00\x00\x00\x00\x00'}
2021-03-02  10:34:59 Tue root INFO ('\n\x07250 TJ4\x00', '0', '0', 428, '104', '0', '184.46180725097656', '13.827401161193848', '0.0', '0', '0', '0', '0.0', '0.0', '0.0', '0', '0', '0', '0', '0', '0', '\n\x00\x00\x00\x00\x00\x00\x00\x00\x00', '\n\x00\x00\x00\x00\x00\x00\x00\x00\x00', '0', '0', '2021-03-02 10:34:59')
2021-03-02  10:34:59 Tue root INFO 成功添加数据
2021-03-02  10:34:59 Tue root INFO mes_plc_r4
2021-03-02  10:34:59 Tue root INFO 读取插入数据库数据：{'product_type': '\n\x02AA\x00\x00\x00\x00\x00\x00', 'r1_equipment_status': '2562', 'fail_code': '16962', 'recerve': '0', 'prod_num': 0, 'r1_rob_no': '0', 'r1_weld_line_no': '0', 'r1_electric': '9.727692471237622e-22', 'r1_voltage': '2.802596928649634e-45', 'r1_speed': '1.3775324423698682e-38', 'r1_job': '17207', 'r2_rob_no': '-1024', 'r2_weld_line_no': '16721', 'r2_electric': '-1.2967404927621828e-13', 'r2_voltage': '0.0', 'r2_speed': '0.0', 'r2_job': '0', 'replace_status': '0', 'part_status': '0', 'r1_protective_gas': '0', 'r1_welding_wire': '0', 'r2_protective_gas': '0', 'r2_welding_wire': '0', 'login_id': '\x00\x00\x00\x00\x00 \x00\x00\x00\x00', 'login_password': '\n\x00\x00\x00\x00\x00\x00\x00\x00\x00'}
2021-03-02  10:34:59 Tue root INFO ('\n\x02AA\x00\x00\x00\x00\x00\x00', '2562', '16962', 0, '0', '0', '9.727692471237622e-22', '2.802596928649634e-45', '1.3775324423698682e-38', '17207', '-1024', '16721', '-1.2967404927621828e-13', '0.0', '0.0', '0', '0', '0', '0', '0', '0', '\x00\x00\x00\x00\x00 \x00\x00\x00\x00', '\n\x00\x00\x00\x00\x00\x00\x00\x00\x00', '0', '0', '2021-03-02 10:34:59')
2021-03-02  10:35:00 Tue root INFO 成功添加数据
2021-03-02  10:35:00 Tue root INFO mes_plc_r5
2021-03-02  10:35:00 Tue root INFO 读取插入数据库数据：{'product_type': '\n\x00\x00\x00\x00\x00\x00\x00\x00\x00', 'r1_equipment_status': '2560', 'fail_code': '0', 'recerve': '0', 'prod_num': 0, 'r1_rob_no': '0', 'r1_weld_line_no': '0', 'r1_electric': '1.8870057723865944e-24', 'r1_voltage': '0.0', 'r1_speed': '0.0', 'r1_job': '17204', 'r2_rob_no': '-22490', 'r2_weld_line_no': '16726', 'r2_electric': '-20266876928.0', 'r2_voltage': '0.0', 'r2_speed': '0.0', 'r2_job': '17204', 'replace_status': '7965', 'part_status': '16726', 'r1_protective_gas': '304', 'r1_welding_wire': '0', 'r2_protective_gas': '0', 'r2_welding_wire': '0', 'login_id': '\x00\x00\x00\x00\x00\x00\x00\x00\x00\x00', 'login_password': '\n\x00\x00\x00\x00\x00\x00\x00\x00\x00'}
2021-03-02  10:35:00 Tue root INFO ('\n\x00\x00\x00\x00\x00\x00\x00\x00\x00', '2560', '0', 0, '0', '0', '1.8870057723865944e-24', '0.0', '0.0', '17204', '-22490', '16726', '-20266876928.0', '0.0', '0.0', '17204', '7965', '304', '0', '0', '0', '\x00\x00\x00\x00\x00\x00\x00\x00\x00\x00', '\n\x00\x00\x00\x00\x00\x00\x00\x00\x00', '16726', '0', '2021-03-02 10:35:00')
2021-03-02  10:35:00 Tue root INFO 成功添加数据
2021-03-02  10:35:00 Tue root INFO mes_plc_r6
2021-03-02  10:35:00 Tue root INFO 读取插入数据库数据：{'product_type': '\n\x00\x00\x00\x00\x00\x00\x00\x00\x00', 'r1_equipment_status': '2560', 'fail_code': '0', 'recerve': '0', 'prod_num': 0, 'r1_rob_no': '0', 'r1_weld_line_no': '0', 'r1_electric': '0.0', 'r1_voltage': '9.183815862507343e-40', 'r1_speed': '0.0', 'r1_job': '0', 'r2_rob_no': '0', 'r2_weld_line_no': '0', 'r2_electric': '0.0', 'r2_voltage': '0.0', 'r2_speed': '0.0', 'r2_job': '0', 'replace_status': '0', 'part_status': '0', 'r1_protective_gas': '0', 'r1_welding_wire': '0', 'r2_protective_gas': '0', 'r2_welding_wire': '0', 'login_id': '\x00\x00\x00\x00\x00\x00\x00\x00\x00\x00', 'login_password': '\n\x00\x00\x00\x00\x00\x00\x00\x00\x00'}
2021-03-02  10:35:00 Tue root INFO ('\n\x00\x00\x00\x00\x00\x00\x00\x00\x00', '2560', '0', 0, '0', '0', '0.0', '9.183815862507343e-40', '0.0', '0', '0', '0', '0.0', '0.0', '0.0', '0', '0', '0', '0', '0', '0', '\x00\x00\x00\x00\x00\x00\x00\x00\x00\x00', '\n\x00\x00\x00\x00\x00\x00\x00\x00\x00', '0', '0', '2021-03-02 10:35:00')
2021-03-02  10:35:00 Tue root INFO 成功添加数据
2021-03-02  10:36:00 Tue root INFO plc连接状态:[1, 1, 1, 1, 1, 1]
2021-03-02  10:36:00 Tue root INFO mes_plc
2021-03-02  10:36:00 Tue root INFO 读取插入数据库数据：{'product_type': '\n\x07250 YDG\x00', 'r1_equipment_status': '2567', 'fail_code': '12853', 'recerve': '12320', 'prod_num': 23108, 'r1_rob_no': '18176', 'r1_weld_line_no': '0', 'r1_electric': '1.0654138796264848e-21', 'r1_voltage': '6.165713243029195e-44', 'r1_speed': '3.6734198463196485e-40', 'r1_job': '17206', 'r2_rob_no': '19114', 'r2_weld_line_no': '16724', 'r2_electric': '8.715097876569077e+29', 'r2_voltage': '0.0', 'r2_speed': '9.550891600431086e-39', 'r2_job': '0', 'replace_status': '0', 'part_status': '0', 'r1_protective_gas': '0', 'r1_welding_wire': '0', 'r2_protective_gas': '0', 'r2_welding_wire': '0', 'login_id': '\x00\x00\x00\x00\x01Z\x00\x00\x00\x00', 'login_password': '\n\x00\x00\x00\x00\x00\x00\x00\x00\x00'}
2021-03-02  10:36:00 Tue root INFO ('\n\x07250 YDG\x00', '2567', '12853', 23108, '18176', '0', '1.0654138796264848e-21', '6.165713243029195e-44', '3.6734198463196485e-40', '17206', '19114', '16724', '8.715097876569077e+29', '0.0', '9.550891600431086e-39', '0', '0', '0', '0', '0', '0', '\x00\x00\x00\x00\x01Z\x00\x00\x00\x00', '\n\x00\x00\x00\x00\x00\x00\x00\x00\x00', '0', '12320', '2021-03-02 10:36:00')
2021-03-02  10:36:01 Tue root INFO 成功添加数据
2021-03-02  10:36:01 Tue root INFO mes_plc_r2
2021-03-02  10:36:01 Tue root INFO 读取插入数据库数据：{'product_type': '\n\x07250 TJ1\x00', 'r1_equipment_status': '0', 'fail_code': '0', 'recerve': '0', 'prod_num': 428, 'r1_rob_no': '4', 'r1_weld_line_no': '0', 'r1_electric': '0.0', 'r1_voltage': '0.0', 'r1_speed': '0.0', 'r1_job': '0', 'r2_rob_no': '0', 'r2_weld_line_no': '0', 'r2_electric': '0.0', 'r2_voltage': '0.0', 'r2_speed': '0.0', 'r2_job': '0', 'replace_status': '0', 'part_status': '0', 'r1_protective_gas': '0', 'r1_welding_wire': '0', 'r2_protective_gas': '0', 'r2_welding_wire': '0', 'login_id': '\n\x00\x00\x00\x00\x00\x00\x00\x00\x00', 'login_password': '\n\x00\x00\x00\x00\x00\x00\x00\x00\x00'}
2021-03-02  10:36:01 Tue root INFO ('\n\x07250 TJ1\x00', '0', '0', 428, '4', '0', '0.0', '0.0', '0.0', '0', '0', '0', '0.0', '0.0', '0.0', '0', '0', '0', '0', '0', '0', '\n\x00\x00\x00\x00\x00\x00\x00\x00\x00', '\n\x00\x00\x00\x00\x00\x00\x00\x00\x00', '0', '0', '2021-03-02 10:36:01')
2021-03-02  10:36:01 Tue root INFO 成功添加数据
2021-03-02  10:36:01 Tue root INFO mes_plc_r3
2021-03-02  10:36:01 Tue root INFO 读取插入数据库数据：{'product_type': '\n\x07250 TJ4\x00', 'r1_equipment_status': '0', 'fail_code': '0', 'recerve': '0', 'prod_num': 428, 'r1_rob_no': '104', 'r1_weld_line_no': '0', 'r1_electric': '184.4762725830078', 'r1_voltage': '13.834635734558105', 'r1_speed': '0.0', 'r1_job': '0', 'r2_rob_no': '0', 'r2_weld_line_no': '0', 'r2_electric': '0.0', 'r2_voltage': '0.0', 'r2_speed': '0.0', 'r2_job': '0', 'replace_status': '0', 'part_status': '0', 'r1_protective_gas': '0', 'r1_welding_wire': '0', 'r2_protective_gas': '0', 'r2_welding_wire': '0', 'login_id': '\n\x00\x00\x00\x00\x00\x00\x00\x00\x00', 'login_password': '\n\x00\x00\x00\x00\x00\x00\x00\x00\x00'}
2021-03-02  10:36:01 Tue root INFO ('\n\x07250 TJ4\x00', '0', '0', 428, '104', '0', '184.4762725830078', '13.834635734558105', '0.0', '0', '0', '0', '0.0', '0.0', '0.0', '0', '0', '0', '0', '0', '0', '\n\x00\x00\x00\x00\x00\x00\x00\x00\x00', '\n\x00\x00\x00\x00\x00\x00\x00\x00\x00', '0', '0', '2021-03-02 10:36:01')
2021-03-02  10:36:01 Tue root INFO 成功添加数据
2021-03-02  10:36:01 Tue root INFO mes_plc_r4
2021-03-02  10:36:01 Tue root INFO 读取插入数据库数据：{'product_type': '\n\x02AA\x00\x00\x00\x00\x00\x00', 'r1_equipment_status': '2562', 'fail_code': '16962', 'recerve': '0', 'prod_num': 0, 'r1_rob_no': '0', 'r1_weld_line_no': '0', 'r1_electric': '9.727692471237622e-22', 'r1_voltage': '2.802596928649634e-45', 'r1_speed': '1.3775324423698682e-38', 'r1_job': '17207', 'r2_rob_no': '-1024', 'r2_weld_line_no': '16721', 'r2_electric': '-6.286650380320215e+22', 'r2_voltage': '0.0', 'r2_speed': '0.0', 'r2_job': '0', 'replace_status': '0', 'part_status': '0', 'r1_protective_gas': '0', 'r1_welding_wire': '0', 'r2_protective_gas': '0', 'r2_welding_wire': '0', 'login_id': '\x00\x00\x00\x00\x00 \x00\x00\x00\x00', 'login_password': '\n\x00\x00\x00\x00\x00\x00\x00\x00\x00'}
2021-03-02  10:36:01 Tue root INFO ('\n\x02AA\x00\x00\x00\x00\x00\x00', '2562', '16962', 0, '0', '0', '9.727692471237622e-22', '2.802596928649634e-45', '1.3775324423698682e-38', '17207', '-1024', '16721', '-6.286650380320215e+22', '0.0', '0.0', '0', '0', '0', '0', '0', '0', '\x00\x00\x00\x00\x00 \x00\x00\x00\x00', '\n\x00\x00\x00\x00\x00\x00\x00\x00\x00', '0', '0', '2021-03-02 10:36:01')
2021-03-02  10:36:01 Tue root INFO 成功添加数据
2021-03-02  10:36:01 Tue root INFO mes_plc_r5
2021-03-02  10:36:02 Tue root INFO 读取插入数据库数据：{'product_type': '\n\x00\x00\x00\x00\x00\x00\x00\x00\x00', 'r1_equipment_status': '2560', 'fail_code': '0', 'recerve': '0', 'prod_num': 0, 'r1_rob_no': '0', 'r1_weld_line_no': '0', 'r1_electric': '1.8870057723865944e-24', 'r1_voltage': '0.0', 'r1_speed': '0.0', 'r1_job': '17204', 'r2_rob_no': '-24386', 'r2_weld_line_no': '16726', 'r2_electric': '7.301667457314601e+33', 'r2_voltage': '0.0', 'r2_speed': '0.0', 'r2_job': '17204', 'replace_status': '8913', 'part_status': '16726', 'r1_protective_gas': '11682', 'r1_welding_wire': '0', 'r2_protective_gas': '0', 'r2_welding_wire': '0', 'login_id': '\x00\x00\x00\x00\x00\x00\x00\x00\x00\x00', 'login_password': '\n\x00\x00\x00\x00\x00\x00\x00\x00\x00'}
2021-03-02  10:36:02 Tue root INFO ('\n\x00\x00\x00\x00\x00\x00\x00\x00\x00', '2560', '0', 0, '0', '0', '1.8870057723865944e-24', '0.0', '0.0', '17204', '-24386', '16726', '7.301667457314601e+33', '0.0', '0.0', '17204', '8913', '11682', '0', '0', '0', '\x00\x00\x00\x00\x00\x00\x00\x00\x00\x00', '\n\x00\x00\x00\x00\x00\x00\x00\x00\x00', '16726', '0', '2021-03-02 10:36:02')
2021-03-02  10:36:02 Tue root INFO 成功添加数据
2021-03-02  10:36:02 Tue root INFO mes_plc_r6
2021-03-02  10:36:02 Tue root INFO 读取插入数据库数据：{'product_type': '\n\x00\x00\x00\x00\x00\x00\x00\x00\x00', 'r1_equipment_status': '2560', 'fail_code': '0', 'recerve': '0', 'prod_num': 0, 'r1_rob_no': '0', 'r1_weld_line_no': '0', 'r1_electric': '0.0', 'r1_voltage': '9.183815862507343e-40', 'r1_speed': '0.0', 'r1_job': '0', 'r2_rob_no': '0', 'r2_weld_line_no': '0', 'r2_electric': '0.0', 'r2_voltage': '0.0', 'r2_speed': '0.0', 'r2_job': '0', 'replace_status': '0', 'part_status': '0', 'r1_protective_gas': '0', 'r1_welding_wire': '0', 'r2_protective_gas': '0', 'r2_welding_wire': '0', 'login_id': '\x00\x00\x00\x00\x00\x00\x00\x00\x00\x00', 'login_password': '\n\x00\x00\x00\x00\x00\x00\x00\x00\x00'}
2021-03-02  10:36:02 Tue root INFO ('\n\x00\x00\x00\x00\x00\x00\x00\x00\x00', '2560', '0', 0, '0', '0', '0.0', '9.183815862507343e-40', '0.0', '0', '0', '0', '0.0', '0.0', '0.0', '0', '0', '0', '0', '0', '0', '\x00\x00\x00\x00\x00\x00\x00\x00\x00\x00', '\n\x00\x00\x00\x00\x00\x00\x00\x00\x00', '0', '0', '2021-03-02 10:36:02')
2021-03-02  10:36:02 Tue root INFO 成功添加数据
2021-03-02  10:37:02 Tue root INFO plc连接状态:[1, 1, 1, 1, 1, 1]
2021-03-02  10:37:02 Tue root INFO mes_plc
2021-03-02  10:37:02 Tue root INFO 读取插入数据库数据：{'product_type': '\n\x07250 YDG\x00', 'r1_equipment_status': '2567', 'fail_code': '12853', 'recerve': '12320', 'prod_num': 23108, 'r1_rob_no': '18176', 'r1_weld_line_no': '0', 'r1_electric': '1.0654138796264848e-21', 'r1_voltage': '6.165713243029195e-44', 'r1_speed': '3.6734198463196485e-40', 'r1_job': '17206', 'r2_rob_no': '17218', 'r2_weld_line_no': '16724', 'r2_electric': '8.715097876569077e+29', 'r2_voltage': '0.0', 'r2_speed': '9.550891600431086e-39', 'r2_job': '0', 'replace_status': '0', 'part_status': '0', 'r1_protective_gas': '0', 'r1_welding_wire': '0', 'r2_protective_gas': '0', 'r2_welding_wire': '0', 'login_id': '\x00\x00\x00\x00\x01Z\x00\x00\x00\x00', 'login_password': '\n\x00\x00\x00\x00\x00\x00\x00\x00\x00'}
2021-03-02  10:37:02 Tue root INFO ('\n\x07250 YDG\x00', '2567', '12853', 23108, '18176', '0', '1.0654138796264848e-21', '6.165713243029195e-44', '3.6734198463196485e-40', '17206', '17218', '16724', '8.715097876569077e+29', '0.0', '9.550891600431086e-39', '0', '0', '0', '0', '0', '0', '\x00\x00\x00\x00\x01Z\x00\x00\x00\x00', '\n\x00\x00\x00\x00\x00\x00\x00\x00\x00', '0', '12320', '2021-03-02 10:37:02')
2021-03-02  10:37:02 Tue root INFO 成功添加数据
2021-03-02  10:37:02 Tue root INFO mes_plc_r2
2021-03-02  10:37:03 Tue root INFO 读取插入数据库数据：{'product_type': '\n\x07250 TJ2\x00', 'r1_equipment_status': '0', 'fail_code': '0', 'recerve': '0', 'prod_num': 429, 'r1_rob_no': '104', 'r1_weld_line_no': '0', 'r1_electric': '0.0', 'r1_voltage': '0.0', 'r1_speed': '0.0', 'r1_job': '0', 'r2_rob_no': '0', 'r2_weld_line_no': '0', 'r2_electric': '0.0', 'r2_voltage': '0.0', 'r2_speed': '0.0', 'r2_job': '0', 'replace_status': '0', 'part_status': '0', 'r1_protective_gas': '0', 'r1_welding_wire': '0', 'r2_protective_gas': '0', 'r2_welding_wire': '0', 'login_id': '\n\x00\x00\x00\x00\x00\x00\x00\x00\x00', 'login_password': '\n\x00\x00\x00\x00\x00\x00\x00\x00\x00'}
2021-03-02  10:37:03 Tue root INFO ('\n\x07250 TJ2\x00', '0', '0', 429, '104', '0', '0.0', '0.0', '0.0', '0', '0', '0', '0.0', '0.0', '0.0', '0', '0', '0', '0', '0', '0', '\n\x00\x00\x00\x00\x00\x00\x00\x00\x00', '\n\x00\x00\x00\x00\x00\x00\x00\x00\x00', '0', '0', '2021-03-02 10:37:03')
2021-03-02  10:37:03 Tue root INFO 成功添加数据
2021-03-02  10:37:03 Tue root INFO mes_plc_r3
2021-03-02  10:37:03 Tue root INFO 读取插入数据库数据：{'product_type': '\n\x07250 TJ4\x00', 'r1_equipment_status': '0', 'fail_code': '0', 'recerve': '0', 'prod_num': 428, 'r1_rob_no': '104', 'r1_weld_line_no': '0', 'r1_electric': '184.4184112548828', 'r1_voltage': '13.820168495178223', 'r1_speed': '0.0', 'r1_job': '0', 'r2_rob_no': '0', 'r2_weld_line_no': '0', 'r2_electric': '0.0', 'r2_voltage': '0.0', 'r2_speed': '0.0', 'r2_job': '0', 'replace_status': '0', 'part_status': '0', 'r1_protective_gas': '0', 'r1_welding_wire': '0', 'r2_protective_gas': '0', 'r2_welding_wire': '0', 'login_id': '\n\x00\x00\x00\x00\x00\x00\x00\x00\x00', 'login_password': '\n\x00\x00\x00\x00\x00\x00\x00\x00\x00'}
2021-03-02  10:37:03 Tue root INFO ('\n\x07250 TJ4\x00', '0', '0', 428, '104', '0', '184.4184112548828', '13.820168495178223', '0.0', '0', '0', '0', '0.0', '0.0', '0.0', '0', '0', '0', '0', '0', '0', '\n\x00\x00\x00\x00\x00\x00\x00\x00\x00', '\n\x00\x00\x00\x00\x00\x00\x00\x00\x00', '0', '0', '2021-03-02 10:37:03')
2021-03-02  10:37:03 Tue root INFO 成功添加数据
2021-03-02  10:37:03 Tue root INFO mes_plc_r4
2021-03-02  10:37:03 Tue root INFO 读取插入数据库数据：{'product_type': '\n\x02AA\x00\x00\x00\x00\x00\x00', 'r1_equipment_status': '2562', 'fail_code': '16962', 'recerve': '0', 'prod_num': 0, 'r1_rob_no': '0', 'r1_weld_line_no': '0', 'r1_electric': '9.727692471237622e-22', 'r1_voltage': '2.802596928649634e-45', 'r1_speed': '1.3775324423698682e-38', 'r1_job': '17207', 'r2_rob_no': '-76', 'r2_weld_line_no': '16721', 'r2_electric': '-1.2967404927621828e-13', 'r2_voltage': '0.0', 'r2_speed': '0.0', 'r2_job': '0', 'replace_status': '0', 'part_status': '0', 'r1_protective_gas': '0', 'r1_welding_wire': '0', 'r2_protective_gas': '0', 'r2_welding_wire': '0', 'login_id': '\x00\x00\x00\x00\x00 \x00\x00\x00\x00', 'login_password': '\n\x00\x00\x00\x00\x00\x00\x00\x00\x00'}
2021-03-02  10:37:03 Tue root INFO ('\n\x02AA\x00\x00\x00\x00\x00\x00', '2562', '16962', 0, '0', '0', '9.727692471237622e-22', '2.802596928649634e-45', '1.3775324423698682e-38', '17207', '-76', '16721', '-1.2967404927621828e-13', '0.0', '0.0', '0', '0', '0', '0', '0', '0', '\x00\x00\x00\x00\x00 \x00\x00\x00\x00', '\n\x00\x00\x00\x00\x00\x00\x00\x00\x00', '0', '0', '2021-03-02 10:37:03')
2021-03-02  10:37:03 Tue root INFO 成功添加数据
2021-03-02  10:37:03 Tue root INFO mes_plc_r5
2021-03-02  10:37:03 Tue root INFO 读取插入数据库数据：{'product_type': '\n\x00\x00\x00\x00\x00\x00\x00\x00\x00', 'r1_equipment_status': '2560', 'fail_code': '0', 'recerve': '0', 'prod_num': 0, 'r1_rob_no': '0', 'r1_weld_line_no': '0', 'r1_electric': '1.8870057723865944e-24', 'r1_voltage': '0.0', 'r1_speed': '0.0', 'r1_job': '17204', 'r2_rob_no': '-24386', 'r2_weld_line_no': '16726', 'r2_electric': '-2.87545844912529e-08', 'r2_voltage': '0.0', 'r2_speed': '0.0', 'r2_job': '17204', 'replace_status': '7965', 'part_status': '16726', 'r1_protective_gas': '11682', 'r1_welding_wire': '0', 'r2_protective_gas': '0', 'r2_welding_wire': '0', 'login_id': '\x00\x00\x00\x00\x00\x00\x00\x00\x00\x00', 'login_password': '\n\x00\x00\x00\x00\x00\x00\x00\x00\x00'}
2021-03-02  10:37:03 Tue root INFO ('\n\x00\x00\x00\x00\x00\x00\x00\x00\x00', '2560', '0', 0, '0', '0', '1.8870057723865944e-24', '0.0', '0.0', '17204', '-24386', '16726', '-2.87545844912529e-08', '0.0', '0.0', '17204', '7965', '11682', '0', '0', '0', '\x00\x00\x00\x00\x00\x00\x00\x00\x00\x00', '\n\x00\x00\x00\x00\x00\x00\x00\x00\x00', '16726', '0', '2021-03-02 10:37:03')
2021-03-02  10:37:04 Tue root INFO 成功添加数据
2021-03-02  10:37:04 Tue root INFO mes_plc_r6
2021-03-02  10:37:04 Tue root INFO 读取插入数据库数据：{'product_type': '\n\x00\x00\x00\x00\x00\x00\x00\x00\x00', 'r1_equipment_status': '2560', 'fail_code': '0', 'recerve': '0', 'prod_num': 0, 'r1_rob_no': '0', 'r1_weld_line_no': '0', 'r1_electric': '0.0', 'r1_voltage': '9.183815862507343e-40', 'r1_speed': '0.0', 'r1_job': '0', 'r2_rob_no': '0', 'r2_weld_line_no': '0', 'r2_electric': '0.0', 'r2_voltage': '0.0', 'r2_speed': '0.0', 'r2_job': '0', 'replace_status': '0', 'part_status': '0', 'r1_protective_gas': '0', 'r1_welding_wire': '0', 'r2_protective_gas': '0', 'r2_welding_wire': '0', 'login_id': '\x00\x00\x00\x00\x00\x00\x00\x00\x00\x00', 'login_password': '\n\x00\x00\x00\x00\x00\x00\x00\x00\x00'}
2021-03-02  10:37:04 Tue root INFO ('\n\x00\x00\x00\x00\x00\x00\x00\x00\x00', '2560', '0', 0, '0', '0', '0.0', '9.183815862507343e-40', '0.0', '0', '0', '0', '0.0', '0.0', '0.0', '0', '0', '0', '0', '0', '0', '\x00\x00\x00\x00\x00\x00\x00\x00\x00\x00', '\n\x00\x00\x00\x00\x00\x00\x00\x00\x00', '0', '0', '2021-03-02 10:37:04')
2021-03-02  10:37:04 Tue root INFO 成功添加数据
2021-03-02  10:38:04 Tue root INFO plc连接状态:[1, 1, 1, 1, 1, 1]
2021-03-02  10:38:04 Tue root INFO mes_plc
2021-03-02  10:38:04 Tue root INFO 读取插入数据库数据：{'product_type': '\n\x07250 YDG\x00', 'r1_equipment_status': '2567', 'fail_code': '12853', 'recerve': '12320', 'prod_num': 23108, 'r1_rob_no': '18176', 'r1_weld_line_no': '0', 'r1_electric': '1.0654138796264848e-21', 'r1_voltage': '6.165713243029195e-44', 'r1_speed': '3.6734198463196485e-40', 'r1_job': '17206', 'r2_rob_no': '21011', 'r2_weld_line_no': '16724', 'r2_electric': '1.0237942960908801e+21', 'r2_voltage': '0.0', 'r2_speed': '9.550891600431086e-39', 'r2_job': '0', 'replace_status': '0', 'part_status': '0', 'r1_protective_gas': '0', 'r1_welding_wire': '0', 'r2_protective_gas': '0', 'r2_welding_wire': '0', 'login_id': '\x00\x00\x00\x00\x01Z\x00\x00\x00\x00', 'login_password': '\n\x00\x00\x00\x00\x00\x00\x00\x00\x00'}
2021-03-02  10:38:04 Tue root INFO ('\n\x07250 YDG\x00', '2567', '12853', 23108, '18176', '0', '1.0654138796264848e-21', '6.165713243029195e-44', '3.6734198463196485e-40', '17206', '21011', '16724', '1.0237942960908801e+21', '0.0', '9.550891600431086e-39', '0', '0', '0', '0', '0', '0', '\x00\x00\x00\x00\x01Z\x00\x00\x00\x00', '\n\x00\x00\x00\x00\x00\x00\x00\x00\x00', '0', '12320', '2021-03-02 10:38:04')
2021-03-02  10:38:04 Tue root INFO 成功添加数据
2021-03-02  10:38:04 Tue root INFO mes_plc_r2
2021-03-02  10:38:04 Tue root INFO 读取插入数据库数据：{'product_type': '\n\x07250 TJ2\x00', 'r1_equipment_status': '0', 'fail_code': '0', 'recerve': '0', 'prod_num': 429, 'r1_rob_no': '104', 'r1_weld_line_no': '0', 'r1_electric': '0.0', 'r1_voltage': '0.0', 'r1_speed': '0.0', 'r1_job': '0', 'r2_rob_no': '0', 'r2_weld_line_no': '0', 'r2_electric': '0.0', 'r2_voltage': '0.0', 'r2_speed': '0.0', 'r2_job': '0', 'replace_status': '0', 'part_status': '0', 'r1_protective_gas': '0', 'r1_welding_wire': '0', 'r2_protective_gas': '0', 'r2_welding_wire': '0', 'login_id': '\n\x00\x00\x00\x00\x00\x00\x00\x00\x00', 'login_password': '\n\x00\x00\x00\x00\x00\x00\x00\x00\x00'}
2021-03-02  10:38:04 Tue root INFO ('\n\x07250 TJ2\x00', '0', '0', 429, '104', '0', '0.0', '0.0', '0.0', '0', '0', '0', '0.0', '0.0', '0.0', '0', '0', '0', '0', '0', '0', '\n\x00\x00\x00\x00\x00\x00\x00\x00\x00', '\n\x00\x00\x00\x00\x00\x00\x00\x00\x00', '0', '0', '2021-03-02 10:38:04')
2021-03-02  10:38:05 Tue root INFO 成功添加数据
2021-03-02  10:38:05 Tue root INFO mes_plc_r3
2021-03-02  10:38:05 Tue root INFO 读取插入数据库数据：{'product_type': '\n\x07250 TJ3\x00', 'r1_equipment_status': '0', 'fail_code': '0', 'recerve': '0', 'prod_num': 429, 'r1_rob_no': '4', 'r1_weld_line_no': '0', 'r1_electric': '184.36053466796875', 'r1_voltage': '13.863571166992188', 'r1_speed': '0.0', 'r1_job': '0', 'r2_rob_no': '0', 'r2_weld_line_no': '0', 'r2_electric': '0.0', 'r2_voltage': '0.0', 'r2_speed': '0.0', 'r2_job': '0', 'replace_status': '0', 'part_status': '0', 'r1_protective_gas': '0', 'r1_welding_wire': '0', 'r2_protective_gas': '0', 'r2_welding_wire': '0', 'login_id': '\n\x00\x00\x00\x00\x00\x00\x00\x00\x00', 'login_password': '\n\x00\x00\x00\x00\x00\x00\x00\x00\x00'}
2021-03-02  10:38:05 Tue root INFO ('\n\x07250 TJ3\x00', '0', '0', 429, '4', '0', '184.36053466796875', '13.863571166992188', '0.0', '0', '0', '0', '0.0', '0.0', '0.0', '0', '0', '0', '0', '0', '0', '\n\x00\x00\x00\x00\x00\x00\x00\x00\x00', '\n\x00\x00\x00\x00\x00\x00\x00\x00\x00', '0', '0', '2021-03-02 10:38:05')
2021-03-02  10:38:05 Tue root INFO 成功添加数据
2021-03-02  10:38:05 Tue root INFO mes_plc_r4
2021-03-02  10:38:05 Tue root INFO 读取插入数据库数据：{'product_type': '\n\x02AA\x00\x00\x00\x00\x00\x00', 'r1_equipment_status': '2562', 'fail_code': '16962', 'recerve': '0', 'prod_num': 0, 'r1_rob_no': '0', 'r1_weld_line_no': '0', 'r1_electric': '9.727692471237622e-22', 'r1_voltage': '2.802596928649634e-45', 'r1_speed': '1.3775324423698682e-38', 'r1_job': '17207', 'r2_rob_no': '-1024', 'r2_weld_line_no': '16721', 'r2_electric': '-92160.0', 'r2_voltage': '0.0', 'r2_speed': '0.0', 'r2_job': '0', 'replace_status': '0', 'part_status': '0', 'r1_protective_gas': '0', 'r1_welding_wire': '0', 'r2_protective_gas': '0', 'r2_welding_wire': '0', 'login_id': '\x00\x00\x00\x00\x00 \x00\x00\x00\x00', 'login_password': '\n\x00\x00\x00\x00\x00\x00\x00\x00\x00'}
2021-03-02  10:38:05 Tue root INFO ('\n\x02AA\x00\x00\x00\x00\x00\x00', '2562', '16962', 0, '0', '0', '9.727692471237622e-22', '2.802596928649634e-45', '1.3775324423698682e-38', '17207', '-1024', '16721', '-92160.0', '0.0', '0.0', '0', '0', '0', '0', '0', '0', '\x00\x00\x00\x00\x00 \x00\x00\x00\x00', '\n\x00\x00\x00\x00\x00\x00\x00\x00\x00', '0', '0', '2021-03-02 10:38:05')
2021-03-02  10:38:05 Tue root INFO 成功添加数据
2021-03-02  10:38:05 Tue root INFO mes_plc_r5
2021-03-02  10:38:05 Tue root INFO 读取插入数据库数据：{'product_type': '\n\x00\x00\x00\x00\x00\x00\x00\x00\x00', 'r1_equipment_status': '2560', 'fail_code': '0', 'recerve': '0', 'prod_num': 0, 'r1_rob_no': '0', 'r1_weld_line_no': '0', 'r1_electric': '1.8870057723865944e-24', 'r1_voltage': '0.0', 'r1_speed': '0.0', 'r1_job': '17204', 'r2_rob_no': '-26282', 'r2_weld_line_no': '16726', 'r2_electric': '-4.301500743989133e-26', 'r2_voltage': '0.0', 'r2_speed': '0.0', 'r2_job': '17204', 'replace_status': '5120', 'part_status': '16726', 'r1_protective_gas': '-7282', 'r1_welding_wire': '0', 'r2_protective_gas': '0', 'r2_welding_wire': '0', 'login_id': '\x00\x00\x00\x00\x00\x00\x00\x00\x00\x00', 'login_password': '\n\x00\x00\x00\x00\x00\x00\x00\x00\x00'}
2021-03-02  10:38:05 Tue root INFO ('\n\x00\x00\x00\x00\x00\x00\x00\x00\x00', '2560', '0', 0, '0', '0', '1.8870057723865944e-24', '0.0', '0.0', '17204', '-26282', '16726', '-4.301500743989133e-26', '0.0', '0.0', '17204', '5120', '-7282', '0', '0', '0', '\x00\x00\x00\x00\x00\x00\x00\x00\x00\x00', '\n\x00\x00\x00\x00\x00\x00\x00\x00\x00', '16726', '0', '2021-03-02 10:38:05')
2021-03-02  10:38:05 Tue root INFO 成功添加数据
2021-03-02  10:38:05 Tue root INFO mes_plc_r6
2021-03-02  10:38:06 Tue root INFO 读取插入数据库数据：{'product_type': '\n\x00\x00\x00\x00\x00\x00\x00\x00\x00', 'r1_equipment_status': '2560', 'fail_code': '0', 'recerve': '0', 'prod_num': 0, 'r1_rob_no': '0', 'r1_weld_line_no': '0', 'r1_electric': '0.0', 'r1_voltage': '9.183815862507343e-40', 'r1_speed': '0.0', 'r1_job': '0', 'r2_rob_no': '0', 'r2_weld_line_no': '0', 'r2_electric': '0.0', 'r2_voltage': '0.0', 'r2_speed': '0.0', 'r2_job': '0', 'replace_status': '0', 'part_status': '0', 'r1_protective_gas': '0', 'r1_welding_wire': '0', 'r2_protective_gas': '0', 'r2_welding_wire': '0', 'login_id': '\x00\x00\x00\x00\x00\x00\x00\x00\x00\x00', 'login_password': '\n\x00\x00\x00\x00\x00\x00\x00\x00\x00'}
2021-03-02  10:38:06 Tue root INFO ('\n\x00\x00\x00\x00\x00\x00\x00\x00\x00', '2560', '0', 0, '0', '0', '0.0', '9.183815862507343e-40', '0.0', '0', '0', '0', '0.0', '0.0', '0.0', '0', '0', '0', '0', '0', '0', '\x00\x00\x00\x00\x00\x00\x00\x00\x00\x00', '\n\x00\x00\x00\x00\x00\x00\x00\x00\x00', '0', '0', '2021-03-02 10:38:06')
2021-03-02  10:38:06 Tue root INFO 成功添加数据
2021-03-02  10:39:06 Tue root INFO plc连接状态:[1, 1, 1, 1, 1, 1]
2021-03-02  10:39:06 Tue root INFO mes_plc
2021-03-02  10:39:06 Tue root INFO 读取插入数据库数据：{'product_type': '\n\x07250 YDG\x00', 'r1_equipment_status': '2567', 'fail_code': '12853', 'recerve': '12320', 'prod_num': 23108, 'r1_rob_no': '18176', 'r1_weld_line_no': '0', 'r1_electric': '1.0654138796264848e-21', 'r1_voltage': '6.165713243029195e-44', 'r1_speed': '3.6734198463196485e-40', 'r1_job': '17206', 'r2_rob_no': '24803', 'r2_weld_line_no': '16724', 'r2_electric': '8.715097876569077e+29', 'r2_voltage': '0.0', 'r2_speed': '9.550891600431086e-39', 'r2_job': '0', 'replace_status': '0', 'part_status': '0', 'r1_protective_gas': '0', 'r1_welding_wire': '0', 'r2_protective_gas': '0', 'r2_welding_wire': '0', 'login_id': '\x00\x00\x00\x00\x01Z\x00\x00\x00\x00', 'login_password': '\n\x00\x00\x00\x00\x00\x00\x00\x00\x00'}
2021-03-02  10:39:06 Tue root INFO ('\n\x07250 YDG\x00', '2567', '12853', 23108, '18176', '0', '1.0654138796264848e-21', '6.165713243029195e-44', '3.6734198463196485e-40', '17206', '24803', '16724', '8.715097876569077e+29', '0.0', '9.550891600431086e-39', '0', '0', '0', '0', '0', '0', '\x00\x00\x00\x00\x01Z\x00\x00\x00\x00', '\n\x00\x00\x00\x00\x00\x00\x00\x00\x00', '0', '12320', '2021-03-02 10:39:06')
2021-03-02  10:39:06 Tue root INFO 成功添加数据
2021-03-02  10:39:06 Tue root INFO mes_plc_r2
2021-03-02  10:39:06 Tue root INFO 读取插入数据库数据：{'product_type': '\n\x07250 TJ2\x00', 'r1_equipment_status': '0', 'fail_code': '0', 'recerve': '0', 'prod_num': 429, 'r1_rob_no': '104', 'r1_weld_line_no': '0', 'r1_electric': '0.0', 'r1_voltage': '0.0', 'r1_speed': '0.0', 'r1_job': '0', 'r2_rob_no': '0', 'r2_weld_line_no': '0', 'r2_electric': '0.0', 'r2_voltage': '0.0', 'r2_speed': '0.0', 'r2_job': '0', 'replace_status': '0', 'part_status': '0', 'r1_protective_gas': '0', 'r1_welding_wire': '0', 'r2_protective_gas': '0', 'r2_welding_wire': '0', 'login_id': '\n\x00\x00\x00\x00\x00\x00\x00\x00\x00', 'login_password': '\n\x00\x00\x00\x00\x00\x00\x00\x00\x00'}
2021-03-02  10:39:06 Tue root INFO ('\n\x07250 TJ2\x00', '0', '0', 429, '104', '0', '0.0', '0.0', '0.0', '0', '0', '0', '0.0', '0.0', '0.0', '0', '0', '0', '0', '0', '0', '\n\x00\x00\x00\x00\x00\x00\x00\x00\x00', '\n\x00\x00\x00\x00\x00\x00\x00\x00\x00', '0', '0', '2021-03-02 10:39:06')
2021-03-02  10:39:06 Tue root INFO 成功添加数据
2021-03-02  10:39:06 Tue root INFO mes_plc_r3
2021-03-02  10:39:07 Tue root INFO 读取插入数据库数据：{'product_type': '\n\x07250 TJ3\x00', 'r1_equipment_status': '0', 'fail_code': '0', 'recerve': '0', 'prod_num': 429, 'r1_rob_no': '4', 'r1_weld_line_no': '0', 'r1_electric': '184.28819274902344', 'r1_voltage': '13.838252067565918', 'r1_speed': '0.0', 'r1_job': '0', 'r2_rob_no': '0', 'r2_weld_line_no': '0', 'r2_electric': '0.0', 'r2_voltage': '0.0', 'r2_speed': '0.0', 'r2_job': '0', 'replace_status': '0', 'part_status': '0', 'r1_protective_gas': '0', 'r1_welding_wire': '0', 'r2_protective_gas': '0', 'r2_welding_wire': '0', 'login_id': '\n\x00\x00\x00\x00\x00\x00\x00\x00\x00', 'login_password': '\n\x00\x00\x00\x00\x00\x00\x00\x00\x00'}
2021-03-02  10:39:07 Tue root INFO ('\n\x07250 TJ3\x00', '0', '0', 429, '4', '0', '184.28819274902344', '13.838252067565918', '0.0', '0', '0', '0', '0.0', '0.0', '0.0', '0', '0', '0', '0', '0', '0', '\n\x00\x00\x00\x00\x00\x00\x00\x00\x00', '\n\x00\x00\x00\x00\x00\x00\x00\x00\x00', '0', '0', '2021-03-02 10:39:07')
2021-03-02  10:39:07 Tue root INFO 成功添加数据
2021-03-02  10:39:07 Tue root INFO mes_plc_r4
2021-03-02  10:39:07 Tue root INFO 读取插入数据库数据：{'product_type': '\n\x02AA\x00\x00\x00\x00\x00\x00', 'r1_equipment_status': '2562', 'fail_code': '16962', 'recerve': '0', 'prod_num': 0, 'r1_rob_no': '0', 'r1_weld_line_no': '0', 'r1_electric': '9.727692471237622e-22', 'r1_voltage': '2.802596928649634e-45', 'r1_speed': '1.3775324423698682e-38', 'r1_job': '17207', 'r2_rob_no': '-1024', 'r2_weld_line_no': '16721', 'r2_electric': '-1.2967404927621828e-13', 'r2_voltage': '0.0', 'r2_speed': '0.0', 'r2_job': '0', 'replace_status': '0', 'part_status': '0', 'r1_protective_gas': '0', 'r1_welding_wire': '0', 'r2_protective_gas': '0', 'r2_welding_wire': '0', 'login_id': '\x00\x00\x00\x00\x00 \x00\x00\x00\x00', 'login_password': '\n\x00\x00\x00\x00\x00\x00\x00\x00\x00'}
2021-03-02  10:39:07 Tue root INFO ('\n\x02AA\x00\x00\x00\x00\x00\x00', '2562', '16962', 0, '0', '0', '9.727692471237622e-22', '2.802596928649634e-45', '1.3775324423698682e-38', '17207', '-1024', '16721', '-1.2967404927621828e-13', '0.0', '0.0', '0', '0', '0', '0', '0', '0', '\x00\x00\x00\x00\x00 \x00\x00\x00\x00', '\n\x00\x00\x00\x00\x00\x00\x00\x00\x00', '0', '0', '2021-03-02 10:39:07')
2021-03-02  10:39:07 Tue root INFO 成功添加数据
2021-03-02  10:39:07 Tue root INFO mes_plc_r5
2021-03-02  10:39:07 Tue root INFO 读取插入数据库数据：{'product_type': '\n\x00\x00\x00\x00\x00\x00\x00\x00\x00', 'r1_equipment_status': '2560', 'fail_code': '0', 'recerve': '0', 'prod_num': 0, 'r1_rob_no': '0', 'r1_weld_line_no': '0', 'r1_electric': '1.8870057723865944e-24', 'r1_voltage': '0.0', 'r1_speed': '0.0', 'r1_job': '17204', 'r2_rob_no': '-23438', 'r2_weld_line_no': '16726', 'r2_electric': '-1.678941941083721e+19', 'r2_voltage': '0.0', 'r2_speed': '0.0', 'r2_job': '17204', 'replace_status': '4172', 'part_status': '16726', 'r1_protective_gas': '7888', 'r1_welding_wire': '0', 'r2_protective_gas': '0', 'r2_welding_wire': '0', 'login_id': '\x00\x00\x00\x00\x00\x00\x00\x00\x00\x00', 'login_password': '\n\x00\x00\x00\x00\x00\x00\x00\x00\x00'}
2021-03-02  10:39:07 Tue root INFO ('\n\x00\x00\x00\x00\x00\x00\x00\x00\x00', '2560', '0', 0, '0', '0', '1.8870057723865944e-24', '0.0', '0.0', '17204', '-23438', '16726', '-1.678941941083721e+19', '0.0', '0.0', '17204', '4172', '7888', '0', '0', '0', '\x00\x00\x00\x00\x00\x00\x00\x00\x00\x00', '\n\x00\x00\x00\x00\x00\x00\x00\x00\x00', '16726', '0', '2021-03-02 10:39:07')
2021-03-02  10:39:07 Tue root INFO 成功添加数据
2021-03-02  10:39:07 Tue root INFO mes_plc_r6
2021-03-02  10:39:08 Tue root INFO 读取插入数据库数据：{'product_type': '\n\x00\x00\x00\x00\x00\x00\x00\x00\x00', 'r1_equipment_status': '2560', 'fail_code': '0', 'recerve': '0', 'prod_num': 0, 'r1_rob_no': '0', 'r1_weld_line_no': '0', 'r1_electric': '0.0', 'r1_voltage': '9.183815862507343e-40', 'r1_speed': '0.0', 'r1_job': '0', 'r2_rob_no': '0', 'r2_weld_line_no': '0', 'r2_electric': '0.0', 'r2_voltage': '0.0', 'r2_speed': '0.0', 'r2_job': '0', 'replace_status': '0', 'part_status': '0', 'r1_protective_gas': '0', 'r1_welding_wire': '0', 'r2_protective_gas': '0', 'r2_welding_wire': '0', 'login_id': '\x00\x00\x00\x00\x00\x00\x00\x00\x00\x00', 'login_password': '\n\x00\x00\x00\x00\x00\x00\x00\x00\x00'}
2021-03-02  10:39:08 Tue root INFO ('\n\x00\x00\x00\x00\x00\x00\x00\x00\x00', '2560', '0', 0, '0', '0', '0.0', '9.183815862507343e-40', '0.0', '0', '0', '0', '0.0', '0.0', '0.0', '0', '0', '0', '0', '0', '0', '\x00\x00\x00\x00\x00\x00\x00\x00\x00\x00', '\n\x00\x00\x00\x00\x00\x00\x00\x00\x00', '0', '0', '2021-03-02 10:39:08')
2021-03-02  10:39:08 Tue root INFO 成功添加数据
2021-03-02  10:40:08 Tue root INFO plc连接状态:[1, 1, 1, 1, 1, 1]
2021-03-02  10:40:08 Tue root INFO mes_plc
2021-03-02  10:40:08 Tue root INFO 读取插入数据库数据：{'product_type': '\n\x07250 YDG\x00', 'r1_equipment_status': '2567', 'fail_code': '12853', 'recerve': '12320', 'prod_num': 23108, 'r1_rob_no': '18176', 'r1_weld_line_no': '0', 'r1_electric': '1.0654138796264848e-21', 'r1_voltage': '6.165713243029195e-44', 'r1_speed': '3.6734198463196485e-40', 'r1_job': '17206', 'r2_rob_no': '26700', 'r2_weld_line_no': '16724', 'r2_electric': '-5.127595883936577e-30', 'r2_voltage': '0.0', 'r2_speed': '9.550891600431086e-39', 'r2_job': '0', 'replace_status': '0', 'part_status': '0', 'r1_protective_gas': '0', 'r1_welding_wire': '0', 'r2_protective_gas': '0', 'r2_welding_wire': '0', 'login_id': '\x00\x00\x00\x00\x01Z\x00\x00\x00\x00', 'login_password': '\n\x00\x00\x00\x00\x00\x00\x00\x00\x00'}
2021-03-02  10:40:08 Tue root INFO ('\n\x07250 YDG\x00', '2567', '12853', 23108, '18176', '0', '1.0654138796264848e-21', '6.165713243029195e-44', '3.6734198463196485e-40', '17206', '26700', '16724', '-5.127595883936577e-30', '0.0', '9.550891600431086e-39', '0', '0', '0', '0', '0', '0', '\x00\x00\x00\x00\x01Z\x00\x00\x00\x00', '\n\x00\x00\x00\x00\x00\x00\x00\x00\x00', '0', '12320', '2021-03-02 10:40:08')
2021-03-02  10:40:08 Tue root INFO 成功添加数据
2021-03-02  10:40:08 Tue root INFO mes_plc_r2
2021-03-02  10:40:08 Tue root INFO 读取插入数据库数据：{'product_type': '\n\x07250 TJ2\x00', 'r1_equipment_status': '0', 'fail_code': '0', 'recerve': '0', 'prod_num': 430, 'r1_rob_no': '104', 'r1_weld_line_no': '0', 'r1_electric': '0.0', 'r1_voltage': '0.0', 'r1_speed': '0.0', 'r1_job': '0', 'r2_rob_no': '0', 'r2_weld_line_no': '0', 'r2_electric': '0.0', 'r2_voltage': '0.0', 'r2_speed': '0.0', 'r2_job': '0', 'replace_status': '0', 'part_status': '0', 'r1_protective_gas': '0', 'r1_welding_wire': '0', 'r2_protective_gas': '0', 'r2_welding_wire': '0', 'login_id': '\n\x00\x00\x00\x00\x00\x00\x00\x00\x00', 'login_password': '\n\x00\x00\x00\x00\x00\x00\x00\x00\x00'}
2021-03-02  10:40:08 Tue root INFO ('\n\x07250 TJ2\x00', '0', '0', 430, '104', '0', '0.0', '0.0', '0.0', '0', '0', '0', '0.0', '0.0', '0.0', '0', '0', '0', '0', '0', '0', '\n\x00\x00\x00\x00\x00\x00\x00\x00\x00', '\n\x00\x00\x00\x00\x00\x00\x00\x00\x00', '0', '0', '2021-03-02 10:40:08')
2021-03-02  10:40:08 Tue root INFO 成功添加数据
2021-03-02  10:40:08 Tue root INFO mes_plc_r3
2021-03-02  10:40:09 Tue root INFO 读取插入数据库数据：{'product_type': '\n\x07250 TJ3\x00', 'r1_equipment_status': '0', 'fail_code': '0', 'recerve': '0', 'prod_num': 429, 'r1_rob_no': '4', 'r1_weld_line_no': '0', 'r1_electric': '184.31712341308594', 'r1_voltage': '13.827401161193848', 'r1_speed': '0.0', 'r1_job': '0', 'r2_rob_no': '0', 'r2_weld_line_no': '0', 'r2_electric': '0.0', 'r2_voltage': '0.0', 'r2_speed': '0.0', 'r2_job': '0', 'replace_status': '0', 'part_status': '0', 'r1_protective_gas': '0', 'r1_welding_wire': '0', 'r2_protective_gas': '0', 'r2_welding_wire': '0', 'login_id': '\n\x00\x00\x00\x00\x00\x00\x00\x00\x00', 'login_password': '\n\x00\x00\x00\x00\x00\x00\x00\x00\x00'}
2021-03-02  10:40:09 Tue root INFO ('\n\x07250 TJ3\x00', '0', '0', 429, '4', '0', '184.31712341308594', '13.827401161193848', '0.0', '0', '0', '0', '0.0', '0.0', '0.0', '0', '0', '0', '0', '0', '0', '\n\x00\x00\x00\x00\x00\x00\x00\x00\x00', '\n\x00\x00\x00\x00\x00\x00\x00\x00\x00', '0', '0', '2021-03-02 10:40:09')
2021-03-02  10:40:09 Tue root INFO 成功添加数据
2021-03-02  10:40:09 Tue root INFO mes_plc_r4
2021-03-02  10:40:09 Tue root INFO 读取插入数据库数据：{'product_type': '\n\x02AA\x00\x00\x00\x00\x00\x00', 'r1_equipment_status': '2562', 'fail_code': '16962', 'recerve': '0', 'prod_num': 0, 'r1_rob_no': '0', 'r1_weld_line_no': '0', 'r1_electric': '9.727692471237622e-22', 'r1_voltage': '2.802596928649634e-45', 'r1_speed': '1.3775324423698682e-38', 'r1_job': '17207', 'r2_rob_no': '-76', 'r2_weld_line_no': '16721', 'r2_electric': '-92160.0', 'r2_voltage': '0.0', 'r2_speed': '0.0', 'r2_job': '0', 'replace_status': '0', 'part_status': '0', 'r1_protective_gas': '0', 'r1_welding_wire': '0', 'r2_protective_gas': '0', 'r2_welding_wire': '0', 'login_id': '\x00\x00\x00\x00\x00 \x00\x00\x00\x00', 'login_password': '\n\x00\x00\x00\x00\x00\x00\x00\x00\x00'}
2021-03-02  10:40:09 Tue root INFO ('\n\x02AA\x00\x00\x00\x00\x00\x00', '2562', '16962', 0, '0', '0', '9.727692471237622e-22', '2.802596928649634e-45', '1.3775324423698682e-38', '17207', '-76', '16721', '-92160.0', '0.0', '0.0', '0', '0', '0', '0', '0', '0', '\x00\x00\x00\x00\x00 \x00\x00\x00\x00', '\n\x00\x00\x00\x00\x00\x00\x00\x00\x00', '0', '0', '2021-03-02 10:40:09')
2021-03-02  10:40:09 Tue root INFO 成功添加数据
2021-03-02  10:40:09 Tue root INFO mes_plc_r5
2021-03-02  10:40:09 Tue root INFO 读取插入数据库数据：{'product_type': '\n\x00\x00\x00\x00\x00\x00\x00\x00\x00', 'r1_equipment_status': '2560', 'fail_code': '0', 'recerve': '0', 'prod_num': 0, 'r1_rob_no': '0', 'r1_weld_line_no': '0', 'r1_electric': '1.8870057723865944e-24', 'r1_voltage': '0.0', 'r1_speed': '0.0', 'r1_job': '17204', 'r2_rob_no': '-29127', 'r2_weld_line_no': '16726', 'r2_electric': '-5.002903957099656e-35', 'r2_voltage': '0.0', 'r2_speed': '0.0', 'r2_job': '17204', 'replace_status': '3224', 'part_status': '16726', 'r1_protective_gas': '-3490', 'r1_welding_wire': '0', 'r2_protective_gas': '0', 'r2_welding_wire': '0', 'login_id': '\x00\x00\x00\x00\x00\x00\x00\x00\x00\x00', 'login_password': '\n\x00\x00\x00\x00\x00\x00\x00\x00\x00'}
2021-03-02  10:40:09 Tue root INFO ('\n\x00\x00\x00\x00\x00\x00\x00\x00\x00', '2560', '0', 0, '0', '0', '1.8870057723865944e-24', '0.0', '0.0', '17204', '-29127', '16726', '-5.002903957099656e-35', '0.0', '0.0', '17204', '3224', '-3490', '0', '0', '0', '\x00\x00\x00\x00\x00\x00\x00\x00\x00\x00', '\n\x00\x00\x00\x00\x00\x00\x00\x00\x00', '16726', '0', '2021-03-02 10:40:09')
2021-03-02  10:40:09 Tue root INFO 成功添加数据
2021-03-02  10:40:09 Tue root INFO mes_plc_r6
2021-03-02  10:40:10 Tue root INFO 读取插入数据库数据：{'product_type': '\n\x00\x00\x00\x00\x00\x00\x00\x00\x00', 'r1_equipment_status': '2560', 'fail_code': '0', 'recerve': '0', 'prod_num': 0, 'r1_rob_no': '0', 'r1_weld_line_no': '0', 'r1_electric': '0.0', 'r1_voltage': '9.183815862507343e-40', 'r1_speed': '0.0', 'r1_job': '0', 'r2_rob_no': '0', 'r2_weld_line_no': '0', 'r2_electric': '0.0', 'r2_voltage': '0.0', 'r2_speed': '0.0', 'r2_job': '0', 'replace_status': '0', 'part_status': '0', 'r1_protective_gas': '0', 'r1_welding_wire': '0', 'r2_protective_gas': '0', 'r2_welding_wire': '0', 'login_id': '\x00\x00\x00\x00\x00\x00\x00\x00\x00\x00', 'login_password': '\n\x00\x00\x00\x00\x00\x00\x00\x00\x00'}
2021-03-02  10:40:10 Tue root INFO ('\n\x00\x00\x00\x00\x00\x00\x00\x00\x00', '2560', '0', 0, '0', '0', '0.0', '9.183815862507343e-40', '0.0', '0', '0', '0', '0.0', '0.0', '0.0', '0', '0', '0', '0', '0', '0', '\x00\x00\x00\x00\x00\x00\x00\x00\x00\x00', '\n\x00\x00\x00\x00\x00\x00\x00\x00\x00', '0', '0', '2021-03-02 10:40:10')
2021-03-02  10:40:10 Tue root INFO 成功添加数据
2021-03-02  10:41:10 Tue root INFO plc连接状态:[1, 1, 1, 1, 1, 1]
2021-03-02  10:41:10 Tue root INFO mes_plc
2021-03-02  10:41:10 Tue root INFO 读取插入数据库数据：{'product_type': '\n\x07250 YDG\x00', 'r1_equipment_status': '2567', 'fail_code': '12853', 'recerve': '12320', 'prod_num': 23108, 'r1_rob_no': '18176', 'r1_weld_line_no': '0', 'r1_electric': '1.0654138796264848e-21', 'r1_voltage': '6.165713243029195e-44', 'r1_speed': '3.6734198463196485e-40', 'r1_job': '17206', 'r2_rob_no': '25752', 'r2_weld_line_no': '16724', 'r2_electric': '1.0237942960908801e+21', 'r2_voltage': '0.0', 'r2_speed': '9.550891600431086e-39', 'r2_job': '0', 'replace_status': '0', 'part_status': '0', 'r1_protective_gas': '0', 'r1_welding_wire': '0', 'r2_protective_gas': '0', 'r2_welding_wire': '0', 'login_id': '\x00\x00\x00\x00\x01Z\x00\x00\x00\x00', 'login_password': '\n\x00\x00\x00\x00\x00\x00\x00\x00\x00'}
2021-03-02  10:41:10 Tue root INFO ('\n\x07250 YDG\x00', '2567', '12853', 23108, '18176', '0', '1.0654138796264848e-21', '6.165713243029195e-44', '3.6734198463196485e-40', '17206', '25752', '16724', '1.0237942960908801e+21', '0.0', '9.550891600431086e-39', '0', '0', '0', '0', '0', '0', '\x00\x00\x00\x00\x01Z\x00\x00\x00\x00', '\n\x00\x00\x00\x00\x00\x00\x00\x00\x00', '0', '12320', '2021-03-02 10:41:10')
2021-03-02  10:41:10 Tue root INFO 成功添加数据
2021-03-02  10:41:10 Tue root INFO mes_plc_r2
2021-03-02  10:41:10 Tue root INFO 读取插入数据库数据：{'product_type': '\n\x07250 TJ2\x00', 'r1_equipment_status': '0', 'fail_code': '0', 'recerve': '0', 'prod_num': 430, 'r1_rob_no': '104', 'r1_weld_line_no': '0', 'r1_electric': '0.0', 'r1_voltage': '0.0', 'r1_speed': '0.0', 'r1_job': '0', 'r2_rob_no': '0', 'r2_weld_line_no': '0', 'r2_electric': '0.0', 'r2_voltage': '0.0', 'r2_speed': '0.0', 'r2_job': '0', 'replace_status': '0', 'part_status': '0', 'r1_protective_gas': '0', 'r1_welding_wire': '0', 'r2_protective_gas': '0', 'r2_welding_wire': '0', 'login_id': '\n\x00\x00\x00\x00\x00\x00\x00\x00\x00', 'login_password': '\n\x00\x00\x00\x00\x00\x00\x00\x00\x00'}
2021-03-02  10:41:10 Tue root INFO ('\n\x07250 TJ2\x00', '0', '0', 430, '104', '0', '0.0', '0.0', '0.0', '0', '0', '0', '0.0', '0.0', '0.0', '0', '0', '0', '0', '0', '0', '\n\x00\x00\x00\x00\x00\x00\x00\x00\x00', '\n\x00\x00\x00\x00\x00\x00\x00\x00\x00', '0', '0', '2021-03-02 10:41:10')
2021-03-02  10:41:10 Tue root INFO 成功添加数据
2021-03-02  10:41:10 Tue root INFO mes_plc_r3
2021-03-02  10:41:10 Tue root INFO 读取插入数据库数据：{'product_type': '\n\x07250 TJ3\x00', 'r1_equipment_status': '0', 'fail_code': '0', 'recerve': '0', 'prod_num': 429, 'r1_rob_no': '4', 'r1_weld_line_no': '0', 'r1_electric': '184.31712341308594', 'r1_voltage': '13.820168495178223', 'r1_speed': '0.0', 'r1_job': '0', 'r2_rob_no': '0', 'r2_weld_line_no': '0', 'r2_electric': '0.0', 'r2_voltage': '0.0', 'r2_speed': '0.0', 'r2_job': '0', 'replace_status': '0', 'part_status': '0', 'r1_protective_gas': '0', 'r1_welding_wire': '0', 'r2_protective_gas': '0', 'r2_welding_wire': '0', 'login_id': '\n\x00\x00\x00\x00\x00\x00\x00\x00\x00', 'login_password': '\n\x00\x00\x00\x00\x00\x00\x00\x00\x00'}
2021-03-02  10:41:10 Tue root INFO ('\n\x07250 TJ3\x00', '0', '0', 429, '4', '0', '184.31712341308594', '13.820168495178223', '0.0', '0', '0', '0', '0.0', '0.0', '0.0', '0', '0', '0', '0', '0', '0', '\n\x00\x00\x00\x00\x00\x00\x00\x00\x00', '\n\x00\x00\x00\x00\x00\x00\x00\x00\x00', '0', '0', '2021-03-02 10:41:10')
2021-03-02  10:41:11 Tue root INFO 成功添加数据
2021-03-02  10:41:11 Tue root INFO mes_plc_r4
2021-03-02  10:41:11 Tue root INFO 读取插入数据库数据：{'product_type': '\n\x02AA\x00\x00\x00\x00\x00\x00', 'r1_equipment_status': '2562', 'fail_code': '16962', 'recerve': '0', 'prod_num': 0, 'r1_rob_no': '0', 'r1_weld_line_no': '0', 'r1_electric': '9.727692471237622e-22', 'r1_voltage': '2.802596928649634e-45', 'r1_speed': '1.3775324423698682e-38', 'r1_job': '17207', 'r2_rob_no': '-1972', 'r2_weld_line_no': '16721', 'r2_electric': '-1.6047303883528737e-22', 'r2_voltage': '0.0', 'r2_speed': '0.0', 'r2_job': '0', 'replace_status': '0', 'part_status': '0', 'r1_protective_gas': '0', 'r1_welding_wire': '0', 'r2_protective_gas': '0', 'r2_welding_wire': '0', 'login_id': '\x00\x00\x00\x00\x00 \x00\x00\x00\x00', 'login_password': '\n\x00\x00\x00\x00\x00\x00\x00\x00\x00'}
2021-03-02  10:41:11 Tue root INFO ('\n\x02AA\x00\x00\x00\x00\x00\x00', '2562', '16962', 0, '0', '0', '9.727692471237622e-22', '2.802596928649634e-45', '1.3775324423698682e-38', '17207', '-1972', '16721', '-1.6047303883528737e-22', '0.0', '0.0', '0', '0', '0', '0', '0', '0', '\x00\x00\x00\x00\x00 \x00\x00\x00\x00', '\n\x00\x00\x00\x00\x00\x00\x00\x00\x00', '0', '0', '2021-03-02 10:41:11')
2021-03-02  10:41:11 Tue root INFO 成功添加数据
2021-03-02  10:41:11 Tue root INFO mes_plc_r5
2021-03-02  10:41:11 Tue root INFO 读取插入数据库数据：{'product_type': '\n\x00\x00\x00\x00\x00\x00\x00\x00\x00', 'r1_equipment_status': '2560', 'fail_code': '0', 'recerve': '0', 'prod_num': 0, 'r1_rob_no': '0', 'r1_weld_line_no': '0', 'r1_electric': '1.8870057723865944e-24', 'r1_voltage': '0.0', 'r1_speed': '0.0', 'r1_job': '17204', 'r2_rob_no': '-28179', 'r2_weld_line_no': '16726', 'r2_electric': '8.613596464754233e+24', 'r2_voltage': '0.0', 'r2_speed': '0.0', 'r2_job': '17204', 'replace_status': '5120', 'part_status': '16726', 'r1_protective_gas': '304', 'r1_welding_wire': '0', 'r2_protective_gas': '0', 'r2_welding_wire': '0', 'login_id': '\x00\x00\x00\x00\x00\x00\x00\x00\x00\x00', 'login_password': '\n\x00\x00\x00\x00\x00\x00\x00\x00\x00'}
2021-03-02  10:41:11 Tue root INFO ('\n\x00\x00\x00\x00\x00\x00\x00\x00\x00', '2560', '0', 0, '0', '0', '1.8870057723865944e-24', '0.0', '0.0', '17204', '-28179', '16726', '8.613596464754233e+24', '0.0', '0.0', '17204', '5120', '304', '0', '0', '0', '\x00\x00\x00\x00\x00\x00\x00\x00\x00\x00', '\n\x00\x00\x00\x00\x00\x00\x00\x00\x00', '16726', '0', '2021-03-02 10:41:11')
2021-03-02  10:41:11 Tue root INFO 成功添加数据
2021-03-02  10:41:11 Tue root INFO mes_plc_r6
2021-03-02  10:41:12 Tue root INFO 读取插入数据库数据：{'product_type': '\n\x00\x00\x00\x00\x00\x00\x00\x00\x00', 'r1_equipment_status': '2560', 'fail_code': '0', 'recerve': '0', 'prod_num': 0, 'r1_rob_no': '0', 'r1_weld_line_no': '0', 'r1_electric': '0.0', 'r1_voltage': '9.183815862507343e-40', 'r1_speed': '0.0', 'r1_job': '0', 'r2_rob_no': '0', 'r2_weld_line_no': '0', 'r2_electric': '0.0', 'r2_voltage': '0.0', 'r2_speed': '0.0', 'r2_job': '0', 'replace_status': '0', 'part_status': '0', 'r1_protective_gas': '0', 'r1_welding_wire': '0', 'r2_protective_gas': '0', 'r2_welding_wire': '0', 'login_id': '\x00\x00\x00\x00\x00\x00\x00\x00\x00\x00', 'login_password': '\n\x00\x00\x00\x00\x00\x00\x00\x00\x00'}
2021-03-02  10:41:12 Tue root INFO ('\n\x00\x00\x00\x00\x00\x00\x00\x00\x00', '2560', '0', 0, '0', '0', '0.0', '9.183815862507343e-40', '0.0', '0', '0', '0', '0.0', '0.0', '0.0', '0', '0', '0', '0', '0', '0', '\x00\x00\x00\x00\x00\x00\x00\x00\x00\x00', '\n\x00\x00\x00\x00\x00\x00\x00\x00\x00', '0', '0', '2021-03-02 10:41:12')
2021-03-02  10:41:12 Tue root INFO 成功添加数据
2021-03-02  10:42:12 Tue root INFO plc连接状态:[1, 1, 1, 1, 1, 1]
2021-03-02  10:42:12 Tue root INFO mes_plc
2021-03-02  10:42:12 Tue root INFO 读取插入数据库数据：{'product_type': '\n\x07250 YDG\x00', 'r1_equipment_status': '2567', 'fail_code': '12853', 'recerve': '12320', 'prod_num': 23108, 'r1_rob_no': '18176', 'r1_weld_line_no': '0', 'r1_electric': '1.0654138796264848e-21', 'r1_voltage': '6.165713243029195e-44', 'r1_speed': '3.6734198463196485e-40', 'r1_job': '17206', 'r2_rob_no': '25752', 'r2_weld_line_no': '16724', 'r2_electric': '8.715097876569077e+29', 'r2_voltage': '0.0', 'r2_speed': '9.550891600431086e-39', 'r2_job': '0', 'replace_status': '0', 'part_status': '0', 'r1_protective_gas': '0', 'r1_welding_wire': '0', 'r2_protective_gas': '0', 'r2_welding_wire': '0', 'login_id': '\x00\x00\x00\x00\x01Z\x00\x00\x00\x00', 'login_password': '\n\x00\x00\x00\x00\x00\x00\x00\x00\x00'}
2021-03-02  10:42:12 Tue root INFO ('\n\x07250 YDG\x00', '2567', '12853', 23108, '18176', '0', '1.0654138796264848e-21', '6.165713243029195e-44', '3.6734198463196485e-40', '17206', '25752', '16724', '8.715097876569077e+29', '0.0', '9.550891600431086e-39', '0', '0', '0', '0', '0', '0', '\x00\x00\x00\x00\x01Z\x00\x00\x00\x00', '\n\x00\x00\x00\x00\x00\x00\x00\x00\x00', '0', '12320', '2021-03-02 10:42:12')
2021-03-02  10:42:12 Tue root INFO 成功添加数据
2021-03-02  10:42:12 Tue root INFO mes_plc_r2
2021-03-02  10:42:12 Tue root INFO 读取插入数据库数据：{'product_type': '\n\x07250 TJ1\x00', 'r1_equipment_status': '0', 'fail_code': '0', 'recerve': '0', 'prod_num': 431, 'r1_rob_no': '4', 'r1_weld_line_no': '0', 'r1_electric': '0.0', 'r1_voltage': '0.0', 'r1_speed': '0.0', 'r1_job': '0', 'r2_rob_no': '0', 'r2_weld_line_no': '0', 'r2_electric': '0.0', 'r2_voltage': '0.0', 'r2_speed': '0.0', 'r2_job': '0', 'replace_status': '0', 'part_status': '0', 'r1_protective_gas': '0', 'r1_welding_wire': '0', 'r2_protective_gas': '0', 'r2_welding_wire': '0', 'login_id': '\n\x00\x00\x00\x00\x00\x00\x00\x00\x00', 'login_password': '\n\x00\x00\x00\x00\x00\x00\x00\x00\x00'}
2021-03-02  10:42:12 Tue root INFO ('\n\x07250 TJ1\x00', '0', '0', 431, '4', '0', '0.0', '0.0', '0.0', '0', '0', '0', '0.0', '0.0', '0.0', '0', '0', '0', '0', '0', '0', '\n\x00\x00\x00\x00\x00\x00\x00\x00\x00', '\n\x00\x00\x00\x00\x00\x00\x00\x00\x00', '0', '0', '2021-03-02 10:42:12')
2021-03-02  10:42:12 Tue root INFO 成功添加数据
2021-03-02  10:42:12 Tue root INFO mes_plc_r3
2021-03-02  10:42:12 Tue root INFO 读取插入数据库数据：{'product_type': '\n\x07250 TJ3\x00', 'r1_equipment_status': '0', 'fail_code': '0', 'recerve': '0', 'prod_num': 429, 'r1_rob_no': '4', 'r1_weld_line_no': '0', 'r1_electric': '184.31712341308594', 'r1_voltage': '13.809317588806152', 'r1_speed': '0.0', 'r1_job': '0', 'r2_rob_no': '0', 'r2_weld_line_no': '0', 'r2_electric': '0.0', 'r2_voltage': '0.0', 'r2_speed': '0.0', 'r2_job': '0', 'replace_status': '0', 'part_status': '0', 'r1_protective_gas': '0', 'r1_welding_wire': '0', 'r2_protective_gas': '0', 'r2_welding_wire': '0', 'login_id': '\n\x00\x00\x00\x00\x00\x00\x00\x00\x00', 'login_password': '\n\x00\x00\x00\x00\x00\x00\x00\x00\x00'}
2021-03-02  10:42:12 Tue root INFO ('\n\x07250 TJ3\x00', '0', '0', 429, '4', '0', '184.31712341308594', '13.809317588806152', '0.0', '0', '0', '0', '0.0', '0.0', '0.0', '0', '0', '0', '0', '0', '0', '\n\x00\x00\x00\x00\x00\x00\x00\x00\x00', '\n\x00\x00\x00\x00\x00\x00\x00\x00\x00', '0', '0', '2021-03-02 10:42:12')
2021-03-02  10:42:12 Tue root INFO 成功添加数据
2021-03-02  10:42:12 Tue root INFO mes_plc_r4
2021-03-02  10:42:13 Tue root INFO 读取插入数据库数据：{'product_type': '\n\x02AA\x00\x00\x00\x00\x00\x00', 'r1_equipment_status': '2562', 'fail_code': '16962', 'recerve': '0', 'prod_num': 0, 'r1_rob_no': '0', 'r1_weld_line_no': '0', 'r1_electric': '9.727692471237622e-22', 'r1_voltage': '2.802596928649634e-45', 'r1_speed': '1.3775324423698682e-38', 'r1_job': '17207', 'r2_rob_no': '-1972', 'r2_weld_line_no': '16722', 'r2_electric': '-6.286650380320215e+22', 'r2_voltage': '0.0', 'r2_speed': '0.0', 'r2_job': '0', 'replace_status': '0', 'part_status': '0', 'r1_protective_gas': '0', 'r1_welding_wire': '0', 'r2_protective_gas': '0', 'r2_welding_wire': '0', 'login_id': '\x00\x00\x00\x00\x00 \x00\x00\x00\x00', 'login_password': '\n\x00\x00\x00\x00\x00\x00\x00\x00\x00'}
2021-03-02  10:42:13 Tue root INFO ('\n\x02AA\x00\x00\x00\x00\x00\x00', '2562', '16962', 0, '0', '0', '9.727692471237622e-22', '2.802596928649634e-45', '1.3775324423698682e-38', '17207', '-1972', '16722', '-6.286650380320215e+22', '0.0', '0.0', '0', '0', '0', '0', '0', '0', '\x00\x00\x00\x00\x00 \x00\x00\x00\x00', '\n\x00\x00\x00\x00\x00\x00\x00\x00\x00', '0', '0', '2021-03-02 10:42:13')
2021-03-02  10:42:13 Tue root INFO 成功添加数据
2021-03-02  10:42:13 Tue root INFO mes_plc_r5
2021-03-02  10:42:13 Tue root INFO 读取插入数据库数据：{'product_type': '\n\x00\x00\x00\x00\x00\x00\x00\x00\x00', 'r1_equipment_status': '2560', 'fail_code': '0', 'recerve': '0', 'prod_num': 0, 'r1_rob_no': '0', 'r1_weld_line_no': '0', 'r1_electric': '1.8870057723865944e-24', 'r1_voltage': '0.0', 'r1_speed': '0.0', 'r1_job': '17204', 'r2_rob_no': '-28179', 'r2_weld_line_no': '16726', 'r2_electric': '-1.1381514713908342e+37', 'r2_voltage': '0.0', 'r2_speed': '0.0', 'r2_job': '17204', 'replace_status': '5120', 'part_status': '16726', 'r1_protective_gas': '304', 'r1_welding_wire': '0', 'r2_protective_gas': '0', 'r2_welding_wire': '0', 'login_id': '\x00\x00\x00\x00\x00\x00\x00\x00\x00\x00', 'login_password': '\n\x00\x00\x00\x00\x00\x00\x00\x00\x00'}
2021-03-02  10:42:13 Tue root INFO ('\n\x00\x00\x00\x00\x00\x00\x00\x00\x00', '2560', '0', 0, '0', '0', '1.8870057723865944e-24', '0.0', '0.0', '17204', '-28179', '16726', '-1.1381514713908342e+37', '0.0', '0.0', '17204', '5120', '304', '0', '0', '0', '\x00\x00\x00\x00\x00\x00\x00\x00\x00\x00', '\n\x00\x00\x00\x00\x00\x00\x00\x00\x00', '16726', '0', '2021-03-02 10:42:13')
2021-03-02  10:42:13 Tue root INFO 成功添加数据
2021-03-02  10:42:13 Tue root INFO mes_plc_r6
2021-03-02  10:42:13 Tue root INFO 读取插入数据库数据：{'product_type': '\n\x00\x00\x00\x00\x00\x00\x00\x00\x00', 'r1_equipment_status': '2560', 'fail_code': '0', 'recerve': '0', 'prod_num': 0, 'r1_rob_no': '0', 'r1_weld_line_no': '0', 'r1_electric': '0.0', 'r1_voltage': '9.183815862507343e-40', 'r1_speed': '0.0', 'r1_job': '0', 'r2_rob_no': '0', 'r2_weld_line_no': '0', 'r2_electric': '0.0', 'r2_voltage': '0.0', 'r2_speed': '0.0', 'r2_job': '0', 'replace_status': '0', 'part_status': '0', 'r1_protective_gas': '0', 'r1_welding_wire': '0', 'r2_protective_gas': '0', 'r2_welding_wire': '0', 'login_id': '\x00\x00\x00\x00\x00\x00\x00\x00\x00\x00', 'login_password': '\n\x00\x00\x00\x00\x00\x00\x00\x00\x00'}
2021-03-02  10:42:13 Tue root INFO ('\n\x00\x00\x00\x00\x00\x00\x00\x00\x00', '2560', '0', 0, '0', '0', '0.0', '9.183815862507343e-40', '0.0', '0', '0', '0', '0.0', '0.0', '0.0', '0', '0', '0', '0', '0', '0', '\x00\x00\x00\x00\x00\x00\x00\x00\x00\x00', '\n\x00\x00\x00\x00\x00\x00\x00\x00\x00', '0', '0', '2021-03-02 10:42:13')
2021-03-02  10:42:13 Tue root INFO 成功添加数据
2021-03-02  10:43:13 Tue root INFO plc连接状态:[1, 1, 1, 1, 1, 1]
2021-03-02  10:43:13 Tue root INFO mes_plc
2021-03-02  10:43:14 Tue root INFO 读取插入数据库数据：{'product_type': '\n\x07250 YDG\x00', 'r1_equipment_status': '2567', 'fail_code': '12853', 'recerve': '12320', 'prod_num': 23108, 'r1_rob_no': '18176', 'r1_weld_line_no': '0', 'r1_electric': '1.0654138796264848e-21', 'r1_voltage': '6.165713243029195e-44', 'r1_speed': '3.6734198463196485e-40', 'r1_job': '17206', 'r2_rob_no': '26700', 'r2_weld_line_no': '16724', 'r2_electric': '-0.0', 'r2_voltage': '0.0', 'r2_speed': '9.550891600431086e-39', 'r2_job': '0', 'replace_status': '0', 'part_status': '0', 'r1_protective_gas': '0', 'r1_welding_wire': '0', 'r2_protective_gas': '0', 'r2_welding_wire': '0', 'login_id': '\x00\x00\x00\x00\x01Z\x00\x00\x00\x00', 'login_password': '\n\x00\x00\x00\x00\x00\x00\x00\x00\x00'}
2021-03-02  10:43:14 Tue root INFO ('\n\x07250 YDG\x00', '2567', '12853', 23108, '18176', '0', '1.0654138796264848e-21', '6.165713243029195e-44', '3.6734198463196485e-40', '17206', '26700', '16724', '-0.0', '0.0', '9.550891600431086e-39', '0', '0', '0', '0', '0', '0', '\x00\x00\x00\x00\x01Z\x00\x00\x00\x00', '\n\x00\x00\x00\x00\x00\x00\x00\x00\x00', '0', '12320', '2021-03-02 10:43:14')
2021-03-02  10:43:14 Tue root INFO 成功添加数据
2021-03-02  10:43:14 Tue root INFO mes_plc_r2
2021-03-02  10:43:14 Tue root INFO 读取插入数据库数据：{'product_type': '\n\x07250 TJ1\x00', 'r1_equipment_status': '0', 'fail_code': '0', 'recerve': '0', 'prod_num': 431, 'r1_rob_no': '4', 'r1_weld_line_no': '0', 'r1_electric': '0.0', 'r1_voltage': '0.0', 'r1_speed': '0.0', 'r1_job': '0', 'r2_rob_no': '0', 'r2_weld_line_no': '0', 'r2_electric': '0.0', 'r2_voltage': '0.0', 'r2_speed': '0.0', 'r2_job': '0', 'replace_status': '0', 'part_status': '0', 'r1_protective_gas': '0', 'r1_welding_wire': '0', 'r2_protective_gas': '0', 'r2_welding_wire': '0', 'login_id': '\n\x00\x00\x00\x00\x00\x00\x00\x00\x00', 'login_password': '\n\x00\x00\x00\x00\x00\x00\x00\x00\x00'}
2021-03-02  10:43:14 Tue root INFO ('\n\x07250 TJ1\x00', '0', '0', 431, '4', '0', '0.0', '0.0', '0.0', '0', '0', '0', '0.0', '0.0', '0.0', '0', '0', '0', '0', '0', '0', '\n\x00\x00\x00\x00\x00\x00\x00\x00\x00', '\n\x00\x00\x00\x00\x00\x00\x00\x00\x00', '0', '0', '2021-03-02 10:43:14')
2021-03-02  10:43:14 Tue root INFO 成功添加数据
2021-03-02  10:43:14 Tue root INFO mes_plc_r3
2021-03-02  10:43:14 Tue root INFO 读取插入数据库数据：{'product_type': '\n\x07250 TJ4\x00', 'r1_equipment_status': '0', 'fail_code': '0', 'recerve': '0', 'prod_num': 431, 'r1_rob_no': '104', 'r1_weld_line_no': '0', 'r1_electric': '184.2737274169922', 'r1_voltage': '13.863571166992188', 'r1_speed': '0.0', 'r1_job': '0', 'r2_rob_no': '0', 'r2_weld_line_no': '0', 'r2_electric': '0.0', 'r2_voltage': '0.0', 'r2_speed': '0.0', 'r2_job': '0', 'replace_status': '0', 'part_status': '0', 'r1_protective_gas': '0', 'r1_welding_wire': '0', 'r2_protective_gas': '0', 'r2_welding_wire': '0', 'login_id': '\n\x00\x00\x00\x00\x00\x00\x00\x00\x00', 'login_password': '\n\x00\x00\x00\x00\x00\x00\x00\x00\x00'}
2021-03-02  10:43:14 Tue root INFO ('\n\x07250 TJ4\x00', '0', '0', 431, '104', '0', '184.2737274169922', '13.863571166992188', '0.0', '0', '0', '0', '0.0', '0.0', '0.0', '0', '0', '0', '0', '0', '0', '\n\x00\x00\x00\x00\x00\x00\x00\x00\x00', '\n\x00\x00\x00\x00\x00\x00\x00\x00\x00', '0', '0', '2021-03-02 10:43:14')
2021-03-02  10:43:14 Tue root INFO 成功添加数据
2021-03-02  10:43:14 Tue root INFO mes_plc_r4
2021-03-02  10:43:15 Tue root INFO 读取插入数据库数据：{'product_type': '\n\x02AA\x00\x00\x00\x00\x00\x00', 'r1_equipment_status': '2562', 'fail_code': '16962', 'recerve': '0', 'prod_num': 0, 'r1_rob_no': '0', 'r1_weld_line_no': '0', 'r1_electric': '9.727692471237622e-22', 'r1_voltage': '2.802596928649634e-45', 'r1_speed': '1.3775324423698682e-38', 'r1_job': '17207', 'r2_rob_no': '-4817', 'r2_weld_line_no': '16721', 'r2_electric': '-73117523247104.0', 'r2_voltage': '0.0', 'r2_speed': '0.0', 'r2_job': '0', 'replace_status': '0', 'part_status': '0', 'r1_protective_gas': '0', 'r1_welding_wire': '0', 'r2_protective_gas': '0', 'r2_welding_wire': '0', 'login_id': '\x00\x00\x00\x00\x00 \x00\x00\x00\x00', 'login_password': '\n\x00\x00\x00\x00\x00\x00\x00\x00\x00'}
2021-03-02  10:43:15 Tue root INFO ('\n\x02AA\x00\x00\x00\x00\x00\x00', '2562', '16962', 0, '0', '0', '9.727692471237622e-22', '2.802596928649634e-45', '1.3775324423698682e-38', '17207', '-4817', '16721', '-73117523247104.0', '0.0', '0.0', '0', '0', '0', '0', '0', '0', '\x00\x00\x00\x00\x00 \x00\x00\x00\x00', '\n\x00\x00\x00\x00\x00\x00\x00\x00\x00', '0', '0', '2021-03-02 10:43:15')
2021-03-02  10:43:15 Tue root INFO 成功添加数据
2021-03-02  10:43:15 Tue root INFO mes_plc_r5
2021-03-02  10:43:15 Tue root INFO 读取插入数据库数据：{'product_type': '\n\x00\x00\x00\x00\x00\x00\x00\x00\x00', 'r1_equipment_status': '2560', 'fail_code': '0', 'recerve': '0', 'prod_num': 0, 'r1_rob_no': '0', 'r1_weld_line_no': '0', 'r1_electric': '1.8870057723865944e-24', 'r1_voltage': '0.0', 'r1_speed': '0.0', 'r1_job': '17204', 'r2_rob_no': '-29127', 'r2_weld_line_no': '16726', 'r2_electric': '-4.301500743989133e-26', 'r2_voltage': '0.0', 'r2_speed': '0.0', 'r2_job': '17204', 'replace_status': '1327', 'part_status': '16726', 'r1_protective_gas': '-3490', 'r1_welding_wire': '0', 'r2_protective_gas': '0', 'r2_welding_wire': '0', 'login_id': '\x00\x00\x00\x00\x00\x00\x00\x00\x00\x00', 'login_password': '\n\x00\x00\x00\x00\x00\x00\x00\x00\x00'}
2021-03-02  10:43:15 Tue root INFO ('\n\x00\x00\x00\x00\x00\x00\x00\x00\x00', '2560', '0', 0, '0', '0', '1.8870057723865944e-24', '0.0', '0.0', '17204', '-29127', '16726', '-4.301500743989133e-26', '0.0', '0.0', '17204', '1327', '-3490', '0', '0', '0', '\x00\x00\x00\x00\x00\x00\x00\x00\x00\x00', '\n\x00\x00\x00\x00\x00\x00\x00\x00\x00', '16726', '0', '2021-03-02 10:43:15')
2021-03-02  10:43:15 Tue root INFO 成功添加数据
2021-03-02  10:43:15 Tue root INFO mes_plc_r6
2021-03-02  10:43:15 Tue root INFO 读取插入数据库数据：{'product_type': '\n\x00\x00\x00\x00\x00\x00\x00\x00\x00', 'r1_equipment_status': '2560', 'fail_code': '0', 'recerve': '0', 'prod_num': 0, 'r1_rob_no': '0', 'r1_weld_line_no': '0', 'r1_electric': '0.0', 'r1_voltage': '9.183815862507343e-40', 'r1_speed': '0.0', 'r1_job': '0', 'r2_rob_no': '0', 'r2_weld_line_no': '0', 'r2_electric': '0.0', 'r2_voltage': '0.0', 'r2_speed': '0.0', 'r2_job': '0', 'replace_status': '0', 'part_status': '0', 'r1_protective_gas': '0', 'r1_welding_wire': '0', 'r2_protective_gas': '0', 'r2_welding_wire': '0', 'login_id': '\x00\x00\x00\x00\x00\x00\x00\x00\x00\x00', 'login_password': '\n\x00\x00\x00\x00\x00\x00\x00\x00\x00'}
2021-03-02  10:43:15 Tue root INFO ('\n\x00\x00\x00\x00\x00\x00\x00\x00\x00', '2560', '0', 0, '0', '0', '0.0', '9.183815862507343e-40', '0.0', '0', '0', '0', '0.0', '0.0', '0.0', '0', '0', '0', '0', '0', '0', '\x00\x00\x00\x00\x00\x00\x00\x00\x00\x00', '\n\x00\x00\x00\x00\x00\x00\x00\x00\x00', '0', '0', '2021-03-02 10:43:15')
2021-03-02  10:43:15 Tue root INFO 成功添加数据
2021-03-02  10:44:15 Tue root INFO plc连接状态:[1, 1, 1, 1, 1, 1]
2021-03-02  10:44:15 Tue root INFO mes_plc
2021-03-02  10:44:16 Tue root INFO 读取插入数据库数据：{'product_type': '\n\x07250 YDG\x00', 'r1_equipment_status': '2567', 'fail_code': '12853', 'recerve': '12320', 'prod_num': 23108, 'r1_rob_no': '18176', 'r1_weld_line_no': '0', 'r1_electric': '1.0654138796264848e-21', 'r1_voltage': '6.165713243029195e-44', 'r1_speed': '3.6734198463196485e-40', 'r1_job': '17206', 'r2_rob_no': '29544', 'r2_weld_line_no': '16724', 'r2_electric': '-5.127595883936577e-30', 'r2_voltage': '0.0', 'r2_speed': '9.550891600431086e-39', 'r2_job': '0', 'replace_status': '0', 'part_status': '0', 'r1_protective_gas': '0', 'r1_welding_wire': '0', 'r2_protective_gas': '0', 'r2_welding_wire': '0', 'login_id': '\x00\x00\x00\x00\x01Z\x00\x00\x00\x00', 'login_password': '\n\x00\x00\x00\x00\x00\x00\x00\x00\x00'}
2021-03-02  10:44:16 Tue root INFO ('\n\x07250 YDG\x00', '2567', '12853', 23108, '18176', '0', '1.0654138796264848e-21', '6.165713243029195e-44', '3.6734198463196485e-40', '17206', '29544', '16724', '-5.127595883936577e-30', '0.0', '9.550891600431086e-39', '0', '0', '0', '0', '0', '0', '\x00\x00\x00\x00\x01Z\x00\x00\x00\x00', '\n\x00\x00\x00\x00\x00\x00\x00\x00\x00', '0', '12320', '2021-03-02 10:44:16')
2021-03-02  10:44:16 Tue root INFO 成功添加数据
2021-03-02  10:44:16 Tue root INFO mes_plc_r2
2021-03-02  10:44:16 Tue root INFO 读取插入数据库数据：{'product_type': '\n\x07250 TJ1\x00', 'r1_equipment_status': '0', 'fail_code': '0', 'recerve': '0', 'prod_num': 431, 'r1_rob_no': '4', 'r1_weld_line_no': '0', 'r1_electric': '0.0', 'r1_voltage': '0.0', 'r1_speed': '0.0', 'r1_job': '0', 'r2_rob_no': '0', 'r2_weld_line_no': '0', 'r2_electric': '0.0', 'r2_voltage': '0.0', 'r2_speed': '0.0', 'r2_job': '0', 'replace_status': '0', 'part_status': '0', 'r1_protective_gas': '0', 'r1_welding_wire': '0', 'r2_protective_gas': '0', 'r2_welding_wire': '0', 'login_id': '\n\x00\x00\x00\x00\x00\x00\x00\x00\x00', 'login_password': '\n\x00\x00\x00\x00\x00\x00\x00\x00\x00'}
2021-03-02  10:44:16 Tue root INFO ('\n\x07250 TJ1\x00', '0', '0', 431, '4', '0', '0.0', '0.0', '0.0', '0', '0', '0', '0.0', '0.0', '0.0', '0', '0', '0', '0', '0', '0', '\n\x00\x00\x00\x00\x00\x00\x00\x00\x00', '\n\x00\x00\x00\x00\x00\x00\x00\x00\x00', '0', '0', '2021-03-02 10:44:16')
2021-03-02  10:44:16 Tue root INFO 成功添加数据
2021-03-02  10:44:16 Tue root INFO mes_plc_r3
2021-03-02  10:44:16 Tue root INFO 读取插入数据库数据：{'product_type': '\n\x07250 TJ4\x00', 'r1_equipment_status': '0', 'fail_code': '0', 'recerve': '0', 'prod_num': 431, 'r1_rob_no': '104', 'r1_weld_line_no': '0', 'r1_electric': '184.17245483398438', 'r1_voltage': '13.874422073364258', 'r1_speed': '0.0', 'r1_job': '0', 'r2_rob_no': '0', 'r2_weld_line_no': '0', 'r2_electric': '0.0', 'r2_voltage': '0.0', 'r2_speed': '0.0', 'r2_job': '0', 'replace_status': '0', 'part_status': '0', 'r1_protective_gas': '0', 'r1_welding_wire': '0', 'r2_protective_gas': '0', 'r2_welding_wire': '0', 'login_id': '\n\x00\x00\x00\x00\x00\x00\x00\x00\x00', 'login_password': '\n\x00\x00\x00\x00\x00\x00\x00\x00\x00'}
2021-03-02  10:44:16 Tue root INFO ('\n\x07250 TJ4\x00', '0', '0', 431, '104', '0', '184.17245483398438', '13.874422073364258', '0.0', '0', '0', '0', '0.0', '0.0', '0.0', '0', '0', '0', '0', '0', '0', '\n\x00\x00\x00\x00\x00\x00\x00\x00\x00', '\n\x00\x00\x00\x00\x00\x00\x00\x00\x00', '0', '0', '2021-03-02 10:44:16')
2021-03-02  10:44:16 Tue root INFO 成功添加数据
2021-03-02  10:44:16 Tue root INFO mes_plc_r4
2021-03-02  10:44:16 Tue root INFO 读取插入数据库数据：{'product_type': '\n\x02AA\x00\x00\x00\x00\x00\x00', 'r1_equipment_status': '2562', 'fail_code': '16962', 'recerve': '0', 'prod_num': 0, 'r1_rob_no': '0', 'r1_weld_line_no': '0', 'r1_electric': '9.727692471237622e-22', 'r1_voltage': '2.802596928649634e-45', 'r1_speed': '1.3775324423698682e-38', 'r1_job': '17207', 'r2_rob_no': '-1972', 'r2_weld_line_no': '16721', 'r2_electric': '-1.2967404927621828e-13', 'r2_voltage': '0.0', 'r2_speed': '0.0', 'r2_job': '0', 'replace_status': '0', 'part_status': '0', 'r1_protective_gas': '0', 'r1_welding_wire': '0', 'r2_protective_gas': '0', 'r2_welding_wire': '0', 'login_id': '\x00\x00\x00\x00\x00 \x00\x00\x00\x00', 'login_password': '\n\x00\x00\x00\x00\x00\x00\x00\x00\x00'}
2021-03-02  10:44:16 Tue root INFO ('\n\x02AA\x00\x00\x00\x00\x00\x00', '2562', '16962', 0, '0', '0', '9.727692471237622e-22', '2.802596928649634e-45', '1.3775324423698682e-38', '17207', '-1972', '16721', '-1.2967404927621828e-13', '0.0', '0.0', '0', '0', '0', '0', '0', '0', '\x00\x00\x00\x00\x00 \x00\x00\x00\x00', '\n\x00\x00\x00\x00\x00\x00\x00\x00\x00', '0', '0', '2021-03-02 10:44:16')
2021-03-02  10:44:16 Tue root INFO 成功添加数据
2021-03-02  10:44:16 Tue root INFO mes_plc_r5
2021-03-02  10:44:17 Tue root INFO 读取插入数据库数据：{'product_type': '\n\x00\x00\x00\x00\x00\x00\x00\x00\x00', 'r1_equipment_status': '2560', 'fail_code': '0', 'recerve': '0', 'prod_num': 0, 'r1_rob_no': '0', 'r1_weld_line_no': '0', 'r1_electric': '1.8870057723865944e-24', 'r1_voltage': '0.0', 'r1_speed': '0.0', 'r1_job': '17204', 'r2_rob_no': '-28179', 'r2_weld_line_no': '16726', 'r2_electric': '-24.875', 'r2_voltage': '0.0', 'r2_speed': '0.0', 'r2_job': '17204', 'replace_status': '3224', 'part_status': '16726', 'r1_protective_gas': '7888', 'r1_welding_wire': '0', 'r2_protective_gas': '0', 'r2_welding_wire': '0', 'login_id': '\x00\x00\x00\x00\x00\x00\x00\x00\x00\x00', 'login_password': '\n\x00\x00\x00\x00\x00\x00\x00\x00\x00'}
2021-03-02  10:44:17 Tue root INFO ('\n\x00\x00\x00\x00\x00\x00\x00\x00\x00', '2560', '0', 0, '0', '0', '1.8870057723865944e-24', '0.0', '0.0', '17204', '-28179', '16726', '-24.875', '0.0', '0.0', '17204', '3224', '7888', '0', '0', '0', '\x00\x00\x00\x00\x00\x00\x00\x00\x00\x00', '\n\x00\x00\x00\x00\x00\x00\x00\x00\x00', '16726', '0', '2021-03-02 10:44:17')
2021-03-02  10:44:17 Tue root INFO 成功添加数据
2021-03-02  10:44:17 Tue root INFO mes_plc_r6
2021-03-02  10:44:17 Tue root INFO 读取插入数据库数据：{'product_type': '\n\x00\x00\x00\x00\x00\x00\x00\x00\x00', 'r1_equipment_status': '2560', 'fail_code': '0', 'recerve': '0', 'prod_num': 0, 'r1_rob_no': '0', 'r1_weld_line_no': '0', 'r1_electric': '0.0', 'r1_voltage': '9.183815862507343e-40', 'r1_speed': '0.0', 'r1_job': '0', 'r2_rob_no': '0', 'r2_weld_line_no': '0', 'r2_electric': '0.0', 'r2_voltage': '0.0', 'r2_speed': '0.0', 'r2_job': '0', 'replace_status': '0', 'part_status': '0', 'r1_protective_gas': '0', 'r1_welding_wire': '0', 'r2_protective_gas': '0', 'r2_welding_wire': '0', 'login_id': '\x00\x00\x00\x00\x00\x00\x00\x00\x00\x00', 'login_password': '\n\x00\x00\x00\x00\x00\x00\x00\x00\x00'}
2021-03-02  10:44:17 Tue root INFO ('\n\x00\x00\x00\x00\x00\x00\x00\x00\x00', '2560', '0', 0, '0', '0', '0.0', '9.183815862507343e-40', '0.0', '0', '0', '0', '0.0', '0.0', '0.0', '0', '0', '0', '0', '0', '0', '\x00\x00\x00\x00\x00\x00\x00\x00\x00\x00', '\n\x00\x00\x00\x00\x00\x00\x00\x00\x00', '0', '0', '2021-03-02 10:44:17')
2021-03-02  10:44:17 Tue root INFO 成功添加数据
2021-03-02  10:45:17 Tue root INFO plc连接状态:[1, 1, 1, 1, 1, 1]
2021-03-02  10:45:17 Tue root INFO mes_plc
2021-03-02  10:45:17 Tue root INFO 读取插入数据库数据：{'product_type': '\n\x07250 YDG\x00', 'r1_equipment_status': '2567', 'fail_code': '12853', 'recerve': '12320', 'prod_num': 23108, 'r1_rob_no': '18176', 'r1_weld_line_no': '0', 'r1_electric': '1.0654138796264848e-21', 'r1_voltage': '6.165713243029195e-44', 'r1_speed': '3.6734198463196485e-40', 'r1_job': '17206', 'r2_rob_no': '30493', 'r2_weld_line_no': '16724', 'r2_electric': '-0.0', 'r2_voltage': '0.0', 'r2_speed': '9.550891600431086e-39', 'r2_job': '0', 'replace_status': '0', 'part_status': '0', 'r1_protective_gas': '0', 'r1_welding_wire': '0', 'r2_protective_gas': '0', 'r2_welding_wire': '0', 'login_id': '\x00\x00\x00\x00\x01Z\x00\x00\x00\x00', 'login_password': '\n\x00\x00\x00\x00\x00\x00\x00\x00\x00'}
2021-03-02  10:45:17 Tue root INFO ('\n\x07250 YDG\x00', '2567', '12853', 23108, '18176', '0', '1.0654138796264848e-21', '6.165713243029195e-44', '3.6734198463196485e-40', '17206', '30493', '16724', '-0.0', '0.0', '9.550891600431086e-39', '0', '0', '0', '0', '0', '0', '\x00\x00\x00\x00\x01Z\x00\x00\x00\x00', '\n\x00\x00\x00\x00\x00\x00\x00\x00\x00', '0', '12320', '2021-03-02 10:45:17')
2021-03-02  10:45:17 Tue root INFO 成功添加数据
2021-03-02  10:45:17 Tue root INFO mes_plc_r2
2021-03-02  10:45:18 Tue root INFO 读取插入数据库数据：{'product_type': '\n\x07250 TJ1\x00', 'r1_equipment_status': '0', 'fail_code': '0', 'recerve': '0', 'prod_num': 431, 'r1_rob_no': '4', 'r1_weld_line_no': '0', 'r1_electric': '0.0', 'r1_voltage': '0.0', 'r1_speed': '0.0', 'r1_job': '0', 'r2_rob_no': '0', 'r2_weld_line_no': '0', 'r2_electric': '0.0', 'r2_voltage': '0.0', 'r2_speed': '0.0', 'r2_job': '0', 'replace_status': '0', 'part_status': '0', 'r1_protective_gas': '0', 'r1_welding_wire': '0', 'r2_protective_gas': '0', 'r2_welding_wire': '0', 'login_id': '\n\x00\x00\x00\x00\x00\x00\x00\x00\x00', 'login_password': '\n\x00\x00\x00\x00\x00\x00\x00\x00\x00'}
2021-03-02  10:45:18 Tue root INFO ('\n\x07250 TJ1\x00', '0', '0', 431, '4', '0', '0.0', '0.0', '0.0', '0', '0', '0', '0.0', '0.0', '0.0', '0', '0', '0', '0', '0', '0', '\n\x00\x00\x00\x00\x00\x00\x00\x00\x00', '\n\x00\x00\x00\x00\x00\x00\x00\x00\x00', '0', '0', '2021-03-02 10:45:18')
2021-03-02  10:45:18 Tue root INFO 成功添加数据
2021-03-02  10:45:18 Tue root INFO mes_plc_r3
2021-03-02  10:45:18 Tue root INFO 读取插入数据库数据：{'product_type': '\n\x07250 TJ4\x00', 'r1_equipment_status': '0', 'fail_code': '0', 'recerve': '0', 'prod_num': 431, 'r1_rob_no': '104', 'r1_weld_line_no': '0', 'r1_electric': '184.12904357910156', 'r1_voltage': '13.838252067565918', 'r1_speed': '0.0', 'r1_job': '0', 'r2_rob_no': '0', 'r2_weld_line_no': '0', 'r2_electric': '0.0', 'r2_voltage': '0.0', 'r2_speed': '0.0', 'r2_job': '0', 'replace_status': '0', 'part_status': '0', 'r1_protective_gas': '0', 'r1_welding_wire': '0', 'r2_protective_gas': '0', 'r2_welding_wire': '0', 'login_id': '\n\x00\x00\x00\x00\x00\x00\x00\x00\x00', 'login_password': '\n\x00\x00\x00\x00\x00\x00\x00\x00\x00'}
2021-03-02  10:45:18 Tue root INFO ('\n\x07250 TJ4\x00', '0', '0', 431, '104', '0', '184.12904357910156', '13.838252067565918', '0.0', '0', '0', '0', '0.0', '0.0', '0.0', '0', '0', '0', '0', '0', '0', '\n\x00\x00\x00\x00\x00\x00\x00\x00\x00', '\n\x00\x00\x00\x00\x00\x00\x00\x00\x00', '0', '0', '2021-03-02 10:45:18')
2021-03-02  10:45:18 Tue root INFO 成功添加数据
2021-03-02  10:45:18 Tue root INFO mes_plc_r4
2021-03-02  10:45:18 Tue root INFO 读取插入数据库数据：{'product_type': '\n\x02AA\x00\x00\x00\x00\x00\x00', 'r1_equipment_status': '2562', 'fail_code': '16962', 'recerve': '0', 'prod_num': 0, 'r1_rob_no': '0', 'r1_weld_line_no': '0', 'r1_electric': '9.727692471237622e-22', 'r1_voltage': '2.802596928649634e-45', 'r1_speed': '1.3775324423698682e-38', 'r1_job': '17207', 'r2_rob_no': '-2920', 'r2_weld_line_no': '16721', 'r2_electric': '-92160.0', 'r2_voltage': '0.0', 'r2_speed': '0.0', 'r2_job': '0', 'replace_status': '0', 'part_status': '0', 'r1_protective_gas': '0', 'r1_welding_wire': '0', 'r2_protective_gas': '0', 'r2_welding_wire': '0', 'login_id': '\x00\x00\x00\x00\x00 \x00\x00\x00\x00', 'login_password': '\n\x00\x00\x00\x00\x00\x00\x00\x00\x00'}
2021-03-02  10:45:18 Tue root INFO ('\n\x02AA\x00\x00\x00\x00\x00\x00', '2562', '16962', 0, '0', '0', '9.727692471237622e-22', '2.802596928649634e-45', '1.3775324423698682e-38', '17207', '-2920', '16721', '-92160.0', '0.0', '0.0', '0', '0', '0', '0', '0', '0', '\x00\x00\x00\x00\x00 \x00\x00\x00\x00', '\n\x00\x00\x00\x00\x00\x00\x00\x00\x00', '0', '0', '2021-03-02 10:45:18')
2021-03-02  10:45:18 Tue root INFO 成功添加数据
2021-03-02  10:45:18 Tue root INFO mes_plc_r5
2021-03-02  10:45:19 Tue root INFO 读取插入数据库数据：{'product_type': '\n\x00\x00\x00\x00\x00\x00\x00\x00\x00', 'r1_equipment_status': '2560', 'fail_code': '0', 'recerve': '0', 'prod_num': 0, 'r1_rob_no': '0', 'r1_weld_line_no': '0', 'r1_electric': '1.8870057723865944e-24', 'r1_voltage': '0.0', 'r1_speed': '0.0', 'r1_job': '17204', 'r2_rob_no': '-31023', 'r2_weld_line_no': '16726', 'r2_electric': '-5.002903957099656e-35', 'r2_voltage': '0.0', 'r2_speed': '0.0', 'r2_job': '17204', 'replace_status': '3224', 'part_status': '16726', 'r1_protective_gas': '304', 'r1_welding_wire': '0', 'r2_protective_gas': '0', 'r2_welding_wire': '0', 'login_id': '\x00\x00\x00\x00\x00\x00\x00\x00\x00\x00', 'login_password': '\n\x00\x00\x00\x00\x00\x00\x00\x00\x00'}
2021-03-02  10:45:19 Tue root INFO ('\n\x00\x00\x00\x00\x00\x00\x00\x00\x00', '2560', '0', 0, '0', '0', '1.8870057723865944e-24', '0.0', '0.0', '17204', '-31023', '16726', '-5.002903957099656e-35', '0.0', '0.0', '17204', '3224', '304', '0', '0', '0', '\x00\x00\x00\x00\x00\x00\x00\x00\x00\x00', '\n\x00\x00\x00\x00\x00\x00\x00\x00\x00', '16726', '0', '2021-03-02 10:45:19')
2021-03-02  10:45:19 Tue root INFO 成功添加数据
2021-03-02  10:45:19 Tue root INFO mes_plc_r6
2021-03-02  10:45:19 Tue root INFO 读取插入数据库数据：{'product_type': '\n\x00\x00\x00\x00\x00\x00\x00\x00\x00', 'r1_equipment_status': '2560', 'fail_code': '0', 'recerve': '0', 'prod_num': 0, 'r1_rob_no': '0', 'r1_weld_line_no': '0', 'r1_electric': '0.0', 'r1_voltage': '9.183815862507343e-40', 'r1_speed': '0.0', 'r1_job': '0', 'r2_rob_no': '0', 'r2_weld_line_no': '0', 'r2_electric': '0.0', 'r2_voltage': '0.0', 'r2_speed': '0.0', 'r2_job': '0', 'replace_status': '0', 'part_status': '0', 'r1_protective_gas': '0', 'r1_welding_wire': '0', 'r2_protective_gas': '0', 'r2_welding_wire': '0', 'login_id': '\x00\x00\x00\x00\x00\x00\x00\x00\x00\x00', 'login_password': '\n\x00\x00\x00\x00\x00\x00\x00\x00\x00'}
2021-03-02  10:45:19 Tue root INFO ('\n\x00\x00\x00\x00\x00\x00\x00\x00\x00', '2560', '0', 0, '0', '0', '0.0', '9.183815862507343e-40', '0.0', '0', '0', '0', '0.0', '0.0', '0.0', '0', '0', '0', '0', '0', '0', '\x00\x00\x00\x00\x00\x00\x00\x00\x00\x00', '\n\x00\x00\x00\x00\x00\x00\x00\x00\x00', '0', '0', '2021-03-02 10:45:19')
2021-03-02  10:45:19 Tue root INFO 成功添加数据
2021-03-02  10:46:19 Tue root INFO plc连接状态:[1, 1, 1, 1, 1, 1]
2021-03-02  10:46:19 Tue root INFO mes_plc
2021-03-02  10:46:19 Tue root INFO 读取插入数据库数据：{'product_type': '\n\x07250 YDG\x00', 'r1_equipment_status': '2567', 'fail_code': '12853', 'recerve': '12320', 'prod_num': 23108, 'r1_rob_no': '18176', 'r1_weld_line_no': '0', 'r1_electric': '1.0654138796264848e-21', 'r1_voltage': '6.165713243029195e-44', 'r1_speed': '3.6734198463196485e-40', 'r1_job': '17206', 'r2_rob_no': '30493', 'r2_weld_line_no': '16724', 'r2_electric': '8.715097876569077e+29', 'r2_voltage': '0.0', 'r2_speed': '9.550891600431086e-39', 'r2_job': '0', 'replace_status': '0', 'part_status': '0', 'r1_protective_gas': '0', 'r1_welding_wire': '0', 'r2_protective_gas': '0', 'r2_welding_wire': '0', 'login_id': '\x00\x00\x00\x00\x01Z\x00\x00\x00\x00', 'login_password': '\n\x00\x00\x00\x00\x00\x00\x00\x00\x00'}
2021-03-02  10:46:19 Tue root INFO ('\n\x07250 YDG\x00', '2567', '12853', 23108, '18176', '0', '1.0654138796264848e-21', '6.165713243029195e-44', '3.6734198463196485e-40', '17206', '30493', '16724', '8.715097876569077e+29', '0.0', '9.550891600431086e-39', '0', '0', '0', '0', '0', '0', '\x00\x00\x00\x00\x01Z\x00\x00\x00\x00', '\n\x00\x00\x00\x00\x00\x00\x00\x00\x00', '0', '12320', '2021-03-02 10:46:19')
2021-03-02  10:46:19 Tue root INFO 成功添加数据
2021-03-02  10:46:19 Tue root INFO mes_plc_r2
2021-03-02  10:46:19 Tue root INFO 读取插入数据库数据：{'product_type': '\n\x07250 TJ1\x00', 'r1_equipment_status': '0', 'fail_code': '0', 'recerve': '0', 'prod_num': 431, 'r1_rob_no': '4', 'r1_weld_line_no': '0', 'r1_electric': '0.0', 'r1_voltage': '0.0', 'r1_speed': '0.0', 'r1_job': '0', 'r2_rob_no': '0', 'r2_weld_line_no': '0', 'r2_electric': '0.0', 'r2_voltage': '0.0', 'r2_speed': '0.0', 'r2_job': '0', 'replace_status': '0', 'part_status': '0', 'r1_protective_gas': '0', 'r1_welding_wire': '0', 'r2_protective_gas': '0', 'r2_welding_wire': '0', 'login_id': '\n\x00\x00\x00\x00\x00\x00\x00\x00\x00', 'login_password': '\n\x00\x00\x00\x00\x00\x00\x00\x00\x00'}
2021-03-02  10:46:19 Tue root INFO ('\n\x07250 TJ1\x00', '0', '0', 431, '4', '0', '0.0', '0.0', '0.0', '0', '0', '0', '0.0', '0.0', '0.0', '0', '0', '0', '0', '0', '0', '\n\x00\x00\x00\x00\x00\x00\x00\x00\x00', '\n\x00\x00\x00\x00\x00\x00\x00\x00\x00', '0', '0', '2021-03-02 10:46:19')
2021-03-02  10:46:19 Tue root INFO 成功添加数据
2021-03-02  10:46:19 Tue root INFO mes_plc_r3
2021-03-02  10:46:20 Tue root INFO 读取插入数据库数据：{'product_type': '\n\x07250 TJ3\x00', 'r1_equipment_status': '0', 'fail_code': '0', 'recerve': '0', 'prod_num': 432, 'r1_rob_no': '4', 'r1_weld_line_no': '0', 'r1_electric': '184.12904357910156', 'r1_voltage': '-2.1484375', 'r1_speed': '0.0', 'r1_job': '0', 'r2_rob_no': '0', 'r2_weld_line_no': '0', 'r2_electric': '0.0', 'r2_voltage': '0.0', 'r2_speed': '0.0', 'r2_job': '0', 'replace_status': '0', 'part_status': '0', 'r1_protective_gas': '0', 'r1_welding_wire': '0', 'r2_protective_gas': '0', 'r2_welding_wire': '0', 'login_id': '\n\x00\x00\x00\x00\x00\x00\x00\x00\x00', 'login_password': '\n\x00\x00\x00\x00\x00\x00\x00\x00\x00'}
2021-03-02  10:46:20 Tue root INFO ('\n\x07250 TJ3\x00', '0', '0', 432, '4', '0', '184.12904357910156', '-2.1484375', '0.0', '0', '0', '0', '0.0', '0.0', '0.0', '0', '0', '0', '0', '0', '0', '\n\x00\x00\x00\x00\x00\x00\x00\x00\x00', '\n\x00\x00\x00\x00\x00\x00\x00\x00\x00', '0', '0', '2021-03-02 10:46:20')
2021-03-02  10:46:20 Tue root INFO 成功添加数据
2021-03-02  10:46:20 Tue root INFO mes_plc_r4
2021-03-02  10:46:20 Tue root INFO 读取插入数据库数据：{'product_type': '\n\x02AA\x00\x00\x00\x00\x00\x00', 'r1_equipment_status': '2562', 'fail_code': '16962', 'recerve': '0', 'prod_num': 0, 'r1_rob_no': '0', 'r1_weld_line_no': '0', 'r1_electric': '9.727692471237622e-22', 'r1_voltage': '2.802596928649634e-45', 'r1_speed': '1.3775324423698682e-38', 'r1_job': '17207', 'r2_rob_no': '-5765', 'r2_weld_line_no': '16721', 'r2_electric': '-92160.0', 'r2_voltage': '0.0', 'r2_speed': '0.0', 'r2_job': '0', 'replace_status': '0', 'part_status': '0', 'r1_protective_gas': '0', 'r1_welding_wire': '0', 'r2_protective_gas': '0', 'r2_welding_wire': '0', 'login_id': '\x00\x00\x00\x00\x00 \x00\x00\x00\x00', 'login_password': '\n\x00\x00\x00\x00\x00\x00\x00\x00\x00'}
2021-03-02  10:46:20 Tue root INFO ('\n\x02AA\x00\x00\x00\x00\x00\x00', '2562', '16962', 0, '0', '0', '9.727692471237622e-22', '2.802596928649634e-45', '1.3775324423698682e-38', '17207', '-5765', '16721', '-92160.0', '0.0', '0.0', '0', '0', '0', '0', '0', '0', '\x00\x00\x00\x00\x00 \x00\x00\x00\x00', '\n\x00\x00\x00\x00\x00\x00\x00\x00\x00', '0', '0', '2021-03-02 10:46:20')
2021-03-02  10:46:20 Tue root INFO 成功添加数据
2021-03-02  10:46:20 Tue root INFO mes_plc_r5
2021-03-02  10:46:20 Tue root INFO 读取插入数据库数据：{'product_type': '\n\x00\x00\x00\x00\x00\x00\x00\x00\x00', 'r1_equipment_status': '2560', 'fail_code': '0', 'recerve': '0', 'prod_num': 0, 'r1_rob_no': '0', 'r1_weld_line_no': '0', 'r1_electric': '1.8870057723865944e-24', 'r1_voltage': '0.0', 'r1_speed': '0.0', 'r1_job': '17204', 'r2_rob_no': '-31023', 'r2_weld_line_no': '16726', 'r2_electric': '-5.002903957099656e-35', 'r2_voltage': '0.0', 'r2_speed': '0.0', 'r2_job': '17204', 'replace_status': '379', 'part_status': '16726', 'r1_protective_gas': '7888', 'r1_welding_wire': '0', 'r2_protective_gas': '0', 'r2_welding_wire': '0', 'login_id': '\x00\x00\x00\x00\x00\x00\x00\x00\x00\x00', 'login_password': '\n\x00\x00\x00\x00\x00\x00\x00\x00\x00'}
2021-03-02  10:46:20 Tue root INFO ('\n\x00\x00\x00\x00\x00\x00\x00\x00\x00', '2560', '0', 0, '0', '0', '1.8870057723865944e-24', '0.0', '0.0', '17204', '-31023', '16726', '-5.002903957099656e-35', '0.0', '0.0', '17204', '379', '7888', '0', '0', '0', '\x00\x00\x00\x00\x00\x00\x00\x00\x00\x00', '\n\x00\x00\x00\x00\x00\x00\x00\x00\x00', '16726', '0', '2021-03-02 10:46:20')
2021-03-02  10:46:20 Tue root INFO 成功添加数据
2021-03-02  10:46:20 Tue root INFO mes_plc_r6
2021-03-02  10:46:21 Tue root INFO 读取插入数据库数据：{'product_type': '\n\x00\x00\x00\x00\x00\x00\x00\x00\x00', 'r1_equipment_status': '2560', 'fail_code': '0', 'recerve': '0', 'prod_num': 0, 'r1_rob_no': '0', 'r1_weld_line_no': '0', 'r1_electric': '0.0', 'r1_voltage': '9.183815862507343e-40', 'r1_speed': '0.0', 'r1_job': '0', 'r2_rob_no': '0', 'r2_weld_line_no': '0', 'r2_electric': '0.0', 'r2_voltage': '0.0', 'r2_speed': '0.0', 'r2_job': '0', 'replace_status': '0', 'part_status': '0', 'r1_protective_gas': '0', 'r1_welding_wire': '0', 'r2_protective_gas': '0', 'r2_welding_wire': '0', 'login_id': '\x00\x00\x00\x00\x00\x00\x00\x00\x00\x00', 'login_password': '\n\x00\x00\x00\x00\x00\x00\x00\x00\x00'}
2021-03-02  10:46:21 Tue root INFO ('\n\x00\x00\x00\x00\x00\x00\x00\x00\x00', '2560', '0', 0, '0', '0', '0.0', '9.183815862507343e-40', '0.0', '0', '0', '0', '0.0', '0.0', '0.0', '0', '0', '0', '0', '0', '0', '\x00\x00\x00\x00\x00\x00\x00\x00\x00\x00', '\n\x00\x00\x00\x00\x00\x00\x00\x00\x00', '0', '0', '2021-03-02 10:46:21')
2021-03-02  10:46:21 Tue root INFO 成功添加数据
2021-03-02  10:47:21 Tue root INFO plc连接状态:[1, 1, 1, 1, 1, 1]
2021-03-02  10:47:21 Tue root INFO mes_plc
2021-03-02  10:47:21 Tue root INFO 读取插入数据库数据：{'product_type': '\n\x07250 YDG\x00', 'r1_equipment_status': '2567', 'fail_code': '12853', 'recerve': '12320', 'prod_num': 23108, 'r1_rob_no': '18176', 'r1_weld_line_no': '0', 'r1_electric': '1.0654138796264848e-21', 'r1_voltage': '6.165713243029195e-44', 'r1_speed': '3.6734198463196485e-40', 'r1_job': '17206', 'r2_rob_no': '29544', 'r2_weld_line_no': '16724', 'r2_electric': '8.715097876569077e+29', 'r2_voltage': '0.0', 'r2_speed': '9.550891600431086e-39', 'r2_job': '0', 'replace_status': '0', 'part_status': '0', 'r1_protective_gas': '0', 'r1_welding_wire': '0', 'r2_protective_gas': '0', 'r2_welding_wire': '0', 'login_id': '\x00\x00\x00\x00\x01Z\x00\x00\x00\x00', 'login_password': '\n\x00\x00\x00\x00\x00\x00\x00\x00\x00'}
2021-03-02  10:47:21 Tue root INFO ('\n\x07250 YDG\x00', '2567', '12853', 23108, '18176', '0', '1.0654138796264848e-21', '6.165713243029195e-44', '3.6734198463196485e-40', '17206', '29544', '16724', '8.715097876569077e+29', '0.0', '9.550891600431086e-39', '0', '0', '0', '0', '0', '0', '\x00\x00\x00\x00\x01Z\x00\x00\x00\x00', '\n\x00\x00\x00\x00\x00\x00\x00\x00\x00', '0', '12320', '2021-03-02 10:47:21')
2021-03-02  10:47:21 Tue root INFO 成功添加数据
2021-03-02  10:47:21 Tue root INFO mes_plc_r2
2021-03-02  10:47:21 Tue root INFO 读取插入数据库数据：{'product_type': '\n\x07250 TJ1\x00', 'r1_equipment_status': '0', 'fail_code': '0', 'recerve': '0', 'prod_num': 431, 'r1_rob_no': '4', 'r1_weld_line_no': '0', 'r1_electric': '0.0', 'r1_voltage': '0.0', 'r1_speed': '0.0', 'r1_job': '0', 'r2_rob_no': '0', 'r2_weld_line_no': '0', 'r2_electric': '0.0', 'r2_voltage': '0.0', 'r2_speed': '0.0', 'r2_job': '0', 'replace_status': '0', 'part_status': '0', 'r1_protective_gas': '0', 'r1_welding_wire': '0', 'r2_protective_gas': '0', 'r2_welding_wire': '0', 'login_id': '\n\x00\x00\x00\x00\x00\x00\x00\x00\x00', 'login_password': '\n\x00\x00\x00\x00\x00\x00\x00\x00\x00'}
2021-03-02  10:47:21 Tue root INFO ('\n\x07250 TJ1\x00', '0', '0', 431, '4', '0', '0.0', '0.0', '0.0', '0', '0', '0', '0.0', '0.0', '0.0', '0', '0', '0', '0', '0', '0', '\n\x00\x00\x00\x00\x00\x00\x00\x00\x00', '\n\x00\x00\x00\x00\x00\x00\x00\x00\x00', '0', '0', '2021-03-02 10:47:21')
2021-03-02  10:47:21 Tue root INFO 成功添加数据
2021-03-02  10:47:21 Tue root INFO mes_plc_r3
2021-03-02  10:47:22 Tue root INFO 读取插入数据库数据：{'product_type': '\n\x07250 TJ3\x00', 'r1_equipment_status': '0', 'fail_code': '0', 'recerve': '0', 'prod_num': 432, 'r1_rob_no': '4', 'r1_weld_line_no': '0', 'r1_electric': '184.07118225097656', 'r1_voltage': '13.87803840637207', 'r1_speed': '0.0', 'r1_job': '0', 'r2_rob_no': '0', 'r2_weld_line_no': '0', 'r2_electric': '0.0', 'r2_voltage': '0.0', 'r2_speed': '0.0', 'r2_job': '0', 'replace_status': '0', 'part_status': '0', 'r1_protective_gas': '0', 'r1_welding_wire': '0', 'r2_protective_gas': '0', 'r2_welding_wire': '0', 'login_id': '\n\x00\x00\x00\x00\x00\x00\x00\x00\x00', 'login_password': '\n\x00\x00\x00\x00\x00\x00\x00\x00\x00'}
2021-03-02  10:47:22 Tue root INFO ('\n\x07250 TJ3\x00', '0', '0', 432, '4', '0', '184.07118225097656', '13.87803840637207', '0.0', '0', '0', '0', '0.0', '0.0', '0.0', '0', '0', '0', '0', '0', '0', '\n\x00\x00\x00\x00\x00\x00\x00\x00\x00', '\n\x00\x00\x00\x00\x00\x00\x00\x00\x00', '0', '0', '2021-03-02 10:47:22')
2021-03-02  10:47:22 Tue root INFO 成功添加数据
2021-03-02  10:47:22 Tue root INFO mes_plc_r4
2021-03-02  10:47:22 Tue root INFO 读取插入数据库数据：{'product_type': '\n\x02AA\x00\x00\x00\x00\x00\x00', 'r1_equipment_status': '2562', 'fail_code': '16962', 'recerve': '0', 'prod_num': 0, 'r1_rob_no': '0', 'r1_weld_line_no': '0', 'r1_electric': '9.727692471237622e-22', 'r1_voltage': '2.802596928649634e-45', 'r1_speed': '1.3775324423698682e-38', 'r1_job': '17207', 'r2_rob_no': '-4817', 'r2_weld_line_no': '16721', 'r2_electric': '-73117523247104.0', 'r2_voltage': '0.0', 'r2_speed': '0.0', 'r2_job': '0', 'replace_status': '0', 'part_status': '0', 'r1_protective_gas': '0', 'r1_welding_wire': '0', 'r2_protective_gas': '0', 'r2_welding_wire': '0', 'login_id': '\x00\x00\x00\x00\x00 \x00\x00\x00\x00', 'login_password': '\n\x00\x00\x00\x00\x00\x00\x00\x00\x00'}
2021-03-02  10:47:22 Tue root INFO ('\n\x02AA\x00\x00\x00\x00\x00\x00', '2562', '16962', 0, '0', '0', '9.727692471237622e-22', '2.802596928649634e-45', '1.3775324423698682e-38', '17207', '-4817', '16721', '-73117523247104.0', '0.0', '0.0', '0', '0', '0', '0', '0', '0', '\x00\x00\x00\x00\x00 \x00\x00\x00\x00', '\n\x00\x00\x00\x00\x00\x00\x00\x00\x00', '0', '0', '2021-03-02 10:47:22')
2021-03-02  10:47:22 Tue root INFO 成功添加数据
2021-03-02  10:47:22 Tue root INFO mes_plc_r5
2021-03-02  10:47:22 Tue root INFO 读取插入数据库数据：{'product_type': '\n\x00\x00\x00\x00\x00\x00\x00\x00\x00', 'r1_equipment_status': '2560', 'fail_code': '0', 'recerve': '0', 'prod_num': 0, 'r1_rob_no': '0', 'r1_weld_line_no': '0', 'r1_electric': '1.8870057723865944e-24', 'r1_voltage': '0.0', 'r1_speed': '0.0', 'r1_job': '17204', 'r2_rob_no': '-31971', 'r2_weld_line_no': '16726', 'r2_electric': '-5.002903957099656e-35', 'r2_voltage': '0.0', 'r2_speed': '0.0', 'r2_job': '17204', 'replace_status': '1327', 'part_status': '16726', 'r1_protective_gas': '7888', 'r1_welding_wire': '0', 'r2_protective_gas': '0', 'r2_welding_wire': '0', 'login_id': '\x00\x00\x00\x00\x00\x00\x00\x00\x00\x00', 'login_password': '\n\x00\x00\x00\x00\x00\x00\x00\x00\x00'}
2021-03-02  10:47:22 Tue root INFO ('\n\x00\x00\x00\x00\x00\x00\x00\x00\x00', '2560', '0', 0, '0', '0', '1.8870057723865944e-24', '0.0', '0.0', '17204', '-31971', '16726', '-5.002903957099656e-35', '0.0', '0.0', '17204', '1327', '7888', '0', '0', '0', '\x00\x00\x00\x00\x00\x00\x00\x00\x00\x00', '\n\x00\x00\x00\x00\x00\x00\x00\x00\x00', '16726', '0', '2021-03-02 10:47:22')
2021-03-02  10:47:22 Tue root INFO 成功添加数据
2021-03-02  10:47:22 Tue root INFO mes_plc_r6
2021-03-02  10:47:23 Tue root INFO 读取插入数据库数据：{'product_type': '\n\x00\x00\x00\x00\x00\x00\x00\x00\x00', 'r1_equipment_status': '2560', 'fail_code': '0', 'recerve': '0', 'prod_num': 0, 'r1_rob_no': '0', 'r1_weld_line_no': '0', 'r1_electric': '0.0', 'r1_voltage': '9.183815862507343e-40', 'r1_speed': '0.0', 'r1_job': '0', 'r2_rob_no': '0', 'r2_weld_line_no': '0', 'r2_electric': '0.0', 'r2_voltage': '0.0', 'r2_speed': '0.0', 'r2_job': '0', 'replace_status': '0', 'part_status': '0', 'r1_protective_gas': '0', 'r1_welding_wire': '0', 'r2_protective_gas': '0', 'r2_welding_wire': '0', 'login_id': '\x00\x00\x00\x00\x00\x00\x00\x00\x00\x00', 'login_password': '\n\x00\x00\x00\x00\x00\x00\x00\x00\x00'}
2021-03-02  10:47:23 Tue root INFO ('\n\x00\x00\x00\x00\x00\x00\x00\x00\x00', '2560', '0', 0, '0', '0', '0.0', '9.183815862507343e-40', '0.0', '0', '0', '0', '0.0', '0.0', '0.0', '0', '0', '0', '0', '0', '0', '\x00\x00\x00\x00\x00\x00\x00\x00\x00\x00', '\n\x00\x00\x00\x00\x00\x00\x00\x00\x00', '0', '0', '2021-03-02 10:47:23')
2021-03-02  10:47:23 Tue root INFO 成功添加数据
2021-03-02  10:48:23 Tue root INFO plc连接状态:[1, 1, 1, 1, 1, 1]
2021-03-02  10:48:23 Tue root INFO mes_plc
2021-03-02  10:48:23 Tue root INFO 读取插入数据库数据：{'product_type': '\n\x07250 YDG\x00', 'r1_equipment_status': '2567', 'fail_code': '12853', 'recerve': '12320', 'prod_num': 23108, 'r1_rob_no': '18176', 'r1_weld_line_no': '0', 'r1_electric': '1.0654138796264848e-21', 'r1_voltage': '6.165713243029195e-44', 'r1_speed': '3.6734198463196485e-40', 'r1_job': '17206', 'r2_rob_no': '30493', 'r2_weld_line_no': '16724', 'r2_electric': '8.715097876569077e+29', 'r2_voltage': '0.0', 'r2_speed': '9.550891600431086e-39', 'r2_job': '0', 'replace_status': '0', 'part_status': '0', 'r1_protective_gas': '0', 'r1_welding_wire': '0', 'r2_protective_gas': '0', 'r2_welding_wire': '0', 'login_id': '\x00\x00\x00\x00\x01Z\x00\x00\x00\x00', 'login_password': '\n\x00\x00\x00\x00\x00\x00\x00\x00\x00'}
2021-03-02  10:48:23 Tue root INFO ('\n\x07250 YDG\x00', '2567', '12853', 23108, '18176', '0', '1.0654138796264848e-21', '6.165713243029195e-44', '3.6734198463196485e-40', '17206', '30493', '16724', '8.715097876569077e+29', '0.0', '9.550891600431086e-39', '0', '0', '0', '0', '0', '0', '\x00\x00\x00\x00\x01Z\x00\x00\x00\x00', '\n\x00\x00\x00\x00\x00\x00\x00\x00\x00', '0', '12320', '2021-03-02 10:48:23')
2021-03-02  10:48:23 Tue root INFO 成功添加数据
2021-03-02  10:48:23 Tue root INFO mes_plc_r2
2021-03-02  10:48:23 Tue root INFO 读取插入数据库数据：{'product_type': '\n\x07250 TJ1\x00', 'r1_equipment_status': '0', 'fail_code': '0', 'recerve': '0', 'prod_num': 432, 'r1_rob_no': '4', 'r1_weld_line_no': '0', 'r1_electric': '0.0', 'r1_voltage': '0.0', 'r1_speed': '0.0', 'r1_job': '0', 'r2_rob_no': '0', 'r2_weld_line_no': '0', 'r2_electric': '0.0', 'r2_voltage': '0.0', 'r2_speed': '0.0', 'r2_job': '0', 'replace_status': '0', 'part_status': '0', 'r1_protective_gas': '0', 'r1_welding_wire': '0', 'r2_protective_gas': '0', 'r2_welding_wire': '0', 'login_id': '\n\x00\x00\x00\x00\x00\x00\x00\x00\x00', 'login_password': '\n\x00\x00\x00\x00\x00\x00\x00\x00\x00'}
2021-03-02  10:48:23 Tue root INFO ('\n\x07250 TJ1\x00', '0', '0', 432, '4', '0', '0.0', '0.0', '0.0', '0', '0', '0', '0.0', '0.0', '0.0', '0', '0', '0', '0', '0', '0', '\n\x00\x00\x00\x00\x00\x00\x00\x00\x00', '\n\x00\x00\x00\x00\x00\x00\x00\x00\x00', '0', '0', '2021-03-02 10:48:23')
2021-03-02  10:48:23 Tue root INFO 成功添加数据
2021-03-02  10:48:23 Tue root INFO mes_plc_r3
2021-03-02  10:48:24 Tue root INFO 读取插入数据库数据：{'product_type': '\n\x07250 TJ4\x00', 'r1_equipment_status': '0', 'fail_code': '0', 'recerve': '0', 'prod_num': 433, 'r1_rob_no': '104', 'r1_weld_line_no': '0', 'r1_electric': '184.0567169189453', 'r1_voltage': '13.17274284362793', 'r1_speed': '0.0', 'r1_job': '0', 'r2_rob_no': '0', 'r2_weld_line_no': '0', 'r2_electric': '0.0', 'r2_voltage': '0.0', 'r2_speed': '0.0', 'r2_job': '0', 'replace_status': '0', 'part_status': '0', 'r1_protective_gas': '0', 'r1_welding_wire': '0', 'r2_protective_gas': '0', 'r2_welding_wire': '0', 'login_id': '\n\x00\x00\x00\x00\x00\x00\x00\x00\x00', 'login_password': '\n\x00\x00\x00\x00\x00\x00\x00\x00\x00'}
2021-03-02  10:48:24 Tue root INFO ('\n\x07250 TJ4\x00', '0', '0', 433, '104', '0', '184.0567169189453', '13.17274284362793', '0.0', '0', '0', '0', '0.0', '0.0', '0.0', '0', '0', '0', '0', '0', '0', '\n\x00\x00\x00\x00\x00\x00\x00\x00\x00', '\n\x00\x00\x00\x00\x00\x00\x00\x00\x00', '0', '0', '2021-03-02 10:48:24')
2021-03-02  10:48:24 Tue root INFO 成功添加数据
2021-03-02  10:48:24 Tue root INFO mes_plc_r4
2021-03-02  10:48:24 Tue root INFO 读取插入数据库数据：{'product_type': '\n\x02AA\x00\x00\x00\x00\x00\x00', 'r1_equipment_status': '2562', 'fail_code': '16962', 'recerve': '0', 'prod_num': 0, 'r1_rob_no': '0', 'r1_weld_line_no': '0', 'r1_electric': '9.727692471237622e-22', 'r1_voltage': '2.802596928649634e-45', 'r1_speed': '1.3775324423698682e-38', 'r1_job': '17207', 'r2_rob_no': '-4817', 'r2_weld_line_no': '16721', 'r2_electric': '-1.2967404927621828e-13', 'r2_voltage': '0.0', 'r2_speed': '0.0', 'r2_job': '0', 'replace_status': '0', 'part_status': '0', 'r1_protective_gas': '0', 'r1_welding_wire': '0', 'r2_protective_gas': '0', 'r2_welding_wire': '0', 'login_id': '\x00\x00\x00\x00\x00 \x00\x00\x00\x00', 'login_password': '\n\x00\x00\x00\x00\x00\x00\x00\x00\x00'}
2021-03-02  10:48:24 Tue root INFO ('\n\x02AA\x00\x00\x00\x00\x00\x00', '2562', '16962', 0, '0', '0', '9.727692471237622e-22', '2.802596928649634e-45', '1.3775324423698682e-38', '17207', '-4817', '16721', '-1.2967404927621828e-13', '0.0', '0.0', '0', '0', '0', '0', '0', '0', '\x00\x00\x00\x00\x00 \x00\x00\x00\x00', '\n\x00\x00\x00\x00\x00\x00\x00\x00\x00', '0', '0', '2021-03-02 10:48:24')
2021-03-02  10:48:24 Tue root INFO 成功添加数据
2021-03-02  10:48:24 Tue root INFO mes_plc_r5
2021-03-02  10:48:24 Tue root INFO 读取插入数据库数据：{'product_type': '\n\x00\x00\x00\x00\x00\x00\x00\x00\x00', 'r1_equipment_status': '2560', 'fail_code': '0', 'recerve': '0', 'prod_num': 0, 'r1_rob_no': '0', 'r1_weld_line_no': '0', 'r1_electric': '1.8870057723865944e-24', 'r1_voltage': '0.0', 'r1_speed': '0.0', 'r1_job': '17204', 'r2_rob_no': '-28179', 'r2_weld_line_no': '16726', 'r2_electric': '8.358535958640604e-32', 'r2_voltage': '0.0', 'r2_speed': '0.0', 'r2_job': '17204', 'replace_status': '379', 'part_status': '16726', 'r1_protective_gas': '7888', 'r1_welding_wire': '0', 'r2_protective_gas': '0', 'r2_welding_wire': '0', 'login_id': '\x00\x00\x00\x00\x00\x00\x00\x00\x00\x00', 'login_password': '\n\x00\x00\x00\x00\x00\x00\x00\x00\x00'}
2021-03-02  10:48:24 Tue root INFO ('\n\x00\x00\x00\x00\x00\x00\x00\x00\x00', '2560', '0', 0, '0', '0', '1.8870057723865944e-24', '0.0', '0.0', '17204', '-28179', '16726', '8.358535958640604e-32', '0.0', '0.0', '17204', '379', '7888', '0', '0', '0', '\x00\x00\x00\x00\x00\x00\x00\x00\x00\x00', '\n\x00\x00\x00\x00\x00\x00\x00\x00\x00', '16726', '0', '2021-03-02 10:48:24')
2021-03-02  10:48:24 Tue root INFO 成功添加数据
2021-03-02  10:48:24 Tue root INFO mes_plc_r6
2021-03-02  10:48:25 Tue root INFO 读取插入数据库数据：{'product_type': '\n\x00\x00\x00\x00\x00\x00\x00\x00\x00', 'r1_equipment_status': '2560', 'fail_code': '0', 'recerve': '0', 'prod_num': 0, 'r1_rob_no': '0', 'r1_weld_line_no': '0', 'r1_electric': '0.0', 'r1_voltage': '9.183815862507343e-40', 'r1_speed': '0.0', 'r1_job': '0', 'r2_rob_no': '0', 'r2_weld_line_no': '0', 'r2_electric': '0.0', 'r2_voltage': '0.0', 'r2_speed': '0.0', 'r2_job': '0', 'replace_status': '0', 'part_status': '0', 'r1_protective_gas': '0', 'r1_welding_wire': '0', 'r2_protective_gas': '0', 'r2_welding_wire': '0', 'login_id': '\x00\x00\x00\x00\x00\x00\x00\x00\x00\x00', 'login_password': '\n\x00\x00\x00\x00\x00\x00\x00\x00\x00'}
2021-03-02  10:48:25 Tue root INFO ('\n\x00\x00\x00\x00\x00\x00\x00\x00\x00', '2560', '0', 0, '0', '0', '0.0', '9.183815862507343e-40', '0.0', '0', '0', '0', '0.0', '0.0', '0.0', '0', '0', '0', '0', '0', '0', '\x00\x00\x00\x00\x00\x00\x00\x00\x00\x00', '\n\x00\x00\x00\x00\x00\x00\x00\x00\x00', '0', '0', '2021-03-02 10:48:25')
2021-03-02  10:48:25 Tue root INFO 成功添加数据
2021-03-02  10:49:25 Tue root INFO plc连接状态:[1, 1, 1, 1, 1, 1]
2021-03-02  10:49:25 Tue root INFO mes_plc
2021-03-02  10:49:25 Tue root INFO 读取插入数据库数据：{'product_type': '\n\x07250 YDG\x00', 'r1_equipment_status': '2567', 'fail_code': '12853', 'recerve': '12320', 'prod_num': 23108, 'r1_rob_no': '18176', 'r1_weld_line_no': '0', 'r1_electric': '1.0654138796264848e-21', 'r1_voltage': '6.165713243029195e-44', 'r1_speed': '3.6734198463196485e-40', 'r1_job': '17206', 'r2_rob_no': '29544', 'r2_weld_line_no': '16724', 'r2_electric': '1520.0', 'r2_voltage': '0.0', 'r2_speed': '9.550891600431086e-39', 'r2_job': '0', 'replace_status': '0', 'part_status': '0', 'r1_protective_gas': '0', 'r1_welding_wire': '0', 'r2_protective_gas': '0', 'r2_welding_wire': '0', 'login_id': '\x00\x00\x00\x00\x01Z\x00\x00\x00\x00', 'login_password': '\n\x00\x00\x00\x00\x00\x00\x00\x00\x00'}
2021-03-02  10:49:25 Tue root INFO ('\n\x07250 YDG\x00', '2567', '12853', 23108, '18176', '0', '1.0654138796264848e-21', '6.165713243029195e-44', '3.6734198463196485e-40', '17206', '29544', '16724', '1520.0', '0.0', '9.550891600431086e-39', '0', '0', '0', '0', '0', '0', '\x00\x00\x00\x00\x01Z\x00\x00\x00\x00', '\n\x00\x00\x00\x00\x00\x00\x00\x00\x00', '0', '12320', '2021-03-02 10:49:25')
2021-03-02  10:49:25 Tue root INFO 成功添加数据
2021-03-02  10:49:25 Tue root INFO mes_plc_r2
2021-03-02  10:49:25 Tue root INFO 读取插入数据库数据：{'product_type': '\n\x07250 TJ1\x00', 'r1_equipment_status': '0', 'fail_code': '0', 'recerve': '0', 'prod_num': 432, 'r1_rob_no': '4', 'r1_weld_line_no': '0', 'r1_electric': '0.0', 'r1_voltage': '0.0', 'r1_speed': '0.0', 'r1_job': '0', 'r2_rob_no': '0', 'r2_weld_line_no': '0', 'r2_electric': '0.0', 'r2_voltage': '0.0', 'r2_speed': '0.0', 'r2_job': '0', 'replace_status': '0', 'part_status': '0', 'r1_protective_gas': '0', 'r1_welding_wire': '0', 'r2_protective_gas': '0', 'r2_welding_wire': '0', 'login_id': '\n\x00\x00\x00\x00\x00\x00\x00\x00\x00', 'login_password': '\n\x00\x00\x00\x00\x00\x00\x00\x00\x00'}
2021-03-02  10:49:25 Tue root INFO ('\n\x07250 TJ1\x00', '0', '0', 432, '4', '0', '0.0', '0.0', '0.0', '0', '0', '0', '0.0', '0.0', '0.0', '0', '0', '0', '0', '0', '0', '\n\x00\x00\x00\x00\x00\x00\x00\x00\x00', '\n\x00\x00\x00\x00\x00\x00\x00\x00\x00', '0', '0', '2021-03-02 10:49:25')
2021-03-02  10:49:25 Tue root INFO 成功添加数据
2021-03-02  10:49:25 Tue root INFO mes_plc_r3
2021-03-02  10:49:26 Tue root INFO 读取插入数据库数据：{'product_type': '\n\x07250 TJ4\x00', 'r1_equipment_status': '0', 'fail_code': '0', 'recerve': '0', 'prod_num': 433, 'r1_rob_no': '104', 'r1_weld_line_no': '0', 'r1_electric': '184.0277862548828', 'r1_voltage': '13.85633659362793', 'r1_speed': '0.0', 'r1_job': '0', 'r2_rob_no': '0', 'r2_weld_line_no': '0', 'r2_electric': '0.0', 'r2_voltage': '0.0', 'r2_speed': '0.0', 'r2_job': '0', 'replace_status': '0', 'part_status': '0', 'r1_protective_gas': '0', 'r1_welding_wire': '0', 'r2_protective_gas': '0', 'r2_welding_wire': '0', 'login_id': '\n\x00\x00\x00\x00\x00\x00\x00\x00\x00', 'login_password': '\n\x00\x00\x00\x00\x00\x00\x00\x00\x00'}
2021-03-02  10:49:26 Tue root INFO ('\n\x07250 TJ4\x00', '0', '0', 433, '104', '0', '184.0277862548828', '13.85633659362793', '0.0', '0', '0', '0', '0.0', '0.0', '0.0', '0', '0', '0', '0', '0', '0', '\n\x00\x00\x00\x00\x00\x00\x00\x00\x00', '\n\x00\x00\x00\x00\x00\x00\x00\x00\x00', '0', '0', '2021-03-02 10:49:26')
2021-03-02  10:49:26 Tue root INFO 成功添加数据
2021-03-02  10:49:26 Tue root INFO mes_plc_r4
2021-03-02  10:49:26 Tue root INFO 读取插入数据库数据：{'product_type': '\n\x02AA\x00\x00\x00\x00\x00\x00', 'r1_equipment_status': '2562', 'fail_code': '16962', 'recerve': '0', 'prod_num': 0, 'r1_rob_no': '0', 'r1_weld_line_no': '0', 'r1_electric': '9.727692471237622e-22', 'r1_voltage': '2.802596928649634e-45', 'r1_speed': '1.3775324423698682e-38', 'r1_job': '17207', 'r2_rob_no': '-5765', 'r2_weld_line_no': '16721', 'r2_electric': '-92160.0', 'r2_voltage': '0.0', 'r2_speed': '0.0', 'r2_job': '0', 'replace_status': '0', 'part_status': '0', 'r1_protective_gas': '0', 'r1_welding_wire': '0', 'r2_protective_gas': '0', 'r2_welding_wire': '0', 'login_id': '\x00\x00\x00\x00\x00 \x00\x00\x00\x00', 'login_password': '\n\x00\x00\x00\x00\x00\x00\x00\x00\x00'}
2021-03-02  10:49:26 Tue root INFO ('\n\x02AA\x00\x00\x00\x00\x00\x00', '2562', '16962', 0, '0', '0', '9.727692471237622e-22', '2.802596928649634e-45', '1.3775324423698682e-38', '17207', '-5765', '16721', '-92160.0', '0.0', '0.0', '0', '0', '0', '0', '0', '0', '\x00\x00\x00\x00\x00 \x00\x00\x00\x00', '\n\x00\x00\x00\x00\x00\x00\x00\x00\x00', '0', '0', '2021-03-02 10:49:26')
2021-03-02  10:49:26 Tue root INFO 成功添加数据
2021-03-02  10:49:26 Tue root INFO mes_plc_r5
2021-03-02  10:49:26 Tue root INFO 读取插入数据库数据：{'product_type': '\n\x00\x00\x00\x00\x00\x00\x00\x00\x00', 'r1_equipment_status': '2560', 'fail_code': '0', 'recerve': '0', 'prod_num': 0, 'r1_rob_no': '0', 'r1_weld_line_no': '0', 'r1_electric': '1.8870057723865944e-24', 'r1_voltage': '0.0', 'r1_speed': '0.0', 'r1_job': '17204', 'r2_rob_no': '-31023', 'r2_weld_line_no': '16726', 'r2_electric': '-2.87545844912529e-08', 'r2_voltage': '0.0', 'r2_speed': '0.0', 'r2_job': '17203', 'replace_status': '-569', 'part_status': '16726', 'r1_protective_gas': '7888', 'r1_welding_wire': '0', 'r2_protective_gas': '0', 'r2_welding_wire': '0', 'login_id': '\x00\x00\x00\x00\x00\x00\x00\x00\x00\x00', 'login_password': '\n\x00\x00\x00\x00\x00\x00\x00\x00\x00'}
2021-03-02  10:49:26 Tue root INFO ('\n\x00\x00\x00\x00\x00\x00\x00\x00\x00', '2560', '0', 0, '0', '0', '1.8870057723865944e-24', '0.0', '0.0', '17204', '-31023', '16726', '-2.87545844912529e-08', '0.0', '0.0', '17203', '-569', '7888', '0', '0', '0', '\x00\x00\x00\x00\x00\x00\x00\x00\x00\x00', '\n\x00\x00\x00\x00\x00\x00\x00\x00\x00', '16726', '0', '2021-03-02 10:49:26')
2021-03-02  10:49:26 Tue root INFO 成功添加数据
2021-03-02  10:49:26 Tue root INFO mes_plc_r6
2021-03-02  10:49:27 Tue root INFO 读取插入数据库数据：{'product_type': '\n\x00\x00\x00\x00\x00\x00\x00\x00\x00', 'r1_equipment_status': '2560', 'fail_code': '0', 'recerve': '0', 'prod_num': 0, 'r1_rob_no': '0', 'r1_weld_line_no': '0', 'r1_electric': '0.0', 'r1_voltage': '9.183815862507343e-40', 'r1_speed': '0.0', 'r1_job': '0', 'r2_rob_no': '0', 'r2_weld_line_no': '0', 'r2_electric': '0.0', 'r2_voltage': '0.0', 'r2_speed': '0.0', 'r2_job': '0', 'replace_status': '0', 'part_status': '0', 'r1_protective_gas': '0', 'r1_welding_wire': '0', 'r2_protective_gas': '0', 'r2_welding_wire': '0', 'login_id': '\x00\x00\x00\x00\x00\x00\x00\x00\x00\x00', 'login_password': '\n\x00\x00\x00\x00\x00\x00\x00\x00\x00'}
2021-03-02  10:49:27 Tue root INFO ('\n\x00\x00\x00\x00\x00\x00\x00\x00\x00', '2560', '0', 0, '0', '0', '0.0', '9.183815862507343e-40', '0.0', '0', '0', '0', '0.0', '0.0', '0.0', '0', '0', '0', '0', '0', '0', '\x00\x00\x00\x00\x00\x00\x00\x00\x00\x00', '\n\x00\x00\x00\x00\x00\x00\x00\x00\x00', '0', '0', '2021-03-02 10:49:27')
2021-03-02  10:49:27 Tue root INFO 成功添加数据
2021-03-02  10:50:27 Tue root INFO plc连接状态:[1, 1, 1, 1, 1, 1]
2021-03-02  10:50:27 Tue root INFO mes_plc
2021-03-02  10:50:27 Tue root INFO 读取插入数据库数据：{'product_type': '\n\x07250 YDG\x00', 'r1_equipment_status': '2567', 'fail_code': '12853', 'recerve': '12320', 'prod_num': 23108, 'r1_rob_no': '18176', 'r1_weld_line_no': '0', 'r1_electric': '1.0654138796264848e-21', 'r1_voltage': '6.165713243029195e-44', 'r1_speed': '3.6734198463196485e-40', 'r1_job': '17206', 'r2_rob_no': '30493', 'r2_weld_line_no': '16724', 'r2_electric': '1.773238182067871e-06', 'r2_voltage': '0.0', 'r2_speed': '9.550891600431086e-39', 'r2_job': '0', 'replace_status': '0', 'part_status': '0', 'r1_protective_gas': '0', 'r1_welding_wire': '0', 'r2_protective_gas': '0', 'r2_welding_wire': '0', 'login_id': '\x00\x00\x00\x00\x01Z\x00\x00\x00\x00', 'login_password': '\n\x00\x00\x00\x00\x00\x00\x00\x00\x00'}
2021-03-02  10:50:27 Tue root INFO ('\n\x07250 YDG\x00', '2567', '12853', 23108, '18176', '0', '1.0654138796264848e-21', '6.165713243029195e-44', '3.6734198463196485e-40', '17206', '30493', '16724', '1.773238182067871e-06', '0.0', '9.550891600431086e-39', '0', '0', '0', '0', '0', '0', '\x00\x00\x00\x00\x01Z\x00\x00\x00\x00', '\n\x00\x00\x00\x00\x00\x00\x00\x00\x00', '0', '12320', '2021-03-02 10:50:27')
2021-03-02  10:50:27 Tue root INFO 成功添加数据
2021-03-02  10:50:27 Tue root INFO mes_plc_r2
2021-03-02  10:50:27 Tue root INFO 读取插入数据库数据：{'product_type': '\n\x07250 TJ1\x00', 'r1_equipment_status': '0', 'fail_code': '0', 'recerve': '0', 'prod_num': 432, 'r1_rob_no': '4', 'r1_weld_line_no': '0', 'r1_electric': '0.0', 'r1_voltage': '0.0', 'r1_speed': '0.0', 'r1_job': '0', 'r2_rob_no': '0', 'r2_weld_line_no': '0', 'r2_electric': '0.0', 'r2_voltage': '0.0', 'r2_speed': '0.0', 'r2_job': '0', 'replace_status': '0', 'part_status': '0', 'r1_protective_gas': '0', 'r1_welding_wire': '0', 'r2_protective_gas': '0', 'r2_welding_wire': '0', 'login_id': '\n\x00\x00\x00\x00\x00\x00\x00\x00\x00', 'login_password': '\n\x00\x00\x00\x00\x00\x00\x00\x00\x00'}
2021-03-02  10:50:27 Tue root INFO ('\n\x07250 TJ1\x00', '0', '0', 432, '4', '0', '0.0', '0.0', '0.0', '0', '0', '0', '0.0', '0.0', '0.0', '0', '0', '0', '0', '0', '0', '\n\x00\x00\x00\x00\x00\x00\x00\x00\x00', '\n\x00\x00\x00\x00\x00\x00\x00\x00\x00', '0', '0', '2021-03-02 10:50:27')
2021-03-02  10:50:27 Tue root INFO 成功添加数据
2021-03-02  10:50:27 Tue root INFO mes_plc_r3
2021-03-02  10:50:27 Tue root INFO 读取插入数据库数据：{'product_type': '\n\x07250 TJ4\x00', 'r1_equipment_status': '0', 'fail_code': '0', 'recerve': '0', 'prod_num': 434, 'r1_rob_no': '104', 'r1_weld_line_no': '0', 'r1_electric': '183.9554443359375', 'r1_voltage': '13.85633659362793', 'r1_speed': '0.0', 'r1_job': '0', 'r2_rob_no': '0', 'r2_weld_line_no': '0', 'r2_electric': '0.0', 'r2_voltage': '0.0', 'r2_speed': '0.0', 'r2_job': '0', 'replace_status': '0', 'part_status': '0', 'r1_protective_gas': '0', 'r1_welding_wire': '0', 'r2_protective_gas': '0', 'r2_welding_wire': '0', 'login_id': '\n\x00\x00\x00\x00\x00\x00\x00\x00\x00', 'login_password': '\n\x00\x00\x00\x00\x00\x00\x00\x00\x00'}
2021-03-02  10:50:27 Tue root INFO ('\n\x07250 TJ4\x00', '0', '0', 434, '104', '0', '183.9554443359375', '13.85633659362793', '0.0', '0', '0', '0', '0.0', '0.0', '0.0', '0', '0', '0', '0', '0', '0', '\n\x00\x00\x00\x00\x00\x00\x00\x00\x00', '\n\x00\x00\x00\x00\x00\x00\x00\x00\x00', '0', '0', '2021-03-02 10:50:27')
2021-03-02  10:50:27 Tue root INFO 成功添加数据
2021-03-02  10:50:27 Tue root INFO mes_plc_r4
2021-03-02  10:50:28 Tue root INFO 读取插入数据库数据：{'product_type': '\n\x02AA\x00\x00\x00\x00\x00\x00', 'r1_equipment_status': '2562', 'fail_code': '16962', 'recerve': '0', 'prod_num': 0, 'r1_rob_no': '0', 'r1_weld_line_no': '0', 'r1_electric': '9.727692471237622e-22', 'r1_voltage': '2.802596928649634e-45', 'r1_speed': '1.3775324423698682e-38', 'r1_job': '17207', 'r2_rob_no': '-4817', 'r2_weld_line_no': '16721', 'r2_electric': '-92160.0', 'r2_voltage': '0.0', 'r2_speed': '0.0', 'r2_job': '0', 'replace_status': '0', 'part_status': '0', 'r1_protective_gas': '0', 'r1_welding_wire': '0', 'r2_protective_gas': '0', 'r2_welding_wire': '0', 'login_id': '\x00\x00\x00\x00\x00 \x00\x00\x00\x00', 'login_password': '\n\x00\x00\x00\x00\x00\x00\x00\x00\x00'}
2021-03-02  10:50:28 Tue root INFO ('\n\x02AA\x00\x00\x00\x00\x00\x00', '2562', '16962', 0, '0', '0', '9.727692471237622e-22', '2.802596928649634e-45', '1.3775324423698682e-38', '17207', '-4817', '16721', '-92160.0', '0.0', '0.0', '0', '0', '0', '0', '0', '0', '\x00\x00\x00\x00\x00 \x00\x00\x00\x00', '\n\x00\x00\x00\x00\x00\x00\x00\x00\x00', '0', '0', '2021-03-02 10:50:28')
2021-03-02  10:50:28 Tue root INFO 成功添加数据
2021-03-02  10:50:28 Tue root INFO mes_plc_r5
2021-03-02  10:50:28 Tue root INFO 读取插入数据库数据：{'product_type': '\n\x00\x00\x00\x00\x00\x00\x00\x00\x00', 'r1_equipment_status': '2560', 'fail_code': '0', 'recerve': '0', 'prod_num': 0, 'r1_rob_no': '0', 'r1_weld_line_no': '0', 'r1_electric': '1.8870057723865944e-24', 'r1_voltage': '0.0', 'r1_speed': '0.0', 'r1_job': '17204', 'r2_rob_no': '32616', 'r2_weld_line_no': '16726', 'r2_electric': '-5.002903957099656e-35', 'r2_voltage': '0.0', 'r2_speed': '0.0', 'r2_job': '17203', 'replace_status': '-569', 'part_status': '16726', 'r1_protective_gas': '7888', 'r1_welding_wire': '0', 'r2_protective_gas': '0', 'r2_welding_wire': '0', 'login_id': '\x00\x00\x00\x00\x00\x00\x00\x00\x00\x00', 'login_password': '\n\x00\x00\x00\x00\x00\x00\x00\x00\x00'}
2021-03-02  10:50:28 Tue root INFO ('\n\x00\x00\x00\x00\x00\x00\x00\x00\x00', '2560', '0', 0, '0', '0', '1.8870057723865944e-24', '0.0', '0.0', '17204', '32616', '16726', '-5.002903957099656e-35', '0.0', '0.0', '17203', '-569', '7888', '0', '0', '0', '\x00\x00\x00\x00\x00\x00\x00\x00\x00\x00', '\n\x00\x00\x00\x00\x00\x00\x00\x00\x00', '16726', '0', '2021-03-02 10:50:28')
2021-03-02  10:50:28 Tue root INFO 成功添加数据
2021-03-02  10:50:28 Tue root INFO mes_plc_r6
2021-03-02  10:50:28 Tue root INFO 读取插入数据库数据：{'product_type': '\n\x00\x00\x00\x00\x00\x00\x00\x00\x00', 'r1_equipment_status': '2560', 'fail_code': '0', 'recerve': '0', 'prod_num': 0, 'r1_rob_no': '0', 'r1_weld_line_no': '0', 'r1_electric': '0.0', 'r1_voltage': '9.183815862507343e-40', 'r1_speed': '0.0', 'r1_job': '0', 'r2_rob_no': '0', 'r2_weld_line_no': '0', 'r2_electric': '0.0', 'r2_voltage': '0.0', 'r2_speed': '0.0', 'r2_job': '0', 'replace_status': '0', 'part_status': '0', 'r1_protective_gas': '0', 'r1_welding_wire': '0', 'r2_protective_gas': '0', 'r2_welding_wire': '0', 'login_id': '\x00\x00\x00\x00\x00\x00\x00\x00\x00\x00', 'login_password': '\n\x00\x00\x00\x00\x00\x00\x00\x00\x00'}
2021-03-02  10:50:28 Tue root INFO ('\n\x00\x00\x00\x00\x00\x00\x00\x00\x00', '2560', '0', 0, '0', '0', '0.0', '9.183815862507343e-40', '0.0', '0', '0', '0', '0.0', '0.0', '0.0', '0', '0', '0', '0', '0', '0', '\x00\x00\x00\x00\x00\x00\x00\x00\x00\x00', '\n\x00\x00\x00\x00\x00\x00\x00\x00\x00', '0', '0', '2021-03-02 10:50:28')
2021-03-02  10:50:28 Tue root INFO 成功添加数据
2021-03-02  10:51:28 Tue root INFO plc连接状态:[1, 1, 1, 1, 1, 1]
2021-03-02  10:51:28 Tue root INFO mes_plc
2021-03-02  10:51:29 Tue root INFO 读取插入数据库数据：{'product_type': '\n\x07250 YDG\x00', 'r1_equipment_status': '2567', 'fail_code': '12853', 'recerve': '12320', 'prod_num': 23108, 'r1_rob_no': '18176', 'r1_weld_line_no': '0', 'r1_electric': '1.0654138796264848e-21', 'r1_voltage': '6.165713243029195e-44', 'r1_speed': '3.6734198463196485e-40', 'r1_job': '17206', 'r2_rob_no': '30493', 'r2_weld_line_no': '16724', 'r2_electric': '-0.0', 'r2_voltage': '0.0', 'r2_speed': '9.550891600431086e-39', 'r2_job': '0', 'replace_status': '0', 'part_status': '0', 'r1_protective_gas': '0', 'r1_welding_wire': '0', 'r2_protective_gas': '0', 'r2_welding_wire': '0', 'login_id': '\x00\x00\x00\x00\x01Z\x00\x00\x00\x00', 'login_password': '\n\x00\x00\x00\x00\x00\x00\x00\x00\x00'}
2021-03-02  10:51:29 Tue root INFO ('\n\x07250 YDG\x00', '2567', '12853', 23108, '18176', '0', '1.0654138796264848e-21', '6.165713243029195e-44', '3.6734198463196485e-40', '17206', '30493', '16724', '-0.0', '0.0', '9.550891600431086e-39', '0', '0', '0', '0', '0', '0', '\x00\x00\x00\x00\x01Z\x00\x00\x00\x00', '\n\x00\x00\x00\x00\x00\x00\x00\x00\x00', '0', '12320', '2021-03-02 10:51:29')
2021-03-02  10:51:29 Tue root INFO 成功添加数据
2021-03-02  10:51:29 Tue root INFO mes_plc_r2
2021-03-02  10:51:29 Tue root INFO 读取插入数据库数据：{'product_type': '\n\x07250 TJ1\x00', 'r1_equipment_status': '0', 'fail_code': '0', 'recerve': '0', 'prod_num': 432, 'r1_rob_no': '4', 'r1_weld_line_no': '0', 'r1_electric': '0.0', 'r1_voltage': '0.0', 'r1_speed': '0.0', 'r1_job': '0', 'r2_rob_no': '0', 'r2_weld_line_no': '0', 'r2_electric': '0.0', 'r2_voltage': '0.0', 'r2_speed': '0.0', 'r2_job': '0', 'replace_status': '0', 'part_status': '0', 'r1_protective_gas': '0', 'r1_welding_wire': '0', 'r2_protective_gas': '0', 'r2_welding_wire': '0', 'login_id': '\n\x00\x00\x00\x00\x00\x00\x00\x00\x00', 'login_password': '\n\x00\x00\x00\x00\x00\x00\x00\x00\x00'}
2021-03-02  10:51:29 Tue root INFO ('\n\x07250 TJ1\x00', '0', '0', 432, '4', '0', '0.0', '0.0', '0.0', '0', '0', '0', '0.0', '0.0', '0.0', '0', '0', '0', '0', '0', '0', '\n\x00\x00\x00\x00\x00\x00\x00\x00\x00', '\n\x00\x00\x00\x00\x00\x00\x00\x00\x00', '0', '0', '2021-03-02 10:51:29')
2021-03-02  10:51:29 Tue root INFO 成功添加数据
2021-03-02  10:51:29 Tue root INFO mes_plc_r3
2021-03-02  10:51:29 Tue root INFO 读取插入数据库数据：{'product_type': '\n\x07250 TJ4\x00', 'r1_equipment_status': '0', 'fail_code': '0', 'recerve': '0', 'prod_num': 434, 'r1_rob_no': '104', 'r1_weld_line_no': '0', 'r1_electric': '184.04225158691406', 'r1_voltage': '13.841869354248047', 'r1_speed': '0.0', 'r1_job': '0', 'r2_rob_no': '0', 'r2_weld_line_no': '0', 'r2_electric': '0.0', 'r2_voltage': '0.0', 'r2_speed': '0.0', 'r2_job': '0', 'replace_status': '0', 'part_status': '0', 'r1_protective_gas': '0', 'r1_welding_wire': '0', 'r2_protective_gas': '0', 'r2_welding_wire': '0', 'login_id': '\n\x00\x00\x00\x00\x00\x00\x00\x00\x00', 'login_password': '\n\x00\x00\x00\x00\x00\x00\x00\x00\x00'}
2021-03-02  10:51:29 Tue root INFO ('\n\x07250 TJ4\x00', '0', '0', 434, '104', '0', '184.04225158691406', '13.841869354248047', '0.0', '0', '0', '0', '0.0', '0.0', '0.0', '0', '0', '0', '0', '0', '0', '\n\x00\x00\x00\x00\x00\x00\x00\x00\x00', '\n\x00\x00\x00\x00\x00\x00\x00\x00\x00', '0', '0', '2021-03-02 10:51:29')
2021-03-02  10:51:29 Tue root INFO 成功添加数据
2021-03-02  10:51:29 Tue root INFO mes_plc_r4
2021-03-02  10:51:30 Tue root INFO 读取插入数据库数据：{'product_type': '\n\x02AA\x00\x00\x00\x00\x00\x00', 'r1_equipment_status': '2562', 'fail_code': '16962', 'recerve': '0', 'prod_num': 0, 'r1_rob_no': '0', 'r1_weld_line_no': '0', 'r1_electric': '9.727692471237622e-22', 'r1_voltage': '2.802596928649634e-45', 'r1_speed': '1.3775324423698682e-38', 'r1_job': '17207', 'r2_rob_no': '-5765', 'r2_weld_line_no': '16721', 'r2_electric': '-73117523247104.0', 'r2_voltage': '0.0', 'r2_speed': '0.0', 'r2_job': '0', 'replace_status': '0', 'part_status': '0', 'r1_protective_gas': '0', 'r1_welding_wire': '0', 'r2_protective_gas': '0', 'r2_welding_wire': '0', 'login_id': '\x00\x00\x00\x00\x00 \x00\x00\x00\x00', 'login_password': '\n\x00\x00\x00\x00\x00\x00\x00\x00\x00'}
2021-03-02  10:51:30 Tue root INFO ('\n\x02AA\x00\x00\x00\x00\x00\x00', '2562', '16962', 0, '0', '0', '9.727692471237622e-22', '2.802596928649634e-45', '1.3775324423698682e-38', '17207', '-5765', '16721', '-73117523247104.0', '0.0', '0.0', '0', '0', '0', '0', '0', '0', '\x00\x00\x00\x00\x00 \x00\x00\x00\x00', '\n\x00\x00\x00\x00\x00\x00\x00\x00\x00', '0', '0', '2021-03-02 10:51:30')
2021-03-02  10:51:30 Tue root INFO 成功添加数据
2021-03-02  10:51:30 Tue root INFO mes_plc_r5
2021-03-02  10:51:30 Tue root INFO 读取插入数据库数据：{'product_type': '\n\x00\x00\x00\x00\x00\x00\x00\x00\x00', 'r1_equipment_status': '2560', 'fail_code': '0', 'recerve': '0', 'prod_num': 0, 'r1_rob_no': '0', 'r1_weld_line_no': '0', 'r1_electric': '1.8870057723865944e-24', 'r1_voltage': '0.0', 'r1_speed': '0.0', 'r1_job': '17204', 'r2_rob_no': '-31971', 'r2_weld_line_no': '16727', 'r2_electric': '8.358535958640604e-32', 'r2_voltage': '0.0', 'r2_speed': '0.0', 'r2_job': '17204', 'replace_status': '379', 'part_status': '16726', 'r1_protective_gas': '7888', 'r1_welding_wire': '0', 'r2_protective_gas': '0', 'r2_welding_wire': '0', 'login_id': '\x00\x00\x00\x00\x00\x00\x00\x00\x00\x00', 'login_password': '\n\x00\x00\x00\x00\x00\x00\x00\x00\x00'}
2021-03-02  10:51:30 Tue root INFO ('\n\x00\x00\x00\x00\x00\x00\x00\x00\x00', '2560', '0', 0, '0', '0', '1.8870057723865944e-24', '0.0', '0.0', '17204', '-31971', '16727', '8.358535958640604e-32', '0.0', '0.0', '17204', '379', '7888', '0', '0', '0', '\x00\x00\x00\x00\x00\x00\x00\x00\x00\x00', '\n\x00\x00\x00\x00\x00\x00\x00\x00\x00', '16726', '0', '2021-03-02 10:51:30')
2021-03-02  10:51:30 Tue root INFO 成功添加数据
2021-03-02  10:51:30 Tue root INFO mes_plc_r6
2021-03-02  10:51:30 Tue root INFO 读取插入数据库数据：{'product_type': '\n\x00\x00\x00\x00\x00\x00\x00\x00\x00', 'r1_equipment_status': '2560', 'fail_code': '0', 'recerve': '0', 'prod_num': 0, 'r1_rob_no': '0', 'r1_weld_line_no': '0', 'r1_electric': '0.0', 'r1_voltage': '9.183815862507343e-40', 'r1_speed': '0.0', 'r1_job': '0', 'r2_rob_no': '0', 'r2_weld_line_no': '0', 'r2_electric': '0.0', 'r2_voltage': '0.0', 'r2_speed': '0.0', 'r2_job': '0', 'replace_status': '0', 'part_status': '0', 'r1_protective_gas': '0', 'r1_welding_wire': '0', 'r2_protective_gas': '0', 'r2_welding_wire': '0', 'login_id': '\x00\x00\x00\x00\x00\x00\x00\x00\x00\x00', 'login_password': '\n\x00\x00\x00\x00\x00\x00\x00\x00\x00'}
2021-03-02  10:51:30 Tue root INFO ('\n\x00\x00\x00\x00\x00\x00\x00\x00\x00', '2560', '0', 0, '0', '0', '0.0', '9.183815862507343e-40', '0.0', '0', '0', '0', '0.0', '0.0', '0.0', '0', '0', '0', '0', '0', '0', '\x00\x00\x00\x00\x00\x00\x00\x00\x00\x00', '\n\x00\x00\x00\x00\x00\x00\x00\x00\x00', '0', '0', '2021-03-02 10:51:30')
2021-03-02  10:51:30 Tue root INFO 成功添加数据
2021-03-02  10:52:30 Tue root INFO plc连接状态:[1, 1, 1, 1, 1, 1]
2021-03-02  10:52:30 Tue root INFO mes_plc
2021-03-02  10:52:31 Tue root INFO 读取插入数据库数据：{'product_type': '\n\x07250 YDG\x00', 'r1_equipment_status': '2567', 'fail_code': '12853', 'recerve': '12320', 'prod_num': 23108, 'r1_rob_no': '18176', 'r1_weld_line_no': '0', 'r1_electric': '1.0654138796264848e-21', 'r1_voltage': '6.165713243029195e-44', 'r1_speed': '3.6734198463196485e-40', 'r1_job': '17206', 'r2_rob_no': '30493', 'r2_weld_line_no': '16724', 'r2_electric': '-0.0', 'r2_voltage': '0.0', 'r2_speed': '9.550891600431086e-39', 'r2_job': '0', 'replace_status': '0', 'part_status': '0', 'r1_protective_gas': '0', 'r1_welding_wire': '0', 'r2_protective_gas': '0', 'r2_welding_wire': '0', 'login_id': '\x00\x00\x00\x00\x01Z\x00\x00\x00\x00', 'login_password': '\n\x00\x00\x00\x00\x00\x00\x00\x00\x00'}
2021-03-02  10:52:31 Tue root INFO ('\n\x07250 YDG\x00', '2567', '12853', 23108, '18176', '0', '1.0654138796264848e-21', '6.165713243029195e-44', '3.6734198463196485e-40', '17206', '30493', '16724', '-0.0', '0.0', '9.550891600431086e-39', '0', '0', '0', '0', '0', '0', '\x00\x00\x00\x00\x01Z\x00\x00\x00\x00', '\n\x00\x00\x00\x00\x00\x00\x00\x00\x00', '0', '12320', '2021-03-02 10:52:31')
2021-03-02  10:52:31 Tue root INFO 成功添加数据
2021-03-02  10:52:31 Tue root INFO mes_plc_r2
2021-03-02  10:52:31 Tue root INFO 读取插入数据库数据：{'product_type': '\n\x07250 TJ1\x00', 'r1_equipment_status': '0', 'fail_code': '0', 'recerve': '0', 'prod_num': 432, 'r1_rob_no': '4', 'r1_weld_line_no': '0', 'r1_electric': '0.0', 'r1_voltage': '0.0', 'r1_speed': '0.0', 'r1_job': '0', 'r2_rob_no': '0', 'r2_weld_line_no': '0', 'r2_electric': '0.0', 'r2_voltage': '0.0', 'r2_speed': '0.0', 'r2_job': '0', 'replace_status': '0', 'part_status': '0', 'r1_protective_gas': '0', 'r1_welding_wire': '0', 'r2_protective_gas': '0', 'r2_welding_wire': '0', 'login_id': '\n\x00\x00\x00\x00\x00\x00\x00\x00\x00', 'login_password': '\n\x00\x00\x00\x00\x00\x00\x00\x00\x00'}
2021-03-02  10:52:31 Tue root INFO ('\n\x07250 TJ1\x00', '0', '0', 432, '4', '0', '0.0', '0.0', '0.0', '0', '0', '0', '0.0', '0.0', '0.0', '0', '0', '0', '0', '0', '0', '\n\x00\x00\x00\x00\x00\x00\x00\x00\x00', '\n\x00\x00\x00\x00\x00\x00\x00\x00\x00', '0', '0', '2021-03-02 10:52:31')
2021-03-02  10:52:31 Tue root INFO 成功添加数据
2021-03-02  10:52:31 Tue root INFO mes_plc_r3
2021-03-02  10:52:31 Tue root INFO 读取插入数据库数据：{'product_type': '\n\x07250 TJ4\x00', 'r1_equipment_status': '0', 'fail_code': '0', 'recerve': '0', 'prod_num': 434, 'r1_rob_no': '104', 'r1_weld_line_no': '0', 'r1_electric': '184.12904357910156', 'r1_voltage': '13.827401161193848', 'r1_speed': '0.0', 'r1_job': '0', 'r2_rob_no': '0', 'r2_weld_line_no': '0', 'r2_electric': '0.0', 'r2_voltage': '0.0', 'r2_speed': '0.0', 'r2_job': '0', 'replace_status': '0', 'part_status': '0', 'r1_protective_gas': '0', 'r1_welding_wire': '0', 'r2_protective_gas': '0', 'r2_welding_wire': '0', 'login_id': '\n\x00\x00\x00\x00\x00\x00\x00\x00\x00', 'login_password': '\n\x00\x00\x00\x00\x00\x00\x00\x00\x00'}
2021-03-02  10:52:31 Tue root INFO ('\n\x07250 TJ4\x00', '0', '0', 434, '104', '0', '184.12904357910156', '13.827401161193848', '0.0', '0', '0', '0', '0.0', '0.0', '0.0', '0', '0', '0', '0', '0', '0', '\n\x00\x00\x00\x00\x00\x00\x00\x00\x00', '\n\x00\x00\x00\x00\x00\x00\x00\x00\x00', '0', '0', '2021-03-02 10:52:31')
2021-03-02  10:52:31 Tue root INFO 成功添加数据
2021-03-02  10:52:31 Tue root INFO mes_plc_r4
2021-03-02  10:52:31 Tue root INFO 读取插入数据库数据：{'product_type': '\n\x02AA\x00\x00\x00\x00\x00\x00', 'r1_equipment_status': '2562', 'fail_code': '16962', 'recerve': '0', 'prod_num': 0, 'r1_rob_no': '0', 'r1_weld_line_no': '0', 'r1_electric': '9.727692471237622e-22', 'r1_voltage': '2.802596928649634e-45', 'r1_speed': '1.3775324423698682e-38', 'r1_job': '17207', 'r2_rob_no': '-2920', 'r2_weld_line_no': '16721', 'r2_electric': '-6.286650380320215e+22', 'r2_voltage': '0.0', 'r2_speed': '0.0', 'r2_job': '0', 'replace_status': '0', 'part_status': '0', 'r1_protective_gas': '0', 'r1_welding_wire': '0', 'r2_protective_gas': '0', 'r2_welding_wire': '0', 'login_id': '\x00\x00\x00\x00\x00 \x00\x00\x00\x00', 'login_password': '\n\x00\x00\x00\x00\x00\x00\x00\x00\x00'}
2021-03-02  10:52:31 Tue root INFO ('\n\x02AA\x00\x00\x00\x00\x00\x00', '2562', '16962', 0, '0', '0', '9.727692471237622e-22', '2.802596928649634e-45', '1.3775324423698682e-38', '17207', '-2920', '16721', '-6.286650380320215e+22', '0.0', '0.0', '0', '0', '0', '0', '0', '0', '\x00\x00\x00\x00\x00 \x00\x00\x00\x00', '\n\x00\x00\x00\x00\x00\x00\x00\x00\x00', '0', '0', '2021-03-02 10:52:31')
2021-03-02  10:52:31 Tue root INFO 成功添加数据
2021-03-02  10:52:31 Tue root INFO mes_plc_r5
2021-03-02  10:52:32 Tue root INFO 读取插入数据库数据：{'product_type': '\n\x00\x00\x00\x00\x00\x00\x00\x00\x00', 'r1_equipment_status': '2560', 'fail_code': '0', 'recerve': '0', 'prod_num': 0, 'r1_rob_no': '0', 'r1_weld_line_no': '0', 'r1_electric': '1.8870057723865944e-24', 'r1_voltage': '0.0', 'r1_speed': '0.0', 'r1_job': '17204', 'r2_rob_no': '31668', 'r2_weld_line_no': '16726', 'r2_electric': '-4.301500743989133e-26', 'r2_voltage': '0.0', 'r2_speed': '0.0', 'r2_job': '17203', 'replace_status': '-569', 'part_status': '16726', 'r1_protective_gas': '11682', 'r1_welding_wire': '0', 'r2_protective_gas': '0', 'r2_welding_wire': '0', 'login_id': '\x00\x00\x00\x00\x00\x00\x00\x00\x00\x00', 'login_password': '\n\x00\x00\x00\x00\x00\x00\x00\x00\x00'}
2021-03-02  10:52:32 Tue root INFO ('\n\x00\x00\x00\x00\x00\x00\x00\x00\x00', '2560', '0', 0, '0', '0', '1.8870057723865944e-24', '0.0', '0.0', '17204', '31668', '16726', '-4.301500743989133e-26', '0.0', '0.0', '17203', '-569', '11682', '0', '0', '0', '\x00\x00\x00\x00\x00\x00\x00\x00\x00\x00', '\n\x00\x00\x00\x00\x00\x00\x00\x00\x00', '16726', '0', '2021-03-02 10:52:32')
2021-03-02  10:52:32 Tue root INFO 成功添加数据
2021-03-02  10:52:32 Tue root INFO mes_plc_r6
2021-03-02  10:52:32 Tue root INFO 读取插入数据库数据：{'product_type': '\n\x00\x00\x00\x00\x00\x00\x00\x00\x00', 'r1_equipment_status': '2560', 'fail_code': '0', 'recerve': '0', 'prod_num': 0, 'r1_rob_no': '0', 'r1_weld_line_no': '0', 'r1_electric': '0.0', 'r1_voltage': '9.183815862507343e-40', 'r1_speed': '0.0', 'r1_job': '0', 'r2_rob_no': '0', 'r2_weld_line_no': '0', 'r2_electric': '0.0', 'r2_voltage': '0.0', 'r2_speed': '0.0', 'r2_job': '0', 'replace_status': '0', 'part_status': '0', 'r1_protective_gas': '0', 'r1_welding_wire': '0', 'r2_protective_gas': '0', 'r2_welding_wire': '0', 'login_id': '\x00\x00\x00\x00\x00\x00\x00\x00\x00\x00', 'login_password': '\n\x00\x00\x00\x00\x00\x00\x00\x00\x00'}
2021-03-02  10:52:32 Tue root INFO ('\n\x00\x00\x00\x00\x00\x00\x00\x00\x00', '2560', '0', 0, '0', '0', '0.0', '9.183815862507343e-40', '0.0', '0', '0', '0', '0.0', '0.0', '0.0', '0', '0', '0', '0', '0', '0', '\x00\x00\x00\x00\x00\x00\x00\x00\x00\x00', '\n\x00\x00\x00\x00\x00\x00\x00\x00\x00', '0', '0', '2021-03-02 10:52:32')
2021-03-02  10:52:32 Tue root INFO 成功添加数据
2021-03-02  10:53:32 Tue root INFO plc连接状态:[1, 1, 1, 1, 1, 1]
2021-03-02  10:53:32 Tue root INFO mes_plc
2021-03-02  10:53:32 Tue root INFO 读取插入数据库数据：{'product_type': '\n\x07250 YDG\x00', 'r1_equipment_status': '2567', 'fail_code': '12853', 'recerve': '12320', 'prod_num': 23108, 'r1_rob_no': '18176', 'r1_weld_line_no': '0', 'r1_electric': '1.0654138796264848e-21', 'r1_voltage': '6.165713243029195e-44', 'r1_speed': '3.6734198463196485e-40', 'r1_job': '17206', 'r2_rob_no': '30493', 'r2_weld_line_no': '16724', 'r2_electric': '8.715097876569077e+29', 'r2_voltage': '0.0', 'r2_speed': '9.550891600431086e-39', 'r2_job': '0', 'replace_status': '0', 'part_status': '0', 'r1_protective_gas': '0', 'r1_welding_wire': '0', 'r2_protective_gas': '0', 'r2_welding_wire': '0', 'login_id': '\x00\x00\x00\x00\x01Z\x00\x00\x00\x00', 'login_password': '\n\x00\x00\x00\x00\x00\x00\x00\x00\x00'}
2021-03-02  10:53:32 Tue root INFO ('\n\x07250 YDG\x00', '2567', '12853', 23108, '18176', '0', '1.0654138796264848e-21', '6.165713243029195e-44', '3.6734198463196485e-40', '17206', '30493', '16724', '8.715097876569077e+29', '0.0', '9.550891600431086e-39', '0', '0', '0', '0', '0', '0', '\x00\x00\x00\x00\x01Z\x00\x00\x00\x00', '\n\x00\x00\x00\x00\x00\x00\x00\x00\x00', '0', '12320', '2021-03-02 10:53:32')
2021-03-02  10:53:32 Tue root INFO 成功添加数据
2021-03-02  10:53:32 Tue root INFO mes_plc_r2
2021-03-02  10:53:33 Tue root INFO 读取插入数据库数据：{'product_type': '\n\x07250 TJ1\x00', 'r1_equipment_status': '0', 'fail_code': '0', 'recerve': '0', 'prod_num': 433, 'r1_rob_no': '4', 'r1_weld_line_no': '0', 'r1_electric': '0.0', 'r1_voltage': '0.0', 'r1_speed': '0.0', 'r1_job': '0', 'r2_rob_no': '0', 'r2_weld_line_no': '0', 'r2_electric': '0.0', 'r2_voltage': '0.0', 'r2_speed': '0.0', 'r2_job': '0', 'replace_status': '0', 'part_status': '0', 'r1_protective_gas': '0', 'r1_welding_wire': '0', 'r2_protective_gas': '0', 'r2_welding_wire': '0', 'login_id': '\n\x00\x00\x00\x00\x00\x00\x00\x00\x00', 'login_password': '\n\x00\x00\x00\x00\x00\x00\x00\x00\x00'}
2021-03-02  10:53:33 Tue root INFO ('\n\x07250 TJ1\x00', '0', '0', 433, '4', '0', '0.0', '0.0', '0.0', '0', '0', '0', '0.0', '0.0', '0.0', '0', '0', '0', '0', '0', '0', '\n\x00\x00\x00\x00\x00\x00\x00\x00\x00', '\n\x00\x00\x00\x00\x00\x00\x00\x00\x00', '0', '0', '2021-03-02 10:53:33')
2021-03-02  10:53:33 Tue root INFO 成功添加数据
2021-03-02  10:53:33 Tue root INFO mes_plc_r3
2021-03-02  10:53:33 Tue root INFO 读取插入数据库数据：{'product_type': '\n\x07250 TJ4\x00', 'r1_equipment_status': '0', 'fail_code': '0', 'recerve': '0', 'prod_num': 434, 'r1_rob_no': '104', 'r1_weld_line_no': '0', 'r1_electric': '184.12904357910156', 'r1_voltage': '-4.4921875', 'r1_speed': '0.0', 'r1_job': '0', 'r2_rob_no': '0', 'r2_weld_line_no': '0', 'r2_electric': '0.0', 'r2_voltage': '0.0', 'r2_speed': '0.0', 'r2_job': '0', 'replace_status': '0', 'part_status': '0', 'r1_protective_gas': '0', 'r1_welding_wire': '0', 'r2_protective_gas': '0', 'r2_welding_wire': '0', 'login_id': '\n\x00\x00\x00\x00\x00\x00\x00\x00\x00', 'login_password': '\n\x00\x00\x00\x00\x00\x00\x00\x00\x00'}
2021-03-02  10:53:33 Tue root INFO ('\n\x07250 TJ4\x00', '0', '0', 434, '104', '0', '184.12904357910156', '-4.4921875', '0.0', '0', '0', '0', '0.0', '0.0', '0.0', '0', '0', '0', '0', '0', '0', '\n\x00\x00\x00\x00\x00\x00\x00\x00\x00', '\n\x00\x00\x00\x00\x00\x00\x00\x00\x00', '0', '0', '2021-03-02 10:53:33')
2021-03-02  10:53:33 Tue root INFO 成功添加数据
2021-03-02  10:53:33 Tue root INFO mes_plc_r4
2021-03-02  10:53:33 Tue root INFO 读取插入数据库数据：{'product_type': '\n\x02AA\x00\x00\x00\x00\x00\x00', 'r1_equipment_status': '2562', 'fail_code': '16962', 'recerve': '0', 'prod_num': 0, 'r1_rob_no': '0', 'r1_weld_line_no': '0', 'r1_electric': '9.727692471237622e-22', 'r1_voltage': '2.802596928649634e-45', 'r1_speed': '1.3775324423698682e-38', 'r1_job': '17207', 'r2_rob_no': '-5765', 'r2_weld_line_no': '16721', 'r2_electric': '-92160.0', 'r2_voltage': '0.0', 'r2_speed': '0.0', 'r2_job': '0', 'replace_status': '0', 'part_status': '0', 'r1_protective_gas': '0', 'r1_welding_wire': '0', 'r2_protective_gas': '0', 'r2_welding_wire': '0', 'login_id': '\x00\x00\x00\x00\x00 \x00\x00\x00\x00', 'login_password': '\n\x00\x00\x00\x00\x00\x00\x00\x00\x00'}
2021-03-02  10:53:33 Tue root INFO ('\n\x02AA\x00\x00\x00\x00\x00\x00', '2562', '16962', 0, '0', '0', '9.727692471237622e-22', '2.802596928649634e-45', '1.3775324423698682e-38', '17207', '-5765', '16721', '-92160.0', '0.0', '0.0', '0', '0', '0', '0', '0', '0', '\x00\x00\x00\x00\x00 \x00\x00\x00\x00', '\n\x00\x00\x00\x00\x00\x00\x00\x00\x00', '0', '0', '2021-03-02 10:53:33')
2021-03-02  10:53:33 Tue root INFO 成功添加数据
2021-03-02  10:53:33 Tue root INFO mes_plc_r5
2021-03-02  10:53:34 Tue root INFO 读取插入数据库数据：{'product_type': '\n\x00\x00\x00\x00\x00\x00\x00\x00\x00', 'r1_equipment_status': '2560', 'fail_code': '0', 'recerve': '0', 'prod_num': 0, 'r1_rob_no': '0', 'r1_weld_line_no': '0', 'r1_electric': '1.8870057723865944e-24', 'r1_voltage': '0.0', 'r1_speed': '0.0', 'r1_job': '17204', 'r2_rob_no': '29772', 'r2_weld_line_no': '16726', 'r2_electric': '-4.301500743989133e-26', 'r2_voltage': '0.0', 'r2_speed': '0.0', 'r2_job': '17203', 'replace_status': '-6258', 'part_status': '16726', 'r1_protective_gas': '11682', 'r1_welding_wire': '0', 'r2_protective_gas': '0', 'r2_welding_wire': '0', 'login_id': '\x00\x00\x00\x00\x00\x00\x00\x00\x00\x00', 'login_password': '\n\x00\x00\x00\x00\x00\x00\x00\x00\x00'}
2021-03-02  10:53:34 Tue root INFO ('\n\x00\x00\x00\x00\x00\x00\x00\x00\x00', '2560', '0', 0, '0', '0', '1.8870057723865944e-24', '0.0', '0.0', '17204', '29772', '16726', '-4.301500743989133e-26', '0.0', '0.0', '17203', '-6258', '11682', '0', '0', '0', '\x00\x00\x00\x00\x00\x00\x00\x00\x00\x00', '\n\x00\x00\x00\x00\x00\x00\x00\x00\x00', '16726', '0', '2021-03-02 10:53:34')
2021-03-02  10:53:34 Tue root INFO 成功添加数据
2021-03-02  10:53:34 Tue root INFO mes_plc_r6
2021-03-02  10:53:34 Tue root INFO 读取插入数据库数据：{'product_type': '\n\x00\x00\x00\x00\x00\x00\x00\x00\x00', 'r1_equipment_status': '2560', 'fail_code': '0', 'recerve': '0', 'prod_num': 0, 'r1_rob_no': '0', 'r1_weld_line_no': '0', 'r1_electric': '0.0', 'r1_voltage': '9.183815862507343e-40', 'r1_speed': '0.0', 'r1_job': '0', 'r2_rob_no': '0', 'r2_weld_line_no': '0', 'r2_electric': '0.0', 'r2_voltage': '0.0', 'r2_speed': '0.0', 'r2_job': '0', 'replace_status': '0', 'part_status': '0', 'r1_protective_gas': '0', 'r1_welding_wire': '0', 'r2_protective_gas': '0', 'r2_welding_wire': '0', 'login_id': '\x00\x00\x00\x00\x00\x00\x00\x00\x00\x00', 'login_password': '\n\x00\x00\x00\x00\x00\x00\x00\x00\x00'}
2021-03-02  10:53:34 Tue root INFO ('\n\x00\x00\x00\x00\x00\x00\x00\x00\x00', '2560', '0', 0, '0', '0', '0.0', '9.183815862507343e-40', '0.0', '0', '0', '0', '0.0', '0.0', '0.0', '0', '0', '0', '0', '0', '0', '\x00\x00\x00\x00\x00\x00\x00\x00\x00\x00', '\n\x00\x00\x00\x00\x00\x00\x00\x00\x00', '0', '0', '2021-03-02 10:53:34')
2021-03-02  10:53:34 Tue root INFO 成功添加数据
2021-03-02  10:54:34 Tue root INFO plc连接状态:[1, 1, 1, 1, 1, 1]
2021-03-02  10:54:34 Tue root INFO mes_plc
2021-03-02  10:54:34 Tue root INFO 读取插入数据库数据：{'product_type': '\n\x07250 YDG\x00', 'r1_equipment_status': '2567', 'fail_code': '12853', 'recerve': '12320', 'prod_num': 23108, 'r1_rob_no': '18176', 'r1_weld_line_no': '0', 'r1_electric': '1.0654138796264848e-21', 'r1_voltage': '6.165713243029195e-44', 'r1_speed': '3.6734198463196485e-40', 'r1_job': '17206', 'r2_rob_no': '29544', 'r2_weld_line_no': '16724', 'r2_electric': '8.715097876569077e+29', 'r2_voltage': '0.0', 'r2_speed': '9.550891600431086e-39', 'r2_job': '0', 'replace_status': '0', 'part_status': '0', 'r1_protective_gas': '0', 'r1_welding_wire': '0', 'r2_protective_gas': '0', 'r2_welding_wire': '0', 'login_id': '\x00\x00\x00\x00\x01Z\x00\x00\x00\x00', 'login_password': '\n\x00\x00\x00\x00\x00\x00\x00\x00\x00'}
2021-03-02  10:54:34 Tue root INFO ('\n\x07250 YDG\x00', '2567', '12853', 23108, '18176', '0', '1.0654138796264848e-21', '6.165713243029195e-44', '3.6734198463196485e-40', '17206', '29544', '16724', '8.715097876569077e+29', '0.0', '9.550891600431086e-39', '0', '0', '0', '0', '0', '0', '\x00\x00\x00\x00\x01Z\x00\x00\x00\x00', '\n\x00\x00\x00\x00\x00\x00\x00\x00\x00', '0', '12320', '2021-03-02 10:54:34')
2021-03-02  10:54:34 Tue root INFO 成功添加数据
2021-03-02  10:54:34 Tue root INFO mes_plc_r2
2021-03-02  10:54:35 Tue root INFO 读取插入数据库数据：{'product_type': '\n\x07250 TJ1\x00', 'r1_equipment_status': '0', 'fail_code': '0', 'recerve': '0', 'prod_num': 433, 'r1_rob_no': '4', 'r1_weld_line_no': '0', 'r1_electric': '0.0', 'r1_voltage': '0.0', 'r1_speed': '0.0', 'r1_job': '0', 'r2_rob_no': '0', 'r2_weld_line_no': '0', 'r2_electric': '0.0', 'r2_voltage': '0.0', 'r2_speed': '0.0', 'r2_job': '0', 'replace_status': '0', 'part_status': '0', 'r1_protective_gas': '0', 'r1_welding_wire': '0', 'r2_protective_gas': '0', 'r2_welding_wire': '0', 'login_id': '\n\x00\x00\x00\x00\x00\x00\x00\x00\x00', 'login_password': '\n\x00\x00\x00\x00\x00\x00\x00\x00\x00'}
2021-03-02  10:54:35 Tue root INFO ('\n\x07250 TJ1\x00', '0', '0', 433, '4', '0', '0.0', '0.0', '0.0', '0', '0', '0', '0.0', '0.0', '0.0', '0', '0', '0', '0', '0', '0', '\n\x00\x00\x00\x00\x00\x00\x00\x00\x00', '\n\x00\x00\x00\x00\x00\x00\x00\x00\x00', '0', '0', '2021-03-02 10:54:35')
2021-03-02  10:54:35 Tue root INFO 成功添加数据
2021-03-02  10:54:35 Tue root INFO mes_plc_r3
2021-03-02  10:54:35 Tue root INFO 读取插入数据库数据：{'product_type': '\n\x07250 TJ4\x00', 'r1_equipment_status': '0', 'fail_code': '0', 'recerve': '0', 'prod_num': 434, 'r1_rob_no': '104', 'r1_weld_line_no': '0', 'r1_electric': '184.10011291503906', 'r1_voltage': '13.852720260620117', 'r1_speed': '0.0', 'r1_job': '0', 'r2_rob_no': '0', 'r2_weld_line_no': '0', 'r2_electric': '0.0', 'r2_voltage': '0.0', 'r2_speed': '0.0', 'r2_job': '0', 'replace_status': '0', 'part_status': '0', 'r1_protective_gas': '0', 'r1_welding_wire': '0', 'r2_protective_gas': '0', 'r2_welding_wire': '0', 'login_id': '\n\x00\x00\x00\x00\x00\x00\x00\x00\x00', 'login_password': '\n\x00\x00\x00\x00\x00\x00\x00\x00\x00'}
2021-03-02  10:54:35 Tue root INFO ('\n\x07250 TJ4\x00', '0', '0', 434, '104', '0', '184.10011291503906', '13.852720260620117', '0.0', '0', '0', '0', '0.0', '0.0', '0.0', '0', '0', '0', '0', '0', '0', '\n\x00\x00\x00\x00\x00\x00\x00\x00\x00', '\n\x00\x00\x00\x00\x00\x00\x00\x00\x00', '0', '0', '2021-03-02 10:54:35')
2021-03-02  10:54:35 Tue root INFO 成功添加数据
2021-03-02  10:54:35 Tue root INFO mes_plc_r4
2021-03-02  10:54:35 Tue root INFO 读取插入数据库数据：{'product_type': '\n\x02AA\x00\x00\x00\x00\x00\x00', 'r1_equipment_status': '2562', 'fail_code': '16962', 'recerve': '0', 'prod_num': 0, 'r1_rob_no': '0', 'r1_weld_line_no': '0', 'r1_electric': '9.727692471237622e-22', 'r1_voltage': '2.802596928649634e-45', 'r1_speed': '1.3775324423698682e-38', 'r1_job': '17207', 'r2_rob_no': '-5765', 'r2_weld_line_no': '16721', 'r2_electric': '-92160.0', 'r2_voltage': '0.0', 'r2_speed': '0.0', 'r2_job': '0', 'replace_status': '0', 'part_status': '0', 'r1_protective_gas': '0', 'r1_welding_wire': '0', 'r2_protective_gas': '0', 'r2_welding_wire': '0', 'login_id': '\x00\x00\x00\x00\x00 \x00\x00\x00\x00', 'login_password': '\n\x00\x00\x00\x00\x00\x00\x00\x00\x00'}
2021-03-02  10:54:35 Tue root INFO ('\n\x02AA\x00\x00\x00\x00\x00\x00', '2562', '16962', 0, '0', '0', '9.727692471237622e-22', '2.802596928649634e-45', '1.3775324423698682e-38', '17207', '-5765', '16721', '-92160.0', '0.0', '0.0', '0', '0', '0', '0', '0', '0', '\x00\x00\x00\x00\x00 \x00\x00\x00\x00', '\n\x00\x00\x00\x00\x00\x00\x00\x00\x00', '0', '0', '2021-03-02 10:54:35')
2021-03-02  10:54:35 Tue root INFO 成功添加数据
2021-03-02  10:54:35 Tue root INFO mes_plc_r5
2021-03-02  10:54:35 Tue root INFO 读取插入数据库数据：{'product_type': '\n\x00\x00\x00\x00\x00\x00\x00\x00\x00', 'r1_equipment_status': '2560', 'fail_code': '0', 'recerve': '0', 'prod_num': 0, 'r1_rob_no': '0', 'r1_weld_line_no': '0', 'r1_electric': '1.8870057723865944e-24', 'r1_voltage': '0.0', 'r1_speed': '0.0', 'r1_job': '17204', 'r2_rob_no': '29772', 'r2_weld_line_no': '16726', 'r2_electric': '-5.002903957099656e-35', 'r2_voltage': '0.0', 'r2_speed': '0.0', 'r2_job': '17203', 'replace_status': '-1517', 'part_status': '16726', 'r1_protective_gas': '7888', 'r1_welding_wire': '0', 'r2_protective_gas': '0', 'r2_welding_wire': '0', 'login_id': '\x00\x00\x00\x00\x00\x00\x00\x00\x00\x00', 'login_password': '\n\x00\x00\x00\x00\x00\x00\x00\x00\x00'}
2021-03-02  10:54:35 Tue root INFO ('\n\x00\x00\x00\x00\x00\x00\x00\x00\x00', '2560', '0', 0, '0', '0', '1.8870057723865944e-24', '0.0', '0.0', '17204', '29772', '16726', '-5.002903957099656e-35', '0.0', '0.0', '17203', '-1517', '7888', '0', '0', '0', '\x00\x00\x00\x00\x00\x00\x00\x00\x00\x00', '\n\x00\x00\x00\x00\x00\x00\x00\x00\x00', '16726', '0', '2021-03-02 10:54:35')
2021-03-02  10:54:35 Tue root INFO 成功添加数据
2021-03-02  10:54:35 Tue root INFO mes_plc_r6
2021-03-02  10:54:36 Tue root INFO 读取插入数据库数据：{'product_type': '\n\x00\x00\x00\x00\x00\x00\x00\x00\x00', 'r1_equipment_status': '2560', 'fail_code': '0', 'recerve': '0', 'prod_num': 0, 'r1_rob_no': '0', 'r1_weld_line_no': '0', 'r1_electric': '0.0', 'r1_voltage': '9.183815862507343e-40', 'r1_speed': '0.0', 'r1_job': '0', 'r2_rob_no': '0', 'r2_weld_line_no': '0', 'r2_electric': '0.0', 'r2_voltage': '0.0', 'r2_speed': '0.0', 'r2_job': '0', 'replace_status': '0', 'part_status': '0', 'r1_protective_gas': '0', 'r1_welding_wire': '0', 'r2_protective_gas': '0', 'r2_welding_wire': '0', 'login_id': '\x00\x00\x00\x00\x00\x00\x00\x00\x00\x00', 'login_password': '\n\x00\x00\x00\x00\x00\x00\x00\x00\x00'}
2021-03-02  10:54:36 Tue root INFO ('\n\x00\x00\x00\x00\x00\x00\x00\x00\x00', '2560', '0', 0, '0', '0', '0.0', '9.183815862507343e-40', '0.0', '0', '0', '0', '0.0', '0.0', '0.0', '0', '0', '0', '0', '0', '0', '\x00\x00\x00\x00\x00\x00\x00\x00\x00\x00', '\n\x00\x00\x00\x00\x00\x00\x00\x00\x00', '0', '0', '2021-03-02 10:54:36')
2021-03-02  10:54:36 Tue root INFO 成功添加数据
2021-03-02  10:55:36 Tue root INFO plc连接状态:[1, 1, 1, 1, 1, 1]
2021-03-02  10:55:36 Tue root INFO mes_plc
2021-03-02  10:55:36 Tue root INFO 读取插入数据库数据：{'product_type': '\n\x07250 YDG\x00', 'r1_equipment_status': '2567', 'fail_code': '12853', 'recerve': '12320', 'prod_num': 23108, 'r1_rob_no': '18176', 'r1_weld_line_no': '0', 'r1_electric': '1.0654138796264848e-21', 'r1_voltage': '6.165713243029195e-44', 'r1_speed': '3.6734198463196485e-40', 'r1_job': '17206', 'r2_rob_no': '29544', 'r2_weld_line_no': '16724', 'r2_electric': '1.0237942960908801e+21', 'r2_voltage': '0.0', 'r2_speed': '9.550891600431086e-39', 'r2_job': '0', 'replace_status': '0', 'part_status': '0', 'r1_protective_gas': '0', 'r1_welding_wire': '0', 'r2_protective_gas': '0', 'r2_welding_wire': '0', 'login_id': '\x00\x00\x00\x00\x01Z\x00\x00\x00\x00', 'login_password': '\n\x00\x00\x00\x00\x00\x00\x00\x00\x00'}
2021-03-02  10:55:36 Tue root INFO ('\n\x07250 YDG\x00', '2567', '12853', 23108, '18176', '0', '1.0654138796264848e-21', '6.165713243029195e-44', '3.6734198463196485e-40', '17206', '29544', '16724', '1.0237942960908801e+21', '0.0', '9.550891600431086e-39', '0', '0', '0', '0', '0', '0', '\x00\x00\x00\x00\x01Z\x00\x00\x00\x00', '\n\x00\x00\x00\x00\x00\x00\x00\x00\x00', '0', '12320', '2021-03-02 10:55:36')
2021-03-02  10:55:36 Tue root INFO 成功添加数据
2021-03-02  10:55:36 Tue root INFO mes_plc_r2
2021-03-02  10:55:36 Tue root INFO 读取插入数据库数据：{'product_type': '\n\x07250 TJ2\x00', 'r1_equipment_status': '0', 'fail_code': '0', 'recerve': '0', 'prod_num': 434, 'r1_rob_no': '104', 'r1_weld_line_no': '0', 'r1_electric': '0.0', 'r1_voltage': '0.0', 'r1_speed': '0.0', 'r1_job': '0', 'r2_rob_no': '0', 'r2_weld_line_no': '0', 'r2_electric': '0.0', 'r2_voltage': '0.0', 'r2_speed': '0.0', 'r2_job': '0', 'replace_status': '0', 'part_status': '0', 'r1_protective_gas': '0', 'r1_welding_wire': '0', 'r2_protective_gas': '0', 'r2_welding_wire': '0', 'login_id': '\n\x00\x00\x00\x00\x00\x00\x00\x00\x00', 'login_password': '\n\x00\x00\x00\x00\x00\x00\x00\x00\x00'}
2021-03-02  10:55:36 Tue root INFO ('\n\x07250 TJ2\x00', '0', '0', 434, '104', '0', '0.0', '0.0', '0.0', '0', '0', '0', '0.0', '0.0', '0.0', '0', '0', '0', '0', '0', '0', '\n\x00\x00\x00\x00\x00\x00\x00\x00\x00', '\n\x00\x00\x00\x00\x00\x00\x00\x00\x00', '0', '0', '2021-03-02 10:55:36')
2021-03-02  10:55:36 Tue root INFO 成功添加数据
2021-03-02  10:55:36 Tue root INFO mes_plc_r3
2021-03-02  10:55:37 Tue root INFO 读取插入数据库数据：{'product_type': '\n\x07250 TJ4\x00', 'r1_equipment_status': '0', 'fail_code': '0', 'recerve': '0', 'prod_num': 434, 'r1_rob_no': '104', 'r1_weld_line_no': '0', 'r1_electric': '184.07118225097656', 'r1_voltage': '13.841869354248047', 'r1_speed': '0.0', 'r1_job': '0', 'r2_rob_no': '0', 'r2_weld_line_no': '0', 'r2_electric': '0.0', 'r2_voltage': '0.0', 'r2_speed': '0.0', 'r2_job': '0', 'replace_status': '0', 'part_status': '0', 'r1_protective_gas': '0', 'r1_welding_wire': '0', 'r2_protective_gas': '0', 'r2_welding_wire': '0', 'login_id': '\n\x00\x00\x00\x00\x00\x00\x00\x00\x00', 'login_password': '\n\x00\x00\x00\x00\x00\x00\x00\x00\x00'}
2021-03-02  10:55:37 Tue root INFO ('\n\x07250 TJ4\x00', '0', '0', 434, '104', '0', '184.07118225097656', '13.841869354248047', '0.0', '0', '0', '0', '0.0', '0.0', '0.0', '0', '0', '0', '0', '0', '0', '\n\x00\x00\x00\x00\x00\x00\x00\x00\x00', '\n\x00\x00\x00\x00\x00\x00\x00\x00\x00', '0', '0', '2021-03-02 10:55:37')
2021-03-02  10:55:37 Tue root INFO 成功添加数据
2021-03-02  10:55:37 Tue root INFO mes_plc_r4
2021-03-02  10:55:37 Tue root INFO 读取插入数据库数据：{'product_type': '\n\x02AA\x00\x00\x00\x00\x00\x00', 'r1_equipment_status': '2562', 'fail_code': '16962', 'recerve': '0', 'prod_num': 0, 'r1_rob_no': '0', 'r1_weld_line_no': '0', 'r1_electric': '9.727692471237622e-22', 'r1_voltage': '2.802596928649634e-45', 'r1_speed': '1.3775324423698682e-38', 'r1_job': '17207', 'r2_rob_no': '-7661', 'r2_weld_line_no': '16721', 'r2_electric': '-5.292441255952858e+31', 'r2_voltage': '0.0', 'r2_speed': '0.0', 'r2_job': '0', 'replace_status': '0', 'part_status': '0', 'r1_protective_gas': '0', 'r1_welding_wire': '0', 'r2_protective_gas': '0', 'r2_welding_wire': '0', 'login_id': '\x00\x00\x00\x00\x00 \x00\x00\x00\x00', 'login_password': '\n\x00\x00\x00\x00\x00\x00\x00\x00\x00'}
2021-03-02  10:55:37 Tue root INFO ('\n\x02AA\x00\x00\x00\x00\x00\x00', '2562', '16962', 0, '0', '0', '9.727692471237622e-22', '2.802596928649634e-45', '1.3775324423698682e-38', '17207', '-7661', '16721', '-5.292441255952858e+31', '0.0', '0.0', '0', '0', '0', '0', '0', '0', '\x00\x00\x00\x00\x00 \x00\x00\x00\x00', '\n\x00\x00\x00\x00\x00\x00\x00\x00\x00', '0', '0', '2021-03-02 10:55:37')
2021-03-02  10:55:37 Tue root INFO 成功添加数据
2021-03-02  10:55:37 Tue root INFO mes_plc_r5
2021-03-02  10:55:37 Tue root INFO 读取插入数据库数据：{'product_type': '\n\x00\x00\x00\x00\x00\x00\x00\x00\x00', 'r1_equipment_status': '2560', 'fail_code': '0', 'recerve': '0', 'prod_num': 0, 'r1_rob_no': '0', 'r1_weld_line_no': '0', 'r1_electric': '1.8870057723865944e-24', 'r1_voltage': '0.0', 'r1_speed': '0.0', 'r1_job': '17204', 'r2_rob_no': '31668', 'r2_weld_line_no': '16726', 'r2_electric': '-4.301500743989133e-26', 'r2_voltage': '0.0', 'r2_speed': '0.0', 'r2_job': '17203', 'replace_status': '-4361', 'part_status': '16726', 'r1_protective_gas': '304', 'r1_welding_wire': '0', 'r2_protective_gas': '0', 'r2_welding_wire': '0', 'login_id': '\x00\x00\x00\x00\x00\x00\x00\x00\x00\x00', 'login_password': '\n\x00\x00\x00\x00\x00\x00\x00\x00\x00'}
2021-03-02  10:55:37 Tue root INFO ('\n\x00\x00\x00\x00\x00\x00\x00\x00\x00', '2560', '0', 0, '0', '0', '1.8870057723865944e-24', '0.0', '0.0', '17204', '31668', '16726', '-4.301500743989133e-26', '0.0', '0.0', '17203', '-4361', '304', '0', '0', '0', '\x00\x00\x00\x00\x00\x00\x00\x00\x00\x00', '\n\x00\x00\x00\x00\x00\x00\x00\x00\x00', '16726', '0', '2021-03-02 10:55:37')
2021-03-02  10:55:37 Tue root INFO 成功添加数据
2021-03-02  10:55:37 Tue root INFO mes_plc_r6
2021-03-02  10:55:38 Tue root INFO 读取插入数据库数据：{'product_type': '\n\x00\x00\x00\x00\x00\x00\x00\x00\x00', 'r1_equipment_status': '2560', 'fail_code': '0', 'recerve': '0', 'prod_num': 0, 'r1_rob_no': '0', 'r1_weld_line_no': '0', 'r1_electric': '0.0', 'r1_voltage': '9.183815862507343e-40', 'r1_speed': '0.0', 'r1_job': '0', 'r2_rob_no': '0', 'r2_weld_line_no': '0', 'r2_electric': '0.0', 'r2_voltage': '0.0', 'r2_speed': '0.0', 'r2_job': '0', 'replace_status': '0', 'part_status': '0', 'r1_protective_gas': '0', 'r1_welding_wire': '0', 'r2_protective_gas': '0', 'r2_welding_wire': '0', 'login_id': '\x00\x00\x00\x00\x00\x00\x00\x00\x00\x00', 'login_password': '\n\x00\x00\x00\x00\x00\x00\x00\x00\x00'}
2021-03-02  10:55:38 Tue root INFO ('\n\x00\x00\x00\x00\x00\x00\x00\x00\x00', '2560', '0', 0, '0', '0', '0.0', '9.183815862507343e-40', '0.0', '0', '0', '0', '0.0', '0.0', '0.0', '0', '0', '0', '0', '0', '0', '\x00\x00\x00\x00\x00\x00\x00\x00\x00\x00', '\n\x00\x00\x00\x00\x00\x00\x00\x00\x00', '0', '0', '2021-03-02 10:55:38')
2021-03-02  10:55:38 Tue root INFO 成功添加数据
2021-03-02  10:56:38 Tue root INFO plc连接状态:[1, 1, 1, 1, 1, 1]
2021-03-02  10:56:38 Tue root INFO mes_plc
2021-03-02  10:56:38 Tue root INFO 读取插入数据库数据：{'product_type': '\n\x07250 YDG\x00', 'r1_equipment_status': '2567', 'fail_code': '12853', 'recerve': '12320', 'prod_num': 23108, 'r1_rob_no': '18176', 'r1_weld_line_no': '0', 'r1_electric': '1.0654138796264848e-21', 'r1_voltage': '6.165713243029195e-44', 'r1_speed': '3.6734198463196485e-40', 'r1_job': '17206', 'r2_rob_no': '29544', 'r2_weld_line_no': '16724', 'r2_electric': '8.715097876569077e+29', 'r2_voltage': '0.0', 'r2_speed': '9.550891600431086e-39', 'r2_job': '0', 'replace_status': '0', 'part_status': '0', 'r1_protective_gas': '0', 'r1_welding_wire': '0', 'r2_protective_gas': '0', 'r2_welding_wire': '0', 'login_id': '\x00\x00\x00\x00\x01Z\x00\x00\x00\x00', 'login_password': '\n\x00\x00\x00\x00\x00\x00\x00\x00\x00'}
2021-03-02  10:56:38 Tue root INFO ('\n\x07250 YDG\x00', '2567', '12853', 23108, '18176', '0', '1.0654138796264848e-21', '6.165713243029195e-44', '3.6734198463196485e-40', '17206', '29544', '16724', '8.715097876569077e+29', '0.0', '9.550891600431086e-39', '0', '0', '0', '0', '0', '0', '\x00\x00\x00\x00\x01Z\x00\x00\x00\x00', '\n\x00\x00\x00\x00\x00\x00\x00\x00\x00', '0', '12320', '2021-03-02 10:56:38')
2021-03-02  10:56:38 Tue root INFO 成功添加数据
2021-03-02  10:56:38 Tue root INFO mes_plc_r2
2021-03-02  10:56:38 Tue root INFO 读取插入数据库数据：{'product_type': '\n\x07250 TJ2\x00', 'r1_equipment_status': '0', 'fail_code': '0', 'recerve': '0', 'prod_num': 435, 'r1_rob_no': '104', 'r1_weld_line_no': '0', 'r1_electric': '0.0', 'r1_voltage': '0.0', 'r1_speed': '0.0', 'r1_job': '0', 'r2_rob_no': '0', 'r2_weld_line_no': '0', 'r2_electric': '0.0', 'r2_voltage': '0.0', 'r2_speed': '0.0', 'r2_job': '0', 'replace_status': '0', 'part_status': '0', 'r1_protective_gas': '0', 'r1_welding_wire': '0', 'r2_protective_gas': '0', 'r2_welding_wire': '0', 'login_id': '\n\x00\x00\x00\x00\x00\x00\x00\x00\x00', 'login_password': '\n\x00\x00\x00\x00\x00\x00\x00\x00\x00'}
2021-03-02  10:56:38 Tue root INFO ('\n\x07250 TJ2\x00', '0', '0', 435, '104', '0', '0.0', '0.0', '0.0', '0', '0', '0', '0.0', '0.0', '0.0', '0', '0', '0', '0', '0', '0', '\n\x00\x00\x00\x00\x00\x00\x00\x00\x00', '\n\x00\x00\x00\x00\x00\x00\x00\x00\x00', '0', '0', '2021-03-02 10:56:38')
2021-03-02  10:56:38 Tue root INFO 成功添加数据
2021-03-02  10:56:38 Tue root INFO mes_plc_r3
2021-03-02  10:56:39 Tue root INFO 读取插入数据库数据：{'product_type': '\n\x07250 TJ4\x00', 'r1_equipment_status': '0', 'fail_code': '0', 'recerve': '0', 'prod_num': 434, 'r1_rob_no': '104', 'r1_weld_line_no': '0', 'r1_electric': '184.0567169189453', 'r1_voltage': '13.823784828186035', 'r1_speed': '0.0', 'r1_job': '0', 'r2_rob_no': '0', 'r2_weld_line_no': '0', 'r2_electric': '0.0', 'r2_voltage': '0.0', 'r2_speed': '0.0', 'r2_job': '0', 'replace_status': '0', 'part_status': '0', 'r1_protective_gas': '0', 'r1_welding_wire': '0', 'r2_protective_gas': '0', 'r2_welding_wire': '0', 'login_id': '\n\x00\x00\x00\x00\x00\x00\x00\x00\x00', 'login_password': '\n\x00\x00\x00\x00\x00\x00\x00\x00\x00'}
2021-03-02  10:56:39 Tue root INFO ('\n\x07250 TJ4\x00', '0', '0', 434, '104', '0', '184.0567169189453', '13.823784828186035', '0.0', '0', '0', '0', '0.0', '0.0', '0.0', '0', '0', '0', '0', '0', '0', '\n\x00\x00\x00\x00\x00\x00\x00\x00\x00', '\n\x00\x00\x00\x00\x00\x00\x00\x00\x00', '0', '0', '2021-03-02 10:56:39')
2021-03-02  10:56:39 Tue root INFO 成功添加数据
2021-03-02  10:56:39 Tue root INFO mes_plc_r4
2021-03-02  10:56:39 Tue root INFO 读取插入数据库数据：{'product_type': '\n\x02AA\x00\x00\x00\x00\x00\x00', 'r1_equipment_status': '2562', 'fail_code': '16962', 'recerve': '0', 'prod_num': 0, 'r1_rob_no': '0', 'r1_weld_line_no': '0', 'r1_electric': '9.727692471237622e-22', 'r1_voltage': '2.802596928649634e-45', 'r1_speed': '1.3775324423698682e-38', 'r1_job': '17207', 'r2_rob_no': '-6713', 'r2_weld_line_no': '16721', 'r2_electric': '-73117523247104.0', 'r2_voltage': '0.0', 'r2_speed': '0.0', 'r2_job': '0', 'replace_status': '0', 'part_status': '0', 'r1_protective_gas': '0', 'r1_welding_wire': '0', 'r2_protective_gas': '0', 'r2_welding_wire': '0', 'login_id': '\x00\x00\x00\x00\x00 \x00\x00\x00\x00', 'login_password': '\n\x00\x00\x00\x00\x00\x00\x00\x00\x00'}
2021-03-02  10:56:39 Tue root INFO ('\n\x02AA\x00\x00\x00\x00\x00\x00', '2562', '16962', 0, '0', '0', '9.727692471237622e-22', '2.802596928649634e-45', '1.3775324423698682e-38', '17207', '-6713', '16721', '-73117523247104.0', '0.0', '0.0', '0', '0', '0', '0', '0', '0', '\x00\x00\x00\x00\x00 \x00\x00\x00\x00', '\n\x00\x00\x00\x00\x00\x00\x00\x00\x00', '0', '0', '2021-03-02 10:56:39')
2021-03-02  10:56:39 Tue root INFO 成功添加数据
2021-03-02  10:56:39 Tue root INFO mes_plc_r5
2021-03-02  10:56:39 Tue root INFO 读取插入数据库数据：{'product_type': '\n\x00\x00\x00\x00\x00\x00\x00\x00\x00', 'r1_equipment_status': '2560', 'fail_code': '0', 'recerve': '0', 'prod_num': 0, 'r1_rob_no': '0', 'r1_weld_line_no': '0', 'r1_electric': '1.8870057723865944e-24', 'r1_voltage': '0.0', 'r1_speed': '0.0', 'r1_job': '17204', 'r2_rob_no': '28824', 'r2_weld_line_no': '16726', 'r2_electric': '-5.002903957099656e-35', 'r2_voltage': '0.0', 'r2_speed': '0.0', 'r2_job': '17203', 'replace_status': '-5310', 'part_status': '16726', 'r1_protective_gas': '15474', 'r1_welding_wire': '0', 'r2_protective_gas': '0', 'r2_welding_wire': '0', 'login_id': '\x00\x00\x00\x00\x00\x00\x00\x00\x00\x00', 'login_password': '\n\x00\x00\x00\x00\x00\x00\x00\x00\x00'}
2021-03-02  10:56:39 Tue root INFO ('\n\x00\x00\x00\x00\x00\x00\x00\x00\x00', '2560', '0', 0, '0', '0', '1.8870057723865944e-24', '0.0', '0.0', '17204', '28824', '16726', '-5.002903957099656e-35', '0.0', '0.0', '17203', '-5310', '15474', '0', '0', '0', '\x00\x00\x00\x00\x00\x00\x00\x00\x00\x00', '\n\x00\x00\x00\x00\x00\x00\x00\x00\x00', '16726', '0', '2021-03-02 10:56:39')
2021-03-02  10:56:39 Tue root INFO 成功添加数据
2021-03-02  10:56:39 Tue root INFO mes_plc_r6
2021-03-02  10:56:40 Tue root INFO 读取插入数据库数据：{'product_type': '\n\x00\x00\x00\x00\x00\x00\x00\x00\x00', 'r1_equipment_status': '2560', 'fail_code': '0', 'recerve': '0', 'prod_num': 0, 'r1_rob_no': '0', 'r1_weld_line_no': '0', 'r1_electric': '0.0', 'r1_voltage': '9.183815862507343e-40', 'r1_speed': '0.0', 'r1_job': '0', 'r2_rob_no': '0', 'r2_weld_line_no': '0', 'r2_electric': '0.0', 'r2_voltage': '0.0', 'r2_speed': '0.0', 'r2_job': '0', 'replace_status': '0', 'part_status': '0', 'r1_protective_gas': '0', 'r1_welding_wire': '0', 'r2_protective_gas': '0', 'r2_welding_wire': '0', 'login_id': '\x00\x00\x00\x00\x00\x00\x00\x00\x00\x00', 'login_password': '\n\x00\x00\x00\x00\x00\x00\x00\x00\x00'}
2021-03-02  10:56:40 Tue root INFO ('\n\x00\x00\x00\x00\x00\x00\x00\x00\x00', '2560', '0', 0, '0', '0', '0.0', '9.183815862507343e-40', '0.0', '0', '0', '0', '0.0', '0.0', '0.0', '0', '0', '0', '0', '0', '0', '\x00\x00\x00\x00\x00\x00\x00\x00\x00\x00', '\n\x00\x00\x00\x00\x00\x00\x00\x00\x00', '0', '0', '2021-03-02 10:56:40')
2021-03-02  10:56:40 Tue root INFO 成功添加数据
2021-03-02  10:57:40 Tue root INFO plc连接状态:[1, 1, 1, 1, 1, 1]
2021-03-02  10:57:40 Tue root INFO mes_plc
2021-03-02  10:57:40 Tue root INFO 读取插入数据库数据：{'product_type': '\n\x07250 YDG\x00', 'r1_equipment_status': '2567', 'fail_code': '12853', 'recerve': '12320', 'prod_num': 23108, 'r1_rob_no': '18176', 'r1_weld_line_no': '0', 'r1_electric': '1.0654138796264848e-21', 'r1_voltage': '6.165713243029195e-44', 'r1_speed': '3.6734198463196485e-40', 'r1_job': '17206', 'r2_rob_no': '29544', 'r2_weld_line_no': '16724', 'r2_electric': '8.715097876569077e+29', 'r2_voltage': '0.0', 'r2_speed': '9.550891600431086e-39', 'r2_job': '0', 'replace_status': '0', 'part_status': '0', 'r1_protective_gas': '0', 'r1_welding_wire': '0', 'r2_protective_gas': '0', 'r2_welding_wire': '0', 'login_id': '\x00\x00\x00\x00\x01Z\x00\x00\x00\x00', 'login_password': '\n\x00\x00\x00\x00\x00\x00\x00\x00\x00'}
2021-03-02  10:57:40 Tue root INFO ('\n\x07250 YDG\x00', '2567', '12853', 23108, '18176', '0', '1.0654138796264848e-21', '6.165713243029195e-44', '3.6734198463196485e-40', '17206', '29544', '16724', '8.715097876569077e+29', '0.0', '9.550891600431086e-39', '0', '0', '0', '0', '0', '0', '\x00\x00\x00\x00\x01Z\x00\x00\x00\x00', '\n\x00\x00\x00\x00\x00\x00\x00\x00\x00', '0', '12320', '2021-03-02 10:57:40')
2021-03-02  10:57:40 Tue root INFO 成功添加数据
2021-03-02  10:57:40 Tue root INFO mes_plc_r2
2021-03-02  10:57:40 Tue root INFO 读取插入数据库数据：{'product_type': '\n\x07250 TJ2\x00', 'r1_equipment_status': '0', 'fail_code': '0', 'recerve': '0', 'prod_num': 435, 'r1_rob_no': '104', 'r1_weld_line_no': '0', 'r1_electric': '0.0', 'r1_voltage': '0.0', 'r1_speed': '0.0', 'r1_job': '0', 'r2_rob_no': '0', 'r2_weld_line_no': '0', 'r2_electric': '0.0', 'r2_voltage': '0.0', 'r2_speed': '0.0', 'r2_job': '0', 'replace_status': '0', 'part_status': '0', 'r1_protective_gas': '0', 'r1_welding_wire': '0', 'r2_protective_gas': '0', 'r2_welding_wire': '0', 'login_id': '\n\x00\x00\x00\x00\x00\x00\x00\x00\x00', 'login_password': '\n\x00\x00\x00\x00\x00\x00\x00\x00\x00'}
2021-03-02  10:57:40 Tue root INFO ('\n\x07250 TJ2\x00', '0', '0', 435, '104', '0', '0.0', '0.0', '0.0', '0', '0', '0', '0.0', '0.0', '0.0', '0', '0', '0', '0', '0', '0', '\n\x00\x00\x00\x00\x00\x00\x00\x00\x00', '\n\x00\x00\x00\x00\x00\x00\x00\x00\x00', '0', '0', '2021-03-02 10:57:40')
2021-03-02  10:57:40 Tue root INFO 成功添加数据
2021-03-02  10:57:40 Tue root INFO mes_plc_r3
2021-03-02  10:57:41 Tue root INFO 读取插入数据库数据：{'product_type': '\n\x07250 TJ3\x00', 'r1_equipment_status': '0', 'fail_code': '0', 'recerve': '0', 'prod_num': 435, 'r1_rob_no': '4', 'r1_weld_line_no': '0', 'r1_electric': '184.11459350585938', 'r1_voltage': '13.841869354248047', 'r1_speed': '0.0', 'r1_job': '0', 'r2_rob_no': '0', 'r2_weld_line_no': '0', 'r2_electric': '0.0', 'r2_voltage': '0.0', 'r2_speed': '0.0', 'r2_job': '0', 'replace_status': '0', 'part_status': '0', 'r1_protective_gas': '0', 'r1_welding_wire': '0', 'r2_protective_gas': '0', 'r2_welding_wire': '0', 'login_id': '\n\x00\x00\x00\x00\x00\x00\x00\x00\x00', 'login_password': '\n\x00\x00\x00\x00\x00\x00\x00\x00\x00'}
2021-03-02  10:57:41 Tue root INFO ('\n\x07250 TJ3\x00', '0', '0', 435, '4', '0', '184.11459350585938', '13.841869354248047', '0.0', '0', '0', '0', '0.0', '0.0', '0.0', '0', '0', '0', '0', '0', '0', '\n\x00\x00\x00\x00\x00\x00\x00\x00\x00', '\n\x00\x00\x00\x00\x00\x00\x00\x00\x00', '0', '0', '2021-03-02 10:57:41')
2021-03-02  10:57:41 Tue root INFO 成功添加数据
2021-03-02  10:57:41 Tue root INFO mes_plc_r4
2021-03-02  10:57:41 Tue root INFO 读取插入数据库数据：{'product_type': '\n\x02AA\x00\x00\x00\x00\x00\x00', 'r1_equipment_status': '2562', 'fail_code': '16962', 'recerve': '0', 'prod_num': 0, 'r1_rob_no': '0', 'r1_weld_line_no': '0', 'r1_electric': '9.727692471237622e-22', 'r1_voltage': '2.802596928649634e-45', 'r1_speed': '1.3775324423698682e-38', 'r1_job': '17207', 'r2_rob_no': '-7661', 'r2_weld_line_no': '16722', 'r2_electric': '-6.286650380320215e+22', 'r2_voltage': '0.0', 'r2_speed': '0.0', 'r2_job': '0', 'replace_status': '0', 'part_status': '0', 'r1_protective_gas': '0', 'r1_welding_wire': '0', 'r2_protective_gas': '0', 'r2_welding_wire': '0', 'login_id': '\x00\x00\x00\x00\x00 \x00\x00\x00\x00', 'login_password': '\n\x00\x00\x00\x00\x00\x00\x00\x00\x00'}
2021-03-02  10:57:41 Tue root INFO ('\n\x02AA\x00\x00\x00\x00\x00\x00', '2562', '16962', 0, '0', '0', '9.727692471237622e-22', '2.802596928649634e-45', '1.3775324423698682e-38', '17207', '-7661', '16722', '-6.286650380320215e+22', '0.0', '0.0', '0', '0', '0', '0', '0', '0', '\x00\x00\x00\x00\x00 \x00\x00\x00\x00', '\n\x00\x00\x00\x00\x00\x00\x00\x00\x00', '0', '0', '2021-03-02 10:57:41')
2021-03-02  10:57:41 Tue root INFO 成功添加数据
2021-03-02  10:57:41 Tue root INFO mes_plc_r5
2021-03-02  10:57:41 Tue root INFO 读取插入数据库数据：{'product_type': '\n\x00\x00\x00\x00\x00\x00\x00\x00\x00', 'r1_equipment_status': '2560', 'fail_code': '0', 'recerve': '0', 'prod_num': 0, 'r1_rob_no': '0', 'r1_weld_line_no': '0', 'r1_electric': '1.8870057723865944e-24', 'r1_voltage': '0.0', 'r1_speed': '0.0', 'r1_job': '17204', 'r2_rob_no': '27875', 'r2_weld_line_no': '16726', 'r2_electric': '-1.1381514713908342e+37', 'r2_voltage': '0.0', 'r2_speed': '0.0', 'r2_job': '17203', 'replace_status': '-8154', 'part_status': '16726', 'r1_protective_gas': '19266', 'r1_welding_wire': '0', 'r2_protective_gas': '0', 'r2_welding_wire': '0', 'login_id': '\x00\x00\x00\x00\x00\x00\x00\x00\x00\x00', 'login_password': '\n\x00\x00\x00\x00\x00\x00\x00\x00\x00'}
2021-03-02  10:57:41 Tue root INFO ('\n\x00\x00\x00\x00\x00\x00\x00\x00\x00', '2560', '0', 0, '0', '0', '1.8870057723865944e-24', '0.0', '0.0', '17204', '27875', '16726', '-1.1381514713908342e+37', '0.0', '0.0', '17203', '-8154', '19266', '0', '0', '0', '\x00\x00\x00\x00\x00\x00\x00\x00\x00\x00', '\n\x00\x00\x00\x00\x00\x00\x00\x00\x00', '16726', '0', '2021-03-02 10:57:41')
2021-03-02  10:57:41 Tue root INFO 成功添加数据
2021-03-02  10:57:41 Tue root INFO mes_plc_r6
2021-03-02  10:57:42 Tue root INFO 读取插入数据库数据：{'product_type': '\n\x00\x00\x00\x00\x00\x00\x00\x00\x00', 'r1_equipment_status': '2560', 'fail_code': '0', 'recerve': '0', 'prod_num': 0, 'r1_rob_no': '0', 'r1_weld_line_no': '0', 'r1_electric': '0.0', 'r1_voltage': '9.183815862507343e-40', 'r1_speed': '0.0', 'r1_job': '0', 'r2_rob_no': '0', 'r2_weld_line_no': '0', 'r2_electric': '0.0', 'r2_voltage': '0.0', 'r2_speed': '0.0', 'r2_job': '0', 'replace_status': '0', 'part_status': '0', 'r1_protective_gas': '0', 'r1_welding_wire': '0', 'r2_protective_gas': '0', 'r2_welding_wire': '0', 'login_id': '\x00\x00\x00\x00\x00\x00\x00\x00\x00\x00', 'login_password': '\n\x00\x00\x00\x00\x00\x00\x00\x00\x00'}
2021-03-02  10:57:42 Tue root INFO ('\n\x00\x00\x00\x00\x00\x00\x00\x00\x00', '2560', '0', 0, '0', '0', '0.0', '9.183815862507343e-40', '0.0', '0', '0', '0', '0.0', '0.0', '0.0', '0', '0', '0', '0', '0', '0', '\x00\x00\x00\x00\x00\x00\x00\x00\x00\x00', '\n\x00\x00\x00\x00\x00\x00\x00\x00\x00', '0', '0', '2021-03-02 10:57:42')
2021-03-02  10:57:42 Tue root INFO 成功添加数据
2021-03-02  10:58:42 Tue root INFO plc连接状态:[1, 1, 1, 1, 1, 1]
2021-03-02  10:58:42 Tue root INFO mes_plc
2021-03-02  10:58:42 Tue root INFO 读取插入数据库数据：{'product_type': '\n\x07250 YDG\x00', 'r1_equipment_status': '2567', 'fail_code': '12853', 'recerve': '12320', 'prod_num': 23108, 'r1_rob_no': '18176', 'r1_weld_line_no': '0', 'r1_electric': '1.0654138796264848e-21', 'r1_voltage': '6.165713243029195e-44', 'r1_speed': '3.6734198463196485e-40', 'r1_job': '17206', 'r2_rob_no': '29544', 'r2_weld_line_no': '16724', 'r2_electric': '8.715097876569077e+29', 'r2_voltage': '0.0', 'r2_speed': '9.550891600431086e-39', 'r2_job': '0', 'replace_status': '0', 'part_status': '0', 'r1_protective_gas': '0', 'r1_welding_wire': '0', 'r2_protective_gas': '0', 'r2_welding_wire': '0', 'login_id': '\x00\x00\x00\x00\x01Z\x00\x00\x00\x00', 'login_password': '\n\x00\x00\x00\x00\x00\x00\x00\x00\x00'}
2021-03-02  10:58:42 Tue root INFO ('\n\x07250 YDG\x00', '2567', '12853', 23108, '18176', '0', '1.0654138796264848e-21', '6.165713243029195e-44', '3.6734198463196485e-40', '17206', '29544', '16724', '8.715097876569077e+29', '0.0', '9.550891600431086e-39', '0', '0', '0', '0', '0', '0', '\x00\x00\x00\x00\x01Z\x00\x00\x00\x00', '\n\x00\x00\x00\x00\x00\x00\x00\x00\x00', '0', '12320', '2021-03-02 10:58:42')
2021-03-02  10:58:42 Tue root INFO 成功添加数据
2021-03-02  10:58:42 Tue root INFO mes_plc_r2
2021-03-02  10:58:42 Tue root INFO 读取插入数据库数据：{'product_type': '\n\x07250 TJ2\x00', 'r1_equipment_status': '0', 'fail_code': '0', 'recerve': '0', 'prod_num': 435, 'r1_rob_no': '104', 'r1_weld_line_no': '0', 'r1_electric': '0.0', 'r1_voltage': '0.0', 'r1_speed': '0.0', 'r1_job': '0', 'r2_rob_no': '0', 'r2_weld_line_no': '0', 'r2_electric': '0.0', 'r2_voltage': '0.0', 'r2_speed': '0.0', 'r2_job': '0', 'replace_status': '0', 'part_status': '0', 'r1_protective_gas': '0', 'r1_welding_wire': '0', 'r2_protective_gas': '0', 'r2_welding_wire': '0', 'login_id': '\n\x00\x00\x00\x00\x00\x00\x00\x00\x00', 'login_password': '\n\x00\x00\x00\x00\x00\x00\x00\x00\x00'}
2021-03-02  10:58:42 Tue root INFO ('\n\x07250 TJ2\x00', '0', '0', 435, '104', '0', '0.0', '0.0', '0.0', '0', '0', '0', '0.0', '0.0', '0.0', '0', '0', '0', '0', '0', '0', '\n\x00\x00\x00\x00\x00\x00\x00\x00\x00', '\n\x00\x00\x00\x00\x00\x00\x00\x00\x00', '0', '0', '2021-03-02 10:58:42')
2021-03-02  10:58:42 Tue root INFO 成功添加数据
2021-03-02  10:58:42 Tue root INFO mes_plc_r3
2021-03-02  10:58:43 Tue root INFO 读取插入数据库数据：{'product_type': '\n\x07250 TJ3\x00', 'r1_equipment_status': '0', 'fail_code': '0', 'recerve': '0', 'prod_num': 435, 'r1_rob_no': '4', 'r1_weld_line_no': '0', 'r1_electric': '184.12904357910156', 'r1_voltage': '13.820168495178223', 'r1_speed': '0.0', 'r1_job': '0', 'r2_rob_no': '0', 'r2_weld_line_no': '0', 'r2_electric': '0.0', 'r2_voltage': '0.0', 'r2_speed': '0.0', 'r2_job': '0', 'replace_status': '0', 'part_status': '0', 'r1_protective_gas': '0', 'r1_welding_wire': '0', 'r2_protective_gas': '0', 'r2_welding_wire': '0', 'login_id': '\n\x00\x00\x00\x00\x00\x00\x00\x00\x00', 'login_password': '\n\x00\x00\x00\x00\x00\x00\x00\x00\x00'}
2021-03-02  10:58:43 Tue root INFO ('\n\x07250 TJ3\x00', '0', '0', 435, '4', '0', '184.12904357910156', '13.820168495178223', '0.0', '0', '0', '0', '0.0', '0.0', '0.0', '0', '0', '0', '0', '0', '0', '\n\x00\x00\x00\x00\x00\x00\x00\x00\x00', '\n\x00\x00\x00\x00\x00\x00\x00\x00\x00', '0', '0', '2021-03-02 10:58:43')
2021-03-02  10:58:43 Tue root INFO 成功添加数据
2021-03-02  10:58:43 Tue root INFO mes_plc_r4
2021-03-02  10:58:43 Tue root INFO 读取插入数据库数据：{'product_type': '\n\x02AA\x00\x00\x00\x00\x00\x00', 'r1_equipment_status': '2562', 'fail_code': '16962', 'recerve': '0', 'prod_num': 0, 'r1_rob_no': '0', 'r1_weld_line_no': '0', 'r1_electric': '9.727692471237622e-22', 'r1_voltage': '2.802596928649634e-45', 'r1_speed': '1.3775324423698682e-38', 'r1_job': '17207', 'r2_rob_no': '-7661', 'r2_weld_line_no': '16721', 'r2_electric': '-1.2967404927621828e-13', 'r2_voltage': '0.0', 'r2_speed': '0.0', 'r2_job': '0', 'replace_status': '0', 'part_status': '0', 'r1_protective_gas': '0', 'r1_welding_wire': '0', 'r2_protective_gas': '0', 'r2_welding_wire': '0', 'login_id': '\x00\x00\x00\x00\x00 \x00\x00\x00\x00', 'login_password': '\n\x00\x00\x00\x00\x00\x00\x00\x00\x00'}
2021-03-02  10:58:43 Tue root INFO ('\n\x02AA\x00\x00\x00\x00\x00\x00', '2562', '16962', 0, '0', '0', '9.727692471237622e-22', '2.802596928649634e-45', '1.3775324423698682e-38', '17207', '-7661', '16721', '-1.2967404927621828e-13', '0.0', '0.0', '0', '0', '0', '0', '0', '0', '\x00\x00\x00\x00\x00 \x00\x00\x00\x00', '\n\x00\x00\x00\x00\x00\x00\x00\x00\x00', '0', '0', '2021-03-02 10:58:43')
2021-03-02  10:58:43 Tue root INFO 成功添加数据
2021-03-02  10:58:43 Tue root INFO mes_plc_r5
2021-03-02  10:58:43 Tue root INFO 读取插入数据库数据：{'product_type': '\n\x00\x00\x00\x00\x00\x00\x00\x00\x00', 'r1_equipment_status': '2560', 'fail_code': '0', 'recerve': '0', 'prod_num': 0, 'r1_rob_no': '0', 'r1_weld_line_no': '0', 'r1_electric': '1.8870057723865944e-24', 'r1_voltage': '0.0', 'r1_speed': '0.0', 'r1_job': '17204', 'r2_rob_no': '24083', 'r2_weld_line_no': '16726', 'r2_electric': '-1.678941941083721e+19', 'r2_voltage': '0.0', 'r2_speed': '0.0', 'r2_job': '17203', 'replace_status': '-8154', 'part_status': '16726', 'r1_protective_gas': '11682', 'r1_welding_wire': '0', 'r2_protective_gas': '0', 'r2_welding_wire': '0', 'login_id': '\x00\x00\x00\x00\x00\x00\x00\x00\x00\x00', 'login_password': '\n\x00\x00\x00\x00\x00\x00\x00\x00\x00'}
2021-03-02  10:58:43 Tue root INFO ('\n\x00\x00\x00\x00\x00\x00\x00\x00\x00', '2560', '0', 0, '0', '0', '1.8870057723865944e-24', '0.0', '0.0', '17204', '24083', '16726', '-1.678941941083721e+19', '0.0', '0.0', '17203', '-8154', '11682', '0', '0', '0', '\x00\x00\x00\x00\x00\x00\x00\x00\x00\x00', '\n\x00\x00\x00\x00\x00\x00\x00\x00\x00', '16726', '0', '2021-03-02 10:58:43')
2021-03-02  10:58:43 Tue root INFO 成功添加数据
2021-03-02  10:58:43 Tue root INFO mes_plc_r6
2021-03-02  10:58:44 Tue root INFO 读取插入数据库数据：{'product_type': '\n\x00\x00\x00\x00\x00\x00\x00\x00\x00', 'r1_equipment_status': '2560', 'fail_code': '0', 'recerve': '0', 'prod_num': 0, 'r1_rob_no': '0', 'r1_weld_line_no': '0', 'r1_electric': '0.0', 'r1_voltage': '9.183815862507343e-40', 'r1_speed': '0.0', 'r1_job': '0', 'r2_rob_no': '0', 'r2_weld_line_no': '0', 'r2_electric': '0.0', 'r2_voltage': '0.0', 'r2_speed': '0.0', 'r2_job': '0', 'replace_status': '0', 'part_status': '0', 'r1_protective_gas': '0', 'r1_welding_wire': '0', 'r2_protective_gas': '0', 'r2_welding_wire': '0', 'login_id': '\x00\x00\x00\x00\x00\x00\x00\x00\x00\x00', 'login_password': '\n\x00\x00\x00\x00\x00\x00\x00\x00\x00'}
2021-03-02  10:58:44 Tue root INFO ('\n\x00\x00\x00\x00\x00\x00\x00\x00\x00', '2560', '0', 0, '0', '0', '0.0', '9.183815862507343e-40', '0.0', '0', '0', '0', '0.0', '0.0', '0.0', '0', '0', '0', '0', '0', '0', '\x00\x00\x00\x00\x00\x00\x00\x00\x00\x00', '\n\x00\x00\x00\x00\x00\x00\x00\x00\x00', '0', '0', '2021-03-02 10:58:44')
2021-03-02  10:58:44 Tue root INFO 成功添加数据
2021-03-02  10:59:44 Tue root INFO plc连接状态:[1, 1, 1, 1, 1, 1]
2021-03-02  10:59:44 Tue root INFO mes_plc
2021-03-02  10:59:44 Tue root INFO 读取插入数据库数据：{'product_type': '\n\x07250 YDG\x00', 'r1_equipment_status': '2567', 'fail_code': '12853', 'recerve': '12320', 'prod_num': 23108, 'r1_rob_no': '18176', 'r1_weld_line_no': '0', 'r1_electric': '1.0654138796264848e-21', 'r1_voltage': '6.165713243029195e-44', 'r1_speed': '3.6734198463196485e-40', 'r1_job': '17206', 'r2_rob_no': '29544', 'r2_weld_line_no': '16724', 'r2_electric': '-0.0', 'r2_voltage': '0.0', 'r2_speed': '9.550891600431086e-39', 'r2_job': '0', 'replace_status': '0', 'part_status': '0', 'r1_protective_gas': '0', 'r1_welding_wire': '0', 'r2_protective_gas': '0', 'r2_welding_wire': '0', 'login_id': '\x00\x00\x00\x00\x01Z\x00\x00\x00\x00', 'login_password': '\n\x00\x00\x00\x00\x00\x00\x00\x00\x00'}
2021-03-02  10:59:44 Tue root INFO ('\n\x07250 YDG\x00', '2567', '12853', 23108, '18176', '0', '1.0654138796264848e-21', '6.165713243029195e-44', '3.6734198463196485e-40', '17206', '29544', '16724', '-0.0', '0.0', '9.550891600431086e-39', '0', '0', '0', '0', '0', '0', '\x00\x00\x00\x00\x01Z\x00\x00\x00\x00', '\n\x00\x00\x00\x00\x00\x00\x00\x00\x00', '0', '12320', '2021-03-02 10:59:44')
2021-03-02  10:59:44 Tue root INFO 成功添加数据
2021-03-02  10:59:44 Tue root INFO mes_plc_r2
2021-03-02  10:59:44 Tue root INFO 读取插入数据库数据：{'product_type': '\n\x07250 TJ1\x00', 'r1_equipment_status': '0', 'fail_code': '0', 'recerve': '0', 'prod_num': 436, 'r1_rob_no': '4', 'r1_weld_line_no': '0', 'r1_electric': '0.0', 'r1_voltage': '0.0', 'r1_speed': '0.0', 'r1_job': '0', 'r2_rob_no': '0', 'r2_weld_line_no': '0', 'r2_electric': '0.0', 'r2_voltage': '0.0', 'r2_speed': '0.0', 'r2_job': '0', 'replace_status': '0', 'part_status': '0', 'r1_protective_gas': '0', 'r1_welding_wire': '0', 'r2_protective_gas': '0', 'r2_welding_wire': '0', 'login_id': '\n\x00\x00\x00\x00\x00\x00\x00\x00\x00', 'login_password': '\n\x00\x00\x00\x00\x00\x00\x00\x00\x00'}
2021-03-02  10:59:44 Tue root INFO ('\n\x07250 TJ1\x00', '0', '0', 436, '4', '0', '0.0', '0.0', '0.0', '0', '0', '0', '0.0', '0.0', '0.0', '0', '0', '0', '0', '0', '0', '\n\x00\x00\x00\x00\x00\x00\x00\x00\x00', '\n\x00\x00\x00\x00\x00\x00\x00\x00\x00', '0', '0', '2021-03-02 10:59:44')
2021-03-02  10:59:44 Tue root INFO 成功添加数据
2021-03-02  10:59:44 Tue root INFO mes_plc_r3
2021-03-02  10:59:45 Tue root INFO 读取插入数据库数据：{'product_type': '\n\x07250 TJ3\x00', 'r1_equipment_status': '0', 'fail_code': '0', 'recerve': '0', 'prod_num': 435, 'r1_rob_no': '4', 'r1_weld_line_no': '0', 'r1_electric': '184.11459350585938', 'r1_voltage': '13.827401161193848', 'r1_speed': '0.0', 'r1_job': '0', 'r2_rob_no': '0', 'r2_weld_line_no': '0', 'r2_electric': '0.0', 'r2_voltage': '0.0', 'r2_speed': '0.0', 'r2_job': '0', 'replace_status': '0', 'part_status': '0', 'r1_protective_gas': '0', 'r1_welding_wire': '0', 'r2_protective_gas': '0', 'r2_welding_wire': '0', 'login_id': '\n\x00\x00\x00\x00\x00\x00\x00\x00\x00', 'login_password': '\n\x00\x00\x00\x00\x00\x00\x00\x00\x00'}
2021-03-02  10:59:45 Tue root INFO ('\n\x07250 TJ3\x00', '0', '0', 435, '4', '0', '184.11459350585938', '13.827401161193848', '0.0', '0', '0', '0', '0.0', '0.0', '0.0', '0', '0', '0', '0', '0', '0', '\n\x00\x00\x00\x00\x00\x00\x00\x00\x00', '\n\x00\x00\x00\x00\x00\x00\x00\x00\x00', '0', '0', '2021-03-02 10:59:45')
2021-03-02  10:59:45 Tue root INFO 成功添加数据
2021-03-02  10:59:45 Tue root INFO mes_plc_r4
2021-03-02  10:59:45 Tue root INFO 读取插入数据库数据：{'product_type': '\n\x02AA\x00\x00\x00\x00\x00\x00', 'r1_equipment_status': '2562', 'fail_code': '16962', 'recerve': '0', 'prod_num': 0, 'r1_rob_no': '0', 'r1_weld_line_no': '0', 'r1_electric': '9.727692471237622e-22', 'r1_voltage': '2.802596928649634e-45', 'r1_speed': '1.3775324423698682e-38', 'r1_job': '17207', 'r2_rob_no': '-6713', 'r2_weld_line_no': '16721', 'r2_electric': '-73117523247104.0', 'r2_voltage': '0.0', 'r2_speed': '0.0', 'r2_job': '0', 'replace_status': '0', 'part_status': '0', 'r1_protective_gas': '0', 'r1_welding_wire': '0', 'r2_protective_gas': '0', 'r2_welding_wire': '0', 'login_id': '\x00\x00\x00\x00\x00 \x00\x00\x00\x00', 'login_password': '\n\x00\x00\x00\x00\x00\x00\x00\x00\x00'}
2021-03-02  10:59:45 Tue root INFO ('\n\x02AA\x00\x00\x00\x00\x00\x00', '2562', '16962', 0, '0', '0', '9.727692471237622e-22', '2.802596928649634e-45', '1.3775324423698682e-38', '17207', '-6713', '16721', '-73117523247104.0', '0.0', '0.0', '0', '0', '0', '0', '0', '0', '\x00\x00\x00\x00\x00 \x00\x00\x00\x00', '\n\x00\x00\x00\x00\x00\x00\x00\x00\x00', '0', '0', '2021-03-02 10:59:45')
2021-03-02  10:59:45 Tue root INFO 成功添加数据
2021-03-02  10:59:45 Tue root INFO mes_plc_r5
2021-03-02  10:59:45 Tue root INFO 读取插入数据库数据：{'product_type': '\n\x00\x00\x00\x00\x00\x00\x00\x00\x00', 'r1_equipment_status': '2560', 'fail_code': '0', 'recerve': '0', 'prod_num': 0, 'r1_rob_no': '0', 'r1_weld_line_no': '0', 'r1_electric': '1.8870057723865944e-24', 'r1_voltage': '0.0', 'r1_speed': '0.0', 'r1_job': '17204', 'r2_rob_no': '27875', 'r2_weld_line_no': '16726', 'r2_electric': '8.613596464754233e+24', 'r2_voltage': '0.0', 'r2_speed': '0.0', 'r2_job': '17203', 'replace_status': '-5310', 'part_status': '16726', 'r1_protective_gas': '15474', 'r1_welding_wire': '0', 'r2_protective_gas': '0', 'r2_welding_wire': '0', 'login_id': '\x00\x00\x00\x00\x00\x00\x00\x00\x00\x00', 'login_password': '\n\x00\x00\x00\x00\x00\x00\x00\x00\x00'}
2021-03-02  10:59:45 Tue root INFO ('\n\x00\x00\x00\x00\x00\x00\x00\x00\x00', '2560', '0', 0, '0', '0', '1.8870057723865944e-24', '0.0', '0.0', '17204', '27875', '16726', '8.613596464754233e+24', '0.0', '0.0', '17203', '-5310', '15474', '0', '0', '0', '\x00\x00\x00\x00\x00\x00\x00\x00\x00\x00', '\n\x00\x00\x00\x00\x00\x00\x00\x00\x00', '16726', '0', '2021-03-02 10:59:45')
2021-03-02  10:59:45 Tue root INFO 成功添加数据
2021-03-02  10:59:45 Tue root INFO mes_plc_r6
2021-03-02  10:59:46 Tue root INFO 读取插入数据库数据：{'product_type': '\n\x00\x00\x00\x00\x00\x00\x00\x00\x00', 'r1_equipment_status': '2560', 'fail_code': '0', 'recerve': '0', 'prod_num': 0, 'r1_rob_no': '0', 'r1_weld_line_no': '0', 'r1_electric': '0.0', 'r1_voltage': '9.183815862507343e-40', 'r1_speed': '0.0', 'r1_job': '0', 'r2_rob_no': '0', 'r2_weld_line_no': '0', 'r2_electric': '0.0', 'r2_voltage': '0.0', 'r2_speed': '0.0', 'r2_job': '0', 'replace_status': '0', 'part_status': '0', 'r1_protective_gas': '0', 'r1_welding_wire': '0', 'r2_protective_gas': '0', 'r2_welding_wire': '0', 'login_id': '\x00\x00\x00\x00\x00\x00\x00\x00\x00\x00', 'login_password': '\n\x00\x00\x00\x00\x00\x00\x00\x00\x00'}
2021-03-02  10:59:46 Tue root INFO ('\n\x00\x00\x00\x00\x00\x00\x00\x00\x00', '2560', '0', 0, '0', '0', '0.0', '9.183815862507343e-40', '0.0', '0', '0', '0', '0.0', '0.0', '0.0', '0', '0', '0', '0', '0', '0', '\x00\x00\x00\x00\x00\x00\x00\x00\x00\x00', '\n\x00\x00\x00\x00\x00\x00\x00\x00\x00', '0', '0', '2021-03-02 10:59:46')
2021-03-02  10:59:46 Tue root INFO 成功添加数据
2021-03-02  11:00:46 Tue root INFO plc连接状态:[1, 1, 1, 1, 1, 1]
2021-03-02  11:00:46 Tue root INFO mes_plc
2021-03-02  11:00:46 Tue root INFO 读取插入数据库数据：{'product_type': '\n\x07250 YDG\x00', 'r1_equipment_status': '2567', 'fail_code': '12853', 'recerve': '12320', 'prod_num': 23108, 'r1_rob_no': '18176', 'r1_weld_line_no': '0', 'r1_electric': '1.0654138796264848e-21', 'r1_voltage': '6.165713243029195e-44', 'r1_speed': '3.6734198463196485e-40', 'r1_job': '17206', 'r2_rob_no': '28596', 'r2_weld_line_no': '16724', 'r2_electric': '-5.127595883936577e-30', 'r2_voltage': '0.0', 'r2_speed': '9.550891600431086e-39', 'r2_job': '0', 'replace_status': '0', 'part_status': '0', 'r1_protective_gas': '0', 'r1_welding_wire': '0', 'r2_protective_gas': '0', 'r2_welding_wire': '0', 'login_id': '\x00\x00\x00\x00\x01Z\x00\x00\x00\x00', 'login_password': '\n\x00\x00\x00\x00\x00\x00\x00\x00\x00'}
2021-03-02  11:00:46 Tue root INFO ('\n\x07250 YDG\x00', '2567', '12853', 23108, '18176', '0', '1.0654138796264848e-21', '6.165713243029195e-44', '3.6734198463196485e-40', '17206', '28596', '16724', '-5.127595883936577e-30', '0.0', '9.550891600431086e-39', '0', '0', '0', '0', '0', '0', '\x00\x00\x00\x00\x01Z\x00\x00\x00\x00', '\n\x00\x00\x00\x00\x00\x00\x00\x00\x00', '0', '12320', '2021-03-02 11:00:46')
2021-03-02  11:00:46 Tue root INFO 成功添加数据
2021-03-02  11:00:46 Tue root INFO mes_plc_r2
2021-03-02  11:00:46 Tue root INFO 读取插入数据库数据：{'product_type': '\n\x07250 TJ2\x00', 'r1_equipment_status': '0', 'fail_code': '0', 'recerve': '0', 'prod_num': 437, 'r1_rob_no': '104', 'r1_weld_line_no': '0', 'r1_electric': '0.0', 'r1_voltage': '0.0', 'r1_speed': '0.0', 'r1_job': '0', 'r2_rob_no': '0', 'r2_weld_line_no': '0', 'r2_electric': '0.0', 'r2_voltage': '0.0', 'r2_speed': '0.0', 'r2_job': '0', 'replace_status': '0', 'part_status': '0', 'r1_protective_gas': '0', 'r1_welding_wire': '0', 'r2_protective_gas': '0', 'r2_welding_wire': '0', 'login_id': '\n\x00\x00\x00\x00\x00\x00\x00\x00\x00', 'login_password': '\n\x00\x00\x00\x00\x00\x00\x00\x00\x00'}
2021-03-02  11:00:46 Tue root INFO ('\n\x07250 TJ2\x00', '0', '0', 437, '104', '0', '0.0', '0.0', '0.0', '0', '0', '0', '0.0', '0.0', '0.0', '0', '0', '0', '0', '0', '0', '\n\x00\x00\x00\x00\x00\x00\x00\x00\x00', '\n\x00\x00\x00\x00\x00\x00\x00\x00\x00', '0', '0', '2021-03-02 11:00:46')
2021-03-02  11:00:46 Tue root INFO 成功添加数据
2021-03-02  11:00:46 Tue root INFO mes_plc_r3
2021-03-02  11:00:47 Tue root INFO 读取插入数据库数据：{'product_type': '\n\x07250 TJ3\x00', 'r1_equipment_status': '0', 'fail_code': '0', 'recerve': '0', 'prod_num': 435, 'r1_rob_no': '4', 'r1_weld_line_no': '0', 'r1_electric': '184.10011291503906', 'r1_voltage': '-3.750723123550415', 'r1_speed': '0.0', 'r1_job': '0', 'r2_rob_no': '0', 'r2_weld_line_no': '0', 'r2_electric': '0.0', 'r2_voltage': '0.0', 'r2_speed': '0.0', 'r2_job': '0', 'replace_status': '0', 'part_status': '0', 'r1_protective_gas': '0', 'r1_welding_wire': '0', 'r2_protective_gas': '0', 'r2_welding_wire': '0', 'login_id': '\n\x00\x00\x00\x00\x00\x00\x00\x00\x00', 'login_password': '\n\x00\x00\x00\x00\x00\x00\x00\x00\x00'}
2021-03-02  11:00:47 Tue root INFO ('\n\x07250 TJ3\x00', '0', '0', 435, '4', '0', '184.10011291503906', '-3.750723123550415', '0.0', '0', '0', '0', '0.0', '0.0', '0.0', '0', '0', '0', '0', '0', '0', '\n\x00\x00\x00\x00\x00\x00\x00\x00\x00', '\n\x00\x00\x00\x00\x00\x00\x00\x00\x00', '0', '0', '2021-03-02 11:00:47')
2021-03-02  11:00:47 Tue root INFO 成功添加数据
2021-03-02  11:00:47 Tue root INFO mes_plc_r4
2021-03-02  11:00:47 Tue root INFO 读取插入数据库数据：{'product_type': '\n\x02AA\x00\x00\x00\x00\x00\x00', 'r1_equipment_status': '2562', 'fail_code': '16962', 'recerve': '0', 'prod_num': 0, 'r1_rob_no': '0', 'r1_weld_line_no': '0', 'r1_electric': '9.727692471237622e-22', 'r1_voltage': '2.802596928649634e-45', 'r1_speed': '1.3775324423698682e-38', 'r1_job': '17207', 'r2_rob_no': '-7661', 'r2_weld_line_no': '16721', 'r2_electric': '-6.286650380320215e+22', 'r2_voltage': '0.0', 'r2_speed': '0.0', 'r2_job': '0', 'replace_status': '0', 'part_status': '0', 'r1_protective_gas': '0', 'r1_welding_wire': '0', 'r2_protective_gas': '0', 'r2_welding_wire': '0', 'login_id': '\x00\x00\x00\x00\x00 \x00\x00\x00\x00', 'login_password': '\n\x00\x00\x00\x00\x00\x00\x00\x00\x00'}
2021-03-02  11:00:47 Tue root INFO ('\n\x02AA\x00\x00\x00\x00\x00\x00', '2562', '16962', 0, '0', '0', '9.727692471237622e-22', '2.802596928649634e-45', '1.3775324423698682e-38', '17207', '-7661', '16721', '-6.286650380320215e+22', '0.0', '0.0', '0', '0', '0', '0', '0', '0', '\x00\x00\x00\x00\x00 \x00\x00\x00\x00', '\n\x00\x00\x00\x00\x00\x00\x00\x00\x00', '0', '0', '2021-03-02 11:00:47')
2021-03-02  11:00:47 Tue root INFO 成功添加数据
2021-03-02  11:00:47 Tue root INFO mes_plc_r5
2021-03-02  11:00:47 Tue root INFO 读取插入数据库数据：{'product_type': '\n\x00\x00\x00\x00\x00\x00\x00\x00\x00', 'r1_equipment_status': '2560', 'fail_code': '0', 'recerve': '0', 'prod_num': 0, 'r1_rob_no': '0', 'r1_weld_line_no': '0', 'r1_electric': '1.8870057723865944e-24', 'r1_voltage': '0.0', 'r1_speed': '0.0', 'r1_job': '17204', 'r2_rob_no': '27875', 'r2_weld_line_no': '16726', 'r2_electric': '-4.301500743989133e-26', 'r2_voltage': '0.0', 'r2_speed': '0.0', 'r2_job': '17203', 'replace_status': '-5310', 'part_status': '16726', 'r1_protective_gas': '11682', 'r1_welding_wire': '0', 'r2_protective_gas': '0', 'r2_welding_wire': '0', 'login_id': '\x00\x00\x00\x00\x00\x00\x00\x00\x00\x00', 'login_password': '\n\x00\x00\x00\x00\x00\x00\x00\x00\x00'}
2021-03-02  11:00:47 Tue root INFO ('\n\x00\x00\x00\x00\x00\x00\x00\x00\x00', '2560', '0', 0, '0', '0', '1.8870057723865944e-24', '0.0', '0.0', '17204', '27875', '16726', '-4.301500743989133e-26', '0.0', '0.0', '17203', '-5310', '11682', '0', '0', '0', '\x00\x00\x00\x00\x00\x00\x00\x00\x00\x00', '\n\x00\x00\x00\x00\x00\x00\x00\x00\x00', '16726', '0', '2021-03-02 11:00:47')
2021-03-02  11:00:47 Tue root INFO 成功添加数据
2021-03-02  11:00:47 Tue root INFO mes_plc_r6
2021-03-02  11:00:48 Tue root INFO 读取插入数据库数据：{'product_type': '\n\x00\x00\x00\x00\x00\x00\x00\x00\x00', 'r1_equipment_status': '2560', 'fail_code': '0', 'recerve': '0', 'prod_num': 0, 'r1_rob_no': '0', 'r1_weld_line_no': '0', 'r1_electric': '0.0', 'r1_voltage': '9.183815862507343e-40', 'r1_speed': '0.0', 'r1_job': '0', 'r2_rob_no': '0', 'r2_weld_line_no': '0', 'r2_electric': '0.0', 'r2_voltage': '0.0', 'r2_speed': '0.0', 'r2_job': '0', 'replace_status': '0', 'part_status': '0', 'r1_protective_gas': '0', 'r1_welding_wire': '0', 'r2_protective_gas': '0', 'r2_welding_wire': '0', 'login_id': '\x00\x00\x00\x00\x00\x00\x00\x00\x00\x00', 'login_password': '\n\x00\x00\x00\x00\x00\x00\x00\x00\x00'}
2021-03-02  11:00:48 Tue root INFO ('\n\x00\x00\x00\x00\x00\x00\x00\x00\x00', '2560', '0', 0, '0', '0', '0.0', '9.183815862507343e-40', '0.0', '0', '0', '0', '0.0', '0.0', '0.0', '0', '0', '0', '0', '0', '0', '\x00\x00\x00\x00\x00\x00\x00\x00\x00\x00', '\n\x00\x00\x00\x00\x00\x00\x00\x00\x00', '0', '0', '2021-03-02 11:00:48')
2021-03-02  11:00:48 Tue root INFO 成功添加数据
2021-03-02  11:01:48 Tue root INFO plc连接状态:[1, 1, 1, 1, 1, 1]
2021-03-02  11:01:48 Tue root INFO mes_plc
2021-03-02  11:01:48 Tue root INFO 读取插入数据库数据：{'product_type': '\n\x07250 YDG\x00', 'r1_equipment_status': '2567', 'fail_code': '12853', 'recerve': '12320', 'prod_num': 23108, 'r1_rob_no': '18176', 'r1_weld_line_no': '0', 'r1_electric': '1.0654138796264848e-21', 'r1_voltage': '6.165713243029195e-44', 'r1_speed': '3.6734198463196485e-40', 'r1_job': '17206', 'r2_rob_no': '26700', 'r2_weld_line_no': '16724', 'r2_electric': '-5.127595883936577e-30', 'r2_voltage': '0.0', 'r2_speed': '9.550891600431086e-39', 'r2_job': '0', 'replace_status': '0', 'part_status': '0', 'r1_protective_gas': '0', 'r1_welding_wire': '0', 'r2_protective_gas': '0', 'r2_welding_wire': '0', 'login_id': '\x00\x00\x00\x00\x01Z\x00\x00\x00\x00', 'login_password': '\n\x00\x00\x00\x00\x00\x00\x00\x00\x00'}
2021-03-02  11:01:48 Tue root INFO ('\n\x07250 YDG\x00', '2567', '12853', 23108, '18176', '0', '1.0654138796264848e-21', '6.165713243029195e-44', '3.6734198463196485e-40', '17206', '26700', '16724', '-5.127595883936577e-30', '0.0', '9.550891600431086e-39', '0', '0', '0', '0', '0', '0', '\x00\x00\x00\x00\x01Z\x00\x00\x00\x00', '\n\x00\x00\x00\x00\x00\x00\x00\x00\x00', '0', '12320', '2021-03-02 11:01:48')
2021-03-02  11:01:48 Tue root INFO 成功添加数据
2021-03-02  11:01:48 Tue root INFO mes_plc_r2
2021-03-02  11:01:48 Tue root INFO 读取插入数据库数据：{'product_type': '\n\x07250 TJ2\x00', 'r1_equipment_status': '0', 'fail_code': '0', 'recerve': '0', 'prod_num': 437, 'r1_rob_no': '104', 'r1_weld_line_no': '0', 'r1_electric': '0.0', 'r1_voltage': '0.0', 'r1_speed': '0.0', 'r1_job': '0', 'r2_rob_no': '0', 'r2_weld_line_no': '0', 'r2_electric': '0.0', 'r2_voltage': '0.0', 'r2_speed': '0.0', 'r2_job': '0', 'replace_status': '0', 'part_status': '0', 'r1_protective_gas': '0', 'r1_welding_wire': '0', 'r2_protective_gas': '0', 'r2_welding_wire': '0', 'login_id': '\n\x00\x00\x00\x00\x00\x00\x00\x00\x00', 'login_password': '\n\x00\x00\x00\x00\x00\x00\x00\x00\x00'}
2021-03-02  11:01:48 Tue root INFO ('\n\x07250 TJ2\x00', '0', '0', 437, '104', '0', '0.0', '0.0', '0.0', '0', '0', '0', '0.0', '0.0', '0.0', '0', '0', '0', '0', '0', '0', '\n\x00\x00\x00\x00\x00\x00\x00\x00\x00', '\n\x00\x00\x00\x00\x00\x00\x00\x00\x00', '0', '0', '2021-03-02 11:01:48')
2021-03-02  11:01:48 Tue root INFO 成功添加数据
2021-03-02  11:01:48 Tue root INFO mes_plc_r3
2021-03-02  11:01:49 Tue root INFO 读取插入数据库数据：{'product_type': '\n\x07250 TJ3\x00', 'r1_equipment_status': '0', 'fail_code': '0', 'recerve': '0', 'prod_num': 435, 'r1_rob_no': '4', 'r1_weld_line_no': '0', 'r1_electric': '184.11459350585938', 'r1_voltage': '13.841869354248047', 'r1_speed': '0.0', 'r1_job': '0', 'r2_rob_no': '0', 'r2_weld_line_no': '0', 'r2_electric': '0.0', 'r2_voltage': '0.0', 'r2_speed': '0.0', 'r2_job': '0', 'replace_status': '0', 'part_status': '0', 'r1_protective_gas': '0', 'r1_welding_wire': '0', 'r2_protective_gas': '0', 'r2_welding_wire': '0', 'login_id': '\n\x00\x00\x00\x00\x00\x00\x00\x00\x00', 'login_password': '\n\x00\x00\x00\x00\x00\x00\x00\x00\x00'}
2021-03-02  11:01:49 Tue root INFO ('\n\x07250 TJ3\x00', '0', '0', 435, '4', '0', '184.11459350585938', '13.841869354248047', '0.0', '0', '0', '0', '0.0', '0.0', '0.0', '0', '0', '0', '0', '0', '0', '\n\x00\x00\x00\x00\x00\x00\x00\x00\x00', '\n\x00\x00\x00\x00\x00\x00\x00\x00\x00', '0', '0', '2021-03-02 11:01:49')
2021-03-02  11:01:49 Tue root INFO 成功添加数据
2021-03-02  11:01:49 Tue root INFO mes_plc_r4
2021-03-02  11:01:49 Tue root INFO 读取插入数据库数据：{'product_type': '\n\x02AA\x00\x00\x00\x00\x00\x00', 'r1_equipment_status': '2562', 'fail_code': '16962', 'recerve': '0', 'prod_num': 0, 'r1_rob_no': '0', 'r1_weld_line_no': '0', 'r1_electric': '9.727692471237622e-22', 'r1_voltage': '2.802596928649634e-45', 'r1_speed': '1.3775324423698682e-38', 'r1_job': '17207', 'r2_rob_no': '-7661', 'r2_weld_line_no': '16721', 'r2_electric': '-73117523247104.0', 'r2_voltage': '0.0', 'r2_speed': '0.0', 'r2_job': '0', 'replace_status': '0', 'part_status': '0', 'r1_protective_gas': '0', 'r1_welding_wire': '0', 'r2_protective_gas': '0', 'r2_welding_wire': '0', 'login_id': '\x00\x00\x00\x00\x00 \x00\x00\x00\x00', 'login_password': '\n\x00\x00\x00\x00\x00\x00\x00\x00\x00'}
2021-03-02  11:01:49 Tue root INFO ('\n\x02AA\x00\x00\x00\x00\x00\x00', '2562', '16962', 0, '0', '0', '9.727692471237622e-22', '2.802596928649634e-45', '1.3775324423698682e-38', '17207', '-7661', '16721', '-73117523247104.0', '0.0', '0.0', '0', '0', '0', '0', '0', '0', '\x00\x00\x00\x00\x00 \x00\x00\x00\x00', '\n\x00\x00\x00\x00\x00\x00\x00\x00\x00', '0', '0', '2021-03-02 11:01:49')
2021-03-02  11:01:49 Tue root INFO 成功添加数据
2021-03-02  11:01:49 Tue root INFO mes_plc_r5
2021-03-02  11:01:49 Tue root INFO 读取插入数据库数据：{'product_type': '\n\x00\x00\x00\x00\x00\x00\x00\x00\x00', 'r1_equipment_status': '2560', 'fail_code': '0', 'recerve': '0', 'prod_num': 0, 'r1_rob_no': '0', 'r1_weld_line_no': '0', 'r1_electric': '1.8870057723865944e-24', 'r1_voltage': '0.0', 'r1_speed': '0.0', 'r1_job': '17204', 'r2_rob_no': '27875', 'r2_weld_line_no': '16726', 'r2_electric': '-24.875', 'r2_voltage': '0.0', 'r2_speed': '0.0', 'r2_job': '17203', 'replace_status': '-8154', 'part_status': '16726', 'r1_protective_gas': '11682', 'r1_welding_wire': '0', 'r2_protective_gas': '0', 'r2_welding_wire': '0', 'login_id': '\x00\x00\x00\x00\x00\x00\x00\x00\x00\x00', 'login_password': '\n\x00\x00\x00\x00\x00\x00\x00\x00\x00'}
2021-03-02  11:01:49 Tue root INFO ('\n\x00\x00\x00\x00\x00\x00\x00\x00\x00', '2560', '0', 0, '0', '0', '1.8870057723865944e-24', '0.0', '0.0', '17204', '27875', '16726', '-24.875', '0.0', '0.0', '17203', '-8154', '11682', '0', '0', '0', '\x00\x00\x00\x00\x00\x00\x00\x00\x00\x00', '\n\x00\x00\x00\x00\x00\x00\x00\x00\x00', '16726', '0', '2021-03-02 11:01:49')
2021-03-02  11:01:49 Tue root INFO 成功添加数据
2021-03-02  11:01:49 Tue root INFO mes_plc_r6
2021-03-02  11:01:50 Tue root INFO 读取插入数据库数据：{'product_type': '\n\x00\x00\x00\x00\x00\x00\x00\x00\x00', 'r1_equipment_status': '2560', 'fail_code': '0', 'recerve': '0', 'prod_num': 0, 'r1_rob_no': '0', 'r1_weld_line_no': '0', 'r1_electric': '0.0', 'r1_voltage': '9.183815862507343e-40', 'r1_speed': '0.0', 'r1_job': '0', 'r2_rob_no': '0', 'r2_weld_line_no': '0', 'r2_electric': '0.0', 'r2_voltage': '0.0', 'r2_speed': '0.0', 'r2_job': '0', 'replace_status': '0', 'part_status': '0', 'r1_protective_gas': '0', 'r1_welding_wire': '0', 'r2_protective_gas': '0', 'r2_welding_wire': '0', 'login_id': '\x00\x00\x00\x00\x00\x00\x00\x00\x00\x00', 'login_password': '\n\x00\x00\x00\x00\x00\x00\x00\x00\x00'}
2021-03-02  11:01:50 Tue root INFO ('\n\x00\x00\x00\x00\x00\x00\x00\x00\x00', '2560', '0', 0, '0', '0', '0.0', '9.183815862507343e-40', '0.0', '0', '0', '0', '0.0', '0.0', '0.0', '0', '0', '0', '0', '0', '0', '\x00\x00\x00\x00\x00\x00\x00\x00\x00\x00', '\n\x00\x00\x00\x00\x00\x00\x00\x00\x00', '0', '0', '2021-03-02 11:01:50')
2021-03-02  11:01:50 Tue root INFO 成功添加数据
2021-03-02  11:02:50 Tue root INFO plc连接状态:[1, 1, 1, 1, 1, 1]
2021-03-02  11:02:50 Tue root INFO mes_plc
2021-03-02  11:02:50 Tue root INFO 读取插入数据库数据：{'product_type': '\n\x07250 YDG\x00', 'r1_equipment_status': '2567', 'fail_code': '12853', 'recerve': '12320', 'prod_num': 23108, 'r1_rob_no': '18176', 'r1_weld_line_no': '0', 'r1_electric': '1.0654138796264848e-21', 'r1_voltage': '6.165713243029195e-44', 'r1_speed': '3.6734198463196485e-40', 'r1_job': '17206', 'r2_rob_no': '28596', 'r2_weld_line_no': '16724', 'r2_electric': '8.715097876569077e+29', 'r2_voltage': '0.0', 'r2_speed': '9.550891600431086e-39', 'r2_job': '0', 'replace_status': '0', 'part_status': '0', 'r1_protective_gas': '0', 'r1_welding_wire': '0', 'r2_protective_gas': '0', 'r2_welding_wire': '0', 'login_id': '\x00\x00\x00\x00\x01Z\x00\x00\x00\x00', 'login_password': '\n\x00\x00\x00\x00\x00\x00\x00\x00\x00'}
2021-03-02  11:02:50 Tue root INFO ('\n\x07250 YDG\x00', '2567', '12853', 23108, '18176', '0', '1.0654138796264848e-21', '6.165713243029195e-44', '3.6734198463196485e-40', '17206', '28596', '16724', '8.715097876569077e+29', '0.0', '9.550891600431086e-39', '0', '0', '0', '0', '0', '0', '\x00\x00\x00\x00\x01Z\x00\x00\x00\x00', '\n\x00\x00\x00\x00\x00\x00\x00\x00\x00', '0', '12320', '2021-03-02 11:02:50')
2021-03-02  11:02:50 Tue root INFO 成功添加数据
2021-03-02  11:02:50 Tue root INFO mes_plc_r2
2021-03-02  11:02:50 Tue root INFO 读取插入数据库数据：{'product_type': '\n\x07250 TJ2\x00', 'r1_equipment_status': '0', 'fail_code': '0', 'recerve': '0', 'prod_num': 438, 'r1_rob_no': '104', 'r1_weld_line_no': '0', 'r1_electric': '0.0', 'r1_voltage': '0.0', 'r1_speed': '0.0', 'r1_job': '0', 'r2_rob_no': '0', 'r2_weld_line_no': '0', 'r2_electric': '0.0', 'r2_voltage': '0.0', 'r2_speed': '0.0', 'r2_job': '0', 'replace_status': '0', 'part_status': '0', 'r1_protective_gas': '0', 'r1_welding_wire': '0', 'r2_protective_gas': '0', 'r2_welding_wire': '0', 'login_id': '\n\x00\x00\x00\x00\x00\x00\x00\x00\x00', 'login_password': '\n\x00\x00\x00\x00\x00\x00\x00\x00\x00'}
2021-03-02  11:02:50 Tue root INFO ('\n\x07250 TJ2\x00', '0', '0', 438, '104', '0', '0.0', '0.0', '0.0', '0', '0', '0', '0.0', '0.0', '0.0', '0', '0', '0', '0', '0', '0', '\n\x00\x00\x00\x00\x00\x00\x00\x00\x00', '\n\x00\x00\x00\x00\x00\x00\x00\x00\x00', '0', '0', '2021-03-02 11:02:50')
2021-03-02  11:02:50 Tue root INFO 成功添加数据
2021-03-02  11:02:50 Tue root INFO mes_plc_r3
2021-03-02  11:02:50 Tue root INFO 读取插入数据库数据：{'product_type': '\n\x07250 TJ3\x00', 'r1_equipment_status': '0', 'fail_code': '0', 'recerve': '0', 'prod_num': 435, 'r1_rob_no': '4', 'r1_weld_line_no': '0', 'r1_electric': '184.12904357910156', 'r1_voltage': '13.838252067565918', 'r1_speed': '0.0', 'r1_job': '0', 'r2_rob_no': '0', 'r2_weld_line_no': '0', 'r2_electric': '0.0', 'r2_voltage': '0.0', 'r2_speed': '0.0', 'r2_job': '0', 'replace_status': '0', 'part_status': '0', 'r1_protective_gas': '0', 'r1_welding_wire': '0', 'r2_protective_gas': '0', 'r2_welding_wire': '0', 'login_id': '\n\x00\x00\x00\x00\x00\x00\x00\x00\x00', 'login_password': '\n\x00\x00\x00\x00\x00\x00\x00\x00\x00'}
2021-03-02  11:02:50 Tue root INFO ('\n\x07250 TJ3\x00', '0', '0', 435, '4', '0', '184.12904357910156', '13.838252067565918', '0.0', '0', '0', '0', '0.0', '0.0', '0.0', '0', '0', '0', '0', '0', '0', '\n\x00\x00\x00\x00\x00\x00\x00\x00\x00', '\n\x00\x00\x00\x00\x00\x00\x00\x00\x00', '0', '0', '2021-03-02 11:02:50')
2021-03-02  11:02:50 Tue root INFO 成功添加数据
2021-03-02  11:02:50 Tue root INFO mes_plc_r4
2021-03-02  11:02:51 Tue root INFO 读取插入数据库数据：{'product_type': '\n\x02AA\x00\x00\x00\x00\x00\x00', 'r1_equipment_status': '2562', 'fail_code': '16962', 'recerve': '0', 'prod_num': 0, 'r1_rob_no': '0', 'r1_weld_line_no': '0', 'r1_electric': '9.727692471237622e-22', 'r1_voltage': '2.802596928649634e-45', 'r1_speed': '1.3775324423698682e-38', 'r1_job': '17207', 'r2_rob_no': '-7661', 'r2_weld_line_no': '16721', 'r2_electric': '-92160.0', 'r2_voltage': '0.0', 'r2_speed': '0.0', 'r2_job': '0', 'replace_status': '0', 'part_status': '0', 'r1_protective_gas': '0', 'r1_welding_wire': '0', 'r2_protective_gas': '0', 'r2_welding_wire': '0', 'login_id': '\x00\x00\x00\x00\x00 \x00\x00\x00\x00', 'login_password': '\n\x00\x00\x00\x00\x00\x00\x00\x00\x00'}
2021-03-02  11:02:51 Tue root INFO ('\n\x02AA\x00\x00\x00\x00\x00\x00', '2562', '16962', 0, '0', '0', '9.727692471237622e-22', '2.802596928649634e-45', '1.3775324423698682e-38', '17207', '-7661', '16721', '-92160.0', '0.0', '0.0', '0', '0', '0', '0', '0', '0', '\x00\x00\x00\x00\x00 \x00\x00\x00\x00', '\n\x00\x00\x00\x00\x00\x00\x00\x00\x00', '0', '0', '2021-03-02 11:02:51')
2021-03-02  11:02:51 Tue root INFO 成功添加数据
2021-03-02  11:02:51 Tue root INFO mes_plc_r5
2021-03-02  11:02:51 Tue root INFO 读取插入数据库数据：{'product_type': '\n\x00\x00\x00\x00\x00\x00\x00\x00\x00', 'r1_equipment_status': '2560', 'fail_code': '0', 'recerve': '0', 'prod_num': 0, 'r1_rob_no': '0', 'r1_weld_line_no': '0', 'r1_electric': '1.8870057723865944e-24', 'r1_voltage': '0.0', 'r1_speed': '0.0', 'r1_job': '17204', 'r2_rob_no': '27875', 'r2_weld_line_no': '16726', 'r2_electric': '-4.301500743989133e-26', 'r2_voltage': '0.0', 'r2_speed': '0.0', 'r2_job': '17203', 'replace_status': '-8154', 'part_status': '16726', 'r1_protective_gas': '19266', 'r1_welding_wire': '0', 'r2_protective_gas': '0', 'r2_welding_wire': '0', 'login_id': '\x00\x00\x00\x00\x00\x00\x00\x00\x00\x00', 'login_password': '\n\x00\x00\x00\x00\x00\x00\x00\x00\x00'}
2021-03-02  11:02:51 Tue root INFO ('\n\x00\x00\x00\x00\x00\x00\x00\x00\x00', '2560', '0', 0, '0', '0', '1.8870057723865944e-24', '0.0', '0.0', '17204', '27875', '16726', '-4.301500743989133e-26', '0.0', '0.0', '17203', '-8154', '19266', '0', '0', '0', '\x00\x00\x00\x00\x00\x00\x00\x00\x00\x00', '\n\x00\x00\x00\x00\x00\x00\x00\x00\x00', '16726', '0', '2021-03-02 11:02:51')
2021-03-02  11:02:51 Tue root INFO 成功添加数据
2021-03-02  11:02:51 Tue root INFO mes_plc_r6
2021-03-02  11:02:51 Tue root INFO 读取插入数据库数据：{'product_type': '\n\x00\x00\x00\x00\x00\x00\x00\x00\x00', 'r1_equipment_status': '2560', 'fail_code': '0', 'recerve': '0', 'prod_num': 0, 'r1_rob_no': '0', 'r1_weld_line_no': '0', 'r1_electric': '0.0', 'r1_voltage': '9.183815862507343e-40', 'r1_speed': '0.0', 'r1_job': '0', 'r2_rob_no': '0', 'r2_weld_line_no': '0', 'r2_electric': '0.0', 'r2_voltage': '0.0', 'r2_speed': '0.0', 'r2_job': '0', 'replace_status': '0', 'part_status': '0', 'r1_protective_gas': '0', 'r1_welding_wire': '0', 'r2_protective_gas': '0', 'r2_welding_wire': '0', 'login_id': '\x00\x00\x00\x00\x00\x00\x00\x00\x00\x00', 'login_password': '\n\x00\x00\x00\x00\x00\x00\x00\x00\x00'}
2021-03-02  11:02:51 Tue root INFO ('\n\x00\x00\x00\x00\x00\x00\x00\x00\x00', '2560', '0', 0, '0', '0', '0.0', '9.183815862507343e-40', '0.0', '0', '0', '0', '0.0', '0.0', '0.0', '0', '0', '0', '0', '0', '0', '\x00\x00\x00\x00\x00\x00\x00\x00\x00\x00', '\n\x00\x00\x00\x00\x00\x00\x00\x00\x00', '0', '0', '2021-03-02 11:02:51')
2021-03-02  11:02:51 Tue root INFO 成功添加数据
2021-03-02  11:03:51 Tue root INFO plc连接状态:[1, 1, 1, 1, 1, 1]
2021-03-02  11:03:51 Tue root INFO mes_plc
2021-03-02  11:03:52 Tue root INFO 读取插入数据库数据：{'product_type': '\n\x07250 YDG\x00', 'r1_equipment_status': '2567', 'fail_code': '12853', 'recerve': '12320', 'prod_num': 23108, 'r1_rob_no': '18176', 'r1_weld_line_no': '0', 'r1_electric': '1.0654138796264848e-21', 'r1_voltage': '6.165713243029195e-44', 'r1_speed': '3.6734198463196485e-40', 'r1_job': '17206', 'r2_rob_no': '25752', 'r2_weld_line_no': '16724', 'r2_electric': '-0.0', 'r2_voltage': '0.0', 'r2_speed': '9.550891600431086e-39', 'r2_job': '0', 'replace_status': '0', 'part_status': '0', 'r1_protective_gas': '0', 'r1_welding_wire': '0', 'r2_protective_gas': '0', 'r2_welding_wire': '0', 'login_id': '\x00\x00\x00\x00\x01Z\x00\x00\x00\x00', 'login_password': '\n\x00\x00\x00\x00\x00\x00\x00\x00\x00'}
2021-03-02  11:03:52 Tue root INFO ('\n\x07250 YDG\x00', '2567', '12853', 23108, '18176', '0', '1.0654138796264848e-21', '6.165713243029195e-44', '3.6734198463196485e-40', '17206', '25752', '16724', '-0.0', '0.0', '9.550891600431086e-39', '0', '0', '0', '0', '0', '0', '\x00\x00\x00\x00\x01Z\x00\x00\x00\x00', '\n\x00\x00\x00\x00\x00\x00\x00\x00\x00', '0', '12320', '2021-03-02 11:03:52')
2021-03-02  11:03:52 Tue root INFO 成功添加数据
2021-03-02  11:03:52 Tue root INFO mes_plc_r2
2021-03-02  11:03:52 Tue root INFO 读取插入数据库数据：{'product_type': '\n\x07250 TJ2\x00', 'r1_equipment_status': '0', 'fail_code': '0', 'recerve': '0', 'prod_num': 438, 'r1_rob_no': '104', 'r1_weld_line_no': '0', 'r1_electric': '0.0', 'r1_voltage': '0.0', 'r1_speed': '0.0', 'r1_job': '0', 'r2_rob_no': '0', 'r2_weld_line_no': '0', 'r2_electric': '0.0', 'r2_voltage': '0.0', 'r2_speed': '0.0', 'r2_job': '0', 'replace_status': '0', 'part_status': '0', 'r1_protective_gas': '0', 'r1_welding_wire': '0', 'r2_protective_gas': '0', 'r2_welding_wire': '0', 'login_id': '\n\x00\x00\x00\x00\x00\x00\x00\x00\x00', 'login_password': '\n\x00\x00\x00\x00\x00\x00\x00\x00\x00'}
2021-03-02  11:03:52 Tue root INFO ('\n\x07250 TJ2\x00', '0', '0', 438, '104', '0', '0.0', '0.0', '0.0', '0', '0', '0', '0.0', '0.0', '0.0', '0', '0', '0', '0', '0', '0', '\n\x00\x00\x00\x00\x00\x00\x00\x00\x00', '\n\x00\x00\x00\x00\x00\x00\x00\x00\x00', '0', '0', '2021-03-02 11:03:52')
2021-03-02  11:03:52 Tue root INFO 成功添加数据
2021-03-02  11:03:52 Tue root INFO mes_plc_r3
2021-03-02  11:03:52 Tue root INFO 读取插入数据库数据：{'product_type': '\n\x07250 TJ3\x00', 'r1_equipment_status': '0', 'fail_code': '0', 'recerve': '0', 'prod_num': 436, 'r1_rob_no': '4', 'r1_weld_line_no': '0', 'r1_electric': '184.14352416992188', 'r1_voltage': '-2.1267361640930176', 'r1_speed': '0.0', 'r1_job': '0', 'r2_rob_no': '0', 'r2_weld_line_no': '0', 'r2_electric': '0.0', 'r2_voltage': '0.0', 'r2_speed': '0.0', 'r2_job': '0', 'replace_status': '0', 'part_status': '0', 'r1_protective_gas': '0', 'r1_welding_wire': '0', 'r2_protective_gas': '0', 'r2_welding_wire': '0', 'login_id': '\n\x00\x00\x00\x00\x00\x00\x00\x00\x00', 'login_password': '\n\x00\x00\x00\x00\x00\x00\x00\x00\x00'}
2021-03-02  11:03:52 Tue root INFO ('\n\x07250 TJ3\x00', '0', '0', 436, '4', '0', '184.14352416992188', '-2.1267361640930176', '0.0', '0', '0', '0', '0.0', '0.0', '0.0', '0', '0', '0', '0', '0', '0', '\n\x00\x00\x00\x00\x00\x00\x00\x00\x00', '\n\x00\x00\x00\x00\x00\x00\x00\x00\x00', '0', '0', '2021-03-02 11:03:52')
2021-03-02  11:03:52 Tue root INFO 成功添加数据
2021-03-02  11:03:52 Tue root INFO mes_plc_r4
2021-03-02  11:03:53 Tue root INFO 读取插入数据库数据：{'product_type': '\n\x02AA\x00\x00\x00\x00\x00\x00', 'r1_equipment_status': '2562', 'fail_code': '16962', 'recerve': '0', 'prod_num': 0, 'r1_rob_no': '0', 'r1_weld_line_no': '0', 'r1_electric': '9.727692471237622e-22', 'r1_voltage': '2.802596928649634e-45', 'r1_speed': '1.3775324423698682e-38', 'r1_job': '17207', 'r2_rob_no': '-7661', 'r2_weld_line_no': '16721', 'r2_electric': '-92160.0', 'r2_voltage': '0.0', 'r2_speed': '0.0', 'r2_job': '0', 'replace_status': '0', 'part_status': '0', 'r1_protective_gas': '0', 'r1_welding_wire': '0', 'r2_protective_gas': '0', 'r2_welding_wire': '0', 'login_id': '\x00\x00\x00\x00\x00 \x00\x00\x00\x00', 'login_password': '\n\x00\x00\x00\x00\x00\x00\x00\x00\x00'}
2021-03-02  11:03:53 Tue root INFO ('\n\x02AA\x00\x00\x00\x00\x00\x00', '2562', '16962', 0, '0', '0', '9.727692471237622e-22', '2.802596928649634e-45', '1.3775324423698682e-38', '17207', '-7661', '16721', '-92160.0', '0.0', '0.0', '0', '0', '0', '0', '0', '0', '\x00\x00\x00\x00\x00 \x00\x00\x00\x00', '\n\x00\x00\x00\x00\x00\x00\x00\x00\x00', '0', '0', '2021-03-02 11:03:53')
2021-03-02  11:03:53 Tue root INFO 成功添加数据
2021-03-02  11:03:53 Tue root INFO mes_plc_r5
2021-03-02  11:03:53 Tue root INFO 读取插入数据库数据：{'product_type': '\n\x00\x00\x00\x00\x00\x00\x00\x00\x00', 'r1_equipment_status': '2560', 'fail_code': '0', 'recerve': '0', 'prod_num': 0, 'r1_rob_no': '0', 'r1_weld_line_no': '0', 'r1_electric': '1.8870057723865944e-24', 'r1_voltage': '0.0', 'r1_speed': '0.0', 'r1_job': '17204', 'r2_rob_no': '27875', 'r2_weld_line_no': '16727', 'r2_electric': '7.072394237328387e-23', 'r2_voltage': '0.0', 'r2_speed': '0.0', 'r2_job': '17203', 'replace_status': '-9102', 'part_status': '16726', 'r1_protective_gas': '11682', 'r1_welding_wire': '0', 'r2_protective_gas': '0', 'r2_welding_wire': '0', 'login_id': '\x00\x00\x00\x00\x00\x00\x00\x00\x00\x00', 'login_password': '\n\x00\x00\x00\x00\x00\x00\x00\x00\x00'}
2021-03-02  11:03:53 Tue root INFO ('\n\x00\x00\x00\x00\x00\x00\x00\x00\x00', '2560', '0', 0, '0', '0', '1.8870057723865944e-24', '0.0', '0.0', '17204', '27875', '16727', '7.072394237328387e-23', '0.0', '0.0', '17203', '-9102', '11682', '0', '0', '0', '\x00\x00\x00\x00\x00\x00\x00\x00\x00\x00', '\n\x00\x00\x00\x00\x00\x00\x00\x00\x00', '16726', '0', '2021-03-02 11:03:53')
2021-03-02  11:03:53 Tue root INFO 成功添加数据
2021-03-02  11:03:53 Tue root INFO mes_plc_r6
2021-03-02  11:03:53 Tue root INFO 读取插入数据库数据：{'product_type': '\n\x00\x00\x00\x00\x00\x00\x00\x00\x00', 'r1_equipment_status': '2560', 'fail_code': '0', 'recerve': '0', 'prod_num': 0, 'r1_rob_no': '0', 'r1_weld_line_no': '0', 'r1_electric': '0.0', 'r1_voltage': '9.183815862507343e-40', 'r1_speed': '0.0', 'r1_job': '0', 'r2_rob_no': '0', 'r2_weld_line_no': '0', 'r2_electric': '0.0', 'r2_voltage': '0.0', 'r2_speed': '0.0', 'r2_job': '0', 'replace_status': '0', 'part_status': '0', 'r1_protective_gas': '0', 'r1_welding_wire': '0', 'r2_protective_gas': '0', 'r2_welding_wire': '0', 'login_id': '\x00\x00\x00\x00\x00\x00\x00\x00\x00\x00', 'login_password': '\n\x00\x00\x00\x00\x00\x00\x00\x00\x00'}
2021-03-02  11:03:53 Tue root INFO ('\n\x00\x00\x00\x00\x00\x00\x00\x00\x00', '2560', '0', 0, '0', '0', '0.0', '9.183815862507343e-40', '0.0', '0', '0', '0', '0.0', '0.0', '0.0', '0', '0', '0', '0', '0', '0', '\x00\x00\x00\x00\x00\x00\x00\x00\x00\x00', '\n\x00\x00\x00\x00\x00\x00\x00\x00\x00', '0', '0', '2021-03-02 11:03:53')
2021-03-02  11:03:53 Tue root INFO 成功添加数据
2021-03-02  11:04:53 Tue root INFO plc连接状态:[1, 1, 1, 1, 1, 1]
2021-03-02  11:04:53 Tue root INFO mes_plc
2021-03-02  11:04:54 Tue root INFO 读取插入数据库数据：{'product_type': '\n\x07250 YDG\x00', 'r1_equipment_status': '2567', 'fail_code': '12853', 'recerve': '12320', 'prod_num': 23108, 'r1_rob_no': '18176', 'r1_weld_line_no': '0', 'r1_electric': '1.0654138796264848e-21', 'r1_voltage': '6.165713243029195e-44', 'r1_speed': '3.6734198463196485e-40', 'r1_job': '17206', 'r2_rob_no': '28596', 'r2_weld_line_no': '16724', 'r2_electric': '8.715097876569077e+29', 'r2_voltage': '0.0', 'r2_speed': '9.550891600431086e-39', 'r2_job': '0', 'replace_status': '0', 'part_status': '0', 'r1_protective_gas': '0', 'r1_welding_wire': '0', 'r2_protective_gas': '0', 'r2_welding_wire': '0', 'login_id': '\x00\x00\x00\x00\x01Z\x00\x00\x00\x00', 'login_password': '\n\x00\x00\x00\x00\x00\x00\x00\x00\x00'}
2021-03-02  11:04:54 Tue root INFO ('\n\x07250 YDG\x00', '2567', '12853', 23108, '18176', '0', '1.0654138796264848e-21', '6.165713243029195e-44', '3.6734198463196485e-40', '17206', '28596', '16724', '8.715097876569077e+29', '0.0', '9.550891600431086e-39', '0', '0', '0', '0', '0', '0', '\x00\x00\x00\x00\x01Z\x00\x00\x00\x00', '\n\x00\x00\x00\x00\x00\x00\x00\x00\x00', '0', '12320', '2021-03-02 11:04:54')
2021-03-02  11:04:54 Tue root INFO 成功添加数据
2021-03-02  11:04:54 Tue root INFO mes_plc_r2
2021-03-02  11:04:54 Tue root INFO 读取插入数据库数据：{'product_type': '\n\x07250 TJ1\x00', 'r1_equipment_status': '0', 'fail_code': '0', 'recerve': '0', 'prod_num': 439, 'r1_rob_no': '4', 'r1_weld_line_no': '0', 'r1_electric': '0.0', 'r1_voltage': '0.0', 'r1_speed': '0.0', 'r1_job': '0', 'r2_rob_no': '0', 'r2_weld_line_no': '0', 'r2_electric': '0.0', 'r2_voltage': '0.0', 'r2_speed': '0.0', 'r2_job': '0', 'replace_status': '0', 'part_status': '0', 'r1_protective_gas': '0', 'r1_welding_wire': '0', 'r2_protective_gas': '0', 'r2_welding_wire': '0', 'login_id': '\n\x00\x00\x00\x00\x00\x00\x00\x00\x00', 'login_password': '\n\x00\x00\x00\x00\x00\x00\x00\x00\x00'}
2021-03-02  11:04:54 Tue root INFO ('\n\x07250 TJ1\x00', '0', '0', 439, '4', '0', '0.0', '0.0', '0.0', '0', '0', '0', '0.0', '0.0', '0.0', '0', '0', '0', '0', '0', '0', '\n\x00\x00\x00\x00\x00\x00\x00\x00\x00', '\n\x00\x00\x00\x00\x00\x00\x00\x00\x00', '0', '0', '2021-03-02 11:04:54')
2021-03-02  11:04:54 Tue root INFO 成功添加数据
2021-03-02  11:04:54 Tue root INFO mes_plc_r3
2021-03-02  11:04:54 Tue root INFO 读取插入数据库数据：{'product_type': '\n\x07250 TJ4\x00', 'r1_equipment_status': '0', 'fail_code': '0', 'recerve': '0', 'prod_num': 437, 'r1_rob_no': '104', 'r1_weld_line_no': '0', 'r1_electric': '184.07118225097656', 'r1_voltage': '118.51490783691406', 'r1_speed': '0.0', 'r1_job': '0', 'r2_rob_no': '0', 'r2_weld_line_no': '0', 'r2_electric': '0.0', 'r2_voltage': '0.0', 'r2_speed': '0.0', 'r2_job': '0', 'replace_status': '0', 'part_status': '0', 'r1_protective_gas': '0', 'r1_welding_wire': '0', 'r2_protective_gas': '0', 'r2_welding_wire': '0', 'login_id': '\n\x00\x00\x00\x00\x00\x00\x00\x00\x00', 'login_password': '\n\x00\x00\x00\x00\x00\x00\x00\x00\x00'}
2021-03-02  11:04:54 Tue root INFO ('\n\x07250 TJ4\x00', '0', '0', 437, '104', '0', '184.07118225097656', '118.51490783691406', '0.0', '0', '0', '0', '0.0', '0.0', '0.0', '0', '0', '0', '0', '0', '0', '\n\x00\x00\x00\x00\x00\x00\x00\x00\x00', '\n\x00\x00\x00\x00\x00\x00\x00\x00\x00', '0', '0', '2021-03-02 11:04:54')
2021-03-02  11:04:54 Tue root INFO 成功添加数据
2021-03-02  11:04:54 Tue root INFO mes_plc_r4
2021-03-02  11:04:54 Tue root INFO 读取插入数据库数据：{'product_type': '\n\x02AA\x00\x00\x00\x00\x00\x00', 'r1_equipment_status': '2562', 'fail_code': '16962', 'recerve': '0', 'prod_num': 0, 'r1_rob_no': '0', 'r1_weld_line_no': '0', 'r1_electric': '9.727692471237622e-22', 'r1_voltage': '2.802596928649634e-45', 'r1_speed': '1.3775324423698682e-38', 'r1_job': '17207', 'r2_rob_no': '-6713', 'r2_weld_line_no': '16721', 'r2_electric': '-92160.0', 'r2_voltage': '0.0', 'r2_speed': '0.0', 'r2_job': '0', 'replace_status': '0', 'part_status': '0', 'r1_protective_gas': '0', 'r1_welding_wire': '0', 'r2_protective_gas': '0', 'r2_welding_wire': '0', 'login_id': '\x00\x00\x00\x00\x00 \x00\x00\x00\x00', 'login_password': '\n\x00\x00\x00\x00\x00\x00\x00\x00\x00'}
2021-03-02  11:04:54 Tue root INFO ('\n\x02AA\x00\x00\x00\x00\x00\x00', '2562', '16962', 0, '0', '0', '9.727692471237622e-22', '2.802596928649634e-45', '1.3775324423698682e-38', '17207', '-6713', '16721', '-92160.0', '0.0', '0.0', '0', '0', '0', '0', '0', '0', '\x00\x00\x00\x00\x00 \x00\x00\x00\x00', '\n\x00\x00\x00\x00\x00\x00\x00\x00\x00', '0', '0', '2021-03-02 11:04:54')
2021-03-02  11:04:54 Tue root INFO 成功添加数据
2021-03-02  11:04:54 Tue root INFO mes_plc_r5
2021-03-02  11:04:55 Tue root INFO 读取插入数据库数据：{'product_type': '\n\x00\x00\x00\x00\x00\x00\x00\x00\x00', 'r1_equipment_status': '2560', 'fail_code': '0', 'recerve': '0', 'prod_num': 0, 'r1_rob_no': '0', 'r1_weld_line_no': '0', 'r1_electric': '1.8870057723865944e-24', 'r1_voltage': '0.0', 'r1_speed': '0.0', 'r1_job': '17204', 'r2_rob_no': '26927', 'r2_weld_line_no': '16726', 'r2_electric': '-4.301500743989133e-26', 'r2_voltage': '0.0', 'r2_speed': '0.0', 'r2_job': '17203', 'replace_status': '-9102', 'part_status': '16726', 'r1_protective_gas': '19266', 'r1_welding_wire': '0', 'r2_protective_gas': '0', 'r2_welding_wire': '0', 'login_id': '\x00\x00\x00\x00\x00\x00\x00\x00\x00\x00', 'login_password': '\n\x00\x00\x00\x00\x00\x00\x00\x00\x00'}
2021-03-02  11:04:55 Tue root INFO ('\n\x00\x00\x00\x00\x00\x00\x00\x00\x00', '2560', '0', 0, '0', '0', '1.8870057723865944e-24', '0.0', '0.0', '17204', '26927', '16726', '-4.301500743989133e-26', '0.0', '0.0', '17203', '-9102', '19266', '0', '0', '0', '\x00\x00\x00\x00\x00\x00\x00\x00\x00\x00', '\n\x00\x00\x00\x00\x00\x00\x00\x00\x00', '16726', '0', '2021-03-02 11:04:55')
2021-03-02  11:04:55 Tue root INFO 成功添加数据
2021-03-02  11:04:55 Tue root INFO mes_plc_r6
2021-03-02  11:04:55 Tue root INFO 读取插入数据库数据：{'product_type': '\n\x00\x00\x00\x00\x00\x00\x00\x00\x00', 'r1_equipment_status': '2560', 'fail_code': '0', 'recerve': '0', 'prod_num': 0, 'r1_rob_no': '0', 'r1_weld_line_no': '0', 'r1_electric': '0.0', 'r1_voltage': '9.183815862507343e-40', 'r1_speed': '0.0', 'r1_job': '0', 'r2_rob_no': '0', 'r2_weld_line_no': '0', 'r2_electric': '0.0', 'r2_voltage': '0.0', 'r2_speed': '0.0', 'r2_job': '0', 'replace_status': '0', 'part_status': '0', 'r1_protective_gas': '0', 'r1_welding_wire': '0', 'r2_protective_gas': '0', 'r2_welding_wire': '0', 'login_id': '\x00\x00\x00\x00\x00\x00\x00\x00\x00\x00', 'login_password': '\n\x00\x00\x00\x00\x00\x00\x00\x00\x00'}
2021-03-02  11:04:55 Tue root INFO ('\n\x00\x00\x00\x00\x00\x00\x00\x00\x00', '2560', '0', 0, '0', '0', '0.0', '9.183815862507343e-40', '0.0', '0', '0', '0', '0.0', '0.0', '0.0', '0', '0', '0', '0', '0', '0', '\x00\x00\x00\x00\x00\x00\x00\x00\x00\x00', '\n\x00\x00\x00\x00\x00\x00\x00\x00\x00', '0', '0', '2021-03-02 11:04:55')
2021-03-02  11:04:55 Tue root INFO 成功添加数据
2021-03-02  11:05:55 Tue root INFO plc连接状态:[1, 1, 1, 1, 1, 1]
2021-03-02  11:05:55 Tue root INFO mes_plc
2021-03-02  11:05:55 Tue root INFO 读取插入数据库数据：{'product_type': '\n\x07250 YDG\x00', 'r1_equipment_status': '2567', 'fail_code': '12853', 'recerve': '12320', 'prod_num': 23108, 'r1_rob_no': '18176', 'r1_weld_line_no': '0', 'r1_electric': '1.0654138796264848e-21', 'r1_voltage': '6.165713243029195e-44', 'r1_speed': '3.6734198463196485e-40', 'r1_job': '17206', 'r2_rob_no': '29544', 'r2_weld_line_no': '16724', 'r2_electric': '-0.0', 'r2_voltage': '0.0', 'r2_speed': '9.550891600431086e-39', 'r2_job': '0', 'replace_status': '0', 'part_status': '0', 'r1_protective_gas': '0', 'r1_welding_wire': '0', 'r2_protective_gas': '0', 'r2_welding_wire': '0', 'login_id': '\x00\x00\x00\x00\x01Z\x00\x00\x00\x00', 'login_password': '\n\x00\x00\x00\x00\x00\x00\x00\x00\x00'}
2021-03-02  11:05:55 Tue root INFO ('\n\x07250 YDG\x00', '2567', '12853', 23108, '18176', '0', '1.0654138796264848e-21', '6.165713243029195e-44', '3.6734198463196485e-40', '17206', '29544', '16724', '-0.0', '0.0', '9.550891600431086e-39', '0', '0', '0', '0', '0', '0', '\x00\x00\x00\x00\x01Z\x00\x00\x00\x00', '\n\x00\x00\x00\x00\x00\x00\x00\x00\x00', '0', '12320', '2021-03-02 11:05:55')
2021-03-02  11:05:55 Tue root INFO 成功添加数据
2021-03-02  11:05:55 Tue root INFO mes_plc_r2
2021-03-02  11:05:56 Tue root INFO 读取插入数据库数据：{'product_type': '\n\x07250 TJ1\x00', 'r1_equipment_status': '0', 'fail_code': '0', 'recerve': '0', 'prod_num': 439, 'r1_rob_no': '4', 'r1_weld_line_no': '0', 'r1_electric': '0.0', 'r1_voltage': '0.0', 'r1_speed': '0.0', 'r1_job': '0', 'r2_rob_no': '0', 'r2_weld_line_no': '0', 'r2_electric': '0.0', 'r2_voltage': '0.0', 'r2_speed': '0.0', 'r2_job': '0', 'replace_status': '0', 'part_status': '0', 'r1_protective_gas': '0', 'r1_welding_wire': '0', 'r2_protective_gas': '0', 'r2_welding_wire': '0', 'login_id': '\n\x00\x00\x00\x00\x00\x00\x00\x00\x00', 'login_password': '\n\x00\x00\x00\x00\x00\x00\x00\x00\x00'}
2021-03-02  11:05:56 Tue root INFO ('\n\x07250 TJ1\x00', '0', '0', 439, '4', '0', '0.0', '0.0', '0.0', '0', '0', '0', '0.0', '0.0', '0.0', '0', '0', '0', '0', '0', '0', '\n\x00\x00\x00\x00\x00\x00\x00\x00\x00', '\n\x00\x00\x00\x00\x00\x00\x00\x00\x00', '0', '0', '2021-03-02 11:05:56')
2021-03-02  11:05:56 Tue root INFO 成功添加数据
2021-03-02  11:05:56 Tue root INFO mes_plc_r3
2021-03-02  11:05:56 Tue root INFO 读取插入数据库数据：{'product_type': '\n\x07250 TJ4\x00', 'r1_equipment_status': '0', 'fail_code': '0', 'recerve': '0', 'prod_num': 437, 'r1_rob_no': '104', 'r1_weld_line_no': '0', 'r1_electric': '183.96990966796875', 'r1_voltage': '13.870803833007812', 'r1_speed': '0.0', 'r1_job': '0', 'r2_rob_no': '0', 'r2_weld_line_no': '0', 'r2_electric': '0.0', 'r2_voltage': '0.0', 'r2_speed': '0.0', 'r2_job': '0', 'replace_status': '0', 'part_status': '0', 'r1_protective_gas': '0', 'r1_welding_wire': '0', 'r2_protective_gas': '0', 'r2_welding_wire': '0', 'login_id': '\n\x00\x00\x00\x00\x00\x00\x00\x00\x00', 'login_password': '\n\x00\x00\x00\x00\x00\x00\x00\x00\x00'}
2021-03-02  11:05:56 Tue root INFO ('\n\x07250 TJ4\x00', '0', '0', 437, '104', '0', '183.96990966796875', '13.870803833007812', '0.0', '0', '0', '0', '0.0', '0.0', '0.0', '0', '0', '0', '0', '0', '0', '\n\x00\x00\x00\x00\x00\x00\x00\x00\x00', '\n\x00\x00\x00\x00\x00\x00\x00\x00\x00', '0', '0', '2021-03-02 11:05:56')
2021-03-02  11:05:56 Tue root INFO 成功添加数据
2021-03-02  11:05:56 Tue root INFO mes_plc_r4
2021-03-02  11:05:56 Tue root INFO 读取插入数据库数据：{'product_type': '\n\x02AA\x00\x00\x00\x00\x00\x00', 'r1_equipment_status': '2562', 'fail_code': '16962', 'recerve': '0', 'prod_num': 0, 'r1_rob_no': '0', 'r1_weld_line_no': '0', 'r1_electric': '9.727692471237622e-22', 'r1_voltage': '2.802596928649634e-45', 'r1_speed': '1.3775324423698682e-38', 'r1_job': '17207', 'r2_rob_no': '-7661', 'r2_weld_line_no': '16721', 'r2_electric': '-73117523247104.0', 'r2_voltage': '0.0', 'r2_speed': '0.0', 'r2_job': '0', 'replace_status': '0', 'part_status': '0', 'r1_protective_gas': '0', 'r1_welding_wire': '0', 'r2_protective_gas': '0', 'r2_welding_wire': '0', 'login_id': '\x00\x00\x00\x00\x00 \x00\x00\x00\x00', 'login_password': '\n\x00\x00\x00\x00\x00\x00\x00\x00\x00'}
2021-03-02  11:05:56 Tue root INFO ('\n\x02AA\x00\x00\x00\x00\x00\x00', '2562', '16962', 0, '0', '0', '9.727692471237622e-22', '2.802596928649634e-45', '1.3775324423698682e-38', '17207', '-7661', '16721', '-73117523247104.0', '0.0', '0.0', '0', '0', '0', '0', '0', '0', '\x00\x00\x00\x00\x00 \x00\x00\x00\x00', '\n\x00\x00\x00\x00\x00\x00\x00\x00\x00', '0', '0', '2021-03-02 11:05:56')
2021-03-02  11:05:56 Tue root INFO 成功添加数据
2021-03-02  11:05:56 Tue root INFO mes_plc_r5
2021-03-02  11:05:57 Tue root INFO 读取插入数据库数据：{'product_type': '\n\x00\x00\x00\x00\x00\x00\x00\x00\x00', 'r1_equipment_status': '2560', 'fail_code': '0', 'recerve': '0', 'prod_num': 0, 'r1_rob_no': '0', 'r1_weld_line_no': '0', 'r1_electric': '1.8870057723865944e-24', 'r1_voltage': '0.0', 'r1_speed': '0.0', 'r1_job': '17204', 'r2_rob_no': '28824', 'r2_weld_line_no': '16726', 'r2_electric': '-1.678941941083721e+19', 'r2_voltage': '0.0', 'r2_speed': '0.0', 'r2_job': '17203', 'replace_status': '-9102', 'part_status': '16726', 'r1_protective_gas': '11682', 'r1_welding_wire': '0', 'r2_protective_gas': '0', 'r2_welding_wire': '0', 'login_id': '\x00\x00\x00\x00\x00\x00\x00\x00\x00\x00', 'login_password': '\n\x00\x00\x00\x00\x00\x00\x00\x00\x00'}
2021-03-02  11:05:57 Tue root INFO ('\n\x00\x00\x00\x00\x00\x00\x00\x00\x00', '2560', '0', 0, '0', '0', '1.8870057723865944e-24', '0.0', '0.0', '17204', '28824', '16726', '-1.678941941083721e+19', '0.0', '0.0', '17203', '-9102', '11682', '0', '0', '0', '\x00\x00\x00\x00\x00\x00\x00\x00\x00\x00', '\n\x00\x00\x00\x00\x00\x00\x00\x00\x00', '16726', '0', '2021-03-02 11:05:57')
2021-03-02  11:05:57 Tue root INFO 成功添加数据
2021-03-02  11:05:57 Tue root INFO mes_plc_r6
2021-03-02  11:05:57 Tue root INFO 读取插入数据库数据：{'product_type': '\n\x00\x00\x00\x00\x00\x00\x00\x00\x00', 'r1_equipment_status': '2560', 'fail_code': '0', 'recerve': '0', 'prod_num': 0, 'r1_rob_no': '0', 'r1_weld_line_no': '0', 'r1_electric': '0.0', 'r1_voltage': '9.183815862507343e-40', 'r1_speed': '0.0', 'r1_job': '0', 'r2_rob_no': '0', 'r2_weld_line_no': '0', 'r2_electric': '0.0', 'r2_voltage': '0.0', 'r2_speed': '0.0', 'r2_job': '0', 'replace_status': '0', 'part_status': '0', 'r1_protective_gas': '0', 'r1_welding_wire': '0', 'r2_protective_gas': '0', 'r2_welding_wire': '0', 'login_id': '\x00\x00\x00\x00\x00\x00\x00\x00\x00\x00', 'login_password': '\n\x00\x00\x00\x00\x00\x00\x00\x00\x00'}
2021-03-02  11:05:57 Tue root INFO ('\n\x00\x00\x00\x00\x00\x00\x00\x00\x00', '2560', '0', 0, '0', '0', '0.0', '9.183815862507343e-40', '0.0', '0', '0', '0', '0.0', '0.0', '0.0', '0', '0', '0', '0', '0', '0', '\x00\x00\x00\x00\x00\x00\x00\x00\x00\x00', '\n\x00\x00\x00\x00\x00\x00\x00\x00\x00', '0', '0', '2021-03-02 11:05:57')
2021-03-02  11:05:57 Tue root INFO 成功添加数据
2021-03-02  11:06:57 Tue root INFO plc连接状态:[1, 1, 1, 1, 1, 1]
2021-03-02  11:06:57 Tue root INFO mes_plc
2021-03-02  11:06:57 Tue root INFO 读取插入数据库数据：{'product_type': '\n\x07250 YDG\x00', 'r1_equipment_status': '2567', 'fail_code': '12853', 'recerve': '12320', 'prod_num': 23108, 'r1_rob_no': '18176', 'r1_weld_line_no': '0', 'r1_electric': '1.0654138796264848e-21', 'r1_voltage': '6.165713243029195e-44', 'r1_speed': '3.6734198463196485e-40', 'r1_job': '17206', 'r2_rob_no': '29544', 'r2_weld_line_no': '16724', 'r2_electric': '-0.0', 'r2_voltage': '0.0', 'r2_speed': '9.550891600431086e-39', 'r2_job': '0', 'replace_status': '0', 'part_status': '0', 'r1_protective_gas': '0', 'r1_welding_wire': '0', 'r2_protective_gas': '0', 'r2_welding_wire': '0', 'login_id': '\x00\x00\x00\x00\x01Z\x00\x00\x00\x00', 'login_password': '\n\x00\x00\x00\x00\x00\x00\x00\x00\x00'}
2021-03-02  11:06:57 Tue root INFO ('\n\x07250 YDG\x00', '2567', '12853', 23108, '18176', '0', '1.0654138796264848e-21', '6.165713243029195e-44', '3.6734198463196485e-40', '17206', '29544', '16724', '-0.0', '0.0', '9.550891600431086e-39', '0', '0', '0', '0', '0', '0', '\x00\x00\x00\x00\x01Z\x00\x00\x00\x00', '\n\x00\x00\x00\x00\x00\x00\x00\x00\x00', '0', '12320', '2021-03-02 11:06:57')
2021-03-02  11:06:57 Tue root INFO 成功添加数据
2021-03-02  11:06:57 Tue root INFO mes_plc_r2
2021-03-02  11:06:58 Tue root INFO 读取插入数据库数据：{'product_type': '\n\x07250 TJ1\x00', 'r1_equipment_status': '0', 'fail_code': '0', 'recerve': '0', 'prod_num': 439, 'r1_rob_no': '4', 'r1_weld_line_no': '0', 'r1_electric': '0.0', 'r1_voltage': '0.0', 'r1_speed': '0.0', 'r1_job': '0', 'r2_rob_no': '0', 'r2_weld_line_no': '0', 'r2_electric': '0.0', 'r2_voltage': '0.0', 'r2_speed': '0.0', 'r2_job': '0', 'replace_status': '0', 'part_status': '0', 'r1_protective_gas': '0', 'r1_welding_wire': '0', 'r2_protective_gas': '0', 'r2_welding_wire': '0', 'login_id': '\n\x00\x00\x00\x00\x00\x00\x00\x00\x00', 'login_password': '\n\x00\x00\x00\x00\x00\x00\x00\x00\x00'}
2021-03-02  11:06:58 Tue root INFO ('\n\x07250 TJ1\x00', '0', '0', 439, '4', '0', '0.0', '0.0', '0.0', '0', '0', '0', '0.0', '0.0', '0.0', '0', '0', '0', '0', '0', '0', '\n\x00\x00\x00\x00\x00\x00\x00\x00\x00', '\n\x00\x00\x00\x00\x00\x00\x00\x00\x00', '0', '0', '2021-03-02 11:06:58')
2021-03-02  11:06:58 Tue root INFO 成功添加数据
2021-03-02  11:06:58 Tue root INFO mes_plc_r3
2021-03-02  11:06:58 Tue root INFO 读取插入数据库数据：{'product_type': '\n\x07250 TJ3\x00', 'r1_equipment_status': '0', 'fail_code': '0', 'recerve': '0', 'prod_num': 438, 'r1_rob_no': '4', 'r1_weld_line_no': '0', 'r1_electric': '183.96990966796875', 'r1_voltage': '13.841869354248047', 'r1_speed': '0.0', 'r1_job': '0', 'r2_rob_no': '0', 'r2_weld_line_no': '0', 'r2_electric': '0.0', 'r2_voltage': '0.0', 'r2_speed': '0.0', 'r2_job': '0', 'replace_status': '0', 'part_status': '0', 'r1_protective_gas': '0', 'r1_welding_wire': '0', 'r2_protective_gas': '0', 'r2_welding_wire': '0', 'login_id': '\n\x00\x00\x00\x00\x00\x00\x00\x00\x00', 'login_password': '\n\x00\x00\x00\x00\x00\x00\x00\x00\x00'}
2021-03-02  11:06:58 Tue root INFO ('\n\x07250 TJ3\x00', '0', '0', 438, '4', '0', '183.96990966796875', '13.841869354248047', '0.0', '0', '0', '0', '0.0', '0.0', '0.0', '0', '0', '0', '0', '0', '0', '\n\x00\x00\x00\x00\x00\x00\x00\x00\x00', '\n\x00\x00\x00\x00\x00\x00\x00\x00\x00', '0', '0', '2021-03-02 11:06:58')
2021-03-02  11:06:58 Tue root INFO 成功添加数据
2021-03-02  11:06:58 Tue root INFO mes_plc_r4
2021-03-02  11:06:58 Tue root INFO 读取插入数据库数据：{'product_type': '\n\x02AA\x00\x00\x00\x00\x00\x00', 'r1_equipment_status': '2562', 'fail_code': '16962', 'recerve': '0', 'prod_num': 0, 'r1_rob_no': '0', 'r1_weld_line_no': '0', 'r1_electric': '9.727692471237622e-22', 'r1_voltage': '2.802596928649634e-45', 'r1_speed': '1.3775324423698682e-38', 'r1_job': '17207', 'r2_rob_no': '-6713', 'r2_weld_line_no': '16721', 'r2_electric': '-6.286650380320215e+22', 'r2_voltage': '0.0', 'r2_speed': '0.0', 'r2_job': '0', 'replace_status': '0', 'part_status': '0', 'r1_protective_gas': '0', 'r1_welding_wire': '0', 'r2_protective_gas': '0', 'r2_welding_wire': '0', 'login_id': '\x00\x00\x00\x00\x00 \x00\x00\x00\x00', 'login_password': '\n\x00\x00\x00\x00\x00\x00\x00\x00\x00'}
2021-03-02  11:06:58 Tue root INFO ('\n\x02AA\x00\x00\x00\x00\x00\x00', '2562', '16962', 0, '0', '0', '9.727692471237622e-22', '2.802596928649634e-45', '1.3775324423698682e-38', '17207', '-6713', '16721', '-6.286650380320215e+22', '0.0', '0.0', '0', '0', '0', '0', '0', '0', '\x00\x00\x00\x00\x00 \x00\x00\x00\x00', '\n\x00\x00\x00\x00\x00\x00\x00\x00\x00', '0', '0', '2021-03-02 11:06:58')
2021-03-02  11:06:58 Tue root INFO 成功添加数据
2021-03-02  11:06:58 Tue root INFO mes_plc_r5
2021-03-02  11:06:58 Tue root INFO 读取插入数据库数据：{'product_type': '\n\x00\x00\x00\x00\x00\x00\x00\x00\x00', 'r1_equipment_status': '2560', 'fail_code': '0', 'recerve': '0', 'prod_num': 0, 'r1_rob_no': '0', 'r1_weld_line_no': '0', 'r1_electric': '1.8870057723865944e-24', 'r1_voltage': '0.0', 'r1_speed': '0.0', 'r1_job': '17204', 'r2_rob_no': '27875', 'r2_weld_line_no': '16727', 'r2_electric': '-24.875', 'r2_voltage': '0.0', 'r2_speed': '0.0', 'r2_job': '17203', 'replace_status': '-9102', 'part_status': '16726', 'r1_protective_gas': '15474', 'r1_welding_wire': '0', 'r2_protective_gas': '0', 'r2_welding_wire': '0', 'login_id': '\x00\x00\x00\x00\x00\x00\x00\x00\x00\x00', 'login_password': '\n\x00\x00\x00\x00\x00\x00\x00\x00\x00'}
2021-03-02  11:06:58 Tue root INFO ('\n\x00\x00\x00\x00\x00\x00\x00\x00\x00', '2560', '0', 0, '0', '0', '1.8870057723865944e-24', '0.0', '0.0', '17204', '27875', '16727', '-24.875', '0.0', '0.0', '17203', '-9102', '15474', '0', '0', '0', '\x00\x00\x00\x00\x00\x00\x00\x00\x00\x00', '\n\x00\x00\x00\x00\x00\x00\x00\x00\x00', '16726', '0', '2021-03-02 11:06:58')
2021-03-02  11:06:58 Tue root INFO 成功添加数据
2021-03-02  11:06:58 Tue root INFO mes_plc_r6
2021-03-02  11:06:59 Tue root INFO 读取插入数据库数据：{'product_type': '\n\x00\x00\x00\x00\x00\x00\x00\x00\x00', 'r1_equipment_status': '2560', 'fail_code': '0', 'recerve': '0', 'prod_num': 0, 'r1_rob_no': '0', 'r1_weld_line_no': '0', 'r1_electric': '0.0', 'r1_voltage': '9.183815862507343e-40', 'r1_speed': '0.0', 'r1_job': '0', 'r2_rob_no': '0', 'r2_weld_line_no': '0', 'r2_electric': '0.0', 'r2_voltage': '0.0', 'r2_speed': '0.0', 'r2_job': '0', 'replace_status': '0', 'part_status': '0', 'r1_protective_gas': '0', 'r1_welding_wire': '0', 'r2_protective_gas': '0', 'r2_welding_wire': '0', 'login_id': '\x00\x00\x00\x00\x00\x00\x00\x00\x00\x00', 'login_password': '\n\x00\x00\x00\x00\x00\x00\x00\x00\x00'}
2021-03-02  11:06:59 Tue root INFO ('\n\x00\x00\x00\x00\x00\x00\x00\x00\x00', '2560', '0', 0, '0', '0', '0.0', '9.183815862507343e-40', '0.0', '0', '0', '0', '0.0', '0.0', '0.0', '0', '0', '0', '0', '0', '0', '\x00\x00\x00\x00\x00\x00\x00\x00\x00\x00', '\n\x00\x00\x00\x00\x00\x00\x00\x00\x00', '0', '0', '2021-03-02 11:06:59')
2021-03-02  11:06:59 Tue root INFO 成功添加数据
2021-03-02  11:07:59 Tue root INFO plc连接状态:[1, 1, 1, 1, 1, 1]
2021-03-02  11:07:59 Tue root INFO mes_plc
2021-03-02  11:07:59 Tue root INFO 读取插入数据库数据：{'product_type': '\n\x07250 YDG\x00', 'r1_equipment_status': '2567', 'fail_code': '12853', 'recerve': '12320', 'prod_num': 23108, 'r1_rob_no': '18176', 'r1_weld_line_no': '0', 'r1_electric': '1.0654138796264848e-21', 'r1_voltage': '6.165713243029195e-44', 'r1_speed': '3.6734198463196485e-40', 'r1_job': '17206', 'r2_rob_no': '30493', 'r2_weld_line_no': '16724', 'r2_electric': '8.715097876569077e+29', 'r2_voltage': '0.0', 'r2_speed': '9.550891600431086e-39', 'r2_job': '0', 'replace_status': '0', 'part_status': '0', 'r1_protective_gas': '0', 'r1_welding_wire': '0', 'r2_protective_gas': '0', 'r2_welding_wire': '0', 'login_id': '\x00\x00\x00\x00\x01Z\x00\x00\x00\x00', 'login_password': '\n\x00\x00\x00\x00\x00\x00\x00\x00\x00'}
2021-03-02  11:07:59 Tue root INFO ('\n\x07250 YDG\x00', '2567', '12853', 23108, '18176', '0', '1.0654138796264848e-21', '6.165713243029195e-44', '3.6734198463196485e-40', '17206', '30493', '16724', '8.715097876569077e+29', '0.0', '9.550891600431086e-39', '0', '0', '0', '0', '0', '0', '\x00\x00\x00\x00\x01Z\x00\x00\x00\x00', '\n\x00\x00\x00\x00\x00\x00\x00\x00\x00', '0', '12320', '2021-03-02 11:07:59')
2021-03-02  11:07:59 Tue root INFO 成功添加数据
2021-03-02  11:07:59 Tue root INFO mes_plc_r2
2021-03-02  11:07:59 Tue root INFO 读取插入数据库数据：{'product_type': '\n\x07250 TJ1\x00', 'r1_equipment_status': '0', 'fail_code': '0', 'recerve': '0', 'prod_num': 439, 'r1_rob_no': '4', 'r1_weld_line_no': '0', 'r1_electric': '0.0', 'r1_voltage': '0.0', 'r1_speed': '0.0', 'r1_job': '0', 'r2_rob_no': '0', 'r2_weld_line_no': '0', 'r2_electric': '0.0', 'r2_voltage': '0.0', 'r2_speed': '0.0', 'r2_job': '0', 'replace_status': '0', 'part_status': '0', 'r1_protective_gas': '0', 'r1_welding_wire': '0', 'r2_protective_gas': '0', 'r2_welding_wire': '0', 'login_id': '\n\x00\x00\x00\x00\x00\x00\x00\x00\x00', 'login_password': '\n\x00\x00\x00\x00\x00\x00\x00\x00\x00'}
2021-03-02  11:07:59 Tue root INFO ('\n\x07250 TJ1\x00', '0', '0', 439, '4', '0', '0.0', '0.0', '0.0', '0', '0', '0', '0.0', '0.0', '0.0', '0', '0', '0', '0', '0', '0', '\n\x00\x00\x00\x00\x00\x00\x00\x00\x00', '\n\x00\x00\x00\x00\x00\x00\x00\x00\x00', '0', '0', '2021-03-02 11:07:59')
2021-03-02  11:07:59 Tue root INFO 成功添加数据
2021-03-02  11:07:59 Tue root INFO mes_plc_r3
2021-03-02  11:08:00 Tue root INFO 读取插入数据库数据：{'product_type': '\n\x07250 TJ4\x00', 'r1_equipment_status': '0', 'fail_code': '0', 'recerve': '0', 'prod_num': 439, 'r1_rob_no': '104', 'r1_weld_line_no': '0', 'r1_electric': '183.85415649414062', 'r1_voltage': '118.51490783691406', 'r1_speed': '0.0', 'r1_job': '0', 'r2_rob_no': '0', 'r2_weld_line_no': '0', 'r2_electric': '0.0', 'r2_voltage': '0.0', 'r2_speed': '0.0', 'r2_job': '0', 'replace_status': '0', 'part_status': '0', 'r1_protective_gas': '0', 'r1_welding_wire': '0', 'r2_protective_gas': '0', 'r2_welding_wire': '0', 'login_id': '\n\x00\x00\x00\x00\x00\x00\x00\x00\x00', 'login_password': '\n\x00\x00\x00\x00\x00\x00\x00\x00\x00'}
2021-03-02  11:08:00 Tue root INFO ('\n\x07250 TJ4\x00', '0', '0', 439, '104', '0', '183.85415649414062', '118.51490783691406', '0.0', '0', '0', '0', '0.0', '0.0', '0.0', '0', '0', '0', '0', '0', '0', '\n\x00\x00\x00\x00\x00\x00\x00\x00\x00', '\n\x00\x00\x00\x00\x00\x00\x00\x00\x00', '0', '0', '2021-03-02 11:08:00')
2021-03-02  11:08:00 Tue root INFO 成功添加数据
2021-03-02  11:08:00 Tue root INFO mes_plc_r4
2021-03-02  11:08:00 Tue root INFO 读取插入数据库数据：{'product_type': '\n\x02AA\x00\x00\x00\x00\x00\x00', 'r1_equipment_status': '2562', 'fail_code': '16962', 'recerve': '0', 'prod_num': 0, 'r1_rob_no': '0', 'r1_weld_line_no': '0', 'r1_electric': '9.727692471237622e-22', 'r1_voltage': '2.802596928649634e-45', 'r1_speed': '1.3775324423698682e-38', 'r1_job': '17207', 'r2_rob_no': '-9558', 'r2_weld_line_no': '16721', 'r2_electric': '-6.286650380320215e+22', 'r2_voltage': '0.0', 'r2_speed': '0.0', 'r2_job': '0', 'replace_status': '0', 'part_status': '0', 'r1_protective_gas': '0', 'r1_welding_wire': '0', 'r2_protective_gas': '0', 'r2_welding_wire': '0', 'login_id': '\x00\x00\x00\x00\x00 \x00\x00\x00\x00', 'login_password': '\n\x00\x00\x00\x00\x00\x00\x00\x00\x00'}
2021-03-02  11:08:00 Tue root INFO ('\n\x02AA\x00\x00\x00\x00\x00\x00', '2562', '16962', 0, '0', '0', '9.727692471237622e-22', '2.802596928649634e-45', '1.3775324423698682e-38', '17207', '-9558', '16721', '-6.286650380320215e+22', '0.0', '0.0', '0', '0', '0', '0', '0', '0', '\x00\x00\x00\x00\x00 \x00\x00\x00\x00', '\n\x00\x00\x00\x00\x00\x00\x00\x00\x00', '0', '0', '2021-03-02 11:08:00')
2021-03-02  11:08:00 Tue root INFO 成功添加数据
2021-03-02  11:08:00 Tue root INFO mes_plc_r5
2021-03-02  11:08:00 Tue root INFO 读取插入数据库数据：{'product_type': '\n\x00\x00\x00\x00\x00\x00\x00\x00\x00', 'r1_equipment_status': '2560', 'fail_code': '0', 'recerve': '0', 'prod_num': 0, 'r1_rob_no': '0', 'r1_weld_line_no': '0', 'r1_electric': '1.8870057723865944e-24', 'r1_voltage': '0.0', 'r1_speed': '0.0', 'r1_job': '17204', 'r2_rob_no': '25031', 'r2_weld_line_no': '16726', 'r2_electric': '-2.87545844912529e-08', 'r2_voltage': '0.0', 'r2_speed': '0.0', 'r2_job': '17203', 'replace_status': '-10999', 'part_status': '16726', 'r1_protective_gas': '15474', 'r1_welding_wire': '0', 'r2_protective_gas': '0', 'r2_welding_wire': '0', 'login_id': '\x00\x00\x00\x00\x00\x00\x00\x00\x00\x00', 'login_password': '\n\x00\x00\x00\x00\x00\x00\x00\x00\x00'}
2021-03-02  11:08:00 Tue root INFO ('\n\x00\x00\x00\x00\x00\x00\x00\x00\x00', '2560', '0', 0, '0', '0', '1.8870057723865944e-24', '0.0', '0.0', '17204', '25031', '16726', '-2.87545844912529e-08', '0.0', '0.0', '17203', '-10999', '15474', '0', '0', '0', '\x00\x00\x00\x00\x00\x00\x00\x00\x00\x00', '\n\x00\x00\x00\x00\x00\x00\x00\x00\x00', '16726', '0', '2021-03-02 11:08:00')
2021-03-02  11:08:00 Tue root INFO 成功添加数据
2021-03-02  11:08:00 Tue root INFO mes_plc_r6
2021-03-02  11:08:01 Tue root INFO 读取插入数据库数据：{'product_type': '\n\x00\x00\x00\x00\x00\x00\x00\x00\x00', 'r1_equipment_status': '2560', 'fail_code': '0', 'recerve': '0', 'prod_num': 0, 'r1_rob_no': '0', 'r1_weld_line_no': '0', 'r1_electric': '0.0', 'r1_voltage': '9.183815862507343e-40', 'r1_speed': '0.0', 'r1_job': '0', 'r2_rob_no': '0', 'r2_weld_line_no': '0', 'r2_electric': '0.0', 'r2_voltage': '0.0', 'r2_speed': '0.0', 'r2_job': '0', 'replace_status': '0', 'part_status': '0', 'r1_protective_gas': '0', 'r1_welding_wire': '0', 'r2_protective_gas': '0', 'r2_welding_wire': '0', 'login_id': '\x00\x00\x00\x00\x00\x00\x00\x00\x00\x00', 'login_password': '\n\x00\x00\x00\x00\x00\x00\x00\x00\x00'}
2021-03-02  11:08:01 Tue root INFO ('\n\x00\x00\x00\x00\x00\x00\x00\x00\x00', '2560', '0', 0, '0', '0', '0.0', '9.183815862507343e-40', '0.0', '0', '0', '0', '0.0', '0.0', '0.0', '0', '0', '0', '0', '0', '0', '\x00\x00\x00\x00\x00\x00\x00\x00\x00\x00', '\n\x00\x00\x00\x00\x00\x00\x00\x00\x00', '0', '0', '2021-03-02 11:08:01')
2021-03-02  11:08:01 Tue root INFO 成功添加数据
2021-03-02  11:09:01 Tue root INFO plc连接状态:[1, 1, 1, 1, 1, 1]
2021-03-02  11:09:01 Tue root INFO mes_plc
2021-03-02  11:09:01 Tue root INFO 读取插入数据库数据：{'product_type': '\n\x07250 YDG\x00', 'r1_equipment_status': '2567', 'fail_code': '12853', 'recerve': '12320', 'prod_num': 23108, 'r1_rob_no': '18176', 'r1_weld_line_no': '0', 'r1_electric': '1.0654138796264848e-21', 'r1_voltage': '6.165713243029195e-44', 'r1_speed': '3.6734198463196485e-40', 'r1_job': '17206', 'r2_rob_no': '28596', 'r2_weld_line_no': '16724', 'r2_electric': '1.0237942960908801e+21', 'r2_voltage': '0.0', 'r2_speed': '9.550891600431086e-39', 'r2_job': '0', 'replace_status': '0', 'part_status': '0', 'r1_protective_gas': '0', 'r1_welding_wire': '0', 'r2_protective_gas': '0', 'r2_welding_wire': '0', 'login_id': '\x00\x00\x00\x00\x01Z\x00\x00\x00\x00', 'login_password': '\n\x00\x00\x00\x00\x00\x00\x00\x00\x00'}
2021-03-02  11:09:01 Tue root INFO ('\n\x07250 YDG\x00', '2567', '12853', 23108, '18176', '0', '1.0654138796264848e-21', '6.165713243029195e-44', '3.6734198463196485e-40', '17206', '28596', '16724', '1.0237942960908801e+21', '0.0', '9.550891600431086e-39', '0', '0', '0', '0', '0', '0', '\x00\x00\x00\x00\x01Z\x00\x00\x00\x00', '\n\x00\x00\x00\x00\x00\x00\x00\x00\x00', '0', '12320', '2021-03-02 11:09:01')
2021-03-02  11:09:01 Tue root INFO 成功添加数据
2021-03-02  11:09:01 Tue root INFO mes_plc_r2
2021-03-02  11:09:01 Tue root INFO 读取插入数据库数据：{'product_type': '\n\x07250 TJ1\x00', 'r1_equipment_status': '0', 'fail_code': '0', 'recerve': '0', 'prod_num': 440, 'r1_rob_no': '4', 'r1_weld_line_no': '0', 'r1_electric': '0.0', 'r1_voltage': '0.0', 'r1_speed': '0.0', 'r1_job': '0', 'r2_rob_no': '0', 'r2_weld_line_no': '0', 'r2_electric': '0.0', 'r2_voltage': '0.0', 'r2_speed': '0.0', 'r2_job': '0', 'replace_status': '0', 'part_status': '0', 'r1_protective_gas': '0', 'r1_welding_wire': '0', 'r2_protective_gas': '0', 'r2_welding_wire': '0', 'login_id': '\n\x00\x00\x00\x00\x00\x00\x00\x00\x00', 'login_password': '\n\x00\x00\x00\x00\x00\x00\x00\x00\x00'}
2021-03-02  11:09:01 Tue root INFO ('\n\x07250 TJ1\x00', '0', '0', 440, '4', '0', '0.0', '0.0', '0.0', '0', '0', '0', '0.0', '0.0', '0.0', '0', '0', '0', '0', '0', '0', '\n\x00\x00\x00\x00\x00\x00\x00\x00\x00', '\n\x00\x00\x00\x00\x00\x00\x00\x00\x00', '0', '0', '2021-03-02 11:09:01')
2021-03-02  11:09:01 Tue root INFO 成功添加数据
2021-03-02  11:09:01 Tue root INFO mes_plc_r3
2021-03-02  11:09:02 Tue root INFO 读取插入数据库数据：{'product_type': '\n\x07250 TJ4\x00', 'r1_equipment_status': '0', 'fail_code': '0', 'recerve': '0', 'prod_num': 439, 'r1_rob_no': '104', 'r1_weld_line_no': '0', 'r1_electric': '183.82522583007812', 'r1_voltage': '13.88888931274414', 'r1_speed': '0.0', 'r1_job': '0', 'r2_rob_no': '0', 'r2_weld_line_no': '0', 'r2_electric': '0.0', 'r2_voltage': '0.0', 'r2_speed': '0.0', 'r2_job': '0', 'replace_status': '0', 'part_status': '0', 'r1_protective_gas': '0', 'r1_welding_wire': '0', 'r2_protective_gas': '0', 'r2_welding_wire': '0', 'login_id': '\n\x00\x00\x00\x00\x00\x00\x00\x00\x00', 'login_password': '\n\x00\x00\x00\x00\x00\x00\x00\x00\x00'}
2021-03-02  11:09:02 Tue root INFO ('\n\x07250 TJ4\x00', '0', '0', 439, '104', '0', '183.82522583007812', '13.88888931274414', '0.0', '0', '0', '0', '0.0', '0.0', '0.0', '0', '0', '0', '0', '0', '0', '\n\x00\x00\x00\x00\x00\x00\x00\x00\x00', '\n\x00\x00\x00\x00\x00\x00\x00\x00\x00', '0', '0', '2021-03-02 11:09:02')
2021-03-02  11:09:02 Tue root INFO 成功添加数据
2021-03-02  11:09:02 Tue root INFO mes_plc_r4
2021-03-02  11:09:02 Tue root INFO 读取插入数据库数据：{'product_type': '\n\x02AA\x00\x00\x00\x00\x00\x00', 'r1_equipment_status': '2562', 'fail_code': '16962', 'recerve': '0', 'prod_num': 0, 'r1_rob_no': '0', 'r1_weld_line_no': '0', 'r1_electric': '9.727692471237622e-22', 'r1_voltage': '2.802596928649634e-45', 'r1_speed': '1.3775324423698682e-38', 'r1_job': '17207', 'r2_rob_no': '-10505', 'r2_weld_line_no': '16721', 'r2_electric': '-92160.0', 'r2_voltage': '0.0', 'r2_speed': '0.0', 'r2_job': '0', 'replace_status': '0', 'part_status': '0', 'r1_protective_gas': '0', 'r1_welding_wire': '0', 'r2_protective_gas': '0', 'r2_welding_wire': '0', 'login_id': '\x00\x00\x00\x00\x00 \x00\x00\x00\x00', 'login_password': '\n\x00\x00\x00\x00\x00\x00\x00\x00\x00'}
2021-03-02  11:09:02 Tue root INFO ('\n\x02AA\x00\x00\x00\x00\x00\x00', '2562', '16962', 0, '0', '0', '9.727692471237622e-22', '2.802596928649634e-45', '1.3775324423698682e-38', '17207', '-10505', '16721', '-92160.0', '0.0', '0.0', '0', '0', '0', '0', '0', '0', '\x00\x00\x00\x00\x00 \x00\x00\x00\x00', '\n\x00\x00\x00\x00\x00\x00\x00\x00\x00', '0', '0', '2021-03-02 11:09:02')
2021-03-02  11:09:02 Tue root INFO 成功添加数据
2021-03-02  11:09:02 Tue root INFO mes_plc_r5
2021-03-02  11:09:02 Tue root INFO 读取插入数据库数据：{'product_type': '\n\x00\x00\x00\x00\x00\x00\x00\x00\x00', 'r1_equipment_status': '2560', 'fail_code': '0', 'recerve': '0', 'prod_num': 0, 'r1_rob_no': '0', 'r1_weld_line_no': '0', 'r1_electric': '1.8870057723865944e-24', 'r1_voltage': '0.0', 'r1_speed': '0.0', 'r1_job': '17204', 'r2_rob_no': '24083', 'r2_weld_line_no': '16726', 'r2_electric': '-2.87545844912529e-08', 'r2_voltage': '0.0', 'r2_speed': '0.0', 'r2_job': '17203', 'replace_status': '-13843', 'part_status': '16726', 'r1_protective_gas': '11682', 'r1_welding_wire': '0', 'r2_protective_gas': '0', 'r2_welding_wire': '0', 'login_id': '\x00\x00\x00\x00\x00\x00\x00\x00\x00\x00', 'login_password': '\n\x00\x00\x00\x00\x00\x00\x00\x00\x00'}
2021-03-02  11:09:02 Tue root INFO ('\n\x00\x00\x00\x00\x00\x00\x00\x00\x00', '2560', '0', 0, '0', '0', '1.8870057723865944e-24', '0.0', '0.0', '17204', '24083', '16726', '-2.87545844912529e-08', '0.0', '0.0', '17203', '-13843', '11682', '0', '0', '0', '\x00\x00\x00\x00\x00\x00\x00\x00\x00\x00', '\n\x00\x00\x00\x00\x00\x00\x00\x00\x00', '16726', '0', '2021-03-02 11:09:02')
2021-03-02  11:09:02 Tue root INFO 成功添加数据
2021-03-02  11:09:02 Tue root INFO mes_plc_r6
2021-03-02  11:09:03 Tue root INFO 读取插入数据库数据：{'product_type': '\n\x00\x00\x00\x00\x00\x00\x00\x00\x00', 'r1_equipment_status': '2560', 'fail_code': '0', 'recerve': '0', 'prod_num': 0, 'r1_rob_no': '0', 'r1_weld_line_no': '0', 'r1_electric': '0.0', 'r1_voltage': '9.183815862507343e-40', 'r1_speed': '0.0', 'r1_job': '0', 'r2_rob_no': '0', 'r2_weld_line_no': '0', 'r2_electric': '0.0', 'r2_voltage': '0.0', 'r2_speed': '0.0', 'r2_job': '0', 'replace_status': '0', 'part_status': '0', 'r1_protective_gas': '0', 'r1_welding_wire': '0', 'r2_protective_gas': '0', 'r2_welding_wire': '0', 'login_id': '\x00\x00\x00\x00\x00\x00\x00\x00\x00\x00', 'login_password': '\n\x00\x00\x00\x00\x00\x00\x00\x00\x00'}
2021-03-02  11:09:03 Tue root INFO ('\n\x00\x00\x00\x00\x00\x00\x00\x00\x00', '2560', '0', 0, '0', '0', '0.0', '9.183815862507343e-40', '0.0', '0', '0', '0', '0.0', '0.0', '0.0', '0', '0', '0', '0', '0', '0', '\x00\x00\x00\x00\x00\x00\x00\x00\x00\x00', '\n\x00\x00\x00\x00\x00\x00\x00\x00\x00', '0', '0', '2021-03-02 11:09:03')
2021-03-02  11:09:03 Tue root INFO 成功添加数据
2021-03-02  11:10:03 Tue root INFO plc连接状态:[1, 1, 1, 1, 1, 1]
2021-03-02  11:10:03 Tue root INFO mes_plc
2021-03-02  11:10:03 Tue root INFO 读取插入数据库数据：{'product_type': '\n\x07250 YDG\x00', 'r1_equipment_status': '2567', 'fail_code': '12853', 'recerve': '12320', 'prod_num': 23108, 'r1_rob_no': '18176', 'r1_weld_line_no': '0', 'r1_electric': '1.0654138796264848e-21', 'r1_voltage': '6.165713243029195e-44', 'r1_speed': '3.6734198463196485e-40', 'r1_job': '17206', 'r2_rob_no': '29544', 'r2_weld_line_no': '16724', 'r2_electric': '1520.0', 'r2_voltage': '0.0', 'r2_speed': '9.550891600431086e-39', 'r2_job': '0', 'replace_status': '0', 'part_status': '0', 'r1_protective_gas': '0', 'r1_welding_wire': '0', 'r2_protective_gas': '0', 'r2_welding_wire': '0', 'login_id': '\x00\x00\x00\x00\x01Z\x00\x00\x00\x00', 'login_password': '\n\x00\x00\x00\x00\x00\x00\x00\x00\x00'}
2021-03-02  11:10:03 Tue root INFO ('\n\x07250 YDG\x00', '2567', '12853', 23108, '18176', '0', '1.0654138796264848e-21', '6.165713243029195e-44', '3.6734198463196485e-40', '17206', '29544', '16724', '1520.0', '0.0', '9.550891600431086e-39', '0', '0', '0', '0', '0', '0', '\x00\x00\x00\x00\x01Z\x00\x00\x00\x00', '\n\x00\x00\x00\x00\x00\x00\x00\x00\x00', '0', '12320', '2021-03-02 11:10:03')
2021-03-02  11:10:03 Tue root INFO 成功添加数据
2021-03-02  11:10:03 Tue root INFO mes_plc_r2
2021-03-02  11:10:03 Tue root INFO 读取插入数据库数据：{'product_type': '\n\x07250 TJ2\x00', 'r1_equipment_status': '0', 'fail_code': '0', 'recerve': '0', 'prod_num': 441, 'r1_rob_no': '104', 'r1_weld_line_no': '0', 'r1_electric': '0.0', 'r1_voltage': '0.0', 'r1_speed': '0.0', 'r1_job': '0', 'r2_rob_no': '0', 'r2_weld_line_no': '0', 'r2_electric': '0.0', 'r2_voltage': '0.0', 'r2_speed': '0.0', 'r2_job': '0', 'replace_status': '0', 'part_status': '0', 'r1_protective_gas': '0', 'r1_welding_wire': '0', 'r2_protective_gas': '0', 'r2_welding_wire': '0', 'login_id': '\n\x00\x00\x00\x00\x00\x00\x00\x00\x00', 'login_password': '\n\x00\x00\x00\x00\x00\x00\x00\x00\x00'}
2021-03-02  11:10:03 Tue root INFO ('\n\x07250 TJ2\x00', '0', '0', 441, '104', '0', '0.0', '0.0', '0.0', '0', '0', '0', '0.0', '0.0', '0.0', '0', '0', '0', '0', '0', '0', '\n\x00\x00\x00\x00\x00\x00\x00\x00\x00', '\n\x00\x00\x00\x00\x00\x00\x00\x00\x00', '0', '0', '2021-03-02 11:10:03')
2021-03-02  11:10:03 Tue root INFO 成功添加数据
2021-03-02  11:10:03 Tue root INFO mes_plc_r3
2021-03-02  11:10:04 Tue root INFO 读取插入数据库数据：{'product_type': '\n\x07250 TJ4\x00', 'r1_equipment_status': '0', 'fail_code': '0', 'recerve': '0', 'prod_num': 439, 'r1_rob_no': '104', 'r1_weld_line_no': '0', 'r1_electric': '183.76736450195312', 'r1_voltage': '13.85633659362793', 'r1_speed': '0.0', 'r1_job': '0', 'r2_rob_no': '0', 'r2_weld_line_no': '0', 'r2_electric': '0.0', 'r2_voltage': '0.0', 'r2_speed': '0.0', 'r2_job': '0', 'replace_status': '0', 'part_status': '0', 'r1_protective_gas': '0', 'r1_welding_wire': '0', 'r2_protective_gas': '0', 'r2_welding_wire': '0', 'login_id': '\n\x00\x00\x00\x00\x00\x00\x00\x00\x00', 'login_password': '\n\x00\x00\x00\x00\x00\x00\x00\x00\x00'}
2021-03-02  11:10:04 Tue root INFO ('\n\x07250 TJ4\x00', '0', '0', 439, '104', '0', '183.76736450195312', '13.85633659362793', '0.0', '0', '0', '0', '0.0', '0.0', '0.0', '0', '0', '0', '0', '0', '0', '\n\x00\x00\x00\x00\x00\x00\x00\x00\x00', '\n\x00\x00\x00\x00\x00\x00\x00\x00\x00', '0', '0', '2021-03-02 11:10:04')
2021-03-02  11:10:04 Tue root INFO 成功添加数据
2021-03-02  11:10:04 Tue root INFO mes_plc_r4
2021-03-02  11:10:04 Tue root INFO 读取插入数据库数据：{'product_type': '\n\x02AA\x00\x00\x00\x00\x00\x00', 'r1_equipment_status': '2562', 'fail_code': '16962', 'recerve': '0', 'prod_num': 0, 'r1_rob_no': '0', 'r1_weld_line_no': '0', 'r1_electric': '9.727692471237622e-22', 'r1_voltage': '2.802596928649634e-45', 'r1_speed': '1.3775324423698682e-38', 'r1_job': '17207', 'r2_rob_no': '-9558', 'r2_weld_line_no': '16721', 'r2_electric': '-6.286650380320215e+22', 'r2_voltage': '0.0', 'r2_speed': '0.0', 'r2_job': '0', 'replace_status': '0', 'part_status': '0', 'r1_protective_gas': '0', 'r1_welding_wire': '0', 'r2_protective_gas': '0', 'r2_welding_wire': '0', 'login_id': '\x00\x00\x00\x00\x00 \x00\x00\x00\x00', 'login_password': '\n\x00\x00\x00\x00\x00\x00\x00\x00\x00'}
2021-03-02  11:10:04 Tue root INFO ('\n\x02AA\x00\x00\x00\x00\x00\x00', '2562', '16962', 0, '0', '0', '9.727692471237622e-22', '2.802596928649634e-45', '1.3775324423698682e-38', '17207', '-9558', '16721', '-6.286650380320215e+22', '0.0', '0.0', '0', '0', '0', '0', '0', '0', '\x00\x00\x00\x00\x00 \x00\x00\x00\x00', '\n\x00\x00\x00\x00\x00\x00\x00\x00\x00', '0', '0', '2021-03-02 11:10:04')
2021-03-02  11:10:04 Tue root INFO 成功添加数据
2021-03-02  11:10:04 Tue root INFO mes_plc_r5
2021-03-02  11:10:04 Tue root INFO 读取插入数据库数据：{'product_type': '\n\x00\x00\x00\x00\x00\x00\x00\x00\x00', 'r1_equipment_status': '2560', 'fail_code': '0', 'recerve': '0', 'prod_num': 0, 'r1_rob_no': '0', 'r1_weld_line_no': '0', 'r1_electric': '1.8870057723865944e-24', 'r1_voltage': '0.0', 'r1_speed': '0.0', 'r1_job': '17204', 'r2_rob_no': '26927', 'r2_weld_line_no': '16727', 'r2_electric': '5.573319583618286e-14', 'r2_voltage': '0.0', 'r2_speed': '0.0', 'r2_job': '17203', 'replace_status': '-10050', 'part_status': '16726', 'r1_protective_gas': '15474', 'r1_welding_wire': '0', 'r2_protective_gas': '0', 'r2_welding_wire': '0', 'login_id': '\x00\x00\x00\x00\x00\x00\x00\x00\x00\x00', 'login_password': '\n\x00\x00\x00\x00\x00\x00\x00\x00\x00'}
2021-03-02  11:10:04 Tue root INFO ('\n\x00\x00\x00\x00\x00\x00\x00\x00\x00', '2560', '0', 0, '0', '0', '1.8870057723865944e-24', '0.0', '0.0', '17204', '26927', '16727', '5.573319583618286e-14', '0.0', '0.0', '17203', '-10050', '15474', '0', '0', '0', '\x00\x00\x00\x00\x00\x00\x00\x00\x00\x00', '\n\x00\x00\x00\x00\x00\x00\x00\x00\x00', '16726', '0', '2021-03-02 11:10:04')
2021-03-02  11:10:04 Tue root INFO 成功添加数据
2021-03-02  11:10:04 Tue root INFO mes_plc_r6
2021-03-02  11:10:05 Tue root INFO 读取插入数据库数据：{'product_type': '\n\x00\x00\x00\x00\x00\x00\x00\x00\x00', 'r1_equipment_status': '2560', 'fail_code': '0', 'recerve': '0', 'prod_num': 0, 'r1_rob_no': '0', 'r1_weld_line_no': '0', 'r1_electric': '0.0', 'r1_voltage': '9.183815862507343e-40', 'r1_speed': '0.0', 'r1_job': '0', 'r2_rob_no': '0', 'r2_weld_line_no': '0', 'r2_electric': '0.0', 'r2_voltage': '0.0', 'r2_speed': '0.0', 'r2_job': '0', 'replace_status': '0', 'part_status': '0', 'r1_protective_gas': '0', 'r1_welding_wire': '0', 'r2_protective_gas': '0', 'r2_welding_wire': '0', 'login_id': '\x00\x00\x00\x00\x00\x00\x00\x00\x00\x00', 'login_password': '\n\x00\x00\x00\x00\x00\x00\x00\x00\x00'}
2021-03-02  11:10:05 Tue root INFO ('\n\x00\x00\x00\x00\x00\x00\x00\x00\x00', '2560', '0', 0, '0', '0', '0.0', '9.183815862507343e-40', '0.0', '0', '0', '0', '0.0', '0.0', '0.0', '0', '0', '0', '0', '0', '0', '\x00\x00\x00\x00\x00\x00\x00\x00\x00\x00', '\n\x00\x00\x00\x00\x00\x00\x00\x00\x00', '0', '0', '2021-03-02 11:10:05')
2021-03-02  11:10:05 Tue root INFO 成功添加数据
2021-03-02  11:11:05 Tue root INFO plc连接状态:[1, 1, 1, 1, 1, 1]
2021-03-02  11:11:05 Tue root INFO mes_plc
2021-03-02  11:11:05 Tue root INFO 读取插入数据库数据：{'product_type': '\n\x07250 YDG\x00', 'r1_equipment_status': '2567', 'fail_code': '12853', 'recerve': '12320', 'prod_num': 23108, 'r1_rob_no': '18176', 'r1_weld_line_no': '0', 'r1_electric': '1.0654138796264848e-21', 'r1_voltage': '6.165713243029195e-44', 'r1_speed': '3.6734198463196485e-40', 'r1_job': '17206', 'r2_rob_no': '30493', 'r2_weld_line_no': '16724', 'r2_electric': '1.0237942960908801e+21', 'r2_voltage': '0.0', 'r2_speed': '9.550891600431086e-39', 'r2_job': '0', 'replace_status': '0', 'part_status': '0', 'r1_protective_gas': '0', 'r1_welding_wire': '0', 'r2_protective_gas': '0', 'r2_welding_wire': '0', 'login_id': '\x00\x00\x00\x00\x01Z\x00\x00\x00\x00', 'login_password': '\n\x00\x00\x00\x00\x00\x00\x00\x00\x00'}
2021-03-02  11:11:05 Tue root INFO ('\n\x07250 YDG\x00', '2567', '12853', 23108, '18176', '0', '1.0654138796264848e-21', '6.165713243029195e-44', '3.6734198463196485e-40', '17206', '30493', '16724', '1.0237942960908801e+21', '0.0', '9.550891600431086e-39', '0', '0', '0', '0', '0', '0', '\x00\x00\x00\x00\x01Z\x00\x00\x00\x00', '\n\x00\x00\x00\x00\x00\x00\x00\x00\x00', '0', '12320', '2021-03-02 11:11:05')
2021-03-02  11:11:05 Tue root INFO 成功添加数据
2021-03-02  11:11:05 Tue root INFO mes_plc_r2
2021-03-02  11:11:05 Tue root INFO 读取插入数据库数据：{'product_type': '\n\x07250 TJ2\x00', 'r1_equipment_status': '0', 'fail_code': '0', 'recerve': '0', 'prod_num': 441, 'r1_rob_no': '104', 'r1_weld_line_no': '0', 'r1_electric': '0.0', 'r1_voltage': '0.0', 'r1_speed': '0.0', 'r1_job': '0', 'r2_rob_no': '0', 'r2_weld_line_no': '0', 'r2_electric': '0.0', 'r2_voltage': '0.0', 'r2_speed': '0.0', 'r2_job': '0', 'replace_status': '0', 'part_status': '0', 'r1_protective_gas': '0', 'r1_welding_wire': '0', 'r2_protective_gas': '0', 'r2_welding_wire': '0', 'login_id': '\n\x00\x00\x00\x00\x00\x00\x00\x00\x00', 'login_password': '\n\x00\x00\x00\x00\x00\x00\x00\x00\x00'}
2021-03-02  11:11:05 Tue root INFO ('\n\x07250 TJ2\x00', '0', '0', 441, '104', '0', '0.0', '0.0', '0.0', '0', '0', '0', '0.0', '0.0', '0.0', '0', '0', '0', '0', '0', '0', '\n\x00\x00\x00\x00\x00\x00\x00\x00\x00', '\n\x00\x00\x00\x00\x00\x00\x00\x00\x00', '0', '0', '2021-03-02 11:11:05')
2021-03-02  11:11:05 Tue root INFO 成功添加数据
2021-03-02  11:11:05 Tue root INFO mes_plc_r3
2021-03-02  11:11:05 Tue root INFO 读取插入数据库数据：{'product_type': '\n\x07250 TJ3\x00', 'r1_equipment_status': '0', 'fail_code': '0', 'recerve': '0', 'prod_num': 440, 'r1_rob_no': '4', 'r1_weld_line_no': '0', 'r1_electric': '183.75289916992188', 'r1_voltage': '-4.58984375', 'r1_speed': '0.0', 'r1_job': '0', 'r2_rob_no': '0', 'r2_weld_line_no': '0', 'r2_electric': '0.0', 'r2_voltage': '0.0', 'r2_speed': '0.0', 'r2_job': '0', 'replace_status': '0', 'part_status': '0', 'r1_protective_gas': '0', 'r1_welding_wire': '0', 'r2_protective_gas': '0', 'r2_welding_wire': '0', 'login_id': '\n\x00\x00\x00\x00\x00\x00\x00\x00\x00', 'login_password': '\n\x00\x00\x00\x00\x00\x00\x00\x00\x00'}
2021-03-02  11:11:05 Tue root INFO ('\n\x07250 TJ3\x00', '0', '0', 440, '4', '0', '183.75289916992188', '-4.58984375', '0.0', '0', '0', '0', '0.0', '0.0', '0.0', '0', '0', '0', '0', '0', '0', '\n\x00\x00\x00\x00\x00\x00\x00\x00\x00', '\n\x00\x00\x00\x00\x00\x00\x00\x00\x00', '0', '0', '2021-03-02 11:11:05')
2021-03-02  11:11:06 Tue root INFO 成功添加数据
2021-03-02  11:11:06 Tue root INFO mes_plc_r4
2021-03-02  11:11:06 Tue root INFO 读取插入数据库数据：{'product_type': '\n\x02AA\x00\x00\x00\x00\x00\x00', 'r1_equipment_status': '2562', 'fail_code': '16962', 'recerve': '0', 'prod_num': 0, 'r1_rob_no': '0', 'r1_weld_line_no': '0', 'r1_electric': '9.727692471237622e-22', 'r1_voltage': '2.802596928649634e-45', 'r1_speed': '1.3775324423698682e-38', 'r1_job': '17207', 'r2_rob_no': '-7661', 'r2_weld_line_no': '16721', 'r2_electric': '-92160.0', 'r2_voltage': '0.0', 'r2_speed': '0.0', 'r2_job': '0', 'replace_status': '0', 'part_status': '0', 'r1_protective_gas': '0', 'r1_welding_wire': '0', 'r2_protective_gas': '0', 'r2_welding_wire': '0', 'login_id': '\x00\x00\x00\x00\x00 \x00\x00\x00\x00', 'login_password': '\n\x00\x00\x00\x00\x00\x00\x00\x00\x00'}
2021-03-02  11:11:06 Tue root INFO ('\n\x02AA\x00\x00\x00\x00\x00\x00', '2562', '16962', 0, '0', '0', '9.727692471237622e-22', '2.802596928649634e-45', '1.3775324423698682e-38', '17207', '-7661', '16721', '-92160.0', '0.0', '0.0', '0', '0', '0', '0', '0', '0', '\x00\x00\x00\x00\x00 \x00\x00\x00\x00', '\n\x00\x00\x00\x00\x00\x00\x00\x00\x00', '0', '0', '2021-03-02 11:11:06')
2021-03-02  11:11:06 Tue root INFO 成功添加数据
2021-03-02  11:11:06 Tue root INFO mes_plc_r5
2021-03-02  11:11:06 Tue root INFO 读取插入数据库数据：{'product_type': '\n\x00\x00\x00\x00\x00\x00\x00\x00\x00', 'r1_equipment_status': '2560', 'fail_code': '0', 'recerve': '0', 'prod_num': 0, 'r1_rob_no': '0', 'r1_weld_line_no': '0', 'r1_electric': '1.8870057723865944e-24', 'r1_voltage': '0.0', 'r1_speed': '0.0', 'r1_job': '17204', 'r2_rob_no': '25031', 'r2_weld_line_no': '16727', 'r2_electric': '-1.1381514713908342e+37', 'r2_voltage': '0.0', 'r2_speed': '0.0', 'r2_job': '17203', 'replace_status': '-9102', 'part_status': '16726', 'r1_protective_gas': '15474', 'r1_welding_wire': '0', 'r2_protective_gas': '0', 'r2_welding_wire': '0', 'login_id': '\x00\x00\x00\x00\x00\x00\x00\x00\x00\x00', 'login_password': '\n\x00\x00\x00\x00\x00\x00\x00\x00\x00'}
2021-03-02  11:11:06 Tue root INFO ('\n\x00\x00\x00\x00\x00\x00\x00\x00\x00', '2560', '0', 0, '0', '0', '1.8870057723865944e-24', '0.0', '0.0', '17204', '25031', '16727', '-1.1381514713908342e+37', '0.0', '0.0', '17203', '-9102', '15474', '0', '0', '0', '\x00\x00\x00\x00\x00\x00\x00\x00\x00\x00', '\n\x00\x00\x00\x00\x00\x00\x00\x00\x00', '16726', '0', '2021-03-02 11:11:06')
2021-03-02  11:11:06 Tue root INFO 成功添加数据
2021-03-02  11:11:06 Tue root INFO mes_plc_r6
2021-03-02  11:11:07 Tue root INFO 读取插入数据库数据：{'product_type': '\n\x00\x00\x00\x00\x00\x00\x00\x00\x00', 'r1_equipment_status': '2560', 'fail_code': '0', 'recerve': '0', 'prod_num': 0, 'r1_rob_no': '0', 'r1_weld_line_no': '0', 'r1_electric': '0.0', 'r1_voltage': '9.183815862507343e-40', 'r1_speed': '0.0', 'r1_job': '0', 'r2_rob_no': '0', 'r2_weld_line_no': '0', 'r2_electric': '0.0', 'r2_voltage': '0.0', 'r2_speed': '0.0', 'r2_job': '0', 'replace_status': '0', 'part_status': '0', 'r1_protective_gas': '0', 'r1_welding_wire': '0', 'r2_protective_gas': '0', 'r2_welding_wire': '0', 'login_id': '\x00\x00\x00\x00\x00\x00\x00\x00\x00\x00', 'login_password': '\n\x00\x00\x00\x00\x00\x00\x00\x00\x00'}
2021-03-02  11:11:07 Tue root INFO ('\n\x00\x00\x00\x00\x00\x00\x00\x00\x00', '2560', '0', 0, '0', '0', '0.0', '9.183815862507343e-40', '0.0', '0', '0', '0', '0.0', '0.0', '0.0', '0', '0', '0', '0', '0', '0', '\x00\x00\x00\x00\x00\x00\x00\x00\x00\x00', '\n\x00\x00\x00\x00\x00\x00\x00\x00\x00', '0', '0', '2021-03-02 11:11:07')
2021-03-02  11:11:07 Tue root INFO 成功添加数据
2021-03-02  11:12:07 Tue root INFO plc连接状态:[1, 1, 1, 1, 1, 1]
2021-03-02  11:12:07 Tue root INFO mes_plc
2021-03-02  11:12:07 Tue root INFO 读取插入数据库数据：{'product_type': '\n\x07250 YDG\x00', 'r1_equipment_status': '2567', 'fail_code': '12853', 'recerve': '12320', 'prod_num': 23108, 'r1_rob_no': '18176', 'r1_weld_line_no': '0', 'r1_electric': '1.0654138796264848e-21', 'r1_voltage': '6.165713243029195e-44', 'r1_speed': '3.6734198463196485e-40', 'r1_job': '17206', 'r2_rob_no': '31441', 'r2_weld_line_no': '16724', 'r2_electric': '1520.0', 'r2_voltage': '0.0', 'r2_speed': '9.550891600431086e-39', 'r2_job': '0', 'replace_status': '0', 'part_status': '0', 'r1_protective_gas': '0', 'r1_welding_wire': '0', 'r2_protective_gas': '0', 'r2_welding_wire': '0', 'login_id': '\x00\x00\x00\x00\x01Z\x00\x00\x00\x00', 'login_password': '\n\x00\x00\x00\x00\x00\x00\x00\x00\x00'}
2021-03-02  11:12:07 Tue root INFO ('\n\x07250 YDG\x00', '2567', '12853', 23108, '18176', '0', '1.0654138796264848e-21', '6.165713243029195e-44', '3.6734198463196485e-40', '17206', '31441', '16724', '1520.0', '0.0', '9.550891600431086e-39', '0', '0', '0', '0', '0', '0', '\x00\x00\x00\x00\x01Z\x00\x00\x00\x00', '\n\x00\x00\x00\x00\x00\x00\x00\x00\x00', '0', '12320', '2021-03-02 11:12:07')
2021-03-02  11:12:07 Tue root INFO 成功添加数据
2021-03-02  11:12:07 Tue root INFO mes_plc_r2
2021-03-02  11:12:07 Tue root INFO 读取插入数据库数据：{'product_type': '\n\x07250 TJ2\x00', 'r1_equipment_status': '0', 'fail_code': '0', 'recerve': '0', 'prod_num': 441, 'r1_rob_no': '104', 'r1_weld_line_no': '0', 'r1_electric': '0.0', 'r1_voltage': '0.0', 'r1_speed': '0.0', 'r1_job': '0', 'r2_rob_no': '0', 'r2_weld_line_no': '0', 'r2_electric': '0.0', 'r2_voltage': '0.0', 'r2_speed': '0.0', 'r2_job': '0', 'replace_status': '0', 'part_status': '0', 'r1_protective_gas': '0', 'r1_welding_wire': '0', 'r2_protective_gas': '0', 'r2_welding_wire': '0', 'login_id': '\n\x00\x00\x00\x00\x00\x00\x00\x00\x00', 'login_password': '\n\x00\x00\x00\x00\x00\x00\x00\x00\x00'}
2021-03-02  11:12:07 Tue root INFO ('\n\x07250 TJ2\x00', '0', '0', 441, '104', '0', '0.0', '0.0', '0.0', '0', '0', '0', '0.0', '0.0', '0.0', '0', '0', '0', '0', '0', '0', '\n\x00\x00\x00\x00\x00\x00\x00\x00\x00', '\n\x00\x00\x00\x00\x00\x00\x00\x00\x00', '0', '0', '2021-03-02 11:12:07')
2021-03-02  11:12:07 Tue root INFO 成功添加数据
2021-03-02  11:12:07 Tue root INFO mes_plc_r3
2021-03-02  11:12:07 Tue root INFO 读取插入数据库数据：{'product_type': '\n\x07250 TJ4\x00', 'r1_equipment_status': '0', 'fail_code': '0', 'recerve': '0', 'prod_num': 441, 'r1_rob_no': '104', 'r1_weld_line_no': '0', 'r1_electric': '183.73841857910156', 'r1_voltage': '13.870803833007812', 'r1_speed': '0.0', 'r1_job': '0', 'r2_rob_no': '0', 'r2_weld_line_no': '0', 'r2_electric': '0.0', 'r2_voltage': '0.0', 'r2_speed': '0.0', 'r2_job': '0', 'replace_status': '0', 'part_status': '0', 'r1_protective_gas': '0', 'r1_welding_wire': '0', 'r2_protective_gas': '0', 'r2_welding_wire': '0', 'login_id': '\n\x00\x00\x00\x00\x00\x00\x00\x00\x00', 'login_password': '\n\x00\x00\x00\x00\x00\x00\x00\x00\x00'}
2021-03-02  11:12:07 Tue root INFO ('\n\x07250 TJ4\x00', '0', '0', 441, '104', '0', '183.73841857910156', '13.870803833007812', '0.0', '0', '0', '0', '0.0', '0.0', '0.0', '0', '0', '0', '0', '0', '0', '\n\x00\x00\x00\x00\x00\x00\x00\x00\x00', '\n\x00\x00\x00\x00\x00\x00\x00\x00\x00', '0', '0', '2021-03-02 11:12:07')
2021-03-02  11:12:07 Tue root INFO 成功添加数据
2021-03-02  11:12:07 Tue root INFO mes_plc_r4
2021-03-02  11:12:08 Tue root INFO 读取插入数据库数据：{'product_type': '\n\x02AA\x00\x00\x00\x00\x00\x00', 'r1_equipment_status': '2562', 'fail_code': '16962', 'recerve': '0', 'prod_num': 0, 'r1_rob_no': '0', 'r1_weld_line_no': '0', 'r1_electric': '9.727692471237622e-22', 'r1_voltage': '2.802596928649634e-45', 'r1_speed': '1.3775324423698682e-38', 'r1_job': '17207', 'r2_rob_no': '-9558', 'r2_weld_line_no': '16721', 'r2_electric': '-6.286650380320215e+22', 'r2_voltage': '0.0', 'r2_speed': '0.0', 'r2_job': '0', 'replace_status': '0', 'part_status': '0', 'r1_protective_gas': '0', 'r1_welding_wire': '0', 'r2_protective_gas': '0', 'r2_welding_wire': '0', 'login_id': '\x00\x00\x00\x00\x00 \x00\x00\x00\x00', 'login_password': '\n\x00\x00\x00\x00\x00\x00\x00\x00\x00'}
2021-03-02  11:12:08 Tue root INFO ('\n\x02AA\x00\x00\x00\x00\x00\x00', '2562', '16962', 0, '0', '0', '9.727692471237622e-22', '2.802596928649634e-45', '1.3775324423698682e-38', '17207', '-9558', '16721', '-6.286650380320215e+22', '0.0', '0.0', '0', '0', '0', '0', '0', '0', '\x00\x00\x00\x00\x00 \x00\x00\x00\x00', '\n\x00\x00\x00\x00\x00\x00\x00\x00\x00', '0', '0', '2021-03-02 11:12:08')
2021-03-02  11:12:08 Tue root INFO 成功添加数据
2021-03-02  11:12:08 Tue root INFO mes_plc_r5
2021-03-02  11:12:08 Tue root INFO 读取插入数据库数据：{'product_type': '\n\x00\x00\x00\x00\x00\x00\x00\x00\x00', 'r1_equipment_status': '2560', 'fail_code': '0', 'recerve': '0', 'prod_num': 0, 'r1_rob_no': '0', 'r1_weld_line_no': '0', 'r1_electric': '1.8870057723865944e-24', 'r1_voltage': '0.0', 'r1_speed': '0.0', 'r1_job': '17204', 'r2_rob_no': '26927', 'r2_weld_line_no': '16727', 'r2_electric': '8.358535958640604e-32', 'r2_voltage': '0.0', 'r2_speed': '0.0', 'r2_job': '17203', 'replace_status': '-9102', 'part_status': '16726', 'r1_protective_gas': '15474', 'r1_welding_wire': '0', 'r2_protective_gas': '0', 'r2_welding_wire': '0', 'login_id': '\x00\x00\x00\x00\x00\x00\x00\x00\x00\x00', 'login_password': '\n\x00\x00\x00\x00\x00\x00\x00\x00\x00'}
2021-03-02  11:12:08 Tue root INFO ('\n\x00\x00\x00\x00\x00\x00\x00\x00\x00', '2560', '0', 0, '0', '0', '1.8870057723865944e-24', '0.0', '0.0', '17204', '26927', '16727', '8.358535958640604e-32', '0.0', '0.0', '17203', '-9102', '15474', '0', '0', '0', '\x00\x00\x00\x00\x00\x00\x00\x00\x00\x00', '\n\x00\x00\x00\x00\x00\x00\x00\x00\x00', '16726', '0', '2021-03-02 11:12:08')
2021-03-02  11:12:08 Tue root INFO 成功添加数据
2021-03-02  11:12:08 Tue root INFO mes_plc_r6
2021-03-02  11:12:08 Tue root INFO 读取插入数据库数据：{'product_type': '\n\x00\x00\x00\x00\x00\x00\x00\x00\x00', 'r1_equipment_status': '2560', 'fail_code': '0', 'recerve': '0', 'prod_num': 0, 'r1_rob_no': '0', 'r1_weld_line_no': '0', 'r1_electric': '0.0', 'r1_voltage': '9.183815862507343e-40', 'r1_speed': '0.0', 'r1_job': '0', 'r2_rob_no': '0', 'r2_weld_line_no': '0', 'r2_electric': '0.0', 'r2_voltage': '0.0', 'r2_speed': '0.0', 'r2_job': '0', 'replace_status': '0', 'part_status': '0', 'r1_protective_gas': '0', 'r1_welding_wire': '0', 'r2_protective_gas': '0', 'r2_welding_wire': '0', 'login_id': '\x00\x00\x00\x00\x00\x00\x00\x00\x00\x00', 'login_password': '\n\x00\x00\x00\x00\x00\x00\x00\x00\x00'}
2021-03-02  11:12:08 Tue root INFO ('\n\x00\x00\x00\x00\x00\x00\x00\x00\x00', '2560', '0', 0, '0', '0', '0.0', '9.183815862507343e-40', '0.0', '0', '0', '0', '0.0', '0.0', '0.0', '0', '0', '0', '0', '0', '0', '\x00\x00\x00\x00\x00\x00\x00\x00\x00\x00', '\n\x00\x00\x00\x00\x00\x00\x00\x00\x00', '0', '0', '2021-03-02 11:12:08')
2021-03-02  11:12:08 Tue root INFO 成功添加数据
2021-03-02  11:13:08 Tue root INFO plc连接状态:[1, 1, 1, 1, 1, 1]
2021-03-02  11:13:08 Tue root INFO mes_plc
2021-03-02  11:13:09 Tue root INFO 读取插入数据库数据：{'product_type': '\n\x07250 YDG\x00', 'r1_equipment_status': '2567', 'fail_code': '12853', 'recerve': '12320', 'prod_num': 23108, 'r1_rob_no': '18176', 'r1_weld_line_no': '0', 'r1_electric': '1.0654138796264848e-21', 'r1_voltage': '6.165713243029195e-44', 'r1_speed': '3.6734198463196485e-40', 'r1_job': '17206', 'r2_rob_no': '30493', 'r2_weld_line_no': '16724', 'r2_electric': '8.715097876569077e+29', 'r2_voltage': '0.0', 'r2_speed': '9.550891600431086e-39', 'r2_job': '0', 'replace_status': '0', 'part_status': '0', 'r1_protective_gas': '0', 'r1_welding_wire': '0', 'r2_protective_gas': '0', 'r2_welding_wire': '0', 'login_id': '\x00\x00\x00\x00\x01Z\x00\x00\x00\x00', 'login_password': '\n\x00\x00\x00\x00\x00\x00\x00\x00\x00'}
2021-03-02  11:13:09 Tue root INFO ('\n\x07250 YDG\x00', '2567', '12853', 23108, '18176', '0', '1.0654138796264848e-21', '6.165713243029195e-44', '3.6734198463196485e-40', '17206', '30493', '16724', '8.715097876569077e+29', '0.0', '9.550891600431086e-39', '0', '0', '0', '0', '0', '0', '\x00\x00\x00\x00\x01Z\x00\x00\x00\x00', '\n\x00\x00\x00\x00\x00\x00\x00\x00\x00', '0', '12320', '2021-03-02 11:13:09')
2021-03-02  11:13:09 Tue root INFO 成功添加数据
2021-03-02  11:13:09 Tue root INFO mes_plc_r2
2021-03-02  11:13:09 Tue root INFO 读取插入数据库数据：{'product_type': '\n\x07250 TJ1\x00', 'r1_equipment_status': '0', 'fail_code': '0', 'recerve': '0', 'prod_num': 442, 'r1_rob_no': '4', 'r1_weld_line_no': '0', 'r1_electric': '0.0', 'r1_voltage': '0.0', 'r1_speed': '0.0', 'r1_job': '0', 'r2_rob_no': '0', 'r2_weld_line_no': '0', 'r2_electric': '0.0', 'r2_voltage': '0.0', 'r2_speed': '0.0', 'r2_job': '0', 'replace_status': '0', 'part_status': '0', 'r1_protective_gas': '0', 'r1_welding_wire': '0', 'r2_protective_gas': '0', 'r2_welding_wire': '0', 'login_id': '\n\x00\x00\x00\x00\x00\x00\x00\x00\x00', 'login_password': '\n\x00\x00\x00\x00\x00\x00\x00\x00\x00'}
2021-03-02  11:13:09 Tue root INFO ('\n\x07250 TJ1\x00', '0', '0', 442, '4', '0', '0.0', '0.0', '0.0', '0', '0', '0', '0.0', '0.0', '0.0', '0', '0', '0', '0', '0', '0', '\n\x00\x00\x00\x00\x00\x00\x00\x00\x00', '\n\x00\x00\x00\x00\x00\x00\x00\x00\x00', '0', '0', '2021-03-02 11:13:09')
2021-03-02  11:13:09 Tue root INFO 成功添加数据
2021-03-02  11:13:09 Tue root INFO mes_plc_r3
2021-03-02  11:13:09 Tue root INFO 读取插入数据库数据：{'product_type': '\n\x07250 TJ4\x00', 'r1_equipment_status': '0', 'fail_code': '0', 'recerve': '0', 'prod_num': 441, 'r1_rob_no': '104', 'r1_weld_line_no': '0', 'r1_electric': '183.78182983398438', 'r1_voltage': '13.852720260620117', 'r1_speed': '0.0', 'r1_job': '0', 'r2_rob_no': '0', 'r2_weld_line_no': '0', 'r2_electric': '0.0', 'r2_voltage': '0.0', 'r2_speed': '0.0', 'r2_job': '0', 'replace_status': '0', 'part_status': '0', 'r1_protective_gas': '0', 'r1_welding_wire': '0', 'r2_protective_gas': '0', 'r2_welding_wire': '0', 'login_id': '\n\x00\x00\x00\x00\x00\x00\x00\x00\x00', 'login_password': '\n\x00\x00\x00\x00\x00\x00\x00\x00\x00'}
2021-03-02  11:13:09 Tue root INFO ('\n\x07250 TJ4\x00', '0', '0', 441, '104', '0', '183.78182983398438', '13.852720260620117', '0.0', '0', '0', '0', '0.0', '0.0', '0.0', '0', '0', '0', '0', '0', '0', '\n\x00\x00\x00\x00\x00\x00\x00\x00\x00', '\n\x00\x00\x00\x00\x00\x00\x00\x00\x00', '0', '0', '2021-03-02 11:13:09')
2021-03-02  11:13:09 Tue root INFO 成功添加数据
2021-03-02  11:13:09 Tue root INFO mes_plc_r4
2021-03-02  11:13:09 Tue root INFO 读取插入数据库数据：{'product_type': '\n\x02AA\x00\x00\x00\x00\x00\x00', 'r1_equipment_status': '2562', 'fail_code': '16962', 'recerve': '0', 'prod_num': 0, 'r1_rob_no': '0', 'r1_weld_line_no': '0', 'r1_electric': '9.727692471237622e-22', 'r1_voltage': '2.802596928649634e-45', 'r1_speed': '1.3775324423698682e-38', 'r1_job': '17207', 'r2_rob_no': '-9558', 'r2_weld_line_no': '16721', 'r2_electric': '-92160.0', 'r2_voltage': '0.0', 'r2_speed': '0.0', 'r2_job': '0', 'replace_status': '0', 'part_status': '0', 'r1_protective_gas': '0', 'r1_welding_wire': '0', 'r2_protective_gas': '0', 'r2_welding_wire': '0', 'login_id': '\x00\x00\x00\x00\x00 \x00\x00\x00\x00', 'login_password': '\n\x00\x00\x00\x00\x00\x00\x00\x00\x00'}
2021-03-02  11:13:09 Tue root INFO ('\n\x02AA\x00\x00\x00\x00\x00\x00', '2562', '16962', 0, '0', '0', '9.727692471237622e-22', '2.802596928649634e-45', '1.3775324423698682e-38', '17207', '-9558', '16721', '-92160.0', '0.0', '0.0', '0', '0', '0', '0', '0', '0', '\x00\x00\x00\x00\x00 \x00\x00\x00\x00', '\n\x00\x00\x00\x00\x00\x00\x00\x00\x00', '0', '0', '2021-03-02 11:13:09')
2021-03-02  11:13:10 Tue root INFO 成功添加数据
2021-03-02  11:13:10 Tue root INFO mes_plc_r5
2021-03-02  11:13:10 Tue root INFO 读取插入数据库数据：{'product_type': '\n\x00\x00\x00\x00\x00\x00\x00\x00\x00', 'r1_equipment_status': '2560', 'fail_code': '0', 'recerve': '0', 'prod_num': 0, 'r1_rob_no': '0', 'r1_weld_line_no': '0', 'r1_electric': '1.8870057723865944e-24', 'r1_voltage': '0.0', 'r1_speed': '0.0', 'r1_job': '17204', 'r2_rob_no': '25031', 'r2_weld_line_no': '16727', 'r2_electric': '-20266876928.0', 'r2_voltage': '0.0', 'r2_speed': '0.0', 'r2_job': '17203', 'replace_status': '-10050', 'part_status': '16726', 'r1_protective_gas': '11682', 'r1_welding_wire': '0', 'r2_protective_gas': '0', 'r2_welding_wire': '0', 'login_id': '\x00\x00\x00\x00\x00\x00\x00\x00\x00\x00', 'login_password': '\n\x00\x00\x00\x00\x00\x00\x00\x00\x00'}
2021-03-02  11:13:10 Tue root INFO ('\n\x00\x00\x00\x00\x00\x00\x00\x00\x00', '2560', '0', 0, '0', '0', '1.8870057723865944e-24', '0.0', '0.0', '17204', '25031', '16727', '-20266876928.0', '0.0', '0.0', '17203', '-10050', '11682', '0', '0', '0', '\x00\x00\x00\x00\x00\x00\x00\x00\x00\x00', '\n\x00\x00\x00\x00\x00\x00\x00\x00\x00', '16726', '0', '2021-03-02 11:13:10')
2021-03-02  11:13:10 Tue root INFO 成功添加数据
2021-03-02  11:13:10 Tue root INFO mes_plc_r6
2021-03-02  11:13:10 Tue root INFO 读取插入数据库数据：{'product_type': '\n\x00\x00\x00\x00\x00\x00\x00\x00\x00', 'r1_equipment_status': '2560', 'fail_code': '0', 'recerve': '0', 'prod_num': 0, 'r1_rob_no': '0', 'r1_weld_line_no': '0', 'r1_electric': '0.0', 'r1_voltage': '9.183815862507343e-40', 'r1_speed': '0.0', 'r1_job': '0', 'r2_rob_no': '0', 'r2_weld_line_no': '0', 'r2_electric': '0.0', 'r2_voltage': '0.0', 'r2_speed': '0.0', 'r2_job': '0', 'replace_status': '0', 'part_status': '0', 'r1_protective_gas': '0', 'r1_welding_wire': '0', 'r2_protective_gas': '0', 'r2_welding_wire': '0', 'login_id': '\x00\x00\x00\x00\x00\x00\x00\x00\x00\x00', 'login_password': '\n\x00\x00\x00\x00\x00\x00\x00\x00\x00'}
2021-03-02  11:13:10 Tue root INFO ('\n\x00\x00\x00\x00\x00\x00\x00\x00\x00', '2560', '0', 0, '0', '0', '0.0', '9.183815862507343e-40', '0.0', '0', '0', '0', '0.0', '0.0', '0.0', '0', '0', '0', '0', '0', '0', '\x00\x00\x00\x00\x00\x00\x00\x00\x00\x00', '\n\x00\x00\x00\x00\x00\x00\x00\x00\x00', '0', '0', '2021-03-02 11:13:10')
2021-03-02  11:13:10 Tue root INFO 成功添加数据
2021-03-02  11:14:10 Tue root INFO plc连接状态:[1, 1, 1, 1, 1, 1]
2021-03-02  11:14:10 Tue root INFO mes_plc
2021-03-02  11:14:11 Tue root INFO 读取插入数据库数据：{'product_type': '\n\x07250 YDG\x00', 'r1_equipment_status': '2567', 'fail_code': '12853', 'recerve': '12320', 'prod_num': 23108, 'r1_rob_no': '18176', 'r1_weld_line_no': '0', 'r1_electric': '1.0654138796264848e-21', 'r1_voltage': '6.165713243029195e-44', 'r1_speed': '3.6734198463196485e-40', 'r1_job': '17206', 'r2_rob_no': '29544', 'r2_weld_line_no': '16724', 'r2_electric': '8.715097876569077e+29', 'r2_voltage': '0.0', 'r2_speed': '9.550891600431086e-39', 'r2_job': '0', 'replace_status': '0', 'part_status': '0', 'r1_protective_gas': '0', 'r1_welding_wire': '0', 'r2_protective_gas': '0', 'r2_welding_wire': '0', 'login_id': '\x00\x00\x00\x00\x01Z\x00\x00\x00\x00', 'login_password': '\n\x00\x00\x00\x00\x00\x00\x00\x00\x00'}
2021-03-02  11:14:11 Tue root INFO ('\n\x07250 YDG\x00', '2567', '12853', 23108, '18176', '0', '1.0654138796264848e-21', '6.165713243029195e-44', '3.6734198463196485e-40', '17206', '29544', '16724', '8.715097876569077e+29', '0.0', '9.550891600431086e-39', '0', '0', '0', '0', '0', '0', '\x00\x00\x00\x00\x01Z\x00\x00\x00\x00', '\n\x00\x00\x00\x00\x00\x00\x00\x00\x00', '0', '12320', '2021-03-02 11:14:11')
2021-03-02  11:14:11 Tue root INFO 成功添加数据
2021-03-02  11:14:11 Tue root INFO mes_plc_r2
2021-03-02  11:14:11 Tue root INFO 读取插入数据库数据：{'product_type': '\n\x07250 TJ2\x00', 'r1_equipment_status': '0', 'fail_code': '0', 'recerve': '0', 'prod_num': 443, 'r1_rob_no': '104', 'r1_weld_line_no': '0', 'r1_electric': '0.0', 'r1_voltage': '0.0', 'r1_speed': '0.0', 'r1_job': '0', 'r2_rob_no': '0', 'r2_weld_line_no': '0', 'r2_electric': '0.0', 'r2_voltage': '0.0', 'r2_speed': '0.0', 'r2_job': '0', 'replace_status': '0', 'part_status': '0', 'r1_protective_gas': '0', 'r1_welding_wire': '0', 'r2_protective_gas': '0', 'r2_welding_wire': '0', 'login_id': '\n\x00\x00\x00\x00\x00\x00\x00\x00\x00', 'login_password': '\n\x00\x00\x00\x00\x00\x00\x00\x00\x00'}
2021-03-02  11:14:11 Tue root INFO ('\n\x07250 TJ2\x00', '0', '0', 443, '104', '0', '0.0', '0.0', '0.0', '0', '0', '0', '0.0', '0.0', '0.0', '0', '0', '0', '0', '0', '0', '\n\x00\x00\x00\x00\x00\x00\x00\x00\x00', '\n\x00\x00\x00\x00\x00\x00\x00\x00\x00', '0', '0', '2021-03-02 11:14:11')
2021-03-02  11:14:11 Tue root INFO 成功添加数据
2021-03-02  11:14:11 Tue root INFO mes_plc_r3
2021-03-02  11:14:11 Tue root INFO 读取插入数据库数据：{'product_type': '\n\x07250 TJ4\x00', 'r1_equipment_status': '0', 'fail_code': '0', 'recerve': '0', 'prod_num': 441, 'r1_rob_no': '104', 'r1_weld_line_no': '0', 'r1_electric': '183.83970642089844', 'r1_voltage': '13.874422073364258', 'r1_speed': '0.0', 'r1_job': '0', 'r2_rob_no': '0', 'r2_weld_line_no': '0', 'r2_electric': '0.0', 'r2_voltage': '0.0', 'r2_speed': '0.0', 'r2_job': '0', 'replace_status': '0', 'part_status': '0', 'r1_protective_gas': '0', 'r1_welding_wire': '0', 'r2_protective_gas': '0', 'r2_welding_wire': '0', 'login_id': '\n\x00\x00\x00\x00\x00\x00\x00\x00\x00', 'login_password': '\n\x00\x00\x00\x00\x00\x00\x00\x00\x00'}
2021-03-02  11:14:11 Tue root INFO ('\n\x07250 TJ4\x00', '0', '0', 441, '104', '0', '183.83970642089844', '13.874422073364258', '0.0', '0', '0', '0', '0.0', '0.0', '0.0', '0', '0', '0', '0', '0', '0', '\n\x00\x00\x00\x00\x00\x00\x00\x00\x00', '\n\x00\x00\x00\x00\x00\x00\x00\x00\x00', '0', '0', '2021-03-02 11:14:11')
2021-03-02  11:14:11 Tue root INFO 成功添加数据
2021-03-02  11:14:11 Tue root INFO mes_plc_r4
2021-03-02  11:14:11 Tue root INFO 读取插入数据库数据：{'product_type': '\n\x02AA\x00\x00\x00\x00\x00\x00', 'r1_equipment_status': '2562', 'fail_code': '16962', 'recerve': '0', 'prod_num': 0, 'r1_rob_no': '0', 'r1_weld_line_no': '0', 'r1_electric': '9.727692471237622e-22', 'r1_voltage': '2.802596928649634e-45', 'r1_speed': '1.3775324423698682e-38', 'r1_job': '17207', 'r2_rob_no': '-11454', 'r2_weld_line_no': '16721', 'r2_electric': '-92160.0', 'r2_voltage': '0.0', 'r2_speed': '0.0', 'r2_job': '0', 'replace_status': '0', 'part_status': '0', 'r1_protective_gas': '0', 'r1_welding_wire': '0', 'r2_protective_gas': '0', 'r2_welding_wire': '0', 'login_id': '\x00\x00\x00\x00\x00 \x00\x00\x00\x00', 'login_password': '\n\x00\x00\x00\x00\x00\x00\x00\x00\x00'}
2021-03-02  11:14:11 Tue root INFO ('\n\x02AA\x00\x00\x00\x00\x00\x00', '2562', '16962', 0, '0', '0', '9.727692471237622e-22', '2.802596928649634e-45', '1.3775324423698682e-38', '17207', '-11454', '16721', '-92160.0', '0.0', '0.0', '0', '0', '0', '0', '0', '0', '\x00\x00\x00\x00\x00 \x00\x00\x00\x00', '\n\x00\x00\x00\x00\x00\x00\x00\x00\x00', '0', '0', '2021-03-02 11:14:11')
2021-03-02  11:14:11 Tue root INFO 成功添加数据
2021-03-02  11:14:11 Tue root INFO mes_plc_r5
2021-03-02  11:14:12 Tue root INFO 读取插入数据库数据：{'product_type': '\n\x00\x00\x00\x00\x00\x00\x00\x00\x00', 'r1_equipment_status': '2560', 'fail_code': '0', 'recerve': '0', 'prod_num': 0, 'r1_rob_no': '0', 'r1_weld_line_no': '0', 'r1_electric': '1.8870057723865944e-24', 'r1_voltage': '0.0', 'r1_speed': '0.0', 'r1_job': '17204', 'r2_rob_no': '22186', 'r2_weld_line_no': '16726', 'r2_electric': '-2.87545844912529e-08', 'r2_voltage': '0.0', 'r2_speed': '0.0', 'r2_job': '17203', 'replace_status': '-12895', 'part_status': '16726', 'r1_protective_gas': '15474', 'r1_welding_wire': '0', 'r2_protective_gas': '0', 'r2_welding_wire': '0', 'login_id': '\x00\x00\x00\x00\x00\x00\x00\x00\x00\x00', 'login_password': '\n\x00\x00\x00\x00\x00\x00\x00\x00\x00'}
2021-03-02  11:14:12 Tue root INFO ('\n\x00\x00\x00\x00\x00\x00\x00\x00\x00', '2560', '0', 0, '0', '0', '1.8870057723865944e-24', '0.0', '0.0', '17204', '22186', '16726', '-2.87545844912529e-08', '0.0', '0.0', '17203', '-12895', '15474', '0', '0', '0', '\x00\x00\x00\x00\x00\x00\x00\x00\x00\x00', '\n\x00\x00\x00\x00\x00\x00\x00\x00\x00', '16726', '0', '2021-03-02 11:14:12')
2021-03-02  11:14:12 Tue root INFO 成功添加数据
2021-03-02  11:14:12 Tue root INFO mes_plc_r6
2021-03-02  11:14:12 Tue root INFO 读取插入数据库数据：{'product_type': '\n\x00\x00\x00\x00\x00\x00\x00\x00\x00', 'r1_equipment_status': '2560', 'fail_code': '0', 'recerve': '0', 'prod_num': 0, 'r1_rob_no': '0', 'r1_weld_line_no': '0', 'r1_electric': '0.0', 'r1_voltage': '9.183815862507343e-40', 'r1_speed': '0.0', 'r1_job': '0', 'r2_rob_no': '0', 'r2_weld_line_no': '0', 'r2_electric': '0.0', 'r2_voltage': '0.0', 'r2_speed': '0.0', 'r2_job': '0', 'replace_status': '0', 'part_status': '0', 'r1_protective_gas': '0', 'r1_welding_wire': '0', 'r2_protective_gas': '0', 'r2_welding_wire': '0', 'login_id': '\x00\x00\x00\x00\x00\x00\x00\x00\x00\x00', 'login_password': '\n\x00\x00\x00\x00\x00\x00\x00\x00\x00'}
2021-03-02  11:14:12 Tue root INFO ('\n\x00\x00\x00\x00\x00\x00\x00\x00\x00', '2560', '0', 0, '0', '0', '0.0', '9.183815862507343e-40', '0.0', '0', '0', '0', '0.0', '0.0', '0.0', '0', '0', '0', '0', '0', '0', '\x00\x00\x00\x00\x00\x00\x00\x00\x00\x00', '\n\x00\x00\x00\x00\x00\x00\x00\x00\x00', '0', '0', '2021-03-02 11:14:12')
2021-03-02  11:14:12 Tue root INFO 成功添加数据
2021-03-02  11:15:12 Tue root INFO plc连接状态:[1, 1, 1, 1, 1, 1]
2021-03-02  11:15:12 Tue root INFO mes_plc
2021-03-02  11:15:12 Tue root INFO 读取插入数据库数据：{'product_type': '\n\x07250 YDG\x00', 'r1_equipment_status': '2567', 'fail_code': '12853', 'recerve': '12320', 'prod_num': 23108, 'r1_rob_no': '18176', 'r1_weld_line_no': '0', 'r1_electric': '1.0654138796264848e-21', 'r1_voltage': '6.165713243029195e-44', 'r1_speed': '3.6734198463196485e-40', 'r1_job': '17206', 'r2_rob_no': '29544', 'r2_weld_line_no': '16724', 'r2_electric': '8.715097876569077e+29', 'r2_voltage': '0.0', 'r2_speed': '9.550891600431086e-39', 'r2_job': '0', 'replace_status': '0', 'part_status': '0', 'r1_protective_gas': '0', 'r1_welding_wire': '0', 'r2_protective_gas': '0', 'r2_welding_wire': '0', 'login_id': '\x00\x00\x00\x00\x01Z\x00\x00\x00\x00', 'login_password': '\n\x00\x00\x00\x00\x00\x00\x00\x00\x00'}
2021-03-02  11:15:12 Tue root INFO ('\n\x07250 YDG\x00', '2567', '12853', 23108, '18176', '0', '1.0654138796264848e-21', '6.165713243029195e-44', '3.6734198463196485e-40', '17206', '29544', '16724', '8.715097876569077e+29', '0.0', '9.550891600431086e-39', '0', '0', '0', '0', '0', '0', '\x00\x00\x00\x00\x01Z\x00\x00\x00\x00', '\n\x00\x00\x00\x00\x00\x00\x00\x00\x00', '0', '12320', '2021-03-02 11:15:12')
2021-03-02  11:15:12 Tue root INFO 成功添加数据
2021-03-02  11:15:12 Tue root INFO mes_plc_r2
2021-03-02  11:15:13 Tue root INFO 读取插入数据库数据：{'product_type': '\n\x07250 TJ2\x00', 'r1_equipment_status': '0', 'fail_code': '0', 'recerve': '0', 'prod_num': 443, 'r1_rob_no': '104', 'r1_weld_line_no': '0', 'r1_electric': '0.0', 'r1_voltage': '0.0', 'r1_speed': '0.0', 'r1_job': '0', 'r2_rob_no': '0', 'r2_weld_line_no': '0', 'r2_electric': '0.0', 'r2_voltage': '0.0', 'r2_speed': '0.0', 'r2_job': '0', 'replace_status': '0', 'part_status': '0', 'r1_protective_gas': '0', 'r1_welding_wire': '0', 'r2_protective_gas': '0', 'r2_welding_wire': '0', 'login_id': '\n\x00\x00\x00\x00\x00\x00\x00\x00\x00', 'login_password': '\n\x00\x00\x00\x00\x00\x00\x00\x00\x00'}
2021-03-02  11:15:13 Tue root INFO ('\n\x07250 TJ2\x00', '0', '0', 443, '104', '0', '0.0', '0.0', '0.0', '0', '0', '0', '0.0', '0.0', '0.0', '0', '0', '0', '0', '0', '0', '\n\x00\x00\x00\x00\x00\x00\x00\x00\x00', '\n\x00\x00\x00\x00\x00\x00\x00\x00\x00', '0', '0', '2021-03-02 11:15:13')
2021-03-02  11:15:13 Tue root INFO 成功添加数据
2021-03-02  11:15:13 Tue root INFO mes_plc_r3
2021-03-02  11:15:13 Tue root INFO 读取插入数据库数据：{'product_type': '\n\x07250 TJ4\x00', 'r1_equipment_status': '0', 'fail_code': '0', 'recerve': '0', 'prod_num': 441, 'r1_rob_no': '104', 'r1_weld_line_no': '0', 'r1_electric': '183.76736450195312', 'r1_voltage': '-4.257089138031006', 'r1_speed': '0.0', 'r1_job': '0', 'r2_rob_no': '0', 'r2_weld_line_no': '0', 'r2_electric': '0.0', 'r2_voltage': '0.0', 'r2_speed': '0.0', 'r2_job': '0', 'replace_status': '0', 'part_status': '0', 'r1_protective_gas': '0', 'r1_welding_wire': '0', 'r2_protective_gas': '0', 'r2_welding_wire': '0', 'login_id': '\n\x00\x00\x00\x00\x00\x00\x00\x00\x00', 'login_password': '\n\x00\x00\x00\x00\x00\x00\x00\x00\x00'}
2021-03-02  11:15:13 Tue root INFO ('\n\x07250 TJ4\x00', '0', '0', 441, '104', '0', '183.76736450195312', '-4.257089138031006', '0.0', '0', '0', '0', '0.0', '0.0', '0.0', '0', '0', '0', '0', '0', '0', '\n\x00\x00\x00\x00\x00\x00\x00\x00\x00', '\n\x00\x00\x00\x00\x00\x00\x00\x00\x00', '0', '0', '2021-03-02 11:15:13')
2021-03-02  11:15:13 Tue root INFO 成功添加数据
2021-03-02  11:15:13 Tue root INFO mes_plc_r4
2021-03-02  11:15:13 Tue root INFO 读取插入数据库数据：{'product_type': '\n\x02AA\x00\x00\x00\x00\x00\x00', 'r1_equipment_status': '2562', 'fail_code': '16962', 'recerve': '0', 'prod_num': 0, 'r1_rob_no': '0', 'r1_weld_line_no': '0', 'r1_electric': '9.727692471237622e-22', 'r1_voltage': '2.802596928649634e-45', 'r1_speed': '1.3775324423698682e-38', 'r1_job': '17207', 'r2_rob_no': '-10505', 'r2_weld_line_no': '16721', 'r2_electric': '-1.2967404927621828e-13', 'r2_voltage': '0.0', 'r2_speed': '0.0', 'r2_job': '0', 'replace_status': '0', 'part_status': '0', 'r1_protective_gas': '0', 'r1_welding_wire': '0', 'r2_protective_gas': '0', 'r2_welding_wire': '0', 'login_id': '\x00\x00\x00\x00\x00 \x00\x00\x00\x00', 'login_password': '\n\x00\x00\x00\x00\x00\x00\x00\x00\x00'}
2021-03-02  11:15:13 Tue root INFO ('\n\x02AA\x00\x00\x00\x00\x00\x00', '2562', '16962', 0, '0', '0', '9.727692471237622e-22', '2.802596928649634e-45', '1.3775324423698682e-38', '17207', '-10505', '16721', '-1.2967404927621828e-13', '0.0', '0.0', '0', '0', '0', '0', '0', '0', '\x00\x00\x00\x00\x00 \x00\x00\x00\x00', '\n\x00\x00\x00\x00\x00\x00\x00\x00\x00', '0', '0', '2021-03-02 11:15:13')
2021-03-02  11:15:13 Tue root INFO 成功添加数据
2021-03-02  11:15:13 Tue root INFO mes_plc_r5
2021-03-02  11:15:14 Tue root INFO 读取插入数据库数据：{'product_type': '\n\x00\x00\x00\x00\x00\x00\x00\x00\x00', 'r1_equipment_status': '2560', 'fail_code': '0', 'recerve': '0', 'prod_num': 0, 'r1_rob_no': '0', 'r1_weld_line_no': '0', 'r1_electric': '1.8870057723865944e-24', 'r1_voltage': '0.0', 'r1_speed': '0.0', 'r1_job': '17204', 'r2_rob_no': '25031', 'r2_weld_line_no': '16726', 'r2_electric': '8.358535958640604e-32', 'r2_voltage': '0.0', 'r2_speed': '0.0', 'r2_job': '17203', 'replace_status': '-10050', 'part_status': '16726', 'r1_protective_gas': '15474', 'r1_welding_wire': '0', 'r2_protective_gas': '0', 'r2_welding_wire': '0', 'login_id': '\x00\x00\x00\x00\x00\x00\x00\x00\x00\x00', 'login_password': '\n\x00\x00\x00\x00\x00\x00\x00\x00\x00'}
2021-03-02  11:15:14 Tue root INFO ('\n\x00\x00\x00\x00\x00\x00\x00\x00\x00', '2560', '0', 0, '0', '0', '1.8870057723865944e-24', '0.0', '0.0', '17204', '25031', '16726', '8.358535958640604e-32', '0.0', '0.0', '17203', '-10050', '15474', '0', '0', '0', '\x00\x00\x00\x00\x00\x00\x00\x00\x00\x00', '\n\x00\x00\x00\x00\x00\x00\x00\x00\x00', '16726', '0', '2021-03-02 11:15:14')
2021-03-02  11:15:14 Tue root INFO 成功添加数据
2021-03-02  11:15:14 Tue root INFO mes_plc_r6
2021-03-02  11:15:14 Tue root INFO 读取插入数据库数据：{'product_type': '\n\x00\x00\x00\x00\x00\x00\x00\x00\x00', 'r1_equipment_status': '2560', 'fail_code': '0', 'recerve': '0', 'prod_num': 0, 'r1_rob_no': '0', 'r1_weld_line_no': '0', 'r1_electric': '0.0', 'r1_voltage': '9.183815862507343e-40', 'r1_speed': '0.0', 'r1_job': '0', 'r2_rob_no': '0', 'r2_weld_line_no': '0', 'r2_electric': '0.0', 'r2_voltage': '0.0', 'r2_speed': '0.0', 'r2_job': '0', 'replace_status': '0', 'part_status': '0', 'r1_protective_gas': '0', 'r1_welding_wire': '0', 'r2_protective_gas': '0', 'r2_welding_wire': '0', 'login_id': '\x00\x00\x00\x00\x00\x00\x00\x00\x00\x00', 'login_password': '\n\x00\x00\x00\x00\x00\x00\x00\x00\x00'}
2021-03-02  11:15:14 Tue root INFO ('\n\x00\x00\x00\x00\x00\x00\x00\x00\x00', '2560', '0', 0, '0', '0', '0.0', '9.183815862507343e-40', '0.0', '0', '0', '0', '0.0', '0.0', '0.0', '0', '0', '0', '0', '0', '0', '\x00\x00\x00\x00\x00\x00\x00\x00\x00\x00', '\n\x00\x00\x00\x00\x00\x00\x00\x00\x00', '0', '0', '2021-03-02 11:15:14')
2021-03-02  11:15:14 Tue root INFO 成功添加数据
2021-03-02  11:16:14 Tue root INFO plc连接状态:[1, 1, 1, 1, 1, 1]
2021-03-02  11:16:14 Tue root INFO mes_plc
2021-03-02  11:16:14 Tue root INFO 读取插入数据库数据：{'product_type': '\n\x07250 YDG\x00', 'r1_equipment_status': '2567', 'fail_code': '12853', 'recerve': '12320', 'prod_num': 23108, 'r1_rob_no': '18176', 'r1_weld_line_no': '0', 'r1_electric': '1.0654138796264848e-21', 'r1_voltage': '6.165713243029195e-44', 'r1_speed': '3.6734198463196485e-40', 'r1_job': '17206', 'r2_rob_no': '29544', 'r2_weld_line_no': '16724', 'r2_electric': '8.715097876569077e+29', 'r2_voltage': '0.0', 'r2_speed': '9.550891600431086e-39', 'r2_job': '0', 'replace_status': '0', 'part_status': '0', 'r1_protective_gas': '0', 'r1_welding_wire': '0', 'r2_protective_gas': '0', 'r2_welding_wire': '0', 'login_id': '\x00\x00\x00\x00\x01Z\x00\x00\x00\x00', 'login_password': '\n\x00\x00\x00\x00\x00\x00\x00\x00\x00'}
2021-03-02  11:16:14 Tue root INFO ('\n\x07250 YDG\x00', '2567', '12853', 23108, '18176', '0', '1.0654138796264848e-21', '6.165713243029195e-44', '3.6734198463196485e-40', '17206', '29544', '16724', '8.715097876569077e+29', '0.0', '9.550891600431086e-39', '0', '0', '0', '0', '0', '0', '\x00\x00\x00\x00\x01Z\x00\x00\x00\x00', '\n\x00\x00\x00\x00\x00\x00\x00\x00\x00', '0', '12320', '2021-03-02 11:16:14')
2021-03-02  11:16:14 Tue root INFO 成功添加数据
2021-03-02  11:16:14 Tue root INFO mes_plc_r2
2021-03-02  11:16:14 Tue root INFO 读取插入数据库数据：{'product_type': '\n\x07250 TJ2\x00', 'r1_equipment_status': '0', 'fail_code': '0', 'recerve': '0', 'prod_num': 443, 'r1_rob_no': '104', 'r1_weld_line_no': '0', 'r1_electric': '0.0', 'r1_voltage': '0.0', 'r1_speed': '0.0', 'r1_job': '0', 'r2_rob_no': '0', 'r2_weld_line_no': '0', 'r2_electric': '0.0', 'r2_voltage': '0.0', 'r2_speed': '0.0', 'r2_job': '0', 'replace_status': '0', 'part_status': '0', 'r1_protective_gas': '0', 'r1_welding_wire': '0', 'r2_protective_gas': '0', 'r2_welding_wire': '0', 'login_id': '\n\x00\x00\x00\x00\x00\x00\x00\x00\x00', 'login_password': '\n\x00\x00\x00\x00\x00\x00\x00\x00\x00'}
2021-03-02  11:16:14 Tue root INFO ('\n\x07250 TJ2\x00', '0', '0', 443, '104', '0', '0.0', '0.0', '0.0', '0', '0', '0', '0.0', '0.0', '0.0', '0', '0', '0', '0', '0', '0', '\n\x00\x00\x00\x00\x00\x00\x00\x00\x00', '\n\x00\x00\x00\x00\x00\x00\x00\x00\x00', '0', '0', '2021-03-02 11:16:14')
2021-03-02  11:16:15 Tue root INFO 成功添加数据
2021-03-02  11:16:15 Tue root INFO mes_plc_r3
2021-03-02  11:16:15 Tue root INFO 读取插入数据库数据：{'product_type': '\n\x07250 TJ3\x00', 'r1_equipment_status': '0', 'fail_code': '0', 'recerve': '0', 'prod_num': 442, 'r1_rob_no': '4', 'r1_weld_line_no': '0', 'r1_electric': '183.85415649414062', 'r1_voltage': '13.863571166992188', 'r1_speed': '0.0', 'r1_job': '0', 'r2_rob_no': '0', 'r2_weld_line_no': '0', 'r2_electric': '0.0', 'r2_voltage': '0.0', 'r2_speed': '0.0', 'r2_job': '0', 'replace_status': '0', 'part_status': '0', 'r1_protective_gas': '0', 'r1_welding_wire': '0', 'r2_protective_gas': '0', 'r2_welding_wire': '0', 'login_id': '\n\x00\x00\x00\x00\x00\x00\x00\x00\x00', 'login_password': '\n\x00\x00\x00\x00\x00\x00\x00\x00\x00'}
2021-03-02  11:16:15 Tue root INFO ('\n\x07250 TJ3\x00', '0', '0', 442, '4', '0', '183.85415649414062', '13.863571166992188', '0.0', '0', '0', '0', '0.0', '0.0', '0.0', '0', '0', '0', '0', '0', '0', '\n\x00\x00\x00\x00\x00\x00\x00\x00\x00', '\n\x00\x00\x00\x00\x00\x00\x00\x00\x00', '0', '0', '2021-03-02 11:16:15')
2021-03-02  11:16:15 Tue root INFO 成功添加数据
2021-03-02  11:16:15 Tue root INFO mes_plc_r4
2021-03-02  11:16:15 Tue root INFO 读取插入数据库数据：{'product_type': '\n\x02AA\x00\x00\x00\x00\x00\x00', 'r1_equipment_status': '2562', 'fail_code': '16962', 'recerve': '0', 'prod_num': 0, 'r1_rob_no': '0', 'r1_weld_line_no': '0', 'r1_electric': '9.727692471237622e-22', 'r1_voltage': '2.802596928649634e-45', 'r1_speed': '1.3775324423698682e-38', 'r1_job': '17207', 'r2_rob_no': '-7661', 'r2_weld_line_no': '16721', 'r2_electric': '3.139666402779627e-28', 'r2_voltage': '0.0', 'r2_speed': '0.0', 'r2_job': '0', 'replace_status': '0', 'part_status': '0', 'r1_protective_gas': '0', 'r1_welding_wire': '0', 'r2_protective_gas': '0', 'r2_welding_wire': '0', 'login_id': '\x00\x00\x00\x00\x00 \x00\x00\x00\x00', 'login_password': '\n\x00\x00\x00\x00\x00\x00\x00\x00\x00'}
2021-03-02  11:16:15 Tue root INFO ('\n\x02AA\x00\x00\x00\x00\x00\x00', '2562', '16962', 0, '0', '0', '9.727692471237622e-22', '2.802596928649634e-45', '1.3775324423698682e-38', '17207', '-7661', '16721', '3.139666402779627e-28', '0.0', '0.0', '0', '0', '0', '0', '0', '0', '\x00\x00\x00\x00\x00 \x00\x00\x00\x00', '\n\x00\x00\x00\x00\x00\x00\x00\x00\x00', '0', '0', '2021-03-02 11:16:15')
2021-03-02  11:16:15 Tue root INFO 成功添加数据
2021-03-02  11:16:15 Tue root INFO mes_plc_r5
2021-03-02  11:16:15 Tue root INFO 读取插入数据库数据：{'product_type': '\n\x00\x00\x00\x00\x00\x00\x00\x00\x00', 'r1_equipment_status': '2560', 'fail_code': '0', 'recerve': '0', 'prod_num': 0, 'r1_rob_no': '0', 'r1_weld_line_no': '0', 'r1_electric': '1.8870057723865944e-24', 'r1_voltage': '0.0', 'r1_speed': '0.0', 'r1_job': '17204', 'r2_rob_no': '23135', 'r2_weld_line_no': '16727', 'r2_electric': '7.072394237328387e-23', 'r2_voltage': '0.0', 'r2_speed': '0.0', 'r2_job': '17203', 'replace_status': '-12895', 'part_status': '16726', 'r1_protective_gas': '19266', 'r1_welding_wire': '0', 'r2_protective_gas': '0', 'r2_welding_wire': '0', 'login_id': '\x00\x00\x00\x00\x00\x00\x00\x00\x00\x00', 'login_password': '\n\x00\x00\x00\x00\x00\x00\x00\x00\x00'}
2021-03-02  11:16:15 Tue root INFO ('\n\x00\x00\x00\x00\x00\x00\x00\x00\x00', '2560', '0', 0, '0', '0', '1.8870057723865944e-24', '0.0', '0.0', '17204', '23135', '16727', '7.072394237328387e-23', '0.0', '0.0', '17203', '-12895', '19266', '0', '0', '0', '\x00\x00\x00\x00\x00\x00\x00\x00\x00\x00', '\n\x00\x00\x00\x00\x00\x00\x00\x00\x00', '16726', '0', '2021-03-02 11:16:15')
2021-03-02  11:16:15 Tue root INFO 成功添加数据
2021-03-02  11:16:15 Tue root INFO mes_plc_r6
2021-03-02  11:16:16 Tue root INFO 读取插入数据库数据：{'product_type': '\n\x00\x00\x00\x00\x00\x00\x00\x00\x00', 'r1_equipment_status': '2560', 'fail_code': '0', 'recerve': '0', 'prod_num': 0, 'r1_rob_no': '0', 'r1_weld_line_no': '0', 'r1_electric': '0.0', 'r1_voltage': '9.183815862507343e-40', 'r1_speed': '0.0', 'r1_job': '0', 'r2_rob_no': '0', 'r2_weld_line_no': '0', 'r2_electric': '0.0', 'r2_voltage': '0.0', 'r2_speed': '0.0', 'r2_job': '0', 'replace_status': '0', 'part_status': '0', 'r1_protective_gas': '0', 'r1_welding_wire': '0', 'r2_protective_gas': '0', 'r2_welding_wire': '0', 'login_id': '\x00\x00\x00\x00\x00\x00\x00\x00\x00\x00', 'login_password': '\n\x00\x00\x00\x00\x00\x00\x00\x00\x00'}
2021-03-02  11:16:16 Tue root INFO ('\n\x00\x00\x00\x00\x00\x00\x00\x00\x00', '2560', '0', 0, '0', '0', '0.0', '9.183815862507343e-40', '0.0', '0', '0', '0', '0.0', '0.0', '0.0', '0', '0', '0', '0', '0', '0', '\x00\x00\x00\x00\x00\x00\x00\x00\x00\x00', '\n\x00\x00\x00\x00\x00\x00\x00\x00\x00', '0', '0', '2021-03-02 11:16:16')
2021-03-02  11:16:16 Tue root INFO 成功添加数据
2021-03-02  11:17:16 Tue root INFO plc连接状态:[1, 1, 1, 1, 1, 1]
2021-03-02  11:17:16 Tue root INFO mes_plc
2021-03-02  11:17:16 Tue root INFO 读取插入数据库数据：{'product_type': '\n\x07250 YDG\x00', 'r1_equipment_status': '2567', 'fail_code': '12853', 'recerve': '12320', 'prod_num': 23108, 'r1_rob_no': '18176', 'r1_weld_line_no': '0', 'r1_electric': '1.0654138796264848e-21', 'r1_voltage': '6.165713243029195e-44', 'r1_speed': '3.6734198463196485e-40', 'r1_job': '17206', 'r2_rob_no': '31441', 'r2_weld_line_no': '16724', 'r2_electric': '1.0237942960908801e+21', 'r2_voltage': '0.0', 'r2_speed': '9.550891600431086e-39', 'r2_job': '0', 'replace_status': '0', 'part_status': '0', 'r1_protective_gas': '0', 'r1_welding_wire': '0', 'r2_protective_gas': '0', 'r2_welding_wire': '0', 'login_id': '\x00\x00\x00\x00\x01Z\x00\x00\x00\x00', 'login_password': '\n\x00\x00\x00\x00\x00\x00\x00\x00\x00'}
2021-03-02  11:17:16 Tue root INFO ('\n\x07250 YDG\x00', '2567', '12853', 23108, '18176', '0', '1.0654138796264848e-21', '6.165713243029195e-44', '3.6734198463196485e-40', '17206', '31441', '16724', '1.0237942960908801e+21', '0.0', '9.550891600431086e-39', '0', '0', '0', '0', '0', '0', '\x00\x00\x00\x00\x01Z\x00\x00\x00\x00', '\n\x00\x00\x00\x00\x00\x00\x00\x00\x00', '0', '12320', '2021-03-02 11:17:16')
2021-03-02  11:17:16 Tue root INFO 成功添加数据
2021-03-02  11:17:16 Tue root INFO mes_plc_r2
2021-03-02  11:17:16 Tue root INFO 读取插入数据库数据：{'product_type': '\n\x07250 TJ2\x00', 'r1_equipment_status': '0', 'fail_code': '0', 'recerve': '0', 'prod_num': 443, 'r1_rob_no': '104', 'r1_weld_line_no': '0', 'r1_electric': '0.0', 'r1_voltage': '0.0', 'r1_speed': '0.0', 'r1_job': '0', 'r2_rob_no': '0', 'r2_weld_line_no': '0', 'r2_electric': '0.0', 'r2_voltage': '0.0', 'r2_speed': '0.0', 'r2_job': '0', 'replace_status': '0', 'part_status': '0', 'r1_protective_gas': '0', 'r1_welding_wire': '0', 'r2_protective_gas': '0', 'r2_welding_wire': '0', 'login_id': '\n\x00\x00\x00\x00\x00\x00\x00\x00\x00', 'login_password': '\n\x00\x00\x00\x00\x00\x00\x00\x00\x00'}
2021-03-02  11:17:16 Tue root INFO ('\n\x07250 TJ2\x00', '0', '0', 443, '104', '0', '0.0', '0.0', '0.0', '0', '0', '0', '0.0', '0.0', '0.0', '0', '0', '0', '0', '0', '0', '\n\x00\x00\x00\x00\x00\x00\x00\x00\x00', '\n\x00\x00\x00\x00\x00\x00\x00\x00\x00', '0', '0', '2021-03-02 11:17:16')
2021-03-02  11:17:16 Tue root INFO 成功添加数据
2021-03-02  11:17:16 Tue root INFO mes_plc_r3
2021-03-02  11:17:17 Tue root INFO 读取插入数据库数据：{'product_type': '\n\x07250 TJ3\x00', 'r1_equipment_status': '0', 'fail_code': '0', 'recerve': '0', 'prod_num': 442, 'r1_rob_no': '4', 'r1_weld_line_no': '0', 'r1_electric': '183.8831024169922', 'r1_voltage': '13.84548568725586', 'r1_speed': '0.0', 'r1_job': '0', 'r2_rob_no': '0', 'r2_weld_line_no': '0', 'r2_electric': '0.0', 'r2_voltage': '0.0', 'r2_speed': '0.0', 'r2_job': '0', 'replace_status': '0', 'part_status': '0', 'r1_protective_gas': '0', 'r1_welding_wire': '0', 'r2_protective_gas': '0', 'r2_welding_wire': '0', 'login_id': '\n\x00\x00\x00\x00\x00\x00\x00\x00\x00', 'login_password': '\n\x00\x00\x00\x00\x00\x00\x00\x00\x00'}
2021-03-02  11:17:17 Tue root INFO ('\n\x07250 TJ3\x00', '0', '0', 442, '4', '0', '183.8831024169922', '13.84548568725586', '0.0', '0', '0', '0', '0.0', '0.0', '0.0', '0', '0', '0', '0', '0', '0', '\n\x00\x00\x00\x00\x00\x00\x00\x00\x00', '\n\x00\x00\x00\x00\x00\x00\x00\x00\x00', '0', '0', '2021-03-02 11:17:17')
2021-03-02  11:17:17 Tue root INFO 成功添加数据
2021-03-02  11:17:17 Tue root INFO mes_plc_r4
2021-03-02  11:17:17 Tue root INFO 读取插入数据库数据：{'product_type': '\n\x02AA\x00\x00\x00\x00\x00\x00', 'r1_equipment_status': '2562', 'fail_code': '16962', 'recerve': '0', 'prod_num': 0, 'r1_rob_no': '0', 'r1_weld_line_no': '0', 'r1_electric': '9.727692471237622e-22', 'r1_voltage': '2.802596928649634e-45', 'r1_speed': '1.3775324423698682e-38', 'r1_job': '17207', 'r2_rob_no': '-6713', 'r2_weld_line_no': '16721', 'r2_electric': '-6.286650380320215e+22', 'r2_voltage': '0.0', 'r2_speed': '0.0', 'r2_job': '0', 'replace_status': '0', 'part_status': '0', 'r1_protective_gas': '0', 'r1_welding_wire': '0', 'r2_protective_gas': '0', 'r2_welding_wire': '0', 'login_id': '\x00\x00\x00\x00\x00 \x00\x00\x00\x00', 'login_password': '\n\x00\x00\x00\x00\x00\x00\x00\x00\x00'}
2021-03-02  11:17:17 Tue root INFO ('\n\x02AA\x00\x00\x00\x00\x00\x00', '2562', '16962', 0, '0', '0', '9.727692471237622e-22', '2.802596928649634e-45', '1.3775324423698682e-38', '17207', '-6713', '16721', '-6.286650380320215e+22', '0.0', '0.0', '0', '0', '0', '0', '0', '0', '\x00\x00\x00\x00\x00 \x00\x00\x00\x00', '\n\x00\x00\x00\x00\x00\x00\x00\x00\x00', '0', '0', '2021-03-02 11:17:17')
2021-03-02  11:17:17 Tue root INFO 成功添加数据
2021-03-02  11:17:17 Tue root INFO mes_plc_r5
2021-03-02  11:17:17 Tue root INFO 读取插入数据库数据：{'product_type': '\n\x00\x00\x00\x00\x00\x00\x00\x00\x00', 'r1_equipment_status': '2560', 'fail_code': '0', 'recerve': '0', 'prod_num': 0, 'r1_rob_no': '0', 'r1_weld_line_no': '0', 'r1_electric': '1.8870057723865944e-24', 'r1_voltage': '0.0', 'r1_speed': '0.0', 'r1_job': '17204', 'r2_rob_no': '20290', 'r2_weld_line_no': '16726', 'r2_electric': '-4.301500743989133e-26', 'r2_voltage': '0.0', 'r2_speed': '0.0', 'r2_job': '17203', 'replace_status': '-12895', 'part_status': '16726', 'r1_protective_gas': '19266', 'r1_welding_wire': '0', 'r2_protective_gas': '0', 'r2_welding_wire': '0', 'login_id': '\x00\x00\x00\x00\x00\x00\x00\x00\x00\x00', 'login_password': '\n\x00\x00\x00\x00\x00\x00\x00\x00\x00'}
2021-03-02  11:17:17 Tue root INFO ('\n\x00\x00\x00\x00\x00\x00\x00\x00\x00', '2560', '0', 0, '0', '0', '1.8870057723865944e-24', '0.0', '0.0', '17204', '20290', '16726', '-4.301500743989133e-26', '0.0', '0.0', '17203', '-12895', '19266', '0', '0', '0', '\x00\x00\x00\x00\x00\x00\x00\x00\x00\x00', '\n\x00\x00\x00\x00\x00\x00\x00\x00\x00', '16726', '0', '2021-03-02 11:17:17')
2021-03-02  11:17:17 Tue root INFO 成功添加数据
2021-03-02  11:17:17 Tue root INFO mes_plc_r6
2021-03-02  11:17:18 Tue root INFO 读取插入数据库数据：{'product_type': '\n\x00\x00\x00\x00\x00\x00\x00\x00\x00', 'r1_equipment_status': '2560', 'fail_code': '0', 'recerve': '0', 'prod_num': 0, 'r1_rob_no': '0', 'r1_weld_line_no': '0', 'r1_electric': '0.0', 'r1_voltage': '9.183815862507343e-40', 'r1_speed': '0.0', 'r1_job': '0', 'r2_rob_no': '0', 'r2_weld_line_no': '0', 'r2_electric': '0.0', 'r2_voltage': '0.0', 'r2_speed': '0.0', 'r2_job': '0', 'replace_status': '0', 'part_status': '0', 'r1_protective_gas': '0', 'r1_welding_wire': '0', 'r2_protective_gas': '0', 'r2_welding_wire': '0', 'login_id': '\x00\x00\x00\x00\x00\x00\x00\x00\x00\x00', 'login_password': '\n\x00\x00\x00\x00\x00\x00\x00\x00\x00'}
2021-03-02  11:17:18 Tue root INFO ('\n\x00\x00\x00\x00\x00\x00\x00\x00\x00', '2560', '0', 0, '0', '0', '0.0', '9.183815862507343e-40', '0.0', '0', '0', '0', '0.0', '0.0', '0.0', '0', '0', '0', '0', '0', '0', '\x00\x00\x00\x00\x00\x00\x00\x00\x00\x00', '\n\x00\x00\x00\x00\x00\x00\x00\x00\x00', '0', '0', '2021-03-02 11:17:18')
2021-03-02  11:17:18 Tue root INFO 成功添加数据
2021-03-02  11:18:18 Tue root INFO plc连接状态:[1, 1, 1, 1, 1, 1]
2021-03-02  11:18:18 Tue root INFO mes_plc
2021-03-02  11:18:18 Tue root INFO 读取插入数据库数据：{'product_type': '\n\x07250 YDG\x00', 'r1_equipment_status': '2567', 'fail_code': '12853', 'recerve': '12320', 'prod_num': 23108, 'r1_rob_no': '18176', 'r1_weld_line_no': '0', 'r1_electric': '1.0654138796264848e-21', 'r1_voltage': '6.165713243029195e-44', 'r1_speed': '3.6734198463196485e-40', 'r1_job': '17206', 'r2_rob_no': '31441', 'r2_weld_line_no': '16724', 'r2_electric': '1520.0', 'r2_voltage': '0.0', 'r2_speed': '9.550891600431086e-39', 'r2_job': '0', 'replace_status': '0', 'part_status': '0', 'r1_protective_gas': '0', 'r1_welding_wire': '0', 'r2_protective_gas': '0', 'r2_welding_wire': '0', 'login_id': '\x00\x00\x00\x00\x01Z\x00\x00\x00\x00', 'login_password': '\n\x00\x00\x00\x00\x00\x00\x00\x00\x00'}
2021-03-02  11:18:18 Tue root INFO ('\n\x07250 YDG\x00', '2567', '12853', 23108, '18176', '0', '1.0654138796264848e-21', '6.165713243029195e-44', '3.6734198463196485e-40', '17206', '31441', '16724', '1520.0', '0.0', '9.550891600431086e-39', '0', '0', '0', '0', '0', '0', '\x00\x00\x00\x00\x01Z\x00\x00\x00\x00', '\n\x00\x00\x00\x00\x00\x00\x00\x00\x00', '0', '12320', '2021-03-02 11:18:18')
2021-03-02  11:18:18 Tue root INFO 成功添加数据
2021-03-02  11:18:18 Tue root INFO mes_plc_r2
2021-03-02  11:18:18 Tue root INFO 读取插入数据库数据：{'product_type': '\n\x07250 TJ1\x00', 'r1_equipment_status': '0', 'fail_code': '0', 'recerve': '0', 'prod_num': 444, 'r1_rob_no': '4', 'r1_weld_line_no': '0', 'r1_electric': '0.0', 'r1_voltage': '0.0', 'r1_speed': '0.0', 'r1_job': '0', 'r2_rob_no': '0', 'r2_weld_line_no': '0', 'r2_electric': '0.0', 'r2_voltage': '0.0', 'r2_speed': '0.0', 'r2_job': '0', 'replace_status': '0', 'part_status': '0', 'r1_protective_gas': '0', 'r1_welding_wire': '0', 'r2_protective_gas': '0', 'r2_welding_wire': '0', 'login_id': '\n\x00\x00\x00\x00\x00\x00\x00\x00\x00', 'login_password': '\n\x00\x00\x00\x00\x00\x00\x00\x00\x00'}
2021-03-02  11:18:18 Tue root INFO ('\n\x07250 TJ1\x00', '0', '0', 444, '4', '0', '0.0', '0.0', '0.0', '0', '0', '0', '0.0', '0.0', '0.0', '0', '0', '0', '0', '0', '0', '\n\x00\x00\x00\x00\x00\x00\x00\x00\x00', '\n\x00\x00\x00\x00\x00\x00\x00\x00\x00', '0', '0', '2021-03-02 11:18:18')
2021-03-02  11:18:18 Tue root INFO 成功添加数据
2021-03-02  11:18:18 Tue root INFO mes_plc_r3
2021-03-02  11:18:19 Tue root INFO 读取插入数据库数据：{'product_type': '\n\x07250 TJ3\x00', 'r1_equipment_status': '0', 'fail_code': '0', 'recerve': '0', 'prod_num': 442, 'r1_rob_no': '4', 'r1_weld_line_no': '0', 'r1_electric': '183.8831024169922', 'r1_voltage': '118.51490783691406', 'r1_speed': '0.0', 'r1_job': '0', 'r2_rob_no': '0', 'r2_weld_line_no': '0', 'r2_electric': '0.0', 'r2_voltage': '0.0', 'r2_speed': '0.0', 'r2_job': '0', 'replace_status': '0', 'part_status': '0', 'r1_protective_gas': '0', 'r1_welding_wire': '0', 'r2_protective_gas': '0', 'r2_welding_wire': '0', 'login_id': '\n\x00\x00\x00\x00\x00\x00\x00\x00\x00', 'login_password': '\n\x00\x00\x00\x00\x00\x00\x00\x00\x00'}
2021-03-02  11:18:19 Tue root INFO ('\n\x07250 TJ3\x00', '0', '0', 442, '4', '0', '183.8831024169922', '118.51490783691406', '0.0', '0', '0', '0', '0.0', '0.0', '0.0', '0', '0', '0', '0', '0', '0', '\n\x00\x00\x00\x00\x00\x00\x00\x00\x00', '\n\x00\x00\x00\x00\x00\x00\x00\x00\x00', '0', '0', '2021-03-02 11:18:19')
2021-03-02  11:18:19 Tue root INFO 成功添加数据
2021-03-02  11:18:19 Tue root INFO mes_plc_r4
2021-03-02  11:18:19 Tue root INFO 读取插入数据库数据：{'product_type': '\n\x02AA\x00\x00\x00\x00\x00\x00', 'r1_equipment_status': '2562', 'fail_code': '16962', 'recerve': '0', 'prod_num': 0, 'r1_rob_no': '0', 'r1_weld_line_no': '0', 'r1_electric': '9.727692471237622e-22', 'r1_voltage': '2.802596928649634e-45', 'r1_speed': '1.3775324423698682e-38', 'r1_job': '17207', 'r2_rob_no': '-9558', 'r2_weld_line_no': '16721', 'r2_electric': '-92160.0', 'r2_voltage': '0.0', 'r2_speed': '0.0', 'r2_job': '0', 'replace_status': '0', 'part_status': '0', 'r1_protective_gas': '0', 'r1_welding_wire': '0', 'r2_protective_gas': '0', 'r2_welding_wire': '0', 'login_id': '\x00\x00\x00\x00\x00 \x00\x00\x00\x00', 'login_password': '\n\x00\x00\x00\x00\x00\x00\x00\x00\x00'}
2021-03-02  11:18:19 Tue root INFO ('\n\x02AA\x00\x00\x00\x00\x00\x00', '2562', '16962', 0, '0', '0', '9.727692471237622e-22', '2.802596928649634e-45', '1.3775324423698682e-38', '17207', '-9558', '16721', '-92160.0', '0.0', '0.0', '0', '0', '0', '0', '0', '0', '\x00\x00\x00\x00\x00 \x00\x00\x00\x00', '\n\x00\x00\x00\x00\x00\x00\x00\x00\x00', '0', '0', '2021-03-02 11:18:19')
2021-03-02  11:18:19 Tue root INFO 成功添加数据
2021-03-02  11:18:19 Tue root INFO mes_plc_r5
2021-03-02  11:18:19 Tue root INFO 读取插入数据库数据：{'product_type': '\n\x00\x00\x00\x00\x00\x00\x00\x00\x00', 'r1_equipment_status': '2560', 'fail_code': '0', 'recerve': '0', 'prod_num': 0, 'r1_rob_no': '0', 'r1_weld_line_no': '0', 'r1_electric': '1.8870057723865944e-24', 'r1_voltage': '0.0', 'r1_speed': '0.0', 'r1_job': '17204', 'r2_rob_no': '20290', 'r2_weld_line_no': '16726', 'r2_electric': '8.613596464754233e+24', 'r2_voltage': '0.0', 'r2_speed': '0.0', 'r2_job': '17203', 'replace_status': '-15739', 'part_status': '16726', 'r1_protective_gas': '15474', 'r1_welding_wire': '0', 'r2_protective_gas': '0', 'r2_welding_wire': '0', 'login_id': '\x00\x00\x00\x00\x00\x00\x00\x00\x00\x00', 'login_password': '\n\x00\x00\x00\x00\x00\x00\x00\x00\x00'}
2021-03-02  11:18:19 Tue root INFO ('\n\x00\x00\x00\x00\x00\x00\x00\x00\x00', '2560', '0', 0, '0', '0', '1.8870057723865944e-24', '0.0', '0.0', '17204', '20290', '16726', '8.613596464754233e+24', '0.0', '0.0', '17203', '-15739', '15474', '0', '0', '0', '\x00\x00\x00\x00\x00\x00\x00\x00\x00\x00', '\n\x00\x00\x00\x00\x00\x00\x00\x00\x00', '16726', '0', '2021-03-02 11:18:19')
2021-03-02  11:18:19 Tue root INFO 成功添加数据
2021-03-02  11:18:19 Tue root INFO mes_plc_r6
2021-03-02  11:18:20 Tue root INFO 读取插入数据库数据：{'product_type': '\n\x00\x00\x00\x00\x00\x00\x00\x00\x00', 'r1_equipment_status': '2560', 'fail_code': '0', 'recerve': '0', 'prod_num': 0, 'r1_rob_no': '0', 'r1_weld_line_no': '0', 'r1_electric': '0.0', 'r1_voltage': '9.183815862507343e-40', 'r1_speed': '0.0', 'r1_job': '0', 'r2_rob_no': '0', 'r2_weld_line_no': '0', 'r2_electric': '0.0', 'r2_voltage': '0.0', 'r2_speed': '0.0', 'r2_job': '0', 'replace_status': '0', 'part_status': '0', 'r1_protective_gas': '0', 'r1_welding_wire': '0', 'r2_protective_gas': '0', 'r2_welding_wire': '0', 'login_id': '\x00\x00\x00\x00\x00\x00\x00\x00\x00\x00', 'login_password': '\n\x00\x00\x00\x00\x00\x00\x00\x00\x00'}
2021-03-02  11:18:20 Tue root INFO ('\n\x00\x00\x00\x00\x00\x00\x00\x00\x00', '2560', '0', 0, '0', '0', '0.0', '9.183815862507343e-40', '0.0', '0', '0', '0', '0.0', '0.0', '0.0', '0', '0', '0', '0', '0', '0', '\x00\x00\x00\x00\x00\x00\x00\x00\x00\x00', '\n\x00\x00\x00\x00\x00\x00\x00\x00\x00', '0', '0', '2021-03-02 11:18:20')
2021-03-02  11:18:20 Tue root INFO 成功添加数据
2021-03-02  11:19:20 Tue root INFO plc连接状态:[1, 1, 1, 1, 1, 1]
2021-03-02  11:19:20 Tue root INFO mes_plc
2021-03-02  11:19:20 Tue root INFO 读取插入数据库数据：{'product_type': '\n\x07250 YDG\x00', 'r1_equipment_status': '2567', 'fail_code': '12853', 'recerve': '12320', 'prod_num': 23108, 'r1_rob_no': '18176', 'r1_weld_line_no': '0', 'r1_electric': '1.0654138796264848e-21', 'r1_voltage': '6.165713243029195e-44', 'r1_speed': '3.6734198463196485e-40', 'r1_job': '17206', 'r2_rob_no': '30493', 'r2_weld_line_no': '16724', 'r2_electric': '1520.0', 'r2_voltage': '0.0', 'r2_speed': '9.550891600431086e-39', 'r2_job': '0', 'replace_status': '0', 'part_status': '0', 'r1_protective_gas': '0', 'r1_welding_wire': '0', 'r2_protective_gas': '0', 'r2_welding_wire': '0', 'login_id': '\x00\x00\x00\x00\x01Z\x00\x00\x00\x00', 'login_password': '\n\x00\x00\x00\x00\x00\x00\x00\x00\x00'}
2021-03-02  11:19:20 Tue root INFO ('\n\x07250 YDG\x00', '2567', '12853', 23108, '18176', '0', '1.0654138796264848e-21', '6.165713243029195e-44', '3.6734198463196485e-40', '17206', '30493', '16724', '1520.0', '0.0', '9.550891600431086e-39', '0', '0', '0', '0', '0', '0', '\x00\x00\x00\x00\x01Z\x00\x00\x00\x00', '\n\x00\x00\x00\x00\x00\x00\x00\x00\x00', '0', '12320', '2021-03-02 11:19:20')
2021-03-02  11:19:20 Tue root INFO 成功添加数据
2021-03-02  11:19:20 Tue root INFO mes_plc_r2
2021-03-02  11:19:20 Tue root INFO 读取插入数据库数据：{'product_type': '\n\x07250 TJ2\x00', 'r1_equipment_status': '0', 'fail_code': '0', 'recerve': '0', 'prod_num': 445, 'r1_rob_no': '104', 'r1_weld_line_no': '0', 'r1_electric': '0.0', 'r1_voltage': '0.0', 'r1_speed': '0.0', 'r1_job': '0', 'r2_rob_no': '0', 'r2_weld_line_no': '0', 'r2_electric': '0.0', 'r2_voltage': '0.0', 'r2_speed': '0.0', 'r2_job': '0', 'replace_status': '0', 'part_status': '0', 'r1_protective_gas': '0', 'r1_welding_wire': '0', 'r2_protective_gas': '0', 'r2_welding_wire': '0', 'login_id': '\n\x00\x00\x00\x00\x00\x00\x00\x00\x00', 'login_password': '\n\x00\x00\x00\x00\x00\x00\x00\x00\x00'}
2021-03-02  11:19:20 Tue root INFO ('\n\x07250 TJ2\x00', '0', '0', 445, '104', '0', '0.0', '0.0', '0.0', '0', '0', '0', '0.0', '0.0', '0.0', '0', '0', '0', '0', '0', '0', '\n\x00\x00\x00\x00\x00\x00\x00\x00\x00', '\n\x00\x00\x00\x00\x00\x00\x00\x00\x00', '0', '0', '2021-03-02 11:19:20')
2021-03-02  11:19:20 Tue root INFO 成功添加数据
2021-03-02  11:19:20 Tue root INFO mes_plc_r3
2021-03-02  11:19:20 Tue root INFO 读取插入数据库数据：{'product_type': '\n\x07250 TJ3\x00', 'r1_equipment_status': '0', 'fail_code': '0', 'recerve': '0', 'prod_num': 442, 'r1_rob_no': '4', 'r1_weld_line_no': '0', 'r1_electric': '183.92649841308594', 'r1_voltage': '-4.224536895751953', 'r1_speed': '0.0', 'r1_job': '0', 'r2_rob_no': '0', 'r2_weld_line_no': '0', 'r2_electric': '0.0', 'r2_voltage': '0.0', 'r2_speed': '0.0', 'r2_job': '0', 'replace_status': '0', 'part_status': '0', 'r1_protective_gas': '0', 'r1_welding_wire': '0', 'r2_protective_gas': '0', 'r2_welding_wire': '0', 'login_id': '\n\x00\x00\x00\x00\x00\x00\x00\x00\x00', 'login_password': '\n\x00\x00\x00\x00\x00\x00\x00\x00\x00'}
2021-03-02  11:19:20 Tue root INFO ('\n\x07250 TJ3\x00', '0', '0', 442, '4', '0', '183.92649841308594', '-4.224536895751953', '0.0', '0', '0', '0', '0.0', '0.0', '0.0', '0', '0', '0', '0', '0', '0', '\n\x00\x00\x00\x00\x00\x00\x00\x00\x00', '\n\x00\x00\x00\x00\x00\x00\x00\x00\x00', '0', '0', '2021-03-02 11:19:20')
2021-03-02  11:19:20 Tue root INFO 成功添加数据
2021-03-02  11:19:20 Tue root INFO mes_plc_r4
2021-03-02  11:19:21 Tue root INFO 读取插入数据库数据：{'product_type': '\n\x02AA\x00\x00\x00\x00\x00\x00', 'r1_equipment_status': '2562', 'fail_code': '16962', 'recerve': '0', 'prod_num': 0, 'r1_rob_no': '0', 'r1_weld_line_no': '0', 'r1_electric': '9.727692471237622e-22', 'r1_voltage': '2.802596928649634e-45', 'r1_speed': '1.3775324423698682e-38', 'r1_job': '17207', 'r2_rob_no': '-9558', 'r2_weld_line_no': '16721', 'r2_electric': '-73117523247104.0', 'r2_voltage': '0.0', 'r2_speed': '0.0', 'r2_job': '0', 'replace_status': '0', 'part_status': '0', 'r1_protective_gas': '0', 'r1_welding_wire': '0', 'r2_protective_gas': '0', 'r2_welding_wire': '0', 'login_id': '\x00\x00\x00\x00\x00 \x00\x00\x00\x00', 'login_password': '\n\x00\x00\x00\x00\x00\x00\x00\x00\x00'}
2021-03-02  11:19:21 Tue root INFO ('\n\x02AA\x00\x00\x00\x00\x00\x00', '2562', '16962', 0, '0', '0', '9.727692471237622e-22', '2.802596928649634e-45', '1.3775324423698682e-38', '17207', '-9558', '16721', '-73117523247104.0', '0.0', '0.0', '0', '0', '0', '0', '0', '0', '\x00\x00\x00\x00\x00 \x00\x00\x00\x00', '\n\x00\x00\x00\x00\x00\x00\x00\x00\x00', '0', '0', '2021-03-02 11:19:21')
2021-03-02  11:19:21 Tue root INFO 成功添加数据
2021-03-02  11:19:21 Tue root INFO mes_plc_r5
2021-03-02  11:19:21 Tue root INFO 读取插入数据库数据：{'product_type': '\n\x00\x00\x00\x00\x00\x00\x00\x00\x00', 'r1_equipment_status': '2560', 'fail_code': '0', 'recerve': '0', 'prod_num': 0, 'r1_rob_no': '0', 'r1_weld_line_no': '0', 'r1_electric': '1.8870057723865944e-24', 'r1_voltage': '0.0', 'r1_speed': '0.0', 'r1_job': '17204', 'r2_rob_no': '20290', 'r2_weld_line_no': '16727', 'r2_electric': '-24.875', 'r2_voltage': '0.0', 'r2_speed': '0.0', 'r2_job': '17203', 'replace_status': '-14791', 'part_status': '16726', 'r1_protective_gas': '11682', 'r1_welding_wire': '0', 'r2_protective_gas': '0', 'r2_welding_wire': '0', 'login_id': '\x00\x00\x00\x00\x00\x00\x00\x00\x00\x00', 'login_password': '\n\x00\x00\x00\x00\x00\x00\x00\x00\x00'}
2021-03-02  11:19:21 Tue root INFO ('\n\x00\x00\x00\x00\x00\x00\x00\x00\x00', '2560', '0', 0, '0', '0', '1.8870057723865944e-24', '0.0', '0.0', '17204', '20290', '16727', '-24.875', '0.0', '0.0', '17203', '-14791', '11682', '0', '0', '0', '\x00\x00\x00\x00\x00\x00\x00\x00\x00\x00', '\n\x00\x00\x00\x00\x00\x00\x00\x00\x00', '16726', '0', '2021-03-02 11:19:21')
2021-03-02  11:19:21 Tue root INFO 成功添加数据
2021-03-02  11:19:21 Tue root INFO mes_plc_r6
2021-03-02  11:19:22 Tue root INFO 读取插入数据库数据：{'product_type': '\n\x00\x00\x00\x00\x00\x00\x00\x00\x00', 'r1_equipment_status': '2560', 'fail_code': '0', 'recerve': '0', 'prod_num': 0, 'r1_rob_no': '0', 'r1_weld_line_no': '0', 'r1_electric': '0.0', 'r1_voltage': '9.183815862507343e-40', 'r1_speed': '0.0', 'r1_job': '0', 'r2_rob_no': '0', 'r2_weld_line_no': '0', 'r2_electric': '0.0', 'r2_voltage': '0.0', 'r2_speed': '0.0', 'r2_job': '0', 'replace_status': '0', 'part_status': '0', 'r1_protective_gas': '0', 'r1_welding_wire': '0', 'r2_protective_gas': '0', 'r2_welding_wire': '0', 'login_id': '\x00\x00\x00\x00\x00\x00\x00\x00\x00\x00', 'login_password': '\n\x00\x00\x00\x00\x00\x00\x00\x00\x00'}
2021-03-02  11:19:22 Tue root INFO ('\n\x00\x00\x00\x00\x00\x00\x00\x00\x00', '2560', '0', 0, '0', '0', '0.0', '9.183815862507343e-40', '0.0', '0', '0', '0', '0.0', '0.0', '0.0', '0', '0', '0', '0', '0', '0', '\x00\x00\x00\x00\x00\x00\x00\x00\x00\x00', '\n\x00\x00\x00\x00\x00\x00\x00\x00\x00', '0', '0', '2021-03-02 11:19:22')
2021-03-02  11:19:22 Tue root INFO 成功添加数据
2021-03-02  11:20:22 Tue root INFO plc连接状态:[1, 1, 1, 1, 1, 1]
2021-03-02  11:20:22 Tue root INFO mes_plc
2021-03-02  11:20:22 Tue root INFO 读取插入数据库数据：{'product_type': '\n\x07250 YDG\x00', 'r1_equipment_status': '2567', 'fail_code': '12853', 'recerve': '12320', 'prod_num': 23108, 'r1_rob_no': '18176', 'r1_weld_line_no': '0', 'r1_electric': '1.0654138796264848e-21', 'r1_voltage': '6.165713243029195e-44', 'r1_speed': '3.6734198463196485e-40', 'r1_job': '17206', 'r2_rob_no': '29544', 'r2_weld_line_no': '16724', 'r2_electric': '1.0237942960908801e+21', 'r2_voltage': '0.0', 'r2_speed': '9.550891600431086e-39', 'r2_job': '0', 'replace_status': '0', 'part_status': '0', 'r1_protective_gas': '0', 'r1_welding_wire': '0', 'r2_protective_gas': '0', 'r2_welding_wire': '0', 'login_id': '\x00\x00\x00\x00\x01Z\x00\x00\x00\x00', 'login_password': '\n\x00\x00\x00\x00\x00\x00\x00\x00\x00'}
2021-03-02  11:20:22 Tue root INFO ('\n\x07250 YDG\x00', '2567', '12853', 23108, '18176', '0', '1.0654138796264848e-21', '6.165713243029195e-44', '3.6734198463196485e-40', '17206', '29544', '16724', '1.0237942960908801e+21', '0.0', '9.550891600431086e-39', '0', '0', '0', '0', '0', '0', '\x00\x00\x00\x00\x01Z\x00\x00\x00\x00', '\n\x00\x00\x00\x00\x00\x00\x00\x00\x00', '0', '12320', '2021-03-02 11:20:22')
2021-03-02  11:20:22 Tue root INFO 成功添加数据
2021-03-02  11:20:22 Tue root INFO mes_plc_r2
2021-03-02  11:20:22 Tue root INFO 读取插入数据库数据：{'product_type': '\n\x07250 TJ2\x00', 'r1_equipment_status': '0', 'fail_code': '0', 'recerve': '0', 'prod_num': 445, 'r1_rob_no': '104', 'r1_weld_line_no': '0', 'r1_electric': '0.0', 'r1_voltage': '0.0', 'r1_speed': '0.0', 'r1_job': '0', 'r2_rob_no': '0', 'r2_weld_line_no': '0', 'r2_electric': '0.0', 'r2_voltage': '0.0', 'r2_speed': '0.0', 'r2_job': '0', 'replace_status': '0', 'part_status': '0', 'r1_protective_gas': '0', 'r1_welding_wire': '0', 'r2_protective_gas': '0', 'r2_welding_wire': '0', 'login_id': '\n\x00\x00\x00\x00\x00\x00\x00\x00\x00', 'login_password': '\n\x00\x00\x00\x00\x00\x00\x00\x00\x00'}
2021-03-02  11:20:22 Tue root INFO ('\n\x07250 TJ2\x00', '0', '0', 445, '104', '0', '0.0', '0.0', '0.0', '0', '0', '0', '0.0', '0.0', '0.0', '0', '0', '0', '0', '0', '0', '\n\x00\x00\x00\x00\x00\x00\x00\x00\x00', '\n\x00\x00\x00\x00\x00\x00\x00\x00\x00', '0', '0', '2021-03-02 11:20:22')
2021-03-02  11:20:22 Tue root INFO 成功添加数据
2021-03-02  11:20:22 Tue root INFO mes_plc_r3
2021-03-02  11:20:22 Tue root INFO 读取插入数据库数据：{'product_type': '\n\x07250 TJ3\x00', 'r1_equipment_status': '0', 'fail_code': '0', 'recerve': '0', 'prod_num': 442, 'r1_rob_no': '4', 'r1_weld_line_no': '0', 'r1_electric': '183.96990966796875', 'r1_voltage': '13.852720260620117', 'r1_speed': '0.0', 'r1_job': '0', 'r2_rob_no': '0', 'r2_weld_line_no': '0', 'r2_electric': '0.0', 'r2_voltage': '0.0', 'r2_speed': '0.0', 'r2_job': '0', 'replace_status': '0', 'part_status': '0', 'r1_protective_gas': '0', 'r1_welding_wire': '0', 'r2_protective_gas': '0', 'r2_welding_wire': '0', 'login_id': '\n\x00\x00\x00\x00\x00\x00\x00\x00\x00', 'login_password': '\n\x00\x00\x00\x00\x00\x00\x00\x00\x00'}
2021-03-02  11:20:22 Tue root INFO ('\n\x07250 TJ3\x00', '0', '0', 442, '4', '0', '183.96990966796875', '13.852720260620117', '0.0', '0', '0', '0', '0.0', '0.0', '0.0', '0', '0', '0', '0', '0', '0', '\n\x00\x00\x00\x00\x00\x00\x00\x00\x00', '\n\x00\x00\x00\x00\x00\x00\x00\x00\x00', '0', '0', '2021-03-02 11:20:22')
2021-03-02  11:20:22 Tue root INFO 成功添加数据
2021-03-02  11:20:22 Tue root INFO mes_plc_r4
2021-03-02  11:20:23 Tue root INFO 读取插入数据库数据：{'product_type': '\n\x02AA\x00\x00\x00\x00\x00\x00', 'r1_equipment_status': '2562', 'fail_code': '16962', 'recerve': '0', 'prod_num': 0, 'r1_rob_no': '0', 'r1_weld_line_no': '0', 'r1_electric': '9.727692471237622e-22', 'r1_voltage': '2.802596928649634e-45', 'r1_speed': '1.3775324423698682e-38', 'r1_job': '17207', 'r2_rob_no': '-9558', 'r2_weld_line_no': '16721', 'r2_electric': '-92160.0', 'r2_voltage': '0.0', 'r2_speed': '0.0', 'r2_job': '0', 'replace_status': '0', 'part_status': '0', 'r1_protective_gas': '0', 'r1_welding_wire': '0', 'r2_protective_gas': '0', 'r2_welding_wire': '0', 'login_id': '\x00\x00\x00\x00\x00 \x00\x00\x00\x00', 'login_password': '\n\x00\x00\x00\x00\x00\x00\x00\x00\x00'}
2021-03-02  11:20:23 Tue root INFO ('\n\x02AA\x00\x00\x00\x00\x00\x00', '2562', '16962', 0, '0', '0', '9.727692471237622e-22', '2.802596928649634e-45', '1.3775324423698682e-38', '17207', '-9558', '16721', '-92160.0', '0.0', '0.0', '0', '0', '0', '0', '0', '0', '\x00\x00\x00\x00\x00 \x00\x00\x00\x00', '\n\x00\x00\x00\x00\x00\x00\x00\x00\x00', '0', '0', '2021-03-02 11:20:23')
2021-03-02  11:20:23 Tue root INFO 成功添加数据
2021-03-02  11:20:23 Tue root INFO mes_plc_r5
2021-03-02  11:20:23 Tue root INFO 读取插入数据库数据：{'product_type': '\n\x00\x00\x00\x00\x00\x00\x00\x00\x00', 'r1_equipment_status': '2560', 'fail_code': '0', 'recerve': '0', 'prod_num': 0, 'r1_rob_no': '0', 'r1_weld_line_no': '0', 'r1_electric': '1.8870057723865944e-24', 'r1_voltage': '0.0', 'r1_speed': '0.0', 'r1_job': '17204', 'r2_rob_no': '20290', 'r2_weld_line_no': '16727', 'r2_electric': '39936.0', 'r2_voltage': '0.0', 'r2_speed': '0.0', 'r2_job': '17203', 'replace_status': '-13843', 'part_status': '16726', 'r1_protective_gas': '7888', 'r1_welding_wire': '0', 'r2_protective_gas': '0', 'r2_welding_wire': '0', 'login_id': '\x00\x00\x00\x00\x00\x00\x00\x00\x00\x00', 'login_password': '\n\x00\x00\x00\x00\x00\x00\x00\x00\x00'}
2021-03-02  11:20:23 Tue root INFO ('\n\x00\x00\x00\x00\x00\x00\x00\x00\x00', '2560', '0', 0, '0', '0', '1.8870057723865944e-24', '0.0', '0.0', '17204', '20290', '16727', '39936.0', '0.0', '0.0', '17203', '-13843', '7888', '0', '0', '0', '\x00\x00\x00\x00\x00\x00\x00\x00\x00\x00', '\n\x00\x00\x00\x00\x00\x00\x00\x00\x00', '16726', '0', '2021-03-02 11:20:23')
2021-03-02  11:20:23 Tue root INFO 成功添加数据
2021-03-02  11:20:23 Tue root INFO mes_plc_r6
2021-03-02  11:20:23 Tue root INFO 读取插入数据库数据：{'product_type': '\n\x00\x00\x00\x00\x00\x00\x00\x00\x00', 'r1_equipment_status': '2560', 'fail_code': '0', 'recerve': '0', 'prod_num': 0, 'r1_rob_no': '0', 'r1_weld_line_no': '0', 'r1_electric': '0.0', 'r1_voltage': '9.183815862507343e-40', 'r1_speed': '0.0', 'r1_job': '0', 'r2_rob_no': '0', 'r2_weld_line_no': '0', 'r2_electric': '0.0', 'r2_voltage': '0.0', 'r2_speed': '0.0', 'r2_job': '0', 'replace_status': '0', 'part_status': '0', 'r1_protective_gas': '0', 'r1_welding_wire': '0', 'r2_protective_gas': '0', 'r2_welding_wire': '0', 'login_id': '\x00\x00\x00\x00\x00\x00\x00\x00\x00\x00', 'login_password': '\n\x00\x00\x00\x00\x00\x00\x00\x00\x00'}
2021-03-02  11:20:23 Tue root INFO ('\n\x00\x00\x00\x00\x00\x00\x00\x00\x00', '2560', '0', 0, '0', '0', '0.0', '9.183815862507343e-40', '0.0', '0', '0', '0', '0.0', '0.0', '0.0', '0', '0', '0', '0', '0', '0', '\x00\x00\x00\x00\x00\x00\x00\x00\x00\x00', '\n\x00\x00\x00\x00\x00\x00\x00\x00\x00', '0', '0', '2021-03-02 11:20:23')
2021-03-02  11:20:23 Tue root INFO 成功添加数据
2021-03-02  11:21:23 Tue root INFO plc连接状态:[1, 1, 1, 1, 1, 1]
2021-03-02  11:21:23 Tue root INFO mes_plc
2021-03-02  11:21:24 Tue root INFO 读取插入数据库数据：{'product_type': '\n\x07250 YDG\x00', 'r1_equipment_status': '2567', 'fail_code': '12853', 'recerve': '12320', 'prod_num': 23108, 'r1_rob_no': '18176', 'r1_weld_line_no': '0', 'r1_electric': '1.0654138796264848e-21', 'r1_voltage': '6.165713243029195e-44', 'r1_speed': '3.6734198463196485e-40', 'r1_job': '17206', 'r2_rob_no': '30493', 'r2_weld_line_no': '16724', 'r2_electric': '1520.0', 'r2_voltage': '0.0', 'r2_speed': '9.550891600431086e-39', 'r2_job': '0', 'replace_status': '0', 'part_status': '0', 'r1_protective_gas': '0', 'r1_welding_wire': '0', 'r2_protective_gas': '0', 'r2_welding_wire': '0', 'login_id': '\x00\x00\x00\x00\x01Z\x00\x00\x00\x00', 'login_password': '\n\x00\x00\x00\x00\x00\x00\x00\x00\x00'}
2021-03-02  11:21:24 Tue root INFO ('\n\x07250 YDG\x00', '2567', '12853', 23108, '18176', '0', '1.0654138796264848e-21', '6.165713243029195e-44', '3.6734198463196485e-40', '17206', '30493', '16724', '1520.0', '0.0', '9.550891600431086e-39', '0', '0', '0', '0', '0', '0', '\x00\x00\x00\x00\x01Z\x00\x00\x00\x00', '\n\x00\x00\x00\x00\x00\x00\x00\x00\x00', '0', '12320', '2021-03-02 11:21:24')
2021-03-02  11:21:24 Tue root INFO 成功添加数据
2021-03-02  11:21:24 Tue root INFO mes_plc_r2
2021-03-02  11:21:24 Tue root INFO 读取插入数据库数据：{'product_type': '\n\x07250 TJ2\x00', 'r1_equipment_status': '0', 'fail_code': '0', 'recerve': '0', 'prod_num': 445, 'r1_rob_no': '104', 'r1_weld_line_no': '0', 'r1_electric': '0.0', 'r1_voltage': '0.0', 'r1_speed': '0.0', 'r1_job': '0', 'r2_rob_no': '0', 'r2_weld_line_no': '0', 'r2_electric': '0.0', 'r2_voltage': '0.0', 'r2_speed': '0.0', 'r2_job': '0', 'replace_status': '0', 'part_status': '0', 'r1_protective_gas': '0', 'r1_welding_wire': '0', 'r2_protective_gas': '0', 'r2_welding_wire': '0', 'login_id': '\n\x00\x00\x00\x00\x00\x00\x00\x00\x00', 'login_password': '\n\x00\x00\x00\x00\x00\x00\x00\x00\x00'}
2021-03-02  11:21:24 Tue root INFO ('\n\x07250 TJ2\x00', '0', '0', 445, '104', '0', '0.0', '0.0', '0.0', '0', '0', '0', '0.0', '0.0', '0.0', '0', '0', '0', '0', '0', '0', '\n\x00\x00\x00\x00\x00\x00\x00\x00\x00', '\n\x00\x00\x00\x00\x00\x00\x00\x00\x00', '0', '0', '2021-03-02 11:21:24')
2021-03-02  11:21:24 Tue root INFO 成功添加数据
2021-03-02  11:21:24 Tue root INFO mes_plc_r3
2021-03-02  11:21:24 Tue root INFO 读取插入数据库数据：{'product_type': '\n\x07250 TJ3\x00', 'r1_equipment_status': '0', 'fail_code': '0', 'recerve': '0', 'prod_num': 442, 'r1_rob_no': '4', 'r1_weld_line_no': '0', 'r1_electric': '183.99884033203125', 'r1_voltage': '13.834635734558105', 'r1_speed': '0.0', 'r1_job': '0', 'r2_rob_no': '0', 'r2_weld_line_no': '0', 'r2_electric': '0.0', 'r2_voltage': '0.0', 'r2_speed': '0.0', 'r2_job': '0', 'replace_status': '0', 'part_status': '0', 'r1_protective_gas': '0', 'r1_welding_wire': '0', 'r2_protective_gas': '0', 'r2_welding_wire': '0', 'login_id': '\n\x00\x00\x00\x00\x00\x00\x00\x00\x00', 'login_password': '\n\x00\x00\x00\x00\x00\x00\x00\x00\x00'}
2021-03-02  11:21:24 Tue root INFO ('\n\x07250 TJ3\x00', '0', '0', 442, '4', '0', '183.99884033203125', '13.834635734558105', '0.0', '0', '0', '0', '0.0', '0.0', '0.0', '0', '0', '0', '0', '0', '0', '\n\x00\x00\x00\x00\x00\x00\x00\x00\x00', '\n\x00\x00\x00\x00\x00\x00\x00\x00\x00', '0', '0', '2021-03-02 11:21:24')
2021-03-02  11:21:24 Tue root INFO 成功添加数据
2021-03-02  11:21:24 Tue root INFO mes_plc_r4
2021-03-02  11:21:25 Tue root INFO 读取插入数据库数据：{'product_type': '\n\x02AA\x00\x00\x00\x00\x00\x00', 'r1_equipment_status': '2562', 'fail_code': '16962', 'recerve': '0', 'prod_num': 0, 'r1_rob_no': '0', 'r1_weld_line_no': '0', 'r1_electric': '9.727692471237622e-22', 'r1_voltage': '2.802596928649634e-45', 'r1_speed': '1.3775324423698682e-38', 'r1_job': '17207', 'r2_rob_no': '-9558', 'r2_weld_line_no': '16721', 'r2_electric': '-6.286650380320215e+22', 'r2_voltage': '0.0', 'r2_speed': '0.0', 'r2_job': '0', 'replace_status': '0', 'part_status': '0', 'r1_protective_gas': '0', 'r1_welding_wire': '0', 'r2_protective_gas': '0', 'r2_welding_wire': '0', 'login_id': '\x00\x00\x00\x00\x00 \x00\x00\x00\x00', 'login_password': '\n\x00\x00\x00\x00\x00\x00\x00\x00\x00'}
2021-03-02  11:21:25 Tue root INFO ('\n\x02AA\x00\x00\x00\x00\x00\x00', '2562', '16962', 0, '0', '0', '9.727692471237622e-22', '2.802596928649634e-45', '1.3775324423698682e-38', '17207', '-9558', '16721', '-6.286650380320215e+22', '0.0', '0.0', '0', '0', '0', '0', '0', '0', '\x00\x00\x00\x00\x00 \x00\x00\x00\x00', '\n\x00\x00\x00\x00\x00\x00\x00\x00\x00', '0', '0', '2021-03-02 11:21:25')
2021-03-02  11:21:25 Tue root INFO 成功添加数据
2021-03-02  11:21:25 Tue root INFO mes_plc_r5
2021-03-02  11:21:25 Tue root INFO 读取插入数据库数据：{'product_type': '\n\x00\x00\x00\x00\x00\x00\x00\x00\x00', 'r1_equipment_status': '2560', 'fail_code': '0', 'recerve': '0', 'prod_num': 0, 'r1_rob_no': '0', 'r1_weld_line_no': '0', 'r1_electric': '1.8870057723865944e-24', 'r1_voltage': '0.0', 'r1_speed': '0.0', 'r1_job': '17204', 'r2_rob_no': '22186', 'r2_weld_line_no': '16726', 'r2_electric': '-4.301500743989133e-26', 'r2_voltage': '0.0', 'r2_speed': '0.0', 'r2_job': '17203', 'replace_status': '-14791', 'part_status': '16726', 'r1_protective_gas': '7888', 'r1_welding_wire': '0', 'r2_protective_gas': '0', 'r2_welding_wire': '0', 'login_id': '\x00\x00\x00\x00\x00\x00\x00\x00\x00\x00', 'login_password': '\n\x00\x00\x00\x00\x00\x00\x00\x00\x00'}
2021-03-02  11:21:25 Tue root INFO ('\n\x00\x00\x00\x00\x00\x00\x00\x00\x00', '2560', '0', 0, '0', '0', '1.8870057723865944e-24', '0.0', '0.0', '17204', '22186', '16726', '-4.301500743989133e-26', '0.0', '0.0', '17203', '-14791', '7888', '0', '0', '0', '\x00\x00\x00\x00\x00\x00\x00\x00\x00\x00', '\n\x00\x00\x00\x00\x00\x00\x00\x00\x00', '16726', '0', '2021-03-02 11:21:25')
2021-03-02  11:21:25 Tue root INFO 成功添加数据
2021-03-02  11:21:25 Tue root INFO mes_plc_r6
2021-03-02  11:21:25 Tue root INFO 读取插入数据库数据：{'product_type': '\n\x00\x00\x00\x00\x00\x00\x00\x00\x00', 'r1_equipment_status': '2560', 'fail_code': '0', 'recerve': '0', 'prod_num': 0, 'r1_rob_no': '0', 'r1_weld_line_no': '0', 'r1_electric': '0.0', 'r1_voltage': '9.183815862507343e-40', 'r1_speed': '0.0', 'r1_job': '0', 'r2_rob_no': '0', 'r2_weld_line_no': '0', 'r2_electric': '0.0', 'r2_voltage': '0.0', 'r2_speed': '0.0', 'r2_job': '0', 'replace_status': '0', 'part_status': '0', 'r1_protective_gas': '0', 'r1_welding_wire': '0', 'r2_protective_gas': '0', 'r2_welding_wire': '0', 'login_id': '\x00\x00\x00\x00\x00\x00\x00\x00\x00\x00', 'login_password': '\n\x00\x00\x00\x00\x00\x00\x00\x00\x00'}
2021-03-02  11:21:25 Tue root INFO ('\n\x00\x00\x00\x00\x00\x00\x00\x00\x00', '2560', '0', 0, '0', '0', '0.0', '9.183815862507343e-40', '0.0', '0', '0', '0', '0.0', '0.0', '0.0', '0', '0', '0', '0', '0', '0', '\x00\x00\x00\x00\x00\x00\x00\x00\x00\x00', '\n\x00\x00\x00\x00\x00\x00\x00\x00\x00', '0', '0', '2021-03-02 11:21:25')
2021-03-02  11:21:25 Tue root INFO 成功添加数据
2021-03-02  11:22:25 Tue root INFO plc连接状态:[1, 1, 1, 1, 1, 1]
2021-03-02  11:22:25 Tue root INFO mes_plc
2021-03-02  11:22:26 Tue root INFO 读取插入数据库数据：{'product_type': '\n\x07250 YDG\x00', 'r1_equipment_status': '2567', 'fail_code': '12853', 'recerve': '12320', 'prod_num': 23108, 'r1_rob_no': '18176', 'r1_weld_line_no': '0', 'r1_electric': '1.0654138796264848e-21', 'r1_voltage': '6.165713243029195e-44', 'r1_speed': '3.6734198463196485e-40', 'r1_job': '17206', 'r2_rob_no': '30493', 'r2_weld_line_no': '16724', 'r2_electric': '-3.439026841078885e-12', 'r2_voltage': '0.0', 'r2_speed': '9.550891600431086e-39', 'r2_job': '0', 'replace_status': '0', 'part_status': '0', 'r1_protective_gas': '0', 'r1_welding_wire': '0', 'r2_protective_gas': '0', 'r2_welding_wire': '0', 'login_id': '\x00\x00\x00\x00\x01Z\x00\x00\x00\x00', 'login_password': '\n\x00\x00\x00\x00\x00\x00\x00\x00\x00'}
2021-03-02  11:22:26 Tue root INFO ('\n\x07250 YDG\x00', '2567', '12853', 23108, '18176', '0', '1.0654138796264848e-21', '6.165713243029195e-44', '3.6734198463196485e-40', '17206', '30493', '16724', '-3.439026841078885e-12', '0.0', '9.550891600431086e-39', '0', '0', '0', '0', '0', '0', '\x00\x00\x00\x00\x01Z\x00\x00\x00\x00', '\n\x00\x00\x00\x00\x00\x00\x00\x00\x00', '0', '12320', '2021-03-02 11:22:26')
2021-03-02  11:22:26 Tue root INFO 成功添加数据
2021-03-02  11:22:26 Tue root INFO mes_plc_r2
2021-03-02  11:22:26 Tue root INFO 读取插入数据库数据：{'product_type': '\n\x07250 TJ2\x00', 'r1_equipment_status': '0', 'fail_code': '0', 'recerve': '0', 'prod_num': 445, 'r1_rob_no': '104', 'r1_weld_line_no': '0', 'r1_electric': '0.0', 'r1_voltage': '0.0', 'r1_speed': '0.0', 'r1_job': '0', 'r2_rob_no': '0', 'r2_weld_line_no': '0', 'r2_electric': '0.0', 'r2_voltage': '0.0', 'r2_speed': '0.0', 'r2_job': '0', 'replace_status': '0', 'part_status': '0', 'r1_protective_gas': '0', 'r1_welding_wire': '0', 'r2_protective_gas': '0', 'r2_welding_wire': '0', 'login_id': '\n\x00\x00\x00\x00\x00\x00\x00\x00\x00', 'login_password': '\n\x00\x00\x00\x00\x00\x00\x00\x00\x00'}
2021-03-02  11:22:26 Tue root INFO ('\n\x07250 TJ2\x00', '0', '0', 445, '104', '0', '0.0', '0.0', '0.0', '0', '0', '0', '0.0', '0.0', '0.0', '0', '0', '0', '0', '0', '0', '\n\x00\x00\x00\x00\x00\x00\x00\x00\x00', '\n\x00\x00\x00\x00\x00\x00\x00\x00\x00', '0', '0', '2021-03-02 11:22:26')
2021-03-02  11:22:26 Tue root INFO 成功添加数据
2021-03-02  11:22:26 Tue root INFO mes_plc_r3
2021-03-02  11:22:26 Tue root INFO 读取插入数据库数据：{'product_type': '\n\x07250 TJ3\x00', 'r1_equipment_status': '0', 'fail_code': '0', 'recerve': '0', 'prod_num': 442, 'r1_rob_no': '4', 'r1_weld_line_no': '0', 'r1_electric': '184.04225158691406', 'r1_voltage': '13.827401161193848', 'r1_speed': '0.0', 'r1_job': '0', 'r2_rob_no': '0', 'r2_weld_line_no': '0', 'r2_electric': '0.0', 'r2_voltage': '0.0', 'r2_speed': '0.0', 'r2_job': '0', 'replace_status': '0', 'part_status': '0', 'r1_protective_gas': '0', 'r1_welding_wire': '0', 'r2_protective_gas': '0', 'r2_welding_wire': '0', 'login_id': '\n\x00\x00\x00\x00\x00\x00\x00\x00\x00', 'login_password': '\n\x00\x00\x00\x00\x00\x00\x00\x00\x00'}
2021-03-02  11:22:26 Tue root INFO ('\n\x07250 TJ3\x00', '0', '0', 442, '4', '0', '184.04225158691406', '13.827401161193848', '0.0', '0', '0', '0', '0.0', '0.0', '0.0', '0', '0', '0', '0', '0', '0', '\n\x00\x00\x00\x00\x00\x00\x00\x00\x00', '\n\x00\x00\x00\x00\x00\x00\x00\x00\x00', '0', '0', '2021-03-02 11:22:26')
2021-03-02  11:22:26 Tue root INFO 成功添加数据
2021-03-02  11:22:26 Tue root INFO mes_plc_r4
2021-03-02  11:22:26 Tue root INFO 读取插入数据库数据：{'product_type': '\n\x02AA\x00\x00\x00\x00\x00\x00', 'r1_equipment_status': '2562', 'fail_code': '16962', 'recerve': '0', 'prod_num': 0, 'r1_rob_no': '0', 'r1_weld_line_no': '0', 'r1_electric': '9.727692471237622e-22', 'r1_voltage': '2.802596928649634e-45', 'r1_speed': '1.3775324423698682e-38', 'r1_job': '17207', 'r2_rob_no': '-5765', 'r2_weld_line_no': '16721', 'r2_electric': '-92160.0', 'r2_voltage': '0.0', 'r2_speed': '0.0', 'r2_job': '0', 'replace_status': '0', 'part_status': '0', 'r1_protective_gas': '0', 'r1_welding_wire': '0', 'r2_protective_gas': '0', 'r2_welding_wire': '0', 'login_id': '\x00\x00\x00\x00\x00 \x00\x00\x00\x00', 'login_password': '\n\x00\x00\x00\x00\x00\x00\x00\x00\x00'}
2021-03-02  11:22:26 Tue root INFO ('\n\x02AA\x00\x00\x00\x00\x00\x00', '2562', '16962', 0, '0', '0', '9.727692471237622e-22', '2.802596928649634e-45', '1.3775324423698682e-38', '17207', '-5765', '16721', '-92160.0', '0.0', '0.0', '0', '0', '0', '0', '0', '0', '\x00\x00\x00\x00\x00 \x00\x00\x00\x00', '\n\x00\x00\x00\x00\x00\x00\x00\x00\x00', '0', '0', '2021-03-02 11:22:26')
2021-03-02  11:22:26 Tue root INFO 成功添加数据
2021-03-02  11:22:26 Tue root INFO mes_plc_r5
2021-03-02  11:22:27 Tue root INFO 读取插入数据库数据：{'product_type': '\n\x00\x00\x00\x00\x00\x00\x00\x00\x00', 'r1_equipment_status': '2560', 'fail_code': '0', 'recerve': '0', 'prod_num': 0, 'r1_rob_no': '0', 'r1_weld_line_no': '0', 'r1_electric': '1.8870057723865944e-24', 'r1_voltage': '0.0', 'r1_speed': '0.0', 'r1_job': '17204', 'r2_rob_no': '19342', 'r2_weld_line_no': '16726', 'r2_electric': '7.301667457314601e+33', 'r2_voltage': '0.0', 'r2_speed': '0.0', 'r2_job': '17203', 'replace_status': '-14791', 'part_status': '16726', 'r1_protective_gas': '15474', 'r1_welding_wire': '0', 'r2_protective_gas': '0', 'r2_welding_wire': '0', 'login_id': '\x00\x00\x00\x00\x00\x00\x00\x00\x00\x00', 'login_password': '\n\x00\x00\x00\x00\x00\x00\x00\x00\x00'}
2021-03-02  11:22:27 Tue root INFO ('\n\x00\x00\x00\x00\x00\x00\x00\x00\x00', '2560', '0', 0, '0', '0', '1.8870057723865944e-24', '0.0', '0.0', '17204', '19342', '16726', '7.301667457314601e+33', '0.0', '0.0', '17203', '-14791', '15474', '0', '0', '0', '\x00\x00\x00\x00\x00\x00\x00\x00\x00\x00', '\n\x00\x00\x00\x00\x00\x00\x00\x00\x00', '16726', '0', '2021-03-02 11:22:27')
2021-03-02  11:22:27 Tue root INFO 成功添加数据
2021-03-02  11:22:27 Tue root INFO mes_plc_r6
2021-03-02  11:22:27 Tue root INFO 读取插入数据库数据：{'product_type': '\n\x00\x00\x00\x00\x00\x00\x00\x00\x00', 'r1_equipment_status': '2560', 'fail_code': '0', 'recerve': '0', 'prod_num': 0, 'r1_rob_no': '0', 'r1_weld_line_no': '0', 'r1_electric': '0.0', 'r1_voltage': '9.183815862507343e-40', 'r1_speed': '0.0', 'r1_job': '0', 'r2_rob_no': '0', 'r2_weld_line_no': '0', 'r2_electric': '0.0', 'r2_voltage': '0.0', 'r2_speed': '0.0', 'r2_job': '0', 'replace_status': '0', 'part_status': '0', 'r1_protective_gas': '0', 'r1_welding_wire': '0', 'r2_protective_gas': '0', 'r2_welding_wire': '0', 'login_id': '\x00\x00\x00\x00\x00\x00\x00\x00\x00\x00', 'login_password': '\n\x00\x00\x00\x00\x00\x00\x00\x00\x00'}
2021-03-02  11:22:27 Tue root INFO ('\n\x00\x00\x00\x00\x00\x00\x00\x00\x00', '2560', '0', 0, '0', '0', '0.0', '9.183815862507343e-40', '0.0', '0', '0', '0', '0.0', '0.0', '0.0', '0', '0', '0', '0', '0', '0', '\x00\x00\x00\x00\x00\x00\x00\x00\x00\x00', '\n\x00\x00\x00\x00\x00\x00\x00\x00\x00', '0', '0', '2021-03-02 11:22:27')
2021-03-02  11:22:27 Tue root INFO 成功添加数据
2021-03-02  11:23:27 Tue root INFO plc连接状态:[1, 1, 1, 1, 1, 1]
2021-03-02  11:23:27 Tue root INFO mes_plc
2021-03-02  11:23:27 Tue root INFO 读取插入数据库数据：{'product_type': '\n\x07250 YDG\x00', 'r1_equipment_status': '2567', 'fail_code': '12853', 'recerve': '12320', 'prod_num': 23108, 'r1_rob_no': '18176', 'r1_weld_line_no': '0', 'r1_electric': '1.0654138796264848e-21', 'r1_voltage': '6.165713243029195e-44', 'r1_speed': '3.6734198463196485e-40', 'r1_job': '17206', 'r2_rob_no': '29544', 'r2_weld_line_no': '16724', 'r2_electric': '1.0237942960908801e+21', 'r2_voltage': '0.0', 'r2_speed': '9.550891600431086e-39', 'r2_job': '0', 'replace_status': '0', 'part_status': '0', 'r1_protective_gas': '0', 'r1_welding_wire': '0', 'r2_protective_gas': '0', 'r2_welding_wire': '0', 'login_id': '\x00\x00\x00\x00\x01Z\x00\x00\x00\x00', 'login_password': '\n\x00\x00\x00\x00\x00\x00\x00\x00\x00'}
2021-03-02  11:23:27 Tue root INFO ('\n\x07250 YDG\x00', '2567', '12853', 23108, '18176', '0', '1.0654138796264848e-21', '6.165713243029195e-44', '3.6734198463196485e-40', '17206', '29544', '16724', '1.0237942960908801e+21', '0.0', '9.550891600431086e-39', '0', '0', '0', '0', '0', '0', '\x00\x00\x00\x00\x01Z\x00\x00\x00\x00', '\n\x00\x00\x00\x00\x00\x00\x00\x00\x00', '0', '12320', '2021-03-02 11:23:27')
2021-03-02  11:23:27 Tue root INFO 成功添加数据
2021-03-02  11:23:27 Tue root INFO mes_plc_r2
2021-03-02  11:23:28 Tue root INFO 读取插入数据库数据：{'product_type': '\n\x07250 TJ2\x00', 'r1_equipment_status': '0', 'fail_code': '0', 'recerve': '0', 'prod_num': 445, 'r1_rob_no': '104', 'r1_weld_line_no': '0', 'r1_electric': '0.0', 'r1_voltage': '0.0', 'r1_speed': '0.0', 'r1_job': '0', 'r2_rob_no': '0', 'r2_weld_line_no': '0', 'r2_electric': '0.0', 'r2_voltage': '0.0', 'r2_speed': '0.0', 'r2_job': '0', 'replace_status': '0', 'part_status': '0', 'r1_protective_gas': '0', 'r1_welding_wire': '0', 'r2_protective_gas': '0', 'r2_welding_wire': '0', 'login_id': '\n\x00\x00\x00\x00\x00\x00\x00\x00\x00', 'login_password': '\n\x00\x00\x00\x00\x00\x00\x00\x00\x00'}
2021-03-02  11:23:28 Tue root INFO ('\n\x07250 TJ2\x00', '0', '0', 445, '104', '0', '0.0', '0.0', '0.0', '0', '0', '0', '0.0', '0.0', '0.0', '0', '0', '0', '0', '0', '0', '\n\x00\x00\x00\x00\x00\x00\x00\x00\x00', '\n\x00\x00\x00\x00\x00\x00\x00\x00\x00', '0', '0', '2021-03-02 11:23:28')
2021-03-02  11:23:28 Tue root INFO 成功添加数据
2021-03-02  11:23:28 Tue root INFO mes_plc_r3
2021-03-02  11:23:28 Tue root INFO 读取插入数据库数据：{'product_type': '\n\x07250 TJ3\x00', 'r1_equipment_status': '0', 'fail_code': '0', 'recerve': '0', 'prod_num': 442, 'r1_rob_no': '4', 'r1_weld_line_no': '0', 'r1_electric': '184.12904357910156', 'r1_voltage': '13.834635734558105', 'r1_speed': '0.0', 'r1_job': '0', 'r2_rob_no': '0', 'r2_weld_line_no': '0', 'r2_electric': '0.0', 'r2_voltage': '0.0', 'r2_speed': '0.0', 'r2_job': '0', 'replace_status': '0', 'part_status': '0', 'r1_protective_gas': '0', 'r1_welding_wire': '0', 'r2_protective_gas': '0', 'r2_welding_wire': '0', 'login_id': '\n\x00\x00\x00\x00\x00\x00\x00\x00\x00', 'login_password': '\n\x00\x00\x00\x00\x00\x00\x00\x00\x00'}
2021-03-02  11:23:28 Tue root INFO ('\n\x07250 TJ3\x00', '0', '0', 442, '4', '0', '184.12904357910156', '13.834635734558105', '0.0', '0', '0', '0', '0.0', '0.0', '0.0', '0', '0', '0', '0', '0', '0', '\n\x00\x00\x00\x00\x00\x00\x00\x00\x00', '\n\x00\x00\x00\x00\x00\x00\x00\x00\x00', '0', '0', '2021-03-02 11:23:28')
2021-03-02  11:23:28 Tue root INFO 成功添加数据
2021-03-02  11:23:28 Tue root INFO mes_plc_r4
2021-03-02  11:23:28 Tue root INFO 读取插入数据库数据：{'product_type': '\n\x02AA\x00\x00\x00\x00\x00\x00', 'r1_equipment_status': '2562', 'fail_code': '16962', 'recerve': '0', 'prod_num': 0, 'r1_rob_no': '0', 'r1_weld_line_no': '0', 'r1_electric': '9.727692471237622e-22', 'r1_voltage': '2.802596928649634e-45', 'r1_speed': '1.3775324423698682e-38', 'r1_job': '17207', 'r2_rob_no': '-10505', 'r2_weld_line_no': '16721', 'r2_electric': '-73117523247104.0', 'r2_voltage': '0.0', 'r2_speed': '0.0', 'r2_job': '0', 'replace_status': '0', 'part_status': '0', 'r1_protective_gas': '0', 'r1_welding_wire': '0', 'r2_protective_gas': '0', 'r2_welding_wire': '0', 'login_id': '\x00\x00\x00\x00\x00 \x00\x00\x00\x00', 'login_password': '\n\x00\x00\x00\x00\x00\x00\x00\x00\x00'}
2021-03-02  11:23:28 Tue root INFO ('\n\x02AA\x00\x00\x00\x00\x00\x00', '2562', '16962', 0, '0', '0', '9.727692471237622e-22', '2.802596928649634e-45', '1.3775324423698682e-38', '17207', '-10505', '16721', '-73117523247104.0', '0.0', '0.0', '0', '0', '0', '0', '0', '0', '\x00\x00\x00\x00\x00 \x00\x00\x00\x00', '\n\x00\x00\x00\x00\x00\x00\x00\x00\x00', '0', '0', '2021-03-02 11:23:28')
2021-03-02  11:23:28 Tue root INFO 成功添加数据
2021-03-02  11:23:28 Tue root INFO mes_plc_r5
2021-03-02  11:23:29 Tue root INFO 读取插入数据库数据：{'product_type': '\n\x00\x00\x00\x00\x00\x00\x00\x00\x00', 'r1_equipment_status': '2560', 'fail_code': '0', 'recerve': '0', 'prod_num': 0, 'r1_rob_no': '0', 'r1_weld_line_no': '0', 'r1_electric': '1.8870057723865944e-24', 'r1_voltage': '0.0', 'r1_speed': '0.0', 'r1_job': '17204', 'r2_rob_no': '19342', 'r2_weld_line_no': '16726', 'r2_electric': '7.301667457314601e+33', 'r2_voltage': '0.0', 'r2_speed': '0.0', 'r2_job': '17203', 'replace_status': '-13843', 'part_status': '16726', 'r1_protective_gas': '15474', 'r1_welding_wire': '0', 'r2_protective_gas': '0', 'r2_welding_wire': '0', 'login_id': '\x00\x00\x00\x00\x00\x00\x00\x00\x00\x00', 'login_password': '\n\x00\x00\x00\x00\x00\x00\x00\x00\x00'}
2021-03-02  11:23:29 Tue root INFO ('\n\x00\x00\x00\x00\x00\x00\x00\x00\x00', '2560', '0', 0, '0', '0', '1.8870057723865944e-24', '0.0', '0.0', '17204', '19342', '16726', '7.301667457314601e+33', '0.0', '0.0', '17203', '-13843', '15474', '0', '0', '0', '\x00\x00\x00\x00\x00\x00\x00\x00\x00\x00', '\n\x00\x00\x00\x00\x00\x00\x00\x00\x00', '16726', '0', '2021-03-02 11:23:29')
2021-03-02  11:23:29 Tue root INFO 成功添加数据
2021-03-02  11:23:29 Tue root INFO mes_plc_r6
2021-03-02  11:23:29 Tue root INFO 读取插入数据库数据：{'product_type': '\n\x00\x00\x00\x00\x00\x00\x00\x00\x00', 'r1_equipment_status': '2560', 'fail_code': '0', 'recerve': '0', 'prod_num': 0, 'r1_rob_no': '0', 'r1_weld_line_no': '0', 'r1_electric': '0.0', 'r1_voltage': '9.183815862507343e-40', 'r1_speed': '0.0', 'r1_job': '0', 'r2_rob_no': '0', 'r2_weld_line_no': '0', 'r2_electric': '0.0', 'r2_voltage': '0.0', 'r2_speed': '0.0', 'r2_job': '0', 'replace_status': '0', 'part_status': '0', 'r1_protective_gas': '0', 'r1_welding_wire': '0', 'r2_protective_gas': '0', 'r2_welding_wire': '0', 'login_id': '\x00\x00\x00\x00\x00\x00\x00\x00\x00\x00', 'login_password': '\n\x00\x00\x00\x00\x00\x00\x00\x00\x00'}
2021-03-02  11:23:29 Tue root INFO ('\n\x00\x00\x00\x00\x00\x00\x00\x00\x00', '2560', '0', 0, '0', '0', '0.0', '9.183815862507343e-40', '0.0', '0', '0', '0', '0.0', '0.0', '0.0', '0', '0', '0', '0', '0', '0', '\x00\x00\x00\x00\x00\x00\x00\x00\x00\x00', '\n\x00\x00\x00\x00\x00\x00\x00\x00\x00', '0', '0', '2021-03-02 11:23:29')
2021-03-02  11:23:29 Tue root INFO 成功添加数据
2021-03-02  11:24:29 Tue root INFO plc连接状态:[1, 1, 1, 1, 1, 1]
2021-03-02  11:24:29 Tue root INFO mes_plc
2021-03-02  11:24:29 Tue root INFO 读取插入数据库数据：{'product_type': '\n\x07250 YDG\x00', 'r1_equipment_status': '2567', 'fail_code': '12853', 'recerve': '12320', 'prod_num': 23108, 'r1_rob_no': '18176', 'r1_weld_line_no': '0', 'r1_electric': '1.0654138796264848e-21', 'r1_voltage': '6.165713243029195e-44', 'r1_speed': '3.6734198463196485e-40', 'r1_job': '17206', 'r2_rob_no': '28596', 'r2_weld_line_no': '16724', 'r2_electric': '1520.0', 'r2_voltage': '0.0', 'r2_speed': '9.550891600431086e-39', 'r2_job': '0', 'replace_status': '0', 'part_status': '0', 'r1_protective_gas': '0', 'r1_welding_wire': '0', 'r2_protective_gas': '0', 'r2_welding_wire': '0', 'login_id': '\x00\x00\x00\x00\x01Z\x00\x00\x00\x00', 'login_password': '\n\x00\x00\x00\x00\x00\x00\x00\x00\x00'}
2021-03-02  11:24:29 Tue root INFO ('\n\x07250 YDG\x00', '2567', '12853', 23108, '18176', '0', '1.0654138796264848e-21', '6.165713243029195e-44', '3.6734198463196485e-40', '17206', '28596', '16724', '1520.0', '0.0', '9.550891600431086e-39', '0', '0', '0', '0', '0', '0', '\x00\x00\x00\x00\x01Z\x00\x00\x00\x00', '\n\x00\x00\x00\x00\x00\x00\x00\x00\x00', '0', '12320', '2021-03-02 11:24:29')
2021-03-02  11:24:29 Tue root INFO 成功添加数据
2021-03-02  11:24:29 Tue root INFO mes_plc_r2
2021-03-02  11:24:29 Tue root INFO 读取插入数据库数据：{'product_type': '\n\x07250 TJ2\x00', 'r1_equipment_status': '0', 'fail_code': '0', 'recerve': '0', 'prod_num': 445, 'r1_rob_no': '104', 'r1_weld_line_no': '0', 'r1_electric': '0.0', 'r1_voltage': '0.0', 'r1_speed': '0.0', 'r1_job': '0', 'r2_rob_no': '0', 'r2_weld_line_no': '0', 'r2_electric': '0.0', 'r2_voltage': '0.0', 'r2_speed': '0.0', 'r2_job': '0', 'replace_status': '0', 'part_status': '0', 'r1_protective_gas': '0', 'r1_welding_wire': '0', 'r2_protective_gas': '0', 'r2_welding_wire': '0', 'login_id': '\n\x00\x00\x00\x00\x00\x00\x00\x00\x00', 'login_password': '\n\x00\x00\x00\x00\x00\x00\x00\x00\x00'}
2021-03-02  11:24:29 Tue root INFO ('\n\x07250 TJ2\x00', '0', '0', 445, '104', '0', '0.0', '0.0', '0.0', '0', '0', '0', '0.0', '0.0', '0.0', '0', '0', '0', '0', '0', '0', '\n\x00\x00\x00\x00\x00\x00\x00\x00\x00', '\n\x00\x00\x00\x00\x00\x00\x00\x00\x00', '0', '0', '2021-03-02 11:24:29')
2021-03-02  11:24:30 Tue root INFO 成功添加数据
2021-03-02  11:24:30 Tue root INFO mes_plc_r3
2021-03-02  11:24:30 Tue root INFO 读取插入数据库数据：{'product_type': '\n\x07250 TJ3\x00', 'r1_equipment_status': '0', 'fail_code': '0', 'recerve': '0', 'prod_num': 442, 'r1_rob_no': '4', 'r1_weld_line_no': '0', 'r1_electric': '184.20138549804688', 'r1_voltage': '13.823784828186035', 'r1_speed': '0.0', 'r1_job': '0', 'r2_rob_no': '0', 'r2_weld_line_no': '0', 'r2_electric': '0.0', 'r2_voltage': '0.0', 'r2_speed': '0.0', 'r2_job': '0', 'replace_status': '0', 'part_status': '0', 'r1_protective_gas': '0', 'r1_welding_wire': '0', 'r2_protective_gas': '0', 'r2_welding_wire': '0', 'login_id': '\n\x00\x00\x00\x00\x00\x00\x00\x00\x00', 'login_password': '\n\x00\x00\x00\x00\x00\x00\x00\x00\x00'}
2021-03-02  11:24:30 Tue root INFO ('\n\x07250 TJ3\x00', '0', '0', 442, '4', '0', '184.20138549804688', '13.823784828186035', '0.0', '0', '0', '0', '0.0', '0.0', '0.0', '0', '0', '0', '0', '0', '0', '\n\x00\x00\x00\x00\x00\x00\x00\x00\x00', '\n\x00\x00\x00\x00\x00\x00\x00\x00\x00', '0', '0', '2021-03-02 11:24:30')
2021-03-02  11:24:30 Tue root INFO 成功添加数据
2021-03-02  11:24:30 Tue root INFO mes_plc_r4
2021-03-02  11:24:30 Tue root INFO 读取插入数据库数据：{'product_type': '\n\x02AA\x00\x00\x00\x00\x00\x00', 'r1_equipment_status': '2562', 'fail_code': '16962', 'recerve': '0', 'prod_num': 0, 'r1_rob_no': '0', 'r1_weld_line_no': '0', 'r1_electric': '9.727692471237622e-22', 'r1_voltage': '2.802596928649634e-45', 'r1_speed': '1.3775324423698682e-38', 'r1_job': '17207', 'r2_rob_no': '-9558', 'r2_weld_line_no': '16721', 'r2_electric': '-6.286650380320215e+22', 'r2_voltage': '0.0', 'r2_speed': '0.0', 'r2_job': '0', 'replace_status': '0', 'part_status': '0', 'r1_protective_gas': '0', 'r1_welding_wire': '0', 'r2_protective_gas': '0', 'r2_welding_wire': '0', 'login_id': '\x00\x00\x00\x00\x00 \x00\x00\x00\x00', 'login_password': '\n\x00\x00\x00\x00\x00\x00\x00\x00\x00'}
2021-03-02  11:24:30 Tue root INFO ('\n\x02AA\x00\x00\x00\x00\x00\x00', '2562', '16962', 0, '0', '0', '9.727692471237622e-22', '2.802596928649634e-45', '1.3775324423698682e-38', '17207', '-9558', '16721', '-6.286650380320215e+22', '0.0', '0.0', '0', '0', '0', '0', '0', '0', '\x00\x00\x00\x00\x00 \x00\x00\x00\x00', '\n\x00\x00\x00\x00\x00\x00\x00\x00\x00', '0', '0', '2021-03-02 11:24:30')
2021-03-02  11:24:30 Tue root INFO 成功添加数据
2021-03-02  11:24:30 Tue root INFO mes_plc_r5
2021-03-02  11:24:30 Tue root INFO 读取插入数据库数据：{'product_type': '\n\x00\x00\x00\x00\x00\x00\x00\x00\x00', 'r1_equipment_status': '2560', 'fail_code': '0', 'recerve': '0', 'prod_num': 0, 'r1_rob_no': '0', 'r1_weld_line_no': '0', 'r1_electric': '1.8870057723865944e-24', 'r1_voltage': '0.0', 'r1_speed': '0.0', 'r1_job': '17204', 'r2_rob_no': '19342', 'r2_weld_line_no': '16726', 'r2_electric': '-24.875', 'r2_voltage': '0.0', 'r2_speed': '0.0', 'r2_job': '17203', 'replace_status': '-14791', 'part_status': '16726', 'r1_protective_gas': '15474', 'r1_welding_wire': '0', 'r2_protective_gas': '0', 'r2_welding_wire': '0', 'login_id': '\x00\x00\x00\x00\x00\x00\x00\x00\x00\x00', 'login_password': '\n\x00\x00\x00\x00\x00\x00\x00\x00\x00'}
2021-03-02  11:24:30 Tue root INFO ('\n\x00\x00\x00\x00\x00\x00\x00\x00\x00', '2560', '0', 0, '0', '0', '1.8870057723865944e-24', '0.0', '0.0', '17204', '19342', '16726', '-24.875', '0.0', '0.0', '17203', '-14791', '15474', '0', '0', '0', '\x00\x00\x00\x00\x00\x00\x00\x00\x00\x00', '\n\x00\x00\x00\x00\x00\x00\x00\x00\x00', '16726', '0', '2021-03-02 11:24:30')
2021-03-02  11:24:30 Tue root INFO 成功添加数据
2021-03-02  11:24:30 Tue root INFO mes_plc_r6
2021-03-02  11:24:31 Tue root INFO 读取插入数据库数据：{'product_type': '\n\x00\x00\x00\x00\x00\x00\x00\x00\x00', 'r1_equipment_status': '2560', 'fail_code': '0', 'recerve': '0', 'prod_num': 0, 'r1_rob_no': '0', 'r1_weld_line_no': '0', 'r1_electric': '0.0', 'r1_voltage': '9.183815862507343e-40', 'r1_speed': '0.0', 'r1_job': '0', 'r2_rob_no': '0', 'r2_weld_line_no': '0', 'r2_electric': '0.0', 'r2_voltage': '0.0', 'r2_speed': '0.0', 'r2_job': '0', 'replace_status': '0', 'part_status': '0', 'r1_protective_gas': '0', 'r1_welding_wire': '0', 'r2_protective_gas': '0', 'r2_welding_wire': '0', 'login_id': '\x00\x00\x00\x00\x00\x00\x00\x00\x00\x00', 'login_password': '\n\x00\x00\x00\x00\x00\x00\x00\x00\x00'}
2021-03-02  11:24:31 Tue root INFO ('\n\x00\x00\x00\x00\x00\x00\x00\x00\x00', '2560', '0', 0, '0', '0', '0.0', '9.183815862507343e-40', '0.0', '0', '0', '0', '0.0', '0.0', '0.0', '0', '0', '0', '0', '0', '0', '\x00\x00\x00\x00\x00\x00\x00\x00\x00\x00', '\n\x00\x00\x00\x00\x00\x00\x00\x00\x00', '0', '0', '2021-03-02 11:24:31')
2021-03-02  11:24:31 Tue root INFO 成功添加数据
2021-03-02  11:25:31 Tue root INFO plc连接状态:[1, 1, 1, 1, 1, 1]
2021-03-02  11:25:31 Tue root INFO mes_plc
2021-03-02  11:25:31 Tue root INFO 读取插入数据库数据：{'product_type': '\n\x07250 YDG\x00', 'r1_equipment_status': '2567', 'fail_code': '12853', 'recerve': '12320', 'prod_num': 23108, 'r1_rob_no': '18176', 'r1_weld_line_no': '0', 'r1_electric': '1.0654138796264848e-21', 'r1_voltage': '6.165713243029195e-44', 'r1_speed': '3.6734198463196485e-40', 'r1_job': '17206', 'r2_rob_no': '29544', 'r2_weld_line_no': '16724', 'r2_electric': '-0.0', 'r2_voltage': '0.0', 'r2_speed': '9.550891600431086e-39', 'r2_job': '0', 'replace_status': '0', 'part_status': '0', 'r1_protective_gas': '0', 'r1_welding_wire': '0', 'r2_protective_gas': '0', 'r2_welding_wire': '0', 'login_id': '\x00\x00\x00\x00\x01Z\x00\x00\x00\x00', 'login_password': '\n\x00\x00\x00\x00\x00\x00\x00\x00\x00'}
2021-03-02  11:25:31 Tue root INFO ('\n\x07250 YDG\x00', '2567', '12853', 23108, '18176', '0', '1.0654138796264848e-21', '6.165713243029195e-44', '3.6734198463196485e-40', '17206', '29544', '16724', '-0.0', '0.0', '9.550891600431086e-39', '0', '0', '0', '0', '0', '0', '\x00\x00\x00\x00\x01Z\x00\x00\x00\x00', '\n\x00\x00\x00\x00\x00\x00\x00\x00\x00', '0', '12320', '2021-03-02 11:25:31')
2021-03-02  11:25:31 Tue root INFO 成功添加数据
2021-03-02  11:25:31 Tue root INFO mes_plc_r2
2021-03-02  11:25:31 Tue root INFO 读取插入数据库数据：{'product_type': '\n\x07250 TJ2\x00', 'r1_equipment_status': '0', 'fail_code': '0', 'recerve': '0', 'prod_num': 445, 'r1_rob_no': '104', 'r1_weld_line_no': '0', 'r1_electric': '0.0', 'r1_voltage': '0.0', 'r1_speed': '0.0', 'r1_job': '0', 'r2_rob_no': '0', 'r2_weld_line_no': '0', 'r2_electric': '0.0', 'r2_voltage': '0.0', 'r2_speed': '0.0', 'r2_job': '0', 'replace_status': '0', 'part_status': '0', 'r1_protective_gas': '0', 'r1_welding_wire': '0', 'r2_protective_gas': '0', 'r2_welding_wire': '0', 'login_id': '\n\x00\x00\x00\x00\x00\x00\x00\x00\x00', 'login_password': '\n\x00\x00\x00\x00\x00\x00\x00\x00\x00'}
2021-03-02  11:25:31 Tue root INFO ('\n\x07250 TJ2\x00', '0', '0', 445, '104', '0', '0.0', '0.0', '0.0', '0', '0', '0', '0.0', '0.0', '0.0', '0', '0', '0', '0', '0', '0', '\n\x00\x00\x00\x00\x00\x00\x00\x00\x00', '\n\x00\x00\x00\x00\x00\x00\x00\x00\x00', '0', '0', '2021-03-02 11:25:31')
2021-03-02  11:25:31 Tue root INFO 成功添加数据
2021-03-02  11:25:31 Tue root INFO mes_plc_r3
2021-03-02  11:25:32 Tue root INFO 读取插入数据库数据：{'product_type': '\n\x07250 TJ3\x00', 'r1_equipment_status': '0', 'fail_code': '0', 'recerve': '0', 'prod_num': 442, 'r1_rob_no': '4', 'r1_weld_line_no': '0', 'r1_electric': '184.25926208496094', 'r1_voltage': '13.823784828186035', 'r1_speed': '0.0', 'r1_job': '0', 'r2_rob_no': '0', 'r2_weld_line_no': '0', 'r2_electric': '0.0', 'r2_voltage': '0.0', 'r2_speed': '0.0', 'r2_job': '0', 'replace_status': '0', 'part_status': '0', 'r1_protective_gas': '0', 'r1_welding_wire': '0', 'r2_protective_gas': '0', 'r2_welding_wire': '0', 'login_id': '\n\x00\x00\x00\x00\x00\x00\x00\x00\x00', 'login_password': '\n\x00\x00\x00\x00\x00\x00\x00\x00\x00'}
2021-03-02  11:25:32 Tue root INFO ('\n\x07250 TJ3\x00', '0', '0', 442, '4', '0', '184.25926208496094', '13.823784828186035', '0.0', '0', '0', '0', '0.0', '0.0', '0.0', '0', '0', '0', '0', '0', '0', '\n\x00\x00\x00\x00\x00\x00\x00\x00\x00', '\n\x00\x00\x00\x00\x00\x00\x00\x00\x00', '0', '0', '2021-03-02 11:25:32')
2021-03-02  11:25:32 Tue root INFO 成功添加数据
2021-03-02  11:25:32 Tue root INFO mes_plc_r4
2021-03-02  11:25:32 Tue root INFO 读取插入数据库数据：{'product_type': '\n\x02AA\x00\x00\x00\x00\x00\x00', 'r1_equipment_status': '2562', 'fail_code': '16962', 'recerve': '0', 'prod_num': 0, 'r1_rob_no': '0', 'r1_weld_line_no': '0', 'r1_electric': '9.727692471237622e-22', 'r1_voltage': '2.802596928649634e-45', 'r1_speed': '1.3775324423698682e-38', 'r1_job': '17207', 'r2_rob_no': '-7661', 'r2_weld_line_no': '16721', 'r2_electric': '-6.286650380320215e+22', 'r2_voltage': '0.0', 'r2_speed': '0.0', 'r2_job': '0', 'replace_status': '0', 'part_status': '0', 'r1_protective_gas': '0', 'r1_welding_wire': '0', 'r2_protective_gas': '0', 'r2_welding_wire': '0', 'login_id': '\x00\x00\x00\x00\x00 \x00\x00\x00\x00', 'login_password': '\n\x00\x00\x00\x00\x00\x00\x00\x00\x00'}
2021-03-02  11:25:32 Tue root INFO ('\n\x02AA\x00\x00\x00\x00\x00\x00', '2562', '16962', 0, '0', '0', '9.727692471237622e-22', '2.802596928649634e-45', '1.3775324423698682e-38', '17207', '-7661', '16721', '-6.286650380320215e+22', '0.0', '0.0', '0', '0', '0', '0', '0', '0', '\x00\x00\x00\x00\x00 \x00\x00\x00\x00', '\n\x00\x00\x00\x00\x00\x00\x00\x00\x00', '0', '0', '2021-03-02 11:25:32')
2021-03-02  11:25:32 Tue root INFO 成功添加数据
2021-03-02  11:25:32 Tue root INFO mes_plc_r5
2021-03-02  11:25:32 Tue root INFO 读取插入数据库数据：{'product_type': '\n\x00\x00\x00\x00\x00\x00\x00\x00\x00', 'r1_equipment_status': '2560', 'fail_code': '0', 'recerve': '0', 'prod_num': 0, 'r1_rob_no': '0', 'r1_weld_line_no': '0', 'r1_electric': '1.8870057723865944e-24', 'r1_voltage': '0.0', 'r1_speed': '0.0', 'r1_job': '17204', 'r2_rob_no': '19342', 'r2_weld_line_no': '16726', 'r2_electric': '-24.875', 'r2_voltage': '0.0', 'r2_speed': '0.0', 'r2_job': '17203', 'replace_status': '-14791', 'part_status': '16726', 'r1_protective_gas': '11682', 'r1_welding_wire': '0', 'r2_protective_gas': '0', 'r2_welding_wire': '0', 'login_id': '\x00\x00\x00\x00\x00\x00\x00\x00\x00\x00', 'login_password': '\n\x00\x00\x00\x00\x00\x00\x00\x00\x00'}
2021-03-02  11:25:32 Tue root INFO ('\n\x00\x00\x00\x00\x00\x00\x00\x00\x00', '2560', '0', 0, '0', '0', '1.8870057723865944e-24', '0.0', '0.0', '17204', '19342', '16726', '-24.875', '0.0', '0.0', '17203', '-14791', '11682', '0', '0', '0', '\x00\x00\x00\x00\x00\x00\x00\x00\x00\x00', '\n\x00\x00\x00\x00\x00\x00\x00\x00\x00', '16726', '0', '2021-03-02 11:25:32')
2021-03-02  11:25:32 Tue root INFO 成功添加数据
2021-03-02  11:25:32 Tue root INFO mes_plc_r6
2021-03-02  11:25:33 Tue root INFO 读取插入数据库数据：{'product_type': '\n\x00\x00\x00\x00\x00\x00\x00\x00\x00', 'r1_equipment_status': '2560', 'fail_code': '0', 'recerve': '0', 'prod_num': 0, 'r1_rob_no': '0', 'r1_weld_line_no': '0', 'r1_electric': '0.0', 'r1_voltage': '9.183815862507343e-40', 'r1_speed': '0.0', 'r1_job': '0', 'r2_rob_no': '0', 'r2_weld_line_no': '0', 'r2_electric': '0.0', 'r2_voltage': '0.0', 'r2_speed': '0.0', 'r2_job': '0', 'replace_status': '0', 'part_status': '0', 'r1_protective_gas': '0', 'r1_welding_wire': '0', 'r2_protective_gas': '0', 'r2_welding_wire': '0', 'login_id': '\x00\x00\x00\x00\x00\x00\x00\x00\x00\x00', 'login_password': '\n\x00\x00\x00\x00\x00\x00\x00\x00\x00'}
2021-03-02  11:25:33 Tue root INFO ('\n\x00\x00\x00\x00\x00\x00\x00\x00\x00', '2560', '0', 0, '0', '0', '0.0', '9.183815862507343e-40', '0.0', '0', '0', '0', '0.0', '0.0', '0.0', '0', '0', '0', '0', '0', '0', '\x00\x00\x00\x00\x00\x00\x00\x00\x00\x00', '\n\x00\x00\x00\x00\x00\x00\x00\x00\x00', '0', '0', '2021-03-02 11:25:33')
2021-03-02  11:25:33 Tue root INFO 成功添加数据
2021-03-02  11:26:33 Tue root INFO plc连接状态:[1, 1, 1, 1, 1, 1]
2021-03-02  11:26:33 Tue root INFO mes_plc
2021-03-02  11:26:33 Tue root INFO 读取插入数据库数据：{'product_type': '\n\x07250 YDG\x00', 'r1_equipment_status': '2567', 'fail_code': '12853', 'recerve': '12320', 'prod_num': 23108, 'r1_rob_no': '18176', 'r1_weld_line_no': '0', 'r1_electric': '1.0654138796264848e-21', 'r1_voltage': '6.165713243029195e-44', 'r1_speed': '3.6734198463196485e-40', 'r1_job': '17206', 'r2_rob_no': '29544', 'r2_weld_line_no': '16724', 'r2_electric': '-0.0', 'r2_voltage': '0.0', 'r2_speed': '9.550891600431086e-39', 'r2_job': '0', 'replace_status': '0', 'part_status': '0', 'r1_protective_gas': '0', 'r1_welding_wire': '0', 'r2_protective_gas': '0', 'r2_welding_wire': '0', 'login_id': '\x00\x00\x00\x00\x01Z\x00\x00\x00\x00', 'login_password': '\n\x00\x00\x00\x00\x00\x00\x00\x00\x00'}
2021-03-02  11:26:33 Tue root INFO ('\n\x07250 YDG\x00', '2567', '12853', 23108, '18176', '0', '1.0654138796264848e-21', '6.165713243029195e-44', '3.6734198463196485e-40', '17206', '29544', '16724', '-0.0', '0.0', '9.550891600431086e-39', '0', '0', '0', '0', '0', '0', '\x00\x00\x00\x00\x01Z\x00\x00\x00\x00', '\n\x00\x00\x00\x00\x00\x00\x00\x00\x00', '0', '12320', '2021-03-02 11:26:33')
2021-03-02  11:26:33 Tue root INFO 成功添加数据
2021-03-02  11:26:33 Tue root INFO mes_plc_r2
2021-03-02  11:26:33 Tue root INFO 读取插入数据库数据：{'product_type': '\n\x07250 TJ2\x00', 'r1_equipment_status': '0', 'fail_code': '0', 'recerve': '0', 'prod_num': 445, 'r1_rob_no': '104', 'r1_weld_line_no': '0', 'r1_electric': '0.0', 'r1_voltage': '0.0', 'r1_speed': '0.0', 'r1_job': '0', 'r2_rob_no': '0', 'r2_weld_line_no': '0', 'r2_electric': '0.0', 'r2_voltage': '0.0', 'r2_speed': '0.0', 'r2_job': '0', 'replace_status': '0', 'part_status': '0', 'r1_protective_gas': '0', 'r1_welding_wire': '0', 'r2_protective_gas': '0', 'r2_welding_wire': '0', 'login_id': '\n\x00\x00\x00\x00\x00\x00\x00\x00\x00', 'login_password': '\n\x00\x00\x00\x00\x00\x00\x00\x00\x00'}
2021-03-02  11:26:33 Tue root INFO ('\n\x07250 TJ2\x00', '0', '0', 445, '104', '0', '0.0', '0.0', '0.0', '0', '0', '0', '0.0', '0.0', '0.0', '0', '0', '0', '0', '0', '0', '\n\x00\x00\x00\x00\x00\x00\x00\x00\x00', '\n\x00\x00\x00\x00\x00\x00\x00\x00\x00', '0', '0', '2021-03-02 11:26:33')
2021-03-02  11:26:33 Tue root INFO 成功添加数据
2021-03-02  11:26:33 Tue root INFO mes_plc_r3
2021-03-02  11:26:34 Tue root INFO 读取插入数据库数据：{'product_type': '\n\x07250 TJ3\x00', 'r1_equipment_status': '0', 'fail_code': '0', 'recerve': '0', 'prod_num': 442, 'r1_rob_no': '4', 'r1_weld_line_no': '0', 'r1_electric': '184.31712341308594', 'r1_voltage': '13.809317588806152', 'r1_speed': '0.0', 'r1_job': '0', 'r2_rob_no': '0', 'r2_weld_line_no': '0', 'r2_electric': '0.0', 'r2_voltage': '0.0', 'r2_speed': '0.0', 'r2_job': '0', 'replace_status': '0', 'part_status': '0', 'r1_protective_gas': '0', 'r1_welding_wire': '0', 'r2_protective_gas': '0', 'r2_welding_wire': '0', 'login_id': '\n\x00\x00\x00\x00\x00\x00\x00\x00\x00', 'login_password': '\n\x00\x00\x00\x00\x00\x00\x00\x00\x00'}
2021-03-02  11:26:34 Tue root INFO ('\n\x07250 TJ3\x00', '0', '0', 442, '4', '0', '184.31712341308594', '13.809317588806152', '0.0', '0', '0', '0', '0.0', '0.0', '0.0', '0', '0', '0', '0', '0', '0', '\n\x00\x00\x00\x00\x00\x00\x00\x00\x00', '\n\x00\x00\x00\x00\x00\x00\x00\x00\x00', '0', '0', '2021-03-02 11:26:34')
2021-03-02  11:26:34 Tue root INFO 成功添加数据
2021-03-02  11:26:34 Tue root INFO mes_plc_r4
2021-03-02  11:26:34 Tue root INFO 读取插入数据库数据：{'product_type': '\n\x02AA\x00\x00\x00\x00\x00\x00', 'r1_equipment_status': '2562', 'fail_code': '16962', 'recerve': '0', 'prod_num': 0, 'r1_rob_no': '0', 'r1_weld_line_no': '0', 'r1_electric': '9.727692471237622e-22', 'r1_voltage': '2.802596928649634e-45', 'r1_speed': '1.3775324423698682e-38', 'r1_job': '17207', 'r2_rob_no': '-10505', 'r2_weld_line_no': '16721', 'r2_electric': '-5.292441255952858e+31', 'r2_voltage': '0.0', 'r2_speed': '0.0', 'r2_job': '0', 'replace_status': '0', 'part_status': '0', 'r1_protective_gas': '0', 'r1_welding_wire': '0', 'r2_protective_gas': '0', 'r2_welding_wire': '0', 'login_id': '\x00\x00\x00\x00\x00 \x00\x00\x00\x00', 'login_password': '\n\x00\x00\x00\x00\x00\x00\x00\x00\x00'}
2021-03-02  11:26:34 Tue root INFO ('\n\x02AA\x00\x00\x00\x00\x00\x00', '2562', '16962', 0, '0', '0', '9.727692471237622e-22', '2.802596928649634e-45', '1.3775324423698682e-38', '17207', '-10505', '16721', '-5.292441255952858e+31', '0.0', '0.0', '0', '0', '0', '0', '0', '0', '\x00\x00\x00\x00\x00 \x00\x00\x00\x00', '\n\x00\x00\x00\x00\x00\x00\x00\x00\x00', '0', '0', '2021-03-02 11:26:34')
2021-03-02  11:26:34 Tue root INFO 成功添加数据
2021-03-02  11:26:34 Tue root INFO mes_plc_r5
2021-03-02  11:26:34 Tue root INFO 读取插入数据库数据：{'product_type': '\n\x00\x00\x00\x00\x00\x00\x00\x00\x00', 'r1_equipment_status': '2560', 'fail_code': '0', 'recerve': '0', 'prod_num': 0, 'r1_rob_no': '0', 'r1_weld_line_no': '0', 'r1_electric': '1.8870057723865944e-24', 'r1_voltage': '0.0', 'r1_speed': '0.0', 'r1_job': '17204', 'r2_rob_no': '19342', 'r2_weld_line_no': '16727', 'r2_electric': '-1.1381514713908342e+37', 'r2_voltage': '0.0', 'r2_speed': '0.0', 'r2_job': '17203', 'replace_status': '-17635', 'part_status': '16726', 'r1_protective_gas': '7888', 'r1_welding_wire': '0', 'r2_protective_gas': '0', 'r2_welding_wire': '0', 'login_id': '\x00\x00\x00\x00\x00\x00\x00\x00\x00\x00', 'login_password': '\n\x00\x00\x00\x00\x00\x00\x00\x00\x00'}
2021-03-02  11:26:34 Tue root INFO ('\n\x00\x00\x00\x00\x00\x00\x00\x00\x00', '2560', '0', 0, '0', '0', '1.8870057723865944e-24', '0.0', '0.0', '17204', '19342', '16727', '-1.1381514713908342e+37', '0.0', '0.0', '17203', '-17635', '7888', '0', '0', '0', '\x00\x00\x00\x00\x00\x00\x00\x00\x00\x00', '\n\x00\x00\x00\x00\x00\x00\x00\x00\x00', '16726', '0', '2021-03-02 11:26:34')
2021-03-02  11:26:34 Tue root INFO 成功添加数据
2021-03-02  11:26:34 Tue root INFO mes_plc_r6
2021-03-02  11:26:35 Tue root INFO 读取插入数据库数据：{'product_type': '\n\x00\x00\x00\x00\x00\x00\x00\x00\x00', 'r1_equipment_status': '2560', 'fail_code': '0', 'recerve': '0', 'prod_num': 0, 'r1_rob_no': '0', 'r1_weld_line_no': '0', 'r1_electric': '0.0', 'r1_voltage': '9.183815862507343e-40', 'r1_speed': '0.0', 'r1_job': '0', 'r2_rob_no': '0', 'r2_weld_line_no': '0', 'r2_electric': '0.0', 'r2_voltage': '0.0', 'r2_speed': '0.0', 'r2_job': '0', 'replace_status': '0', 'part_status': '0', 'r1_protective_gas': '0', 'r1_welding_wire': '0', 'r2_protective_gas': '0', 'r2_welding_wire': '0', 'login_id': '\x00\x00\x00\x00\x00\x00\x00\x00\x00\x00', 'login_password': '\n\x00\x00\x00\x00\x00\x00\x00\x00\x00'}
2021-03-02  11:26:35 Tue root INFO ('\n\x00\x00\x00\x00\x00\x00\x00\x00\x00', '2560', '0', 0, '0', '0', '0.0', '9.183815862507343e-40', '0.0', '0', '0', '0', '0.0', '0.0', '0.0', '0', '0', '0', '0', '0', '0', '\x00\x00\x00\x00\x00\x00\x00\x00\x00\x00', '\n\x00\x00\x00\x00\x00\x00\x00\x00\x00', '0', '0', '2021-03-02 11:26:35')
2021-03-02  11:26:35 Tue root INFO 成功添加数据
2021-03-02  11:27:35 Tue root INFO plc连接状态:[1, 1, 1, 1, 1, 1]
2021-03-02  11:27:35 Tue root INFO mes_plc
2021-03-02  11:27:35 Tue root INFO 读取插入数据库数据：{'product_type': '\n\x07250 YDG\x00', 'r1_equipment_status': '2567', 'fail_code': '12853', 'recerve': '12320', 'prod_num': 23108, 'r1_rob_no': '18176', 'r1_weld_line_no': '0', 'r1_electric': '1.0654138796264848e-21', 'r1_voltage': '6.165713243029195e-44', 'r1_speed': '3.6734198463196485e-40', 'r1_job': '17206', 'r2_rob_no': '29544', 'r2_weld_line_no': '16724', 'r2_electric': '-0.0', 'r2_voltage': '0.0', 'r2_speed': '9.550891600431086e-39', 'r2_job': '0', 'replace_status': '0', 'part_status': '0', 'r1_protective_gas': '0', 'r1_welding_wire': '0', 'r2_protective_gas': '0', 'r2_welding_wire': '0', 'login_id': '\x00\x00\x00\x00\x01Z\x00\x00\x00\x00', 'login_password': '\n\x00\x00\x00\x00\x00\x00\x00\x00\x00'}
2021-03-02  11:27:35 Tue root INFO ('\n\x07250 YDG\x00', '2567', '12853', 23108, '18176', '0', '1.0654138796264848e-21', '6.165713243029195e-44', '3.6734198463196485e-40', '17206', '29544', '16724', '-0.0', '0.0', '9.550891600431086e-39', '0', '0', '0', '0', '0', '0', '\x00\x00\x00\x00\x01Z\x00\x00\x00\x00', '\n\x00\x00\x00\x00\x00\x00\x00\x00\x00', '0', '12320', '2021-03-02 11:27:35')
2021-03-02  11:27:35 Tue root INFO 成功添加数据
2021-03-02  11:27:35 Tue root INFO mes_plc_r2
2021-03-02  11:27:35 Tue root INFO 读取插入数据库数据：{'product_type': '\n\x07250 TJ2\x00', 'r1_equipment_status': '0', 'fail_code': '0', 'recerve': '0', 'prod_num': 445, 'r1_rob_no': '104', 'r1_weld_line_no': '0', 'r1_electric': '0.0', 'r1_voltage': '0.0', 'r1_speed': '0.0', 'r1_job': '0', 'r2_rob_no': '0', 'r2_weld_line_no': '0', 'r2_electric': '0.0', 'r2_voltage': '0.0', 'r2_speed': '0.0', 'r2_job': '0', 'replace_status': '0', 'part_status': '0', 'r1_protective_gas': '0', 'r1_welding_wire': '0', 'r2_protective_gas': '0', 'r2_welding_wire': '0', 'login_id': '\n\x00\x00\x00\x00\x00\x00\x00\x00\x00', 'login_password': '\n\x00\x00\x00\x00\x00\x00\x00\x00\x00'}
2021-03-02  11:27:35 Tue root INFO ('\n\x07250 TJ2\x00', '0', '0', 445, '104', '0', '0.0', '0.0', '0.0', '0', '0', '0', '0.0', '0.0', '0.0', '0', '0', '0', '0', '0', '0', '\n\x00\x00\x00\x00\x00\x00\x00\x00\x00', '\n\x00\x00\x00\x00\x00\x00\x00\x00\x00', '0', '0', '2021-03-02 11:27:35')
2021-03-02  11:27:35 Tue root INFO 成功添加数据
2021-03-02  11:27:35 Tue root INFO mes_plc_r3
2021-03-02  11:27:36 Tue root INFO 读取插入数据库数据：{'product_type': '\n\x07250 TJ3\x00', 'r1_equipment_status': '0', 'fail_code': '0', 'recerve': '0', 'prod_num': 442, 'r1_rob_no': '4', 'r1_weld_line_no': '0', 'r1_electric': '184.31712341308594', 'r1_voltage': '13.816550254821777', 'r1_speed': '0.0', 'r1_job': '0', 'r2_rob_no': '0', 'r2_weld_line_no': '0', 'r2_electric': '0.0', 'r2_voltage': '0.0', 'r2_speed': '0.0', 'r2_job': '0', 'replace_status': '0', 'part_status': '0', 'r1_protective_gas': '0', 'r1_welding_wire': '0', 'r2_protective_gas': '0', 'r2_welding_wire': '0', 'login_id': '\n\x00\x00\x00\x00\x00\x00\x00\x00\x00', 'login_password': '\n\x00\x00\x00\x00\x00\x00\x00\x00\x00'}
2021-03-02  11:27:36 Tue root INFO ('\n\x07250 TJ3\x00', '0', '0', 442, '4', '0', '184.31712341308594', '13.816550254821777', '0.0', '0', '0', '0', '0.0', '0.0', '0.0', '0', '0', '0', '0', '0', '0', '\n\x00\x00\x00\x00\x00\x00\x00\x00\x00', '\n\x00\x00\x00\x00\x00\x00\x00\x00\x00', '0', '0', '2021-03-02 11:27:36')
2021-03-02  11:27:36 Tue root INFO 成功添加数据
2021-03-02  11:27:36 Tue root INFO mes_plc_r4
2021-03-02  11:27:36 Tue root INFO 读取插入数据库数据：{'product_type': '\n\x02AA\x00\x00\x00\x00\x00\x00', 'r1_equipment_status': '2562', 'fail_code': '16962', 'recerve': '0', 'prod_num': 0, 'r1_rob_no': '0', 'r1_weld_line_no': '0', 'r1_electric': '9.727692471237622e-22', 'r1_voltage': '2.802596928649634e-45', 'r1_speed': '1.3775324423698682e-38', 'r1_job': '17207', 'r2_rob_no': '-9558', 'r2_weld_line_no': '16721', 'r2_electric': '-92160.0', 'r2_voltage': '0.0', 'r2_speed': '0.0', 'r2_job': '0', 'replace_status': '0', 'part_status': '0', 'r1_protective_gas': '0', 'r1_welding_wire': '0', 'r2_protective_gas': '0', 'r2_welding_wire': '0', 'login_id': '\x00\x00\x00\x00\x00 \x00\x00\x00\x00', 'login_password': '\n\x00\x00\x00\x00\x00\x00\x00\x00\x00'}
2021-03-02  11:27:36 Tue root INFO ('\n\x02AA\x00\x00\x00\x00\x00\x00', '2562', '16962', 0, '0', '0', '9.727692471237622e-22', '2.802596928649634e-45', '1.3775324423698682e-38', '17207', '-9558', '16721', '-92160.0', '0.0', '0.0', '0', '0', '0', '0', '0', '0', '\x00\x00\x00\x00\x00 \x00\x00\x00\x00', '\n\x00\x00\x00\x00\x00\x00\x00\x00\x00', '0', '0', '2021-03-02 11:27:36')
2021-03-02  11:27:36 Tue root INFO 成功添加数据
2021-03-02  11:27:36 Tue root INFO mes_plc_r5
2021-03-02  11:27:36 Tue root INFO 读取插入数据库数据：{'product_type': '\n\x00\x00\x00\x00\x00\x00\x00\x00\x00', 'r1_equipment_status': '2560', 'fail_code': '0', 'recerve': '0', 'prod_num': 0, 'r1_rob_no': '0', 'r1_weld_line_no': '0', 'r1_electric': '1.8870057723865944e-24', 'r1_voltage': '0.0', 'r1_speed': '0.0', 'r1_job': '17204', 'r2_rob_no': '18394', 'r2_weld_line_no': '16727', 'r2_electric': '-20266876928.0', 'r2_voltage': '0.0', 'r2_speed': '0.0', 'r2_job': '17203', 'replace_status': '-17635', 'part_status': '16726', 'r1_protective_gas': '19266', 'r1_welding_wire': '0', 'r2_protective_gas': '0', 'r2_welding_wire': '0', 'login_id': '\x00\x00\x00\x00\x00\x00\x00\x00\x00\x00', 'login_password': '\n\x00\x00\x00\x00\x00\x00\x00\x00\x00'}
2021-03-02  11:27:36 Tue root INFO ('\n\x00\x00\x00\x00\x00\x00\x00\x00\x00', '2560', '0', 0, '0', '0', '1.8870057723865944e-24', '0.0', '0.0', '17204', '18394', '16727', '-20266876928.0', '0.0', '0.0', '17203', '-17635', '19266', '0', '0', '0', '\x00\x00\x00\x00\x00\x00\x00\x00\x00\x00', '\n\x00\x00\x00\x00\x00\x00\x00\x00\x00', '16726', '0', '2021-03-02 11:27:36')
2021-03-02  11:27:36 Tue root INFO 成功添加数据
2021-03-02  11:27:36 Tue root INFO mes_plc_r6
2021-03-02  11:27:37 Tue root INFO 读取插入数据库数据：{'product_type': '\n\x00\x00\x00\x00\x00\x00\x00\x00\x00', 'r1_equipment_status': '2560', 'fail_code': '0', 'recerve': '0', 'prod_num': 0, 'r1_rob_no': '0', 'r1_weld_line_no': '0', 'r1_electric': '0.0', 'r1_voltage': '9.183815862507343e-40', 'r1_speed': '0.0', 'r1_job': '0', 'r2_rob_no': '0', 'r2_weld_line_no': '0', 'r2_electric': '0.0', 'r2_voltage': '0.0', 'r2_speed': '0.0', 'r2_job': '0', 'replace_status': '0', 'part_status': '0', 'r1_protective_gas': '0', 'r1_welding_wire': '0', 'r2_protective_gas': '0', 'r2_welding_wire': '0', 'login_id': '\x00\x00\x00\x00\x00\x00\x00\x00\x00\x00', 'login_password': '\n\x00\x00\x00\x00\x00\x00\x00\x00\x00'}
2021-03-02  11:27:37 Tue root INFO ('\n\x00\x00\x00\x00\x00\x00\x00\x00\x00', '2560', '0', 0, '0', '0', '0.0', '9.183815862507343e-40', '0.0', '0', '0', '0', '0.0', '0.0', '0.0', '0', '0', '0', '0', '0', '0', '\x00\x00\x00\x00\x00\x00\x00\x00\x00\x00', '\n\x00\x00\x00\x00\x00\x00\x00\x00\x00', '0', '0', '2021-03-02 11:27:37')
2021-03-02  11:27:37 Tue root INFO 成功添加数据
2021-03-02  11:28:37 Tue root INFO plc连接状态:[1, 1, 1, 1, 1, 1]
2021-03-02  11:28:37 Tue root INFO mes_plc
2021-03-02  11:28:37 Tue root INFO 读取插入数据库数据：{'product_type': '\n\x07250 YDG\x00', 'r1_equipment_status': '2567', 'fail_code': '12853', 'recerve': '12320', 'prod_num': 23108, 'r1_rob_no': '18176', 'r1_weld_line_no': '0', 'r1_electric': '1.0654138796264848e-21', 'r1_voltage': '6.165713243029195e-44', 'r1_speed': '3.6734198463196485e-40', 'r1_job': '17206', 'r2_rob_no': '31441', 'r2_weld_line_no': '16724', 'r2_electric': '-0.0', 'r2_voltage': '0.0', 'r2_speed': '9.550891600431086e-39', 'r2_job': '0', 'replace_status': '0', 'part_status': '0', 'r1_protective_gas': '0', 'r1_welding_wire': '0', 'r2_protective_gas': '0', 'r2_welding_wire': '0', 'login_id': '\x00\x00\x00\x00\x01Z\x00\x00\x00\x00', 'login_password': '\n\x00\x00\x00\x00\x00\x00\x00\x00\x00'}
2021-03-02  11:28:37 Tue root INFO ('\n\x07250 YDG\x00', '2567', '12853', 23108, '18176', '0', '1.0654138796264848e-21', '6.165713243029195e-44', '3.6734198463196485e-40', '17206', '31441', '16724', '-0.0', '0.0', '9.550891600431086e-39', '0', '0', '0', '0', '0', '0', '\x00\x00\x00\x00\x01Z\x00\x00\x00\x00', '\n\x00\x00\x00\x00\x00\x00\x00\x00\x00', '0', '12320', '2021-03-02 11:28:37')
2021-03-02  11:28:37 Tue root INFO 成功添加数据
2021-03-02  11:28:37 Tue root INFO mes_plc_r2
2021-03-02  11:28:37 Tue root INFO 读取插入数据库数据：{'product_type': '\n\x07250 TJ2\x00', 'r1_equipment_status': '0', 'fail_code': '0', 'recerve': '0', 'prod_num': 445, 'r1_rob_no': '104', 'r1_weld_line_no': '0', 'r1_electric': '0.0', 'r1_voltage': '0.0', 'r1_speed': '0.0', 'r1_job': '0', 'r2_rob_no': '0', 'r2_weld_line_no': '0', 'r2_electric': '0.0', 'r2_voltage': '0.0', 'r2_speed': '0.0', 'r2_job': '0', 'replace_status': '0', 'part_status': '0', 'r1_protective_gas': '0', 'r1_welding_wire': '0', 'r2_protective_gas': '0', 'r2_welding_wire': '0', 'login_id': '\n\x00\x00\x00\x00\x00\x00\x00\x00\x00', 'login_password': '\n\x00\x00\x00\x00\x00\x00\x00\x00\x00'}
2021-03-02  11:28:37 Tue root INFO ('\n\x07250 TJ2\x00', '0', '0', 445, '104', '0', '0.0', '0.0', '0.0', '0', '0', '0', '0.0', '0.0', '0.0', '0', '0', '0', '0', '0', '0', '\n\x00\x00\x00\x00\x00\x00\x00\x00\x00', '\n\x00\x00\x00\x00\x00\x00\x00\x00\x00', '0', '0', '2021-03-02 11:28:37')
2021-03-02  11:28:37 Tue root INFO 成功添加数据
2021-03-02  11:28:37 Tue root INFO mes_plc_r3
2021-03-02  11:28:37 Tue root INFO 读取插入数据库数据：{'product_type': '\n\x07250 TJ3\x00', 'r1_equipment_status': '0', 'fail_code': '0', 'recerve': '0', 'prod_num': 442, 'r1_rob_no': '4', 'r1_weld_line_no': '0', 'r1_electric': '184.3460693359375', 'r1_voltage': '13.809317588806152', 'r1_speed': '0.0', 'r1_job': '0', 'r2_rob_no': '0', 'r2_weld_line_no': '0', 'r2_electric': '0.0', 'r2_voltage': '0.0', 'r2_speed': '0.0', 'r2_job': '0', 'replace_status': '0', 'part_status': '0', 'r1_protective_gas': '0', 'r1_welding_wire': '0', 'r2_protective_gas': '0', 'r2_welding_wire': '0', 'login_id': '\n\x00\x00\x00\x00\x00\x00\x00\x00\x00', 'login_password': '\n\x00\x00\x00\x00\x00\x00\x00\x00\x00'}
2021-03-02  11:28:37 Tue root INFO ('\n\x07250 TJ3\x00', '0', '0', 442, '4', '0', '184.3460693359375', '13.809317588806152', '0.0', '0', '0', '0', '0.0', '0.0', '0.0', '0', '0', '0', '0', '0', '0', '\n\x00\x00\x00\x00\x00\x00\x00\x00\x00', '\n\x00\x00\x00\x00\x00\x00\x00\x00\x00', '0', '0', '2021-03-02 11:28:37')
2021-03-02  11:28:38 Tue root INFO 成功添加数据
2021-03-02  11:28:38 Tue root INFO mes_plc_r4
2021-03-02  11:28:38 Tue root INFO 读取插入数据库数据：{'product_type': '\n\x02AA\x00\x00\x00\x00\x00\x00', 'r1_equipment_status': '2562', 'fail_code': '16962', 'recerve': '0', 'prod_num': 0, 'r1_rob_no': '0', 'r1_weld_line_no': '0', 'r1_electric': '9.727692471237622e-22', 'r1_voltage': '2.802596928649634e-45', 'r1_speed': '1.3775324423698682e-38', 'r1_job': '17207', 'r2_rob_no': '-12402', 'r2_weld_line_no': '16721', 'r2_electric': '-73117523247104.0', 'r2_voltage': '0.0', 'r2_speed': '0.0', 'r2_job': '0', 'replace_status': '0', 'part_status': '0', 'r1_protective_gas': '0', 'r1_welding_wire': '0', 'r2_protective_gas': '0', 'r2_welding_wire': '0', 'login_id': '\x00\x00\x00\x00\x00 \x00\x00\x00\x00', 'login_password': '\n\x00\x00\x00\x00\x00\x00\x00\x00\x00'}
2021-03-02  11:28:38 Tue root INFO ('\n\x02AA\x00\x00\x00\x00\x00\x00', '2562', '16962', 0, '0', '0', '9.727692471237622e-22', '2.802596928649634e-45', '1.3775324423698682e-38', '17207', '-12402', '16721', '-73117523247104.0', '0.0', '0.0', '0', '0', '0', '0', '0', '0', '\x00\x00\x00\x00\x00 \x00\x00\x00\x00', '\n\x00\x00\x00\x00\x00\x00\x00\x00\x00', '0', '0', '2021-03-02 11:28:38')
2021-03-02  11:28:38 Tue root INFO 成功添加数据
2021-03-02  11:28:38 Tue root INFO mes_plc_r5
2021-03-02  11:28:38 Tue root INFO 读取插入数据库数据：{'product_type': '\n\x00\x00\x00\x00\x00\x00\x00\x00\x00', 'r1_equipment_status': '2560', 'fail_code': '0', 'recerve': '0', 'prod_num': 0, 'r1_rob_no': '0', 'r1_weld_line_no': '0', 'r1_electric': '1.8870057723865944e-24', 'r1_voltage': '0.0', 'r1_speed': '0.0', 'r1_job': '17204', 'r2_rob_no': '18394', 'r2_weld_line_no': '16726', 'r2_electric': '-4.301500743989133e-26', 'r2_voltage': '0.0', 'r2_speed': '0.0', 'r2_job': '17203', 'replace_status': '-18584', 'part_status': '16726', 'r1_protective_gas': '15474', 'r1_welding_wire': '0', 'r2_protective_gas': '0', 'r2_welding_wire': '0', 'login_id': '\x00\x00\x00\x00\x00\x00\x00\x00\x00\x00', 'login_password': '\n\x00\x00\x00\x00\x00\x00\x00\x00\x00'}
2021-03-02  11:28:38 Tue root INFO ('\n\x00\x00\x00\x00\x00\x00\x00\x00\x00', '2560', '0', 0, '0', '0', '1.8870057723865944e-24', '0.0', '0.0', '17204', '18394', '16726', '-4.301500743989133e-26', '0.0', '0.0', '17203', '-18584', '15474', '0', '0', '0', '\x00\x00\x00\x00\x00\x00\x00\x00\x00\x00', '\n\x00\x00\x00\x00\x00\x00\x00\x00\x00', '16726', '0', '2021-03-02 11:28:38')
2021-03-02  11:28:38 Tue root INFO 成功添加数据
2021-03-02  11:28:38 Tue root INFO mes_plc_r6
2021-03-02  11:28:38 Tue root INFO 读取插入数据库数据：{'product_type': '\n\x00\x00\x00\x00\x00\x00\x00\x00\x00', 'r1_equipment_status': '2560', 'fail_code': '0', 'recerve': '0', 'prod_num': 0, 'r1_rob_no': '0', 'r1_weld_line_no': '0', 'r1_electric': '0.0', 'r1_voltage': '9.183815862507343e-40', 'r1_speed': '0.0', 'r1_job': '0', 'r2_rob_no': '0', 'r2_weld_line_no': '0', 'r2_electric': '0.0', 'r2_voltage': '0.0', 'r2_speed': '0.0', 'r2_job': '0', 'replace_status': '0', 'part_status': '0', 'r1_protective_gas': '0', 'r1_welding_wire': '0', 'r2_protective_gas': '0', 'r2_welding_wire': '0', 'login_id': '\x00\x00\x00\x00\x00\x00\x00\x00\x00\x00', 'login_password': '\n\x00\x00\x00\x00\x00\x00\x00\x00\x00'}
2021-03-02  11:28:38 Tue root INFO ('\n\x00\x00\x00\x00\x00\x00\x00\x00\x00', '2560', '0', 0, '0', '0', '0.0', '9.183815862507343e-40', '0.0', '0', '0', '0', '0.0', '0.0', '0.0', '0', '0', '0', '0', '0', '0', '\x00\x00\x00\x00\x00\x00\x00\x00\x00\x00', '\n\x00\x00\x00\x00\x00\x00\x00\x00\x00', '0', '0', '2021-03-02 11:28:38')
2021-03-02  11:28:39 Tue root INFO 成功添加数据
2021-03-02  11:29:39 Tue root INFO plc连接状态:[1, 1, 1, 1, 1, 1]
2021-03-02  11:29:39 Tue root INFO mes_plc
2021-03-02  11:29:39 Tue root INFO 读取插入数据库数据：{'product_type': '\n\x07250 YDG\x00', 'r1_equipment_status': '2567', 'fail_code': '12853', 'recerve': '12320', 'prod_num': 23108, 'r1_rob_no': '18176', 'r1_weld_line_no': '0', 'r1_electric': '1.0654138796264848e-21', 'r1_voltage': '6.165713243029195e-44', 'r1_speed': '3.6734198463196485e-40', 'r1_job': '17206', 'r2_rob_no': '29544', 'r2_weld_line_no': '16724', 'r2_electric': '8.715097876569077e+29', 'r2_voltage': '0.0', 'r2_speed': '9.550891600431086e-39', 'r2_job': '0', 'replace_status': '0', 'part_status': '0', 'r1_protective_gas': '0', 'r1_welding_wire': '0', 'r2_protective_gas': '0', 'r2_welding_wire': '0', 'login_id': '\x00\x00\x00\x00\x01Z\x00\x00\x00\x00', 'login_password': '\n\x00\x00\x00\x00\x00\x00\x00\x00\x00'}
2021-03-02  11:29:39 Tue root INFO ('\n\x07250 YDG\x00', '2567', '12853', 23108, '18176', '0', '1.0654138796264848e-21', '6.165713243029195e-44', '3.6734198463196485e-40', '17206', '29544', '16724', '8.715097876569077e+29', '0.0', '9.550891600431086e-39', '0', '0', '0', '0', '0', '0', '\x00\x00\x00\x00\x01Z\x00\x00\x00\x00', '\n\x00\x00\x00\x00\x00\x00\x00\x00\x00', '0', '12320', '2021-03-02 11:29:39')
2021-03-02  11:29:39 Tue root INFO 成功添加数据
2021-03-02  11:29:39 Tue root INFO mes_plc_r2
2021-03-02  11:29:39 Tue root INFO 读取插入数据库数据：{'product_type': '\n\x07250 TJ2\x00', 'r1_equipment_status': '0', 'fail_code': '0', 'recerve': '0', 'prod_num': 445, 'r1_rob_no': '104', 'r1_weld_line_no': '0', 'r1_electric': '0.0', 'r1_voltage': '0.0', 'r1_speed': '0.0', 'r1_job': '0', 'r2_rob_no': '0', 'r2_weld_line_no': '0', 'r2_electric': '0.0', 'r2_voltage': '0.0', 'r2_speed': '0.0', 'r2_job': '0', 'replace_status': '0', 'part_status': '0', 'r1_protective_gas': '0', 'r1_welding_wire': '0', 'r2_protective_gas': '0', 'r2_welding_wire': '0', 'login_id': '\n\x00\x00\x00\x00\x00\x00\x00\x00\x00', 'login_password': '\n\x00\x00\x00\x00\x00\x00\x00\x00\x00'}
2021-03-02  11:29:39 Tue root INFO ('\n\x07250 TJ2\x00', '0', '0', 445, '104', '0', '0.0', '0.0', '0.0', '0', '0', '0', '0.0', '0.0', '0.0', '0', '0', '0', '0', '0', '0', '\n\x00\x00\x00\x00\x00\x00\x00\x00\x00', '\n\x00\x00\x00\x00\x00\x00\x00\x00\x00', '0', '0', '2021-03-02 11:29:39')
2021-03-02  11:29:39 Tue root INFO 成功添加数据
2021-03-02  11:29:39 Tue root INFO mes_plc_r3
2021-03-02  11:29:39 Tue root INFO 读取插入数据库数据：{'product_type': '\n\x07250 TJ3\x00', 'r1_equipment_status': '0', 'fail_code': '0', 'recerve': '0', 'prod_num': 442, 'r1_rob_no': '4', 'r1_weld_line_no': '0', 'r1_electric': '184.4184112548828', 'r1_voltage': '13.816550254821777', 'r1_speed': '0.0', 'r1_job': '0', 'r2_rob_no': '0', 'r2_weld_line_no': '0', 'r2_electric': '0.0', 'r2_voltage': '0.0', 'r2_speed': '0.0', 'r2_job': '0', 'replace_status': '0', 'part_status': '0', 'r1_protective_gas': '0', 'r1_welding_wire': '0', 'r2_protective_gas': '0', 'r2_welding_wire': '0', 'login_id': '\n\x00\x00\x00\x00\x00\x00\x00\x00\x00', 'login_password': '\n\x00\x00\x00\x00\x00\x00\x00\x00\x00'}
2021-03-02  11:29:39 Tue root INFO ('\n\x07250 TJ3\x00', '0', '0', 442, '4', '0', '184.4184112548828', '13.816550254821777', '0.0', '0', '0', '0', '0.0', '0.0', '0.0', '0', '0', '0', '0', '0', '0', '\n\x00\x00\x00\x00\x00\x00\x00\x00\x00', '\n\x00\x00\x00\x00\x00\x00\x00\x00\x00', '0', '0', '2021-03-02 11:29:39')
2021-03-02  11:29:39 Tue root INFO 成功添加数据
2021-03-02  11:29:39 Tue root INFO mes_plc_r4
2021-03-02  11:29:40 Tue root INFO 读取插入数据库数据：{'product_type': '\n\x02AA\x00\x00\x00\x00\x00\x00', 'r1_equipment_status': '2562', 'fail_code': '16962', 'recerve': '0', 'prod_num': 0, 'r1_rob_no': '0', 'r1_weld_line_no': '0', 'r1_electric': '9.727692471237622e-22', 'r1_voltage': '2.802596928649634e-45', 'r1_speed': '1.3775324423698682e-38', 'r1_job': '17207', 'r2_rob_no': '-12402', 'r2_weld_line_no': '16721', 'r2_electric': '-73117523247104.0', 'r2_voltage': '0.0', 'r2_speed': '0.0', 'r2_job': '0', 'replace_status': '0', 'part_status': '0', 'r1_protective_gas': '0', 'r1_welding_wire': '0', 'r2_protective_gas': '0', 'r2_welding_wire': '0', 'login_id': '\x00\x00\x00\x00\x00 \x00\x00\x00\x00', 'login_password': '\n\x00\x00\x00\x00\x00\x00\x00\x00\x00'}
2021-03-02  11:29:40 Tue root INFO ('\n\x02AA\x00\x00\x00\x00\x00\x00', '2562', '16962', 0, '0', '0', '9.727692471237622e-22', '2.802596928649634e-45', '1.3775324423698682e-38', '17207', '-12402', '16721', '-73117523247104.0', '0.0', '0.0', '0', '0', '0', '0', '0', '0', '\x00\x00\x00\x00\x00 \x00\x00\x00\x00', '\n\x00\x00\x00\x00\x00\x00\x00\x00\x00', '0', '0', '2021-03-02 11:29:40')
2021-03-02  11:29:40 Tue root INFO 成功添加数据
2021-03-02  11:29:40 Tue root INFO mes_plc_r5
2021-03-02  11:29:40 Tue root INFO 读取插入数据库数据：{'product_type': '\n\x00\x00\x00\x00\x00\x00\x00\x00\x00', 'r1_equipment_status': '2560', 'fail_code': '0', 'recerve': '0', 'prod_num': 0, 'r1_rob_no': '0', 'r1_weld_line_no': '0', 'r1_electric': '1.8870057723865944e-24', 'r1_voltage': '0.0', 'r1_speed': '0.0', 'r1_job': '17204', 'r2_rob_no': '19342', 'r2_weld_line_no': '16726', 'r2_electric': '-1.1381514713908342e+37', 'r2_voltage': '0.0', 'r2_speed': '0.0', 'r2_job': '17203', 'replace_status': '-19532', 'part_status': '16726', 'r1_protective_gas': '15474', 'r1_welding_wire': '0', 'r2_protective_gas': '0', 'r2_welding_wire': '0', 'login_id': '\x00\x00\x00\x00\x00\x00\x00\x00\x00\x00', 'login_password': '\n\x00\x00\x00\x00\x00\x00\x00\x00\x00'}
2021-03-02  11:29:40 Tue root INFO ('\n\x00\x00\x00\x00\x00\x00\x00\x00\x00', '2560', '0', 0, '0', '0', '1.8870057723865944e-24', '0.0', '0.0', '17204', '19342', '16726', '-1.1381514713908342e+37', '0.0', '0.0', '17203', '-19532', '15474', '0', '0', '0', '\x00\x00\x00\x00\x00\x00\x00\x00\x00\x00', '\n\x00\x00\x00\x00\x00\x00\x00\x00\x00', '16726', '0', '2021-03-02 11:29:40')
2021-03-02  11:29:40 Tue root INFO 成功添加数据
2021-03-02  11:29:40 Tue root INFO mes_plc_r6
2021-03-02  11:29:40 Tue root INFO 读取插入数据库数据：{'product_type': '\n\x00\x00\x00\x00\x00\x00\x00\x00\x00', 'r1_equipment_status': '2560', 'fail_code': '0', 'recerve': '0', 'prod_num': 0, 'r1_rob_no': '0', 'r1_weld_line_no': '0', 'r1_electric': '0.0', 'r1_voltage': '9.183815862507343e-40', 'r1_speed': '0.0', 'r1_job': '0', 'r2_rob_no': '0', 'r2_weld_line_no': '0', 'r2_electric': '0.0', 'r2_voltage': '0.0', 'r2_speed': '0.0', 'r2_job': '0', 'replace_status': '0', 'part_status': '0', 'r1_protective_gas': '0', 'r1_welding_wire': '0', 'r2_protective_gas': '0', 'r2_welding_wire': '0', 'login_id': '\x00\x00\x00\x00\x00\x00\x00\x00\x00\x00', 'login_password': '\n\x00\x00\x00\x00\x00\x00\x00\x00\x00'}
2021-03-02  11:29:40 Tue root INFO ('\n\x00\x00\x00\x00\x00\x00\x00\x00\x00', '2560', '0', 0, '0', '0', '0.0', '9.183815862507343e-40', '0.0', '0', '0', '0', '0.0', '0.0', '0.0', '0', '0', '0', '0', '0', '0', '\x00\x00\x00\x00\x00\x00\x00\x00\x00\x00', '\n\x00\x00\x00\x00\x00\x00\x00\x00\x00', '0', '0', '2021-03-02 11:29:40')
2021-03-02  11:29:40 Tue root INFO 成功添加数据
2021-03-02  12:34:57 Tue werkzeug INFO  * Running on http://127.0.0.1:5000/ (Press CTRL+C to quit)
2021-03-02  12:34:58 Tue root INFO 数据库连接成功！
2021-03-02  12:35:20 Tue root INFO PLC1连接失败
2021-03-02  12:35:20 Tue root INFO PLC2连接成功
2021-03-02  12:35:20 Tue root INFO PLC3连接成功
2021-03-02  12:35:20 Tue root INFO PLC4连接成功
2021-03-02  12:35:20 Tue root INFO PLC5连接成功
2021-03-02  12:35:20 Tue root INFO PLC6连接成功
2021-03-02  12:35:20 Tue root INFO plc连接状态:[0, 1, 1, 1, 1, 1]
2021-03-02  12:35:20 Tue root INFO mes_plc_r2
2021-03-02  12:35:20 Tue root INFO 读取插入数据库数据：{'product_type': '\n\x07250 TJ2\x00', 'r1_equipment_status': '0', 'fail_code': '0', 'recerve': '0', 'prod_num': 451, 'r1_rob_no': '104', 'r1_weld_line_no': '0', 'r1_electric': '0.0', 'r1_voltage': '0.0', 'r1_speed': '0.0', 'r1_job': '0', 'r2_rob_no': '0', 'r2_weld_line_no': '0', 'r2_electric': '0.0', 'r2_voltage': '0.0', 'r2_speed': '0.0', 'r2_job': '0', 'replace_status': '0', 'part_status': '0', 'r1_protective_gas': '0', 'r1_welding_wire': '0', 'r2_protective_gas': '0', 'r2_welding_wire': '0', 'login_id': '\n\x00\x00\x00\x00\x00\x00\x00\x00\x00', 'login_password': '\n\x00\x00\x00\x00\x00\x00\x00\x00\x00'}
2021-03-02  12:35:20 Tue root INFO ('\n\x07250 TJ2\x00', '0', '0', 451, '104', '0', '0.0', '0.0', '0.0', '0', '0', '0', '0.0', '0.0', '0.0', '0', '0', '0', '0', '0', '0', '\n\x00\x00\x00\x00\x00\x00\x00\x00\x00', '\n\x00\x00\x00\x00\x00\x00\x00\x00\x00', '0', '0', '2021-03-02 12:35:20')
2021-03-02  12:35:20 Tue root INFO 成功添加数据
2021-03-02  12:35:20 Tue root INFO mes_plc_r3
2021-03-02  12:35:20 Tue root INFO 读取插入数据库数据：{'product_type': '\n\x07250 TJ3\x00', 'r1_equipment_status': '0', 'fail_code': '0', 'recerve': '0', 'prod_num': 443, 'r1_rob_no': '4', 'r1_weld_line_no': '0', 'r1_electric': '185.77835083007812', 'r1_voltage': '13.798466682434082', 'r1_speed': '0.0', 'r1_job': '0', 'r2_rob_no': '0', 'r2_weld_line_no': '0', 'r2_electric': '0.0', 'r2_voltage': '0.0', 'r2_speed': '0.0', 'r2_job': '0', 'replace_status': '0', 'part_status': '0', 'r1_protective_gas': '0', 'r1_welding_wire': '0', 'r2_protective_gas': '0', 'r2_welding_wire': '0', 'login_id': '\n\x00\x00\x00\x00\x00\x00\x00\x00\x00', 'login_password': '\n\x00\x00\x00\x00\x00\x00\x00\x00\x00'}
2021-03-02  12:35:20 Tue root INFO ('\n\x07250 TJ3\x00', '0', '0', 443, '4', '0', '185.77835083007812', '13.798466682434082', '0.0', '0', '0', '0', '0.0', '0.0', '0.0', '0', '0', '0', '0', '0', '0', '\n\x00\x00\x00\x00\x00\x00\x00\x00\x00', '\n\x00\x00\x00\x00\x00\x00\x00\x00\x00', '0', '0', '2021-03-02 12:35:20')
2021-03-02  12:35:20 Tue root INFO 成功添加数据
2021-03-02  12:35:20 Tue root INFO mes_plc_r4
2021-03-02  12:35:21 Tue root INFO 读取插入数据库数据：{'product_type': '\n\x00\x00\x00\x00\x00\x00\x00\x00\x00', 'r1_equipment_status': '2560', 'fail_code': '0', 'recerve': '0', 'prod_num': 0, 'r1_rob_no': '0', 'r1_weld_line_no': '0', 'r1_electric': '9.727692471237622e-22', 'r1_voltage': '2.802596928649634e-45', 'r1_speed': '0.0', 'r1_job': '17208', 'r2_rob_no': '-3982', 'r2_weld_line_no': '16721', 'r2_electric': '-1.6047303883528737e-22', 'r2_voltage': '0.0', 'r2_speed': '0.0', 'r2_job': '0', 'replace_status': '0', 'part_status': '0', 'r1_protective_gas': '0', 'r1_welding_wire': '0', 'r2_protective_gas': '0', 'r2_welding_wire': '0', 'login_id': '\x00\x00\x00\x00\x00\x00\x00\x00\x00\x00', 'login_password': '\n\x00\x00\x00\x00\x00\x00\x00\x00\x00'}
2021-03-02  12:35:21 Tue root INFO ('\n\x00\x00\x00\x00\x00\x00\x00\x00\x00', '2560', '0', 0, '0', '0', '9.727692471237622e-22', '2.802596928649634e-45', '0.0', '17208', '-3982', '16721', '-1.6047303883528737e-22', '0.0', '0.0', '0', '0', '0', '0', '0', '0', '\x00\x00\x00\x00\x00\x00\x00\x00\x00\x00', '\n\x00\x00\x00\x00\x00\x00\x00\x00\x00', '0', '0', '2021-03-02 12:35:21')
2021-03-02  12:35:21 Tue root INFO 成功添加数据
2021-03-02  12:35:21 Tue root INFO mes_plc_r5
2021-03-02  12:35:21 Tue root INFO 读取插入数据库数据：{'product_type': '\n\x00\x00\x00\x00\x00\x00\x00\x00\x00', 'r1_equipment_status': '2560', 'fail_code': '0', 'recerve': '0', 'prod_num': 0, 'r1_rob_no': '0', 'r1_weld_line_no': '0', 'r1_electric': '1.8870057723865944e-24', 'r1_voltage': '0.0', 'r1_speed': '0.0', 'r1_job': '17207', 'r2_rob_no': '26586', 'r2_weld_line_no': '16724', 'r2_electric': '8.715097876569077e+29', 'r2_voltage': '0.0', 'r2_speed': '0.0', 'r2_job': '17208', 'replace_status': '12250', 'part_status': '16724', 'r1_protective_gas': '-13806', 'r1_welding_wire': '0', 'r2_protective_gas': '0', 'r2_welding_wire': '0', 'login_id': '\x00\x00\x00\x00\x00\x00\x00\x00\x00\x00', 'login_password': '\n\x00\x00\x00\x00\x00\x00\x00\x00\x00'}
2021-03-02  12:35:21 Tue root INFO ('\n\x00\x00\x00\x00\x00\x00\x00\x00\x00', '2560', '0', 0, '0', '0', '1.8870057723865944e-24', '0.0', '0.0', '17207', '26586', '16724', '8.715097876569077e+29', '0.0', '0.0', '17208', '12250', '-13806', '0', '0', '0', '\x00\x00\x00\x00\x00\x00\x00\x00\x00\x00', '\n\x00\x00\x00\x00\x00\x00\x00\x00\x00', '16724', '0', '2021-03-02 12:35:21')
2021-03-02  12:35:21 Tue root INFO 成功添加数据
2021-03-02  12:35:21 Tue root INFO mes_plc_r6
2021-03-02  12:35:21 Tue root INFO 读取插入数据库数据：{'product_type': '\n\x00\x00\x00\x00\x00\x00\x00\x00\x00', 'r1_equipment_status': '2560', 'fail_code': '0', 'recerve': '0', 'prod_num': 0, 'r1_rob_no': '0', 'r1_weld_line_no': '0', 'r1_electric': '0.0', 'r1_voltage': '9.183815862507343e-40', 'r1_speed': '0.0', 'r1_job': '0', 'r2_rob_no': '0', 'r2_weld_line_no': '0', 'r2_electric': '0.0', 'r2_voltage': '0.0', 'r2_speed': '0.0', 'r2_job': '0', 'replace_status': '0', 'part_status': '0', 'r1_protective_gas': '0', 'r1_welding_wire': '0', 'r2_protective_gas': '0', 'r2_welding_wire': '0', 'login_id': '\x00\x00\x00\x00\x00\x00\x00\x00\x00\x00', 'login_password': '\n\x00\x00\x00\x00\x00\x00\x00\x00\x00'}
2021-03-02  12:35:21 Tue root INFO ('\n\x00\x00\x00\x00\x00\x00\x00\x00\x00', '2560', '0', 0, '0', '0', '0.0', '9.183815862507343e-40', '0.0', '0', '0', '0', '0.0', '0.0', '0.0', '0', '0', '0', '0', '0', '0', '\x00\x00\x00\x00\x00\x00\x00\x00\x00\x00', '\n\x00\x00\x00\x00\x00\x00\x00\x00\x00', '0', '0', '2021-03-02 12:35:21')
2021-03-02  12:35:21 Tue root INFO 成功添加数据
2021-03-02  12:36:42 Tue root INFO PLC1连接失败
2021-03-02  12:36:42 Tue root INFO plc连接状态:[0, 1, 1, 1, 1, 1]
2021-03-02  12:36:42 Tue root INFO mes_plc_r2
2021-03-02  12:36:43 Tue root INFO 读取插入数据库数据：{'product_type': '\n\x07250 TJ2\x00', 'r1_equipment_status': '0', 'fail_code': '0', 'recerve': '0', 'prod_num': 451, 'r1_rob_no': '104', 'r1_weld_line_no': '0', 'r1_electric': '0.0', 'r1_voltage': '0.0', 'r1_speed': '0.0', 'r1_job': '0', 'r2_rob_no': '0', 'r2_weld_line_no': '0', 'r2_electric': '0.0', 'r2_voltage': '0.0', 'r2_speed': '0.0', 'r2_job': '0', 'replace_status': '0', 'part_status': '0', 'r1_protective_gas': '0', 'r1_welding_wire': '0', 'r2_protective_gas': '0', 'r2_welding_wire': '0', 'login_id': '\n\x00\x00\x00\x00\x00\x00\x00\x00\x00', 'login_password': '\n\x00\x00\x00\x00\x00\x00\x00\x00\x00'}
2021-03-02  12:36:43 Tue root INFO ('\n\x07250 TJ2\x00', '0', '0', 451, '104', '0', '0.0', '0.0', '0.0', '0', '0', '0', '0.0', '0.0', '0.0', '0', '0', '0', '0', '0', '0', '\n\x00\x00\x00\x00\x00\x00\x00\x00\x00', '\n\x00\x00\x00\x00\x00\x00\x00\x00\x00', '0', '0', '2021-03-02 12:36:43')
2021-03-02  12:36:43 Tue root INFO 成功添加数据
2021-03-02  12:36:43 Tue root INFO mes_plc_r3
2021-03-02  12:36:43 Tue root INFO 读取插入数据库数据：{'product_type': '\n\x07250 TJ3\x00', 'r1_equipment_status': '0', 'fail_code': '0', 'recerve': '0', 'prod_num': 443, 'r1_rob_no': '4', 'r1_weld_line_no': '0', 'r1_electric': '185.5758056640625', 'r1_voltage': '13.802083015441895', 'r1_speed': '0.0', 'r1_job': '0', 'r2_rob_no': '0', 'r2_weld_line_no': '0', 'r2_electric': '0.0', 'r2_voltage': '0.0', 'r2_speed': '0.0', 'r2_job': '0', 'replace_status': '0', 'part_status': '0', 'r1_protective_gas': '0', 'r1_welding_wire': '0', 'r2_protective_gas': '0', 'r2_welding_wire': '0', 'login_id': '\n\x00\x00\x00\x00\x00\x00\x00\x00\x00', 'login_password': '\n\x00\x00\x00\x00\x00\x00\x00\x00\x00'}
2021-03-02  12:36:43 Tue root INFO ('\n\x07250 TJ3\x00', '0', '0', 443, '4', '0', '185.5758056640625', '13.802083015441895', '0.0', '0', '0', '0', '0.0', '0.0', '0.0', '0', '0', '0', '0', '0', '0', '\n\x00\x00\x00\x00\x00\x00\x00\x00\x00', '\n\x00\x00\x00\x00\x00\x00\x00\x00\x00', '0', '0', '2021-03-02 12:36:43')
2021-03-02  12:36:43 Tue root INFO 成功添加数据
2021-03-02  12:36:43 Tue root INFO mes_plc_r4
2021-03-02  12:36:43 Tue root INFO 读取插入数据库数据：{'product_type': '\n\x00\x00\x00\x00\x00\x00\x00\x00\x00', 'r1_equipment_status': '2560', 'fail_code': '0', 'recerve': '0', 'prod_num': 0, 'r1_rob_no': '0', 'r1_weld_line_no': '0', 'r1_electric': '9.727692471237622e-22', 'r1_voltage': '2.802596928649634e-45', 'r1_speed': '0.0', 'r1_job': '17208', 'r2_rob_no': '-18205', 'r2_weld_line_no': '16721', 'r2_electric': '-92160.0', 'r2_voltage': '0.0', 'r2_speed': '0.0', 'r2_job': '0', 'replace_status': '0', 'part_status': '0', 'r1_protective_gas': '0', 'r1_welding_wire': '0', 'r2_protective_gas': '0', 'r2_welding_wire': '0', 'login_id': '\x00\x00\x00\x00\x00\x00\x00\x00\x00\x00', 'login_password': '\n\x00\x00\x00\x00\x00\x00\x00\x00\x00'}
2021-03-02  12:36:43 Tue root INFO ('\n\x00\x00\x00\x00\x00\x00\x00\x00\x00', '2560', '0', 0, '0', '0', '9.727692471237622e-22', '2.802596928649634e-45', '0.0', '17208', '-18205', '16721', '-92160.0', '0.0', '0.0', '0', '0', '0', '0', '0', '0', '\x00\x00\x00\x00\x00\x00\x00\x00\x00\x00', '\n\x00\x00\x00\x00\x00\x00\x00\x00\x00', '0', '0', '2021-03-02 12:36:43')
2021-03-02  12:36:43 Tue root INFO 成功添加数据
2021-03-02  12:36:43 Tue root INFO mes_plc_r5
2021-03-02  12:36:44 Tue root INFO 读取插入数据库数据：{'product_type': '\n\x00\x00\x00\x00\x00\x00\x00\x00\x00', 'r1_equipment_status': '2560', 'fail_code': '0', 'recerve': '0', 'prod_num': 0, 'r1_rob_no': '0', 'r1_weld_line_no': '0', 'r1_electric': '1.8870057723865944e-24', 'r1_voltage': '0.0', 'r1_speed': '0.0', 'r1_job': '17207', 'r2_rob_no': '5727', 'r2_weld_line_no': '16724', 'r2_electric': '-2392064.0', 'r2_voltage': '0.0', 'r2_speed': '0.0', 'r2_job': '17207', 'replace_status': '-14298', 'part_status': '16724', 'r1_protective_gas': '-17598', 'r1_welding_wire': '0', 'r2_protective_gas': '0', 'r2_welding_wire': '0', 'login_id': '\x00\x00\x00\x00\x00\x00\x00\x00\x00\x00', 'login_password': '\n\x00\x00\x00\x00\x00\x00\x00\x00\x00'}
2021-03-02  12:36:44 Tue root INFO ('\n\x00\x00\x00\x00\x00\x00\x00\x00\x00', '2560', '0', 0, '0', '0', '1.8870057723865944e-24', '0.0', '0.0', '17207', '5727', '16724', '-2392064.0', '0.0', '0.0', '17207', '-14298', '-17598', '0', '0', '0', '\x00\x00\x00\x00\x00\x00\x00\x00\x00\x00', '\n\x00\x00\x00\x00\x00\x00\x00\x00\x00', '16724', '0', '2021-03-02 12:36:44')
2021-03-02  12:36:44 Tue root INFO 成功添加数据
2021-03-02  12:36:44 Tue root INFO mes_plc_r6
2021-03-02  12:36:44 Tue root INFO 读取插入数据库数据：{'product_type': '\n\x00\x00\x00\x00\x00\x00\x00\x00\x00', 'r1_equipment_status': '2560', 'fail_code': '0', 'recerve': '0', 'prod_num': 0, 'r1_rob_no': '0', 'r1_weld_line_no': '0', 'r1_electric': '0.0', 'r1_voltage': '9.183815862507343e-40', 'r1_speed': '0.0', 'r1_job': '0', 'r2_rob_no': '0', 'r2_weld_line_no': '0', 'r2_electric': '0.0', 'r2_voltage': '0.0', 'r2_speed': '0.0', 'r2_job': '0', 'replace_status': '0', 'part_status': '0', 'r1_protective_gas': '0', 'r1_welding_wire': '0', 'r2_protective_gas': '0', 'r2_welding_wire': '0', 'login_id': '\x00\x00\x00\x00\x00\x00\x00\x00\x00\x00', 'login_password': '\n\x00\x00\x00\x00\x00\x00\x00\x00\x00'}
2021-03-02  12:36:44 Tue root INFO ('\n\x00\x00\x00\x00\x00\x00\x00\x00\x00', '2560', '0', 0, '0', '0', '0.0', '9.183815862507343e-40', '0.0', '0', '0', '0', '0.0', '0.0', '0.0', '0', '0', '0', '0', '0', '0', '\x00\x00\x00\x00\x00\x00\x00\x00\x00\x00', '\n\x00\x00\x00\x00\x00\x00\x00\x00\x00', '0', '0', '2021-03-02 12:36:44')
2021-03-02  12:36:44 Tue root INFO 成功添加数据
2021-03-02  12:38:05 Tue root INFO PLC1连接失败
2021-03-02  12:38:05 Tue root INFO plc连接状态:[0, 1, 1, 1, 1, 1]
2021-03-02  12:38:05 Tue root INFO mes_plc_r2
2021-03-02  12:38:05 Tue root INFO 读取插入数据库数据：{'product_type': '\n\x07250 TJ2\x00', 'r1_equipment_status': '0', 'fail_code': '0', 'recerve': '0', 'prod_num': 451, 'r1_rob_no': '104', 'r1_weld_line_no': '0', 'r1_electric': '0.0', 'r1_voltage': '0.0', 'r1_speed': '0.0', 'r1_job': '0', 'r2_rob_no': '0', 'r2_weld_line_no': '0', 'r2_electric': '0.0', 'r2_voltage': '0.0', 'r2_speed': '0.0', 'r2_job': '0', 'replace_status': '0', 'part_status': '0', 'r1_protective_gas': '0', 'r1_welding_wire': '0', 'r2_protective_gas': '0', 'r2_welding_wire': '0', 'login_id': '\n\x00\x00\x00\x00\x00\x00\x00\x00\x00', 'login_password': '\n\x00\x00\x00\x00\x00\x00\x00\x00\x00'}
2021-03-02  12:38:05 Tue root INFO ('\n\x07250 TJ2\x00', '0', '0', 451, '104', '0', '0.0', '0.0', '0.0', '0', '0', '0', '0.0', '0.0', '0.0', '0', '0', '0', '0', '0', '0', '\n\x00\x00\x00\x00\x00\x00\x00\x00\x00', '\n\x00\x00\x00\x00\x00\x00\x00\x00\x00', '0', '0', '2021-03-02 12:38:05')
2021-03-02  12:38:05 Tue root INFO 成功添加数据
2021-03-02  12:38:05 Tue root INFO mes_plc_r3
2021-03-02  12:38:06 Tue root INFO 读取插入数据库数据：{'product_type': '\n\x07250 TJ3\x00', 'r1_equipment_status': '0', 'fail_code': '0', 'recerve': '0', 'prod_num': 443, 'r1_rob_no': '4', 'r1_weld_line_no': '0', 'r1_electric': '185.40220642089844', 'r1_voltage': '13.80570125579834', 'r1_speed': '0.0', 'r1_job': '0', 'r2_rob_no': '0', 'r2_weld_line_no': '0', 'r2_electric': '0.0', 'r2_voltage': '0.0', 'r2_speed': '0.0', 'r2_job': '0', 'replace_status': '0', 'part_status': '0', 'r1_protective_gas': '0', 'r1_welding_wire': '0', 'r2_protective_gas': '0', 'r2_welding_wire': '0', 'login_id': '\n\x00\x00\x00\x00\x00\x00\x00\x00\x00', 'login_password': '\n\x00\x00\x00\x00\x00\x00\x00\x00\x00'}
2021-03-02  12:38:06 Tue root INFO ('\n\x07250 TJ3\x00', '0', '0', 443, '4', '0', '185.40220642089844', '13.80570125579834', '0.0', '0', '0', '0', '0.0', '0.0', '0.0', '0', '0', '0', '0', '0', '0', '\n\x00\x00\x00\x00\x00\x00\x00\x00\x00', '\n\x00\x00\x00\x00\x00\x00\x00\x00\x00', '0', '0', '2021-03-02 12:38:06')
2021-03-02  12:38:06 Tue root INFO 成功添加数据
2021-03-02  12:38:06 Tue root INFO mes_plc_r4
2021-03-02  12:38:06 Tue root INFO 读取插入数据库数据：{'product_type': '\n\x00\x00\x00\x00\x00\x00\x00\x00\x00', 'r1_equipment_status': '2560', 'fail_code': '0', 'recerve': '0', 'prod_num': 0, 'r1_rob_no': '0', 'r1_weld_line_no': '0', 'r1_electric': '9.727692471237622e-22', 'r1_voltage': '2.802596928649634e-45', 'r1_speed': '0.0', 'r1_job': '17208', 'r2_rob_no': '-28634', 'r2_weld_line_no': '16721', 'r2_electric': '-1.2967404927621828e-13', 'r2_voltage': '0.0', 'r2_speed': '0.0', 'r2_job': '0', 'replace_status': '0', 'part_status': '0', 'r1_protective_gas': '0', 'r1_welding_wire': '0', 'r2_protective_gas': '0', 'r2_welding_wire': '0', 'login_id': '\x00\x00\x00\x00\x00\x00\x00\x00\x00\x00', 'login_password': '\n\x00\x00\x00\x00\x00\x00\x00\x00\x00'}
2021-03-02  12:38:06 Tue root INFO ('\n\x00\x00\x00\x00\x00\x00\x00\x00\x00', '2560', '0', 0, '0', '0', '9.727692471237622e-22', '2.802596928649634e-45', '0.0', '17208', '-28634', '16721', '-1.2967404927621828e-13', '0.0', '0.0', '0', '0', '0', '0', '0', '0', '\x00\x00\x00\x00\x00\x00\x00\x00\x00\x00', '\n\x00\x00\x00\x00\x00\x00\x00\x00\x00', '0', '0', '2021-03-02 12:38:06')
2021-03-02  12:38:06 Tue root INFO 成功添加数据
2021-03-02  12:38:06 Tue root INFO mes_plc_r5
2021-03-02  12:38:06 Tue root INFO 读取插入数据库数据：{'product_type': '\n\x00\x00\x00\x00\x00\x00\x00\x00\x00', 'r1_equipment_status': '2560', 'fail_code': '0', 'recerve': '0', 'prod_num': 0, 'r1_rob_no': '0', 'r1_weld_line_no': '0', 'r1_electric': '1.8870057723865944e-24', 'r1_voltage': '0.0', 'r1_speed': '0.0', 'r1_job': '17206', 'r2_rob_no': '-8495', 'r2_weld_line_no': '16724', 'r2_electric': '-2005509209063424.0', 'r2_voltage': '0.0', 'r2_speed': '0.0', 'r2_job': '17207', 'replace_status': '25638', 'part_status': '16725', 'r1_protective_gas': '5159', 'r1_welding_wire': '0', 'r2_protective_gas': '0', 'r2_welding_wire': '0', 'login_id': '\x00\x00\x00\x00\x00\x00\x00\x00\x00\x00', 'login_password': '\n\x00\x00\x00\x00\x00\x00\x00\x00\x00'}
2021-03-02  12:38:06 Tue root INFO ('\n\x00\x00\x00\x00\x00\x00\x00\x00\x00', '2560', '0', 0, '0', '0', '1.8870057723865944e-24', '0.0', '0.0', '17206', '-8495', '16724', '-2005509209063424.0', '0.0', '0.0', '17207', '25638', '5159', '0', '0', '0', '\x00\x00\x00\x00\x00\x00\x00\x00\x00\x00', '\n\x00\x00\x00\x00\x00\x00\x00\x00\x00', '16725', '0', '2021-03-02 12:38:06')
2021-03-02  12:38:06 Tue root INFO 成功添加数据
2021-03-02  12:38:06 Tue root INFO mes_plc_r6
2021-03-02  12:38:07 Tue root INFO 读取插入数据库数据：{'product_type': '\n\x00\x00\x00\x00\x00\x00\x00\x00\x00', 'r1_equipment_status': '2560', 'fail_code': '0', 'recerve': '0', 'prod_num': 0, 'r1_rob_no': '0', 'r1_weld_line_no': '0', 'r1_electric': '0.0', 'r1_voltage': '9.183815862507343e-40', 'r1_speed': '0.0', 'r1_job': '0', 'r2_rob_no': '0', 'r2_weld_line_no': '0', 'r2_electric': '0.0', 'r2_voltage': '0.0', 'r2_speed': '0.0', 'r2_job': '0', 'replace_status': '0', 'part_status': '0', 'r1_protective_gas': '0', 'r1_welding_wire': '0', 'r2_protective_gas': '0', 'r2_welding_wire': '0', 'login_id': '\x00\x00\x00\x00\x00\x00\x00\x00\x00\x00', 'login_password': '\n\x00\x00\x00\x00\x00\x00\x00\x00\x00'}
2021-03-02  12:38:07 Tue root INFO ('\n\x00\x00\x00\x00\x00\x00\x00\x00\x00', '2560', '0', 0, '0', '0', '0.0', '9.183815862507343e-40', '0.0', '0', '0', '0', '0.0', '0.0', '0.0', '0', '0', '0', '0', '0', '0', '\x00\x00\x00\x00\x00\x00\x00\x00\x00\x00', '\n\x00\x00\x00\x00\x00\x00\x00\x00\x00', '0', '0', '2021-03-02 12:38:07')
2021-03-02  12:38:07 Tue root INFO 成功添加数据
2021-03-02  12:39:28 Tue root INFO PLC1连接失败
2021-03-02  12:39:28 Tue root INFO plc连接状态:[0, 1, 1, 1, 1, 1]
2021-03-02  12:39:28 Tue root INFO mes_plc_r2
2021-03-02  12:39:28 Tue root INFO 读取插入数据库数据：{'product_type': '\n\x07250 TJ1\x00', 'r1_equipment_status': '0', 'fail_code': '0', 'recerve': '0', 'prod_num': 452, 'r1_rob_no': '4', 'r1_weld_line_no': '0', 'r1_electric': '0.0', 'r1_voltage': '0.0', 'r1_speed': '0.0', 'r1_job': '0', 'r2_rob_no': '0', 'r2_weld_line_no': '0', 'r2_electric': '0.0', 'r2_voltage': '0.0', 'r2_speed': '0.0', 'r2_job': '0', 'replace_status': '0', 'part_status': '0', 'r1_protective_gas': '0', 'r1_welding_wire': '0', 'r2_protective_gas': '0', 'r2_welding_wire': '0', 'login_id': '\n\x00\x00\x00\x00\x00\x00\x00\x00\x00', 'login_password': '\n\x00\x00\x00\x00\x00\x00\x00\x00\x00'}
2021-03-02  12:39:28 Tue root INFO ('\n\x07250 TJ1\x00', '0', '0', 452, '4', '0', '0.0', '0.0', '0.0', '0', '0', '0', '0.0', '0.0', '0.0', '0', '0', '0', '0', '0', '0', '\n\x00\x00\x00\x00\x00\x00\x00\x00\x00', '\n\x00\x00\x00\x00\x00\x00\x00\x00\x00', '0', '0', '2021-03-02 12:39:28')
2021-03-02  12:39:28 Tue root INFO 成功添加数据
2021-03-02  12:39:28 Tue root INFO mes_plc_r3
2021-03-02  12:39:28 Tue root INFO 读取插入数据库数据：{'product_type': '\n\x07250 TJ3\x00', 'r1_equipment_status': '0', 'fail_code': '0', 'recerve': '0', 'prod_num': 444, 'r1_rob_no': '4', 'r1_weld_line_no': '0', 'r1_electric': '185.2285919189453', 'r1_voltage': '13.79123306274414', 'r1_speed': '0.0', 'r1_job': '0', 'r2_rob_no': '0', 'r2_weld_line_no': '0', 'r2_electric': '0.0', 'r2_voltage': '0.0', 'r2_speed': '0.0', 'r2_job': '0', 'replace_status': '0', 'part_status': '0', 'r1_protective_gas': '0', 'r1_welding_wire': '0', 'r2_protective_gas': '0', 'r2_welding_wire': '0', 'login_id': '\n\x00\x00\x00\x00\x00\x00\x00\x00\x00', 'login_password': '\n\x00\x00\x00\x00\x00\x00\x00\x00\x00'}
2021-03-02  12:39:28 Tue root INFO ('\n\x07250 TJ3\x00', '0', '0', 444, '4', '0', '185.2285919189453', '13.79123306274414', '0.0', '0', '0', '0', '0.0', '0.0', '0.0', '0', '0', '0', '0', '0', '0', '\n\x00\x00\x00\x00\x00\x00\x00\x00\x00', '\n\x00\x00\x00\x00\x00\x00\x00\x00\x00', '0', '0', '2021-03-02 12:39:28')
2021-03-02  12:39:29 Tue root INFO 成功添加数据
2021-03-02  12:39:29 Tue root INFO mes_plc_r4
2021-03-02  12:39:29 Tue root INFO 读取插入数据库数据：{'product_type': '\n\x00\x00\x00\x00\x00\x00\x00\x00\x00', 'r1_equipment_status': '2560', 'fail_code': '0', 'recerve': '0', 'prod_num': 0, 'r1_rob_no': '0', 'r1_weld_line_no': '0', 'r1_electric': '9.727692471237622e-22', 'r1_voltage': '2.802596928649634e-45', 'r1_speed': '0.0', 'r1_job': '17208', 'r2_rob_no': '27421', 'r2_weld_line_no': '16721', 'r2_electric': '-92160.0', 'r2_voltage': '0.0', 'r2_speed': '0.0', 'r2_job': '0', 'replace_status': '0', 'part_status': '0', 'r1_protective_gas': '0', 'r1_welding_wire': '0', 'r2_protective_gas': '0', 'r2_welding_wire': '0', 'login_id': '\x00\x00\x00\x00\x00\x00\x00\x00\x00\x00', 'login_password': '\n\x00\x00\x00\x00\x00\x00\x00\x00\x00'}
2021-03-02  12:39:29 Tue root INFO ('\n\x00\x00\x00\x00\x00\x00\x00\x00\x00', '2560', '0', 0, '0', '0', '9.727692471237622e-22', '2.802596928649634e-45', '0.0', '17208', '27421', '16721', '-92160.0', '0.0', '0.0', '0', '0', '0', '0', '0', '0', '\x00\x00\x00\x00\x00\x00\x00\x00\x00\x00', '\n\x00\x00\x00\x00\x00\x00\x00\x00\x00', '0', '0', '2021-03-02 12:39:29')
2021-03-02  12:39:29 Tue root INFO 成功添加数据
2021-03-02  12:39:29 Tue root INFO mes_plc_r5
2021-03-02  12:39:29 Tue root INFO 读取插入数据库数据：{'product_type': '\n\x00\x00\x00\x00\x00\x00\x00\x00\x00', 'r1_equipment_status': '2560', 'fail_code': '0', 'recerve': '0', 'prod_num': 0, 'r1_rob_no': '0', 'r1_weld_line_no': '0', 'r1_electric': '1.8870057723865944e-24', 'r1_voltage': '0.0', 'r1_speed': '0.0', 'r1_job': '17206', 'r2_rob_no': '-25562', 'r2_weld_line_no': '16725', 'r2_electric': '4.71875', 'r2_voltage': '0.0', 'r2_speed': '0.0', 'r2_job': '17207', 'replace_status': '3831', 'part_status': '16725', 'r1_protective_gas': '8951', 'r1_welding_wire': '0', 'r2_protective_gas': '0', 'r2_welding_wire': '0', 'login_id': '\x00\x00\x00\x00\x00\x00\x00\x00\x00\x00', 'login_password': '\n\x00\x00\x00\x00\x00\x00\x00\x00\x00'}
2021-03-02  12:39:29 Tue root INFO ('\n\x00\x00\x00\x00\x00\x00\x00\x00\x00', '2560', '0', 0, '0', '0', '1.8870057723865944e-24', '0.0', '0.0', '17206', '-25562', '16725', '4.71875', '0.0', '0.0', '17207', '3831', '8951', '0', '0', '0', '\x00\x00\x00\x00\x00\x00\x00\x00\x00\x00', '\n\x00\x00\x00\x00\x00\x00\x00\x00\x00', '16725', '0', '2021-03-02 12:39:29')
2021-03-02  12:39:30 Tue root INFO 成功添加数据
2021-03-02  12:39:30 Tue root INFO mes_plc_r6
2021-03-02  12:39:30 Tue root INFO 读取插入数据库数据：{'product_type': '\n\x00\x00\x00\x00\x00\x00\x00\x00\x00', 'r1_equipment_status': '2560', 'fail_code': '0', 'recerve': '0', 'prod_num': 0, 'r1_rob_no': '0', 'r1_weld_line_no': '0', 'r1_electric': '0.0', 'r1_voltage': '9.183815862507343e-40', 'r1_speed': '0.0', 'r1_job': '0', 'r2_rob_no': '0', 'r2_weld_line_no': '0', 'r2_electric': '0.0', 'r2_voltage': '0.0', 'r2_speed': '0.0', 'r2_job': '0', 'replace_status': '0', 'part_status': '0', 'r1_protective_gas': '0', 'r1_welding_wire': '0', 'r2_protective_gas': '0', 'r2_welding_wire': '0', 'login_id': '\x00\x00\x00\x00\x00\x00\x00\x00\x00\x00', 'login_password': '\n\x00\x00\x00\x00\x00\x00\x00\x00\x00'}
2021-03-02  12:39:30 Tue root INFO ('\n\x00\x00\x00\x00\x00\x00\x00\x00\x00', '2560', '0', 0, '0', '0', '0.0', '9.183815862507343e-40', '0.0', '0', '0', '0', '0.0', '0.0', '0.0', '0', '0', '0', '0', '0', '0', '\x00\x00\x00\x00\x00\x00\x00\x00\x00\x00', '\n\x00\x00\x00\x00\x00\x00\x00\x00\x00', '0', '0', '2021-03-02 12:39:30')
2021-03-02  12:39:30 Tue root INFO 成功添加数据
2021-03-02  12:40:51 Tue root INFO PLC1连接失败
2021-03-02  12:40:51 Tue root INFO plc连接状态:[0, 1, 1, 1, 1, 1]
2021-03-02  12:40:51 Tue root INFO mes_plc_r2
2021-03-02  12:40:51 Tue root INFO 读取插入数据库数据：{'product_type': '\n\x07250 TJ2\x00', 'r1_equipment_status': '0', 'fail_code': '0', 'recerve': '0', 'prod_num': 453, 'r1_rob_no': '104', 'r1_weld_line_no': '0', 'r1_electric': '0.0', 'r1_voltage': '0.0', 'r1_speed': '0.0', 'r1_job': '0', 'r2_rob_no': '0', 'r2_weld_line_no': '0', 'r2_electric': '0.0', 'r2_voltage': '0.0', 'r2_speed': '0.0', 'r2_job': '0', 'replace_status': '0', 'part_status': '0', 'r1_protective_gas': '0', 'r1_welding_wire': '0', 'r2_protective_gas': '0', 'r2_welding_wire': '0', 'login_id': '\n\x00\x00\x00\x00\x00\x00\x00\x00\x00', 'login_password': '\n\x00\x00\x00\x00\x00\x00\x00\x00\x00'}
2021-03-02  12:40:51 Tue root INFO ('\n\x07250 TJ2\x00', '0', '0', 453, '104', '0', '0.0', '0.0', '0.0', '0', '0', '0', '0.0', '0.0', '0.0', '0', '0', '0', '0', '0', '0', '\n\x00\x00\x00\x00\x00\x00\x00\x00\x00', '\n\x00\x00\x00\x00\x00\x00\x00\x00\x00', '0', '0', '2021-03-02 12:40:51')
2021-03-02  12:40:51 Tue root INFO 成功添加数据
2021-03-02  12:40:51 Tue root INFO mes_plc_r3
2021-03-02  12:40:52 Tue root INFO 读取插入数据库数据：{'product_type': '\n\x07250 TJ3\x00', 'r1_equipment_status': '0', 'fail_code': '0', 'recerve': '0', 'prod_num': 444, 'r1_rob_no': '4', 'r1_weld_line_no': '0', 'r1_electric': '184.98263549804688', 'r1_voltage': '13.859952926635742', 'r1_speed': '0.0', 'r1_job': '0', 'r2_rob_no': '0', 'r2_weld_line_no': '0', 'r2_electric': '0.0', 'r2_voltage': '0.0', 'r2_speed': '0.0', 'r2_job': '0', 'replace_status': '0', 'part_status': '0', 'r1_protective_gas': '0', 'r1_welding_wire': '0', 'r2_protective_gas': '0', 'r2_welding_wire': '0', 'login_id': '\n\x00\x00\x00\x00\x00\x00\x00\x00\x00', 'login_password': '\n\x00\x00\x00\x00\x00\x00\x00\x00\x00'}
2021-03-02  12:40:52 Tue root INFO ('\n\x07250 TJ3\x00', '0', '0', 444, '4', '0', '184.98263549804688', '13.859952926635742', '0.0', '0', '0', '0', '0.0', '0.0', '0.0', '0', '0', '0', '0', '0', '0', '\n\x00\x00\x00\x00\x00\x00\x00\x00\x00', '\n\x00\x00\x00\x00\x00\x00\x00\x00\x00', '0', '0', '2021-03-02 12:40:52')
2021-03-02  12:40:52 Tue root INFO 成功添加数据
2021-03-02  12:40:52 Tue root INFO mes_plc_r4
2021-03-02  12:40:52 Tue root INFO 读取插入数据库数据：{'product_type': '\n\x00\x00\x00\x00\x00\x00\x00\x00\x00', 'r1_equipment_status': '2560', 'fail_code': '0', 'recerve': '0', 'prod_num': 0, 'r1_rob_no': '0', 'r1_weld_line_no': '0', 'r1_electric': '9.727692471237622e-22', 'r1_voltage': '2.802596928649634e-45', 'r1_speed': '0.0', 'r1_job': '17208', 'r2_rob_no': '23628', 'r2_weld_line_no': '16721', 'r2_electric': '-6.286650380320215e+22', 'r2_voltage': '0.0', 'r2_speed': '0.0', 'r2_job': '0', 'replace_status': '0', 'part_status': '0', 'r1_protective_gas': '0', 'r1_welding_wire': '0', 'r2_protective_gas': '0', 'r2_welding_wire': '0', 'login_id': '\x00\x00\x00\x00\x00\x00\x00\x00\x00\x00', 'login_password': '\n\x00\x00\x00\x00\x00\x00\x00\x00\x00'}
2021-03-02  12:40:52 Tue root INFO ('\n\x00\x00\x00\x00\x00\x00\x00\x00\x00', '2560', '0', 0, '0', '0', '9.727692471237622e-22', '2.802596928649634e-45', '0.0', '17208', '23628', '16721', '-6.286650380320215e+22', '0.0', '0.0', '0', '0', '0', '0', '0', '0', '\x00\x00\x00\x00\x00\x00\x00\x00\x00\x00', '\n\x00\x00\x00\x00\x00\x00\x00\x00\x00', '0', '0', '2021-03-02 12:40:52')
2021-03-02  12:40:52 Tue root INFO 成功添加数据
2021-03-02  12:40:52 Tue root INFO mes_plc_r5
2021-03-02  12:40:52 Tue root INFO 读取插入数据库数据：{'product_type': '\n\x00\x00\x00\x00\x00\x00\x00\x00\x00', 'r1_equipment_status': '2560', 'fail_code': '0', 'recerve': '0', 'prod_num': 0, 'r1_rob_no': '0', 'r1_weld_line_no': '0', 'r1_electric': '1.8870057723865944e-24', 'r1_voltage': '0.0', 'r1_speed': '0.0', 'r1_job': '17206', 'r2_rob_no': '25752', 'r2_weld_line_no': '16725', 'r2_electric': '3909091328.0', 'r2_voltage': '0.0', 'r2_speed': '0.0', 'r2_job': '17206', 'replace_status': '-16081', 'part_status': '16725', 'r1_protective_gas': '8951', 'r1_welding_wire': '0', 'r2_protective_gas': '0', 'r2_welding_wire': '0', 'login_id': '\x00\x00\x00\x00\x00\x00\x00\x00\x00\x00', 'login_password': '\n\x00\x00\x00\x00\x00\x00\x00\x00\x00'}
2021-03-02  12:40:52 Tue root INFO ('\n\x00\x00\x00\x00\x00\x00\x00\x00\x00', '2560', '0', 0, '0', '0', '1.8870057723865944e-24', '0.0', '0.0', '17206', '25752', '16725', '3909091328.0', '0.0', '0.0', '17206', '-16081', '8951', '0', '0', '0', '\x00\x00\x00\x00\x00\x00\x00\x00\x00\x00', '\n\x00\x00\x00\x00\x00\x00\x00\x00\x00', '16725', '0', '2021-03-02 12:40:52')
2021-03-02  12:40:52 Tue root INFO 成功添加数据
2021-03-02  12:40:52 Tue root INFO mes_plc_r6
2021-03-02  12:40:53 Tue root INFO 读取插入数据库数据：{'product_type': '\n\x00\x00\x00\x00\x00\x00\x00\x00\x00', 'r1_equipment_status': '2560', 'fail_code': '0', 'recerve': '0', 'prod_num': 0, 'r1_rob_no': '0', 'r1_weld_line_no': '0', 'r1_electric': '0.0', 'r1_voltage': '9.183815862507343e-40', 'r1_speed': '0.0', 'r1_job': '0', 'r2_rob_no': '0', 'r2_weld_line_no': '0', 'r2_electric': '0.0', 'r2_voltage': '0.0', 'r2_speed': '0.0', 'r2_job': '0', 'replace_status': '0', 'part_status': '0', 'r1_protective_gas': '0', 'r1_welding_wire': '0', 'r2_protective_gas': '0', 'r2_welding_wire': '0', 'login_id': '\x00\x00\x00\x00\x00\x00\x00\x00\x00\x00', 'login_password': '\n\x00\x00\x00\x00\x00\x00\x00\x00\x00'}
2021-03-02  12:40:53 Tue root INFO ('\n\x00\x00\x00\x00\x00\x00\x00\x00\x00', '2560', '0', 0, '0', '0', '0.0', '9.183815862507343e-40', '0.0', '0', '0', '0', '0.0', '0.0', '0.0', '0', '0', '0', '0', '0', '0', '\x00\x00\x00\x00\x00\x00\x00\x00\x00\x00', '\n\x00\x00\x00\x00\x00\x00\x00\x00\x00', '0', '0', '2021-03-02 12:40:53')
2021-03-02  12:40:53 Tue root INFO 成功添加数据
2021-03-02  12:40:56 Tue root INFO 数据库连接成功！
2021-03-02  12:40:56 Tue werkzeug INFO  * Running on http://127.0.0.1:5000/ (Press CTRL+C to quit)
2021-03-02  12:41:17 Tue root INFO PLC1连接失败
2021-03-02  12:41:17 Tue root INFO PLC2连接成功
2021-03-02  12:41:17 Tue root INFO PLC3连接成功
2021-03-02  12:41:17 Tue root INFO PLC4连接成功
2021-03-02  12:41:17 Tue root INFO PLC5连接成功
2021-03-02  12:41:17 Tue root INFO PLC6连接成功
2021-03-02  12:41:17 Tue root INFO plc连接状态:[0, 1, 1, 1, 1, 1]
2021-03-02  12:41:17 Tue root INFO 从plc读取的数据：{'product_type': '\n\x07250 TJ2\x00', 'r1_equipment_status': '0', 'fail_code': '0', 'recerve': '0', 'prod_num': 453, 'r1_rob_no': '104', 'r1_weld_line_no': '0', 'r1_electric': '0.0', 'r1_voltage': '0.0', 'r1_speed': '0.0', 'r1_job': '0', 'r2_rob_no': '0', 'r2_weld_line_no': '0', 'r2_electric': '0.0', 'r2_voltage': '0.0', 'r2_speed': '0.0', 'r2_job': '0', 'replace_status': '0', 'part_status': '0', 'r1_protective_gas': '0', 'r1_welding_wire': '0', 'r2_protective_gas': '0', 'r2_welding_wire': '0', 'login_id': '\n\x00\x00\x00\x00\x00\x00\x00\x00\x00', 'login_password': '\n\x00\x00\x00\x00\x00\x00\x00\x00\x00'}
2021-03-02  12:41:17 Tue root INFO mes_plc_r2
2021-03-02  12:41:17 Tue root INFO ('\n\x07250 TJ2\x00', '0', '0', 453, '104', '0', '0.0', '0.0', '0.0', '0', '0', '0', '0.0', '0.0', '0.0', '0', '0', '0', '0', '0', '0', '\n\x00\x00\x00\x00\x00\x00\x00\x00\x00', '\n\x00\x00\x00\x00\x00\x00\x00\x00\x00', '0', '0', '2021-03-02 12:41:17')
2021-03-02  12:41:17 Tue root INFO 成功添加数据
2021-03-02  12:41:18 Tue root INFO 从plc读取的数据：{'product_type': '\n\x07250 TJ3\x00', 'r1_equipment_status': '0', 'fail_code': '0', 'recerve': '0', 'prod_num': 444, 'r1_rob_no': '4', 'r1_weld_line_no': '0', 'r1_electric': '184.93923950195312', 'r1_voltage': '13.841869354248047', 'r1_speed': '0.0', 'r1_job': '0', 'r2_rob_no': '0', 'r2_weld_line_no': '0', 'r2_electric': '0.0', 'r2_voltage': '0.0', 'r2_speed': '0.0', 'r2_job': '0', 'replace_status': '0', 'part_status': '0', 'r1_protective_gas': '0', 'r1_welding_wire': '0', 'r2_protective_gas': '0', 'r2_welding_wire': '0', 'login_id': '\n\x00\x00\x00\x00\x00\x00\x00\x00\x00', 'login_password': '\n\x00\x00\x00\x00\x00\x00\x00\x00\x00'}
2021-03-02  12:41:18 Tue root INFO mes_plc_r3
2021-03-02  12:41:18 Tue root INFO ('\n\x07250 TJ3\x00', '0', '0', 444, '4', '0', '184.93923950195312', '13.841869354248047', '0.0', '0', '0', '0', '0.0', '0.0', '0.0', '0', '0', '0', '0', '0', '0', '\n\x00\x00\x00\x00\x00\x00\x00\x00\x00', '\n\x00\x00\x00\x00\x00\x00\x00\x00\x00', '0', '0', '2021-03-02 12:41:18')
2021-03-02  12:41:18 Tue root INFO 成功添加数据
2021-03-02  12:41:18 Tue root INFO 从plc读取的数据：{'product_type': '\n\x00\x00\x00\x00\x00\x00\x00\x00\x00', 'r1_equipment_status': '2560', 'fail_code': '0', 'recerve': '0', 'prod_num': 0, 'r1_rob_no': '0', 'r1_weld_line_no': '0', 'r1_electric': '9.727692471237622e-22', 'r1_voltage': '2.802596928649634e-45', 'r1_speed': '0.0', 'r1_job': '17208', 'r2_rob_no': '21731', 'r2_weld_line_no': '16721', 'r2_electric': '-92160.0', 'r2_voltage': '0.0', 'r2_speed': '0.0', 'r2_job': '0', 'replace_status': '0', 'part_status': '0', 'r1_protective_gas': '0', 'r1_welding_wire': '0', 'r2_protective_gas': '0', 'r2_welding_wire': '0', 'login_id': '\x00\x00\x00\x00\x00\x00\x00\x00\x00\x00', 'login_password': '\n\x00\x00\x00\x00\x00\x00\x00\x00\x00'}
2021-03-02  12:41:18 Tue root INFO mes_plc_r4
2021-03-02  12:41:18 Tue root INFO ('\n\x00\x00\x00\x00\x00\x00\x00\x00\x00', '2560', '0', 0, '0', '0', '9.727692471237622e-22', '2.802596928649634e-45', '0.0', '17208', '21731', '16721', '-92160.0', '0.0', '0.0', '0', '0', '0', '0', '0', '0', '\x00\x00\x00\x00\x00\x00\x00\x00\x00\x00', '\n\x00\x00\x00\x00\x00\x00\x00\x00\x00', '0', '0', '2021-03-02 12:41:18')
2021-03-02  12:41:18 Tue root INFO 成功添加数据
2021-03-02  12:41:18 Tue root INFO 从plc读取的数据：{'product_type': '\n\x00\x00\x00\x00\x00\x00\x00\x00\x00', 'r1_equipment_status': '2560', 'fail_code': '0', 'recerve': '0', 'prod_num': 0, 'r1_rob_no': '0', 'r1_weld_line_no': '0', 'r1_electric': '1.8870057723865944e-24', 'r1_voltage': '0.0', 'r1_speed': '0.0', 'r1_job': '17206', 'r2_rob_no': '23855', 'r2_weld_line_no': '16725', 'r2_electric': '3.332663724254167e+18', 'r2_voltage': '0.0', 'r2_speed': '0.0', 'r2_job': '17206', 'replace_status': '-17029', 'part_status': '16725', 'r1_protective_gas': '20329', 'r1_welding_wire': '0', 'r2_protective_gas': '0', 'r2_welding_wire': '0', 'login_id': '\x00\x00\x00\x00\x00\x00\x00\x00\x00\x00', 'login_password': '\n\x00\x00\x00\x00\x00\x00\x00\x00\x00'}
2021-03-02  12:41:18 Tue root INFO mes_plc_r5
2021-03-02  12:41:18 Tue root INFO ('\n\x00\x00\x00\x00\x00\x00\x00\x00\x00', '2560', '0', 0, '0', '0', '1.8870057723865944e-24', '0.0', '0.0', '17206', '23855', '16725', '3.332663724254167e+18', '0.0', '0.0', '17206', '-17029', '20329', '0', '0', '0', '\x00\x00\x00\x00\x00\x00\x00\x00\x00\x00', '\n\x00\x00\x00\x00\x00\x00\x00\x00\x00', '16725', '0', '2021-03-02 12:41:18')
2021-03-02  12:41:18 Tue root INFO 成功添加数据
2021-03-02  12:41:19 Tue root INFO 从plc读取的数据：{'product_type': '\n\x00\x00\x00\x00\x00\x00\x00\x00\x00', 'r1_equipment_status': '2560', 'fail_code': '0', 'recerve': '0', 'prod_num': 0, 'r1_rob_no': '0', 'r1_weld_line_no': '0', 'r1_electric': '0.0', 'r1_voltage': '9.183815862507343e-40', 'r1_speed': '0.0', 'r1_job': '0', 'r2_rob_no': '0', 'r2_weld_line_no': '0', 'r2_electric': '0.0', 'r2_voltage': '0.0', 'r2_speed': '0.0', 'r2_job': '0', 'replace_status': '0', 'part_status': '0', 'r1_protective_gas': '0', 'r1_welding_wire': '0', 'r2_protective_gas': '0', 'r2_welding_wire': '0', 'login_id': '\x00\x00\x00\x00\x00\x00\x00\x00\x00\x00', 'login_password': '\n\x00\x00\x00\x00\x00\x00\x00\x00\x00'}
2021-03-02  12:41:19 Tue root INFO mes_plc_r6
2021-03-02  12:41:19 Tue root INFO ('\n\x00\x00\x00\x00\x00\x00\x00\x00\x00', '2560', '0', 0, '0', '0', '0.0', '9.183815862507343e-40', '0.0', '0', '0', '0', '0.0', '0.0', '0.0', '0', '0', '0', '0', '0', '0', '\x00\x00\x00\x00\x00\x00\x00\x00\x00\x00', '\n\x00\x00\x00\x00\x00\x00\x00\x00\x00', '0', '0', '2021-03-02 12:41:19')
2021-03-02  12:41:19 Tue root INFO 成功添加数据
2021-03-02  12:42:14 Tue root INFO PLC1连接失败
2021-03-02  12:42:14 Tue root INFO plc连接状态:[0, 1, 1, 1, 1, 1]
2021-03-02  12:42:14 Tue root INFO mes_plc_r2
2021-03-02  12:42:14 Tue root INFO 读取插入数据库数据：{'product_type': '\n\x07250 TJ2\x00', 'r1_equipment_status': '0', 'fail_code': '0', 'recerve': '0', 'prod_num': 453, 'r1_rob_no': '104', 'r1_weld_line_no': '0', 'r1_electric': '0.0', 'r1_voltage': '0.0', 'r1_speed': '0.0', 'r1_job': '0', 'r2_rob_no': '0', 'r2_weld_line_no': '0', 'r2_electric': '0.0', 'r2_voltage': '0.0', 'r2_speed': '0.0', 'r2_job': '0', 'replace_status': '0', 'part_status': '0', 'r1_protective_gas': '0', 'r1_welding_wire': '0', 'r2_protective_gas': '0', 'r2_welding_wire': '0', 'login_id': '\n\x00\x00\x00\x00\x00\x00\x00\x00\x00', 'login_password': '\n\x00\x00\x00\x00\x00\x00\x00\x00\x00'}
2021-03-02  12:42:14 Tue root INFO ('\n\x07250 TJ2\x00', '0', '0', 453, '104', '0', '0.0', '0.0', '0.0', '0', '0', '0', '0.0', '0.0', '0.0', '0', '0', '0', '0', '0', '0', '\n\x00\x00\x00\x00\x00\x00\x00\x00\x00', '\n\x00\x00\x00\x00\x00\x00\x00\x00\x00', '0', '0', '2021-03-02 12:42:14')
2021-03-02  12:42:14 Tue root INFO 成功添加数据
2021-03-02  12:42:14 Tue root INFO mes_plc_r3
2021-03-02  12:42:14 Tue root INFO 读取插入数据库数据：{'product_type': '\n\x07250 TJ4\x00', 'r1_equipment_status': '0', 'fail_code': '0', 'recerve': '0', 'prod_num': 445, 'r1_rob_no': '104', 'r1_weld_line_no': '0', 'r1_electric': '184.70774841308594', 'r1_voltage': '-5.6966142654418945', 'r1_speed': '0.0', 'r1_job': '0', 'r2_rob_no': '0', 'r2_weld_line_no': '0', 'r2_electric': '0.0', 'r2_voltage': '0.0', 'r2_speed': '0.0', 'r2_job': '0', 'replace_status': '0', 'part_status': '0', 'r1_protective_gas': '0', 'r1_welding_wire': '0', 'r2_protective_gas': '0', 'r2_welding_wire': '0', 'login_id': '\n\x00\x00\x00\x00\x00\x00\x00\x00\x00', 'login_password': '\n\x00\x00\x00\x00\x00\x00\x00\x00\x00'}
2021-03-02  12:42:14 Tue root INFO ('\n\x07250 TJ4\x00', '0', '0', 445, '104', '0', '184.70774841308594', '-5.6966142654418945', '0.0', '0', '0', '0', '0.0', '0.0', '0.0', '0', '0', '0', '0', '0', '0', '\n\x00\x00\x00\x00\x00\x00\x00\x00\x00', '\n\x00\x00\x00\x00\x00\x00\x00\x00\x00', '0', '0', '2021-03-02 12:42:14')
2021-03-02  12:42:14 Tue root INFO 成功添加数据
2021-03-02  12:42:14 Tue root INFO mes_plc_r4
2021-03-02  12:42:15 Tue root INFO 读取插入数据库数据：{'product_type': '\n\x00\x00\x00\x00\x00\x00\x00\x00\x00', 'r1_equipment_status': '2560', 'fail_code': '0', 'recerve': '0', 'prod_num': 0, 'r1_rob_no': '0', 'r1_weld_line_no': '0', 'r1_electric': '9.727692471237622e-22', 'r1_voltage': '2.802596928649634e-45', 'r1_speed': '0.0', 'r1_job': '17208', 'r2_rob_no': '14146', 'r2_weld_line_no': '16721', 'r2_electric': '-73117523247104.0', 'r2_voltage': '0.0', 'r2_speed': '0.0', 'r2_job': '0', 'replace_status': '0', 'part_status': '0', 'r1_protective_gas': '0', 'r1_welding_wire': '0', 'r2_protective_gas': '0', 'r2_welding_wire': '0', 'login_id': '\x00\x00\x00\x00\x00\x00\x00\x00\x00\x00', 'login_password': '\n\x00\x00\x00\x00\x00\x00\x00\x00\x00'}
2021-03-02  12:42:15 Tue root INFO ('\n\x00\x00\x00\x00\x00\x00\x00\x00\x00', '2560', '0', 0, '0', '0', '9.727692471237622e-22', '2.802596928649634e-45', '0.0', '17208', '14146', '16721', '-73117523247104.0', '0.0', '0.0', '0', '0', '0', '0', '0', '0', '\x00\x00\x00\x00\x00\x00\x00\x00\x00\x00', '\n\x00\x00\x00\x00\x00\x00\x00\x00\x00', '0', '0', '2021-03-02 12:42:15')
2021-03-02  12:42:15 Tue root INFO 成功添加数据
2021-03-02  12:42:15 Tue root INFO mes_plc_r5
2021-03-02  12:42:15 Tue root INFO 读取插入数据库数据：{'product_type': '\n\x00\x00\x00\x00\x00\x00\x00\x00\x00', 'r1_equipment_status': '2560', 'fail_code': '0', 'recerve': '0', 'prod_num': 0, 'r1_rob_no': '0', 'r1_weld_line_no': '0', 'r1_electric': '1.8870057723865944e-24', 'r1_voltage': '0.0', 'r1_speed': '0.0', 'r1_job': '17206', 'r2_rob_no': '12478', 'r2_weld_line_no': '16725', 'r2_electric': '4.71875', 'r2_voltage': '0.0', 'r2_speed': '0.0', 'r2_job': '17206', 'replace_status': '-29354', 'part_status': '16725', 'r1_protective_gas': '20329', 'r1_welding_wire': '0', 'r2_protective_gas': '0', 'r2_welding_wire': '0', 'login_id': '\x00\x00\x00\x00\x00\x00\x00\x00\x00\x00', 'login_password': '\n\x00\x00\x00\x00\x00\x00\x00\x00\x00'}
2021-03-02  12:42:15 Tue root INFO ('\n\x00\x00\x00\x00\x00\x00\x00\x00\x00', '2560', '0', 0, '0', '0', '1.8870057723865944e-24', '0.0', '0.0', '17206', '12478', '16725', '4.71875', '0.0', '0.0', '17206', '-29354', '20329', '0', '0', '0', '\x00\x00\x00\x00\x00\x00\x00\x00\x00\x00', '\n\x00\x00\x00\x00\x00\x00\x00\x00\x00', '16725', '0', '2021-03-02 12:42:15')
2021-03-02  12:42:15 Tue root INFO 成功添加数据
2021-03-02  12:42:15 Tue root INFO mes_plc_r6
2021-03-02  12:42:15 Tue root INFO 读取插入数据库数据：{'product_type': '\n\x00\x00\x00\x00\x00\x00\x00\x00\x00', 'r1_equipment_status': '2560', 'fail_code': '0', 'recerve': '0', 'prod_num': 0, 'r1_rob_no': '0', 'r1_weld_line_no': '0', 'r1_electric': '0.0', 'r1_voltage': '9.183815862507343e-40', 'r1_speed': '0.0', 'r1_job': '0', 'r2_rob_no': '0', 'r2_weld_line_no': '0', 'r2_electric': '0.0', 'r2_voltage': '0.0', 'r2_speed': '0.0', 'r2_job': '0', 'replace_status': '0', 'part_status': '0', 'r1_protective_gas': '0', 'r1_welding_wire': '0', 'r2_protective_gas': '0', 'r2_welding_wire': '0', 'login_id': '\x00\x00\x00\x00\x00\x00\x00\x00\x00\x00', 'login_password': '\n\x00\x00\x00\x00\x00\x00\x00\x00\x00'}
2021-03-02  12:42:15 Tue root INFO ('\n\x00\x00\x00\x00\x00\x00\x00\x00\x00', '2560', '0', 0, '0', '0', '0.0', '9.183815862507343e-40', '0.0', '0', '0', '0', '0.0', '0.0', '0.0', '0', '0', '0', '0', '0', '0', '\x00\x00\x00\x00\x00\x00\x00\x00\x00\x00', '\n\x00\x00\x00\x00\x00\x00\x00\x00\x00', '0', '0', '2021-03-02 12:42:15')
2021-03-02  12:42:15 Tue root INFO 成功添加数据
2021-03-02  12:42:19 Tue root INFO 从plc读取的数据：{'product_type': '\n\x07250 TJ2\x00', 'r1_equipment_status': '0', 'fail_code': '0', 'recerve': '0', 'prod_num': 453, 'r1_rob_no': '104', 'r1_weld_line_no': '0', 'r1_electric': '0.0', 'r1_voltage': '0.0', 'r1_speed': '0.0', 'r1_job': '0', 'r2_rob_no': '0', 'r2_weld_line_no': '0', 'r2_electric': '0.0', 'r2_voltage': '0.0', 'r2_speed': '0.0', 'r2_job': '0', 'replace_status': '0', 'part_status': '0', 'r1_protective_gas': '0', 'r1_welding_wire': '0', 'r2_protective_gas': '0', 'r2_welding_wire': '0', 'login_id': '\n\x00\x00\x00\x00\x00\x00\x00\x00\x00', 'login_password': '\n\x00\x00\x00\x00\x00\x00\x00\x00\x00'}
2021-03-02  12:42:19 Tue root INFO mes_plc_r2
2021-03-02  12:42:19 Tue root INFO ('\n\x07250 TJ2\x00', '0', '0', 453, '104', '0', '0.0', '0.0', '0.0', '0', '0', '0', '0.0', '0.0', '0.0', '0', '0', '0', '0', '0', '0', '\n\x00\x00\x00\x00\x00\x00\x00\x00\x00', '\n\x00\x00\x00\x00\x00\x00\x00\x00\x00', '0', '0', '2021-03-02 12:42:19')
2021-03-02  12:42:19 Tue root INFO 成功添加数据
2021-03-02  12:42:19 Tue root INFO 从plc读取的数据：{'product_type': '\n\x07250 TJ4\x00', 'r1_equipment_status': '0', 'fail_code': '0', 'recerve': '0', 'prod_num': 445, 'r1_rob_no': '104', 'r1_weld_line_no': '0', 'r1_electric': '184.8668975830078', 'r1_voltage': '-5.4181132316589355', 'r1_speed': '0.0', 'r1_job': '0', 'r2_rob_no': '0', 'r2_weld_line_no': '0', 'r2_electric': '0.0', 'r2_voltage': '0.0', 'r2_speed': '0.0', 'r2_job': '0', 'replace_status': '0', 'part_status': '0', 'r1_protective_gas': '0', 'r1_welding_wire': '0', 'r2_protective_gas': '0', 'r2_welding_wire': '0', 'login_id': '\n\x00\x00\x00\x00\x00\x00\x00\x00\x00', 'login_password': '\n\x00\x00\x00\x00\x00\x00\x00\x00\x00'}
2021-03-02  12:42:19 Tue root INFO mes_plc_r3
2021-03-02  12:42:19 Tue root INFO ('\n\x07250 TJ4\x00', '0', '0', 445, '104', '0', '184.8668975830078', '-5.4181132316589355', '0.0', '0', '0', '0', '0.0', '0.0', '0.0', '0', '0', '0', '0', '0', '0', '\n\x00\x00\x00\x00\x00\x00\x00\x00\x00', '\n\x00\x00\x00\x00\x00\x00\x00\x00\x00', '0', '0', '2021-03-02 12:42:19')
2021-03-02  12:42:19 Tue root INFO 成功添加数据
2021-03-02  12:42:20 Tue root INFO 从plc读取的数据：{'product_type': '\n\x00\x00\x00\x00\x00\x00\x00\x00\x00', 'r1_equipment_status': '2560', 'fail_code': '0', 'recerve': '0', 'prod_num': 0, 'r1_rob_no': '0', 'r1_weld_line_no': '0', 'r1_electric': '9.727692471237622e-22', 'r1_voltage': '2.802596928649634e-45', 'r1_speed': '0.0', 'r1_job': '17208', 'r2_rob_no': '16042', 'r2_weld_line_no': '16721', 'r2_electric': '-92160.0', 'r2_voltage': '0.0', 'r2_speed': '0.0', 'r2_job': '0', 'replace_status': '0', 'part_status': '0', 'r1_protective_gas': '0', 'r1_welding_wire': '0', 'r2_protective_gas': '0', 'r2_welding_wire': '0', 'login_id': '\x00\x00\x00\x00\x00\x00\x00\x00\x00\x00', 'login_password': '\n\x00\x00\x00\x00\x00\x00\x00\x00\x00'}
2021-03-02  12:42:20 Tue root INFO mes_plc_r4
2021-03-02  12:42:20 Tue root INFO ('\n\x00\x00\x00\x00\x00\x00\x00\x00\x00', '2560', '0', 0, '0', '0', '9.727692471237622e-22', '2.802596928649634e-45', '0.0', '17208', '16042', '16721', '-92160.0', '0.0', '0.0', '0', '0', '0', '0', '0', '0', '\x00\x00\x00\x00\x00\x00\x00\x00\x00\x00', '\n\x00\x00\x00\x00\x00\x00\x00\x00\x00', '0', '0', '2021-03-02 12:42:20')
2021-03-02  12:42:20 Tue root INFO 成功添加数据
2021-03-02  12:42:20 Tue root INFO 从plc读取的数据：{'product_type': '\n\x00\x00\x00\x00\x00\x00\x00\x00\x00', 'r1_equipment_status': '2560', 'fail_code': '0', 'recerve': '0', 'prod_num': 0, 'r1_rob_no': '0', 'r1_weld_line_no': '0', 'r1_electric': '1.8870057723865944e-24', 'r1_voltage': '0.0', 'r1_speed': '0.0', 'r1_job': '17206', 'r2_rob_no': '10582', 'r2_weld_line_no': '16725', 'r2_electric': '2.649965396595267e+27', 'r2_voltage': '0.0', 'r2_speed': '0.0', 'r2_job': '17206', 'replace_status': '-30303', 'part_status': '16725', 'r1_protective_gas': '8951', 'r1_welding_wire': '0', 'r2_protective_gas': '0', 'r2_welding_wire': '0', 'login_id': '\x00\x00\x00\x00\x00\x00\x00\x00\x00\x00', 'login_password': '\n\x00\x00\x00\x00\x00\x00\x00\x00\x00'}
2021-03-02  12:42:20 Tue root INFO mes_plc_r5
2021-03-02  12:42:20 Tue root INFO ('\n\x00\x00\x00\x00\x00\x00\x00\x00\x00', '2560', '0', 0, '0', '0', '1.8870057723865944e-24', '0.0', '0.0', '17206', '10582', '16725', '2.649965396595267e+27', '0.0', '0.0', '17206', '-30303', '8951', '0', '0', '0', '\x00\x00\x00\x00\x00\x00\x00\x00\x00\x00', '\n\x00\x00\x00\x00\x00\x00\x00\x00\x00', '16725', '0', '2021-03-02 12:42:20')
2021-03-02  12:42:20 Tue root INFO 成功添加数据
2021-03-02  12:42:20 Tue root INFO 从plc读取的数据：{'product_type': '\n\x00\x00\x00\x00\x00\x00\x00\x00\x00', 'r1_equipment_status': '2560', 'fail_code': '0', 'recerve': '0', 'prod_num': 0, 'r1_rob_no': '0', 'r1_weld_line_no': '0', 'r1_electric': '0.0', 'r1_voltage': '9.183815862507343e-40', 'r1_speed': '0.0', 'r1_job': '0', 'r2_rob_no': '0', 'r2_weld_line_no': '0', 'r2_electric': '0.0', 'r2_voltage': '0.0', 'r2_speed': '0.0', 'r2_job': '0', 'replace_status': '0', 'part_status': '0', 'r1_protective_gas': '0', 'r1_welding_wire': '0', 'r2_protective_gas': '0', 'r2_welding_wire': '0', 'login_id': '\x00\x00\x00\x00\x00\x00\x00\x00\x00\x00', 'login_password': '\n\x00\x00\x00\x00\x00\x00\x00\x00\x00'}
2021-03-02  12:42:20 Tue root INFO mes_plc_r6
2021-03-02  12:42:20 Tue root INFO ('\n\x00\x00\x00\x00\x00\x00\x00\x00\x00', '2560', '0', 0, '0', '0', '0.0', '9.183815862507343e-40', '0.0', '0', '0', '0', '0.0', '0.0', '0.0', '0', '0', '0', '0', '0', '0', '\x00\x00\x00\x00\x00\x00\x00\x00\x00\x00', '\n\x00\x00\x00\x00\x00\x00\x00\x00\x00', '0', '0', '2021-03-02 12:42:20')
2021-03-02  12:42:20 Tue root INFO 成功添加数据
2021-03-02  12:43:20 Tue root INFO 从plc读取的数据：{'product_type': '\n\x07250 TJ1\x00', 'r1_equipment_status': '0', 'fail_code': '0', 'recerve': '0', 'prod_num': 454, 'r1_rob_no': '4', 'r1_weld_line_no': '0', 'r1_electric': '0.0', 'r1_voltage': '0.0', 'r1_speed': '0.0', 'r1_job': '0', 'r2_rob_no': '0', 'r2_weld_line_no': '0', 'r2_electric': '0.0', 'r2_voltage': '0.0', 'r2_speed': '0.0', 'r2_job': '0', 'replace_status': '0', 'part_status': '0', 'r1_protective_gas': '0', 'r1_welding_wire': '0', 'r2_protective_gas': '0', 'r2_welding_wire': '0', 'login_id': '\n\x00\x00\x00\x00\x00\x00\x00\x00\x00', 'login_password': '\n\x00\x00\x00\x00\x00\x00\x00\x00\x00'}
2021-03-02  12:43:20 Tue root INFO mes_plc_r2
2021-03-02  12:43:20 Tue root INFO ('\n\x07250 TJ1\x00', '0', '0', 454, '4', '0', '0.0', '0.0', '0.0', '0', '0', '0', '0.0', '0.0', '0.0', '0', '0', '0', '0', '0', '0', '\n\x00\x00\x00\x00\x00\x00\x00\x00\x00', '\n\x00\x00\x00\x00\x00\x00\x00\x00\x00', '0', '0', '2021-03-02 12:43:20')
2021-03-02  12:43:21 Tue root INFO 成功添加数据
2021-03-02  12:43:21 Tue root INFO 从plc读取的数据：{'product_type': '\n\x07250 TJ3\x00', 'r1_equipment_status': '0', 'fail_code': '0', 'recerve': '0', 'prod_num': 446, 'r1_rob_no': '4', 'r1_weld_line_no': '0', 'r1_electric': '184.63540649414062', 'r1_voltage': '13.85633659362793', 'r1_speed': '0.0', 'r1_job': '0', 'r2_rob_no': '0', 'r2_weld_line_no': '0', 'r2_electric': '0.0', 'r2_voltage': '0.0', 'r2_speed': '0.0', 'r2_job': '0', 'replace_status': '0', 'part_status': '0', 'r1_protective_gas': '0', 'r1_welding_wire': '0', 'r2_protective_gas': '0', 'r2_welding_wire': '0', 'login_id': '\n\x00\x00\x00\x00\x00\x00\x00\x00\x00', 'login_password': '\n\x00\x00\x00\x00\x00\x00\x00\x00\x00'}
2021-03-02  12:43:21 Tue root INFO mes_plc_r3
2021-03-02  12:43:21 Tue root INFO ('\n\x07250 TJ3\x00', '0', '0', 446, '4', '0', '184.63540649414062', '13.85633659362793', '0.0', '0', '0', '0', '0.0', '0.0', '0.0', '0', '0', '0', '0', '0', '0', '\n\x00\x00\x00\x00\x00\x00\x00\x00\x00', '\n\x00\x00\x00\x00\x00\x00\x00\x00\x00', '0', '0', '2021-03-02 12:43:21')
2021-03-02  12:43:21 Tue root INFO 成功添加数据
2021-03-02  12:43:21 Tue root INFO 从plc读取的数据：{'product_type': '\n\x00\x00\x00\x00\x00\x00\x00\x00\x00', 'r1_equipment_status': '2560', 'fail_code': '0', 'recerve': '0', 'prod_num': 0, 'r1_rob_no': '0', 'r1_weld_line_no': '0', 'r1_electric': '9.727692471237622e-22', 'r1_voltage': '2.802596928649634e-45', 'r1_speed': '0.0', 'r1_job': '17208', 'r2_rob_no': '11302', 'r2_weld_line_no': '16721', 'r2_electric': '-73117523247104.0', 'r2_voltage': '0.0', 'r2_speed': '0.0', 'r2_job': '0', 'replace_status': '0', 'part_status': '0', 'r1_protective_gas': '0', 'r1_welding_wire': '0', 'r2_protective_gas': '0', 'r2_welding_wire': '0', 'login_id': '\x00\x00\x00\x00\x00\x00\x00\x00\x00\x00', 'login_password': '\n\x00\x00\x00\x00\x00\x00\x00\x00\x00'}
2021-03-02  12:43:21 Tue root INFO mes_plc_r4
2021-03-02  12:43:21 Tue root INFO ('\n\x00\x00\x00\x00\x00\x00\x00\x00\x00', '2560', '0', 0, '0', '0', '9.727692471237622e-22', '2.802596928649634e-45', '0.0', '17208', '11302', '16721', '-73117523247104.0', '0.0', '0.0', '0', '0', '0', '0', '0', '0', '\x00\x00\x00\x00\x00\x00\x00\x00\x00\x00', '\n\x00\x00\x00\x00\x00\x00\x00\x00\x00', '0', '0', '2021-03-02 12:43:21')
2021-03-02  12:43:21 Tue root INFO 成功添加数据
2021-03-02  12:43:21 Tue root INFO 从plc读取的数据：{'product_type': '\n\x00\x00\x00\x00\x00\x00\x00\x00\x00', 'r1_equipment_status': '2560', 'fail_code': '0', 'recerve': '0', 'prod_num': 0, 'r1_rob_no': '0', 'r1_weld_line_no': '0', 'r1_electric': '1.8870057723865944e-24', 'r1_voltage': '0.0', 'r1_speed': '0.0', 'r1_job': '17206', 'r2_rob_no': '2996', 'r2_weld_line_no': '16725', 'r2_electric': '3.332663724254167e+18', 'r2_voltage': '0.0', 'r2_speed': '0.0', 'r2_job': '17206', 'replace_status': '23855', 'part_status': '16725', 'r1_protective_gas': '20329', 'r1_welding_wire': '0', 'r2_protective_gas': '0', 'r2_welding_wire': '0', 'login_id': '\x00\x00\x00\x00\x00\x00\x00\x00\x00\x00', 'login_password': '\n\x00\x00\x00\x00\x00\x00\x00\x00\x00'}
2021-03-02  12:43:21 Tue root INFO mes_plc_r5
2021-03-02  12:43:21 Tue root INFO ('\n\x00\x00\x00\x00\x00\x00\x00\x00\x00', '2560', '0', 0, '0', '0', '1.8870057723865944e-24', '0.0', '0.0', '17206', '2996', '16725', '3.332663724254167e+18', '0.0', '0.0', '17206', '23855', '20329', '0', '0', '0', '\x00\x00\x00\x00\x00\x00\x00\x00\x00\x00', '\n\x00\x00\x00\x00\x00\x00\x00\x00\x00', '16725', '0', '2021-03-02 12:43:21')
2021-03-02  12:43:21 Tue root INFO 成功添加数据
2021-03-02  12:43:22 Tue root INFO 从plc读取的数据：{'product_type': '\n\x00\x00\x00\x00\x00\x00\x00\x00\x00', 'r1_equipment_status': '2560', 'fail_code': '0', 'recerve': '0', 'prod_num': 0, 'r1_rob_no': '0', 'r1_weld_line_no': '0', 'r1_electric': '0.0', 'r1_voltage': '9.183815862507343e-40', 'r1_speed': '0.0', 'r1_job': '0', 'r2_rob_no': '0', 'r2_weld_line_no': '0', 'r2_electric': '0.0', 'r2_voltage': '0.0', 'r2_speed': '0.0', 'r2_job': '0', 'replace_status': '0', 'part_status': '0', 'r1_protective_gas': '0', 'r1_welding_wire': '0', 'r2_protective_gas': '0', 'r2_welding_wire': '0', 'login_id': '\x00\x00\x00\x00\x00\x00\x00\x00\x00\x00', 'login_password': '\n\x00\x00\x00\x00\x00\x00\x00\x00\x00'}
2021-03-02  12:43:22 Tue root INFO mes_plc_r6
2021-03-02  12:43:22 Tue root INFO ('\n\x00\x00\x00\x00\x00\x00\x00\x00\x00', '2560', '0', 0, '0', '0', '0.0', '9.183815862507343e-40', '0.0', '0', '0', '0', '0.0', '0.0', '0.0', '0', '0', '0', '0', '0', '0', '\x00\x00\x00\x00\x00\x00\x00\x00\x00\x00', '\n\x00\x00\x00\x00\x00\x00\x00\x00\x00', '0', '0', '2021-03-02 12:43:22')
2021-03-02  12:43:22 Tue root INFO 成功添加数据
2021-03-02  12:43:36 Tue root INFO PLC1连接失败
2021-03-02  12:43:36 Tue root INFO plc连接状态:[0, 1, 1, 1, 1, 1]
2021-03-02  12:43:36 Tue root INFO mes_plc_r2
2021-03-02  12:43:37 Tue root INFO 读取插入数据库数据：{'product_type': '\n\x07250 TJ1\x00', 'r1_equipment_status': '0', 'fail_code': '0', 'recerve': '0', 'prod_num': 454, 'r1_rob_no': '4', 'r1_weld_line_no': '0', 'r1_electric': '0.0', 'r1_voltage': '0.0', 'r1_speed': '0.0', 'r1_job': '0', 'r2_rob_no': '0', 'r2_weld_line_no': '0', 'r2_electric': '0.0', 'r2_voltage': '0.0', 'r2_speed': '0.0', 'r2_job': '0', 'replace_status': '0', 'part_status': '0', 'r1_protective_gas': '0', 'r1_welding_wire': '0', 'r2_protective_gas': '0', 'r2_welding_wire': '0', 'login_id': '\n\x00\x00\x00\x00\x00\x00\x00\x00\x00', 'login_password': '\n\x00\x00\x00\x00\x00\x00\x00\x00\x00'}
2021-03-02  12:43:37 Tue root INFO ('\n\x07250 TJ1\x00', '0', '0', 454, '4', '0', '0.0', '0.0', '0.0', '0', '0', '0', '0.0', '0.0', '0.0', '0', '0', '0', '0', '0', '0', '\n\x00\x00\x00\x00\x00\x00\x00\x00\x00', '\n\x00\x00\x00\x00\x00\x00\x00\x00\x00', '0', '0', '2021-03-02 12:43:37')
2021-03-02  12:43:37 Tue root INFO 成功添加数据
2021-03-02  12:43:37 Tue root INFO mes_plc_r3
2021-03-02  12:43:37 Tue root INFO 读取插入数据库数据：{'product_type': '\n\x07250 TJ3\x00', 'r1_equipment_status': '0', 'fail_code': '0', 'recerve': '0', 'prod_num': 446, 'r1_rob_no': '4', 'r1_weld_line_no': '0', 'r1_electric': '184.50521850585938', 'r1_voltage': '118.51490783691406', 'r1_speed': '0.0', 'r1_job': '0', 'r2_rob_no': '0', 'r2_weld_line_no': '0', 'r2_electric': '0.0', 'r2_voltage': '0.0', 'r2_speed': '0.0', 'r2_job': '0', 'replace_status': '0', 'part_status': '0', 'r1_protective_gas': '0', 'r1_welding_wire': '0', 'r2_protective_gas': '0', 'r2_welding_wire': '0', 'login_id': '\n\x00\x00\x00\x00\x00\x00\x00\x00\x00', 'login_password': '\n\x00\x00\x00\x00\x00\x00\x00\x00\x00'}
2021-03-02  12:43:37 Tue root INFO ('\n\x07250 TJ3\x00', '0', '0', 446, '4', '0', '184.50521850585938', '118.51490783691406', '0.0', '0', '0', '0', '0.0', '0.0', '0.0', '0', '0', '0', '0', '0', '0', '\n\x00\x00\x00\x00\x00\x00\x00\x00\x00', '\n\x00\x00\x00\x00\x00\x00\x00\x00\x00', '0', '0', '2021-03-02 12:43:37')
2021-03-02  12:43:37 Tue root INFO 成功添加数据
2021-03-02  12:43:37 Tue root INFO mes_plc_r4
2021-03-02  12:43:37 Tue root INFO 读取插入数据库数据：{'product_type': '\n\x00\x00\x00\x00\x00\x00\x00\x00\x00', 'r1_equipment_status': '2560', 'fail_code': '0', 'recerve': '0', 'prod_num': 0, 'r1_rob_no': '0', 'r1_weld_line_no': '0', 'r1_electric': '9.727692471237622e-22', 'r1_voltage': '2.802596928649634e-45', 'r1_speed': '0.0', 'r1_job': '17208', 'r2_rob_no': '12250', 'r2_weld_line_no': '16721', 'r2_electric': '-92160.0', 'r2_voltage': '0.0', 'r2_speed': '0.0', 'r2_job': '0', 'replace_status': '0', 'part_status': '0', 'r1_protective_gas': '0', 'r1_welding_wire': '0', 'r2_protective_gas': '0', 'r2_welding_wire': '0', 'login_id': '\x00\x00\x00\x00\x00\x00\x00\x00\x00\x00', 'login_password': '\n\x00\x00\x00\x00\x00\x00\x00\x00\x00'}
2021-03-02  12:43:37 Tue root INFO ('\n\x00\x00\x00\x00\x00\x00\x00\x00\x00', '2560', '0', 0, '0', '0', '9.727692471237622e-22', '2.802596928649634e-45', '0.0', '17208', '12250', '16721', '-92160.0', '0.0', '0.0', '0', '0', '0', '0', '0', '0', '\x00\x00\x00\x00\x00\x00\x00\x00\x00\x00', '\n\x00\x00\x00\x00\x00\x00\x00\x00\x00', '0', '0', '2021-03-02 12:43:37')
2021-03-02  12:43:37 Tue root INFO 成功添加数据
2021-03-02  12:43:37 Tue root INFO mes_plc_r5
2021-03-02  12:43:38 Tue root INFO 读取插入数据库数据：{'product_type': '\n\x00\x00\x00\x00\x00\x00\x00\x00\x00', 'r1_equipment_status': '2560', 'fail_code': '0', 'recerve': '0', 'prod_num': 0, 'r1_rob_no': '0', 'r1_weld_line_no': '0', 'r1_electric': '1.8870057723865944e-24', 'r1_voltage': '0.0', 'r1_speed': '0.0', 'r1_job': '17206', 'r2_rob_no': '1100', 'r2_weld_line_no': '16725', 'r2_electric': '2.649965396595267e+27', 'r2_voltage': '0.0', 'r2_speed': '0.0', 'r2_job': '17206', 'replace_status': '21959', 'part_status': '16725', 'r1_protective_gas': '24121', 'r1_welding_wire': '0', 'r2_protective_gas': '0', 'r2_welding_wire': '0', 'login_id': '\x00\x00\x00\x00\x00\x00\x00\x00\x00\x00', 'login_password': '\n\x00\x00\x00\x00\x00\x00\x00\x00\x00'}
2021-03-02  12:43:38 Tue root INFO ('\n\x00\x00\x00\x00\x00\x00\x00\x00\x00', '2560', '0', 0, '0', '0', '1.8870057723865944e-24', '0.0', '0.0', '17206', '1100', '16725', '2.649965396595267e+27', '0.0', '0.0', '17206', '21959', '24121', '0', '0', '0', '\x00\x00\x00\x00\x00\x00\x00\x00\x00\x00', '\n\x00\x00\x00\x00\x00\x00\x00\x00\x00', '16725', '0', '2021-03-02 12:43:38')
2021-03-02  12:43:38 Tue root INFO 成功添加数据
2021-03-02  12:43:38 Tue root INFO mes_plc_r6
2021-03-02  12:43:38 Tue root INFO 读取插入数据库数据：{'product_type': '\n\x00\x00\x00\x00\x00\x00\x00\x00\x00', 'r1_equipment_status': '2560', 'fail_code': '0', 'recerve': '0', 'prod_num': 0, 'r1_rob_no': '0', 'r1_weld_line_no': '0', 'r1_electric': '0.0', 'r1_voltage': '9.183815862507343e-40', 'r1_speed': '0.0', 'r1_job': '0', 'r2_rob_no': '0', 'r2_weld_line_no': '0', 'r2_electric': '0.0', 'r2_voltage': '0.0', 'r2_speed': '0.0', 'r2_job': '0', 'replace_status': '0', 'part_status': '0', 'r1_protective_gas': '0', 'r1_welding_wire': '0', 'r2_protective_gas': '0', 'r2_welding_wire': '0', 'login_id': '\x00\x00\x00\x00\x00\x00\x00\x00\x00\x00', 'login_password': '\n\x00\x00\x00\x00\x00\x00\x00\x00\x00'}
2021-03-02  12:43:38 Tue root INFO ('\n\x00\x00\x00\x00\x00\x00\x00\x00\x00', '2560', '0', 0, '0', '0', '0.0', '9.183815862507343e-40', '0.0', '0', '0', '0', '0.0', '0.0', '0.0', '0', '0', '0', '0', '0', '0', '\x00\x00\x00\x00\x00\x00\x00\x00\x00\x00', '\n\x00\x00\x00\x00\x00\x00\x00\x00\x00', '0', '0', '2021-03-02 12:43:38')
2021-03-02  12:43:38 Tue root INFO 成功添加数据
2021-03-02  12:44:22 Tue root INFO 从plc读取的数据：{'product_type': '\n\x07250 TJ2\x00', 'r1_equipment_status': '0', 'fail_code': '0', 'recerve': '0', 'prod_num': 455, 'r1_rob_no': '104', 'r1_weld_line_no': '0', 'r1_electric': '0.0', 'r1_voltage': '0.0', 'r1_speed': '0.0', 'r1_job': '0', 'r2_rob_no': '0', 'r2_weld_line_no': '0', 'r2_electric': '0.0', 'r2_voltage': '0.0', 'r2_speed': '0.0', 'r2_job': '0', 'replace_status': '0', 'part_status': '0', 'r1_protective_gas': '0', 'r1_welding_wire': '0', 'r2_protective_gas': '0', 'r2_welding_wire': '0', 'login_id': '\n\x00\x00\x00\x00\x00\x00\x00\x00\x00', 'login_password': '\n\x00\x00\x00\x00\x00\x00\x00\x00\x00'}
2021-03-02  12:44:22 Tue root INFO mes_plc_r2
2021-03-02  12:44:22 Tue root INFO ('\n\x07250 TJ2\x00', '0', '0', 455, '104', '0', '0.0', '0.0', '0.0', '0', '0', '0', '0.0', '0.0', '0.0', '0', '0', '0', '0', '0', '0', '\n\x00\x00\x00\x00\x00\x00\x00\x00\x00', '\n\x00\x00\x00\x00\x00\x00\x00\x00\x00', '0', '0', '2021-03-02 12:44:22')
2021-03-02  12:44:22 Tue root INFO 成功添加数据
2021-03-02  12:44:22 Tue root INFO 从plc读取的数据：{'product_type': '\n\x07250 TJ4\x00', 'r1_equipment_status': '0', 'fail_code': '0', 'recerve': '0', 'prod_num': 447, 'r1_rob_no': '104', 'r1_weld_line_no': '0', 'r1_electric': '184.43287658691406', 'r1_voltage': '-5.1432294845581055', 'r1_speed': '0.0', 'r1_job': '0', 'r2_rob_no': '0', 'r2_weld_line_no': '0', 'r2_electric': '0.0', 'r2_voltage': '0.0', 'r2_speed': '0.0', 'r2_job': '0', 'replace_status': '0', 'part_status': '0', 'r1_protective_gas': '0', 'r1_welding_wire': '0', 'r2_protective_gas': '0', 'r2_welding_wire': '0', 'login_id': '\n\x00\x00\x00\x00\x00\x00\x00\x00\x00', 'login_password': '\n\x00\x00\x00\x00\x00\x00\x00\x00\x00'}
2021-03-02  12:44:23 Tue root INFO mes_plc_r3
2021-03-02  12:44:23 Tue root INFO ('\n\x07250 TJ4\x00', '0', '0', 447, '104', '0', '184.43287658691406', '-5.1432294845581055', '0.0', '0', '0', '0', '0.0', '0.0', '0.0', '0', '0', '0', '0', '0', '0', '\n\x00\x00\x00\x00\x00\x00\x00\x00\x00', '\n\x00\x00\x00\x00\x00\x00\x00\x00\x00', '0', '0', '2021-03-02 12:44:23')
2021-03-02  12:44:23 Tue root INFO 成功添加数据
2021-03-02  12:44:23 Tue root INFO 从plc读取的数据：{'product_type': '\n\x00\x00\x00\x00\x00\x00\x00\x00\x00', 'r1_equipment_status': '2560', 'fail_code': '0', 'recerve': '0', 'prod_num': 0, 'r1_rob_no': '0', 'r1_weld_line_no': '0', 'r1_electric': '9.727692471237622e-22', 'r1_voltage': '2.802596928649634e-45', 'r1_speed': '0.0', 'r1_job': '17208', 'r2_rob_no': '8457', 'r2_weld_line_no': '16721', 'r2_electric': '-1.2967404927621828e-13', 'r2_voltage': '0.0', 'r2_speed': '0.0', 'r2_job': '0', 'replace_status': '0', 'part_status': '0', 'r1_protective_gas': '0', 'r1_welding_wire': '0', 'r2_protective_gas': '0', 'r2_welding_wire': '0', 'login_id': '\x00\x00\x00\x00\x00\x00\x00\x00\x00\x00', 'login_password': '\n\x00\x00\x00\x00\x00\x00\x00\x00\x00'}
2021-03-02  12:44:23 Tue root INFO mes_plc_r4
2021-03-02  12:44:23 Tue root INFO ('\n\x00\x00\x00\x00\x00\x00\x00\x00\x00', '2560', '0', 0, '0', '0', '9.727692471237622e-22', '2.802596928649634e-45', '0.0', '17208', '8457', '16721', '-1.2967404927621828e-13', '0.0', '0.0', '0', '0', '0', '0', '0', '0', '\x00\x00\x00\x00\x00\x00\x00\x00\x00\x00', '\n\x00\x00\x00\x00\x00\x00\x00\x00\x00', '0', '0', '2021-03-02 12:44:23')
2021-03-02  12:44:23 Tue root INFO 成功添加数据
2021-03-02  12:44:24 Tue root INFO 从plc读取的数据：{'product_type': '\n\x00\x00\x00\x00\x00\x00\x00\x00\x00', 'r1_equipment_status': '2560', 'fail_code': '0', 'recerve': '0', 'prod_num': 0, 'r1_rob_no': '0', 'r1_weld_line_no': '0', 'r1_electric': '1.8870057723865944e-24', 'r1_voltage': '0.0', 'r1_speed': '0.0', 'r1_job': '17205', 'r2_rob_no': '-2693', 'r2_weld_line_no': '16725', 'r2_electric': '2.649965396595267e+27', 'r2_voltage': '0.0', 'r2_speed': '0.0', 'r2_job': '17206', 'replace_status': '11529', 'part_status': '16725', 'r1_protective_gas': '27913', 'r1_welding_wire': '0', 'r2_protective_gas': '0', 'r2_welding_wire': '0', 'login_id': '\x00\x00\x00\x00\x00\x00\x00\x00\x00\x00', 'login_password': '\n\x00\x00\x00\x00\x00\x00\x00\x00\x00'}
2021-03-02  12:44:24 Tue root INFO mes_plc_r5
2021-03-02  12:44:24 Tue root INFO ('\n\x00\x00\x00\x00\x00\x00\x00\x00\x00', '2560', '0', 0, '0', '0', '1.8870057723865944e-24', '0.0', '0.0', '17205', '-2693', '16725', '2.649965396595267e+27', '0.0', '0.0', '17206', '11529', '27913', '0', '0', '0', '\x00\x00\x00\x00\x00\x00\x00\x00\x00\x00', '\n\x00\x00\x00\x00\x00\x00\x00\x00\x00', '16725', '0', '2021-03-02 12:44:24')
2021-03-02  12:44:24 Tue root INFO 成功添加数据
2021-03-02  12:44:24 Tue root INFO 从plc读取的数据：{'product_type': '\n\x00\x00\x00\x00\x00\x00\x00\x00\x00', 'r1_equipment_status': '2560', 'fail_code': '0', 'recerve': '0', 'prod_num': 0, 'r1_rob_no': '0', 'r1_weld_line_no': '0', 'r1_electric': '0.0', 'r1_voltage': '9.183815862507343e-40', 'r1_speed': '0.0', 'r1_job': '0', 'r2_rob_no': '0', 'r2_weld_line_no': '0', 'r2_electric': '0.0', 'r2_voltage': '0.0', 'r2_speed': '0.0', 'r2_job': '0', 'replace_status': '0', 'part_status': '0', 'r1_protective_gas': '0', 'r1_welding_wire': '0', 'r2_protective_gas': '0', 'r2_welding_wire': '0', 'login_id': '\x00\x00\x00\x00\x00\x00\x00\x00\x00\x00', 'login_password': '\n\x00\x00\x00\x00\x00\x00\x00\x00\x00'}
2021-03-02  12:44:24 Tue root INFO mes_plc_r6
2021-03-02  12:44:24 Tue root INFO ('\n\x00\x00\x00\x00\x00\x00\x00\x00\x00', '2560', '0', 0, '0', '0', '0.0', '9.183815862507343e-40', '0.0', '0', '0', '0', '0.0', '0.0', '0.0', '0', '0', '0', '0', '0', '0', '\x00\x00\x00\x00\x00\x00\x00\x00\x00\x00', '\n\x00\x00\x00\x00\x00\x00\x00\x00\x00', '0', '0', '2021-03-02 12:44:24')
2021-03-02  12:44:24 Tue root INFO 成功添加数据
2021-03-02  12:44:59 Tue root INFO PLC1连接失败
2021-03-02  12:44:59 Tue root INFO plc连接状态:[0, 1, 1, 1, 1, 1]
2021-03-02  12:44:59 Tue root INFO mes_plc_r2
2021-03-02  12:44:59 Tue root INFO 读取插入数据库数据：{'product_type': '\n\x07250 TJ2\x00', 'r1_equipment_status': '0', 'fail_code': '0', 'recerve': '0', 'prod_num': 455, 'r1_rob_no': '104', 'r1_weld_line_no': '0', 'r1_electric': '0.0', 'r1_voltage': '0.0', 'r1_speed': '0.0', 'r1_job': '0', 'r2_rob_no': '0', 'r2_weld_line_no': '0', 'r2_electric': '0.0', 'r2_voltage': '0.0', 'r2_speed': '0.0', 'r2_job': '0', 'replace_status': '0', 'part_status': '0', 'r1_protective_gas': '0', 'r1_welding_wire': '0', 'r2_protective_gas': '0', 'r2_welding_wire': '0', 'login_id': '\n\x00\x00\x00\x00\x00\x00\x00\x00\x00', 'login_password': '\n\x00\x00\x00\x00\x00\x00\x00\x00\x00'}
2021-03-02  12:44:59 Tue root INFO ('\n\x07250 TJ2\x00', '0', '0', 455, '104', '0', '0.0', '0.0', '0.0', '0', '0', '0', '0.0', '0.0', '0.0', '0', '0', '0', '0', '0', '0', '\n\x00\x00\x00\x00\x00\x00\x00\x00\x00', '\n\x00\x00\x00\x00\x00\x00\x00\x00\x00', '0', '0', '2021-03-02 12:44:59')
2021-03-02  12:44:59 Tue root INFO 成功添加数据
2021-03-02  12:44:59 Tue root INFO mes_plc_r3
2021-03-02  12:44:59 Tue root INFO 读取插入数据库数据：{'product_type': '\n\x07250 TJ4\x00', 'r1_equipment_status': '0', 'fail_code': '0', 'recerve': '0', 'prod_num': 447, 'r1_rob_no': '104', 'r1_weld_line_no': '0', 'r1_electric': '184.3460693359375', 'r1_voltage': '13.881654739379883', 'r1_speed': '0.0', 'r1_job': '0', 'r2_rob_no': '0', 'r2_weld_line_no': '0', 'r2_electric': '0.0', 'r2_voltage': '0.0', 'r2_speed': '0.0', 'r2_job': '0', 'replace_status': '0', 'part_status': '0', 'r1_protective_gas': '0', 'r1_welding_wire': '0', 'r2_protective_gas': '0', 'r2_welding_wire': '0', 'login_id': '\n\x00\x00\x00\x00\x00\x00\x00\x00\x00', 'login_password': '\n\x00\x00\x00\x00\x00\x00\x00\x00\x00'}
2021-03-02  12:44:59 Tue root INFO ('\n\x07250 TJ4\x00', '0', '0', 447, '104', '0', '184.3460693359375', '13.881654739379883', '0.0', '0', '0', '0', '0.0', '0.0', '0.0', '0', '0', '0', '0', '0', '0', '\n\x00\x00\x00\x00\x00\x00\x00\x00\x00', '\n\x00\x00\x00\x00\x00\x00\x00\x00\x00', '0', '0', '2021-03-02 12:44:59')
2021-03-02  12:44:59 Tue root INFO 成功添加数据
2021-03-02  12:44:59 Tue root INFO mes_plc_r4
2021-03-02  12:45:00 Tue root INFO 读取插入数据库数据：{'product_type': '\n\x00\x00\x00\x00\x00\x00\x00\x00\x00', 'r1_equipment_status': '2560', 'fail_code': '0', 'recerve': '0', 'prod_num': 0, 'r1_rob_no': '0', 'r1_weld_line_no': '0', 'r1_electric': '9.727692471237622e-22', 'r1_voltage': '2.802596928649634e-45', 'r1_speed': '0.0', 'r1_job': '17208', 'r2_rob_no': '7510', 'r2_weld_line_no': '16721', 'r2_electric': '-73117523247104.0', 'r2_voltage': '0.0', 'r2_speed': '0.0', 'r2_job': '0', 'replace_status': '0', 'part_status': '0', 'r1_protective_gas': '0', 'r1_welding_wire': '0', 'r2_protective_gas': '0', 'r2_welding_wire': '0', 'login_id': '\x00\x00\x00\x00\x00\x00\x00\x00\x00\x00', 'login_password': '\n\x00\x00\x00\x00\x00\x00\x00\x00\x00'}
2021-03-02  12:45:00 Tue root INFO ('\n\x00\x00\x00\x00\x00\x00\x00\x00\x00', '2560', '0', 0, '0', '0', '9.727692471237622e-22', '2.802596928649634e-45', '0.0', '17208', '7510', '16721', '-73117523247104.0', '0.0', '0.0', '0', '0', '0', '0', '0', '0', '\x00\x00\x00\x00\x00\x00\x00\x00\x00\x00', '\n\x00\x00\x00\x00\x00\x00\x00\x00\x00', '0', '0', '2021-03-02 12:45:00')
2021-03-02  12:45:00 Tue root INFO 成功添加数据
2021-03-02  12:45:00 Tue root INFO mes_plc_r5
2021-03-02  12:45:00 Tue root INFO 读取插入数据库数据：{'product_type': '\n\x00\x00\x00\x00\x00\x00\x00\x00\x00', 'r1_equipment_status': '2560', 'fail_code': '0', 'recerve': '0', 'prod_num': 0, 'r1_rob_no': '0', 'r1_weld_line_no': '0', 'r1_electric': '1.8870057723865944e-24', 'r1_voltage': '0.0', 'r1_speed': '0.0', 'r1_job': '17205', 'r2_rob_no': '-7433', 'r2_weld_line_no': '16725', 'r2_electric': '-1.6466701024510867e-32', 'r2_voltage': '0.0', 'r2_speed': '0.0', 'r2_job': '17206', 'replace_status': '6789', 'part_status': '16725', 'r1_protective_gas': '20329', 'r1_welding_wire': '0', 'r2_protective_gas': '0', 'r2_welding_wire': '0', 'login_id': '\x00\x00\x00\x00\x00\x00\x00\x00\x00\x00', 'login_password': '\n\x00\x00\x00\x00\x00\x00\x00\x00\x00'}
2021-03-02  12:45:00 Tue root INFO ('\n\x00\x00\x00\x00\x00\x00\x00\x00\x00', '2560', '0', 0, '0', '0', '1.8870057723865944e-24', '0.0', '0.0', '17205', '-7433', '16725', '-1.6466701024510867e-32', '0.0', '0.0', '17206', '6789', '20329', '0', '0', '0', '\x00\x00\x00\x00\x00\x00\x00\x00\x00\x00', '\n\x00\x00\x00\x00\x00\x00\x00\x00\x00', '16725', '0', '2021-03-02 12:45:00')
2021-03-02  12:45:00 Tue root INFO 成功添加数据
2021-03-02  12:45:00 Tue root INFO mes_plc_r6
2021-03-02  12:45:00 Tue root INFO 读取插入数据库数据：{'product_type': '\n\x00\x00\x00\x00\x00\x00\x00\x00\x00', 'r1_equipment_status': '2560', 'fail_code': '0', 'recerve': '0', 'prod_num': 0, 'r1_rob_no': '0', 'r1_weld_line_no': '0', 'r1_electric': '0.0', 'r1_voltage': '9.183815862507343e-40', 'r1_speed': '0.0', 'r1_job': '0', 'r2_rob_no': '0', 'r2_weld_line_no': '0', 'r2_electric': '0.0', 'r2_voltage': '0.0', 'r2_speed': '0.0', 'r2_job': '0', 'replace_status': '0', 'part_status': '0', 'r1_protective_gas': '0', 'r1_welding_wire': '0', 'r2_protective_gas': '0', 'r2_welding_wire': '0', 'login_id': '\x00\x00\x00\x00\x00\x00\x00\x00\x00\x00', 'login_password': '\n\x00\x00\x00\x00\x00\x00\x00\x00\x00'}
2021-03-02  12:45:00 Tue root INFO ('\n\x00\x00\x00\x00\x00\x00\x00\x00\x00', '2560', '0', 0, '0', '0', '0.0', '9.183815862507343e-40', '0.0', '0', '0', '0', '0.0', '0.0', '0.0', '0', '0', '0', '0', '0', '0', '\x00\x00\x00\x00\x00\x00\x00\x00\x00\x00', '\n\x00\x00\x00\x00\x00\x00\x00\x00\x00', '0', '0', '2021-03-02 12:45:00')
2021-03-02  12:45:00 Tue root INFO 成功添加数据
2021-03-02  12:45:25 Tue root INFO 从plc读取的数据：{'product_type': '\n\x07250 TJ2\x00', 'r1_equipment_status': '0', 'fail_code': '0', 'recerve': '0', 'prod_num': 455, 'r1_rob_no': '104', 'r1_weld_line_no': '0', 'r1_electric': '0.0', 'r1_voltage': '0.0', 'r1_speed': '0.0', 'r1_job': '0', 'r2_rob_no': '0', 'r2_weld_line_no': '0', 'r2_electric': '0.0', 'r2_voltage': '0.0', 'r2_speed': '0.0', 'r2_job': '0', 'replace_status': '0', 'part_status': '0', 'r1_protective_gas': '0', 'r1_welding_wire': '0', 'r2_protective_gas': '0', 'r2_welding_wire': '0', 'login_id': '\n\x00\x00\x00\x00\x00\x00\x00\x00\x00', 'login_password': '\n\x00\x00\x00\x00\x00\x00\x00\x00\x00'}
2021-03-02  12:45:25 Tue root INFO mes_plc_r2
2021-03-02  12:45:25 Tue root INFO ('\n\x07250 TJ2\x00', '0', '0', 455, '104', '0', '0.0', '0.0', '0.0', '0', '0', '0', '0.0', '0.0', '0.0', '0', '0', '0', '0', '0', '0', '\n\x00\x00\x00\x00\x00\x00\x00\x00\x00', '\n\x00\x00\x00\x00\x00\x00\x00\x00\x00', '0', '0', '2021-03-02 12:45:25')
2021-03-02  12:45:25 Tue root INFO 成功添加数据
2021-03-02  12:45:25 Tue root INFO 从plc读取的数据：{'product_type': '\n\x07250 TJ4\x00', 'r1_equipment_status': '0', 'fail_code': '0', 'recerve': '0', 'prod_num': 447, 'r1_rob_no': '104', 'r1_weld_line_no': '0', 'r1_electric': '184.3460693359375', 'r1_voltage': '13.87803840637207', 'r1_speed': '0.0', 'r1_job': '0', 'r2_rob_no': '0', 'r2_weld_line_no': '0', 'r2_electric': '0.0', 'r2_voltage': '0.0', 'r2_speed': '0.0', 'r2_job': '0', 'replace_status': '0', 'part_status': '0', 'r1_protective_gas': '0', 'r1_welding_wire': '0', 'r2_protective_gas': '0', 'r2_welding_wire': '0', 'login_id': '\n\x00\x00\x00\x00\x00\x00\x00\x00\x00', 'login_password': '\n\x00\x00\x00\x00\x00\x00\x00\x00\x00'}
2021-03-02  12:45:25 Tue root INFO mes_plc_r3
2021-03-02  12:45:25 Tue root INFO ('\n\x07250 TJ4\x00', '0', '0', 447, '104', '0', '184.3460693359375', '13.87803840637207', '0.0', '0', '0', '0', '0.0', '0.0', '0.0', '0', '0', '0', '0', '0', '0', '\n\x00\x00\x00\x00\x00\x00\x00\x00\x00', '\n\x00\x00\x00\x00\x00\x00\x00\x00\x00', '0', '0', '2021-03-02 12:45:25')
2021-03-02  12:45:25 Tue root INFO 成功添加数据
2021-03-02  12:45:25 Tue root INFO 从plc读取的数据：{'product_type': '\n\x00\x00\x00\x00\x00\x00\x00\x00\x00', 'r1_equipment_status': '2560', 'fail_code': '0', 'recerve': '0', 'prod_num': 0, 'r1_rob_no': '0', 'r1_weld_line_no': '0', 'r1_electric': '9.727692471237622e-22', 'r1_voltage': '2.802596928649634e-45', 'r1_speed': '0.0', 'r1_job': '17208', 'r2_rob_no': '2769', 'r2_weld_line_no': '16721', 'r2_electric': '-5.292441255952858e+31', 'r2_voltage': '0.0', 'r2_speed': '0.0', 'r2_job': '0', 'replace_status': '0', 'part_status': '0', 'r1_protective_gas': '0', 'r1_welding_wire': '0', 'r2_protective_gas': '0', 'r2_welding_wire': '0', 'login_id': '\x00\x00\x00\x00\x00\x00\x00\x00\x00\x00', 'login_password': '\n\x00\x00\x00\x00\x00\x00\x00\x00\x00'}
2021-03-02  12:45:25 Tue root INFO mes_plc_r4
2021-03-02  12:45:25 Tue root INFO ('\n\x00\x00\x00\x00\x00\x00\x00\x00\x00', '2560', '0', 0, '0', '0', '9.727692471237622e-22', '2.802596928649634e-45', '0.0', '17208', '2769', '16721', '-5.292441255952858e+31', '0.0', '0.0', '0', '0', '0', '0', '0', '0', '\x00\x00\x00\x00\x00\x00\x00\x00\x00\x00', '\n\x00\x00\x00\x00\x00\x00\x00\x00\x00', '0', '0', '2021-03-02 12:45:25')
2021-03-02  12:45:25 Tue root INFO 成功添加数据
2021-03-02  12:45:26 Tue root INFO 从plc读取的数据：{'product_type': '\n\x00\x00\x00\x00\x00\x00\x00\x00\x00', 'r1_equipment_status': '2560', 'fail_code': '0', 'recerve': '0', 'prod_num': 0, 'r1_rob_no': '0', 'r1_weld_line_no': '0', 'r1_electric': '1.8870057723865944e-24', 'r1_voltage': '0.0', 'r1_speed': '0.0', 'r1_job': '17205', 'r2_rob_no': '-12174', 'r2_weld_line_no': '16725', 'r2_electric': '-9.298324584960938e-06', 'r2_voltage': '0.0', 'r2_speed': '0.0', 'r2_job': '17206', 'replace_status': '1100', 'part_status': '16725', 'r1_protective_gas': '27913', 'r1_welding_wire': '0', 'r2_protective_gas': '0', 'r2_welding_wire': '0', 'login_id': '\x00\x00\x00\x00\x00\x00\x00\x00\x00\x00', 'login_password': '\n\x00\x00\x00\x00\x00\x00\x00\x00\x00'}
2021-03-02  12:45:26 Tue root INFO mes_plc_r5
2021-03-02  12:45:26 Tue root INFO ('\n\x00\x00\x00\x00\x00\x00\x00\x00\x00', '2560', '0', 0, '0', '0', '1.8870057723865944e-24', '0.0', '0.0', '17205', '-12174', '16725', '-9.298324584960938e-06', '0.0', '0.0', '17206', '1100', '27913', '0', '0', '0', '\x00\x00\x00\x00\x00\x00\x00\x00\x00\x00', '\n\x00\x00\x00\x00\x00\x00\x00\x00\x00', '16725', '0', '2021-03-02 12:45:26')
2021-03-02  12:45:26 Tue root INFO 成功添加数据
2021-03-02  12:45:26 Tue root INFO 从plc读取的数据：{'product_type': '\n\x00\x00\x00\x00\x00\x00\x00\x00\x00', 'r1_equipment_status': '2560', 'fail_code': '0', 'recerve': '0', 'prod_num': 0, 'r1_rob_no': '0', 'r1_weld_line_no': '0', 'r1_electric': '0.0', 'r1_voltage': '9.183815862507343e-40', 'r1_speed': '0.0', 'r1_job': '0', 'r2_rob_no': '0', 'r2_weld_line_no': '0', 'r2_electric': '0.0', 'r2_voltage': '0.0', 'r2_speed': '0.0', 'r2_job': '0', 'replace_status': '0', 'part_status': '0', 'r1_protective_gas': '0', 'r1_welding_wire': '0', 'r2_protective_gas': '0', 'r2_welding_wire': '0', 'login_id': '\x00\x00\x00\x00\x00\x00\x00\x00\x00\x00', 'login_password': '\n\x00\x00\x00\x00\x00\x00\x00\x00\x00'}
2021-03-02  12:45:26 Tue root INFO mes_plc_r6
2021-03-02  12:45:26 Tue root INFO ('\n\x00\x00\x00\x00\x00\x00\x00\x00\x00', '2560', '0', 0, '0', '0', '0.0', '9.183815862507343e-40', '0.0', '0', '0', '0', '0.0', '0.0', '0.0', '0', '0', '0', '0', '0', '0', '\x00\x00\x00\x00\x00\x00\x00\x00\x00\x00', '\n\x00\x00\x00\x00\x00\x00\x00\x00\x00', '0', '0', '2021-03-02 12:45:26')
2021-03-02  12:45:26 Tue root INFO 成功添加数据
2021-03-02  12:45:53 Tue werkzeug INFO 127.0.0.1 - - [02/Mar/2021 12:45:53] "[33mGET /plc/4 HTTP/1.1[0m" 404 -
2021-03-02  12:45:53 Tue werkzeug INFO 127.0.0.1 - - [02/Mar/2021 12:45:53] "[33mGET /favicon.ico HTTP/1.1[0m" 404 -
2021-03-02  12:46:21 Tue werkzeug INFO 127.0.0.1 - - [02/Mar/2021 12:46:21] "[33mGET /plc/4/ HTTP/1.1[0m" 404 -
2021-03-02  12:46:21 Tue root INFO PLC1连接失败
2021-03-02  12:46:21 Tue root INFO plc连接状态:[0, 1, 1, 1, 1, 1]
2021-03-02  12:46:21 Tue root INFO mes_plc_r2
2021-03-02  12:46:22 Tue root INFO 读取插入数据库数据：{'product_type': '\n\x07250 TJ2\x00', 'r1_equipment_status': '0', 'fail_code': '0', 'recerve': '0', 'prod_num': 455, 'r1_rob_no': '104', 'r1_weld_line_no': '0', 'r1_electric': '0.0', 'r1_voltage': '0.0', 'r1_speed': '0.0', 'r1_job': '0', 'r2_rob_no': '0', 'r2_weld_line_no': '0', 'r2_electric': '0.0', 'r2_voltage': '0.0', 'r2_speed': '0.0', 'r2_job': '0', 'replace_status': '0', 'part_status': '0', 'r1_protective_gas': '0', 'r1_welding_wire': '0', 'r2_protective_gas': '0', 'r2_welding_wire': '0', 'login_id': '\n\x00\x00\x00\x00\x00\x00\x00\x00\x00', 'login_password': '\n\x00\x00\x00\x00\x00\x00\x00\x00\x00'}
2021-03-02  12:46:22 Tue root INFO ('\n\x07250 TJ2\x00', '0', '0', 455, '104', '0', '0.0', '0.0', '0.0', '0', '0', '0', '0.0', '0.0', '0.0', '0', '0', '0', '0', '0', '0', '\n\x00\x00\x00\x00\x00\x00\x00\x00\x00', '\n\x00\x00\x00\x00\x00\x00\x00\x00\x00', '0', '0', '2021-03-02 12:46:22')
2021-03-02  12:46:22 Tue root INFO 成功添加数据
2021-03-02  12:46:22 Tue root INFO mes_plc_r3
2021-03-02  12:46:22 Tue root INFO 读取插入数据库数据：{'product_type': '\n\x07250 TJ3\x00', 'r1_equipment_status': '0', 'fail_code': '0', 'recerve': '0', 'prod_num': 448, 'r1_rob_no': '4', 'r1_weld_line_no': '0', 'r1_electric': '184.20138549804688', 'r1_voltage': '13.87803840637207', 'r1_speed': '0.0', 'r1_job': '0', 'r2_rob_no': '0', 'r2_weld_line_no': '0', 'r2_electric': '0.0', 'r2_voltage': '0.0', 'r2_speed': '0.0', 'r2_job': '0', 'replace_status': '0', 'part_status': '0', 'r1_protective_gas': '0', 'r1_welding_wire': '0', 'r2_protective_gas': '0', 'r2_welding_wire': '0', 'login_id': '\n\x00\x00\x00\x00\x00\x00\x00\x00\x00', 'login_password': '\n\x00\x00\x00\x00\x00\x00\x00\x00\x00'}
2021-03-02  12:46:22 Tue root INFO ('\n\x07250 TJ3\x00', '0', '0', 448, '4', '0', '184.20138549804688', '13.87803840637207', '0.0', '0', '0', '0', '0.0', '0.0', '0.0', '0', '0', '0', '0', '0', '0', '\n\x00\x00\x00\x00\x00\x00\x00\x00\x00', '\n\x00\x00\x00\x00\x00\x00\x00\x00\x00', '0', '0', '2021-03-02 12:46:22')
2021-03-02  12:46:22 Tue root INFO 成功添加数据
2021-03-02  12:46:22 Tue root INFO mes_plc_r4
2021-03-02  12:46:22 Tue root INFO 读取插入数据库数据：{'product_type': '\n\x00\x00\x00\x00\x00\x00\x00\x00\x00', 'r1_equipment_status': '2560', 'fail_code': '0', 'recerve': '0', 'prod_num': 0, 'r1_rob_no': '0', 'r1_weld_line_no': '0', 'r1_electric': '9.727692471237622e-22', 'r1_voltage': '2.802596928649634e-45', 'r1_speed': '0.0', 'r1_job': '17208', 'r2_rob_no': '4665', 'r2_weld_line_no': '16721', 'r2_electric': '-6.286650380320215e+22', 'r2_voltage': '0.0', 'r2_speed': '0.0', 'r2_job': '0', 'replace_status': '0', 'part_status': '0', 'r1_protective_gas': '0', 'r1_welding_wire': '0', 'r2_protective_gas': '0', 'r2_welding_wire': '0', 'login_id': '\x00\x00\x00\x00\x00\x00\x00\x00\x00\x00', 'login_password': '\n\x00\x00\x00\x00\x00\x00\x00\x00\x00'}
2021-03-02  12:46:22 Tue root INFO ('\n\x00\x00\x00\x00\x00\x00\x00\x00\x00', '2560', '0', 0, '0', '0', '9.727692471237622e-22', '2.802596928649634e-45', '0.0', '17208', '4665', '16721', '-6.286650380320215e+22', '0.0', '0.0', '0', '0', '0', '0', '0', '0', '\x00\x00\x00\x00\x00\x00\x00\x00\x00\x00', '\n\x00\x00\x00\x00\x00\x00\x00\x00\x00', '0', '0', '2021-03-02 12:46:22')
2021-03-02  12:46:22 Tue root INFO 成功添加数据
2021-03-02  12:46:22 Tue root INFO mes_plc_r5
2021-03-02  12:46:23 Tue root INFO 读取插入数据库数据：{'product_type': '\n\x00\x00\x00\x00\x00\x00\x00\x00\x00', 'r1_equipment_status': '2560', 'fail_code': '0', 'recerve': '0', 'prod_num': 0, 'r1_rob_no': '0', 'r1_weld_line_no': '0', 'r1_electric': '1.8870057723865944e-24', 'r1_voltage': '0.0', 'r1_speed': '0.0', 'r1_job': '17205', 'r2_rob_no': '-13122', 'r2_weld_line_no': '16725', 'r2_electric': '-9.298324584960938e-06', 'r2_voltage': '0.0', 'r2_speed': '0.0', 'r2_job': '17205', 'replace_status': '-7433', 'part_status': '16725', 'r1_protective_gas': '-30037', 'r1_welding_wire': '0', 'r2_protective_gas': '0', 'r2_welding_wire': '0', 'login_id': '\x00\x00\x00\x00\x00\x00\x00\x00\x00\x00', 'login_password': '\n\x00\x00\x00\x00\x00\x00\x00\x00\x00'}
2021-03-02  12:46:23 Tue root INFO ('\n\x00\x00\x00\x00\x00\x00\x00\x00\x00', '2560', '0', 0, '0', '0', '1.8870057723865944e-24', '0.0', '0.0', '17205', '-13122', '16725', '-9.298324584960938e-06', '0.0', '0.0', '17205', '-7433', '-30037', '0', '0', '0', '\x00\x00\x00\x00\x00\x00\x00\x00\x00\x00', '\n\x00\x00\x00\x00\x00\x00\x00\x00\x00', '16725', '0', '2021-03-02 12:46:23')
2021-03-02  12:46:23 Tue root INFO 成功添加数据
2021-03-02  12:46:23 Tue root INFO mes_plc_r6
2021-03-02  12:46:23 Tue root INFO 读取插入数据库数据：{'product_type': '\n\x00\x00\x00\x00\x00\x00\x00\x00\x00', 'r1_equipment_status': '2560', 'fail_code': '0', 'recerve': '0', 'prod_num': 0, 'r1_rob_no': '0', 'r1_weld_line_no': '0', 'r1_electric': '0.0', 'r1_voltage': '9.183815862507343e-40', 'r1_speed': '0.0', 'r1_job': '0', 'r2_rob_no': '0', 'r2_weld_line_no': '0', 'r2_electric': '0.0', 'r2_voltage': '0.0', 'r2_speed': '0.0', 'r2_job': '0', 'replace_status': '0', 'part_status': '0', 'r1_protective_gas': '0', 'r1_welding_wire': '0', 'r2_protective_gas': '0', 'r2_welding_wire': '0', 'login_id': '\x00\x00\x00\x00\x00\x00\x00\x00\x00\x00', 'login_password': '\n\x00\x00\x00\x00\x00\x00\x00\x00\x00'}
2021-03-02  12:46:23 Tue root INFO ('\n\x00\x00\x00\x00\x00\x00\x00\x00\x00', '2560', '0', 0, '0', '0', '0.0', '9.183815862507343e-40', '0.0', '0', '0', '0', '0.0', '0.0', '0.0', '0', '0', '0', '0', '0', '0', '\x00\x00\x00\x00\x00\x00\x00\x00\x00\x00', '\n\x00\x00\x00\x00\x00\x00\x00\x00\x00', '0', '0', '2021-03-02 12:46:23')
2021-03-02  12:46:23 Tue root INFO 成功添加数据
2021-03-02  12:46:26 Tue root INFO 从plc读取的数据：{'product_type': '\n\x07250 TJ2\x00', 'r1_equipment_status': '0', 'fail_code': '0', 'recerve': '0', 'prod_num': 455, 'r1_rob_no': '104', 'r1_weld_line_no': '0', 'r1_electric': '0.0', 'r1_voltage': '0.0', 'r1_speed': '0.0', 'r1_job': '0', 'r2_rob_no': '0', 'r2_weld_line_no': '0', 'r2_electric': '0.0', 'r2_voltage': '0.0', 'r2_speed': '0.0', 'r2_job': '0', 'replace_status': '0', 'part_status': '0', 'r1_protective_gas': '0', 'r1_welding_wire': '0', 'r2_protective_gas': '0', 'r2_welding_wire': '0', 'login_id': '\n\x00\x00\x00\x00\x00\x00\x00\x00\x00', 'login_password': '\n\x00\x00\x00\x00\x00\x00\x00\x00\x00'}
2021-03-02  12:46:26 Tue root INFO mes_plc_r2
2021-03-02  12:46:26 Tue root INFO ('\n\x07250 TJ2\x00', '0', '0', 455, '104', '0', '0.0', '0.0', '0.0', '0', '0', '0', '0.0', '0.0', '0.0', '0', '0', '0', '0', '0', '0', '\n\x00\x00\x00\x00\x00\x00\x00\x00\x00', '\n\x00\x00\x00\x00\x00\x00\x00\x00\x00', '0', '0', '2021-03-02 12:46:26')
2021-03-02  12:46:26 Tue root INFO 成功添加数据
2021-03-02  12:46:27 Tue root INFO 从plc读取的数据：{'product_type': '\n\x07250 TJ3\x00', 'r1_equipment_status': '0', 'fail_code': '0', 'recerve': '0', 'prod_num': 448, 'r1_rob_no': '4', 'r1_weld_line_no': '0', 'r1_electric': '184.21585083007812', 'r1_voltage': '13.863571166992188', 'r1_speed': '0.0', 'r1_job': '0', 'r2_rob_no': '0', 'r2_weld_line_no': '0', 'r2_electric': '0.0', 'r2_voltage': '0.0', 'r2_speed': '0.0', 'r2_job': '0', 'replace_status': '0', 'part_status': '0', 'r1_protective_gas': '0', 'r1_welding_wire': '0', 'r2_protective_gas': '0', 'r2_welding_wire': '0', 'login_id': '\n\x00\x00\x00\x00\x00\x00\x00\x00\x00', 'login_password': '\n\x00\x00\x00\x00\x00\x00\x00\x00\x00'}
2021-03-02  12:46:27 Tue root INFO mes_plc_r3
2021-03-02  12:46:27 Tue root INFO ('\n\x07250 TJ3\x00', '0', '0', 448, '4', '0', '184.21585083007812', '13.863571166992188', '0.0', '0', '0', '0', '0.0', '0.0', '0.0', '0', '0', '0', '0', '0', '0', '\n\x00\x00\x00\x00\x00\x00\x00\x00\x00', '\n\x00\x00\x00\x00\x00\x00\x00\x00\x00', '0', '0', '2021-03-02 12:46:27')
2021-03-02  12:46:27 Tue root INFO 成功添加数据
2021-03-02  12:46:27 Tue root INFO 从plc读取的数据：{'product_type': '\n\x00\x00\x00\x00\x00\x00\x00\x00\x00', 'r1_equipment_status': '2560', 'fail_code': '0', 'recerve': '0', 'prod_num': 0, 'r1_rob_no': '0', 'r1_weld_line_no': '0', 'r1_electric': '9.727692471237622e-22', 'r1_voltage': '2.802596928649634e-45', 'r1_speed': '0.0', 'r1_job': '17208', 'r2_rob_no': '-76', 'r2_weld_line_no': '16721', 'r2_electric': '-5.292441255952858e+31', 'r2_voltage': '0.0', 'r2_speed': '0.0', 'r2_job': '0', 'replace_status': '0', 'part_status': '0', 'r1_protective_gas': '0', 'r1_welding_wire': '0', 'r2_protective_gas': '0', 'r2_welding_wire': '0', 'login_id': '\x00\x00\x00\x00\x00\x00\x00\x00\x00\x00', 'login_password': '\n\x00\x00\x00\x00\x00\x00\x00\x00\x00'}
2021-03-02  12:46:27 Tue root INFO mes_plc_r4
2021-03-02  12:46:27 Tue root INFO ('\n\x00\x00\x00\x00\x00\x00\x00\x00\x00', '2560', '0', 0, '0', '0', '9.727692471237622e-22', '2.802596928649634e-45', '0.0', '17208', '-76', '16721', '-5.292441255952858e+31', '0.0', '0.0', '0', '0', '0', '0', '0', '0', '\x00\x00\x00\x00\x00\x00\x00\x00\x00\x00', '\n\x00\x00\x00\x00\x00\x00\x00\x00\x00', '0', '0', '2021-03-02 12:46:27')
2021-03-02  12:46:27 Tue root INFO 成功添加数据
2021-03-02  12:46:27 Tue root INFO 从plc读取的数据：{'product_type': '\n\x00\x00\x00\x00\x00\x00\x00\x00\x00', 'r1_equipment_status': '2560', 'fail_code': '0', 'recerve': '0', 'prod_num': 0, 'r1_rob_no': '0', 'r1_weld_line_no': '0', 'r1_electric': '1.8870057723865944e-24', 'r1_voltage': '0.0', 'r1_speed': '0.0', 'r1_job': '17205', 'r2_rob_no': '-16915', 'r2_weld_line_no': '16725', 'r2_electric': '-6528350289920.0', 'r2_voltage': '0.0', 'r2_speed': '0.0', 'r2_job': '17205', 'replace_status': '-7433', 'part_status': '16725', 'r1_protective_gas': '27913', 'r1_welding_wire': '0', 'r2_protective_gas': '0', 'r2_welding_wire': '0', 'login_id': '\x00\x00\x00\x00\x00\x00\x00\x00\x00\x00', 'login_password': '\n\x00\x00\x00\x00\x00\x00\x00\x00\x00'}
2021-03-02  12:46:27 Tue root INFO mes_plc_r5
2021-03-02  12:46:27 Tue root INFO ('\n\x00\x00\x00\x00\x00\x00\x00\x00\x00', '2560', '0', 0, '0', '0', '1.8870057723865944e-24', '0.0', '0.0', '17205', '-16915', '16725', '-6528350289920.0', '0.0', '0.0', '17205', '-7433', '27913', '0', '0', '0', '\x00\x00\x00\x00\x00\x00\x00\x00\x00\x00', '\n\x00\x00\x00\x00\x00\x00\x00\x00\x00', '16725', '0', '2021-03-02 12:46:27')
2021-03-02  12:46:27 Tue root INFO 成功添加数据
2021-03-02  12:46:28 Tue root INFO 从plc读取的数据：{'product_type': '\n\x00\x00\x00\x00\x00\x00\x00\x00\x00', 'r1_equipment_status': '2560', 'fail_code': '0', 'recerve': '0', 'prod_num': 0, 'r1_rob_no': '0', 'r1_weld_line_no': '0', 'r1_electric': '0.0', 'r1_voltage': '9.183815862507343e-40', 'r1_speed': '0.0', 'r1_job': '0', 'r2_rob_no': '0', 'r2_weld_line_no': '0', 'r2_electric': '0.0', 'r2_voltage': '0.0', 'r2_speed': '0.0', 'r2_job': '0', 'replace_status': '0', 'part_status': '0', 'r1_protective_gas': '0', 'r1_welding_wire': '0', 'r2_protective_gas': '0', 'r2_welding_wire': '0', 'login_id': '\x00\x00\x00\x00\x00\x00\x00\x00\x00\x00', 'login_password': '\n\x00\x00\x00\x00\x00\x00\x00\x00\x00'}
2021-03-02  12:46:28 Tue root INFO mes_plc_r6
2021-03-02  12:46:28 Tue root INFO ('\n\x00\x00\x00\x00\x00\x00\x00\x00\x00', '2560', '0', 0, '0', '0', '0.0', '9.183815862507343e-40', '0.0', '0', '0', '0', '0.0', '0.0', '0.0', '0', '0', '0', '0', '0', '0', '\x00\x00\x00\x00\x00\x00\x00\x00\x00\x00', '\n\x00\x00\x00\x00\x00\x00\x00\x00\x00', '0', '0', '2021-03-02 12:46:28')
2021-03-02  12:46:28 Tue root INFO 成功添加数据
2021-03-02  12:47:07 Tue werkzeug INFO  * Running on http://127.0.0.1:5000/ (Press CTRL+C to quit)
2021-03-02  12:47:44 Tue root INFO PLC1连接失败
2021-03-02  12:47:44 Tue root INFO plc连接状态:[0, 1, 1, 1, 1, 1]
2021-03-02  12:47:44 Tue root INFO mes_plc_r2
2021-03-02  12:47:44 Tue root INFO 读取插入数据库数据：{'product_type': '\n\x07250 TJ1\x00', 'r1_equipment_status': '0', 'fail_code': '0', 'recerve': '0', 'prod_num': 456, 'r1_rob_no': '4', 'r1_weld_line_no': '0', 'r1_electric': '0.0', 'r1_voltage': '0.0', 'r1_speed': '0.0', 'r1_job': '0', 'r2_rob_no': '0', 'r2_weld_line_no': '0', 'r2_electric': '0.0', 'r2_voltage': '0.0', 'r2_speed': '0.0', 'r2_job': '0', 'replace_status': '0', 'part_status': '0', 'r1_protective_gas': '0', 'r1_welding_wire': '0', 'r2_protective_gas': '0', 'r2_welding_wire': '0', 'login_id': '\n\x00\x00\x00\x00\x00\x00\x00\x00\x00', 'login_password': '\n\x00\x00\x00\x00\x00\x00\x00\x00\x00'}
2021-03-02  12:47:44 Tue root INFO ('\n\x07250 TJ1\x00', '0', '0', 456, '4', '0', '0.0', '0.0', '0.0', '0', '0', '0', '0.0', '0.0', '0.0', '0', '0', '0', '0', '0', '0', '\n\x00\x00\x00\x00\x00\x00\x00\x00\x00', '\n\x00\x00\x00\x00\x00\x00\x00\x00\x00', '0', '0', '2021-03-02 12:47:44')
2021-03-02  12:47:44 Tue root INFO 成功添加数据
2021-03-02  12:47:44 Tue root INFO mes_plc_r3
2021-03-02  12:47:45 Tue root INFO 读取插入数据库数据：{'product_type': '\n\x07250 TJ4\x00', 'r1_equipment_status': '0', 'fail_code': '0', 'recerve': '0', 'prod_num': 449, 'r1_rob_no': '104', 'r1_weld_line_no': '0', 'r1_electric': '184.0567169189453', 'r1_voltage': '-6.123408794403076', 'r1_speed': '0.0', 'r1_job': '0', 'r2_rob_no': '0', 'r2_weld_line_no': '0', 'r2_electric': '0.0', 'r2_voltage': '0.0', 'r2_speed': '0.0', 'r2_job': '0', 'replace_status': '0', 'part_status': '0', 'r1_protective_gas': '0', 'r1_welding_wire': '0', 'r2_protective_gas': '0', 'r2_welding_wire': '0', 'login_id': '\n\x00\x00\x00\x00\x00\x00\x00\x00\x00', 'login_password': '\n\x00\x00\x00\x00\x00\x00\x00\x00\x00'}
2021-03-02  12:47:45 Tue root INFO ('\n\x07250 TJ4\x00', '0', '0', 449, '104', '0', '184.0567169189453', '-6.123408794403076', '0.0', '0', '0', '0', '0.0', '0.0', '0.0', '0', '0', '0', '0', '0', '0', '\n\x00\x00\x00\x00\x00\x00\x00\x00\x00', '\n\x00\x00\x00\x00\x00\x00\x00\x00\x00', '0', '0', '2021-03-02 12:47:45')
2021-03-02  12:47:45 Tue root INFO 成功添加数据
2021-03-02  12:47:45 Tue root INFO mes_plc_r4
2021-03-02  12:47:45 Tue root INFO 读取插入数据库数据：{'product_type': '\n\x00\x00\x00\x00\x00\x00\x00\x00\x00', 'r1_equipment_status': '2560', 'fail_code': '0', 'recerve': '0', 'prod_num': 0, 'r1_rob_no': '0', 'r1_weld_line_no': '0', 'r1_electric': '9.727692471237622e-22', 'r1_voltage': '2.802596928649634e-45', 'r1_speed': '0.0', 'r1_job': '17207', 'r2_rob_no': '-76', 'r2_weld_line_no': '16721', 'r2_electric': '-73117523247104.0', 'r2_voltage': '0.0', 'r2_speed': '0.0', 'r2_job': '0', 'replace_status': '0', 'part_status': '0', 'r1_protective_gas': '0', 'r1_welding_wire': '0', 'r2_protective_gas': '0', 'r2_welding_wire': '0', 'login_id': '\x00\x00\x00\x00\x00\x00\x00\x00\x00\x00', 'login_password': '\n\x00\x00\x00\x00\x00\x00\x00\x00\x00'}
2021-03-02  12:47:45 Tue root INFO ('\n\x00\x00\x00\x00\x00\x00\x00\x00\x00', '2560', '0', 0, '0', '0', '9.727692471237622e-22', '2.802596928649634e-45', '0.0', '17207', '-76', '16721', '-73117523247104.0', '0.0', '0.0', '0', '0', '0', '0', '0', '0', '\x00\x00\x00\x00\x00\x00\x00\x00\x00\x00', '\n\x00\x00\x00\x00\x00\x00\x00\x00\x00', '0', '0', '2021-03-02 12:47:45')
2021-03-02  12:47:45 Tue root INFO 成功添加数据
2021-03-02  12:47:45 Tue root INFO mes_plc_r5
2021-03-02  12:47:45 Tue root INFO 读取插入数据库数据：{'product_type': '\n\x00\x00\x00\x00\x00\x00\x00\x00\x00', 'r1_equipment_status': '2560', 'fail_code': '0', 'recerve': '0', 'prod_num': 0, 'r1_rob_no': '0', 'r1_weld_line_no': '0', 'r1_electric': '1.8870057723865944e-24', 'r1_voltage': '0.0', 'r1_speed': '0.0', 'r1_job': '17205', 'r2_rob_no': '-26397', 'r2_weld_line_no': '16725', 'r2_electric': '-4.397163019541671e+30', 'r2_voltage': '0.0', 'r2_speed': '0.0', 'r2_job': '17205', 'replace_status': '-20707', 'part_status': '16725', 'r1_protective_gas': '-30037', 'r1_welding_wire': '0', 'r2_protective_gas': '0', 'r2_welding_wire': '0', 'login_id': '\x00\x00\x00\x00\x00\x00\x00\x00\x00\x00', 'login_password': '\n\x00\x00\x00\x00\x00\x00\x00\x00\x00'}
2021-03-02  12:47:45 Tue root INFO ('\n\x00\x00\x00\x00\x00\x00\x00\x00\x00', '2560', '0', 0, '0', '0', '1.8870057723865944e-24', '0.0', '0.0', '17205', '-26397', '16725', '-4.397163019541671e+30', '0.0', '0.0', '17205', '-20707', '-30037', '0', '0', '0', '\x00\x00\x00\x00\x00\x00\x00\x00\x00\x00', '\n\x00\x00\x00\x00\x00\x00\x00\x00\x00', '16725', '0', '2021-03-02 12:47:45')
2021-03-02  12:47:45 Tue root INFO 成功添加数据
2021-03-02  12:47:45 Tue root INFO mes_plc_r6
2021-03-02  12:47:46 Tue root INFO 读取插入数据库数据：{'product_type': '\n\x00\x00\x00\x00\x00\x00\x00\x00\x00', 'r1_equipment_status': '2560', 'fail_code': '0', 'recerve': '0', 'prod_num': 0, 'r1_rob_no': '0', 'r1_weld_line_no': '0', 'r1_electric': '0.0', 'r1_voltage': '9.183815862507343e-40', 'r1_speed': '0.0', 'r1_job': '0', 'r2_rob_no': '0', 'r2_weld_line_no': '0', 'r2_electric': '0.0', 'r2_voltage': '0.0', 'r2_speed': '0.0', 'r2_job': '0', 'replace_status': '0', 'part_status': '0', 'r1_protective_gas': '0', 'r1_welding_wire': '0', 'r2_protective_gas': '0', 'r2_welding_wire': '0', 'login_id': '\x00\x00\x00\x00\x00\x00\x00\x00\x00\x00', 'login_password': '\n\x00\x00\x00\x00\x00\x00\x00\x00\x00'}
2021-03-02  12:47:46 Tue root INFO ('\n\x00\x00\x00\x00\x00\x00\x00\x00\x00', '2560', '0', 0, '0', '0', '0.0', '9.183815862507343e-40', '0.0', '0', '0', '0', '0.0', '0.0', '0.0', '0', '0', '0', '0', '0', '0', '\x00\x00\x00\x00\x00\x00\x00\x00\x00\x00', '\n\x00\x00\x00\x00\x00\x00\x00\x00\x00', '0', '0', '2021-03-02 12:47:46')
2021-03-02  12:47:46 Tue root INFO 成功添加数据
2021-03-02  12:47:46 Tue werkzeug INFO 127.0.0.1 - - [02/Mar/2021 12:47:46] "[33mGET /plc/4/ HTTP/1.1[0m" 404 -
2021-03-02  12:48:38 Tue werkzeug INFO  * Running on http://127.0.0.1:5000/ (Press CTRL+C to quit)
2021-03-02  12:49:07 Tue root INFO PLC1连接失败
2021-03-02  12:49:07 Tue root INFO plc连接状态:[0, 1, 1, 1, 1, 1]
2021-03-02  12:49:07 Tue root INFO mes_plc_r2
2021-03-02  12:49:07 Tue root INFO 读取插入数据库数据：{'product_type': '\n\x07250 TJ2\x00', 'r1_equipment_status': '0', 'fail_code': '0', 'recerve': '0', 'prod_num': 457, 'r1_rob_no': '104', 'r1_weld_line_no': '0', 'r1_electric': '0.0', 'r1_voltage': '0.0', 'r1_speed': '0.0', 'r1_job': '0', 'r2_rob_no': '0', 'r2_weld_line_no': '0', 'r2_electric': '0.0', 'r2_voltage': '0.0', 'r2_speed': '0.0', 'r2_job': '0', 'replace_status': '0', 'part_status': '0', 'r1_protective_gas': '0', 'r1_welding_wire': '0', 'r2_protective_gas': '0', 'r2_welding_wire': '0', 'login_id': '\n\x00\x00\x00\x00\x00\x00\x00\x00\x00', 'login_password': '\n\x00\x00\x00\x00\x00\x00\x00\x00\x00'}
2021-03-02  12:49:07 Tue root INFO ('\n\x07250 TJ2\x00', '0', '0', 457, '104', '0', '0.0', '0.0', '0.0', '0', '0', '0', '0.0', '0.0', '0.0', '0', '0', '0', '0', '0', '0', '\n\x00\x00\x00\x00\x00\x00\x00\x00\x00', '\n\x00\x00\x00\x00\x00\x00\x00\x00\x00', '0', '0', '2021-03-02 12:49:07')
2021-03-02  12:49:07 Tue root INFO 成功添加数据
2021-03-02  12:49:07 Tue root INFO mes_plc_r3
2021-03-02  12:49:07 Tue root INFO 读取插入数据库数据：{'product_type': '\n\x07250 TJ3\x00', 'r1_equipment_status': '0', 'fail_code': '0', 'recerve': '0', 'prod_num': 450, 'r1_rob_no': '4', 'r1_weld_line_no': '0', 'r1_electric': '183.89756774902344', 'r1_voltage': '13.87803840637207', 'r1_speed': '0.0', 'r1_job': '0', 'r2_rob_no': '0', 'r2_weld_line_no': '0', 'r2_electric': '0.0', 'r2_voltage': '0.0', 'r2_speed': '0.0', 'r2_job': '0', 'replace_status': '0', 'part_status': '0', 'r1_protective_gas': '0', 'r1_welding_wire': '0', 'r2_protective_gas': '0', 'r2_welding_wire': '0', 'login_id': '\n\x00\x00\x00\x00\x00\x00\x00\x00\x00', 'login_password': '\n\x00\x00\x00\x00\x00\x00\x00\x00\x00'}
2021-03-02  12:49:07 Tue root INFO ('\n\x07250 TJ3\x00', '0', '0', 450, '4', '0', '183.89756774902344', '13.87803840637207', '0.0', '0', '0', '0', '0.0', '0.0', '0.0', '0', '0', '0', '0', '0', '0', '\n\x00\x00\x00\x00\x00\x00\x00\x00\x00', '\n\x00\x00\x00\x00\x00\x00\x00\x00\x00', '0', '0', '2021-03-02 12:49:07')
2021-03-02  12:49:07 Tue root INFO 成功添加数据
2021-03-02  12:49:07 Tue root INFO mes_plc_r4
2021-03-02  12:49:08 Tue root INFO 读取插入数据库数据：{'product_type': '\n\x00\x00\x00\x00\x00\x00\x00\x00\x00', 'r1_equipment_status': '2560', 'fail_code': '0', 'recerve': '0', 'prod_num': 0, 'r1_rob_no': '0', 'r1_weld_line_no': '0', 'r1_electric': '9.727692471237622e-22', 'r1_voltage': '2.802596928649634e-45', 'r1_speed': '0.0', 'r1_job': '17207', 'r2_rob_no': '-1972', 'r2_weld_line_no': '16721', 'r2_electric': '3.139666402779627e-28', 'r2_voltage': '0.0', 'r2_speed': '0.0', 'r2_job': '0', 'replace_status': '0', 'part_status': '0', 'r1_protective_gas': '0', 'r1_welding_wire': '0', 'r2_protective_gas': '0', 'r2_welding_wire': '0', 'login_id': '\x00\x00\x00\x00\x00\x00\x00\x00\x00\x00', 'login_password': '\n\x00\x00\x00\x00\x00\x00\x00\x00\x00'}
2021-03-02  12:49:08 Tue root INFO ('\n\x00\x00\x00\x00\x00\x00\x00\x00\x00', '2560', '0', 0, '0', '0', '9.727692471237622e-22', '2.802596928649634e-45', '0.0', '17207', '-1972', '16721', '3.139666402779627e-28', '0.0', '0.0', '0', '0', '0', '0', '0', '0', '\x00\x00\x00\x00\x00\x00\x00\x00\x00\x00', '\n\x00\x00\x00\x00\x00\x00\x00\x00\x00', '0', '0', '2021-03-02 12:49:08')
2021-03-02  12:49:08 Tue root INFO 成功添加数据
2021-03-02  12:49:08 Tue root INFO mes_plc_r5
2021-03-02  12:49:08 Tue root INFO 读取插入数据库数据：{'product_type': '\n\x00\x00\x00\x00\x00\x00\x00\x00\x00', 'r1_equipment_status': '2560', 'fail_code': '0', 'recerve': '0', 'prod_num': 0, 'r1_rob_no': '0', 'r1_weld_line_no': '0', 'r1_electric': '1.8870057723865944e-24', 'r1_voltage': '0.0', 'r1_speed': '0.0', 'r1_job': '17205', 'r2_rob_no': '30606', 'r2_weld_line_no': '16726', 'r2_electric': '2.202285662861181e-20', 'r2_voltage': '0.0', 'r2_speed': '0.0', 'r2_job': '17205', 'replace_status': '-31137', 'part_status': '16725', 'r1_protective_gas': '-22452', 'r1_welding_wire': '0', 'r2_protective_gas': '0', 'r2_welding_wire': '0', 'login_id': '\x00\x00\x00\x00\x00\x00\x00\x00\x00\x00', 'login_password': '\n\x00\x00\x00\x00\x00\x00\x00\x00\x00'}
2021-03-02  12:49:08 Tue root INFO ('\n\x00\x00\x00\x00\x00\x00\x00\x00\x00', '2560', '0', 0, '0', '0', '1.8870057723865944e-24', '0.0', '0.0', '17205', '30606', '16726', '2.202285662861181e-20', '0.0', '0.0', '17205', '-31137', '-22452', '0', '0', '0', '\x00\x00\x00\x00\x00\x00\x00\x00\x00\x00', '\n\x00\x00\x00\x00\x00\x00\x00\x00\x00', '16725', '0', '2021-03-02 12:49:08')
2021-03-02  12:49:08 Tue root INFO 成功添加数据
2021-03-02  12:49:08 Tue root INFO mes_plc_r6
2021-03-02  12:49:08 Tue root INFO 读取插入数据库数据：{'product_type': '\n\x00\x00\x00\x00\x00\x00\x00\x00\x00', 'r1_equipment_status': '2560', 'fail_code': '0', 'recerve': '0', 'prod_num': 0, 'r1_rob_no': '0', 'r1_weld_line_no': '0', 'r1_electric': '0.0', 'r1_voltage': '9.183815862507343e-40', 'r1_speed': '0.0', 'r1_job': '0', 'r2_rob_no': '0', 'r2_weld_line_no': '0', 'r2_electric': '0.0', 'r2_voltage': '0.0', 'r2_speed': '0.0', 'r2_job': '0', 'replace_status': '0', 'part_status': '0', 'r1_protective_gas': '0', 'r1_welding_wire': '0', 'r2_protective_gas': '0', 'r2_welding_wire': '0', 'login_id': '\x00\x00\x00\x00\x00\x00\x00\x00\x00\x00', 'login_password': '\n\x00\x00\x00\x00\x00\x00\x00\x00\x00'}
2021-03-02  12:49:08 Tue root INFO ('\n\x00\x00\x00\x00\x00\x00\x00\x00\x00', '2560', '0', 0, '0', '0', '0.0', '9.183815862507343e-40', '0.0', '0', '0', '0', '0.0', '0.0', '0.0', '0', '0', '0', '0', '0', '0', '\x00\x00\x00\x00\x00\x00\x00\x00\x00\x00', '\n\x00\x00\x00\x00\x00\x00\x00\x00\x00', '0', '0', '2021-03-02 12:49:08')
2021-03-02  12:49:08 Tue root INFO 成功添加数据
2021-03-02  12:50:29 Tue root INFO PLC1连接失败
2021-03-02  12:50:29 Tue root INFO plc连接状态:[0, 1, 1, 1, 1, 1]
2021-03-02  12:50:29 Tue root INFO mes_plc_r2
2021-03-02  12:50:30 Tue root INFO 读取插入数据库数据：{'product_type': '\n\x07250 TJ2\x00', 'r1_equipment_status': '0', 'fail_code': '0', 'recerve': '0', 'prod_num': 457, 'r1_rob_no': '104', 'r1_weld_line_no': '0', 'r1_electric': '0.0', 'r1_voltage': '0.0', 'r1_speed': '0.0', 'r1_job': '0', 'r2_rob_no': '0', 'r2_weld_line_no': '0', 'r2_electric': '0.0', 'r2_voltage': '0.0', 'r2_speed': '0.0', 'r2_job': '0', 'replace_status': '0', 'part_status': '0', 'r1_protective_gas': '0', 'r1_welding_wire': '0', 'r2_protective_gas': '0', 'r2_welding_wire': '0', 'login_id': '\n\x00\x00\x00\x00\x00\x00\x00\x00\x00', 'login_password': '\n\x00\x00\x00\x00\x00\x00\x00\x00\x00'}
2021-03-02  12:50:30 Tue root INFO ('\n\x07250 TJ2\x00', '0', '0', 457, '104', '0', '0.0', '0.0', '0.0', '0', '0', '0', '0.0', '0.0', '0.0', '0', '0', '0', '0', '0', '0', '\n\x00\x00\x00\x00\x00\x00\x00\x00\x00', '\n\x00\x00\x00\x00\x00\x00\x00\x00\x00', '0', '0', '2021-03-02 12:50:30')
2021-03-02  12:50:30 Tue root INFO 成功添加数据
2021-03-02  12:50:30 Tue root INFO mes_plc_r3
2021-03-02  12:50:30 Tue root INFO 读取插入数据库数据：{'product_type': '\n\x07250 TJ4\x00', 'r1_equipment_status': '0', 'fail_code': '0', 'recerve': '0', 'prod_num': 451, 'r1_rob_no': '104', 'r1_weld_line_no': '0', 'r1_electric': '183.76736450195312', 'r1_voltage': '13.910590171813965', 'r1_speed': '0.0', 'r1_job': '0', 'r2_rob_no': '0', 'r2_weld_line_no': '0', 'r2_electric': '0.0', 'r2_voltage': '0.0', 'r2_speed': '0.0', 'r2_job': '0', 'replace_status': '0', 'part_status': '0', 'r1_protective_gas': '0', 'r1_welding_wire': '0', 'r2_protective_gas': '0', 'r2_welding_wire': '0', 'login_id': '\n\x00\x00\x00\x00\x00\x00\x00\x00\x00', 'login_password': '\n\x00\x00\x00\x00\x00\x00\x00\x00\x00'}
2021-03-02  12:50:30 Tue root INFO ('\n\x07250 TJ4\x00', '0', '0', 451, '104', '0', '183.76736450195312', '13.910590171813965', '0.0', '0', '0', '0', '0.0', '0.0', '0.0', '0', '0', '0', '0', '0', '0', '\n\x00\x00\x00\x00\x00\x00\x00\x00\x00', '\n\x00\x00\x00\x00\x00\x00\x00\x00\x00', '0', '0', '2021-03-02 12:50:30')
2021-03-02  12:50:30 Tue root INFO 成功添加数据
2021-03-02  12:50:30 Tue root INFO mes_plc_r4
2021-03-02  12:50:30 Tue root INFO 读取插入数据库数据：{'product_type': '\n\x00\x00\x00\x00\x00\x00\x00\x00\x00', 'r1_equipment_status': '2560', 'fail_code': '0', 'recerve': '0', 'prod_num': 0, 'r1_rob_no': '0', 'r1_weld_line_no': '0', 'r1_electric': '9.727692471237622e-22', 'r1_voltage': '2.802596928649634e-45', 'r1_speed': '0.0', 'r1_job': '17207', 'r2_rob_no': '-1972', 'r2_weld_line_no': '16721', 'r2_electric': '-6.286650380320215e+22', 'r2_voltage': '0.0', 'r2_speed': '0.0', 'r2_job': '0', 'replace_status': '0', 'part_status': '0', 'r1_protective_gas': '0', 'r1_welding_wire': '0', 'r2_protective_gas': '0', 'r2_welding_wire': '0', 'login_id': '\x00\x00\x00\x00\x00\x00\x00\x00\x00\x00', 'login_password': '\n\x00\x00\x00\x00\x00\x00\x00\x00\x00'}
2021-03-02  12:50:30 Tue root INFO ('\n\x00\x00\x00\x00\x00\x00\x00\x00\x00', '2560', '0', 0, '0', '0', '9.727692471237622e-22', '2.802596928649634e-45', '0.0', '17207', '-1972', '16721', '-6.286650380320215e+22', '0.0', '0.0', '0', '0', '0', '0', '0', '0', '\x00\x00\x00\x00\x00\x00\x00\x00\x00\x00', '\n\x00\x00\x00\x00\x00\x00\x00\x00\x00', '0', '0', '2021-03-02 12:50:30')
2021-03-02  12:50:30 Tue root INFO 成功添加数据
2021-03-02  12:50:30 Tue root INFO mes_plc_r5
2021-03-02  12:50:31 Tue root INFO 读取插入数据库数据：{'product_type': '\n\x00\x00\x00\x00\x00\x00\x00\x00\x00', 'r1_equipment_status': '2560', 'fail_code': '0', 'recerve': '0', 'prod_num': 0, 'r1_rob_no': '0', 'r1_weld_line_no': '0', 'r1_electric': '1.8870057723865944e-24', 'r1_voltage': '0.0', 'r1_speed': '0.0', 'r1_job': '17205', 'r2_rob_no': '24918', 'r2_weld_line_no': '16726', 'r2_electric': '3.2326094647612906e-38', 'r2_voltage': '0.0', 'r2_speed': '0.0', 'r2_job': '17205', 'replace_status': '24918', 'part_status': '16725', 'r1_protective_gas': '-18660', 'r1_welding_wire': '0', 'r2_protective_gas': '0', 'r2_welding_wire': '0', 'login_id': '\x00\x00\x00\x00\x00\x00\x00\x00\x00\x00', 'login_password': '\n\x00\x00\x00\x00\x00\x00\x00\x00\x00'}
2021-03-02  12:50:31 Tue root INFO ('\n\x00\x00\x00\x00\x00\x00\x00\x00\x00', '2560', '0', 0, '0', '0', '1.8870057723865944e-24', '0.0', '0.0', '17205', '24918', '16726', '3.2326094647612906e-38', '0.0', '0.0', '17205', '24918', '-18660', '0', '0', '0', '\x00\x00\x00\x00\x00\x00\x00\x00\x00\x00', '\n\x00\x00\x00\x00\x00\x00\x00\x00\x00', '16725', '0', '2021-03-02 12:50:31')
2021-03-02  12:50:31 Tue root INFO 成功添加数据
2021-03-02  12:50:31 Tue root INFO mes_plc_r6
2021-03-02  12:50:31 Tue root INFO 读取插入数据库数据：{'product_type': '\n\x00\x00\x00\x00\x00\x00\x00\x00\x00', 'r1_equipment_status': '2560', 'fail_code': '0', 'recerve': '0', 'prod_num': 0, 'r1_rob_no': '0', 'r1_weld_line_no': '0', 'r1_electric': '0.0', 'r1_voltage': '9.183815862507343e-40', 'r1_speed': '0.0', 'r1_job': '0', 'r2_rob_no': '0', 'r2_weld_line_no': '0', 'r2_electric': '0.0', 'r2_voltage': '0.0', 'r2_speed': '0.0', 'r2_job': '0', 'replace_status': '0', 'part_status': '0', 'r1_protective_gas': '0', 'r1_welding_wire': '0', 'r2_protective_gas': '0', 'r2_welding_wire': '0', 'login_id': '\x00\x00\x00\x00\x00\x00\x00\x00\x00\x00', 'login_password': '\n\x00\x00\x00\x00\x00\x00\x00\x00\x00'}
2021-03-02  12:50:31 Tue root INFO ('\n\x00\x00\x00\x00\x00\x00\x00\x00\x00', '2560', '0', 0, '0', '0', '0.0', '9.183815862507343e-40', '0.0', '0', '0', '0', '0.0', '0.0', '0.0', '0', '0', '0', '0', '0', '0', '\x00\x00\x00\x00\x00\x00\x00\x00\x00\x00', '\n\x00\x00\x00\x00\x00\x00\x00\x00\x00', '0', '0', '2021-03-02 12:50:31')
2021-03-02  12:50:31 Tue root INFO 成功添加数据
2021-03-02  12:51:52 Tue root INFO PLC1连接失败
2021-03-02  12:51:52 Tue root INFO plc连接状态:[0, 1, 1, 1, 1, 1]
2021-03-02  12:51:52 Tue root INFO mes_plc_r2
2021-03-02  12:51:52 Tue root INFO 读取插入数据库数据：{'product_type': '\n\x07250 TJ2\x00', 'r1_equipment_status': '0', 'fail_code': '0', 'recerve': '0', 'prod_num': 457, 'r1_rob_no': '104', 'r1_weld_line_no': '0', 'r1_electric': '0.0', 'r1_voltage': '0.0', 'r1_speed': '0.0', 'r1_job': '0', 'r2_rob_no': '0', 'r2_weld_line_no': '0', 'r2_electric': '0.0', 'r2_voltage': '0.0', 'r2_speed': '0.0', 'r2_job': '0', 'replace_status': '0', 'part_status': '0', 'r1_protective_gas': '0', 'r1_welding_wire': '0', 'r2_protective_gas': '0', 'r2_welding_wire': '0', 'login_id': '\n\x00\x00\x00\x00\x00\x00\x00\x00\x00', 'login_password': '\n\x00\x00\x00\x00\x00\x00\x00\x00\x00'}
2021-03-02  12:51:52 Tue root INFO ('\n\x07250 TJ2\x00', '0', '0', 457, '104', '0', '0.0', '0.0', '0.0', '0', '0', '0', '0.0', '0.0', '0.0', '0', '0', '0', '0', '0', '0', '\n\x00\x00\x00\x00\x00\x00\x00\x00\x00', '\n\x00\x00\x00\x00\x00\x00\x00\x00\x00', '0', '0', '2021-03-02 12:51:52')
2021-03-02  12:51:52 Tue root INFO 成功添加数据
2021-03-02  12:51:52 Tue root INFO mes_plc_r3
2021-03-02  12:51:53 Tue root INFO 读取插入数据库数据：{'product_type': '\n\x07250 TJ3\x00', 'r1_equipment_status': '0', 'fail_code': '0', 'recerve': '0', 'prod_num': 452, 'r1_rob_no': '4', 'r1_weld_line_no': '0', 'r1_electric': '183.60821533203125', 'r1_voltage': '118.51490783691406', 'r1_speed': '0.0', 'r1_job': '0', 'r2_rob_no': '0', 'r2_weld_line_no': '0', 'r2_electric': '0.0', 'r2_voltage': '0.0', 'r2_speed': '0.0', 'r2_job': '0', 'replace_status': '0', 'part_status': '0', 'r1_protective_gas': '0', 'r1_welding_wire': '0', 'r2_protective_gas': '0', 'r2_welding_wire': '0', 'login_id': '\n\x00\x00\x00\x00\x00\x00\x00\x00\x00', 'login_password': '\n\x00\x00\x00\x00\x00\x00\x00\x00\x00'}
2021-03-02  12:51:53 Tue root INFO ('\n\x07250 TJ3\x00', '0', '0', 452, '4', '0', '183.60821533203125', '118.51490783691406', '0.0', '0', '0', '0', '0.0', '0.0', '0.0', '0', '0', '0', '0', '0', '0', '\n\x00\x00\x00\x00\x00\x00\x00\x00\x00', '\n\x00\x00\x00\x00\x00\x00\x00\x00\x00', '0', '0', '2021-03-02 12:51:53')
2021-03-02  12:51:53 Tue root INFO 成功添加数据
2021-03-02  12:51:53 Tue root INFO mes_plc_r4
2021-03-02  12:51:53 Tue root INFO 读取插入数据库数据：{'product_type': '\n\x00\x00\x00\x00\x00\x00\x00\x00\x00', 'r1_equipment_status': '2560', 'fail_code': '0', 'recerve': '0', 'prod_num': 0, 'r1_rob_no': '0', 'r1_weld_line_no': '0', 'r1_electric': '9.727692471237622e-22', 'r1_voltage': '2.802596928649634e-45', 'r1_speed': '0.0', 'r1_job': '17207', 'r2_rob_no': '-5765', 'r2_weld_line_no': '16721', 'r2_electric': '-5.292441255952858e+31', 'r2_voltage': '0.0', 'r2_speed': '0.0', 'r2_job': '0', 'replace_status': '0', 'part_status': '0', 'r1_protective_gas': '0', 'r1_welding_wire': '0', 'r2_protective_gas': '0', 'r2_welding_wire': '0', 'login_id': '\x00\x00\x00\x00\x00\x00\x00\x00\x00\x00', 'login_password': '\n\x00\x00\x00\x00\x00\x00\x00\x00\x00'}
2021-03-02  12:51:53 Tue root INFO ('\n\x00\x00\x00\x00\x00\x00\x00\x00\x00', '2560', '0', 0, '0', '0', '9.727692471237622e-22', '2.802596928649634e-45', '0.0', '17207', '-5765', '16721', '-5.292441255952858e+31', '0.0', '0.0', '0', '0', '0', '0', '0', '0', '\x00\x00\x00\x00\x00\x00\x00\x00\x00\x00', '\n\x00\x00\x00\x00\x00\x00\x00\x00\x00', '0', '0', '2021-03-02 12:51:53')
2021-03-02  12:51:53 Tue root INFO 成功添加数据
2021-03-02  12:51:53 Tue root INFO mes_plc_r5
2021-03-02  12:51:53 Tue root INFO 读取插入数据库数据：{'product_type': '\n\x00\x00\x00\x00\x00\x00\x00\x00\x00', 'r1_equipment_status': '2560', 'fail_code': '0', 'recerve': '0', 'prod_num': 0, 'r1_rob_no': '0', 'r1_weld_line_no': '0', 'r1_electric': '1.8870057723865944e-24', 'r1_voltage': '0.0', 'r1_speed': '0.0', 'r1_job': '17205', 'r2_rob_no': '20177', 'r2_weld_line_no': '16725', 'r2_electric': '2.202285662861181e-20', 'r2_voltage': '0.0', 'r2_speed': '0.0', 'r2_job': '17205', 'replace_status': '20177', 'part_status': '16725', 'r1_protective_gas': '-7282', 'r1_welding_wire': '0', 'r2_protective_gas': '0', 'r2_welding_wire': '0', 'login_id': '\x00\x00\x00\x00\x00\x00\x00\x00\x00\x00', 'login_password': '\n\x00\x00\x00\x00\x00\x00\x00\x00\x00'}
2021-03-02  12:51:53 Tue root INFO ('\n\x00\x00\x00\x00\x00\x00\x00\x00\x00', '2560', '0', 0, '0', '0', '1.8870057723865944e-24', '0.0', '0.0', '17205', '20177', '16725', '2.202285662861181e-20', '0.0', '0.0', '17205', '20177', '-7282', '0', '0', '0', '\x00\x00\x00\x00\x00\x00\x00\x00\x00\x00', '\n\x00\x00\x00\x00\x00\x00\x00\x00\x00', '16725', '0', '2021-03-02 12:51:53')
2021-03-02  12:51:53 Tue root INFO 成功添加数据
2021-03-02  12:51:53 Tue root INFO mes_plc_r6
2021-03-02  12:51:54 Tue root INFO 读取插入数据库数据：{'product_type': '\n\x00\x00\x00\x00\x00\x00\x00\x00\x00', 'r1_equipment_status': '2560', 'fail_code': '0', 'recerve': '0', 'prod_num': 0, 'r1_rob_no': '0', 'r1_weld_line_no': '0', 'r1_electric': '0.0', 'r1_voltage': '9.183815862507343e-40', 'r1_speed': '0.0', 'r1_job': '0', 'r2_rob_no': '0', 'r2_weld_line_no': '0', 'r2_electric': '0.0', 'r2_voltage': '0.0', 'r2_speed': '0.0', 'r2_job': '0', 'replace_status': '0', 'part_status': '0', 'r1_protective_gas': '0', 'r1_welding_wire': '0', 'r2_protective_gas': '0', 'r2_welding_wire': '0', 'login_id': '\x00\x00\x00\x00\x00\x00\x00\x00\x00\x00', 'login_password': '\n\x00\x00\x00\x00\x00\x00\x00\x00\x00'}
2021-03-02  12:51:54 Tue root INFO ('\n\x00\x00\x00\x00\x00\x00\x00\x00\x00', '2560', '0', 0, '0', '0', '0.0', '9.183815862507343e-40', '0.0', '0', '0', '0', '0.0', '0.0', '0.0', '0', '0', '0', '0', '0', '0', '\x00\x00\x00\x00\x00\x00\x00\x00\x00\x00', '\n\x00\x00\x00\x00\x00\x00\x00\x00\x00', '0', '0', '2021-03-02 12:51:54')
2021-03-02  12:51:54 Tue root INFO 成功添加数据
2021-03-02  12:53:15 Tue root INFO PLC1连接失败
2021-03-02  12:53:15 Tue root INFO plc连接状态:[0, 1, 1, 1, 1, 1]
2021-03-02  12:53:15 Tue root INFO mes_plc_r2
2021-03-02  12:53:15 Tue root INFO 读取插入数据库数据：{'product_type': '\n\x07250 TJ1\x00', 'r1_equipment_status': '0', 'fail_code': '0', 'recerve': '0', 'prod_num': 458, 'r1_rob_no': '4', 'r1_weld_line_no': '0', 'r1_electric': '0.0', 'r1_voltage': '0.0', 'r1_speed': '0.0', 'r1_job': '0', 'r2_rob_no': '0', 'r2_weld_line_no': '0', 'r2_electric': '0.0', 'r2_voltage': '0.0', 'r2_speed': '0.0', 'r2_job': '0', 'replace_status': '0', 'part_status': '0', 'r1_protective_gas': '0', 'r1_welding_wire': '0', 'r2_protective_gas': '0', 'r2_welding_wire': '0', 'login_id': '\n\x00\x00\x00\x00\x00\x00\x00\x00\x00', 'login_password': '\n\x00\x00\x00\x00\x00\x00\x00\x00\x00'}
2021-03-02  12:53:15 Tue root INFO ('\n\x07250 TJ1\x00', '0', '0', 458, '4', '0', '0.0', '0.0', '0.0', '0', '0', '0', '0.0', '0.0', '0.0', '0', '0', '0', '0', '0', '0', '\n\x00\x00\x00\x00\x00\x00\x00\x00\x00', '\n\x00\x00\x00\x00\x00\x00\x00\x00\x00', '0', '0', '2021-03-02 12:53:15')
2021-03-02  12:53:15 Tue root INFO 成功添加数据
2021-03-02  12:53:15 Tue root INFO mes_plc_r3
2021-03-02  12:53:15 Tue root INFO 读取插入数据库数据：{'product_type': '\n\x07250 TJ4\x00', 'r1_equipment_status': '0', 'fail_code': '0', 'recerve': '0', 'prod_num': 453, 'r1_rob_no': '104', 'r1_weld_line_no': '0', 'r1_electric': '183.5214080810547', 'r1_voltage': '-5.823205947875977', 'r1_speed': '0.0', 'r1_job': '0', 'r2_rob_no': '0', 'r2_weld_line_no': '0', 'r2_electric': '0.0', 'r2_voltage': '0.0', 'r2_speed': '0.0', 'r2_job': '0', 'replace_status': '0', 'part_status': '0', 'r1_protective_gas': '0', 'r1_welding_wire': '0', 'r2_protective_gas': '0', 'r2_welding_wire': '0', 'login_id': '\n\x00\x00\x00\x00\x00\x00\x00\x00\x00', 'login_password': '\n\x00\x00\x00\x00\x00\x00\x00\x00\x00'}
2021-03-02  12:53:15 Tue root INFO ('\n\x07250 TJ4\x00', '0', '0', 453, '104', '0', '183.5214080810547', '-5.823205947875977', '0.0', '0', '0', '0', '0.0', '0.0', '0.0', '0', '0', '0', '0', '0', '0', '\n\x00\x00\x00\x00\x00\x00\x00\x00\x00', '\n\x00\x00\x00\x00\x00\x00\x00\x00\x00', '0', '0', '2021-03-02 12:53:15')
2021-03-02  12:53:15 Tue root INFO 成功添加数据
2021-03-02  12:53:15 Tue root INFO mes_plc_r4
2021-03-02  12:53:15 Tue root INFO 读取插入数据库数据：{'product_type': '\n\x00\x00\x00\x00\x00\x00\x00\x00\x00', 'r1_equipment_status': '2560', 'fail_code': '0', 'recerve': '0', 'prod_num': 0, 'r1_rob_no': '0', 'r1_weld_line_no': '0', 'r1_electric': '9.727692471237622e-22', 'r1_voltage': '2.802596928649634e-45', 'r1_speed': '0.0', 'r1_job': '17207', 'r2_rob_no': '-7661', 'r2_weld_line_no': '16721', 'r2_electric': '-5.292441255952858e+31', 'r2_voltage': '0.0', 'r2_speed': '0.0', 'r2_job': '0', 'replace_status': '0', 'part_status': '0', 'r1_protective_gas': '0', 'r1_welding_wire': '0', 'r2_protective_gas': '0', 'r2_welding_wire': '0', 'login_id': '\x00\x00\x00\x00\x00\x00\x00\x00\x00\x00', 'login_password': '\n\x00\x00\x00\x00\x00\x00\x00\x00\x00'}
2021-03-02  12:53:15 Tue root INFO ('\n\x00\x00\x00\x00\x00\x00\x00\x00\x00', '2560', '0', 0, '0', '0', '9.727692471237622e-22', '2.802596928649634e-45', '0.0', '17207', '-7661', '16721', '-5.292441255952858e+31', '0.0', '0.0', '0', '0', '0', '0', '0', '0', '\x00\x00\x00\x00\x00\x00\x00\x00\x00\x00', '\n\x00\x00\x00\x00\x00\x00\x00\x00\x00', '0', '0', '2021-03-02 12:53:15')
2021-03-02  12:53:16 Tue root INFO 成功添加数据
2021-03-02  12:53:16 Tue root INFO mes_plc_r5
2021-03-02  12:53:16 Tue root INFO 读取插入数据库数据：{'product_type': '\n\x00\x00\x00\x00\x00\x00\x00\x00\x00', 'r1_equipment_status': '2560', 'fail_code': '0', 'recerve': '0', 'prod_num': 0, 'r1_rob_no': '0', 'r1_weld_line_no': '0', 'r1_electric': '1.8870057723865944e-24', 'r1_voltage': '0.0', 'r1_speed': '0.0', 'r1_job': '17205', 'r2_rob_no': '13539', 'r2_weld_line_no': '16726', 'r2_electric': '12713984.0', 'r2_voltage': '0.0', 'r2_speed': '0.0', 'r2_job': '17205', 'replace_status': '6903', 'part_status': '16725', 'r1_protective_gas': '-11074', 'r1_welding_wire': '0', 'r2_protective_gas': '0', 'r2_welding_wire': '0', 'login_id': '\x00\x00\x00\x00\x00\x00\x00\x00\x00\x00', 'login_password': '\n\x00\x00\x00\x00\x00\x00\x00\x00\x00'}
2021-03-02  12:53:16 Tue root INFO ('\n\x00\x00\x00\x00\x00\x00\x00\x00\x00', '2560', '0', 0, '0', '0', '1.8870057723865944e-24', '0.0', '0.0', '17205', '13539', '16726', '12713984.0', '0.0', '0.0', '17205', '6903', '-11074', '0', '0', '0', '\x00\x00\x00\x00\x00\x00\x00\x00\x00\x00', '\n\x00\x00\x00\x00\x00\x00\x00\x00\x00', '16725', '0', '2021-03-02 12:53:16')
2021-03-02  12:53:16 Tue root INFO 成功添加数据
2021-03-02  12:53:16 Tue root INFO mes_plc_r6
2021-03-02  12:53:16 Tue root INFO 读取插入数据库数据：{'product_type': '\n\x00\x00\x00\x00\x00\x00\x00\x00\x00', 'r1_equipment_status': '2560', 'fail_code': '0', 'recerve': '0', 'prod_num': 0, 'r1_rob_no': '0', 'r1_weld_line_no': '0', 'r1_electric': '0.0', 'r1_voltage': '9.183815862507343e-40', 'r1_speed': '0.0', 'r1_job': '0', 'r2_rob_no': '0', 'r2_weld_line_no': '0', 'r2_electric': '0.0', 'r2_voltage': '0.0', 'r2_speed': '0.0', 'r2_job': '0', 'replace_status': '0', 'part_status': '0', 'r1_protective_gas': '0', 'r1_welding_wire': '0', 'r2_protective_gas': '0', 'r2_welding_wire': '0', 'login_id': '\x00\x00\x00\x00\x00\x00\x00\x00\x00\x00', 'login_password': '\n\x00\x00\x00\x00\x00\x00\x00\x00\x00'}
2021-03-02  12:53:16 Tue root INFO ('\n\x00\x00\x00\x00\x00\x00\x00\x00\x00', '2560', '0', 0, '0', '0', '0.0', '9.183815862507343e-40', '0.0', '0', '0', '0', '0.0', '0.0', '0.0', '0', '0', '0', '0', '0', '0', '\x00\x00\x00\x00\x00\x00\x00\x00\x00\x00', '\n\x00\x00\x00\x00\x00\x00\x00\x00\x00', '0', '0', '2021-03-02 12:53:16')
2021-03-02  12:53:16 Tue root INFO 成功添加数据
2021-03-02  12:54:37 Tue root INFO PLC1连接失败
2021-03-02  12:54:37 Tue root INFO plc连接状态:[0, 1, 1, 1, 1, 1]
2021-03-02  12:54:37 Tue root INFO mes_plc_r2
2021-03-02  12:54:37 Tue root INFO 读取插入数据库数据：{'product_type': '\n\x07250 TJ1\x00', 'r1_equipment_status': '0', 'fail_code': '0', 'recerve': '0', 'prod_num': 458, 'r1_rob_no': '4', 'r1_weld_line_no': '0', 'r1_electric': '0.0', 'r1_voltage': '0.0', 'r1_speed': '0.0', 'r1_job': '0', 'r2_rob_no': '0', 'r2_weld_line_no': '0', 'r2_electric': '0.0', 'r2_voltage': '0.0', 'r2_speed': '0.0', 'r2_job': '0', 'replace_status': '0', 'part_status': '0', 'r1_protective_gas': '0', 'r1_welding_wire': '0', 'r2_protective_gas': '0', 'r2_welding_wire': '0', 'login_id': '\n\x00\x00\x00\x00\x00\x00\x00\x00\x00', 'login_password': '\n\x00\x00\x00\x00\x00\x00\x00\x00\x00'}
2021-03-02  12:54:37 Tue root INFO ('\n\x07250 TJ1\x00', '0', '0', 458, '4', '0', '0.0', '0.0', '0.0', '0', '0', '0', '0.0', '0.0', '0.0', '0', '0', '0', '0', '0', '0', '\n\x00\x00\x00\x00\x00\x00\x00\x00\x00', '\n\x00\x00\x00\x00\x00\x00\x00\x00\x00', '0', '0', '2021-03-02 12:54:37')
2021-03-02  12:54:38 Tue root INFO 成功添加数据
2021-03-02  12:54:38 Tue root INFO mes_plc_r3
2021-03-02  12:54:38 Tue root INFO 读取插入数据库数据：{'product_type': '\n\x07250 TJ3\x00', 'r1_equipment_status': '0', 'fail_code': '0', 'recerve': '0', 'prod_num': 454, 'r1_rob_no': '4', 'r1_weld_line_no': '0', 'r1_electric': '183.47801208496094', 'r1_voltage': '13.906973838806152', 'r1_speed': '0.0', 'r1_job': '0', 'r2_rob_no': '0', 'r2_weld_line_no': '0', 'r2_electric': '0.0', 'r2_voltage': '0.0', 'r2_speed': '0.0', 'r2_job': '0', 'replace_status': '0', 'part_status': '0', 'r1_protective_gas': '0', 'r1_welding_wire': '0', 'r2_protective_gas': '0', 'r2_welding_wire': '0', 'login_id': '\n\x00\x00\x00\x00\x00\x00\x00\x00\x00', 'login_password': '\n\x00\x00\x00\x00\x00\x00\x00\x00\x00'}
2021-03-02  12:54:38 Tue root INFO ('\n\x07250 TJ3\x00', '0', '0', 454, '4', '0', '183.47801208496094', '13.906973838806152', '0.0', '0', '0', '0', '0.0', '0.0', '0.0', '0', '0', '0', '0', '0', '0', '\n\x00\x00\x00\x00\x00\x00\x00\x00\x00', '\n\x00\x00\x00\x00\x00\x00\x00\x00\x00', '0', '0', '2021-03-02 12:54:38')
2021-03-02  12:54:38 Tue root INFO 成功添加数据
2021-03-02  12:54:38 Tue root INFO mes_plc_r4
2021-03-02  12:54:38 Tue root INFO 读取插入数据库数据：{'product_type': '\n\x00\x00\x00\x00\x00\x00\x00\x00\x00', 'r1_equipment_status': '2560', 'fail_code': '0', 'recerve': '0', 'prod_num': 0, 'r1_rob_no': '0', 'r1_weld_line_no': '0', 'r1_electric': '9.727692471237622e-22', 'r1_voltage': '2.802596928649634e-45', 'r1_speed': '0.0', 'r1_job': '17207', 'r2_rob_no': '-6713', 'r2_weld_line_no': '16721', 'r2_electric': '-5.292441255952858e+31', 'r2_voltage': '0.0', 'r2_speed': '0.0', 'r2_job': '0', 'replace_status': '0', 'part_status': '0', 'r1_protective_gas': '0', 'r1_welding_wire': '0', 'r2_protective_gas': '0', 'r2_welding_wire': '0', 'login_id': '\x00\x00\x00\x00\x00\x00\x00\x00\x00\x00', 'login_password': '\n\x00\x00\x00\x00\x00\x00\x00\x00\x00'}
2021-03-02  12:54:38 Tue root INFO ('\n\x00\x00\x00\x00\x00\x00\x00\x00\x00', '2560', '0', 0, '0', '0', '9.727692471237622e-22', '2.802596928649634e-45', '0.0', '17207', '-6713', '16721', '-5.292441255952858e+31', '0.0', '0.0', '0', '0', '0', '0', '0', '0', '\x00\x00\x00\x00\x00\x00\x00\x00\x00\x00', '\n\x00\x00\x00\x00\x00\x00\x00\x00\x00', '0', '0', '2021-03-02 12:54:38')
2021-03-02  12:54:38 Tue root INFO 成功添加数据
2021-03-02  12:54:38 Tue root INFO mes_plc_r5
2021-03-02  12:54:38 Tue root INFO 读取插入数据库数据：{'product_type': '\n\x00\x00\x00\x00\x00\x00\x00\x00\x00', 'r1_equipment_status': '2560', 'fail_code': '0', 'recerve': '0', 'prod_num': 0, 'r1_rob_no': '0', 'r1_weld_line_no': '0', 'r1_electric': '1.8870057723865944e-24', 'r1_voltage': '0.0', 'r1_speed': '0.0', 'r1_job': '17205', 'r2_rob_no': '10695', 'r2_weld_line_no': '16726', 'r2_electric': '0.0147705078125', 'r2_voltage': '0.0', 'r2_speed': '0.0', 'r2_job': '17205', 'replace_status': '1214', 'part_status': '16725', 'r1_protective_gas': '-18660', 'r1_welding_wire': '0', 'r2_protective_gas': '0', 'r2_welding_wire': '0', 'login_id': '\x00\x00\x00\x00\x00\x00\x00\x00\x00\x00', 'login_password': '\n\x00\x00\x00\x00\x00\x00\x00\x00\x00'}
2021-03-02  12:54:38 Tue root INFO ('\n\x00\x00\x00\x00\x00\x00\x00\x00\x00', '2560', '0', 0, '0', '0', '1.8870057723865944e-24', '0.0', '0.0', '17205', '10695', '16726', '0.0147705078125', '0.0', '0.0', '17205', '1214', '-18660', '0', '0', '0', '\x00\x00\x00\x00\x00\x00\x00\x00\x00\x00', '\n\x00\x00\x00\x00\x00\x00\x00\x00\x00', '16725', '0', '2021-03-02 12:54:38')
2021-03-02  12:54:38 Tue root INFO 成功添加数据
2021-03-02  12:54:38 Tue root INFO mes_plc_r6
2021-03-02  12:54:39 Tue root INFO 读取插入数据库数据：{'product_type': '\n\x00\x00\x00\x00\x00\x00\x00\x00\x00', 'r1_equipment_status': '2560', 'fail_code': '0', 'recerve': '0', 'prod_num': 0, 'r1_rob_no': '0', 'r1_weld_line_no': '0', 'r1_electric': '0.0', 'r1_voltage': '9.183815862507343e-40', 'r1_speed': '0.0', 'r1_job': '0', 'r2_rob_no': '0', 'r2_weld_line_no': '0', 'r2_electric': '0.0', 'r2_voltage': '0.0', 'r2_speed': '0.0', 'r2_job': '0', 'replace_status': '0', 'part_status': '0', 'r1_protective_gas': '0', 'r1_welding_wire': '0', 'r2_protective_gas': '0', 'r2_welding_wire': '0', 'login_id': '\x00\x00\x00\x00\x00\x00\x00\x00\x00\x00', 'login_password': '\n\x00\x00\x00\x00\x00\x00\x00\x00\x00'}
2021-03-02  12:54:39 Tue root INFO ('\n\x00\x00\x00\x00\x00\x00\x00\x00\x00', '2560', '0', 0, '0', '0', '0.0', '9.183815862507343e-40', '0.0', '0', '0', '0', '0.0', '0.0', '0.0', '0', '0', '0', '0', '0', '0', '\x00\x00\x00\x00\x00\x00\x00\x00\x00\x00', '\n\x00\x00\x00\x00\x00\x00\x00\x00\x00', '0', '0', '2021-03-02 12:54:39')
2021-03-02  12:54:39 Tue root INFO 成功添加数据
2021-03-02  12:56:00 Tue root INFO PLC1连接失败
2021-03-02  12:56:00 Tue root INFO plc连接状态:[0, 1, 1, 1, 1, 1]
2021-03-02  12:56:00 Tue root INFO mes_plc_r2
2021-03-02  12:56:00 Tue root INFO 读取插入数据库数据：{'product_type': '\n\x07250 TJ1\x00', 'r1_equipment_status': '0', 'fail_code': '0', 'recerve': '0', 'prod_num': 458, 'r1_rob_no': '4', 'r1_weld_line_no': '0', 'r1_electric': '0.0', 'r1_voltage': '0.0', 'r1_speed': '0.0', 'r1_job': '0', 'r2_rob_no': '0', 'r2_weld_line_no': '0', 'r2_electric': '0.0', 'r2_voltage': '0.0', 'r2_speed': '0.0', 'r2_job': '0', 'replace_status': '0', 'part_status': '0', 'r1_protective_gas': '0', 'r1_welding_wire': '0', 'r2_protective_gas': '0', 'r2_welding_wire': '0', 'login_id': '\n\x00\x00\x00\x00\x00\x00\x00\x00\x00', 'login_password': '\n\x00\x00\x00\x00\x00\x00\x00\x00\x00'}
2021-03-02  12:56:00 Tue root INFO ('\n\x07250 TJ1\x00', '0', '0', 458, '4', '0', '0.0', '0.0', '0.0', '0', '0', '0', '0.0', '0.0', '0.0', '0', '0', '0', '0', '0', '0', '\n\x00\x00\x00\x00\x00\x00\x00\x00\x00', '\n\x00\x00\x00\x00\x00\x00\x00\x00\x00', '0', '0', '2021-03-02 12:56:00')
2021-03-02  12:56:00 Tue root INFO 成功添加数据
2021-03-02  12:56:00 Tue root INFO mes_plc_r3
2021-03-02  12:56:00 Tue root INFO 读取插入数据库数据：{'product_type': '\n\x07250 TJ4\x00', 'r1_equipment_status': '0', 'fail_code': '0', 'recerve': '0', 'prod_num': 455, 'r1_rob_no': '104', 'r1_weld_line_no': '0', 'r1_electric': '183.40567016601562', 'r1_voltage': '13.917824745178223', 'r1_speed': '0.0', 'r1_job': '0', 'r2_rob_no': '0', 'r2_weld_line_no': '0', 'r2_electric': '0.0', 'r2_voltage': '0.0', 'r2_speed': '0.0', 'r2_job': '0', 'replace_status': '0', 'part_status': '0', 'r1_protective_gas': '0', 'r1_welding_wire': '0', 'r2_protective_gas': '0', 'r2_welding_wire': '0', 'login_id': '\n\x00\x00\x00\x00\x00\x00\x00\x00\x00', 'login_password': '\n\x00\x00\x00\x00\x00\x00\x00\x00\x00'}
2021-03-02  12:56:00 Tue root INFO ('\n\x07250 TJ4\x00', '0', '0', 455, '104', '0', '183.40567016601562', '13.917824745178223', '0.0', '0', '0', '0', '0.0', '0.0', '0.0', '0', '0', '0', '0', '0', '0', '\n\x00\x00\x00\x00\x00\x00\x00\x00\x00', '\n\x00\x00\x00\x00\x00\x00\x00\x00\x00', '0', '0', '2021-03-02 12:56:00')
2021-03-02  12:56:00 Tue root INFO 成功添加数据
2021-03-02  12:56:00 Tue root INFO mes_plc_r4
2021-03-02  12:56:01 Tue root INFO 读取插入数据库数据：{'product_type': '\n\x00\x00\x00\x00\x00\x00\x00\x00\x00', 'r1_equipment_status': '2560', 'fail_code': '0', 'recerve': '0', 'prod_num': 0, 'r1_rob_no': '0', 'r1_weld_line_no': '0', 'r1_electric': '9.727692471237622e-22', 'r1_voltage': '2.802596928649634e-45', 'r1_speed': '0.0', 'r1_job': '17207', 'r2_rob_no': '-9558', 'r2_weld_line_no': '16721', 'r2_electric': '-5.292441255952858e+31', 'r2_voltage': '0.0', 'r2_speed': '0.0', 'r2_job': '0', 'replace_status': '0', 'part_status': '0', 'r1_protective_gas': '0', 'r1_welding_wire': '0', 'r2_protective_gas': '0', 'r2_welding_wire': '0', 'login_id': '\x00\x00\x00\x00\x00\x00\x00\x00\x00\x00', 'login_password': '\n\x00\x00\x00\x00\x00\x00\x00\x00\x00'}
2021-03-02  12:56:01 Tue root INFO ('\n\x00\x00\x00\x00\x00\x00\x00\x00\x00', '2560', '0', 0, '0', '0', '9.727692471237622e-22', '2.802596928649634e-45', '0.0', '17207', '-9558', '16721', '-5.292441255952858e+31', '0.0', '0.0', '0', '0', '0', '0', '0', '0', '\x00\x00\x00\x00\x00\x00\x00\x00\x00\x00', '\n\x00\x00\x00\x00\x00\x00\x00\x00\x00', '0', '0', '2021-03-02 12:56:01')
2021-03-02  12:56:01 Tue root INFO 成功添加数据
2021-03-02  12:56:01 Tue root INFO mes_plc_r5
2021-03-02  12:56:01 Tue root INFO 读取插入数据库数据：{'product_type': '\n\x00\x00\x00\x00\x00\x00\x00\x00\x00', 'r1_equipment_status': '2560', 'fail_code': '0', 'recerve': '0', 'prod_num': 0, 'r1_rob_no': '0', 'r1_weld_line_no': '0', 'r1_electric': '1.8870057723865944e-24', 'r1_voltage': '0.0', 'r1_speed': '0.0', 'r1_job': '17205', 'r2_rob_no': '5006', 'r2_weld_line_no': '16726', 'r2_electric': '0.0147705078125', 'r2_voltage': '0.0', 'r2_speed': '0.0', 'r2_job': '17204', 'replace_status': '-5423', 'part_status': '16725', 'r1_protective_gas': '-3490', 'r1_welding_wire': '0', 'r2_protective_gas': '0', 'r2_welding_wire': '0', 'login_id': '\x00\x00\x00\x00\x00\x00\x00\x00\x00\x00', 'login_password': '\n\x00\x00\x00\x00\x00\x00\x00\x00\x00'}
2021-03-02  12:56:01 Tue root INFO ('\n\x00\x00\x00\x00\x00\x00\x00\x00\x00', '2560', '0', 0, '0', '0', '1.8870057723865944e-24', '0.0', '0.0', '17205', '5006', '16726', '0.0147705078125', '0.0', '0.0', '17204', '-5423', '-3490', '0', '0', '0', '\x00\x00\x00\x00\x00\x00\x00\x00\x00\x00', '\n\x00\x00\x00\x00\x00\x00\x00\x00\x00', '16725', '0', '2021-03-02 12:56:01')
2021-03-02  12:56:01 Tue root INFO 成功添加数据
2021-03-02  12:56:01 Tue root INFO mes_plc_r6
2021-03-02  12:56:01 Tue root INFO 读取插入数据库数据：{'product_type': '\n\x00\x00\x00\x00\x00\x00\x00\x00\x00', 'r1_equipment_status': '2560', 'fail_code': '0', 'recerve': '0', 'prod_num': 0, 'r1_rob_no': '0', 'r1_weld_line_no': '0', 'r1_electric': '0.0', 'r1_voltage': '9.183815862507343e-40', 'r1_speed': '0.0', 'r1_job': '0', 'r2_rob_no': '0', 'r2_weld_line_no': '0', 'r2_electric': '0.0', 'r2_voltage': '0.0', 'r2_speed': '0.0', 'r2_job': '0', 'replace_status': '0', 'part_status': '0', 'r1_protective_gas': '0', 'r1_welding_wire': '0', 'r2_protective_gas': '0', 'r2_welding_wire': '0', 'login_id': '\x00\x00\x00\x00\x00\x00\x00\x00\x00\x00', 'login_password': '\n\x00\x00\x00\x00\x00\x00\x00\x00\x00'}
2021-03-02  12:56:01 Tue root INFO ('\n\x00\x00\x00\x00\x00\x00\x00\x00\x00', '2560', '0', 0, '0', '0', '0.0', '9.183815862507343e-40', '0.0', '0', '0', '0', '0.0', '0.0', '0.0', '0', '0', '0', '0', '0', '0', '\x00\x00\x00\x00\x00\x00\x00\x00\x00\x00', '\n\x00\x00\x00\x00\x00\x00\x00\x00\x00', '0', '0', '2021-03-02 12:56:01')
2021-03-02  12:56:01 Tue root INFO 成功添加数据
2021-03-02  12:57:22 Tue root INFO PLC1连接失败
2021-03-02  12:57:22 Tue root INFO plc连接状态:[0, 1, 1, 1, 1, 1]
2021-03-02  12:57:22 Tue root INFO mes_plc_r2
2021-03-02  12:57:23 Tue root INFO 读取插入数据库数据：{'product_type': '\n\x07250 TJ1\x00', 'r1_equipment_status': '0', 'fail_code': '0', 'recerve': '0', 'prod_num': 459, 'r1_rob_no': '4', 'r1_weld_line_no': '0', 'r1_electric': '0.0', 'r1_voltage': '0.0', 'r1_speed': '0.0', 'r1_job': '0', 'r2_rob_no': '0', 'r2_weld_line_no': '0', 'r2_electric': '0.0', 'r2_voltage': '0.0', 'r2_speed': '0.0', 'r2_job': '0', 'replace_status': '0', 'part_status': '0', 'r1_protective_gas': '0', 'r1_welding_wire': '0', 'r2_protective_gas': '0', 'r2_welding_wire': '0', 'login_id': '\n\x00\x00\x00\x00\x00\x00\x00\x00\x00', 'login_password': '\n\x00\x00\x00\x00\x00\x00\x00\x00\x00'}
2021-03-02  12:57:23 Tue root INFO ('\n\x07250 TJ1\x00', '0', '0', 459, '4', '0', '0.0', '0.0', '0.0', '0', '0', '0', '0.0', '0.0', '0.0', '0', '0', '0', '0', '0', '0', '\n\x00\x00\x00\x00\x00\x00\x00\x00\x00', '\n\x00\x00\x00\x00\x00\x00\x00\x00\x00', '0', '0', '2021-03-02 12:57:23')
2021-03-02  12:57:23 Tue root INFO 成功添加数据
2021-03-02  12:57:23 Tue root INFO mes_plc_r3
2021-03-02  12:57:23 Tue root INFO 读取插入数据库数据：{'product_type': '\n\x07250 TJ3\x00', 'r1_equipment_status': '0', 'fail_code': '0', 'recerve': '0', 'prod_num': 456, 'r1_rob_no': '4', 'r1_weld_line_no': '0', 'r1_electric': '183.37673950195312', 'r1_voltage': '-3.2009549140930176', 'r1_speed': '0.0', 'r1_job': '0', 'r2_rob_no': '0', 'r2_weld_line_no': '0', 'r2_electric': '0.0', 'r2_voltage': '0.0', 'r2_speed': '0.0', 'r2_job': '0', 'replace_status': '0', 'part_status': '0', 'r1_protective_gas': '0', 'r1_welding_wire': '0', 'r2_protective_gas': '0', 'r2_welding_wire': '0', 'login_id': '\n\x00\x00\x00\x00\x00\x00\x00\x00\x00', 'login_password': '\n\x00\x00\x00\x00\x00\x00\x00\x00\x00'}
2021-03-02  12:57:23 Tue root INFO ('\n\x07250 TJ3\x00', '0', '0', 456, '4', '0', '183.37673950195312', '-3.2009549140930176', '0.0', '0', '0', '0', '0.0', '0.0', '0.0', '0', '0', '0', '0', '0', '0', '\n\x00\x00\x00\x00\x00\x00\x00\x00\x00', '\n\x00\x00\x00\x00\x00\x00\x00\x00\x00', '0', '0', '2021-03-02 12:57:23')
2021-03-02  12:57:23 Tue root INFO 成功添加数据
2021-03-02  12:57:23 Tue root INFO mes_plc_r4
2021-03-02  12:57:23 Tue root INFO 读取插入数据库数据：{'product_type': '\n\x00\x00\x00\x00\x00\x00\x00\x00\x00', 'r1_equipment_status': '2560', 'fail_code': '0', 'recerve': '0', 'prod_num': 0, 'r1_rob_no': '0', 'r1_weld_line_no': '0', 'r1_electric': '9.727692471237622e-22', 'r1_voltage': '2.802596928649634e-45', 'r1_speed': '0.0', 'r1_job': '17207', 'r2_rob_no': '-10505', 'r2_weld_line_no': '16721', 'r2_electric': '-73117523247104.0', 'r2_voltage': '0.0', 'r2_speed': '0.0', 'r2_job': '0', 'replace_status': '0', 'part_status': '0', 'r1_protective_gas': '0', 'r1_welding_wire': '0', 'r2_protective_gas': '0', 'r2_welding_wire': '0', 'login_id': '\x00\x00\x00\x00\x00\x00\x00\x00\x00\x00', 'login_password': '\n\x00\x00\x00\x00\x00\x00\x00\x00\x00'}
2021-03-02  12:57:23 Tue root INFO ('\n\x00\x00\x00\x00\x00\x00\x00\x00\x00', '2560', '0', 0, '0', '0', '9.727692471237622e-22', '2.802596928649634e-45', '0.0', '17207', '-10505', '16721', '-73117523247104.0', '0.0', '0.0', '0', '0', '0', '0', '0', '0', '\x00\x00\x00\x00\x00\x00\x00\x00\x00\x00', '\n\x00\x00\x00\x00\x00\x00\x00\x00\x00', '0', '0', '2021-03-02 12:57:23')
2021-03-02  12:57:23 Tue root INFO 成功添加数据
2021-03-02  12:57:23 Tue root INFO mes_plc_r5
2021-03-02  12:57:24 Tue root INFO 读取插入数据库数据：{'product_type': '\n\x00\x00\x00\x00\x00\x00\x00\x00\x00', 'r1_equipment_status': '2560', 'fail_code': '0', 'recerve': '0', 'prod_num': 0, 'r1_rob_no': '0', 'r1_weld_line_no': '0', 'r1_electric': '1.8870057723865944e-24', 'r1_voltage': '0.0', 'r1_speed': '0.0', 'r1_job': '17205', 'r2_rob_no': '-682', 'r2_weld_line_no': '16726', 'r2_electric': '0.0147705078125', 'r2_voltage': '0.0', 'r2_speed': '0.0', 'r2_job': '17204', 'replace_status': '-12061', 'part_status': '16725', 'r1_protective_gas': '-3490', 'r1_welding_wire': '0', 'r2_protective_gas': '0', 'r2_welding_wire': '0', 'login_id': '\x00\x00\x00\x00\x00\x00\x00\x00\x00\x00', 'login_password': '\n\x00\x00\x00\x00\x00\x00\x00\x00\x00'}
2021-03-02  12:57:24 Tue root INFO ('\n\x00\x00\x00\x00\x00\x00\x00\x00\x00', '2560', '0', 0, '0', '0', '1.8870057723865944e-24', '0.0', '0.0', '17205', '-682', '16726', '0.0147705078125', '0.0', '0.0', '17204', '-12061', '-3490', '0', '0', '0', '\x00\x00\x00\x00\x00\x00\x00\x00\x00\x00', '\n\x00\x00\x00\x00\x00\x00\x00\x00\x00', '16725', '0', '2021-03-02 12:57:24')
2021-03-02  12:57:24 Tue root INFO 成功添加数据
2021-03-02  12:57:24 Tue root INFO mes_plc_r6
2021-03-02  12:57:24 Tue root INFO 读取插入数据库数据：{'product_type': '\n\x00\x00\x00\x00\x00\x00\x00\x00\x00', 'r1_equipment_status': '2560', 'fail_code': '0', 'recerve': '0', 'prod_num': 0, 'r1_rob_no': '0', 'r1_weld_line_no': '0', 'r1_electric': '0.0', 'r1_voltage': '9.183815862507343e-40', 'r1_speed': '0.0', 'r1_job': '0', 'r2_rob_no': '0', 'r2_weld_line_no': '0', 'r2_electric': '0.0', 'r2_voltage': '0.0', 'r2_speed': '0.0', 'r2_job': '0', 'replace_status': '0', 'part_status': '0', 'r1_protective_gas': '0', 'r1_welding_wire': '0', 'r2_protective_gas': '0', 'r2_welding_wire': '0', 'login_id': '\x00\x00\x00\x00\x00\x00\x00\x00\x00\x00', 'login_password': '\n\x00\x00\x00\x00\x00\x00\x00\x00\x00'}
2021-03-02  12:57:24 Tue root INFO ('\n\x00\x00\x00\x00\x00\x00\x00\x00\x00', '2560', '0', 0, '0', '0', '0.0', '9.183815862507343e-40', '0.0', '0', '0', '0', '0.0', '0.0', '0.0', '0', '0', '0', '0', '0', '0', '\x00\x00\x00\x00\x00\x00\x00\x00\x00\x00', '\n\x00\x00\x00\x00\x00\x00\x00\x00\x00', '0', '0', '2021-03-02 12:57:24')
2021-03-02  12:57:24 Tue root INFO 成功添加数据
2021-03-02  12:58:45 Tue root INFO PLC1连接失败
2021-03-02  12:58:45 Tue root INFO plc连接状态:[0, 1, 1, 1, 1, 1]
2021-03-02  12:58:45 Tue root INFO mes_plc_r2
2021-03-02  12:58:45 Tue root INFO 读取插入数据库数据：{'product_type': '\n\x07250 TJ2\x00', 'r1_equipment_status': '0', 'fail_code': '0', 'recerve': '0', 'prod_num': 460, 'r1_rob_no': '104', 'r1_weld_line_no': '0', 'r1_electric': '0.0', 'r1_voltage': '0.0', 'r1_speed': '0.0', 'r1_job': '0', 'r2_rob_no': '0', 'r2_weld_line_no': '0', 'r2_electric': '0.0', 'r2_voltage': '0.0', 'r2_speed': '0.0', 'r2_job': '0', 'replace_status': '0', 'part_status': '0', 'r1_protective_gas': '0', 'r1_welding_wire': '0', 'r2_protective_gas': '0', 'r2_welding_wire': '0', 'login_id': '\n\x00\x00\x00\x00\x00\x00\x00\x00\x00', 'login_password': '\n\x00\x00\x00\x00\x00\x00\x00\x00\x00'}
2021-03-02  12:58:45 Tue root INFO ('\n\x07250 TJ2\x00', '0', '0', 460, '104', '0', '0.0', '0.0', '0.0', '0', '0', '0', '0.0', '0.0', '0.0', '0', '0', '0', '0', '0', '0', '\n\x00\x00\x00\x00\x00\x00\x00\x00\x00', '\n\x00\x00\x00\x00\x00\x00\x00\x00\x00', '0', '0', '2021-03-02 12:58:45')
2021-03-02  12:58:45 Tue root INFO 成功添加数据
2021-03-02  12:58:45 Tue root INFO mes_plc_r3
2021-03-02  12:58:46 Tue root INFO 读取插入数据库数据：{'product_type': '\n\x07250 TJ4\x00', 'r1_equipment_status': '0', 'fail_code': '0', 'recerve': '0', 'prod_num': 457, 'r1_rob_no': '104', 'r1_weld_line_no': '0', 'r1_electric': '183.31886291503906', 'r1_voltage': '14.178239822387695', 'r1_speed': '0.0', 'r1_job': '0', 'r2_rob_no': '0', 'r2_weld_line_no': '0', 'r2_electric': '0.0', 'r2_voltage': '0.0', 'r2_speed': '0.0', 'r2_job': '0', 'replace_status': '0', 'part_status': '0', 'r1_protective_gas': '0', 'r1_welding_wire': '0', 'r2_protective_gas': '0', 'r2_welding_wire': '0', 'login_id': '\n\x00\x00\x00\x00\x00\x00\x00\x00\x00', 'login_password': '\n\x00\x00\x00\x00\x00\x00\x00\x00\x00'}
2021-03-02  12:58:46 Tue root INFO ('\n\x07250 TJ4\x00', '0', '0', 457, '104', '0', '183.31886291503906', '14.178239822387695', '0.0', '0', '0', '0', '0.0', '0.0', '0.0', '0', '0', '0', '0', '0', '0', '\n\x00\x00\x00\x00\x00\x00\x00\x00\x00', '\n\x00\x00\x00\x00\x00\x00\x00\x00\x00', '0', '0', '2021-03-02 12:58:46')
2021-03-02  12:58:46 Tue root INFO 成功添加数据
2021-03-02  12:58:46 Tue root INFO mes_plc_r4
2021-03-02  12:58:46 Tue root INFO 读取插入数据库数据：{'product_type': '\n\x07250 PCB\x00', 'r1_equipment_status': '2560', 'fail_code': '0', 'recerve': '0', 'prod_num': 0, 'r1_rob_no': '0', 'r1_weld_line_no': '0', 'r1_electric': '6.385858562716382e-22', 'r1_voltage': '2.802596928649634e-45', 'r1_speed': '3.6734198463196485e-40', 'r1_job': '17207', 'r2_rob_no': '-16194', 'r2_weld_line_no': '-15988', 'r2_electric': '2.4375050858650954e-34', 'r2_voltage': '0.0', 'r2_speed': '0.0', 'r2_job': '0', 'replace_status': '0', 'part_status': '0', 'r1_protective_gas': '0', 'r1_welding_wire': '0', 'r2_protective_gas': '0', 'r2_welding_wire': '0', 'login_id': '\x00\x00\x00\x00\x00"\x00\x00\x00\x00', 'login_password': '\n\x00\x00\x00\x00\x00\x00\x00\x00\x00'}
2021-03-02  12:58:46 Tue root INFO ('\n\x07250 PCB\x00', '2560', '0', 0, '0', '0', '6.385858562716382e-22', '2.802596928649634e-45', '3.6734198463196485e-40', '17207', '-16194', '-15988', '2.4375050858650954e-34', '0.0', '0.0', '0', '0', '0', '0', '0', '0', '\x00\x00\x00\x00\x00"\x00\x00\x00\x00', '\n\x00\x00\x00\x00\x00\x00\x00\x00\x00', '0', '0', '2021-03-02 12:58:46')
2021-03-02  12:58:46 Tue root INFO 成功添加数据
2021-03-02  12:58:46 Tue root INFO mes_plc_r5
2021-03-02  12:58:46 Tue root INFO 读取插入数据库数据：{'product_type': '\n\x00\x00\x00\x00\x00\x00\x00\x00\x00', 'r1_equipment_status': '2560', 'fail_code': '0', 'recerve': '0', 'prod_num': 0, 'r1_rob_no': '0', 'r1_weld_line_no': '0', 'r1_electric': '1.8870057723865944e-24', 'r1_voltage': '0.0', 'r1_speed': '0.0', 'r1_job': '17204', 'r2_rob_no': '-3527', 'r2_weld_line_no': '16726', 'r2_electric': '-2.87545844912529e-08', 'r2_voltage': '0.0', 'r2_speed': '0.0', 'r2_job': '17204', 'replace_status': '-17750', 'part_status': '16725', 'r1_protective_gas': '-7282', 'r1_welding_wire': '0', 'r2_protective_gas': '0', 'r2_welding_wire': '0', 'login_id': '\x00\x00\x00\x00\x00\x00\x00\x00\x00\x00', 'login_password': '\n\x00\x00\x00\x00\x00\x00\x00\x00\x00'}
2021-03-02  12:58:46 Tue root INFO ('\n\x00\x00\x00\x00\x00\x00\x00\x00\x00', '2560', '0', 0, '0', '0', '1.8870057723865944e-24', '0.0', '0.0', '17204', '-3527', '16726', '-2.87545844912529e-08', '0.0', '0.0', '17204', '-17750', '-7282', '0', '0', '0', '\x00\x00\x00\x00\x00\x00\x00\x00\x00\x00', '\n\x00\x00\x00\x00\x00\x00\x00\x00\x00', '16725', '0', '2021-03-02 12:58:46')
2021-03-02  12:58:46 Tue root INFO 成功添加数据
2021-03-02  12:58:46 Tue root INFO mes_plc_r6
2021-03-02  12:58:47 Tue root INFO 读取插入数据库数据：{'product_type': '\n\x00\x00\x00\x00\x00\x00\x00\x00\x00', 'r1_equipment_status': '2560', 'fail_code': '0', 'recerve': '0', 'prod_num': 0, 'r1_rob_no': '0', 'r1_weld_line_no': '0', 'r1_electric': '0.0', 'r1_voltage': '9.183815862507343e-40', 'r1_speed': '0.0', 'r1_job': '0', 'r2_rob_no': '0', 'r2_weld_line_no': '0', 'r2_electric': '0.0', 'r2_voltage': '0.0', 'r2_speed': '0.0', 'r2_job': '0', 'replace_status': '0', 'part_status': '0', 'r1_protective_gas': '0', 'r1_welding_wire': '0', 'r2_protective_gas': '0', 'r2_welding_wire': '0', 'login_id': '\x00\x00\x00\x00\x00\x00\x00\x00\x00\x00', 'login_password': '\n\x00\x00\x00\x00\x00\x00\x00\x00\x00'}
2021-03-02  12:58:47 Tue root INFO ('\n\x00\x00\x00\x00\x00\x00\x00\x00\x00', '2560', '0', 0, '0', '0', '0.0', '9.183815862507343e-40', '0.0', '0', '0', '0', '0.0', '0.0', '0.0', '0', '0', '0', '0', '0', '0', '\x00\x00\x00\x00\x00\x00\x00\x00\x00\x00', '\n\x00\x00\x00\x00\x00\x00\x00\x00\x00', '0', '0', '2021-03-02 12:58:47')
2021-03-02  12:58:47 Tue root INFO 成功添加数据
2021-03-02  13:00:08 Tue root INFO PLC1连接失败
2021-03-02  13:00:08 Tue root INFO plc连接状态:[0, 1, 1, 1, 1, 1]
2021-03-02  13:00:08 Tue root INFO mes_plc_r2
2021-03-02  13:00:08 Tue root INFO 读取插入数据库数据：{'product_type': '\n\x07250 TJ2\x00', 'r1_equipment_status': '0', 'fail_code': '0', 'recerve': '0', 'prod_num': 460, 'r1_rob_no': '104', 'r1_weld_line_no': '0', 'r1_electric': '0.0', 'r1_voltage': '0.0', 'r1_speed': '0.0', 'r1_job': '0', 'r2_rob_no': '0', 'r2_weld_line_no': '0', 'r2_electric': '0.0', 'r2_voltage': '0.0', 'r2_speed': '0.0', 'r2_job': '0', 'replace_status': '0', 'part_status': '0', 'r1_protective_gas': '0', 'r1_welding_wire': '0', 'r2_protective_gas': '0', 'r2_welding_wire': '0', 'login_id': '\n\x00\x00\x00\x00\x00\x00\x00\x00\x00', 'login_password': '\n\x00\x00\x00\x00\x00\x00\x00\x00\x00'}
2021-03-02  13:00:08 Tue root INFO ('\n\x07250 TJ2\x00', '0', '0', 460, '104', '0', '0.0', '0.0', '0.0', '0', '0', '0', '0.0', '0.0', '0.0', '0', '0', '0', '0', '0', '0', '\n\x00\x00\x00\x00\x00\x00\x00\x00\x00', '\n\x00\x00\x00\x00\x00\x00\x00\x00\x00', '0', '0', '2021-03-02 13:00:08')
2021-03-02  13:00:08 Tue root INFO 成功添加数据
2021-03-02  13:00:08 Tue root INFO mes_plc_r3
2021-03-02  13:00:08 Tue root INFO 读取插入数据库数据：{'product_type': '\n\x07250 TJ4\x00', 'r1_equipment_status': '0', 'fail_code': '0', 'recerve': '0', 'prod_num': 457, 'r1_rob_no': '104', 'r1_weld_line_no': '0', 'r1_electric': '183.40567016601562', 'r1_voltage': '13.874422073364258', 'r1_speed': '0.0', 'r1_job': '0', 'r2_rob_no': '0', 'r2_weld_line_no': '0', 'r2_electric': '0.0', 'r2_voltage': '0.0', 'r2_speed': '0.0', 'r2_job': '0', 'replace_status': '0', 'part_status': '0', 'r1_protective_gas': '0', 'r1_welding_wire': '0', 'r2_protective_gas': '0', 'r2_welding_wire': '0', 'login_id': '\n\x00\x00\x00\x00\x00\x00\x00\x00\x00', 'login_password': '\n\x00\x00\x00\x00\x00\x00\x00\x00\x00'}
2021-03-02  13:00:08 Tue root INFO ('\n\x07250 TJ4\x00', '0', '0', 457, '104', '0', '183.40567016601562', '13.874422073364258', '0.0', '0', '0', '0', '0.0', '0.0', '0.0', '0', '0', '0', '0', '0', '0', '\n\x00\x00\x00\x00\x00\x00\x00\x00\x00', '\n\x00\x00\x00\x00\x00\x00\x00\x00\x00', '0', '0', '2021-03-02 13:00:08')
2021-03-02  13:00:08 Tue root INFO 成功添加数据
2021-03-02  13:00:08 Tue root INFO mes_plc_r4
2021-03-02  13:00:08 Tue root INFO 读取插入数据库数据：{'product_type': '\n\x07250 PCB\x00', 'r1_equipment_status': '2560', 'fail_code': '0', 'recerve': '0', 'prod_num': 0, 'r1_rob_no': '0', 'r1_weld_line_no': '0', 'r1_electric': '9.727692471237622e-22', 'r1_voltage': '2.802596928649634e-45', 'r1_speed': '3.6734198463196485e-40', 'r1_job': '17207', 'r2_rob_no': '-19039', 'r2_weld_line_no': '16722', 'r2_electric': '-3.5390257835388184e-07', 'r2_voltage': '0.0', 'r2_speed': '0.0', 'r2_job': '0', 'replace_status': '0', 'part_status': '0', 'r1_protective_gas': '0', 'r1_welding_wire': '0', 'r2_protective_gas': '0', 'r2_welding_wire': '0', 'login_id': '\x00\x00\x00\x00\x006\x00\x00\x00\x00', 'login_password': '\n\x00\x00\x00\x00\x00\x00\x00\x00\x00'}
2021-03-02  13:00:08 Tue root INFO ('\n\x07250 PCB\x00', '2560', '0', 0, '0', '0', '9.727692471237622e-22', '2.802596928649634e-45', '3.6734198463196485e-40', '17207', '-19039', '16722', '-3.5390257835388184e-07', '0.0', '0.0', '0', '0', '0', '0', '0', '0', '\x00\x00\x00\x00\x006\x00\x00\x00\x00', '\n\x00\x00\x00\x00\x00\x00\x00\x00\x00', '0', '0', '2021-03-02 13:00:08')
2021-03-02  13:00:09 Tue root INFO 成功添加数据
2021-03-02  13:00:09 Tue root INFO mes_plc_r5
2021-03-02  13:00:09 Tue root INFO 读取插入数据库数据：{'product_type': '\n\x00\x00\x00\x00\x00\x00\x00\x00\x00', 'r1_equipment_status': '2560', 'fail_code': '0', 'recerve': '0', 'prod_num': 0, 'r1_rob_no': '0', 'r1_weld_line_no': '0', 'r1_electric': '1.8870057723865944e-24', 'r1_voltage': '0.0', 'r1_speed': '0.0', 'r1_job': '17204', 'r2_rob_no': '-8268', 'r2_weld_line_no': '16726', 'r2_electric': '8.613596464754233e+24', 'r2_voltage': '0.0', 'r2_speed': '0.0', 'r2_job': '17204', 'replace_status': '-24386', 'part_status': '16726', 'r1_protective_gas': '304', 'r1_welding_wire': '0', 'r2_protective_gas': '0', 'r2_welding_wire': '0', 'login_id': '\x00\x00\x00\x00\x00\x00\x00\x00\x00\x00', 'login_password': '\n\x00\x00\x00\x00\x00\x00\x00\x00\x00'}
2021-03-02  13:00:09 Tue root INFO ('\n\x00\x00\x00\x00\x00\x00\x00\x00\x00', '2560', '0', 0, '0', '0', '1.8870057723865944e-24', '0.0', '0.0', '17204', '-8268', '16726', '8.613596464754233e+24', '0.0', '0.0', '17204', '-24386', '304', '0', '0', '0', '\x00\x00\x00\x00\x00\x00\x00\x00\x00\x00', '\n\x00\x00\x00\x00\x00\x00\x00\x00\x00', '16726', '0', '2021-03-02 13:00:09')
2021-03-02  13:00:09 Tue root INFO 成功添加数据
2021-03-02  13:00:09 Tue root INFO mes_plc_r6
2021-03-02  13:00:09 Tue root INFO 读取插入数据库数据：{'product_type': '\n\x00\x00\x00\x00\x00\x00\x00\x00\x00', 'r1_equipment_status': '2560', 'fail_code': '0', 'recerve': '0', 'prod_num': 0, 'r1_rob_no': '0', 'r1_weld_line_no': '0', 'r1_electric': '0.0', 'r1_voltage': '9.183815862507343e-40', 'r1_speed': '0.0', 'r1_job': '0', 'r2_rob_no': '0', 'r2_weld_line_no': '0', 'r2_electric': '0.0', 'r2_voltage': '0.0', 'r2_speed': '0.0', 'r2_job': '0', 'replace_status': '0', 'part_status': '0', 'r1_protective_gas': '0', 'r1_welding_wire': '0', 'r2_protective_gas': '0', 'r2_welding_wire': '0', 'login_id': '\x00\x00\x00\x00\x00\x00\x00\x00\x00\x00', 'login_password': '\n\x00\x00\x00\x00\x00\x00\x00\x00\x00'}
2021-03-02  13:00:09 Tue root INFO ('\n\x00\x00\x00\x00\x00\x00\x00\x00\x00', '2560', '0', 0, '0', '0', '0.0', '9.183815862507343e-40', '0.0', '0', '0', '0', '0.0', '0.0', '0.0', '0', '0', '0', '0', '0', '0', '\x00\x00\x00\x00\x00\x00\x00\x00\x00\x00', '\n\x00\x00\x00\x00\x00\x00\x00\x00\x00', '0', '0', '2021-03-02 13:00:09')
2021-03-02  13:00:09 Tue root INFO 成功添加数据
2021-03-02  13:01:30 Tue root INFO PLC1连接失败
2021-03-02  13:01:30 Tue root INFO plc连接状态:[0, 1, 1, 1, 1, 1]
2021-03-02  13:01:30 Tue root INFO mes_plc_r2
2021-03-02  13:01:31 Tue root INFO 读取插入数据库数据：{'product_type': '\n\x07250 TJ1\x00', 'r1_equipment_status': '0', 'fail_code': '0', 'recerve': '0', 'prod_num': 461, 'r1_rob_no': '4', 'r1_weld_line_no': '0', 'r1_electric': '0.0', 'r1_voltage': '0.0', 'r1_speed': '0.0', 'r1_job': '0', 'r2_rob_no': '0', 'r2_weld_line_no': '0', 'r2_electric': '0.0', 'r2_voltage': '0.0', 'r2_speed': '0.0', 'r2_job': '0', 'replace_status': '0', 'part_status': '0', 'r1_protective_gas': '0', 'r1_welding_wire': '0', 'r2_protective_gas': '0', 'r2_welding_wire': '0', 'login_id': '\n\x00\x00\x00\x00\x00\x00\x00\x00\x00', 'login_password': '\n\x00\x00\x00\x00\x00\x00\x00\x00\x00'}
2021-03-02  13:01:31 Tue root INFO ('\n\x07250 TJ1\x00', '0', '0', 461, '4', '0', '0.0', '0.0', '0.0', '0', '0', '0', '0.0', '0.0', '0.0', '0', '0', '0', '0', '0', '0', '\n\x00\x00\x00\x00\x00\x00\x00\x00\x00', '\n\x00\x00\x00\x00\x00\x00\x00\x00\x00', '0', '0', '2021-03-02 13:01:31')
2021-03-02  13:01:31 Tue root INFO 成功添加数据
2021-03-02  13:01:31 Tue root INFO mes_plc_r3
2021-03-02  13:01:31 Tue root INFO 读取插入数据库数据：{'product_type': '\n\x07250 TJ4\x00', 'r1_equipment_status': '0', 'fail_code': '0', 'recerve': '0', 'prod_num': 457, 'r1_rob_no': '104', 'r1_weld_line_no': '0', 'r1_electric': '183.42013549804688', 'r1_voltage': '13.881654739379883', 'r1_speed': '0.0', 'r1_job': '0', 'r2_rob_no': '0', 'r2_weld_line_no': '0', 'r2_electric': '0.0', 'r2_voltage': '0.0', 'r2_speed': '0.0', 'r2_job': '0', 'replace_status': '0', 'part_status': '0', 'r1_protective_gas': '0', 'r1_welding_wire': '0', 'r2_protective_gas': '0', 'r2_welding_wire': '0', 'login_id': '\n\x00\x00\x00\x00\x00\x00\x00\x00\x00', 'login_password': '\n\x00\x00\x00\x00\x00\x00\x00\x00\x00'}
2021-03-02  13:01:31 Tue root INFO ('\n\x07250 TJ4\x00', '0', '0', 457, '104', '0', '183.42013549804688', '13.881654739379883', '0.0', '0', '0', '0', '0.0', '0.0', '0.0', '0', '0', '0', '0', '0', '0', '\n\x00\x00\x00\x00\x00\x00\x00\x00\x00', '\n\x00\x00\x00\x00\x00\x00\x00\x00\x00', '0', '0', '2021-03-02 13:01:31')
2021-03-02  13:01:31 Tue root INFO 成功添加数据
2021-03-02  13:01:31 Tue root INFO mes_plc_r4
2021-03-02  13:01:31 Tue root INFO 读取插入数据库数据：{'product_type': '\n\x07250 PCB\x00', 'r1_equipment_status': '2560', 'fail_code': '0', 'recerve': '0', 'prod_num': 0, 'r1_rob_no': '0', 'r1_weld_line_no': '0', 'r1_electric': '9.727692471237622e-22', 'r1_voltage': '2.802596928649634e-45', 'r1_speed': '3.6734198463196485e-40', 'r1_job': '17207', 'r2_rob_no': '-20935', 'r2_weld_line_no': '16722', 'r2_electric': '3.139666402779627e-28', 'r2_voltage': '0.0', 'r2_speed': '0.0', 'r2_job': '0', 'replace_status': '0', 'part_status': '0', 'r1_protective_gas': '0', 'r1_welding_wire': '0', 'r2_protective_gas': '0', 'r2_welding_wire': '0', 'login_id': '\x00\x00\x00\x00\x006\x00\x00\x00\x00', 'login_password': '\n\x00\x00\x00\x00\x00\x00\x00\x00\x00'}
2021-03-02  13:01:31 Tue root INFO ('\n\x07250 PCB\x00', '2560', '0', 0, '0', '0', '9.727692471237622e-22', '2.802596928649634e-45', '3.6734198463196485e-40', '17207', '-20935', '16722', '3.139666402779627e-28', '0.0', '0.0', '0', '0', '0', '0', '0', '0', '\x00\x00\x00\x00\x006\x00\x00\x00\x00', '\n\x00\x00\x00\x00\x00\x00\x00\x00\x00', '0', '0', '2021-03-02 13:01:31')
2021-03-02  13:01:31 Tue root INFO 成功添加数据
2021-03-02  13:01:31 Tue root INFO mes_plc_r5
2021-03-02  13:01:32 Tue root INFO 读取插入数据库数据：{'product_type': '\n\x00\x00\x00\x00\x00\x00\x00\x00\x00', 'r1_equipment_status': '2560', 'fail_code': '0', 'recerve': '0', 'prod_num': 0, 'r1_rob_no': '0', 'r1_weld_line_no': '0', 'r1_electric': '1.8870057723865944e-24', 'r1_voltage': '0.0', 'r1_speed': '0.0', 'r1_job': '17204', 'r2_rob_no': '-9216', 'r2_weld_line_no': '16726', 'r2_electric': '-2.87545844912529e-08', 'r2_voltage': '0.0', 'r2_speed': '0.0', 'r2_job': '17204', 'replace_status': '-31971', 'part_status': '16726', 'r1_protective_gas': '7888', 'r1_welding_wire': '0', 'r2_protective_gas': '0', 'r2_welding_wire': '0', 'login_id': '\x00\x00\x00\x00\x00\x00\x00\x00\x00\x00', 'login_password': '\n\x00\x00\x00\x00\x00\x00\x00\x00\x00'}
2021-03-02  13:01:32 Tue root INFO ('\n\x00\x00\x00\x00\x00\x00\x00\x00\x00', '2560', '0', 0, '0', '0', '1.8870057723865944e-24', '0.0', '0.0', '17204', '-9216', '16726', '-2.87545844912529e-08', '0.0', '0.0', '17204', '-31971', '7888', '0', '0', '0', '\x00\x00\x00\x00\x00\x00\x00\x00\x00\x00', '\n\x00\x00\x00\x00\x00\x00\x00\x00\x00', '16726', '0', '2021-03-02 13:01:32')
2021-03-02  13:01:32 Tue root INFO 成功添加数据
2021-03-02  13:01:32 Tue root INFO mes_plc_r6
2021-03-02  13:01:32 Tue root INFO 读取插入数据库数据：{'product_type': '\n\x00\x00\x00\x00\x00\x00\x00\x00\x00', 'r1_equipment_status': '2560', 'fail_code': '0', 'recerve': '0', 'prod_num': 0, 'r1_rob_no': '0', 'r1_weld_line_no': '0', 'r1_electric': '0.0', 'r1_voltage': '9.183815862507343e-40', 'r1_speed': '0.0', 'r1_job': '0', 'r2_rob_no': '0', 'r2_weld_line_no': '0', 'r2_electric': '0.0', 'r2_voltage': '0.0', 'r2_speed': '0.0', 'r2_job': '0', 'replace_status': '0', 'part_status': '0', 'r1_protective_gas': '0', 'r1_welding_wire': '0', 'r2_protective_gas': '0', 'r2_welding_wire': '0', 'login_id': '\x00\x00\x00\x00\x00\x00\x00\x00\x00\x00', 'login_password': '\n\x00\x00\x00\x00\x00\x00\x00\x00\x00'}
2021-03-02  13:01:32 Tue root INFO ('\n\x00\x00\x00\x00\x00\x00\x00\x00\x00', '2560', '0', 0, '0', '0', '0.0', '9.183815862507343e-40', '0.0', '0', '0', '0', '0.0', '0.0', '0.0', '0', '0', '0', '0', '0', '0', '\x00\x00\x00\x00\x00\x00\x00\x00\x00\x00', '\n\x00\x00\x00\x00\x00\x00\x00\x00\x00', '0', '0', '2021-03-02 13:01:32')
2021-03-02  13:01:32 Tue root INFO 成功添加数据
2021-03-02  13:02:53 Tue root INFO PLC1连接失败
2021-03-02  13:02:53 Tue root INFO plc连接状态:[0, 1, 1, 1, 1, 1]
2021-03-02  13:02:53 Tue root INFO mes_plc_r2
2021-03-02  13:02:53 Tue root INFO 读取插入数据库数据：{'product_type': '\n\x07250 TJ1\x00', 'r1_equipment_status': '0', 'fail_code': '0', 'recerve': '0', 'prod_num': 461, 'r1_rob_no': '4', 'r1_weld_line_no': '0', 'r1_electric': '0.0', 'r1_voltage': '0.0', 'r1_speed': '0.0', 'r1_job': '0', 'r2_rob_no': '0', 'r2_weld_line_no': '0', 'r2_electric': '0.0', 'r2_voltage': '0.0', 'r2_speed': '0.0', 'r2_job': '0', 'replace_status': '0', 'part_status': '0', 'r1_protective_gas': '0', 'r1_welding_wire': '0', 'r2_protective_gas': '0', 'r2_welding_wire': '0', 'login_id': '\n\x00\x00\x00\x00\x00\x00\x00\x00\x00', 'login_password': '\n\x00\x00\x00\x00\x00\x00\x00\x00\x00'}
2021-03-02  13:02:53 Tue root INFO ('\n\x07250 TJ1\x00', '0', '0', 461, '4', '0', '0.0', '0.0', '0.0', '0', '0', '0', '0.0', '0.0', '0.0', '0', '0', '0', '0', '0', '0', '\n\x00\x00\x00\x00\x00\x00\x00\x00\x00', '\n\x00\x00\x00\x00\x00\x00\x00\x00\x00', '0', '0', '2021-03-02 13:02:53')
2021-03-02  13:02:53 Tue root INFO 成功添加数据
2021-03-02  13:02:53 Tue root INFO mes_plc_r3
2021-03-02  13:02:53 Tue root INFO 读取插入数据库数据：{'product_type': '\n\x07250 TJ3\x00', 'r1_equipment_status': '0', 'fail_code': '0', 'recerve': '0', 'prod_num': 458, 'r1_rob_no': '4', 'r1_weld_line_no': '0', 'r1_electric': '183.40567016601562', 'r1_voltage': '-3.8049769401550293', 'r1_speed': '0.0', 'r1_job': '0', 'r2_rob_no': '0', 'r2_weld_line_no': '0', 'r2_electric': '0.0', 'r2_voltage': '0.0', 'r2_speed': '0.0', 'r2_job': '0', 'replace_status': '0', 'part_status': '0', 'r1_protective_gas': '0', 'r1_welding_wire': '0', 'r2_protective_gas': '0', 'r2_welding_wire': '0', 'login_id': '\n\x00\x00\x00\x00\x00\x00\x00\x00\x00', 'login_password': '\n\x00\x00\x00\x00\x00\x00\x00\x00\x00'}
2021-03-02  13:02:53 Tue root INFO ('\n\x07250 TJ3\x00', '0', '0', 458, '4', '0', '183.40567016601562', '-3.8049769401550293', '0.0', '0', '0', '0', '0.0', '0.0', '0.0', '0', '0', '0', '0', '0', '0', '\n\x00\x00\x00\x00\x00\x00\x00\x00\x00', '\n\x00\x00\x00\x00\x00\x00\x00\x00\x00', '0', '0', '2021-03-02 13:02:53')
2021-03-02  13:02:54 Tue root INFO 成功添加数据
2021-03-02  13:02:54 Tue root INFO mes_plc_r4
2021-03-02  13:02:54 Tue root INFO 读取插入数据库数据：{'product_type': '\n\x07250 PCB\x00', 'r1_equipment_status': '2560', 'fail_code': '0', 'recerve': '0', 'prod_num': 0, 'r1_rob_no': '0', 'r1_weld_line_no': '0', 'r1_electric': '9.727692471237622e-22', 'r1_voltage': '2.802596928649634e-45', 'r1_speed': '3.6734198463196485e-40', 'r1_job': '17207', 'r2_rob_no': '-23779', 'r2_weld_line_no': '16721', 'r2_electric': '-5.292441255952858e+31', 'r2_voltage': '0.0', 'r2_speed': '0.0', 'r2_job': '0', 'replace_status': '0', 'part_status': '0', 'r1_protective_gas': '0', 'r1_welding_wire': '0', 'r2_protective_gas': '0', 'r2_welding_wire': '0', 'login_id': '\x00\x00\x00\x00\x006\x00\x00\x00\x00', 'login_password': '\n\x00\x00\x00\x00\x00\x00\x00\x00\x00'}
2021-03-02  13:02:54 Tue root INFO ('\n\x07250 PCB\x00', '2560', '0', 0, '0', '0', '9.727692471237622e-22', '2.802596928649634e-45', '3.6734198463196485e-40', '17207', '-23779', '16721', '-5.292441255952858e+31', '0.0', '0.0', '0', '0', '0', '0', '0', '0', '\x00\x00\x00\x00\x006\x00\x00\x00\x00', '\n\x00\x00\x00\x00\x00\x00\x00\x00\x00', '0', '0', '2021-03-02 13:02:54')
2021-03-02  13:02:54 Tue root INFO 成功添加数据
2021-03-02  13:02:54 Tue root INFO mes_plc_r5
2021-03-02  13:02:54 Tue root INFO 读取插入数据库数据：{'product_type': '\n\x00\x00\x00\x00\x00\x00\x00\x00\x00', 'r1_equipment_status': '2560', 'fail_code': '0', 'recerve': '0', 'prod_num': 0, 'r1_rob_no': '0', 'r1_weld_line_no': '0', 'r1_electric': '1.8870057723865944e-24', 'r1_voltage': '0.0', 'r1_speed': '0.0', 'r1_job': '17204', 'r2_rob_no': '-13009', 'r2_weld_line_no': '16726', 'r2_electric': '8.613596464754233e+24', 'r2_voltage': '0.0', 'r2_speed': '0.0', 'r2_job': '17204', 'replace_status': '29772', 'part_status': '16726', 'r1_protective_gas': '7888', 'r1_welding_wire': '0', 'r2_protective_gas': '0', 'r2_welding_wire': '0', 'login_id': '\x00\x00\x00\x00\x00\x00\x00\x00\x00\x00', 'login_password': '\n\x00\x00\x00\x00\x00\x00\x00\x00\x00'}
2021-03-02  13:02:54 Tue root INFO ('\n\x00\x00\x00\x00\x00\x00\x00\x00\x00', '2560', '0', 0, '0', '0', '1.8870057723865944e-24', '0.0', '0.0', '17204', '-13009', '16726', '8.613596464754233e+24', '0.0', '0.0', '17204', '29772', '7888', '0', '0', '0', '\x00\x00\x00\x00\x00\x00\x00\x00\x00\x00', '\n\x00\x00\x00\x00\x00\x00\x00\x00\x00', '16726', '0', '2021-03-02 13:02:54')
2021-03-02  13:02:54 Tue root INFO 成功添加数据
2021-03-02  13:02:54 Tue root INFO mes_plc_r6
2021-03-02  13:02:54 Tue root INFO 读取插入数据库数据：{'product_type': '\n\x00\x00\x00\x00\x00\x00\x00\x00\x00', 'r1_equipment_status': '2560', 'fail_code': '0', 'recerve': '0', 'prod_num': 0, 'r1_rob_no': '0', 'r1_weld_line_no': '0', 'r1_electric': '0.0', 'r1_voltage': '9.183815862507343e-40', 'r1_speed': '0.0', 'r1_job': '0', 'r2_rob_no': '0', 'r2_weld_line_no': '0', 'r2_electric': '0.0', 'r2_voltage': '0.0', 'r2_speed': '0.0', 'r2_job': '0', 'replace_status': '0', 'part_status': '0', 'r1_protective_gas': '0', 'r1_welding_wire': '0', 'r2_protective_gas': '0', 'r2_welding_wire': '0', 'login_id': '\x00\x00\x00\x00\x00\x00\x00\x00\x00\x00', 'login_password': '\n\x00\x00\x00\x00\x00\x00\x00\x00\x00'}
2021-03-02  13:02:54 Tue root INFO ('\n\x00\x00\x00\x00\x00\x00\x00\x00\x00', '2560', '0', 0, '0', '0', '0.0', '9.183815862507343e-40', '0.0', '0', '0', '0', '0.0', '0.0', '0.0', '0', '0', '0', '0', '0', '0', '\x00\x00\x00\x00\x00\x00\x00\x00\x00\x00', '\n\x00\x00\x00\x00\x00\x00\x00\x00\x00', '0', '0', '2021-03-02 13:02:54')
2021-03-02  13:02:54 Tue root INFO 成功添加数据
2021-03-02  13:04:16 Tue root INFO PLC1连接失败
2021-03-02  13:04:16 Tue root INFO plc连接状态:[0, 1, 1, 1, 1, 1]
2021-03-02  13:04:16 Tue root INFO mes_plc_r2
2021-03-02  13:04:16 Tue root INFO 读取插入数据库数据：{'product_type': '\n\x07250 TJ1\x00', 'r1_equipment_status': '0', 'fail_code': '0', 'recerve': '0', 'prod_num': 461, 'r1_rob_no': '4', 'r1_weld_line_no': '0', 'r1_electric': '0.0', 'r1_voltage': '0.0', 'r1_speed': '0.0', 'r1_job': '0', 'r2_rob_no': '0', 'r2_weld_line_no': '0', 'r2_electric': '0.0', 'r2_voltage': '0.0', 'r2_speed': '0.0', 'r2_job': '0', 'replace_status': '0', 'part_status': '0', 'r1_protective_gas': '0', 'r1_welding_wire': '0', 'r2_protective_gas': '0', 'r2_welding_wire': '0', 'login_id': '\n\x00\x00\x00\x00\x00\x00\x00\x00\x00', 'login_password': '\n\x00\x00\x00\x00\x00\x00\x00\x00\x00'}
2021-03-02  13:04:16 Tue root INFO ('\n\x07250 TJ1\x00', '0', '0', 461, '4', '0', '0.0', '0.0', '0.0', '0', '0', '0', '0.0', '0.0', '0.0', '0', '0', '0', '0', '0', '0', '\n\x00\x00\x00\x00\x00\x00\x00\x00\x00', '\n\x00\x00\x00\x00\x00\x00\x00\x00\x00', '0', '0', '2021-03-02 13:04:16')
2021-03-02  13:04:16 Tue root INFO 成功添加数据
2021-03-02  13:04:16 Tue root INFO mes_plc_r3
2021-03-02  13:04:16 Tue root INFO 读取插入数据库数据：{'product_type': '\n\x07250 TJ4\x00', 'r1_equipment_status': '0', 'fail_code': '0', 'recerve': '0', 'prod_num': 459, 'r1_rob_no': '104', 'r1_weld_line_no': '0', 'r1_electric': '183.31886291503906', 'r1_voltage': '13.899739265441895', 'r1_speed': '0.0', 'r1_job': '0', 'r2_rob_no': '0', 'r2_weld_line_no': '0', 'r2_electric': '0.0', 'r2_voltage': '0.0', 'r2_speed': '0.0', 'r2_job': '0', 'replace_status': '0', 'part_status': '0', 'r1_protective_gas': '0', 'r1_welding_wire': '0', 'r2_protective_gas': '0', 'r2_welding_wire': '0', 'login_id': '\n\x00\x00\x00\x00\x00\x00\x00\x00\x00', 'login_password': '\n\x00\x00\x00\x00\x00\x00\x00\x00\x00'}
2021-03-02  13:04:16 Tue root INFO ('\n\x07250 TJ4\x00', '0', '0', 459, '104', '0', '183.31886291503906', '13.899739265441895', '0.0', '0', '0', '0', '0.0', '0.0', '0.0', '0', '0', '0', '0', '0', '0', '\n\x00\x00\x00\x00\x00\x00\x00\x00\x00', '\n\x00\x00\x00\x00\x00\x00\x00\x00\x00', '0', '0', '2021-03-02 13:04:16')
2021-03-02  13:04:16 Tue root INFO 成功添加数据
2021-03-02  13:04:16 Tue root INFO mes_plc_r4
2021-03-02  13:04:16 Tue root INFO 读取插入数据库数据：{'product_type': '\n\x07250 PCB\x00', 'r1_equipment_status': '2560', 'fail_code': '0', 'recerve': '0', 'prod_num': 0, 'r1_rob_no': '0', 'r1_weld_line_no': '0', 'r1_electric': '9.727692471237622e-22', 'r1_voltage': '2.802596928649634e-45', 'r1_speed': '3.6734198463196485e-40', 'r1_job': '17207', 'r2_rob_no': '-23779', 'r2_weld_line_no': '16722', 'r2_electric': '-5.292441255952858e+31', 'r2_voltage': '0.0', 'r2_speed': '0.0', 'r2_job': '0', 'replace_status': '0', 'part_status': '0', 'r1_protective_gas': '0', 'r1_welding_wire': '0', 'r2_protective_gas': '0', 'r2_welding_wire': '0', 'login_id': '\x00\x00\x00\x00\x006\x00\x00\x00\x00', 'login_password': '\n\x00\x00\x00\x00\x00\x00\x00\x00\x00'}
2021-03-02  13:04:16 Tue root INFO ('\n\x07250 PCB\x00', '2560', '0', 0, '0', '0', '9.727692471237622e-22', '2.802596928649634e-45', '3.6734198463196485e-40', '17207', '-23779', '16722', '-5.292441255952858e+31', '0.0', '0.0', '0', '0', '0', '0', '0', '0', '\x00\x00\x00\x00\x006\x00\x00\x00\x00', '\n\x00\x00\x00\x00\x00\x00\x00\x00\x00', '0', '0', '2021-03-02 13:04:16')
2021-03-02  13:04:16 Tue root INFO 成功添加数据
2021-03-02  13:04:16 Tue root INFO mes_plc_r5
2021-03-02  13:04:17 Tue root INFO 读取插入数据库数据：{'product_type': '\n\x00\x00\x00\x00\x00\x00\x00\x00\x00', 'r1_equipment_status': '2560', 'fail_code': '0', 'recerve': '0', 'prod_num': 0, 'r1_rob_no': '0', 'r1_weld_line_no': '0', 'r1_electric': '1.8870057723865944e-24', 'r1_voltage': '0.0', 'r1_speed': '0.0', 'r1_job': '17204', 'r2_rob_no': '-14905', 'r2_weld_line_no': '16726', 'r2_electric': '7.301667457314601e+33', 'r2_voltage': '0.0', 'r2_speed': '0.0', 'r2_job': '17204', 'replace_status': '27875', 'part_status': '16726', 'r1_protective_gas': '7888', 'r1_welding_wire': '0', 'r2_protective_gas': '0', 'r2_welding_wire': '0', 'login_id': '\x00\x00\x00\x00\x00\x00\x00\x00\x00\x00', 'login_password': '\n\x00\x00\x00\x00\x00\x00\x00\x00\x00'}
2021-03-02  13:04:17 Tue root INFO ('\n\x00\x00\x00\x00\x00\x00\x00\x00\x00', '2560', '0', 0, '0', '0', '1.8870057723865944e-24', '0.0', '0.0', '17204', '-14905', '16726', '7.301667457314601e+33', '0.0', '0.0', '17204', '27875', '7888', '0', '0', '0', '\x00\x00\x00\x00\x00\x00\x00\x00\x00\x00', '\n\x00\x00\x00\x00\x00\x00\x00\x00\x00', '16726', '0', '2021-03-02 13:04:17')
2021-03-02  13:04:17 Tue root INFO 成功添加数据
2021-03-02  13:04:17 Tue root INFO mes_plc_r6
2021-03-02  13:04:17 Tue root INFO 读取插入数据库数据：{'product_type': '\n\x00\x00\x00\x00\x00\x00\x00\x00\x00', 'r1_equipment_status': '2560', 'fail_code': '0', 'recerve': '0', 'prod_num': 0, 'r1_rob_no': '0', 'r1_weld_line_no': '0', 'r1_electric': '0.0', 'r1_voltage': '9.183815862507343e-40', 'r1_speed': '0.0', 'r1_job': '0', 'r2_rob_no': '0', 'r2_weld_line_no': '0', 'r2_electric': '0.0', 'r2_voltage': '0.0', 'r2_speed': '0.0', 'r2_job': '0', 'replace_status': '0', 'part_status': '0', 'r1_protective_gas': '0', 'r1_welding_wire': '0', 'r2_protective_gas': '0', 'r2_welding_wire': '0', 'login_id': '\x00\x00\x00\x00\x00\x00\x00\x00\x00\x00', 'login_password': '\n\x00\x00\x00\x00\x00\x00\x00\x00\x00'}
2021-03-02  13:04:17 Tue root INFO ('\n\x00\x00\x00\x00\x00\x00\x00\x00\x00', '2560', '0', 0, '0', '0', '0.0', '9.183815862507343e-40', '0.0', '0', '0', '0', '0.0', '0.0', '0.0', '0', '0', '0', '0', '0', '0', '\x00\x00\x00\x00\x00\x00\x00\x00\x00\x00', '\n\x00\x00\x00\x00\x00\x00\x00\x00\x00', '0', '0', '2021-03-02 13:04:17')
2021-03-02  13:04:17 Tue root INFO 成功添加数据
2021-03-02  13:05:38 Tue root INFO PLC1连接失败
2021-03-02  13:05:38 Tue root INFO plc连接状态:[0, 1, 1, 1, 1, 1]
2021-03-02  13:05:38 Tue root INFO mes_plc_r2
2021-03-02  13:05:38 Tue root INFO 读取插入数据库数据：{'product_type': '\n\x07250 TJ1\x00', 'r1_equipment_status': '0', 'fail_code': '0', 'recerve': '0', 'prod_num': 461, 'r1_rob_no': '4', 'r1_weld_line_no': '0', 'r1_electric': '0.0', 'r1_voltage': '0.0', 'r1_speed': '0.0', 'r1_job': '0', 'r2_rob_no': '0', 'r2_weld_line_no': '0', 'r2_electric': '0.0', 'r2_voltage': '0.0', 'r2_speed': '0.0', 'r2_job': '0', 'replace_status': '0', 'part_status': '0', 'r1_protective_gas': '0', 'r1_welding_wire': '0', 'r2_protective_gas': '0', 'r2_welding_wire': '0', 'login_id': '\n\x00\x00\x00\x00\x00\x00\x00\x00\x00', 'login_password': '\n\x00\x00\x00\x00\x00\x00\x00\x00\x00'}
2021-03-02  13:05:38 Tue root INFO ('\n\x07250 TJ1\x00', '0', '0', 461, '4', '0', '0.0', '0.0', '0.0', '0', '0', '0', '0.0', '0.0', '0.0', '0', '0', '0', '0', '0', '0', '\n\x00\x00\x00\x00\x00\x00\x00\x00\x00', '\n\x00\x00\x00\x00\x00\x00\x00\x00\x00', '0', '0', '2021-03-02 13:05:38')
2021-03-02  13:05:38 Tue root INFO 成功添加数据
2021-03-02  13:05:38 Tue root INFO mes_plc_r3
2021-03-02  13:05:39 Tue root INFO 读取插入数据库数据：{'product_type': '\n\x07250 TJ3\x00', 'r1_equipment_status': '0', 'fail_code': '0', 'recerve': '0', 'prod_num': 460, 'r1_rob_no': '4', 'r1_weld_line_no': '0', 'r1_electric': '183.26100158691406', 'r1_voltage': '-4.810474395751953', 'r1_speed': '0.0', 'r1_job': '0', 'r2_rob_no': '0', 'r2_weld_line_no': '0', 'r2_electric': '0.0', 'r2_voltage': '0.0', 'r2_speed': '0.0', 'r2_job': '0', 'replace_status': '0', 'part_status': '0', 'r1_protective_gas': '0', 'r1_welding_wire': '0', 'r2_protective_gas': '0', 'r2_welding_wire': '0', 'login_id': '\n\x00\x00\x00\x00\x00\x00\x00\x00\x00', 'login_password': '\n\x00\x00\x00\x00\x00\x00\x00\x00\x00'}
2021-03-02  13:05:39 Tue root INFO ('\n\x07250 TJ3\x00', '0', '0', 460, '4', '0', '183.26100158691406', '-4.810474395751953', '0.0', '0', '0', '0', '0.0', '0.0', '0.0', '0', '0', '0', '0', '0', '0', '\n\x00\x00\x00\x00\x00\x00\x00\x00\x00', '\n\x00\x00\x00\x00\x00\x00\x00\x00\x00', '0', '0', '2021-03-02 13:05:39')
2021-03-02  13:05:39 Tue root INFO 成功添加数据
2021-03-02  13:05:39 Tue root INFO mes_plc_r4
2021-03-02  13:05:39 Tue root INFO 读取插入数据库数据：{'product_type': '\n\x07250 PCB\x00', 'r1_equipment_status': '2560', 'fail_code': '0', 'recerve': '0', 'prod_num': 0, 'r1_rob_no': '0', 'r1_weld_line_no': '0', 'r1_electric': '9.727692471237622e-22', 'r1_voltage': '2.802596928649634e-45', 'r1_speed': '3.6734198463196485e-40', 'r1_job': '17207', 'r2_rob_no': '-20935', 'r2_weld_line_no': '16722', 'r2_electric': '2.1191226551309228e-10', 'r2_voltage': '0.0', 'r2_speed': '0.0', 'r2_job': '0', 'replace_status': '0', 'part_status': '0', 'r1_protective_gas': '0', 'r1_welding_wire': '0', 'r2_protective_gas': '0', 'r2_welding_wire': '0', 'login_id': '\x00\x00\x00\x00\x006\x00\x00\x00\x00', 'login_password': '\n\x00\x00\x00\x00\x00\x00\x00\x00\x00'}
2021-03-02  13:05:39 Tue root INFO ('\n\x07250 PCB\x00', '2560', '0', 0, '0', '0', '9.727692471237622e-22', '2.802596928649634e-45', '3.6734198463196485e-40', '17207', '-20935', '16722', '2.1191226551309228e-10', '0.0', '0.0', '0', '0', '0', '0', '0', '0', '\x00\x00\x00\x00\x006\x00\x00\x00\x00', '\n\x00\x00\x00\x00\x00\x00\x00\x00\x00', '0', '0', '2021-03-02 13:05:39')
2021-03-02  13:05:39 Tue root INFO 成功添加数据
2021-03-02  13:05:39 Tue root INFO mes_plc_r5
2021-03-02  13:05:39 Tue root INFO 读取插入数据库数据：{'product_type': '\n\x00\x00\x00\x00\x00\x00\x00\x00\x00', 'r1_equipment_status': '2560', 'fail_code': '0', 'recerve': '0', 'prod_num': 0, 'r1_rob_no': '0', 'r1_weld_line_no': '0', 'r1_electric': '1.8870057723865944e-24', 'r1_voltage': '0.0', 'r1_speed': '0.0', 'r1_job': '17204', 'r2_rob_no': '-18697', 'r2_weld_line_no': '16726', 'r2_electric': '-4.301500743989133e-26', 'r2_voltage': '0.0', 'r2_speed': '0.0', 'r2_job': '17204', 'replace_status': '22186', 'part_status': '16726', 'r1_protective_gas': '15474', 'r1_welding_wire': '0', 'r2_protective_gas': '0', 'r2_welding_wire': '0', 'login_id': '\x00\x00\x00\x00\x00\x00\x00\x00\x00\x00', 'login_password': '\n\x00\x00\x00\x00\x00\x00\x00\x00\x00'}
2021-03-02  13:05:39 Tue root INFO ('\n\x00\x00\x00\x00\x00\x00\x00\x00\x00', '2560', '0', 0, '0', '0', '1.8870057723865944e-24', '0.0', '0.0', '17204', '-18697', '16726', '-4.301500743989133e-26', '0.0', '0.0', '17204', '22186', '15474', '0', '0', '0', '\x00\x00\x00\x00\x00\x00\x00\x00\x00\x00', '\n\x00\x00\x00\x00\x00\x00\x00\x00\x00', '16726', '0', '2021-03-02 13:05:39')
2021-03-02  13:05:39 Tue root INFO 成功添加数据
2021-03-02  13:05:39 Tue root INFO mes_plc_r6
2021-03-02  13:05:40 Tue root INFO 读取插入数据库数据：{'product_type': '\n\x00\x00\x00\x00\x00\x00\x00\x00\x00', 'r1_equipment_status': '2560', 'fail_code': '0', 'recerve': '0', 'prod_num': 0, 'r1_rob_no': '0', 'r1_weld_line_no': '0', 'r1_electric': '0.0', 'r1_voltage': '9.183815862507343e-40', 'r1_speed': '0.0', 'r1_job': '0', 'r2_rob_no': '0', 'r2_weld_line_no': '0', 'r2_electric': '0.0', 'r2_voltage': '0.0', 'r2_speed': '0.0', 'r2_job': '0', 'replace_status': '0', 'part_status': '0', 'r1_protective_gas': '0', 'r1_welding_wire': '0', 'r2_protective_gas': '0', 'r2_welding_wire': '0', 'login_id': '\x00\x00\x00\x00\x00\x00\x00\x00\x00\x00', 'login_password': '\n\x00\x00\x00\x00\x00\x00\x00\x00\x00'}
2021-03-02  13:05:40 Tue root INFO ('\n\x00\x00\x00\x00\x00\x00\x00\x00\x00', '2560', '0', 0, '0', '0', '0.0', '9.183815862507343e-40', '0.0', '0', '0', '0', '0.0', '0.0', '0.0', '0', '0', '0', '0', '0', '0', '\x00\x00\x00\x00\x00\x00\x00\x00\x00\x00', '\n\x00\x00\x00\x00\x00\x00\x00\x00\x00', '0', '0', '2021-03-02 13:05:40')
2021-03-02  13:05:40 Tue root INFO 成功添加数据
2021-03-02  13:07:01 Tue root INFO PLC1连接失败
2021-03-02  13:07:01 Tue root INFO plc连接状态:[0, 1, 1, 1, 1, 1]
2021-03-02  13:07:01 Tue root INFO mes_plc_r2
2021-03-02  13:07:01 Tue root INFO 读取插入数据库数据：{'product_type': '\n\x07250 TJ1\x00', 'r1_equipment_status': '0', 'fail_code': '0', 'recerve': '0', 'prod_num': 462, 'r1_rob_no': '4', 'r1_weld_line_no': '0', 'r1_electric': '0.0', 'r1_voltage': '0.0', 'r1_speed': '0.0', 'r1_job': '0', 'r2_rob_no': '0', 'r2_weld_line_no': '0', 'r2_electric': '0.0', 'r2_voltage': '0.0', 'r2_speed': '0.0', 'r2_job': '0', 'replace_status': '0', 'part_status': '0', 'r1_protective_gas': '0', 'r1_welding_wire': '0', 'r2_protective_gas': '0', 'r2_welding_wire': '0', 'login_id': '\n\x00\x00\x00\x00\x00\x00\x00\x00\x00', 'login_password': '\n\x00\x00\x00\x00\x00\x00\x00\x00\x00'}
2021-03-02  13:07:01 Tue root INFO ('\n\x07250 TJ1\x00', '0', '0', 462, '4', '0', '0.0', '0.0', '0.0', '0', '0', '0', '0.0', '0.0', '0.0', '0', '0', '0', '0', '0', '0', '\n\x00\x00\x00\x00\x00\x00\x00\x00\x00', '\n\x00\x00\x00\x00\x00\x00\x00\x00\x00', '0', '0', '2021-03-02 13:07:01')
2021-03-02  13:07:01 Tue root INFO 成功添加数据
2021-03-02  13:07:01 Tue root INFO mes_plc_r3
2021-03-02  13:07:01 Tue root INFO 读取插入数据库数据：{'product_type': '\n\x07250 TJ4\x00', 'r1_equipment_status': '0', 'fail_code': '0', 'recerve': '0', 'prod_num': 461, 'r1_rob_no': '104', 'r1_weld_line_no': '0', 'r1_electric': '183.26100158691406', 'r1_voltage': '-4.550057888031006', 'r1_speed': '0.0', 'r1_job': '0', 'r2_rob_no': '0', 'r2_weld_line_no': '0', 'r2_electric': '0.0', 'r2_voltage': '0.0', 'r2_speed': '0.0', 'r2_job': '0', 'replace_status': '0', 'part_status': '0', 'r1_protective_gas': '0', 'r1_welding_wire': '0', 'r2_protective_gas': '0', 'r2_welding_wire': '0', 'login_id': '\n\x00\x00\x00\x00\x00\x00\x00\x00\x00', 'login_password': '\n\x00\x00\x00\x00\x00\x00\x00\x00\x00'}
2021-03-02  13:07:01 Tue root INFO ('\n\x07250 TJ4\x00', '0', '0', 461, '104', '0', '183.26100158691406', '-4.550057888031006', '0.0', '0', '0', '0', '0.0', '0.0', '0.0', '0', '0', '0', '0', '0', '0', '\n\x00\x00\x00\x00\x00\x00\x00\x00\x00', '\n\x00\x00\x00\x00\x00\x00\x00\x00\x00', '0', '0', '2021-03-02 13:07:01')
2021-03-02  13:07:01 Tue root INFO 成功添加数据
2021-03-02  13:07:01 Tue root INFO mes_plc_r4
2021-03-02  13:07:01 Tue root INFO 读取插入数据库数据：{'product_type': '\n\x07250 PCB\x00', 'r1_equipment_status': '2560', 'fail_code': '0', 'recerve': '0', 'prod_num': 0, 'r1_rob_no': '0', 'r1_weld_line_no': '0', 'r1_electric': '9.727692471237622e-22', 'r1_voltage': '2.802596928649634e-45', 'r1_speed': '3.6734198463196485e-40', 'r1_job': '17207', 'r2_rob_no': '-20935', 'r2_weld_line_no': '16722', 'r2_electric': '2.558039500707987e-19', 'r2_voltage': '0.0', 'r2_speed': '0.0', 'r2_job': '0', 'replace_status': '0', 'part_status': '0', 'r1_protective_gas': '0', 'r1_welding_wire': '0', 'r2_protective_gas': '0', 'r2_welding_wire': '0', 'login_id': '\x00\x00\x00\x00\x006\x00\x00\x00\x00', 'login_password': '\n\x00\x00\x00\x00\x00\x00\x00\x00\x00'}
2021-03-02  13:07:01 Tue root INFO ('\n\x07250 PCB\x00', '2560', '0', 0, '0', '0', '9.727692471237622e-22', '2.802596928649634e-45', '3.6734198463196485e-40', '17207', '-20935', '16722', '2.558039500707987e-19', '0.0', '0.0', '0', '0', '0', '0', '0', '0', '\x00\x00\x00\x00\x006\x00\x00\x00\x00', '\n\x00\x00\x00\x00\x00\x00\x00\x00\x00', '0', '0', '2021-03-02 13:07:01')
2021-03-02  13:07:02 Tue root INFO 成功添加数据
2021-03-02  13:07:02 Tue root INFO mes_plc_r5
2021-03-02  13:07:02 Tue root INFO 读取插入数据库数据：{'product_type': '\n\x00\x00\x00\x00\x00\x00\x00\x00\x00', 'r1_equipment_status': '2560', 'fail_code': '0', 'recerve': '0', 'prod_num': 0, 'r1_rob_no': '0', 'r1_weld_line_no': '0', 'r1_electric': '1.8870057723865944e-24', 'r1_voltage': '0.0', 'r1_speed': '0.0', 'r1_job': '17204', 'r2_rob_no': '-22490', 'r2_weld_line_no': '16726', 'r2_electric': '-24.875', 'r2_voltage': '0.0', 'r2_speed': '0.0', 'r2_job': '17204', 'replace_status': '19342', 'part_status': '16726', 'r1_protective_gas': '7888', 'r1_welding_wire': '0', 'r2_protective_gas': '0', 'r2_welding_wire': '0', 'login_id': '\x00\x00\x00\x00\x00\x00\x00\x00\x00\x00', 'login_password': '\n\x00\x00\x00\x00\x00\x00\x00\x00\x00'}
2021-03-02  13:07:02 Tue root INFO ('\n\x00\x00\x00\x00\x00\x00\x00\x00\x00', '2560', '0', 0, '0', '0', '1.8870057723865944e-24', '0.0', '0.0', '17204', '-22490', '16726', '-24.875', '0.0', '0.0', '17204', '19342', '7888', '0', '0', '0', '\x00\x00\x00\x00\x00\x00\x00\x00\x00\x00', '\n\x00\x00\x00\x00\x00\x00\x00\x00\x00', '16726', '0', '2021-03-02 13:07:02')
2021-03-02  13:07:02 Tue root INFO 成功添加数据
2021-03-02  13:07:02 Tue root INFO mes_plc_r6
2021-03-02  13:07:02 Tue root INFO 读取插入数据库数据：{'product_type': '\n\x00\x00\x00\x00\x00\x00\x00\x00\x00', 'r1_equipment_status': '2560', 'fail_code': '0', 'recerve': '0', 'prod_num': 0, 'r1_rob_no': '0', 'r1_weld_line_no': '0', 'r1_electric': '0.0', 'r1_voltage': '9.183815862507343e-40', 'r1_speed': '0.0', 'r1_job': '0', 'r2_rob_no': '0', 'r2_weld_line_no': '0', 'r2_electric': '0.0', 'r2_voltage': '0.0', 'r2_speed': '0.0', 'r2_job': '0', 'replace_status': '0', 'part_status': '0', 'r1_protective_gas': '0', 'r1_welding_wire': '0', 'r2_protective_gas': '0', 'r2_welding_wire': '0', 'login_id': '\x00\x00\x00\x00\x00\x00\x00\x00\x00\x00', 'login_password': '\n\x00\x00\x00\x00\x00\x00\x00\x00\x00'}
2021-03-02  13:07:02 Tue root INFO ('\n\x00\x00\x00\x00\x00\x00\x00\x00\x00', '2560', '0', 0, '0', '0', '0.0', '9.183815862507343e-40', '0.0', '0', '0', '0', '0.0', '0.0', '0.0', '0', '0', '0', '0', '0', '0', '\x00\x00\x00\x00\x00\x00\x00\x00\x00\x00', '\n\x00\x00\x00\x00\x00\x00\x00\x00\x00', '0', '0', '2021-03-02 13:07:02')
2021-03-02  13:07:02 Tue root INFO 成功添加数据
2021-03-02  13:08:23 Tue root INFO PLC1连接失败
2021-03-02  13:08:23 Tue root INFO plc连接状态:[0, 1, 1, 1, 1, 1]
2021-03-02  13:08:23 Tue root INFO mes_plc_r2
2021-03-02  13:08:24 Tue root INFO 读取插入数据库数据：{'product_type': '\n\x07250 TJ2\x00', 'r1_equipment_status': '0', 'fail_code': '0', 'recerve': '0', 'prod_num': 463, 'r1_rob_no': '104', 'r1_weld_line_no': '0', 'r1_electric': '0.0', 'r1_voltage': '0.0', 'r1_speed': '0.0', 'r1_job': '0', 'r2_rob_no': '0', 'r2_weld_line_no': '0', 'r2_electric': '0.0', 'r2_voltage': '0.0', 'r2_speed': '0.0', 'r2_job': '0', 'replace_status': '0', 'part_status': '0', 'r1_protective_gas': '0', 'r1_welding_wire': '0', 'r2_protective_gas': '0', 'r2_welding_wire': '0', 'login_id': '\n\x00\x00\x00\x00\x00\x00\x00\x00\x00', 'login_password': '\n\x00\x00\x00\x00\x00\x00\x00\x00\x00'}
2021-03-02  13:08:24 Tue root INFO ('\n\x07250 TJ2\x00', '0', '0', 463, '104', '0', '0.0', '0.0', '0.0', '0', '0', '0', '0.0', '0.0', '0.0', '0', '0', '0', '0', '0', '0', '\n\x00\x00\x00\x00\x00\x00\x00\x00\x00', '\n\x00\x00\x00\x00\x00\x00\x00\x00\x00', '0', '0', '2021-03-02 13:08:24')
2021-03-02  13:08:24 Tue root INFO 成功添加数据
2021-03-02  13:08:24 Tue root INFO mes_plc_r3
2021-03-02  13:08:24 Tue root INFO 读取插入数据库数据：{'product_type': '\n\x07250 TJ3\x00', 'r1_equipment_status': '0', 'fail_code': '0', 'recerve': '0', 'prod_num': 462, 'r1_rob_no': '4', 'r1_weld_line_no': '0', 'r1_electric': '183.18865966796875', 'r1_voltage': '-5.975115776062012', 'r1_speed': '0.0', 'r1_job': '0', 'r2_rob_no': '0', 'r2_weld_line_no': '0', 'r2_electric': '0.0', 'r2_voltage': '0.0', 'r2_speed': '0.0', 'r2_job': '0', 'replace_status': '0', 'part_status': '0', 'r1_protective_gas': '0', 'r1_welding_wire': '0', 'r2_protective_gas': '0', 'r2_welding_wire': '0', 'login_id': '\n\x00\x00\x00\x00\x00\x00\x00\x00\x00', 'login_password': '\n\x00\x00\x00\x00\x00\x00\x00\x00\x00'}
2021-03-02  13:08:24 Tue root INFO ('\n\x07250 TJ3\x00', '0', '0', 462, '4', '0', '183.18865966796875', '-5.975115776062012', '0.0', '0', '0', '0', '0.0', '0.0', '0.0', '0', '0', '0', '0', '0', '0', '\n\x00\x00\x00\x00\x00\x00\x00\x00\x00', '\n\x00\x00\x00\x00\x00\x00\x00\x00\x00', '0', '0', '2021-03-02 13:08:24')
2021-03-02  13:08:24 Tue root INFO 成功添加数据
2021-03-02  13:08:24 Tue root INFO mes_plc_r4
2021-03-02  13:08:24 Tue root INFO 读取插入数据库数据：{'product_type': '\n\x07250 PCB\x00', 'r1_equipment_status': '2567', 'fail_code': '12853', 'recerve': '12320', 'prod_num': 23130, 'r1_rob_no': '18944', 'r1_weld_line_no': '0', 'r1_electric': '6.079807794523514e-23', 'r1_voltage': '4.203895392974451e-45', 'r1_speed': '3.6734198463196485e-40', 'r1_job': '17207', 'r2_rob_no': '30378', 'r2_weld_line_no': '-16077', 'r2_electric': '-1.204268070216818e+32', 'r2_voltage': '0.0', 'r2_speed': '9.550891600431086e-39', 'r2_job': '0', 'replace_status': '0', 'part_status': '0', 'r1_protective_gas': '0', 'r1_welding_wire': '0', 'r2_protective_gas': '0', 'r2_welding_wire': '0', 'login_id': '\x00\x00\x00\x00\x00G\x00\x00\x00\x00', 'login_password': '\n\x00\x00\x00\x00\x00\x00\x00\x00\x00'}
2021-03-02  13:08:24 Tue root INFO ('\n\x07250 PCB\x00', '2567', '12853', 23130, '18944', '0', '6.079807794523514e-23', '4.203895392974451e-45', '3.6734198463196485e-40', '17207', '30378', '-16077', '-1.204268070216818e+32', '0.0', '9.550891600431086e-39', '0', '0', '0', '0', '0', '0', '\x00\x00\x00\x00\x00G\x00\x00\x00\x00', '\n\x00\x00\x00\x00\x00\x00\x00\x00\x00', '0', '12320', '2021-03-02 13:08:24')
2021-03-02  13:08:24 Tue root INFO 成功添加数据
2021-03-02  13:08:24 Tue root INFO mes_plc_r5
2021-03-02  13:08:25 Tue root INFO 读取插入数据库数据：{'product_type': '\n\x00\x00\x00\x00\x00\x00\x00\x00\x00', 'r1_equipment_status': '2560', 'fail_code': '0', 'recerve': '0', 'prod_num': 0, 'r1_rob_no': '0', 'r1_weld_line_no': '0', 'r1_electric': '1.8870057723865944e-24', 'r1_voltage': '0.0', 'r1_speed': '0.0', 'r1_job': '17204', 'r2_rob_no': '-26282', 'r2_weld_line_no': '16726', 'r2_electric': '-4.301500743989133e-26', 'r2_voltage': '0.0', 'r2_speed': '0.0', 'r2_job': '17204', 'replace_status': '13654', 'part_status': '16726', 'r1_protective_gas': '11682', 'r1_welding_wire': '0', 'r2_protective_gas': '0', 'r2_welding_wire': '0', 'login_id': '\x00\x00\x00\x00\x00\x00\x00\x00\x00\x00', 'login_password': '\n\x00\x00\x00\x00\x00\x00\x00\x00\x00'}
2021-03-02  13:08:25 Tue root INFO ('\n\x00\x00\x00\x00\x00\x00\x00\x00\x00', '2560', '0', 0, '0', '0', '1.8870057723865944e-24', '0.0', '0.0', '17204', '-26282', '16726', '-4.301500743989133e-26', '0.0', '0.0', '17204', '13654', '11682', '0', '0', '0', '\x00\x00\x00\x00\x00\x00\x00\x00\x00\x00', '\n\x00\x00\x00\x00\x00\x00\x00\x00\x00', '16726', '0', '2021-03-02 13:08:25')
2021-03-02  13:08:25 Tue root INFO 成功添加数据
2021-03-02  13:08:25 Tue root INFO mes_plc_r6
2021-03-02  13:08:25 Tue root INFO 读取插入数据库数据：{'product_type': '\n\x00\x00\x00\x00\x00\x00\x00\x00\x00', 'r1_equipment_status': '2560', 'fail_code': '0', 'recerve': '0', 'prod_num': 0, 'r1_rob_no': '0', 'r1_weld_line_no': '0', 'r1_electric': '0.0', 'r1_voltage': '9.183815862507343e-40', 'r1_speed': '0.0', 'r1_job': '0', 'r2_rob_no': '0', 'r2_weld_line_no': '0', 'r2_electric': '0.0', 'r2_voltage': '0.0', 'r2_speed': '0.0', 'r2_job': '0', 'replace_status': '0', 'part_status': '0', 'r1_protective_gas': '0', 'r1_welding_wire': '0', 'r2_protective_gas': '0', 'r2_welding_wire': '0', 'login_id': '\x00\x00\x00\x00\x00\x00\x00\x00\x00\x00', 'login_password': '\n\x00\x00\x00\x00\x00\x00\x00\x00\x00'}
2021-03-02  13:08:25 Tue root INFO ('\n\x00\x00\x00\x00\x00\x00\x00\x00\x00', '2560', '0', 0, '0', '0', '0.0', '9.183815862507343e-40', '0.0', '0', '0', '0', '0.0', '0.0', '0.0', '0', '0', '0', '0', '0', '0', '\x00\x00\x00\x00\x00\x00\x00\x00\x00\x00', '\n\x00\x00\x00\x00\x00\x00\x00\x00\x00', '0', '0', '2021-03-02 13:08:25')
2021-03-02  13:08:25 Tue root INFO 成功添加数据
2021-03-02  13:09:46 Tue root INFO PLC1连接失败
2021-03-02  13:09:46 Tue root INFO plc连接状态:[0, 1, 1, 1, 1, 1]
2021-03-02  13:09:46 Tue root INFO mes_plc_r2
2021-03-02  13:09:46 Tue root INFO 读取插入数据库数据：{'product_type': '\n\x07250 TJ2\x00', 'r1_equipment_status': '0', 'fail_code': '0', 'recerve': '0', 'prod_num': 463, 'r1_rob_no': '104', 'r1_weld_line_no': '0', 'r1_electric': '0.0', 'r1_voltage': '0.0', 'r1_speed': '0.0', 'r1_job': '0', 'r2_rob_no': '0', 'r2_weld_line_no': '0', 'r2_electric': '0.0', 'r2_voltage': '0.0', 'r2_speed': '0.0', 'r2_job': '0', 'replace_status': '0', 'part_status': '0', 'r1_protective_gas': '0', 'r1_welding_wire': '0', 'r2_protective_gas': '0', 'r2_welding_wire': '0', 'login_id': '\n\x00\x00\x00\x00\x00\x00\x00\x00\x00', 'login_password': '\n\x00\x00\x00\x00\x00\x00\x00\x00\x00'}
2021-03-02  13:09:46 Tue root INFO ('\n\x07250 TJ2\x00', '0', '0', 463, '104', '0', '0.0', '0.0', '0.0', '0', '0', '0', '0.0', '0.0', '0.0', '0', '0', '0', '0', '0', '0', '\n\x00\x00\x00\x00\x00\x00\x00\x00\x00', '\n\x00\x00\x00\x00\x00\x00\x00\x00\x00', '0', '0', '2021-03-02 13:09:46')
2021-03-02  13:09:46 Tue root INFO 成功添加数据
2021-03-02  13:09:46 Tue root INFO mes_plc_r3
2021-03-02  13:09:46 Tue root INFO 读取插入数据库数据：{'product_type': '\n\x07250 TJ3\x00', 'r1_equipment_status': '0', 'fail_code': '0', 'recerve': '0', 'prod_num': 462, 'r1_rob_no': '4', 'r1_weld_line_no': '0', 'r1_electric': '183.203125', 'r1_voltage': '13.896122932434082', 'r1_speed': '0.0', 'r1_job': '0', 'r2_rob_no': '0', 'r2_weld_line_no': '0', 'r2_electric': '0.0', 'r2_voltage': '0.0', 'r2_speed': '0.0', 'r2_job': '0', 'replace_status': '0', 'part_status': '0', 'r1_protective_gas': '0', 'r1_welding_wire': '0', 'r2_protective_gas': '0', 'r2_welding_wire': '0', 'login_id': '\n\x00\x00\x00\x00\x00\x00\x00\x00\x00', 'login_password': '\n\x00\x00\x00\x00\x00\x00\x00\x00\x00'}
2021-03-02  13:09:46 Tue root INFO ('\n\x07250 TJ3\x00', '0', '0', 462, '4', '0', '183.203125', '13.896122932434082', '0.0', '0', '0', '0', '0.0', '0.0', '0.0', '0', '0', '0', '0', '0', '0', '\n\x00\x00\x00\x00\x00\x00\x00\x00\x00', '\n\x00\x00\x00\x00\x00\x00\x00\x00\x00', '0', '0', '2021-03-02 13:09:46')
2021-03-02  13:09:47 Tue root INFO 成功添加数据
2021-03-02  13:09:47 Tue root INFO mes_plc_r4
2021-03-02  13:09:47 Tue root INFO 读取插入数据库数据：{'product_type': '\n\x07250 PCB\x00', 'r1_equipment_status': '2567', 'fail_code': '12853', 'recerve': '12320', 'prod_num': 23130, 'r1_rob_no': '18944', 'r1_weld_line_no': '0', 'r1_electric': '9.727692471237622e-22', 'r1_voltage': '4.203895392974451e-45', 'r1_speed': '3.6734198463196485e-40', 'r1_job': '17207', 'r2_rob_no': '-25676', 'r2_weld_line_no': '16722', 'r2_electric': '1.033631575770508e+26', 'r2_voltage': '0.0', 'r2_speed': '9.550891600431086e-39', 'r2_job': '0', 'replace_status': '0', 'part_status': '0', 'r1_protective_gas': '0', 'r1_welding_wire': '0', 'r2_protective_gas': '0', 'r2_welding_wire': '0', 'login_id': '\x00\x00\x00\x00\x00W\x00\x00\x00\x00', 'login_password': '\n\x00\x00\x00\x00\x00\x00\x00\x00\x00'}
2021-03-02  13:09:47 Tue root INFO ('\n\x07250 PCB\x00', '2567', '12853', 23130, '18944', '0', '9.727692471237622e-22', '4.203895392974451e-45', '3.6734198463196485e-40', '17207', '-25676', '16722', '1.033631575770508e+26', '0.0', '9.550891600431086e-39', '0', '0', '0', '0', '0', '0', '\x00\x00\x00\x00\x00W\x00\x00\x00\x00', '\n\x00\x00\x00\x00\x00\x00\x00\x00\x00', '0', '12320', '2021-03-02 13:09:47')
2021-03-02  13:09:47 Tue root INFO 成功添加数据
2021-03-02  13:09:47 Tue root INFO mes_plc_r5
2021-03-02  13:09:47 Tue root INFO 读取插入数据库数据：{'product_type': '\n\x00\x00\x00\x00\x00\x00\x00\x00\x00', 'r1_equipment_status': '2560', 'fail_code': '0', 'recerve': '0', 'prod_num': 0, 'r1_rob_no': '0', 'r1_weld_line_no': '0', 'r1_electric': '1.8870057723865944e-24', 'r1_voltage': '0.0', 'r1_speed': '0.0', 'r1_job': '17204', 'r2_rob_no': '-28179', 'r2_weld_line_no': '16726', 'r2_electric': '-24.875', 'r2_voltage': '0.0', 'r2_speed': '0.0', 'r2_job': '17204', 'replace_status': '9861', 'part_status': '16726', 'r1_protective_gas': '11682', 'r1_welding_wire': '0', 'r2_protective_gas': '0', 'r2_welding_wire': '0', 'login_id': '\x00\x00\x00\x00\x00\x00\x00\x00\x00\x00', 'login_password': '\n\x00\x00\x00\x00\x00\x00\x00\x00\x00'}
2021-03-02  13:09:47 Tue root INFO ('\n\x00\x00\x00\x00\x00\x00\x00\x00\x00', '2560', '0', 0, '0', '0', '1.8870057723865944e-24', '0.0', '0.0', '17204', '-28179', '16726', '-24.875', '0.0', '0.0', '17204', '9861', '11682', '0', '0', '0', '\x00\x00\x00\x00\x00\x00\x00\x00\x00\x00', '\n\x00\x00\x00\x00\x00\x00\x00\x00\x00', '16726', '0', '2021-03-02 13:09:47')
2021-03-02  13:09:47 Tue root INFO 成功添加数据
2021-03-02  13:09:47 Tue root INFO mes_plc_r6
2021-03-02  13:09:47 Tue root INFO 读取插入数据库数据：{'product_type': '\n\x00\x00\x00\x00\x00\x00\x00\x00\x00', 'r1_equipment_status': '2560', 'fail_code': '0', 'recerve': '0', 'prod_num': 0, 'r1_rob_no': '0', 'r1_weld_line_no': '0', 'r1_electric': '0.0', 'r1_voltage': '9.183815862507343e-40', 'r1_speed': '0.0', 'r1_job': '0', 'r2_rob_no': '0', 'r2_weld_line_no': '0', 'r2_electric': '0.0', 'r2_voltage': '0.0', 'r2_speed': '0.0', 'r2_job': '0', 'replace_status': '0', 'part_status': '0', 'r1_protective_gas': '0', 'r1_welding_wire': '0', 'r2_protective_gas': '0', 'r2_welding_wire': '0', 'login_id': '\x00\x00\x00\x00\x00\x00\x00\x00\x00\x00', 'login_password': '\n\x00\x00\x00\x00\x00\x00\x00\x00\x00'}
2021-03-02  13:09:47 Tue root INFO ('\n\x00\x00\x00\x00\x00\x00\x00\x00\x00', '2560', '0', 0, '0', '0', '0.0', '9.183815862507343e-40', '0.0', '0', '0', '0', '0.0', '0.0', '0.0', '0', '0', '0', '0', '0', '0', '\x00\x00\x00\x00\x00\x00\x00\x00\x00\x00', '\n\x00\x00\x00\x00\x00\x00\x00\x00\x00', '0', '0', '2021-03-02 13:09:47')
2021-03-02  13:09:48 Tue root INFO 成功添加数据
2021-03-02  13:11:09 Tue root INFO PLC1连接失败
2021-03-02  13:11:09 Tue root INFO plc连接状态:[0, 1, 1, 1, 1, 1]
2021-03-02  13:11:09 Tue root INFO mes_plc_r2
2021-03-02  13:11:09 Tue root INFO 读取插入数据库数据：{'product_type': '\n\x07250 TJ2\x00', 'r1_equipment_status': '0', 'fail_code': '0', 'recerve': '0', 'prod_num': 463, 'r1_rob_no': '104', 'r1_weld_line_no': '0', 'r1_electric': '0.0', 'r1_voltage': '0.0', 'r1_speed': '0.0', 'r1_job': '0', 'r2_rob_no': '0', 'r2_weld_line_no': '0', 'r2_electric': '0.0', 'r2_voltage': '0.0', 'r2_speed': '0.0', 'r2_job': '0', 'replace_status': '0', 'part_status': '0', 'r1_protective_gas': '0', 'r1_welding_wire': '0', 'r2_protective_gas': '0', 'r2_welding_wire': '0', 'login_id': '\n\x00\x00\x00\x00\x00\x00\x00\x00\x00', 'login_password': '\n\x00\x00\x00\x00\x00\x00\x00\x00\x00'}
2021-03-02  13:11:09 Tue root INFO ('\n\x07250 TJ2\x00', '0', '0', 463, '104', '0', '0.0', '0.0', '0.0', '0', '0', '0', '0.0', '0.0', '0.0', '0', '0', '0', '0', '0', '0', '\n\x00\x00\x00\x00\x00\x00\x00\x00\x00', '\n\x00\x00\x00\x00\x00\x00\x00\x00\x00', '0', '0', '2021-03-02 13:11:09')
2021-03-02  13:11:09 Tue root INFO 成功添加数据
2021-03-02  13:11:09 Tue root INFO mes_plc_r3
2021-03-02  13:11:09 Tue root INFO 读取插入数据库数据：{'product_type': '\n\x07250 TJ4\x00', 'r1_equipment_status': '0', 'fail_code': '0', 'recerve': '0', 'prod_num': 463, 'r1_rob_no': '104', 'r1_weld_line_no': '0', 'r1_electric': '183.2754669189453', 'r1_voltage': '13.896122932434082', 'r1_speed': '0.0', 'r1_job': '0', 'r2_rob_no': '0', 'r2_weld_line_no': '0', 'r2_electric': '0.0', 'r2_voltage': '0.0', 'r2_speed': '0.0', 'r2_job': '0', 'replace_status': '0', 'part_status': '0', 'r1_protective_gas': '0', 'r1_welding_wire': '0', 'r2_protective_gas': '0', 'r2_welding_wire': '0', 'login_id': '\n\x00\x00\x00\x00\x00\x00\x00\x00\x00', 'login_password': '\n\x00\x00\x00\x00\x00\x00\x00\x00\x00'}
2021-03-02  13:11:09 Tue root INFO ('\n\x07250 TJ4\x00', '0', '0', 463, '104', '0', '183.2754669189453', '13.896122932434082', '0.0', '0', '0', '0', '0.0', '0.0', '0.0', '0', '0', '0', '0', '0', '0', '\n\x00\x00\x00\x00\x00\x00\x00\x00\x00', '\n\x00\x00\x00\x00\x00\x00\x00\x00\x00', '0', '0', '2021-03-02 13:11:09')
2021-03-02  13:11:09 Tue root INFO 成功添加数据
2021-03-02  13:11:09 Tue root INFO mes_plc_r4
2021-03-02  13:11:09 Tue root INFO 读取插入数据库数据：{'product_type': '\n\x07250 PCB\x00', 'r1_equipment_status': '2567', 'fail_code': '12853', 'recerve': '12320', 'prod_num': 23130, 'r1_rob_no': '18944', 'r1_weld_line_no': '0', 'r1_electric': '9.727692471237622e-22', 'r1_voltage': '4.203895392974451e-45', 'r1_speed': '3.6734198463196485e-40', 'r1_job': '17207', 'r2_rob_no': '-28520', 'r2_weld_line_no': '16722', 'r2_electric': '2.558039500707987e-19', 'r2_voltage': '0.0', 'r2_speed': '9.550891600431086e-39', 'r2_job': '0', 'replace_status': '0', 'part_status': '0', 'r1_protective_gas': '0', 'r1_welding_wire': '0', 'r2_protective_gas': '0', 'r2_welding_wire': '0', 'login_id': '\x00\x00\x00\x00\x00W\x00\x00\x00\x00', 'login_password': '\n\x00\x00\x00\x00\x00\x00\x00\x00\x00'}
2021-03-02  13:11:09 Tue root INFO ('\n\x07250 PCB\x00', '2567', '12853', 23130, '18944', '0', '9.727692471237622e-22', '4.203895392974451e-45', '3.6734198463196485e-40', '17207', '-28520', '16722', '2.558039500707987e-19', '0.0', '9.550891600431086e-39', '0', '0', '0', '0', '0', '0', '\x00\x00\x00\x00\x00W\x00\x00\x00\x00', '\n\x00\x00\x00\x00\x00\x00\x00\x00\x00', '0', '12320', '2021-03-02 13:11:09')
2021-03-02  13:11:09 Tue root INFO 成功添加数据
2021-03-02  13:11:09 Tue root INFO mes_plc_r5
2021-03-02  13:11:10 Tue root INFO 读取插入数据库数据：{'product_type': '\n\x00\x00\x00\x00\x00\x00\x00\x00\x00', 'r1_equipment_status': '2560', 'fail_code': '0', 'recerve': '0', 'prod_num': 0, 'r1_rob_no': '0', 'r1_weld_line_no': '0', 'r1_electric': '1.8870057723865944e-24', 'r1_voltage': '0.0', 'r1_speed': '0.0', 'r1_job': '17204', 'r2_rob_no': '-31023', 'r2_weld_line_no': '16726', 'r2_electric': '-20266876928.0', 'r2_voltage': '0.0', 'r2_speed': '0.0', 'r2_job': '17204', 'replace_status': '8913', 'part_status': '16726', 'r1_protective_gas': '15474', 'r1_welding_wire': '0', 'r2_protective_gas': '0', 'r2_welding_wire': '0', 'login_id': '\x00\x00\x00\x00\x00\x00\x00\x00\x00\x00', 'login_password': '\n\x00\x00\x00\x00\x00\x00\x00\x00\x00'}
2021-03-02  13:11:10 Tue root INFO ('\n\x00\x00\x00\x00\x00\x00\x00\x00\x00', '2560', '0', 0, '0', '0', '1.8870057723865944e-24', '0.0', '0.0', '17204', '-31023', '16726', '-20266876928.0', '0.0', '0.0', '17204', '8913', '15474', '0', '0', '0', '\x00\x00\x00\x00\x00\x00\x00\x00\x00\x00', '\n\x00\x00\x00\x00\x00\x00\x00\x00\x00', '16726', '0', '2021-03-02 13:11:10')
2021-03-02  13:11:10 Tue root INFO 成功添加数据
2021-03-02  13:11:10 Tue root INFO mes_plc_r6
2021-03-02  13:11:10 Tue root INFO 读取插入数据库数据：{'product_type': '\n\x00\x00\x00\x00\x00\x00\x00\x00\x00', 'r1_equipment_status': '2560', 'fail_code': '0', 'recerve': '0', 'prod_num': 0, 'r1_rob_no': '0', 'r1_weld_line_no': '0', 'r1_electric': '0.0', 'r1_voltage': '9.183815862507343e-40', 'r1_speed': '0.0', 'r1_job': '0', 'r2_rob_no': '0', 'r2_weld_line_no': '0', 'r2_electric': '0.0', 'r2_voltage': '0.0', 'r2_speed': '0.0', 'r2_job': '0', 'replace_status': '0', 'part_status': '0', 'r1_protective_gas': '0', 'r1_welding_wire': '0', 'r2_protective_gas': '0', 'r2_welding_wire': '0', 'login_id': '\x00\x00\x00\x00\x00\x00\x00\x00\x00\x00', 'login_password': '\n\x00\x00\x00\x00\x00\x00\x00\x00\x00'}
2021-03-02  13:11:10 Tue root INFO ('\n\x00\x00\x00\x00\x00\x00\x00\x00\x00', '2560', '0', 0, '0', '0', '0.0', '9.183815862507343e-40', '0.0', '0', '0', '0', '0.0', '0.0', '0.0', '0', '0', '0', '0', '0', '0', '\x00\x00\x00\x00\x00\x00\x00\x00\x00\x00', '\n\x00\x00\x00\x00\x00\x00\x00\x00\x00', '0', '0', '2021-03-02 13:11:10')
2021-03-02  13:11:10 Tue root INFO 成功添加数据
2021-03-02  13:12:31 Tue root INFO PLC1连接失败
2021-03-02  13:12:31 Tue root INFO plc连接状态:[0, 1, 1, 1, 1, 1]
2021-03-02  13:12:31 Tue root INFO mes_plc_r2
2021-03-02  13:12:31 Tue root INFO 读取插入数据库数据：{'product_type': '\n\x07250 TJ1\x00', 'r1_equipment_status': '0', 'fail_code': '0', 'recerve': '0', 'prod_num': 464, 'r1_rob_no': '4', 'r1_weld_line_no': '0', 'r1_electric': '0.0', 'r1_voltage': '0.0', 'r1_speed': '0.0', 'r1_job': '0', 'r2_rob_no': '0', 'r2_weld_line_no': '0', 'r2_electric': '0.0', 'r2_voltage': '0.0', 'r2_speed': '0.0', 'r2_job': '0', 'replace_status': '0', 'part_status': '0', 'r1_protective_gas': '0', 'r1_welding_wire': '0', 'r2_protective_gas': '0', 'r2_welding_wire': '0', 'login_id': '\n\x00\x00\x00\x00\x00\x00\x00\x00\x00', 'login_password': '\n\x00\x00\x00\x00\x00\x00\x00\x00\x00'}
2021-03-02  13:12:31 Tue root INFO ('\n\x07250 TJ1\x00', '0', '0', 464, '4', '0', '0.0', '0.0', '0.0', '0', '0', '0', '0.0', '0.0', '0.0', '0', '0', '0', '0', '0', '0', '\n\x00\x00\x00\x00\x00\x00\x00\x00\x00', '\n\x00\x00\x00\x00\x00\x00\x00\x00\x00', '0', '0', '2021-03-02 13:12:31')
2021-03-02  13:12:31 Tue root INFO 成功添加数据
2021-03-02  13:12:31 Tue root INFO mes_plc_r3
2021-03-02  13:12:32 Tue root INFO 读取插入数据库数据：{'product_type': '\n\x07250 TJ3\x00', 'r1_equipment_status': '0', 'fail_code': '0', 'recerve': '0', 'prod_num': 464, 'r1_rob_no': '4', 'r1_weld_line_no': '0', 'r1_electric': '183.2465362548828', 'r1_voltage': '-4.9334492683410645', 'r1_speed': '0.0', 'r1_job': '0', 'r2_rob_no': '0', 'r2_weld_line_no': '0', 'r2_electric': '0.0', 'r2_voltage': '0.0', 'r2_speed': '0.0', 'r2_job': '0', 'replace_status': '0', 'part_status': '0', 'r1_protective_gas': '0', 'r1_welding_wire': '0', 'r2_protective_gas': '0', 'r2_welding_wire': '0', 'login_id': '\n\x00\x00\x00\x00\x00\x00\x00\x00\x00', 'login_password': '\n\x00\x00\x00\x00\x00\x00\x00\x00\x00'}
2021-03-02  13:12:32 Tue root INFO ('\n\x07250 TJ3\x00', '0', '0', 464, '4', '0', '183.2465362548828', '-4.9334492683410645', '0.0', '0', '0', '0', '0.0', '0.0', '0.0', '0', '0', '0', '0', '0', '0', '\n\x00\x00\x00\x00\x00\x00\x00\x00\x00', '\n\x00\x00\x00\x00\x00\x00\x00\x00\x00', '0', '0', '2021-03-02 13:12:32')
2021-03-02  13:12:32 Tue root INFO 成功添加数据
2021-03-02  13:12:32 Tue root INFO mes_plc_r4
2021-03-02  13:12:32 Tue root INFO 读取插入数据库数据：{'product_type': '\n\x07250 PCB\x00', 'r1_equipment_status': '2567', 'fail_code': '12853', 'recerve': '12320', 'prod_num': 23130, 'r1_rob_no': '18944', 'r1_weld_line_no': '0', 'r1_electric': '9.727692471237622e-22', 'r1_voltage': '4.203895392974451e-45', 'r1_speed': '3.6734198463196485e-40', 'r1_job': '17207', 'r2_rob_no': '-24728', 'r2_weld_line_no': '16722', 'r2_electric': '2.558039500707987e-19', 'r2_voltage': '0.0', 'r2_speed': '9.550891600431086e-39', 'r2_job': '0', 'replace_status': '0', 'part_status': '0', 'r1_protective_gas': '0', 'r1_welding_wire': '0', 'r2_protective_gas': '0', 'r2_welding_wire': '0', 'login_id': '\x00\x00\x00\x00\x00W\x00\x00\x00\x00', 'login_password': '\n\x00\x00\x00\x00\x00\x00\x00\x00\x00'}
2021-03-02  13:12:32 Tue root INFO ('\n\x07250 PCB\x00', '2567', '12853', 23130, '18944', '0', '9.727692471237622e-22', '4.203895392974451e-45', '3.6734198463196485e-40', '17207', '-24728', '16722', '2.558039500707987e-19', '0.0', '9.550891600431086e-39', '0', '0', '0', '0', '0', '0', '\x00\x00\x00\x00\x00W\x00\x00\x00\x00', '\n\x00\x00\x00\x00\x00\x00\x00\x00\x00', '0', '12320', '2021-03-02 13:12:32')
2021-03-02  13:12:32 Tue root INFO 成功添加数据
2021-03-02  13:12:32 Tue root INFO mes_plc_r5
2021-03-02  13:12:32 Tue root INFO 读取插入数据库数据：{'product_type': '\n\x00\x00\x00\x00\x00\x00\x00\x00\x00', 'r1_equipment_status': '2560', 'fail_code': '0', 'recerve': '0', 'prod_num': 0, 'r1_rob_no': '0', 'r1_weld_line_no': '0', 'r1_electric': '1.8870057723865944e-24', 'r1_voltage': '0.0', 'r1_speed': '0.0', 'r1_job': '17204', 'r2_rob_no': '31668', 'r2_weld_line_no': '16726', 'r2_electric': '-24.875', 'r2_voltage': '0.0', 'r2_speed': '0.0', 'r2_job': '17204', 'replace_status': '7965', 'part_status': '16726', 'r1_protective_gas': '15474', 'r1_welding_wire': '0', 'r2_protective_gas': '0', 'r2_welding_wire': '0', 'login_id': '\x00\x00\x00\x00\x00\x00\x00\x00\x00\x00', 'login_password': '\n\x00\x00\x00\x00\x00\x00\x00\x00\x00'}
2021-03-02  13:12:32 Tue root INFO ('\n\x00\x00\x00\x00\x00\x00\x00\x00\x00', '2560', '0', 0, '0', '0', '1.8870057723865944e-24', '0.0', '0.0', '17204', '31668', '16726', '-24.875', '0.0', '0.0', '17204', '7965', '15474', '0', '0', '0', '\x00\x00\x00\x00\x00\x00\x00\x00\x00\x00', '\n\x00\x00\x00\x00\x00\x00\x00\x00\x00', '16726', '0', '2021-03-02 13:12:32')
2021-03-02  13:12:32 Tue root INFO 成功添加数据
2021-03-02  13:12:32 Tue root INFO mes_plc_r6
2021-03-02  13:12:33 Tue root INFO 读取插入数据库数据：{'product_type': '\n\x00\x00\x00\x00\x00\x00\x00\x00\x00', 'r1_equipment_status': '2560', 'fail_code': '0', 'recerve': '0', 'prod_num': 0, 'r1_rob_no': '0', 'r1_weld_line_no': '0', 'r1_electric': '0.0', 'r1_voltage': '9.183815862507343e-40', 'r1_speed': '0.0', 'r1_job': '0', 'r2_rob_no': '0', 'r2_weld_line_no': '0', 'r2_electric': '0.0', 'r2_voltage': '0.0', 'r2_speed': '0.0', 'r2_job': '0', 'replace_status': '0', 'part_status': '0', 'r1_protective_gas': '0', 'r1_welding_wire': '0', 'r2_protective_gas': '0', 'r2_welding_wire': '0', 'login_id': '\x00\x00\x00\x00\x00\x00\x00\x00\x00\x00', 'login_password': '\n\x00\x00\x00\x00\x00\x00\x00\x00\x00'}
2021-03-02  13:12:33 Tue root INFO ('\n\x00\x00\x00\x00\x00\x00\x00\x00\x00', '2560', '0', 0, '0', '0', '0.0', '9.183815862507343e-40', '0.0', '0', '0', '0', '0.0', '0.0', '0.0', '0', '0', '0', '0', '0', '0', '\x00\x00\x00\x00\x00\x00\x00\x00\x00\x00', '\n\x00\x00\x00\x00\x00\x00\x00\x00\x00', '0', '0', '2021-03-02 13:12:33')
2021-03-02  13:12:33 Tue root INFO 成功添加数据
2021-03-02  13:13:54 Tue root INFO PLC1连接失败
2021-03-02  13:13:54 Tue root INFO plc连接状态:[0, 1, 1, 1, 1, 1]
2021-03-02  13:13:54 Tue root INFO mes_plc_r2
2021-03-02  13:13:54 Tue root INFO 读取插入数据库数据：{'product_type': '\n\x07250 TJ2\x00', 'r1_equipment_status': '0', 'fail_code': '0', 'recerve': '0', 'prod_num': 465, 'r1_rob_no': '104', 'r1_weld_line_no': '0', 'r1_electric': '0.0', 'r1_voltage': '0.0', 'r1_speed': '0.0', 'r1_job': '0', 'r2_rob_no': '0', 'r2_weld_line_no': '0', 'r2_electric': '0.0', 'r2_voltage': '0.0', 'r2_speed': '0.0', 'r2_job': '0', 'replace_status': '0', 'part_status': '0', 'r1_protective_gas': '0', 'r1_welding_wire': '0', 'r2_protective_gas': '0', 'r2_welding_wire': '0', 'login_id': '\n\x00\x00\x00\x00\x00\x00\x00\x00\x00', 'login_password': '\n\x00\x00\x00\x00\x00\x00\x00\x00\x00'}
2021-03-02  13:13:54 Tue root INFO ('\n\x07250 TJ2\x00', '0', '0', 465, '104', '0', '0.0', '0.0', '0.0', '0', '0', '0', '0.0', '0.0', '0.0', '0', '0', '0', '0', '0', '0', '\n\x00\x00\x00\x00\x00\x00\x00\x00\x00', '\n\x00\x00\x00\x00\x00\x00\x00\x00\x00', '0', '0', '2021-03-02 13:13:54')
2021-03-02  13:13:54 Tue root INFO 成功添加数据
2021-03-02  13:13:54 Tue root INFO mes_plc_r3
2021-03-02  13:13:54 Tue root INFO 读取插入数据库数据：{'product_type': '\n\x07250 TJ4\x00', 'r1_equipment_status': '0', 'fail_code': '0', 'recerve': '0', 'prod_num': 465, 'r1_rob_no': '104', 'r1_weld_line_no': '0', 'r1_electric': '183.2754669189453', 'r1_voltage': '-4.2317705154418945', 'r1_speed': '0.0', 'r1_job': '0', 'r2_rob_no': '0', 'r2_weld_line_no': '0', 'r2_electric': '0.0', 'r2_voltage': '0.0', 'r2_speed': '0.0', 'r2_job': '0', 'replace_status': '0', 'part_status': '0', 'r1_protective_gas': '0', 'r1_welding_wire': '0', 'r2_protective_gas': '0', 'r2_welding_wire': '0', 'login_id': '\n\x00\x00\x00\x00\x00\x00\x00\x00\x00', 'login_password': '\n\x00\x00\x00\x00\x00\x00\x00\x00\x00'}
2021-03-02  13:13:54 Tue root INFO ('\n\x07250 TJ4\x00', '0', '0', 465, '104', '0', '183.2754669189453', '-4.2317705154418945', '0.0', '0', '0', '0', '0.0', '0.0', '0.0', '0', '0', '0', '0', '0', '0', '\n\x00\x00\x00\x00\x00\x00\x00\x00\x00', '\n\x00\x00\x00\x00\x00\x00\x00\x00\x00', '0', '0', '2021-03-02 13:13:54')
2021-03-02  13:13:54 Tue root INFO 成功添加数据
2021-03-02  13:13:54 Tue root INFO mes_plc_r4
2021-03-02  13:13:54 Tue root INFO 读取插入数据库数据：{'product_type': '\n\x07250 PCB\x00', 'r1_equipment_status': '2567', 'fail_code': '12853', 'recerve': '12320', 'prod_num': 23130, 'r1_rob_no': '18944', 'r1_weld_line_no': '0', 'r1_electric': '9.727692471237622e-22', 'r1_voltage': '4.203895392974451e-45', 'r1_speed': '3.6734198463196485e-40', 'r1_job': '17207', 'r2_rob_no': '-23779', 'r2_weld_line_no': '16722', 'r2_electric': '3.139666402779627e-28', 'r2_voltage': '0.0', 'r2_speed': '9.550891600431086e-39', 'r2_job': '0', 'replace_status': '0', 'part_status': '0', 'r1_protective_gas': '0', 'r1_welding_wire': '0', 'r2_protective_gas': '0', 'r2_welding_wire': '0', 'login_id': '\x00\x00\x00\x00\x00W\x00\x00\x00\x00', 'login_password': '\n\x00\x00\x00\x00\x00\x00\x00\x00\x00'}
2021-03-02  13:13:54 Tue root INFO ('\n\x07250 PCB\x00', '2567', '12853', 23130, '18944', '0', '9.727692471237622e-22', '4.203895392974451e-45', '3.6734198463196485e-40', '17207', '-23779', '16722', '3.139666402779627e-28', '0.0', '9.550891600431086e-39', '0', '0', '0', '0', '0', '0', '\x00\x00\x00\x00\x00W\x00\x00\x00\x00', '\n\x00\x00\x00\x00\x00\x00\x00\x00\x00', '0', '12320', '2021-03-02 13:13:54')
2021-03-02  13:13:55 Tue root INFO 成功添加数据
2021-03-02  13:13:55 Tue root INFO mes_plc_r5
2021-03-02  13:13:55 Tue root INFO 读取插入数据库数据：{'product_type': '\n\x00\x00\x00\x00\x00\x00\x00\x00\x00', 'r1_equipment_status': '2560', 'fail_code': '0', 'recerve': '0', 'prod_num': 0, 'r1_rob_no': '0', 'r1_weld_line_no': '0', 'r1_electric': '1.8870057723865944e-24', 'r1_voltage': '0.0', 'r1_speed': '0.0', 'r1_job': '17204', 'r2_rob_no': '29772', 'r2_weld_line_no': '16726', 'r2_electric': '7.301667457314601e+33', 'r2_voltage': '0.0', 'r2_speed': '0.0', 'r2_job': '17204', 'replace_status': '6068', 'part_status': '16726', 'r1_protective_gas': '11682', 'r1_welding_wire': '0', 'r2_protective_gas': '0', 'r2_welding_wire': '0', 'login_id': '\x00\x00\x00\x00\x00\x00\x00\x00\x00\x00', 'login_password': '\n\x00\x00\x00\x00\x00\x00\x00\x00\x00'}
2021-03-02  13:13:55 Tue root INFO ('\n\x00\x00\x00\x00\x00\x00\x00\x00\x00', '2560', '0', 0, '0', '0', '1.8870057723865944e-24', '0.0', '0.0', '17204', '29772', '16726', '7.301667457314601e+33', '0.0', '0.0', '17204', '6068', '11682', '0', '0', '0', '\x00\x00\x00\x00\x00\x00\x00\x00\x00\x00', '\n\x00\x00\x00\x00\x00\x00\x00\x00\x00', '16726', '0', '2021-03-02 13:13:55')
2021-03-02  13:13:55 Tue root INFO 成功添加数据
2021-03-02  13:13:55 Tue root INFO mes_plc_r6
2021-03-02  13:13:55 Tue root INFO 读取插入数据库数据：{'product_type': '\n\x00\x00\x00\x00\x00\x00\x00\x00\x00', 'r1_equipment_status': '2560', 'fail_code': '0', 'recerve': '0', 'prod_num': 0, 'r1_rob_no': '0', 'r1_weld_line_no': '0', 'r1_electric': '0.0', 'r1_voltage': '9.183815862507343e-40', 'r1_speed': '0.0', 'r1_job': '0', 'r2_rob_no': '0', 'r2_weld_line_no': '0', 'r2_electric': '0.0', 'r2_voltage': '0.0', 'r2_speed': '0.0', 'r2_job': '0', 'replace_status': '0', 'part_status': '0', 'r1_protective_gas': '0', 'r1_welding_wire': '0', 'r2_protective_gas': '0', 'r2_welding_wire': '0', 'login_id': '\x00\x00\x00\x00\x00\x00\x00\x00\x00\x00', 'login_password': '\n\x00\x00\x00\x00\x00\x00\x00\x00\x00'}
2021-03-02  13:13:55 Tue root INFO ('\n\x00\x00\x00\x00\x00\x00\x00\x00\x00', '2560', '0', 0, '0', '0', '0.0', '9.183815862507343e-40', '0.0', '0', '0', '0', '0.0', '0.0', '0.0', '0', '0', '0', '0', '0', '0', '\x00\x00\x00\x00\x00\x00\x00\x00\x00\x00', '\n\x00\x00\x00\x00\x00\x00\x00\x00\x00', '0', '0', '2021-03-02 13:13:55')
2021-03-02  13:13:55 Tue root INFO 成功添加数据
2021-03-02  13:15:16 Tue root INFO PLC1连接失败
2021-03-02  13:15:16 Tue root INFO plc连接状态:[0, 1, 1, 1, 1, 1]
2021-03-02  13:15:16 Tue root INFO mes_plc_r2
2021-03-02  13:15:17 Tue root INFO 读取插入数据库数据：{'product_type': '\n\x07250 TJ2\x00', 'r1_equipment_status': '0', 'fail_code': '0', 'recerve': '0', 'prod_num': 465, 'r1_rob_no': '104', 'r1_weld_line_no': '0', 'r1_electric': '0.0', 'r1_voltage': '0.0', 'r1_speed': '0.0', 'r1_job': '0', 'r2_rob_no': '0', 'r2_weld_line_no': '0', 'r2_electric': '0.0', 'r2_voltage': '0.0', 'r2_speed': '0.0', 'r2_job': '0', 'replace_status': '0', 'part_status': '0', 'r1_protective_gas': '0', 'r1_welding_wire': '0', 'r2_protective_gas': '0', 'r2_welding_wire': '0', 'login_id': '\n\x00\x00\x00\x00\x00\x00\x00\x00\x00', 'login_password': '\n\x00\x00\x00\x00\x00\x00\x00\x00\x00'}
2021-03-02  13:15:17 Tue root INFO ('\n\x07250 TJ2\x00', '0', '0', 465, '104', '0', '0.0', '0.0', '0.0', '0', '0', '0', '0.0', '0.0', '0.0', '0', '0', '0', '0', '0', '0', '\n\x00\x00\x00\x00\x00\x00\x00\x00\x00', '\n\x00\x00\x00\x00\x00\x00\x00\x00\x00', '0', '0', '2021-03-02 13:15:17')
2021-03-02  13:15:17 Tue root INFO 成功添加数据
2021-03-02  13:15:17 Tue root INFO mes_plc_r3
2021-03-02  13:15:17 Tue root INFO 读取插入数据库数据：{'product_type': '\n\x07250 TJ4\x00', 'r1_equipment_status': '0', 'fail_code': '0', 'recerve': '0', 'prod_num': 465, 'r1_rob_no': '104', 'r1_weld_line_no': '0', 'r1_electric': '183.26100158691406', 'r1_voltage': '13.899739265441895', 'r1_speed': '0.0', 'r1_job': '0', 'r2_rob_no': '0', 'r2_weld_line_no': '0', 'r2_electric': '0.0', 'r2_voltage': '0.0', 'r2_speed': '0.0', 'r2_job': '0', 'replace_status': '0', 'part_status': '0', 'r1_protective_gas': '0', 'r1_welding_wire': '0', 'r2_protective_gas': '0', 'r2_welding_wire': '0', 'login_id': '\n\x00\x00\x00\x00\x00\x00\x00\x00\x00', 'login_password': '\n\x00\x00\x00\x00\x00\x00\x00\x00\x00'}
2021-03-02  13:15:17 Tue root INFO ('\n\x07250 TJ4\x00', '0', '0', 465, '104', '0', '183.26100158691406', '13.899739265441895', '0.0', '0', '0', '0', '0.0', '0.0', '0.0', '0', '0', '0', '0', '0', '0', '\n\x00\x00\x00\x00\x00\x00\x00\x00\x00', '\n\x00\x00\x00\x00\x00\x00\x00\x00\x00', '0', '0', '2021-03-02 13:15:17')
2021-03-02  13:15:17 Tue root INFO 成功添加数据
2021-03-02  13:15:17 Tue root INFO mes_plc_r4
2021-03-02  13:15:17 Tue root INFO 读取插入数据库数据：{'product_type': '\n\x07250 PCB\x00', 'r1_equipment_status': '2567', 'fail_code': '12853', 'recerve': '12320', 'prod_num': 23130, 'r1_rob_no': '18944', 'r1_weld_line_no': '0', 'r1_electric': '6.385858562716382e-22', 'r1_voltage': '4.203895392974451e-45', 'r1_speed': '3.6734198463196485e-40', 'r1_job': '17207', 'r2_rob_no': '-30417', 'r2_weld_line_no': '-16027', 'r2_electric': '-1.1381514713908342e+37', 'r2_voltage': '0.0', 'r2_speed': '9.550891600431086e-39', 'r2_job': '0', 'replace_status': '0', 'part_status': '0', 'r1_protective_gas': '0', 'r1_welding_wire': '0', 'r2_protective_gas': '0', 'r2_welding_wire': '0', 'login_id': '\x00\x00\x00\x00\x00a\x00\x00\x00\x00', 'login_password': '\n\x00\x00\x00\x00\x00\x00\x00\x00\x00'}
2021-03-02  13:15:17 Tue root INFO ('\n\x07250 PCB\x00', '2567', '12853', 23130, '18944', '0', '6.385858562716382e-22', '4.203895392974451e-45', '3.6734198463196485e-40', '17207', '-30417', '-16027', '-1.1381514713908342e+37', '0.0', '9.550891600431086e-39', '0', '0', '0', '0', '0', '0', '\x00\x00\x00\x00\x00a\x00\x00\x00\x00', '\n\x00\x00\x00\x00\x00\x00\x00\x00\x00', '0', '12320', '2021-03-02 13:15:17')
2021-03-02  13:15:17 Tue root INFO 成功添加数据
2021-03-02  13:15:17 Tue root INFO mes_plc_r5
2021-03-02  13:15:17 Tue root INFO 读取插入数据库数据：{'product_type': '\n\x00\x00\x00\x00\x00\x00\x00\x00\x00', 'r1_equipment_status': '2560', 'fail_code': '0', 'recerve': '0', 'prod_num': 0, 'r1_rob_no': '0', 'r1_weld_line_no': '0', 'r1_electric': '1.8870057723865944e-24', 'r1_voltage': '0.0', 'r1_speed': '0.0', 'r1_job': '17204', 'r2_rob_no': '26927', 'r2_weld_line_no': '16726', 'r2_electric': '-2.87545844912529e-08', 'r2_voltage': '0.0', 'r2_speed': '0.0', 'r2_job': '17204', 'replace_status': '3224', 'part_status': '16726', 'r1_protective_gas': '26852', 'r1_welding_wire': '0', 'r2_protective_gas': '0', 'r2_welding_wire': '0', 'login_id': '\x00\x00\x00\x00\x00\x00\x00\x00\x00\x00', 'login_password': '\n\x00\x00\x00\x00\x00\x00\x00\x00\x00'}
2021-03-02  13:15:17 Tue root INFO ('\n\x00\x00\x00\x00\x00\x00\x00\x00\x00', '2560', '0', 0, '0', '0', '1.8870057723865944e-24', '0.0', '0.0', '17204', '26927', '16726', '-2.87545844912529e-08', '0.0', '0.0', '17204', '3224', '26852', '0', '0', '0', '\x00\x00\x00\x00\x00\x00\x00\x00\x00\x00', '\n\x00\x00\x00\x00\x00\x00\x00\x00\x00', '16726', '0', '2021-03-02 13:15:17')
2021-03-02  13:15:18 Tue root INFO 成功添加数据
2021-03-02  13:15:18 Tue root INFO mes_plc_r6
2021-03-02  13:15:18 Tue root INFO 读取插入数据库数据：{'product_type': '\n\x00\x00\x00\x00\x00\x00\x00\x00\x00', 'r1_equipment_status': '2560', 'fail_code': '0', 'recerve': '0', 'prod_num': 0, 'r1_rob_no': '0', 'r1_weld_line_no': '0', 'r1_electric': '0.0', 'r1_voltage': '9.183815862507343e-40', 'r1_speed': '0.0', 'r1_job': '0', 'r2_rob_no': '0', 'r2_weld_line_no': '0', 'r2_electric': '0.0', 'r2_voltage': '0.0', 'r2_speed': '0.0', 'r2_job': '0', 'replace_status': '0', 'part_status': '0', 'r1_protective_gas': '0', 'r1_welding_wire': '0', 'r2_protective_gas': '0', 'r2_welding_wire': '0', 'login_id': '\x00\x00\x00\x00\x00\x00\x00\x00\x00\x00', 'login_password': '\n\x00\x00\x00\x00\x00\x00\x00\x00\x00'}
2021-03-02  13:15:18 Tue root INFO ('\n\x00\x00\x00\x00\x00\x00\x00\x00\x00', '2560', '0', 0, '0', '0', '0.0', '9.183815862507343e-40', '0.0', '0', '0', '0', '0.0', '0.0', '0.0', '0', '0', '0', '0', '0', '0', '\x00\x00\x00\x00\x00\x00\x00\x00\x00\x00', '\n\x00\x00\x00\x00\x00\x00\x00\x00\x00', '0', '0', '2021-03-02 13:15:18')
2021-03-02  13:15:18 Tue root INFO 成功添加数据
2021-03-02  13:16:39 Tue root INFO PLC1连接失败
2021-03-02  13:16:39 Tue root INFO plc连接状态:[0, 1, 1, 1, 1, 1]
2021-03-02  13:16:39 Tue root INFO mes_plc_r2
2021-03-02  13:16:39 Tue root INFO 读取插入数据库数据：{'product_type': '\n\x07250 TJ2\x00', 'r1_equipment_status': '0', 'fail_code': '0', 'recerve': '0', 'prod_num': 465, 'r1_rob_no': '104', 'r1_weld_line_no': '0', 'r1_electric': '0.0', 'r1_voltage': '0.0', 'r1_speed': '0.0', 'r1_job': '0', 'r2_rob_no': '0', 'r2_weld_line_no': '0', 'r2_electric': '0.0', 'r2_voltage': '0.0', 'r2_speed': '0.0', 'r2_job': '0', 'replace_status': '0', 'part_status': '0', 'r1_protective_gas': '0', 'r1_welding_wire': '0', 'r2_protective_gas': '0', 'r2_welding_wire': '0', 'login_id': '\n\x00\x00\x00\x00\x00\x00\x00\x00\x00', 'login_password': '\n\x00\x00\x00\x00\x00\x00\x00\x00\x00'}
2021-03-02  13:16:39 Tue root INFO ('\n\x07250 TJ2\x00', '0', '0', 465, '104', '0', '0.0', '0.0', '0.0', '0', '0', '0', '0.0', '0.0', '0.0', '0', '0', '0', '0', '0', '0', '\n\x00\x00\x00\x00\x00\x00\x00\x00\x00', '\n\x00\x00\x00\x00\x00\x00\x00\x00\x00', '0', '0', '2021-03-02 13:16:39')
2021-03-02  13:16:39 Tue root INFO 成功添加数据
2021-03-02  13:16:39 Tue root INFO mes_plc_r3
2021-03-02  13:16:40 Tue root INFO 读取插入数据库数据：{'product_type': '\n\x07250 TJ4\x00', 'r1_equipment_status': '0', 'fail_code': '0', 'recerve': '0', 'prod_num': 466, 'r1_rob_no': '104', 'r1_weld_line_no': '0', 'r1_electric': '183.34779357910156', 'r1_voltage': '13.892505645751953', 'r1_speed': '0.0', 'r1_job': '0', 'r2_rob_no': '0', 'r2_weld_line_no': '0', 'r2_electric': '0.0', 'r2_voltage': '0.0', 'r2_speed': '0.0', 'r2_job': '0', 'replace_status': '0', 'part_status': '0', 'r1_protective_gas': '0', 'r1_welding_wire': '0', 'r2_protective_gas': '0', 'r2_welding_wire': '0', 'login_id': '\n\x00\x00\x00\x00\x00\x00\x00\x00\x00', 'login_password': '\n\x00\x00\x00\x00\x00\x00\x00\x00\x00'}
2021-03-02  13:16:40 Tue root INFO ('\n\x07250 TJ4\x00', '0', '0', 466, '104', '0', '183.34779357910156', '13.892505645751953', '0.0', '0', '0', '0', '0.0', '0.0', '0.0', '0', '0', '0', '0', '0', '0', '\n\x00\x00\x00\x00\x00\x00\x00\x00\x00', '\n\x00\x00\x00\x00\x00\x00\x00\x00\x00', '0', '0', '2021-03-02 13:16:40')
2021-03-02  13:16:40 Tue root INFO 成功添加数据
2021-03-02  13:16:40 Tue root INFO mes_plc_r4
2021-03-02  13:16:40 Tue root INFO 读取插入数据库数据：{'product_type': '\n\x07250 PCB\x00', 'r1_equipment_status': '2567', 'fail_code': '12853', 'recerve': '12320', 'prod_num': 23130, 'r1_rob_no': '18944', 'r1_weld_line_no': '0', 'r1_electric': '6.385858562716382e-22', 'r1_voltage': '4.203895392974451e-45', 'r1_speed': '3.6734198463196485e-40', 'r1_job': '17207', 'r2_rob_no': '-26624', 'r2_weld_line_no': '16722', 'r2_electric': '-238370684928.0', 'r2_voltage': '0.0', 'r2_speed': '9.550891600431086e-39', 'r2_job': '0', 'replace_status': '0', 'part_status': '0', 'r1_protective_gas': '0', 'r1_welding_wire': '0', 'r2_protective_gas': '0', 'r2_welding_wire': '0', 'login_password': '\n\x00\x00\x00\x00\x00\x00\x00\x00\x00'}
2021-03-02  13:16:40 Tue root ERROR 读取插入数据库失败错误: 'login_id'
2021-03-02  13:16:40 Tue root INFO mes_plc_r5
2021-03-02  13:16:40 Tue root INFO 读取插入数据库数据：{'product_type': '\n\x00\x00\x00\x00\x00\x00\x00\x00\x00', 'r1_equipment_status': '2560', 'fail_code': '0', 'recerve': '0', 'prod_num': 0, 'r1_rob_no': '0', 'r1_weld_line_no': '0', 'r1_electric': '1.8870057723865944e-24', 'r1_voltage': '0.0', 'r1_speed': '0.0', 'r1_job': '17204', 'r2_rob_no': '27875', 'r2_weld_line_no': '16727', 'r2_electric': '-4.301500743989133e-26', 'r2_voltage': '0.0', 'r2_speed': '0.0', 'r2_job': '17203', 'replace_status': '-569', 'part_status': '16726', 'r1_protective_gas': '15474', 'r1_welding_wire': '0', 'r2_protective_gas': '0', 'r2_welding_wire': '0', 'login_id': '\x00\x00\x00\x00\x00\x00\x00\x00\x00\x00', 'login_password': '\n\x00\x00\x00\x00\x00\x00\x00\x00\x00'}
2021-03-02  13:16:40 Tue root INFO ('\n\x00\x00\x00\x00\x00\x00\x00\x00\x00', '2560', '0', 0, '0', '0', '1.8870057723865944e-24', '0.0', '0.0', '17204', '27875', '16727', '-4.301500743989133e-26', '0.0', '0.0', '17203', '-569', '15474', '0', '0', '0', '\x00\x00\x00\x00\x00\x00\x00\x00\x00\x00', '\n\x00\x00\x00\x00\x00\x00\x00\x00\x00', '16726', '0', '2021-03-02 13:16:40')
2021-03-02  13:16:40 Tue root INFO 成功添加数据
2021-03-02  13:16:40 Tue root INFO mes_plc_r6
2021-03-02  13:16:41 Tue root INFO 读取插入数据库数据：{'product_type': '\n\x00\x00\x00\x00\x00\x00\x00\x00\x00', 'r1_equipment_status': '2560', 'fail_code': '0', 'recerve': '0', 'prod_num': 0, 'r1_rob_no': '0', 'r1_weld_line_no': '0', 'r1_electric': '0.0', 'r1_voltage': '9.183815862507343e-40', 'r1_speed': '0.0', 'r1_job': '0', 'r2_rob_no': '0', 'r2_weld_line_no': '0', 'r2_electric': '0.0', 'r2_voltage': '0.0', 'r2_speed': '0.0', 'r2_job': '0', 'replace_status': '0', 'part_status': '0', 'r1_protective_gas': '0', 'r1_welding_wire': '0', 'r2_protective_gas': '0', 'r2_welding_wire': '0', 'login_id': '\x00\x00\x00\x00\x00\x00\x00\x00\x00\x00', 'login_password': '\n\x00\x00\x00\x00\x00\x00\x00\x00\x00'}
2021-03-02  13:16:41 Tue root INFO ('\n\x00\x00\x00\x00\x00\x00\x00\x00\x00', '2560', '0', 0, '0', '0', '0.0', '9.183815862507343e-40', '0.0', '0', '0', '0', '0.0', '0.0', '0.0', '0', '0', '0', '0', '0', '0', '\x00\x00\x00\x00\x00\x00\x00\x00\x00\x00', '\n\x00\x00\x00\x00\x00\x00\x00\x00\x00', '0', '0', '2021-03-02 13:16:41')
2021-03-02  13:16:41 Tue root INFO 成功添加数据
2021-03-02  13:18:02 Tue root INFO PLC1连接失败
2021-03-02  13:18:02 Tue root INFO plc连接状态:[0, 1, 1, 1, 1, 1]
2021-03-02  13:18:02 Tue root INFO mes_plc_r2
2021-03-02  13:18:02 Tue root INFO 读取插入数据库数据：{'product_type': '\n\x00\x00\x00\x00\x00\x00\x00\x00\x00', 'r1_equipment_status': '2560', 'fail_code': '0', 'recerve': '0', 'prod_num': 0, 'r1_rob_no': '0', 'r1_weld_line_no': '0', 'r1_electric': '9.744009901289938e-27', 'r1_voltage': '3.2510124372335756e-43', 'r1_speed': '0.0', 'r1_job': '17205', 'r2_rob_no': '-30189', 'r2_weld_line_no': '-16049', 'r2_electric': '-8.704557359781695e+19', 'r2_voltage': '0.0', 'r2_speed': '0.0', 'r2_job': '0', 'replace_status': '0', 'part_status': '0', 'r1_protective_gas': '0', 'r1_welding_wire': '0', 'r2_protective_gas': '0', 'r2_welding_wire': '0', 'login_id': '\x00\x00\x00\x00\x00\x07\x00\x00\x00\x00', 'login_password': '\n\x00\x00\x00\x00\x00\x00\x00\x00\x00'}
2021-03-02  13:18:02 Tue root INFO ('\n\x00\x00\x00\x00\x00\x00\x00\x00\x00', '2560', '0', 0, '0', '0', '9.744009901289938e-27', '3.2510124372335756e-43', '0.0', '17205', '-30189', '-16049', '-8.704557359781695e+19', '0.0', '0.0', '0', '0', '0', '0', '0', '0', '\x00\x00\x00\x00\x00\x07\x00\x00\x00\x00', '\n\x00\x00\x00\x00\x00\x00\x00\x00\x00', '0', '0', '2021-03-02 13:18:02')
2021-03-02  13:18:02 Tue root INFO 成功添加数据
2021-03-02  13:18:02 Tue root INFO mes_plc_r3
2021-03-02  13:18:02 Tue root INFO 读取插入数据库数据：{'product_type': '\n\x07250 TJ4\x00', 'r1_equipment_status': '0', 'fail_code': '0', 'recerve': '0', 'prod_num': 467, 'r1_rob_no': '104', 'r1_weld_line_no': '0', 'r1_electric': '183.44908142089844', 'r1_voltage': '13.874422073364258', 'r1_speed': '0.0', 'r1_job': '0', 'r2_rob_no': '0', 'r2_weld_line_no': '0', 'r2_electric': '0.0', 'r2_voltage': '0.0', 'r2_speed': '0.0', 'r2_job': '0', 'replace_status': '0', 'part_status': '0', 'r1_protective_gas': '0', 'r1_welding_wire': '0', 'r2_protective_gas': '0', 'r2_welding_wire': '0', 'login_id': '\n\x00\x00\x00\x00\x00\x00\x00\x00\x00', 'login_password': '\n\x00\x00\x00\x00\x00\x00\x00\x00\x00'}
2021-03-02  13:18:02 Tue root INFO ('\n\x07250 TJ4\x00', '0', '0', 467, '104', '0', '183.44908142089844', '13.874422073364258', '0.0', '0', '0', '0', '0.0', '0.0', '0.0', '0', '0', '0', '0', '0', '0', '\n\x00\x00\x00\x00\x00\x00\x00\x00\x00', '\n\x00\x00\x00\x00\x00\x00\x00\x00\x00', '0', '0', '2021-03-02 13:18:02')
2021-03-02  13:18:02 Tue root INFO 成功添加数据
2021-03-02  13:18:02 Tue root INFO mes_plc_r4
2021-03-02  13:18:03 Tue root INFO 读取插入数据库数据：{'product_type': '\n\x07250 PCB\x00', 'r1_equipment_status': '2567', 'fail_code': '12853', 'recerve': '12320', 'prod_num': 23130, 'r1_rob_no': '18944', 'r1_weld_line_no': '0', 'r1_electric': '9.727692471237622e-22', 'r1_voltage': '4.203895392974451e-45', 'r1_speed': '3.6734198463196485e-40', 'r1_job': '17207', 'r2_rob_no': '-30417', 'r2_weld_line_no': '16722', 'r2_electric': '8.145415696826511e+34', 'r2_voltage': '0.0', 'r2_speed': '9.550891600431086e-39', 'r2_job': '0', 'replace_status': '0', 'part_status': '0', 'r1_protective_gas': '0', 'r1_welding_wire': '0', 'r2_protective_gas': '0', 'r2_welding_wire': '0', 'login_password': '\n\x00\x00\x00\x00\x00\x00\x00\x00\x00'}
2021-03-02  13:18:03 Tue root ERROR 读取插入数据库失败错误: 'login_id'
2021-03-02  13:18:03 Tue root INFO mes_plc_r5
2021-03-02  13:18:03 Tue root INFO 读取插入数据库数据：{'product_type': '\n\x00\x00\x00\x00\x00\x00\x00\x00\x00', 'r1_equipment_status': '2560', 'fail_code': '0', 'recerve': '0', 'prod_num': 0, 'r1_rob_no': '0', 'r1_weld_line_no': '0', 'r1_electric': '1.8870057723865944e-24', 'r1_voltage': '0.0', 'r1_speed': '0.0', 'r1_job': '17204', 'r2_rob_no': '20290', 'r2_weld_line_no': '16726', 'r2_electric': '-2.87545844912529e-08', 'r2_voltage': '0.0', 'r2_speed': '0.0', 'r2_job': '17203', 'replace_status': '-3414', 'part_status': '16726', 'r1_protective_gas': '19266', 'r1_welding_wire': '0', 'r2_protective_gas': '0', 'r2_welding_wire': '0', 'login_id': '\x00\x00\x00\x00\x00\x00\x00\x00\x00\x00', 'login_password': '\n\x00\x00\x00\x00\x00\x00\x00\x00\x00'}
2021-03-02  13:18:03 Tue root INFO ('\n\x00\x00\x00\x00\x00\x00\x00\x00\x00', '2560', '0', 0, '0', '0', '1.8870057723865944e-24', '0.0', '0.0', '17204', '20290', '16726', '-2.87545844912529e-08', '0.0', '0.0', '17203', '-3414', '19266', '0', '0', '0', '\x00\x00\x00\x00\x00\x00\x00\x00\x00\x00', '\n\x00\x00\x00\x00\x00\x00\x00\x00\x00', '16726', '0', '2021-03-02 13:18:03')
2021-03-02  13:18:03 Tue root INFO 成功添加数据
2021-03-02  13:18:03 Tue root INFO mes_plc_r6
2021-03-02  13:18:03 Tue root INFO 读取插入数据库数据：{'product_type': '\n\x00\x00\x00\x00\x00\x00\x00\x00\x00', 'r1_equipment_status': '2560', 'fail_code': '0', 'recerve': '0', 'prod_num': 0, 'r1_rob_no': '0', 'r1_weld_line_no': '0', 'r1_electric': '0.0', 'r1_voltage': '9.183815862507343e-40', 'r1_speed': '0.0', 'r1_job': '0', 'r2_rob_no': '0', 'r2_weld_line_no': '0', 'r2_electric': '0.0', 'r2_voltage': '0.0', 'r2_speed': '0.0', 'r2_job': '0', 'replace_status': '0', 'part_status': '0', 'r1_protective_gas': '0', 'r1_welding_wire': '0', 'r2_protective_gas': '0', 'r2_welding_wire': '0', 'login_id': '\x00\x00\x00\x00\x00\x00\x00\x00\x00\x00', 'login_password': '\n\x00\x00\x00\x00\x00\x00\x00\x00\x00'}
2021-03-02  13:18:03 Tue root INFO ('\n\x00\x00\x00\x00\x00\x00\x00\x00\x00', '2560', '0', 0, '0', '0', '0.0', '9.183815862507343e-40', '0.0', '0', '0', '0', '0.0', '0.0', '0.0', '0', '0', '0', '0', '0', '0', '\x00\x00\x00\x00\x00\x00\x00\x00\x00\x00', '\n\x00\x00\x00\x00\x00\x00\x00\x00\x00', '0', '0', '2021-03-02 13:18:03')
2021-03-02  13:18:03 Tue root INFO 成功添加数据
2021-03-02  13:19:24 Tue root INFO PLC1连接失败
2021-03-02  13:19:24 Tue root INFO plc连接状态:[0, 1, 1, 1, 1, 1]
2021-03-02  13:19:24 Tue root INFO mes_plc_r2
2021-03-02  13:19:25 Tue root INFO 读取插入数据库数据：{'product_type': '\n\x00\x00\x00\x00\x00\x00\x00\x00\x00', 'r1_equipment_status': '2560', 'fail_code': '0', 'recerve': '0', 'prod_num': 0, 'r1_rob_no': '0', 'r1_weld_line_no': '0', 'r1_electric': '1.4843206792638558e-26', 'r1_voltage': '3.2510124372335756e-43', 'r1_speed': '0.0', 'r1_job': '17205', 'r2_rob_no': '-25448', 'r2_weld_line_no': '16722', 'r2_electric': '2.1191226551309228e-10', 'r2_voltage': '0.0', 'r2_speed': '0.0', 'r2_job': '0', 'replace_status': '0', 'part_status': '0', 'r1_protective_gas': '0', 'r1_welding_wire': '0', 'r2_protective_gas': '0', 'r2_welding_wire': '0', 'login_id': '\x00\x00\x00\x00\x00\x0c\x00\x00\x00\x00', 'login_password': '\n\x00\x00\x00\x00\x00\x00\x00\x00\x00'}
2021-03-02  13:19:25 Tue root INFO ('\n\x00\x00\x00\x00\x00\x00\x00\x00\x00', '2560', '0', 0, '0', '0', '1.4843206792638558e-26', '3.2510124372335756e-43', '0.0', '17205', '-25448', '16722', '2.1191226551309228e-10', '0.0', '0.0', '0', '0', '0', '0', '0', '0', '\x00\x00\x00\x00\x00\x0c\x00\x00\x00\x00', '\n\x00\x00\x00\x00\x00\x00\x00\x00\x00', '0', '0', '2021-03-02 13:19:25')
2021-03-02  13:19:25 Tue root INFO 成功添加数据
2021-03-02  13:19:25 Tue root INFO mes_plc_r3
2021-03-02  13:19:25 Tue root INFO 读取插入数据库数据：{'product_type': '\n\x07250 TJ4\x00', 'r1_equipment_status': '0', 'fail_code': '0', 'recerve': '0', 'prod_num': 468, 'r1_rob_no': '104', 'r1_weld_line_no': '0', 'r1_electric': '183.3043975830078', 'r1_voltage': '-16.880064010620117', 'r1_speed': '0.0', 'r1_job': '0', 'r2_rob_no': '0', 'r2_weld_line_no': '0', 'r2_electric': '0.0', 'r2_voltage': '0.0', 'r2_speed': '0.0', 'r2_job': '0', 'replace_status': '0', 'part_status': '0', 'r1_protective_gas': '0', 'r1_welding_wire': '0', 'r2_protective_gas': '0', 'r2_welding_wire': '0', 'login_id': '\n\x00\x00\x00\x00\x00\x00\x00\x00\x00', 'login_password': '\n\x00\x00\x00\x00\x00\x00\x00\x00\x00'}
2021-03-02  13:19:25 Tue root INFO ('\n\x07250 TJ4\x00', '0', '0', 468, '104', '0', '183.3043975830078', '-16.880064010620117', '0.0', '0', '0', '0', '0.0', '0.0', '0.0', '0', '0', '0', '0', '0', '0', '\n\x00\x00\x00\x00\x00\x00\x00\x00\x00', '\n\x00\x00\x00\x00\x00\x00\x00\x00\x00', '0', '0', '2021-03-02 13:19:25')
2021-03-02  13:19:25 Tue root INFO 成功添加数据
2021-03-02  13:19:25 Tue root INFO mes_plc_r4
2021-03-02  13:19:25 Tue root INFO 读取插入数据库数据：{'product_type': '\n\x07250 PCB\x00', 'r1_equipment_status': '2567', 'fail_code': '12853', 'recerve': '12320', 'prod_num': 23130, 'r1_rob_no': '18944', 'r1_weld_line_no': '0', 'r1_electric': '9.727692471237622e-22', 'r1_voltage': '4.203895392974451e-45', 'r1_speed': '3.6734198463196485e-40', 'r1_job': '17207', 'r2_rob_no': '-30417', 'r2_weld_line_no': '16722', 'r2_electric': '0.1806640625', 'r2_voltage': '0.0', 'r2_speed': '9.550891600431086e-39', 'r2_job': '0', 'replace_status': '0', 'part_status': '0', 'r1_protective_gas': '0', 'r1_welding_wire': '0', 'r2_protective_gas': '0', 'r2_welding_wire': '0', 'login_password': '\n\x00\x00\x00\x00\x00\x00\x00\x00\x00'}
2021-03-02  13:19:25 Tue root ERROR 读取插入数据库失败错误: 'login_id'
2021-03-02  13:19:25 Tue root INFO mes_plc_r5
2021-03-02  13:19:26 Tue root INFO 读取插入数据库数据：{'product_type': '\n\x00\x00\x00\x00\x00\x00\x00\x00\x00', 'r1_equipment_status': '2560', 'fail_code': '0', 'recerve': '0', 'prod_num': 0, 'r1_rob_no': '0', 'r1_weld_line_no': '0', 'r1_electric': '1.8870057723865944e-24', 'r1_voltage': '0.0', 'r1_speed': '0.0', 'r1_job': '17204', 'r2_rob_no': '24083', 'r2_weld_line_no': '16726', 'r2_electric': '-2.87545844912529e-08', 'r2_voltage': '0.0', 'r2_speed': '0.0', 'r2_job': '17203', 'replace_status': '-9102', 'part_status': '16726', 'r1_protective_gas': '26852', 'r1_welding_wire': '0', 'r2_protective_gas': '0', 'r2_welding_wire': '0', 'login_id': '\x00\x00\x00\x00\x00\x00\x00\x00\x00\x00', 'login_password': '\n\x00\x00\x00\x00\x00\x00\x00\x00\x00'}
2021-03-02  13:19:26 Tue root INFO ('\n\x00\x00\x00\x00\x00\x00\x00\x00\x00', '2560', '0', 0, '0', '0', '1.8870057723865944e-24', '0.0', '0.0', '17204', '24083', '16726', '-2.87545844912529e-08', '0.0', '0.0', '17203', '-9102', '26852', '0', '0', '0', '\x00\x00\x00\x00\x00\x00\x00\x00\x00\x00', '\n\x00\x00\x00\x00\x00\x00\x00\x00\x00', '16726', '0', '2021-03-02 13:19:26')
2021-03-02  13:19:26 Tue root INFO 成功添加数据
2021-03-02  13:19:26 Tue root INFO mes_plc_r6
2021-03-02  13:19:26 Tue root INFO 读取插入数据库数据：{'product_type': '\n\x00\x00\x00\x00\x00\x00\x00\x00\x00', 'r1_equipment_status': '2560', 'fail_code': '0', 'recerve': '0', 'prod_num': 0, 'r1_rob_no': '0', 'r1_weld_line_no': '0', 'r1_electric': '0.0', 'r1_voltage': '9.183815862507343e-40', 'r1_speed': '0.0', 'r1_job': '0', 'r2_rob_no': '0', 'r2_weld_line_no': '0', 'r2_electric': '0.0', 'r2_voltage': '0.0', 'r2_speed': '0.0', 'r2_job': '0', 'replace_status': '0', 'part_status': '0', 'r1_protective_gas': '0', 'r1_welding_wire': '0', 'r2_protective_gas': '0', 'r2_welding_wire': '0', 'login_id': '\x00\x00\x00\x00\x00\x00\x00\x00\x00\x00', 'login_password': '\n\x00\x00\x00\x00\x00\x00\x00\x00\x00'}
2021-03-02  13:19:26 Tue root INFO ('\n\x00\x00\x00\x00\x00\x00\x00\x00\x00', '2560', '0', 0, '0', '0', '0.0', '9.183815862507343e-40', '0.0', '0', '0', '0', '0.0', '0.0', '0.0', '0', '0', '0', '0', '0', '0', '\x00\x00\x00\x00\x00\x00\x00\x00\x00\x00', '\n\x00\x00\x00\x00\x00\x00\x00\x00\x00', '0', '0', '2021-03-02 13:19:26')
2021-03-02  13:19:26 Tue root INFO 成功添加数据
2021-03-02  13:20:47 Tue root INFO PLC1连接失败
2021-03-02  13:20:47 Tue root INFO plc连接状态:[0, 1, 1, 1, 1, 1]
2021-03-02  13:20:47 Tue root INFO mes_plc_r2
2021-03-02  13:20:48 Tue root INFO 读取插入数据库数据：{'product_type': '\n\x00\x00\x00\x00\x00\x00\x00\x00\x00', 'r1_equipment_status': '2560', 'fail_code': '0', 'recerve': '0', 'prod_num': 0, 'r1_rob_no': '0', 'r1_weld_line_no': '0', 'r1_electric': '1.4843206792638558e-26', 'r1_voltage': '3.2510124372335756e-43', 'r1_speed': '0.0', 'r1_job': '17205', 'r2_rob_no': '-25448', 'r2_weld_line_no': '16722', 'r2_electric': '2.1191226551309228e-10', 'r2_voltage': '0.0', 'r2_speed': '0.0', 'r2_job': '0', 'replace_status': '0', 'part_status': '0', 'r1_protective_gas': '0', 'r1_welding_wire': '0', 'r2_protective_gas': '0', 'r2_welding_wire': '0', 'login_id': '\x00\x00\x00\x00\x00\x0c\x00\x00\x00\x00', 'login_password': '\n\x00\x00\x00\x00\x00\x00\x00\x00\x00'}
2021-03-02  13:20:48 Tue root INFO ('\n\x00\x00\x00\x00\x00\x00\x00\x00\x00', '2560', '0', 0, '0', '0', '1.4843206792638558e-26', '3.2510124372335756e-43', '0.0', '17205', '-25448', '16722', '2.1191226551309228e-10', '0.0', '0.0', '0', '0', '0', '0', '0', '0', '\x00\x00\x00\x00\x00\x0c\x00\x00\x00\x00', '\n\x00\x00\x00\x00\x00\x00\x00\x00\x00', '0', '0', '2021-03-02 13:20:48')
2021-03-02  13:20:48 Tue root INFO 成功添加数据
2021-03-02  13:20:48 Tue root INFO mes_plc_r3
2021-03-02  13:20:48 Tue root INFO 读取插入数据库数据：{'product_type': '\n\x07250 TJ4\x00', 'r1_equipment_status': '0', 'fail_code': '0', 'recerve': '0', 'prod_num': 468, 'r1_rob_no': '104', 'r1_weld_line_no': '0', 'r1_electric': '183.37673950195312', 'r1_voltage': '13.88888931274414', 'r1_speed': '0.0', 'r1_job': '0', 'r2_rob_no': '0', 'r2_weld_line_no': '0', 'r2_electric': '0.0', 'r2_voltage': '0.0', 'r2_speed': '0.0', 'r2_job': '0', 'replace_status': '0', 'part_status': '0', 'r1_protective_gas': '0', 'r1_welding_wire': '0', 'r2_protective_gas': '0', 'r2_welding_wire': '0', 'login_id': '\n\x00\x00\x00\x00\x00\x00\x00\x00\x00', 'login_password': '\n\x00\x00\x00\x00\x00\x00\x00\x00\x00'}
2021-03-02  13:20:48 Tue root INFO ('\n\x07250 TJ4\x00', '0', '0', 468, '104', '0', '183.37673950195312', '13.88888931274414', '0.0', '0', '0', '0', '0.0', '0.0', '0.0', '0', '0', '0', '0', '0', '0', '\n\x00\x00\x00\x00\x00\x00\x00\x00\x00', '\n\x00\x00\x00\x00\x00\x00\x00\x00\x00', '0', '0', '2021-03-02 13:20:48')
2021-03-02  13:20:48 Tue root INFO 成功添加数据
2021-03-02  13:20:48 Tue root INFO mes_plc_r4
2021-03-02  13:20:48 Tue root INFO 读取插入数据库数据：{'product_type': '\n\x07250 PCB\x00', 'r1_equipment_status': '2567', 'fail_code': '12853', 'recerve': '12320', 'prod_num': 23130, 'r1_rob_no': '18944', 'r1_weld_line_no': '0', 'r1_electric': '6.079807794523514e-23', 'r1_voltage': '5.605193857299268e-45', 'r1_speed': '3.6734198463196485e-40', 'r1_job': '17207', 'r2_rob_no': '-28520', 'r2_weld_line_no': '-15995', 'r2_electric': '8.38085825706803e-27', 'r2_voltage': '0.0', 'r2_speed': '9.550891600431086e-39', 'r2_job': '0', 'replace_status': '0', 'part_status': '0', 'r1_protective_gas': '0', 'r1_welding_wire': '0', 'r2_protective_gas': '0', 'r2_welding_wire': '0', 'login_password': '\n\x00\x00\x00\x00\x00\x00\x00\x00\x00'}
2021-03-02  13:20:48 Tue root ERROR 读取插入数据库失败错误: 'login_id'
2021-03-02  13:20:48 Tue root INFO mes_plc_r5
2021-03-02  13:20:48 Tue root INFO 读取插入数据库数据：{'product_type': '\n\x00\x00\x00\x00\x00\x00\x00\x00\x00', 'r1_equipment_status': '2560', 'fail_code': '0', 'recerve': '0', 'prod_num': 0, 'r1_rob_no': '0', 'r1_weld_line_no': '0', 'r1_electric': '1.8870057723865944e-24', 'r1_voltage': '0.0', 'r1_speed': '0.0', 'r1_job': '17204', 'r2_rob_no': '24083', 'r2_weld_line_no': '16726', 'r2_electric': '-1.678941941083721e+19', 'r2_voltage': '0.0', 'r2_speed': '0.0', 'r2_job': '17203', 'replace_status': '-5310', 'part_status': '16726', 'r1_protective_gas': '15474', 'r1_welding_wire': '0', 'r2_protective_gas': '0', 'r2_welding_wire': '0', 'login_id': '\x00\x00\x00\x00\x00\x00\x00\x00\x00\x00', 'login_password': '\n\x00\x00\x00\x00\x00\x00\x00\x00\x00'}
2021-03-02  13:20:48 Tue root INFO ('\n\x00\x00\x00\x00\x00\x00\x00\x00\x00', '2560', '0', 0, '0', '0', '1.8870057723865944e-24', '0.0', '0.0', '17204', '24083', '16726', '-1.678941941083721e+19', '0.0', '0.0', '17203', '-5310', '15474', '0', '0', '0', '\x00\x00\x00\x00\x00\x00\x00\x00\x00\x00', '\n\x00\x00\x00\x00\x00\x00\x00\x00\x00', '16726', '0', '2021-03-02 13:20:48')
2021-03-02  13:20:49 Tue root INFO 成功添加数据
2021-03-02  13:20:49 Tue root INFO mes_plc_r6
2021-03-02  13:20:49 Tue root INFO 读取插入数据库数据：{'product_type': '\n\x00\x00\x00\x00\x00\x00\x00\x00\x00', 'r1_equipment_status': '2560', 'fail_code': '0', 'recerve': '0', 'prod_num': 0, 'r1_rob_no': '0', 'r1_weld_line_no': '0', 'r1_electric': '0.0', 'r1_voltage': '9.183815862507343e-40', 'r1_speed': '0.0', 'r1_job': '0', 'r2_rob_no': '0', 'r2_weld_line_no': '0', 'r2_electric': '0.0', 'r2_voltage': '0.0', 'r2_speed': '0.0', 'r2_job': '0', 'replace_status': '0', 'part_status': '0', 'r1_protective_gas': '0', 'r1_welding_wire': '0', 'r2_protective_gas': '0', 'r2_welding_wire': '0', 'login_id': '\x00\x00\x00\x00\x00\x00\x00\x00\x00\x00', 'login_password': '\n\x00\x00\x00\x00\x00\x00\x00\x00\x00'}
2021-03-02  13:20:49 Tue root INFO ('\n\x00\x00\x00\x00\x00\x00\x00\x00\x00', '2560', '0', 0, '0', '0', '0.0', '9.183815862507343e-40', '0.0', '0', '0', '0', '0.0', '0.0', '0.0', '0', '0', '0', '0', '0', '0', '\x00\x00\x00\x00\x00\x00\x00\x00\x00\x00', '\n\x00\x00\x00\x00\x00\x00\x00\x00\x00', '0', '0', '2021-03-02 13:20:49')
2021-03-02  13:20:49 Tue root INFO 成功添加数据
2021-03-02  13:20:55 Tue werkzeug INFO 127.0.0.1 - - [02/Mar/2021 13:20:55] "[33mGET /plc/4/ HTTP/1.1[0m" 404 -
2021-03-02  13:21:44 Tue werkzeug INFO 127.0.0.1 - - [02/Mar/2021 13:21:44] "[33mGET /plc/4/ HTTP/1.1[0m" 404 -
2021-03-02  13:21:47 Tue werkzeug INFO 127.0.0.1 - - [02/Mar/2021 13:21:47] "[33mGET /plc/4/ HTTP/1.1[0m" 404 -
2021-03-02  13:22:10 Tue root INFO PLC1连接失败
2021-03-02  13:22:10 Tue root INFO plc连接状态:[0, 1, 1, 1, 1, 1]
2021-03-02  13:22:10 Tue root INFO mes_plc_r2
2021-03-02  13:22:10 Tue root INFO 读取插入数据库数据：{'product_type': '\n\x00\x00\x00\x00\x00\x00\x00\x00\x00', 'r1_equipment_status': '2560', 'fail_code': '0', 'recerve': '0', 'prod_num': 0, 'r1_rob_no': '0', 'r1_weld_line_no': '0', 'r1_electric': '1.4843280748348423e-26', 'r1_voltage': '3.2510124372335756e-43', 'r1_speed': '0.0', 'r1_job': '17205', 'r2_rob_no': '-22604', 'r2_weld_line_no': '16722', 'r2_electric': '2.1191226551309228e-10', 'r2_voltage': '0.0', 'r2_speed': '0.0', 'r2_job': '0', 'replace_status': '0', 'part_status': '0', 'r1_protective_gas': '0', 'r1_welding_wire': '0', 'r2_protective_gas': '0', 'r2_welding_wire': '0', 'login_id': '\x00\x00\x00\x00\x00\x0c\x00\x00\x00\x00', 'login_password': '\n\x00\x00\x00\x00\x00\x00\x00\x00\x00'}
2021-03-02  13:22:10 Tue root INFO ('\n\x00\x00\x00\x00\x00\x00\x00\x00\x00', '2560', '0', 0, '0', '0', '1.4843280748348423e-26', '3.2510124372335756e-43', '0.0', '17205', '-22604', '16722', '2.1191226551309228e-10', '0.0', '0.0', '0', '0', '0', '0', '0', '0', '\x00\x00\x00\x00\x00\x0c\x00\x00\x00\x00', '\n\x00\x00\x00\x00\x00\x00\x00\x00\x00', '0', '0', '2021-03-02 13:22:10')
2021-03-02  13:22:10 Tue root INFO 成功添加数据
2021-03-02  13:22:10 Tue root INFO mes_plc_r3
2021-03-02  13:22:11 Tue root INFO 读取插入数据库数据：{'product_type': '\n\x07250 TJ3\x00', 'r1_equipment_status': '0', 'fail_code': '0', 'recerve': '0', 'prod_num': 469, 'r1_rob_no': '4', 'r1_weld_line_no': '0', 'r1_electric': '183.39120483398438', 'r1_voltage': '13.899739265441895', 'r1_speed': '0.0', 'r1_job': '0', 'r2_rob_no': '0', 'r2_weld_line_no': '0', 'r2_electric': '0.0', 'r2_voltage': '0.0', 'r2_speed': '0.0', 'r2_job': '0', 'replace_status': '0', 'part_status': '0', 'r1_protective_gas': '0', 'r1_welding_wire': '0', 'r2_protective_gas': '0', 'r2_welding_wire': '0', 'login_id': '\n\x00\x00\x00\x00\x00\x00\x00\x00\x00', 'login_password': '\n\x00\x00\x00\x00\x00\x00\x00\x00\x00'}
2021-03-02  13:22:11 Tue root INFO ('\n\x07250 TJ3\x00', '0', '0', 469, '4', '0', '183.39120483398438', '13.899739265441895', '0.0', '0', '0', '0', '0.0', '0.0', '0.0', '0', '0', '0', '0', '0', '0', '\n\x00\x00\x00\x00\x00\x00\x00\x00\x00', '\n\x00\x00\x00\x00\x00\x00\x00\x00\x00', '0', '0', '2021-03-02 13:22:11')
2021-03-02  13:22:11 Tue root INFO 成功添加数据
2021-03-02  13:22:11 Tue root INFO mes_plc_r4
2021-03-02  13:22:11 Tue root INFO 读取插入数据库数据：{'product_type': '\n\x07250 PCB\x00', 'r1_equipment_status': '2567', 'fail_code': '12853', 'recerve': '12320', 'prod_num': 23130, 'r1_rob_no': '18944', 'r1_weld_line_no': '0', 'r1_electric': '9.727692471237622e-22', 'r1_voltage': '5.605193857299268e-45', 'r1_speed': '3.6734198463196485e-40', 'r1_job': '17207', 'r2_rob_no': '31327', 'r2_weld_line_no': '16722', 'r2_electric': '1.221601398924247e+17', 'r2_voltage': '0.0', 'r2_speed': '9.550891600431086e-39', 'r2_job': '0', 'replace_status': '0', 'part_status': '0', 'r1_protective_gas': '0', 'r1_welding_wire': '0', 'r2_protective_gas': '0', 'r2_welding_wire': '0', 'login_password': '\n\x00\x00\x00\x00\x00\x00\x00\x00\x00'}
2021-03-02  13:22:11 Tue root ERROR 读取插入数据库失败错误: 'login_id'
2021-03-02  13:22:11 Tue root INFO mes_plc_r5
2021-03-02  13:22:11 Tue root INFO 读取插入数据库数据：{'product_type': '\n\x00\x00\x00\x00\x00\x00\x00\x00\x00', 'r1_equipment_status': '2560', 'fail_code': '0', 'recerve': '0', 'prod_num': 0, 'r1_rob_no': '0', 'r1_weld_line_no': '0', 'r1_electric': '1.8870057723865944e-24', 'r1_voltage': '0.0', 'r1_speed': '0.0', 'r1_job': '17204', 'r2_rob_no': '20290', 'r2_weld_line_no': '16726', 'r2_electric': '-1.1381514713908342e+37', 'r2_voltage': '0.0', 'r2_speed': '0.0', 'r2_job': '17203', 'replace_status': '-9102', 'part_status': '16726', 'r1_protective_gas': '19266', 'r1_welding_wire': '0', 'r2_protective_gas': '0', 'r2_welding_wire': '0', 'login_id': '\x00\x00\x00\x00\x00\x00\x00\x00\x00\x00', 'login_password': '\n\x00\x00\x00\x00\x00\x00\x00\x00\x00'}
2021-03-02  13:22:11 Tue root INFO ('\n\x00\x00\x00\x00\x00\x00\x00\x00\x00', '2560', '0', 0, '0', '0', '1.8870057723865944e-24', '0.0', '0.0', '17204', '20290', '16726', '-1.1381514713908342e+37', '0.0', '0.0', '17203', '-9102', '19266', '0', '0', '0', '\x00\x00\x00\x00\x00\x00\x00\x00\x00\x00', '\n\x00\x00\x00\x00\x00\x00\x00\x00\x00', '16726', '0', '2021-03-02 13:22:11')
2021-03-02  13:22:11 Tue root INFO 成功添加数据
2021-03-02  13:22:11 Tue root INFO mes_plc_r6
2021-03-02  13:22:12 Tue root INFO 读取插入数据库数据：{'product_type': '\n\x00\x00\x00\x00\x00\x00\x00\x00\x00', 'r1_equipment_status': '2560', 'fail_code': '0', 'recerve': '0', 'prod_num': 0, 'r1_rob_no': '0', 'r1_weld_line_no': '0', 'r1_electric': '0.0', 'r1_voltage': '9.183815862507343e-40', 'r1_speed': '0.0', 'r1_job': '0', 'r2_rob_no': '0', 'r2_weld_line_no': '0', 'r2_electric': '0.0', 'r2_voltage': '0.0', 'r2_speed': '0.0', 'r2_job': '0', 'replace_status': '0', 'part_status': '0', 'r1_protective_gas': '0', 'r1_welding_wire': '0', 'r2_protective_gas': '0', 'r2_welding_wire': '0', 'login_id': '\x00\x00\x00\x00\x00\x00\x00\x00\x00\x00', 'login_password': '\n\x00\x00\x00\x00\x00\x00\x00\x00\x00'}
2021-03-02  13:22:12 Tue root INFO ('\n\x00\x00\x00\x00\x00\x00\x00\x00\x00', '2560', '0', 0, '0', '0', '0.0', '9.183815862507343e-40', '0.0', '0', '0', '0', '0.0', '0.0', '0.0', '0', '0', '0', '0', '0', '0', '\x00\x00\x00\x00\x00\x00\x00\x00\x00\x00', '\n\x00\x00\x00\x00\x00\x00\x00\x00\x00', '0', '0', '2021-03-02 13:22:12')
2021-03-02  13:22:12 Tue root INFO 成功添加数据
2021-03-02  13:23:00 Tue werkzeug INFO 127.0.0.1 - - [02/Mar/2021 13:23:00] "[33mGET /plc/4/ HTTP/1.1[0m" 404 -
2021-03-02  13:23:30 Tue werkzeug INFO 127.0.0.1 - - [02/Mar/2021 13:23:30] "[33mGET / HTTP/1.1[0m" 404 -
2021-03-02  13:23:33 Tue root INFO PLC1连接失败
2021-03-02  13:23:33 Tue root INFO plc连接状态:[0, 1, 1, 1, 1, 1]
2021-03-02  13:23:33 Tue root INFO mes_plc_r2
2021-03-02  13:23:33 Tue root INFO 读取插入数据库数据：{'product_type': '\n\x07250 TJ1\x00', 'r1_equipment_status': '2560', 'fail_code': '0', 'recerve': '0', 'prod_num': 0, 'r1_rob_no': '0', 'r1_weld_line_no': '0', 'r1_electric': '9.74404687914487e-27', 'r1_voltage': '3.2510124372335756e-43', 'r1_speed': '3.6734198463196485e-40', 'r1_job': '17205', 'r2_rob_no': '-27345', 'r2_weld_line_no': '-15990', 'r2_electric': '-5.573319583618286e-14', 'r2_voltage': '0.0', 'r2_speed': '0.0', 'r2_job': '0', 'replace_status': '0', 'part_status': '0', 'r1_protective_gas': '0', 'r1_welding_wire': '0', 'r2_protective_gas': '0', 'r2_welding_wire': '0', 'login_id': '\x00\x00\x00\x00\x00$\x00\x00\x00\x00', 'login_password': '\n\x00\x00\x00\x00\x00\x00\x00\x00\x00'}
2021-03-02  13:23:33 Tue root INFO ('\n\x07250 TJ1\x00', '2560', '0', 0, '0', '0', '9.74404687914487e-27', '3.2510124372335756e-43', '3.6734198463196485e-40', '17205', '-27345', '-15990', '-5.573319583618286e-14', '0.0', '0.0', '0', '0', '0', '0', '0', '0', '\x00\x00\x00\x00\x00$\x00\x00\x00\x00', '\n\x00\x00\x00\x00\x00\x00\x00\x00\x00', '0', '0', '2021-03-02 13:23:33')
2021-03-02  13:23:33 Tue root INFO 成功添加数据
2021-03-02  13:23:33 Tue root INFO mes_plc_r3
2021-03-02  13:23:34 Tue root INFO 读取插入数据库数据：{'product_type': '\n\x07250 TJ3\x00', 'r1_equipment_status': '0', 'fail_code': '0', 'recerve': '0', 'prod_num': 469, 'r1_rob_no': '4', 'r1_weld_line_no': '0', 'r1_electric': '183.44908142089844', 'r1_voltage': '13.870803833007812', 'r1_speed': '0.0', 'r1_job': '0', 'r2_rob_no': '0', 'r2_weld_line_no': '0', 'r2_electric': '0.0', 'r2_voltage': '0.0', 'r2_speed': '0.0', 'r2_job': '0', 'replace_status': '0', 'part_status': '0', 'r1_protective_gas': '0', 'r1_welding_wire': '0', 'r2_protective_gas': '0', 'r2_welding_wire': '0', 'login_id': '\n\x00\x00\x00\x00\x00\x00\x00\x00\x00', 'login_password': '\n\x00\x00\x00\x00\x00\x00\x00\x00\x00'}
2021-03-02  13:23:34 Tue root INFO ('\n\x07250 TJ3\x00', '0', '0', 469, '4', '0', '183.44908142089844', '13.870803833007812', '0.0', '0', '0', '0', '0.0', '0.0', '0.0', '0', '0', '0', '0', '0', '0', '\n\x00\x00\x00\x00\x00\x00\x00\x00\x00', '\n\x00\x00\x00\x00\x00\x00\x00\x00\x00', '0', '0', '2021-03-02 13:23:34')
2021-03-02  13:23:34 Tue root INFO 成功添加数据
2021-03-02  13:23:34 Tue root INFO mes_plc_r4
2021-03-02  13:23:34 Tue root INFO 读取插入数据库数据：{'product_type': '\n\x07250 PCB\x00', 'r1_equipment_status': '2567', 'fail_code': '12853', 'recerve': '12320', 'prod_num': 23130, 'r1_rob_no': '18944', 'r1_weld_line_no': '0', 'r1_electric': '6.385858562716382e-22', 'r1_voltage': '5.605193857299268e-45', 'r1_speed': '3.6734198463196485e-40', 'r1_job': '17207', 'r2_rob_no': '15208', 'r2_weld_line_no': '17133', 'r2_electric': '2.4375050858650954e-34', 'r2_voltage': '0.0', 'r2_speed': '9.550891600431086e-39', 'r2_job': '0', 'replace_status': '0', 'part_status': '0', 'r1_protective_gas': '0', 'r1_welding_wire': '0', 'r2_protective_gas': '0', 'r2_welding_wire': '0', 'login_password': '\n\x00\x00\x00\x00\x00\x00\x00\x00\x00'}
2021-03-02  13:23:34 Tue root ERROR 读取插入数据库失败错误: 'login_id'
2021-03-02  13:23:34 Tue root INFO mes_plc_r5
2021-03-02  13:23:34 Tue root INFO 读取插入数据库数据：{'product_type': '\n\x00\x00\x00\x00\x00\x00\x00\x00\x00', 'r1_equipment_status': '2560', 'fail_code': '0', 'recerve': '0', 'prod_num': 0, 'r1_rob_no': '0', 'r1_weld_line_no': '0', 'r1_electric': '1.8870057723865944e-24', 'r1_voltage': '0.0', 'r1_speed': '0.0', 'r1_job': '17204', 'r2_rob_no': '19342', 'r2_weld_line_no': '16726', 'r2_electric': '-1.1381514713908342e+37', 'r2_voltage': '0.0', 'r2_speed': '0.0', 'r2_job': '17203', 'replace_status': '-14791', 'part_status': '16726', 'r1_protective_gas': '19266', 'r1_welding_wire': '0', 'r2_protective_gas': '0', 'r2_welding_wire': '0', 'login_id': '\x00\x00\x00\x00\x00\x00\x00\x00\x00\x00', 'login_password': '\n\x00\x00\x00\x00\x00\x00\x00\x00\x00'}
2021-03-02  13:23:34 Tue root INFO ('\n\x00\x00\x00\x00\x00\x00\x00\x00\x00', '2560', '0', 0, '0', '0', '1.8870057723865944e-24', '0.0', '0.0', '17204', '19342', '16726', '-1.1381514713908342e+37', '0.0', '0.0', '17203', '-14791', '19266', '0', '0', '0', '\x00\x00\x00\x00\x00\x00\x00\x00\x00\x00', '\n\x00\x00\x00\x00\x00\x00\x00\x00\x00', '16726', '0', '2021-03-02 13:23:34')
2021-03-02  13:23:34 Tue root INFO 成功添加数据
2021-03-02  13:23:34 Tue root INFO mes_plc_r6
2021-03-02  13:23:35 Tue root INFO 读取插入数据库数据：{'product_type': '\n\x00\x00\x00\x00\x00\x00\x00\x00\x00', 'r1_equipment_status': '2560', 'fail_code': '0', 'recerve': '0', 'prod_num': 0, 'r1_rob_no': '0', 'r1_weld_line_no': '0', 'r1_electric': '0.0', 'r1_voltage': '9.183815862507343e-40', 'r1_speed': '0.0', 'r1_job': '0', 'r2_rob_no': '0', 'r2_weld_line_no': '0', 'r2_electric': '0.0', 'r2_voltage': '0.0', 'r2_speed': '0.0', 'r2_job': '0', 'replace_status': '0', 'part_status': '0', 'r1_protective_gas': '0', 'r1_welding_wire': '0', 'r2_protective_gas': '0', 'r2_welding_wire': '0', 'login_id': '\x00\x00\x00\x00\x00\x00\x00\x00\x00\x00', 'login_password': '\n\x00\x00\x00\x00\x00\x00\x00\x00\x00'}
2021-03-02  13:23:35 Tue root INFO ('\n\x00\x00\x00\x00\x00\x00\x00\x00\x00', '2560', '0', 0, '0', '0', '0.0', '9.183815862507343e-40', '0.0', '0', '0', '0', '0.0', '0.0', '0.0', '0', '0', '0', '0', '0', '0', '\x00\x00\x00\x00\x00\x00\x00\x00\x00\x00', '\n\x00\x00\x00\x00\x00\x00\x00\x00\x00', '0', '0', '2021-03-02 13:23:35')
2021-03-02  13:23:35 Tue root INFO 成功添加数据
2021-03-02  13:23:40 Tue werkzeug INFO 127.0.0.1 - - [02/Mar/2021 13:23:40] "[33mGET /plc/4 HTTP/1.1[0m" 404 -
2021-03-02  13:24:19 Tue werkzeug INFO 127.0.0.1 - - [02/Mar/2021 13:24:19] "[33mGET /plc/4 HTTP/1.1[0m" 404 -
2021-03-02  13:24:56 Tue root INFO PLC1连接失败
2021-03-02  13:24:56 Tue root INFO plc连接状态:[0, 1, 1, 1, 1, 1]
2021-03-02  13:24:56 Tue root INFO mes_plc_r2
2021-03-02  13:24:56 Tue root INFO 读取插入数据库数据：{'product_type': '\n\x07250 TJ1\x00', 'r1_equipment_status': '2560', 'fail_code': '0', 'recerve': '0', 'prod_num': 0, 'r1_rob_no': '0', 'r1_weld_line_no': '0', 'r1_electric': '1.4843280748348423e-26', 'r1_voltage': '3.2510124372335756e-43', 'r1_speed': '3.6734198463196485e-40', 'r1_job': '17205', 'r2_rob_no': '-25448', 'r2_weld_line_no': '16722', 'r2_electric': '2.1191226551309228e-10', 'r2_voltage': '0.0', 'r2_speed': '0.0', 'r2_job': '0', 'replace_status': '0', 'part_status': '0', 'r1_protective_gas': '0', 'r1_welding_wire': '0', 'r2_protective_gas': '0', 'r2_welding_wire': '0', 'login_id': '\x00\x00\x00\x00\x00+\x00\x00\x00\x00', 'login_password': '\n\x00\x00\x00\x00\x00\x00\x00\x00\x00'}
2021-03-02  13:24:56 Tue root INFO ('\n\x07250 TJ1\x00', '2560', '0', 0, '0', '0', '1.4843280748348423e-26', '3.2510124372335756e-43', '3.6734198463196485e-40', '17205', '-25448', '16722', '2.1191226551309228e-10', '0.0', '0.0', '0', '0', '0', '0', '0', '0', '\x00\x00\x00\x00\x00+\x00\x00\x00\x00', '\n\x00\x00\x00\x00\x00\x00\x00\x00\x00', '0', '0', '2021-03-02 13:24:56')
2021-03-02  13:24:56 Tue root INFO 成功添加数据
2021-03-02  13:24:56 Tue root INFO mes_plc_r3
2021-03-02  13:24:56 Tue root INFO 读取插入数据库数据：{'product_type': '\n\x07250 TJ3\x00', 'r1_equipment_status': '0', 'fail_code': '0', 'recerve': '0', 'prod_num': 470, 'r1_rob_no': '4', 'r1_weld_line_no': '0', 'r1_electric': '183.47801208496094', 'r1_voltage': '-3.5228588581085205', 'r1_speed': '0.0', 'r1_job': '0', 'r2_rob_no': '0', 'r2_weld_line_no': '0', 'r2_electric': '0.0', 'r2_voltage': '0.0', 'r2_speed': '0.0', 'r2_job': '0', 'replace_status': '0', 'part_status': '0', 'r1_protective_gas': '0', 'r1_welding_wire': '0', 'r2_protective_gas': '0', 'r2_welding_wire': '0', 'login_id': '\n\x00\x00\x00\x00\x00\x00\x00\x00\x00', 'login_password': '\n\x00\x00\x00\x00\x00\x00\x00\x00\x00'}
2021-03-02  13:24:56 Tue root INFO ('\n\x07250 TJ3\x00', '0', '0', 470, '4', '0', '183.47801208496094', '-3.5228588581085205', '0.0', '0', '0', '0', '0.0', '0.0', '0.0', '0', '0', '0', '0', '0', '0', '\n\x00\x00\x00\x00\x00\x00\x00\x00\x00', '\n\x00\x00\x00\x00\x00\x00\x00\x00\x00', '0', '0', '2021-03-02 13:24:56')
2021-03-02  13:24:56 Tue root INFO 成功添加数据
2021-03-02  13:24:56 Tue root INFO mes_plc_r4
2021-03-02  13:24:57 Tue root INFO 读取插入数据库数据：{'product_type': '\n\x07250 PCB\x00', 'r1_equipment_status': '2567', 'fail_code': '12853', 'recerve': '12320', 'prod_num': 23130, 'r1_rob_no': '18944', 'r1_weld_line_no': '0', 'r1_electric': '9.727692471237622e-22', 'r1_voltage': '5.605193857299268e-45', 'r1_speed': '3.6734198463196485e-40', 'r1_job': '17207', 'r2_rob_no': '27534', 'r2_weld_line_no': '16722', 'r2_electric': '-6.138901697734314e-34', 'r2_voltage': '0.0', 'r2_speed': '9.550891600431086e-39', 'r2_job': '0', 'replace_status': '0', 'part_status': '0', 'r1_protective_gas': '0', 'r1_welding_wire': '0', 'r2_protective_gas': '0', 'r2_welding_wire': '0', 'login_password': '\n\x00\x00\x00\x00\x00\x00\x00\x00\x00'}
2021-03-02  13:24:57 Tue root ERROR 读取插入数据库失败错误: 'login_id'
2021-03-02  13:24:57 Tue root INFO mes_plc_r5
2021-03-02  13:24:57 Tue root INFO 读取插入数据库数据：{'product_type': '\n\x00\x00\x00\x00\x00\x00\x00\x00\x00', 'r1_equipment_status': '2560', 'fail_code': '0', 'recerve': '0', 'prod_num': 0, 'r1_rob_no': '0', 'r1_weld_line_no': '0', 'r1_electric': '1.8870057723865944e-24', 'r1_voltage': '0.0', 'r1_speed': '0.0', 'r1_job': '17204', 'r2_rob_no': '12705', 'r2_weld_line_no': '16726', 'r2_electric': '-2.87545844912529e-08', 'r2_voltage': '0.0', 'r2_speed': '0.0', 'r2_job': '17203', 'replace_status': '-14791', 'part_status': '16726', 'r1_protective_gas': '19266', 'r1_welding_wire': '0', 'r2_protective_gas': '0', 'r2_welding_wire': '0', 'login_id': '\x00\x00\x00\x00\x00\x00\x00\x00\x00\x00', 'login_password': '\n\x00\x00\x00\x00\x00\x00\x00\x00\x00'}
2021-03-02  13:24:57 Tue root INFO ('\n\x00\x00\x00\x00\x00\x00\x00\x00\x00', '2560', '0', 0, '0', '0', '1.8870057723865944e-24', '0.0', '0.0', '17204', '12705', '16726', '-2.87545844912529e-08', '0.0', '0.0', '17203', '-14791', '19266', '0', '0', '0', '\x00\x00\x00\x00\x00\x00\x00\x00\x00\x00', '\n\x00\x00\x00\x00\x00\x00\x00\x00\x00', '16726', '0', '2021-03-02 13:24:57')
2021-03-02  13:24:57 Tue root INFO 成功添加数据
2021-03-02  13:24:57 Tue root INFO mes_plc_r6
2021-03-02  13:24:57 Tue root INFO 读取插入数据库数据：{'product_type': '\n\x00\x00\x00\x00\x00\x00\x00\x00\x00', 'r1_equipment_status': '2560', 'fail_code': '0', 'recerve': '0', 'prod_num': 0, 'r1_rob_no': '0', 'r1_weld_line_no': '0', 'r1_electric': '0.0', 'r1_voltage': '9.183815862507343e-40', 'r1_speed': '0.0', 'r1_job': '0', 'r2_rob_no': '0', 'r2_weld_line_no': '0', 'r2_electric': '0.0', 'r2_voltage': '0.0', 'r2_speed': '0.0', 'r2_job': '0', 'replace_status': '0', 'part_status': '0', 'r1_protective_gas': '0', 'r1_welding_wire': '0', 'r2_protective_gas': '0', 'r2_welding_wire': '0', 'login_id': '\x00\x00\x00\x00\x00\x00\x00\x00\x00\x00', 'login_password': '\n\x00\x00\x00\x00\x00\x00\x00\x00\x00'}
2021-03-02  13:24:57 Tue root INFO ('\n\x00\x00\x00\x00\x00\x00\x00\x00\x00', '2560', '0', 0, '0', '0', '0.0', '9.183815862507343e-40', '0.0', '0', '0', '0', '0.0', '0.0', '0.0', '0', '0', '0', '0', '0', '0', '\x00\x00\x00\x00\x00\x00\x00\x00\x00\x00', '\n\x00\x00\x00\x00\x00\x00\x00\x00\x00', '0', '0', '2021-03-02 13:24:57')
2021-03-02  13:24:57 Tue root INFO 成功添加数据
2021-03-02  13:26:18 Tue root INFO PLC1连接失败
2021-03-02  13:26:18 Tue root INFO plc连接状态:[0, 1, 1, 1, 1, 1]
2021-03-02  13:26:18 Tue root INFO mes_plc_r2
2021-03-02  13:26:19 Tue root INFO 读取插入数据库数据：{'product_type': '\n\x07250 TJ1\x00', 'r1_equipment_status': '2560', 'fail_code': '0', 'recerve': '0', 'prod_num': 0, 'r1_rob_no': '0', 'r1_weld_line_no': '0', 'r1_electric': '1.4843280748348423e-26', 'r1_voltage': '3.2510124372335756e-43', 'r1_speed': '3.6734198463196485e-40', 'r1_job': '17205', 'r2_rob_no': '-23552', 'r2_weld_line_no': '16722', 'r2_electric': '2.1191226551309228e-10', 'r2_voltage': '0.0', 'r2_speed': '0.0', 'r2_job': '0', 'replace_status': '0', 'part_status': '0', 'r1_protective_gas': '0', 'r1_welding_wire': '0', 'r2_protective_gas': '0', 'r2_welding_wire': '0', 'login_id': '\x00\x00\x00\x00\x00+\x00\x00\x00\x00', 'login_password': '\n\x00\x00\x00\x00\x00\x00\x00\x00\x00'}
2021-03-02  13:26:19 Tue root INFO ('\n\x07250 TJ1\x00', '2560', '0', 0, '0', '0', '1.4843280748348423e-26', '3.2510124372335756e-43', '3.6734198463196485e-40', '17205', '-23552', '16722', '2.1191226551309228e-10', '0.0', '0.0', '0', '0', '0', '0', '0', '0', '\x00\x00\x00\x00\x00+\x00\x00\x00\x00', '\n\x00\x00\x00\x00\x00\x00\x00\x00\x00', '0', '0', '2021-03-02 13:26:19')
2021-03-02  13:26:19 Tue root INFO 成功添加数据
2021-03-02  13:26:19 Tue root INFO mes_plc_r3
2021-03-02  13:26:19 Tue root INFO 读取插入数据库数据：{'product_type': '\n\x07250 TJ4\x00', 'r1_equipment_status': '0', 'fail_code': '0', 'recerve': '0', 'prod_num': 471, 'r1_rob_no': '104', 'r1_weld_line_no': '0', 'r1_electric': '183.40567016601562', 'r1_voltage': '13.892505645751953', 'r1_speed': '0.0', 'r1_job': '0', 'r2_rob_no': '0', 'r2_weld_line_no': '0', 'r2_electric': '0.0', 'r2_voltage': '0.0', 'r2_speed': '0.0', 'r2_job': '0', 'replace_status': '0', 'part_status': '0', 'r1_protective_gas': '0', 'r1_welding_wire': '0', 'r2_protective_gas': '0', 'r2_welding_wire': '0', 'login_id': '\n\x00\x00\x00\x00\x00\x00\x00\x00\x00', 'login_password': '\n\x00\x00\x00\x00\x00\x00\x00\x00\x00'}
2021-03-02  13:26:19 Tue root INFO ('\n\x07250 TJ4\x00', '0', '0', 471, '104', '0', '183.40567016601562', '13.892505645751953', '0.0', '0', '0', '0', '0.0', '0.0', '0.0', '0', '0', '0', '0', '0', '0', '\n\x00\x00\x00\x00\x00\x00\x00\x00\x00', '\n\x00\x00\x00\x00\x00\x00\x00\x00\x00', '0', '0', '2021-03-02 13:26:19')
2021-03-02  13:26:19 Tue root INFO 成功添加数据
2021-03-02  13:26:19 Tue root INFO mes_plc_r4
2021-03-02  13:26:19 Tue root INFO 读取插入数据库数据：{'product_type': '\n\x07250 PCB\x00', 'r1_equipment_status': '2567', 'fail_code': '12853', 'recerve': '12320', 'prod_num': 23130, 'r1_rob_no': '18944', 'r1_weld_line_no': '0', 'r1_electric': '6.079807794523514e-23', 'r1_voltage': '7.006492321624085e-45', 'r1_speed': '3.6734198463196485e-40', 'r1_job': '17207', 'r2_rob_no': '18053', 'r2_weld_line_no': '-16099', 'r2_electric': '-4.863739013671875e-05', 'r2_voltage': '0.0', 'r2_speed': '9.550891600431086e-39', 'r2_job': '0', 'replace_status': '0', 'part_status': '0', 'r1_protective_gas': '0', 'r1_welding_wire': '0', 'r2_protective_gas': '0', 'r2_welding_wire': '0', 'login_password': '\n\x00\x00\x00\x00\x00\x00\x00\x00\x00'}
2021-03-02  13:26:19 Tue root ERROR 读取插入数据库失败错误: 'login_id'
2021-03-02  13:26:19 Tue root INFO mes_plc_r5
2021-03-02  13:26:20 Tue root INFO 读取插入数据库数据：{'product_type': '\n\x00\x00\x00\x00\x00\x00\x00\x00\x00', 'r1_equipment_status': '2560', 'fail_code': '0', 'recerve': '0', 'prod_num': 0, 'r1_rob_no': '0', 'r1_weld_line_no': '0', 'r1_electric': '1.8870057723865944e-24', 'r1_voltage': '0.0', 'r1_speed': '0.0', 'r1_job': '17204', 'r2_rob_no': '18394', 'r2_weld_line_no': '16726', 'r2_electric': '-20266876928.0', 'r2_voltage': '0.0', 'r2_speed': '0.0', 'r2_job': '17203', 'replace_status': '-14791', 'part_status': '16726', 'r1_protective_gas': '15474', 'r1_welding_wire': '0', 'r2_protective_gas': '0', 'r2_welding_wire': '0', 'login_id': '\x00\x00\x00\x00\x00\x00\x00\x00\x00\x00', 'login_password': '\n\x00\x00\x00\x00\x00\x00\x00\x00\x00'}
2021-03-02  13:26:20 Tue root INFO ('\n\x00\x00\x00\x00\x00\x00\x00\x00\x00', '2560', '0', 0, '0', '0', '1.8870057723865944e-24', '0.0', '0.0', '17204', '18394', '16726', '-20266876928.0', '0.0', '0.0', '17203', '-14791', '15474', '0', '0', '0', '\x00\x00\x00\x00\x00\x00\x00\x00\x00\x00', '\n\x00\x00\x00\x00\x00\x00\x00\x00\x00', '16726', '0', '2021-03-02 13:26:20')
2021-03-02  13:26:20 Tue root INFO 成功添加数据
2021-03-02  13:26:20 Tue root INFO mes_plc_r6
2021-03-02  13:26:20 Tue root INFO 读取插入数据库数据：{'product_type': '\n\x00\x00\x00\x00\x00\x00\x00\x00\x00', 'r1_equipment_status': '2560', 'fail_code': '0', 'recerve': '0', 'prod_num': 0, 'r1_rob_no': '0', 'r1_weld_line_no': '0', 'r1_electric': '0.0', 'r1_voltage': '9.183815862507343e-40', 'r1_speed': '0.0', 'r1_job': '0', 'r2_rob_no': '0', 'r2_weld_line_no': '0', 'r2_electric': '0.0', 'r2_voltage': '0.0', 'r2_speed': '0.0', 'r2_job': '0', 'replace_status': '0', 'part_status': '0', 'r1_protective_gas': '0', 'r1_welding_wire': '0', 'r2_protective_gas': '0', 'r2_welding_wire': '0', 'login_id': '\x00\x00\x00\x00\x00\x00\x00\x00\x00\x00', 'login_password': '\n\x00\x00\x00\x00\x00\x00\x00\x00\x00'}
2021-03-02  13:26:20 Tue root INFO ('\n\x00\x00\x00\x00\x00\x00\x00\x00\x00', '2560', '0', 0, '0', '0', '0.0', '9.183815862507343e-40', '0.0', '0', '0', '0', '0.0', '0.0', '0.0', '0', '0', '0', '0', '0', '0', '\x00\x00\x00\x00\x00\x00\x00\x00\x00\x00', '\n\x00\x00\x00\x00\x00\x00\x00\x00\x00', '0', '0', '2021-03-02 13:26:20')
2021-03-02  13:26:20 Tue root INFO 成功添加数据
2021-03-02  13:26:42 Tue werkzeug INFO 127.0.0.1 - - [02/Mar/2021 13:26:42] "[33mGET / HTTP/1.1[0m" 404 -
2021-03-02  13:27:01 Tue werkzeug INFO 127.0.0.1 - - [02/Mar/2021 13:27:01] "[33mGET / HTTP/1.1[0m" 404 -
2021-03-02  13:27:03 Tue werkzeug INFO 127.0.0.1 - - [02/Mar/2021 13:27:03] "[33mGET / HTTP/1.1[0m" 404 -
2021-03-02  13:27:41 Tue root INFO PLC1连接失败
2021-03-02  13:27:41 Tue root INFO plc连接状态:[0, 1, 1, 1, 1, 1]
2021-03-02  13:27:41 Tue root INFO mes_plc_r2
2021-03-02  13:27:41 Tue root INFO 读取插入数据库数据：{'product_type': '\n\x07250 TJ1\x00', 'r1_equipment_status': '2560', 'fail_code': '0', 'recerve': '0', 'prod_num': 0, 'r1_rob_no': '0', 'r1_weld_line_no': '0', 'r1_electric': '9.74404687914487e-27', 'r1_voltage': '3.2510124372335756e-43', 'r1_speed': '3.6734198463196485e-40', 'r1_job': '17205', 'r2_rob_no': '-25448', 'r2_weld_line_no': '17133', 'r2_electric': '2.4375050858650954e-34', 'r2_voltage': '0.0', 'r2_speed': '0.0', 'r2_job': '0', 'replace_status': '0', 'part_status': '0', 'r1_protective_gas': '0', 'r1_welding_wire': '0', 'r2_protective_gas': '0', 'r2_welding_wire': '0', 'login_id': '\x00\x00\x00\x00\x00@\x00\x00\x00\x00', 'login_password': '\n\x00\x00\x00\x00\x00\x00\x00\x00\x00'}
2021-03-02  13:27:41 Tue root INFO ('\n\x07250 TJ1\x00', '2560', '0', 0, '0', '0', '9.74404687914487e-27', '3.2510124372335756e-43', '3.6734198463196485e-40', '17205', '-25448', '17133', '2.4375050858650954e-34', '0.0', '0.0', '0', '0', '0', '0', '0', '0', '\x00\x00\x00\x00\x00@\x00\x00\x00\x00', '\n\x00\x00\x00\x00\x00\x00\x00\x00\x00', '0', '0', '2021-03-02 13:27:41')
2021-03-02  13:27:41 Tue root INFO 成功添加数据
2021-03-02  13:27:41 Tue root INFO mes_plc_r3
2021-03-02  13:27:41 Tue root INFO 读取插入数据库数据：{'product_type': '\n\x07250 TJ4\x00', 'r1_equipment_status': '0', 'fail_code': '0', 'recerve': '0', 'prod_num': 471, 'r1_rob_no': '104', 'r1_weld_line_no': '0', 'r1_electric': '183.34779357910156', 'r1_voltage': '13.87803840637207', 'r1_speed': '0.0', 'r1_job': '0', 'r2_rob_no': '0', 'r2_weld_line_no': '0', 'r2_electric': '0.0', 'r2_voltage': '0.0', 'r2_speed': '0.0', 'r2_job': '0', 'replace_status': '0', 'part_status': '0', 'r1_protective_gas': '0', 'r1_welding_wire': '0', 'r2_protective_gas': '0', 'r2_welding_wire': '0', 'login_id': '\n\x00\x00\x00\x00\x00\x00\x00\x00\x00', 'login_password': '\n\x00\x00\x00\x00\x00\x00\x00\x00\x00'}
2021-03-02  13:27:41 Tue root INFO ('\n\x07250 TJ4\x00', '0', '0', 471, '104', '0', '183.34779357910156', '13.87803840637207', '0.0', '0', '0', '0', '0.0', '0.0', '0.0', '0', '0', '0', '0', '0', '0', '\n\x00\x00\x00\x00\x00\x00\x00\x00\x00', '\n\x00\x00\x00\x00\x00\x00\x00\x00\x00', '0', '0', '2021-03-02 13:27:41')
2021-03-02  13:27:41 Tue root INFO 成功添加数据
2021-03-02  13:27:41 Tue root INFO mes_plc_r4
2021-03-02  13:27:42 Tue root INFO 读取插入数据库数据：{'product_type': '\n\x07250 PCB\x00', 'r1_equipment_status': '2567', 'fail_code': '12853', 'recerve': '12320', 'prod_num': 23130, 'r1_rob_no': '18944', 'r1_weld_line_no': '0', 'r1_electric': '9.727692471237622e-22', 'r1_voltage': '7.006492321624085e-45', 'r1_speed': '3.6734198463196485e-40', 'r1_job': '17207', 'r2_rob_no': '25638', 'r2_weld_line_no': '16722', 'r2_electric': '8.145415696826511e+34', 'r2_voltage': '0.0', 'r2_speed': '9.550891600431086e-39', 'r2_job': '0', 'replace_status': '0', 'part_status': '0', 'r1_protective_gas': '0', 'r1_welding_wire': '0', 'r2_protective_gas': '0', 'r2_welding_wire': '0', 'login_password': '\n\x00\x00\x00\x00\x00\x00\x00\x00\x00'}
2021-03-02  13:27:42 Tue root ERROR 读取插入数据库失败错误: 'login_id'
2021-03-02  13:27:42 Tue root INFO mes_plc_r5
2021-03-02  13:27:42 Tue root INFO 读取插入数据库数据：{'product_type': '\n\x00\x00\x00\x00\x00\x00\x00\x00\x00', 'r1_equipment_status': '2560', 'fail_code': '0', 'recerve': '0', 'prod_num': 0, 'r1_rob_no': '0', 'r1_weld_line_no': '0', 'r1_electric': '1.8870057723865944e-24', 'r1_voltage': '0.0', 'r1_speed': '0.0', 'r1_job': '17204', 'r2_rob_no': '18394', 'r2_weld_line_no': '16727', 'r2_electric': '2.803905099203852e+22', 'r2_voltage': '0.0', 'r2_speed': '0.0', 'r2_job': '17203', 'replace_status': '-17635', 'part_status': '16726', 'r1_protective_gas': '19266', 'r1_welding_wire': '0', 'r2_protective_gas': '0', 'r2_welding_wire': '0', 'login_id': '\x00\x00\x00\x00\x00\x00\x00\x00\x00\x00', 'login_password': '\n\x00\x00\x00\x00\x00\x00\x00\x00\x00'}
2021-03-02  13:27:42 Tue root INFO ('\n\x00\x00\x00\x00\x00\x00\x00\x00\x00', '2560', '0', 0, '0', '0', '1.8870057723865944e-24', '0.0', '0.0', '17204', '18394', '16727', '2.803905099203852e+22', '0.0', '0.0', '17203', '-17635', '19266', '0', '0', '0', '\x00\x00\x00\x00\x00\x00\x00\x00\x00\x00', '\n\x00\x00\x00\x00\x00\x00\x00\x00\x00', '16726', '0', '2021-03-02 13:27:42')
2021-03-02  13:27:42 Tue root INFO 成功添加数据
2021-03-02  13:27:42 Tue root INFO mes_plc_r6
2021-03-02  13:27:42 Tue root INFO 读取插入数据库数据：{'product_type': '\n\x00\x00\x00\x00\x00\x00\x00\x00\x00', 'r1_equipment_status': '2560', 'fail_code': '0', 'recerve': '0', 'prod_num': 0, 'r1_rob_no': '0', 'r1_weld_line_no': '0', 'r1_electric': '0.0', 'r1_voltage': '9.183815862507343e-40', 'r1_speed': '0.0', 'r1_job': '0', 'r2_rob_no': '0', 'r2_weld_line_no': '0', 'r2_electric': '0.0', 'r2_voltage': '0.0', 'r2_speed': '0.0', 'r2_job': '0', 'replace_status': '0', 'part_status': '0', 'r1_protective_gas': '0', 'r1_welding_wire': '0', 'r2_protective_gas': '0', 'r2_welding_wire': '0', 'login_id': '\x00\x00\x00\x00\x00\x00\x00\x00\x00\x00', 'login_password': '\n\x00\x00\x00\x00\x00\x00\x00\x00\x00'}
2021-03-02  13:27:42 Tue root INFO ('\n\x00\x00\x00\x00\x00\x00\x00\x00\x00', '2560', '0', 0, '0', '0', '0.0', '9.183815862507343e-40', '0.0', '0', '0', '0', '0.0', '0.0', '0.0', '0', '0', '0', '0', '0', '0', '\x00\x00\x00\x00\x00\x00\x00\x00\x00\x00', '\n\x00\x00\x00\x00\x00\x00\x00\x00\x00', '0', '0', '2021-03-02 13:27:42')
2021-03-02  13:27:43 Tue root INFO 成功添加数据
2021-03-02  13:29:04 Tue root INFO PLC1连接失败
2021-03-02  13:29:04 Tue root INFO plc连接状态:[0, 1, 1, 1, 1, 1]
2021-03-02  13:29:04 Tue root INFO mes_plc_r2
2021-03-02  13:29:04 Tue root INFO 读取插入数据库数据：{'product_type': '\n\x07250 TJ1\x00', 'r1_equipment_status': '2567', 'fail_code': '12853', 'recerve': '12320', 'prod_num': 21578, 'r1_rob_no': '12800', 'r1_weld_line_no': '0', 'r1_electric': '8.141090764199507e-28', 'r1_voltage': '3.2650254218768238e-43', 'r1_speed': '3.6734198463196485e-40', 'r1_job': '17205', 'r2_rob_no': '-32086', 'r2_weld_line_no': '-16018', 'r2_electric': '-775946240.0', 'r2_voltage': '0.0', 'r2_speed': '9.550891600431086e-39', 'r2_job': '0', 'replace_status': '0', 'part_status': '0', 'r1_protective_gas': '0', 'r1_welding_wire': '0', 'r2_protective_gas': '0', 'r2_welding_wire': '0', 'login_id': '\x00\x00\x00\x00\x00_\x00\x00\x00\x00', 'login_password': '\n\x00\x00\x00\x00\x00\x00\x00\x00\x00'}
2021-03-02  13:29:04 Tue root INFO ('\n\x07250 TJ1\x00', '2567', '12853', 21578, '12800', '0', '8.141090764199507e-28', '3.2650254218768238e-43', '3.6734198463196485e-40', '17205', '-32086', '-16018', '-775946240.0', '0.0', '9.550891600431086e-39', '0', '0', '0', '0', '0', '0', '\x00\x00\x00\x00\x00_\x00\x00\x00\x00', '\n\x00\x00\x00\x00\x00\x00\x00\x00\x00', '0', '12320', '2021-03-02 13:29:04')
2021-03-02  13:29:04 Tue root INFO 成功添加数据
2021-03-02  13:29:04 Tue root INFO mes_plc_r3
2021-03-02  13:29:04 Tue root INFO 读取插入数据库数据：{'product_type': '\n\x07250 TJ4\x00', 'r1_equipment_status': '0', 'fail_code': '0', 'recerve': '0', 'prod_num': 472, 'r1_rob_no': '104', 'r1_weld_line_no': '0', 'r1_electric': '183.40567016601562', 'r1_voltage': '13.874422073364258', 'r1_speed': '0.0', 'r1_job': '0', 'r2_rob_no': '0', 'r2_weld_line_no': '0', 'r2_electric': '0.0', 'r2_voltage': '0.0', 'r2_speed': '0.0', 'r2_job': '0', 'replace_status': '0', 'part_status': '0', 'r1_protective_gas': '0', 'r1_welding_wire': '0', 'r2_protective_gas': '0', 'r2_welding_wire': '0', 'login_id': '\n\x00\x00\x00\x00\x00\x00\x00\x00\x00', 'login_password': '\n\x00\x00\x00\x00\x00\x00\x00\x00\x00'}
2021-03-02  13:29:04 Tue root INFO ('\n\x07250 TJ4\x00', '0', '0', 472, '104', '0', '183.40567016601562', '13.874422073364258', '0.0', '0', '0', '0', '0.0', '0.0', '0.0', '0', '0', '0', '0', '0', '0', '\n\x00\x00\x00\x00\x00\x00\x00\x00\x00', '\n\x00\x00\x00\x00\x00\x00\x00\x00\x00', '0', '0', '2021-03-02 13:29:04')
2021-03-02  13:29:04 Tue root INFO 成功添加数据
2021-03-02  13:29:04 Tue root INFO mes_plc_r4
2021-03-02  13:29:04 Tue root INFO 读取插入数据库数据：{'product_type': '\n\x07250 PCB\x00', 'r1_equipment_status': '2567', 'fail_code': '12853', 'recerve': '12320', 'prod_num': 23130, 'r1_rob_no': '18944', 'r1_weld_line_no': '0', 'r1_electric': '6.385858562716382e-22', 'r1_voltage': '7.006492321624085e-45', 'r1_speed': '3.6734198463196485e-40', 'r1_job': '17207', 'r2_rob_no': '25638', 'r2_weld_line_no': '16721', 'r2_electric': '-92160.0', 'r2_voltage': '0.0', 'r2_speed': '9.550891600431086e-39', 'r2_job': '0', 'replace_status': '0', 'part_status': '0', 'r1_protective_gas': '0', 'r1_welding_wire': '0', 'r2_protective_gas': '0', 'r2_welding_wire': '0', 'login_password': '\n\x00\x00\x00\x00\x00\x00\x00\x00\x00'}
2021-03-02  13:29:04 Tue root ERROR 读取插入数据库失败错误: 'login_id'
2021-03-02  13:29:04 Tue root INFO mes_plc_r5
2021-03-02  13:29:05 Tue root INFO 读取插入数据库数据：{'product_type': '\n\x00\x00\x00\x00\x00\x00\x00\x00\x00', 'r1_equipment_status': '2560', 'fail_code': '0', 'recerve': '0', 'prod_num': 0, 'r1_rob_no': '0', 'r1_weld_line_no': '0', 'r1_electric': '1.8870057723865944e-24', 'r1_voltage': '0.0', 'r1_speed': '0.0', 'r1_job': '17204', 'r2_rob_no': '17446', 'r2_weld_line_no': '16726', 'r2_electric': '8.358535958640604e-32', 'r2_voltage': '0.0', 'r2_speed': '0.0', 'r2_job': '17203', 'replace_status': '-18584', 'part_status': '16726', 'r1_protective_gas': '15474', 'r1_welding_wire': '0', 'r2_protective_gas': '0', 'r2_welding_wire': '0', 'login_id': '\x00\x00\x00\x00\x00\x00\x00\x00\x00\x00', 'login_password': '\n\x00\x00\x00\x00\x00\x00\x00\x00\x00'}
2021-03-02  13:29:05 Tue root INFO ('\n\x00\x00\x00\x00\x00\x00\x00\x00\x00', '2560', '0', 0, '0', '0', '1.8870057723865944e-24', '0.0', '0.0', '17204', '17446', '16726', '8.358535958640604e-32', '0.0', '0.0', '17203', '-18584', '15474', '0', '0', '0', '\x00\x00\x00\x00\x00\x00\x00\x00\x00\x00', '\n\x00\x00\x00\x00\x00\x00\x00\x00\x00', '16726', '0', '2021-03-02 13:29:05')
2021-03-02  13:29:05 Tue root INFO 成功添加数据
2021-03-02  13:29:05 Tue root INFO mes_plc_r6
2021-03-02  13:29:05 Tue root INFO 读取插入数据库数据：{'product_type': '\n\x00\x00\x00\x00\x00\x00\x00\x00\x00', 'r1_equipment_status': '2560', 'fail_code': '0', 'recerve': '0', 'prod_num': 0, 'r1_rob_no': '0', 'r1_weld_line_no': '0', 'r1_electric': '0.0', 'r1_voltage': '9.183815862507343e-40', 'r1_speed': '0.0', 'r1_job': '0', 'r2_rob_no': '0', 'r2_weld_line_no': '0', 'r2_electric': '0.0', 'r2_voltage': '0.0', 'r2_speed': '0.0', 'r2_job': '0', 'replace_status': '0', 'part_status': '0', 'r1_protective_gas': '0', 'r1_welding_wire': '0', 'r2_protective_gas': '0', 'r2_welding_wire': '0', 'login_id': '\x00\x00\x00\x00\x00\x00\x00\x00\x00\x00', 'login_password': '\n\x00\x00\x00\x00\x00\x00\x00\x00\x00'}
2021-03-02  13:29:05 Tue root INFO ('\n\x00\x00\x00\x00\x00\x00\x00\x00\x00', '2560', '0', 0, '0', '0', '0.0', '9.183815862507343e-40', '0.0', '0', '0', '0', '0.0', '0.0', '0.0', '0', '0', '0', '0', '0', '0', '\x00\x00\x00\x00\x00\x00\x00\x00\x00\x00', '\n\x00\x00\x00\x00\x00\x00\x00\x00\x00', '0', '0', '2021-03-02 13:29:05')
2021-03-02  13:29:05 Tue root INFO 成功添加数据
2021-03-02  13:30:26 Tue root INFO PLC1连接失败
2021-03-02  13:30:26 Tue root INFO plc连接状态:[0, 1, 1, 1, 1, 1]
2021-03-02  13:30:26 Tue root INFO mes_plc_r2
2021-03-02  13:30:26 Tue root INFO 读取插入数据库数据：{'product_type': '\n\x07250 TJ1\x00', 'r1_equipment_status': '2567', 'fail_code': '12853', 'recerve': '12320', 'prod_num': 21578, 'r1_rob_no': '12800', 'r1_weld_line_no': '0', 'r1_electric': '1.4843280748348423e-26', 'r1_voltage': '3.2650254218768238e-43', 'r1_speed': '3.6734198463196485e-40', 'r1_job': '17205', 'r2_rob_no': '-30189', 'r2_weld_line_no': '16722', 'r2_electric': '0.1806640625', 'r2_voltage': '0.0', 'r2_speed': '9.550891600431086e-39', 'r2_job': '0', 'replace_status': '0', 'part_status': '0', 'r1_protective_gas': '0', 'r1_welding_wire': '0', 'r2_protective_gas': '0', 'r2_welding_wire': '0', 'login_id': '\x00\x00\x00\x00\x00d\x00\x00\x00\x00', 'login_password': '\n\x00\x00\x00\x00\x00\x00\x00\x00\x00'}
2021-03-02  13:30:26 Tue root INFO ('\n\x07250 TJ1\x00', '2567', '12853', 21578, '12800', '0', '1.4843280748348423e-26', '3.2650254218768238e-43', '3.6734198463196485e-40', '17205', '-30189', '16722', '0.1806640625', '0.0', '9.550891600431086e-39', '0', '0', '0', '0', '0', '0', '\x00\x00\x00\x00\x00d\x00\x00\x00\x00', '\n\x00\x00\x00\x00\x00\x00\x00\x00\x00', '0', '12320', '2021-03-02 13:30:26')
2021-03-02  13:30:26 Tue root INFO 成功添加数据
2021-03-02  13:30:26 Tue root INFO mes_plc_r3
2021-03-02  13:30:27 Tue root INFO 读取插入数据库数据：{'product_type': '\n\x07250 TJ3\x00', 'r1_equipment_status': '0', 'fail_code': '0', 'recerve': '0', 'prod_num': 473, 'r1_rob_no': '4', 'r1_weld_line_no': '0', 'r1_electric': '183.39120483398438', 'r1_voltage': '-4.2317705154418945', 'r1_speed': '0.0', 'r1_job': '0', 'r2_rob_no': '0', 'r2_weld_line_no': '0', 'r2_electric': '0.0', 'r2_voltage': '0.0', 'r2_speed': '0.0', 'r2_job': '0', 'replace_status': '0', 'part_status': '0', 'r1_protective_gas': '0', 'r1_welding_wire': '0', 'r2_protective_gas': '0', 'r2_welding_wire': '0', 'login_id': '\n\x00\x00\x00\x00\x00\x00\x00\x00\x00', 'login_password': '\n\x00\x00\x00\x00\x00\x00\x00\x00\x00'}
2021-03-02  13:30:27 Tue root INFO ('\n\x07250 TJ3\x00', '0', '0', 473, '4', '0', '183.39120483398438', '-4.2317705154418945', '0.0', '0', '0', '0', '0.0', '0.0', '0.0', '0', '0', '0', '0', '0', '0', '\n\x00\x00\x00\x00\x00\x00\x00\x00\x00', '\n\x00\x00\x00\x00\x00\x00\x00\x00\x00', '0', '0', '2021-03-02 13:30:27')
2021-03-02  13:30:27 Tue root INFO 成功添加数据
2021-03-02  13:30:27 Tue root INFO mes_plc_r4
2021-03-02  13:30:28 Tue root INFO 读取插入数据库数据：{'product_type': '\n\x07250 PCB\x00', 'r1_equipment_status': '2567', 'fail_code': '12853', 'recerve': '12320', 'prod_num': 23130, 'r1_rob_no': '18944', 'r1_weld_line_no': '0', 'r1_electric': '6.385858562716382e-22', 'r1_voltage': '7.006492321624085e-45', 'r1_speed': '3.6734198463196485e-40', 'r1_job': '17207', 'r2_rob_no': '24690', 'r2_weld_line_no': '16722', 'r2_electric': '-1.5845632502852868e+29', 'r2_voltage': '0.0', 'r2_speed': '9.550891600431086e-39', 'r2_job': '0', 'replace_status': '0', 'part_status': '0', 'r1_protective_gas': '0', 'r1_welding_wire': '0', 'r2_protective_gas': '0', 'r2_welding_wire': '0', 'login_id': '\x00\x00\x00\x00\x01\x17\x00\x00\x00\x00', 'login_password': '\n\x00\x00\x00\x00\x00\x00\x00\x00\x00'}
2021-03-02  13:30:28 Tue root INFO ('\n\x07250 PCB\x00', '2567', '12853', 23130, '18944', '0', '6.385858562716382e-22', '7.006492321624085e-45', '3.6734198463196485e-40', '17207', '24690', '16722', '-1.5845632502852868e+29', '0.0', '9.550891600431086e-39', '0', '0', '0', '0', '0', '0', '\x00\x00\x00\x00\x01\x17\x00\x00\x00\x00', '\n\x00\x00\x00\x00\x00\x00\x00\x00\x00', '0', '12320', '2021-03-02 13:30:28')
2021-03-02  13:30:28 Tue root INFO 成功添加数据
2021-03-02  13:30:28 Tue root INFO mes_plc_r5
2021-03-02  13:30:28 Tue root INFO 读取插入数据库数据：{'product_type': '\n\x00\x00\x00\x00\x00\x00\x00\x00\x00', 'r1_equipment_status': '2560', 'fail_code': '0', 'recerve': '0', 'prod_num': 0, 'r1_rob_no': '0', 'r1_weld_line_no': '0', 'r1_electric': '1.8870057723865944e-24', 'r1_voltage': '0.0', 'r1_speed': '0.0', 'r1_job': '17204', 'r2_rob_no': '12705', 'r2_weld_line_no': '16727', 'r2_electric': '5.573319583618286e-14', 'r2_voltage': '0.0', 'r2_speed': '0.0', 'r2_job': '17203', 'replace_status': '-18584', 'part_status': '16726', 'r1_protective_gas': '15474', 'r1_welding_wire': '0', 'r2_protective_gas': '0', 'r2_welding_wire': '0', 'login_id': '\x00\x00\x00\x00\x00\x00\x00\x00\x00\x00', 'login_password': '\n\x00\x00\x00\x00\x00\x00\x00\x00\x00'}
2021-03-02  13:30:28 Tue root INFO ('\n\x00\x00\x00\x00\x00\x00\x00\x00\x00', '2560', '0', 0, '0', '0', '1.8870057723865944e-24', '0.0', '0.0', '17204', '12705', '16727', '5.573319583618286e-14', '0.0', '0.0', '17203', '-18584', '15474', '0', '0', '0', '\x00\x00\x00\x00\x00\x00\x00\x00\x00\x00', '\n\x00\x00\x00\x00\x00\x00\x00\x00\x00', '16726', '0', '2021-03-02 13:30:28')
2021-03-02  13:30:28 Tue root INFO 成功添加数据
2021-03-02  13:30:28 Tue root INFO mes_plc_r6
2021-03-02  13:30:28 Tue root INFO 读取插入数据库数据：{'product_type': '\n\x00\x00\x00\x00\x00\x00\x00\x00\x00', 'r1_equipment_status': '2560', 'fail_code': '0', 'recerve': '0', 'prod_num': 0, 'r1_rob_no': '0', 'r1_weld_line_no': '0', 'r1_electric': '0.0', 'r1_voltage': '9.183815862507343e-40', 'r1_speed': '0.0', 'r1_job': '0', 'r2_rob_no': '0', 'r2_weld_line_no': '0', 'r2_electric': '0.0', 'r2_voltage': '0.0', 'r2_speed': '0.0', 'r2_job': '0', 'replace_status': '0', 'part_status': '0', 'r1_protective_gas': '0', 'r1_welding_wire': '0', 'r2_protective_gas': '0', 'r2_welding_wire': '0', 'login_id': '\x00\x00\x00\x00\x00\x00\x00\x00\x00\x00', 'login_password': '\n\x00\x00\x00\x00\x00\x00\x00\x00\x00'}
2021-03-02  13:30:28 Tue root INFO ('\n\x00\x00\x00\x00\x00\x00\x00\x00\x00', '2560', '0', 0, '0', '0', '0.0', '9.183815862507343e-40', '0.0', '0', '0', '0', '0.0', '0.0', '0.0', '0', '0', '0', '0', '0', '0', '\x00\x00\x00\x00\x00\x00\x00\x00\x00\x00', '\n\x00\x00\x00\x00\x00\x00\x00\x00\x00', '0', '0', '2021-03-02 13:30:28')
2021-03-02  13:30:28 Tue root INFO 成功添加数据
2021-03-02  13:31:49 Tue root INFO PLC1连接失败
2021-03-02  13:31:49 Tue root INFO plc连接状态:[0, 1, 1, 1, 1, 1]
2021-03-02  13:31:49 Tue root INFO mes_plc_r2
2021-03-02  13:31:50 Tue root INFO 读取插入数据库数据：{'product_type': '\n\x07250 TJ1\x00', 'r1_equipment_status': '2567', 'fail_code': '12853', 'recerve': '12320', 'prod_num': 21578, 'r1_rob_no': '12800', 'r1_weld_line_no': '0', 'r1_electric': '9.74404687914487e-27', 'r1_voltage': '3.2650254218768238e-43', 'r1_speed': '3.6734198463196485e-40', 'r1_job': '17205', 'r2_rob_no': '30606', 'r2_weld_line_no': '-15997', 'r2_electric': '-1.2915838435605384e+35', 'r2_voltage': '0.0', 'r2_speed': '9.550891600431086e-39', 'r2_job': '0', 'replace_status': '0', 'part_status': '0', 'r1_protective_gas': '0', 'r1_welding_wire': '0', 'r2_protective_gas': '0', 'r2_welding_wire': '0', 'login_id': '\x00\x00\x00\x00\x00z\x00\x00\x00\x00', 'login_password': '\n\x00\x00\x00\x00\x00\x00\x00\x00\x00'}
2021-03-02  13:31:50 Tue root INFO ('\n\x07250 TJ1\x00', '2567', '12853', 21578, '12800', '0', '9.74404687914487e-27', '3.2650254218768238e-43', '3.6734198463196485e-40', '17205', '30606', '-15997', '-1.2915838435605384e+35', '0.0', '9.550891600431086e-39', '0', '0', '0', '0', '0', '0', '\x00\x00\x00\x00\x00z\x00\x00\x00\x00', '\n\x00\x00\x00\x00\x00\x00\x00\x00\x00', '0', '12320', '2021-03-02 13:31:50')
2021-03-02  13:31:50 Tue root INFO 成功添加数据
2021-03-02  13:31:50 Tue root INFO mes_plc_r3
2021-03-02  13:31:50 Tue root INFO 读取插入数据库数据：{'product_type': '\n\x07250 TJ3\x00', 'r1_equipment_status': '2567', 'fail_code': '12853', 'recerve': '12320', 'prod_num': 21578, 'r1_rob_no': '13312', 'r1_weld_line_no': '0', 'r1_electric': '1.0654134757297013e-21', 'r1_voltage': '3.3210773604498165e-43', 'r1_speed': '3.6734198463196485e-40', 'r1_job': '17207', 'r2_rob_no': '20897', 'r2_weld_line_no': '16734', 'r2_electric': '73117523247104.0', 'r2_voltage': '0.0', 'r2_speed': '9.550891600431086e-39', 'r2_job': '0', 'replace_status': '0', 'part_status': '0', 'r1_protective_gas': '0', 'r1_welding_wire': '0', 'r2_protective_gas': '0', 'r2_welding_wire': '0', 'login_id': '\x00\x00\x00\x00\x00\x01\x00\x00\x00\x00', 'login_password': '\n\x00\x00\x00\x00\x00\x00\x00\x00\x00'}
2021-03-02  13:31:50 Tue root INFO ('\n\x07250 TJ3\x00', '2567', '12853', 21578, '13312', '0', '1.0654134757297013e-21', '3.3210773604498165e-43', '3.6734198463196485e-40', '17207', '20897', '16734', '73117523247104.0', '0.0', '9.550891600431086e-39', '0', '0', '0', '0', '0', '0', '\x00\x00\x00\x00\x00\x01\x00\x00\x00\x00', '\n\x00\x00\x00\x00\x00\x00\x00\x00\x00', '0', '12320', '2021-03-02 13:31:50')
2021-03-02  13:31:50 Tue root INFO 成功添加数据
2021-03-02  13:31:50 Tue root INFO mes_plc_r4
2021-03-02  13:31:50 Tue root INFO 读取插入数据库数据：{'product_type': '\n\x07250 PCB\x00', 'r1_equipment_status': '2567', 'fail_code': '12853', 'recerve': '12320', 'prod_num': 23130, 'r1_rob_no': '18944', 'r1_weld_line_no': '0', 'r1_electric': '6.079807794523514e-23', 'r1_voltage': '8.407790785948902e-45', 'r1_speed': '3.6734198463196485e-40', 'r1_job': '17207', 'r2_rob_no': '18053', 'r2_weld_line_no': '16722', 'r2_electric': '1.221601398924247e+17', 'r2_voltage': '0.0', 'r2_speed': '9.550891600431086e-39', 'r2_job': '0', 'replace_status': '0', 'part_status': '0', 'r1_protective_gas': '0', 'r1_welding_wire': '0', 'r2_protective_gas': '0', 'r2_welding_wire': '0', 'login_id': '\x00\x00\x00\x00\x01\x1e\x00\x00\x00\x00', 'login_password': '\n\x00\x00\x00\x00\x00\x00\x00\x00\x00'}
2021-03-02  13:31:50 Tue root INFO ('\n\x07250 PCB\x00', '2567', '12853', 23130, '18944', '0', '6.079807794523514e-23', '8.407790785948902e-45', '3.6734198463196485e-40', '17207', '18053', '16722', '1.221601398924247e+17', '0.0', '9.550891600431086e-39', '0', '0', '0', '0', '0', '0', '\x00\x00\x00\x00\x01\x1e\x00\x00\x00\x00', '\n\x00\x00\x00\x00\x00\x00\x00\x00\x00', '0', '12320', '2021-03-02 13:31:50')
2021-03-02  13:31:50 Tue root INFO 成功添加数据
2021-03-02  13:31:50 Tue root INFO mes_plc_r5
2021-03-02  13:31:51 Tue root INFO 读取插入数据库数据：{'product_type': '\n\x00\x00\x00\x00\x00\x00\x00\x00\x00', 'r1_equipment_status': '2560', 'fail_code': '0', 'recerve': '0', 'prod_num': 0, 'r1_rob_no': '0', 'r1_weld_line_no': '0', 'r1_electric': '1.8870057723865944e-24', 'r1_voltage': '0.0', 'r1_speed': '0.0', 'r1_job': '17204', 'r2_rob_no': '14601', 'r2_weld_line_no': '16726', 'r2_electric': '-4.301500743989133e-26', 'r2_voltage': '0.0', 'r2_speed': '0.0', 'r2_job': '17203', 'replace_status': '-19532', 'part_status': '16726', 'r1_protective_gas': '26852', 'r1_welding_wire': '0', 'r2_protective_gas': '0', 'r2_welding_wire': '0', 'login_id': '\x00\x00\x00\x00\x00\x00\x00\x00\x00\x00', 'login_password': '\n\x00\x00\x00\x00\x00\x00\x00\x00\x00'}
2021-03-02  13:31:51 Tue root INFO ('\n\x00\x00\x00\x00\x00\x00\x00\x00\x00', '2560', '0', 0, '0', '0', '1.8870057723865944e-24', '0.0', '0.0', '17204', '14601', '16726', '-4.301500743989133e-26', '0.0', '0.0', '17203', '-19532', '26852', '0', '0', '0', '\x00\x00\x00\x00\x00\x00\x00\x00\x00\x00', '\n\x00\x00\x00\x00\x00\x00\x00\x00\x00', '16726', '0', '2021-03-02 13:31:51')
2021-03-02  13:31:51 Tue root INFO 成功添加数据
2021-03-02  13:31:51 Tue root INFO mes_plc_r6
2021-03-02  13:31:51 Tue root INFO 读取插入数据库数据：{'product_type': '\n\x00\x00\x00\x00\x00\x00\x00\x00\x00', 'r1_equipment_status': '2560', 'fail_code': '0', 'recerve': '0', 'prod_num': 0, 'r1_rob_no': '0', 'r1_weld_line_no': '0', 'r1_electric': '0.0', 'r1_voltage': '9.183815862507343e-40', 'r1_speed': '0.0', 'r1_job': '0', 'r2_rob_no': '0', 'r2_weld_line_no': '0', 'r2_electric': '0.0', 'r2_voltage': '0.0', 'r2_speed': '0.0', 'r2_job': '0', 'replace_status': '0', 'part_status': '0', 'r1_protective_gas': '0', 'r1_welding_wire': '0', 'r2_protective_gas': '0', 'r2_welding_wire': '0', 'login_id': '\x00\x00\x00\x00\x00\x00\x00\x00\x00\x00', 'login_password': '\n\x00\x00\x00\x00\x00\x00\x00\x00\x00'}
2021-03-02  13:31:51 Tue root INFO ('\n\x00\x00\x00\x00\x00\x00\x00\x00\x00', '2560', '0', 0, '0', '0', '0.0', '9.183815862507343e-40', '0.0', '0', '0', '0', '0.0', '0.0', '0.0', '0', '0', '0', '0', '0', '0', '\x00\x00\x00\x00\x00\x00\x00\x00\x00\x00', '\n\x00\x00\x00\x00\x00\x00\x00\x00\x00', '0', '0', '2021-03-02 13:31:51')
2021-03-02  13:31:51 Tue root INFO 成功添加数据
2021-03-02  13:33:12 Tue root INFO PLC1连接失败
2021-03-02  13:33:12 Tue root INFO plc连接状态:[0, 1, 1, 1, 1, 1]
2021-03-02  13:33:12 Tue root INFO mes_plc_r2
2021-03-02  13:33:12 Tue root INFO 读取插入数据库数据：{'product_type': '\n\x07250 TJ1\x00', 'r1_equipment_status': '2567', 'fail_code': '12853', 'recerve': '12320', 'prod_num': 21578, 'r1_rob_no': '12800', 'r1_weld_line_no': '0', 'r1_electric': '1.4843280748348423e-26', 'r1_voltage': '3.2650254218768238e-43', 'r1_speed': '3.6734198463196485e-40', 'r1_job': '17205', 'r2_rob_no': '-31137', 'r2_weld_line_no': '16722', 'r2_electric': '1.221601398924247e+17', 'r2_voltage': '0.0', 'r2_speed': '9.550891600431086e-39', 'r2_job': '0', 'replace_status': '0', 'part_status': '0', 'r1_protective_gas': '0', 'r1_welding_wire': '0', 'r2_protective_gas': '0', 'r2_welding_wire': '0', 'login_password': '\n\x00\x00\x00\x00\x00\x00\x00\x00\x00'}
2021-03-02  13:33:12 Tue root ERROR 读取插入数据库失败错误: 'login_id'
2021-03-02  13:33:12 Tue root INFO mes_plc_r3
2021-03-02  13:33:12 Tue root INFO 读取插入数据库数据：{'product_type': '\n\x07250 TJ3\x00', 'r1_equipment_status': '2567', 'fail_code': '12853', 'recerve': '12320', 'prod_num': 21578, 'r1_rob_no': '13312', 'r1_weld_line_no': '0', 'r1_electric': '1.0654134757297013e-21', 'r1_voltage': '3.3210773604498165e-43', 'r1_speed': '3.6734198463196485e-40', 'r1_job': '17207', 'r2_rob_no': '21846', 'r2_weld_line_no': '16733', 'r2_electric': '-55.5', 'r2_voltage': '0.0', 'r2_speed': '9.550891600431086e-39', 'r2_job': '0', 'replace_status': '0', 'part_status': '0', 'r1_protective_gas': '0', 'r1_welding_wire': '0', 'r2_protective_gas': '0', 'r2_welding_wire': '0', 'login_id': '\x00\x00\x00\x00\x00\x01\x00\x00\x00\x00', 'login_password': '\n\x00\x00\x00\x00\x00\x00\x00\x00\x00'}
2021-03-02  13:33:12 Tue root INFO ('\n\x07250 TJ3\x00', '2567', '12853', 21578, '13312', '0', '1.0654134757297013e-21', '3.3210773604498165e-43', '3.6734198463196485e-40', '17207', '21846', '16733', '-55.5', '0.0', '9.550891600431086e-39', '0', '0', '0', '0', '0', '0', '\x00\x00\x00\x00\x00\x01\x00\x00\x00\x00', '\n\x00\x00\x00\x00\x00\x00\x00\x00\x00', '0', '12320', '2021-03-02 13:33:12')
2021-03-02  13:33:12 Tue root INFO 成功添加数据
2021-03-02  13:33:12 Tue root INFO mes_plc_r4
2021-03-02  13:33:13 Tue root INFO 读取插入数据库数据：{'product_type': '\n\x07250 PCB\x00', 'r1_equipment_status': '2567', 'fail_code': '12853', 'recerve': '12320', 'prod_num': 23130, 'r1_rob_no': '18944', 'r1_weld_line_no': '0', 'r1_electric': '9.727692471237622e-22', 'r1_voltage': '8.407790785948902e-45', 'r1_speed': '3.6734198463196485e-40', 'r1_job': '17207', 'r2_rob_no': '18053', 'r2_weld_line_no': '16722', 'r2_electric': '-1.5845632502852868e+29', 'r2_voltage': '0.0', 'r2_speed': '9.550891600431086e-39', 'r2_job': '0', 'replace_status': '0', 'part_status': '0', 'r1_protective_gas': '0', 'r1_welding_wire': '0', 'r2_protective_gas': '0', 'r2_welding_wire': '0', 'login_id': '\x00\x00\x00\x00\x01?\x00\x00\x00\x00', 'login_password': '\n\x00\x00\x00\x00\x00\x00\x00\x00\x00'}
2021-03-02  13:33:13 Tue root INFO ('\n\x07250 PCB\x00', '2567', '12853', 23130, '18944', '0', '9.727692471237622e-22', '8.407790785948902e-45', '3.6734198463196485e-40', '17207', '18053', '16722', '-1.5845632502852868e+29', '0.0', '9.550891600431086e-39', '0', '0', '0', '0', '0', '0', '\x00\x00\x00\x00\x01?\x00\x00\x00\x00', '\n\x00\x00\x00\x00\x00\x00\x00\x00\x00', '0', '12320', '2021-03-02 13:33:13')
2021-03-02  13:33:13 Tue root INFO 成功添加数据
2021-03-02  13:33:13 Tue root INFO mes_plc_r5
2021-03-02  13:33:13 Tue root INFO 读取插入数据库数据：{'product_type': '\n\x00\x00\x00\x00\x00\x00\x00\x00\x00', 'r1_equipment_status': '2560', 'fail_code': '0', 'recerve': '0', 'prod_num': 0, 'r1_rob_no': '0', 'r1_weld_line_no': '0', 'r1_electric': '1.8870057723865944e-24', 'r1_voltage': '0.0', 'r1_speed': '0.0', 'r1_job': '17204', 'r2_rob_no': '14601', 'r2_weld_line_no': '16726', 'r2_electric': '39936.0', 'r2_voltage': '0.0', 'r2_speed': '0.0', 'r2_job': '17203', 'replace_status': '-19532', 'part_status': '16726', 'r1_protective_gas': '19266', 'r1_welding_wire': '0', 'r2_protective_gas': '0', 'r2_welding_wire': '0', 'login_id': '\x00\x00\x00\x00\x00\x00\x00\x00\x00\x00', 'login_password': '\n\x00\x00\x00\x00\x00\x00\x00\x00\x00'}
2021-03-02  13:33:13 Tue root INFO ('\n\x00\x00\x00\x00\x00\x00\x00\x00\x00', '2560', '0', 0, '0', '0', '1.8870057723865944e-24', '0.0', '0.0', '17204', '14601', '16726', '39936.0', '0.0', '0.0', '17203', '-19532', '19266', '0', '0', '0', '\x00\x00\x00\x00\x00\x00\x00\x00\x00\x00', '\n\x00\x00\x00\x00\x00\x00\x00\x00\x00', '16726', '0', '2021-03-02 13:33:13')
2021-03-02  13:33:13 Tue root INFO 成功添加数据
2021-03-02  13:33:13 Tue root INFO mes_plc_r6
2021-03-02  13:33:13 Tue root INFO 读取插入数据库数据：{'product_type': '\n\x00\x00\x00\x00\x00\x00\x00\x00\x00', 'r1_equipment_status': '2560', 'fail_code': '0', 'recerve': '0', 'prod_num': 0, 'r1_rob_no': '0', 'r1_weld_line_no': '0', 'r1_electric': '0.0', 'r1_voltage': '9.183815862507343e-40', 'r1_speed': '0.0', 'r1_job': '0', 'r2_rob_no': '0', 'r2_weld_line_no': '0', 'r2_electric': '0.0', 'r2_voltage': '0.0', 'r2_speed': '0.0', 'r2_job': '0', 'replace_status': '0', 'part_status': '0', 'r1_protective_gas': '0', 'r1_welding_wire': '0', 'r2_protective_gas': '0', 'r2_welding_wire': '0', 'login_id': '\x00\x00\x00\x00\x00\x00\x00\x00\x00\x00', 'login_password': '\n\x00\x00\x00\x00\x00\x00\x00\x00\x00'}
2021-03-02  13:33:13 Tue root INFO ('\n\x00\x00\x00\x00\x00\x00\x00\x00\x00', '2560', '0', 0, '0', '0', '0.0', '9.183815862507343e-40', '0.0', '0', '0', '0', '0.0', '0.0', '0.0', '0', '0', '0', '0', '0', '0', '\x00\x00\x00\x00\x00\x00\x00\x00\x00\x00', '\n\x00\x00\x00\x00\x00\x00\x00\x00\x00', '0', '0', '2021-03-02 13:33:13')
2021-03-02  13:33:13 Tue root INFO 成功添加数据
2021-03-02  13:34:35 Tue root INFO PLC1连接失败
2021-03-02  13:34:35 Tue root INFO plc连接状态:[0, 1, 1, 1, 1, 1]
2021-03-02  13:34:35 Tue root INFO mes_plc_r2
2021-03-02  13:34:35 Tue root INFO 读取插入数据库数据：{'product_type': '\n\x07250 TJ1\x00', 'r1_equipment_status': '2567', 'fail_code': '12853', 'recerve': '12320', 'prod_num': 21578, 'r1_rob_no': '12800', 'r1_weld_line_no': '0', 'r1_electric': '1.4843280748348423e-26', 'r1_voltage': '3.279038406520072e-43', 'r1_speed': '3.6734198463196485e-40', 'r1_job': '17205', 'r2_rob_no': '32503', 'r2_weld_line_no': '16722', 'r2_electric': '-4.128641872824801e-16', 'r2_voltage': '0.0', 'r2_speed': '9.550891600431086e-39', 'r2_job': '0', 'replace_status': '0', 'part_status': '0', 'r1_protective_gas': '0', 'r1_welding_wire': '0', 'r2_protective_gas': '0', 'r2_welding_wire': '0', 'login_password': '\n\x00\x00\x00\x00\x00\x00\x00\x00\x00'}
2021-03-02  13:34:35 Tue root ERROR 读取插入数据库失败错误: 'login_id'
2021-03-02  13:34:35 Tue root INFO mes_plc_r3
2021-03-02  13:34:35 Tue root INFO 读取插入数据库数据：{'product_type': '\n\x07250 TJ3\x00', 'r1_equipment_status': '2567', 'fail_code': '12853', 'recerve': '12320', 'prod_num': 21578, 'r1_rob_no': '13312', 'r1_weld_line_no': '0', 'r1_electric': '1.0654134757297013e-21', 'r1_voltage': '3.3210773604498165e-43', 'r1_speed': '3.6734198463196485e-40', 'r1_job': '17207', 'r2_rob_no': '29431', 'r2_weld_line_no': '16733', 'r2_electric': '-8.239936510889834e-17', 'r2_voltage': '0.0', 'r2_speed': '9.550891600431086e-39', 'r2_job': '0', 'replace_status': '0', 'part_status': '0', 'r1_protective_gas': '0', 'r1_welding_wire': '0', 'r2_protective_gas': '0', 'r2_welding_wire': '0', 'login_id': '\x00\x00\x00\x00\x00\x01\x00\x00\x00\x00', 'login_password': '\n\x00\x00\x00\x00\x00\x00\x00\x00\x00'}
2021-03-02  13:34:35 Tue root INFO ('\n\x07250 TJ3\x00', '2567', '12853', 21578, '13312', '0', '1.0654134757297013e-21', '3.3210773604498165e-43', '3.6734198463196485e-40', '17207', '29431', '16733', '-8.239936510889834e-17', '0.0', '9.550891600431086e-39', '0', '0', '0', '0', '0', '0', '\x00\x00\x00\x00\x00\x01\x00\x00\x00\x00', '\n\x00\x00\x00\x00\x00\x00\x00\x00\x00', '0', '12320', '2021-03-02 13:34:35')
2021-03-02  13:34:35 Tue root INFO 成功添加数据
2021-03-02  13:34:35 Tue root INFO mes_plc_r4
2021-03-02  13:34:36 Tue root INFO 读取插入数据库数据：{'product_type': '\n\x07250 PCB\x00', 'r1_equipment_status': '2567', 'fail_code': '12853', 'recerve': '12320', 'prod_num': 23130, 'r1_rob_no': '18944', 'r1_weld_line_no': '0', 'r1_electric': '6.385858562716382e-22', 'r1_voltage': '8.407790785948902e-45', 'r1_speed': '3.6734198463196485e-40', 'r1_job': '17207', 'r2_rob_no': '22793', 'r2_weld_line_no': '16722', 'r2_electric': '1.033631575770508e+26', 'r2_voltage': '0.0', 'r2_speed': '9.550891600431086e-39', 'r2_job': '0', 'replace_status': '0', 'part_status': '0', 'r1_protective_gas': '0', 'r1_welding_wire': '0', 'r2_protective_gas': '0', 'r2_welding_wire': '0', 'login_id': '\x00\x00\x00\x00\x01C\x00\x00\x00\x00', 'login_password': '\n\x00\x00\x00\x00\x00\x00\x00\x00\x00'}
2021-03-02  13:34:36 Tue root INFO ('\n\x07250 PCB\x00', '2567', '12853', 23130, '18944', '0', '6.385858562716382e-22', '8.407790785948902e-45', '3.6734198463196485e-40', '17207', '22793', '16722', '1.033631575770508e+26', '0.0', '9.550891600431086e-39', '0', '0', '0', '0', '0', '0', '\x00\x00\x00\x00\x01C\x00\x00\x00\x00', '\n\x00\x00\x00\x00\x00\x00\x00\x00\x00', '0', '12320', '2021-03-02 13:34:36')
2021-03-02  13:34:36 Tue root INFO 成功添加数据
2021-03-02  13:34:36 Tue root INFO mes_plc_r5
2021-03-02  13:34:36 Tue root INFO 读取插入数据库数据：{'product_type': '\n\x00\x00\x00\x00\x00\x00\x00\x00\x00', 'r1_equipment_status': '2560', 'fail_code': '0', 'recerve': '0', 'prod_num': 0, 'r1_rob_no': '0', 'r1_weld_line_no': '0', 'r1_electric': '1.8870057723865944e-24', 'r1_voltage': '0.0', 'r1_speed': '0.0', 'r1_job': '17204', 'r2_rob_no': '8913', 'r2_weld_line_no': '16726', 'r2_electric': '7.301667457314601e+33', 'r2_voltage': '0.0', 'r2_speed': '0.0', 'r2_job': '17203', 'replace_status': '-20480', 'part_status': '16726', 'r1_protective_gas': '26852', 'r1_welding_wire': '0', 'r2_protective_gas': '0', 'r2_welding_wire': '0', 'login_id': '\x00\x00\x00\x00\x00\x00\x00\x00\x00\x00', 'login_password': '\n\x00\x00\x00\x00\x00\x00\x00\x00\x00'}
2021-03-02  13:34:36 Tue root INFO ('\n\x00\x00\x00\x00\x00\x00\x00\x00\x00', '2560', '0', 0, '0', '0', '1.8870057723865944e-24', '0.0', '0.0', '17204', '8913', '16726', '7.301667457314601e+33', '0.0', '0.0', '17203', '-20480', '26852', '0', '0', '0', '\x00\x00\x00\x00\x00\x00\x00\x00\x00\x00', '\n\x00\x00\x00\x00\x00\x00\x00\x00\x00', '16726', '0', '2021-03-02 13:34:36')
2021-03-02  13:34:36 Tue root INFO 成功添加数据
2021-03-02  13:34:36 Tue root INFO mes_plc_r6
2021-03-02  13:34:36 Tue root INFO 读取插入数据库数据：{'product_type': '\n\x00\x00\x00\x00\x00\x00\x00\x00\x00', 'r1_equipment_status': '2560', 'fail_code': '0', 'recerve': '0', 'prod_num': 0, 'r1_rob_no': '0', 'r1_weld_line_no': '0', 'r1_electric': '0.0', 'r1_voltage': '9.183815862507343e-40', 'r1_speed': '0.0', 'r1_job': '0', 'r2_rob_no': '0', 'r2_weld_line_no': '0', 'r2_electric': '0.0', 'r2_voltage': '0.0', 'r2_speed': '0.0', 'r2_job': '0', 'replace_status': '0', 'part_status': '0', 'r1_protective_gas': '0', 'r1_welding_wire': '0', 'r2_protective_gas': '0', 'r2_welding_wire': '0', 'login_id': '\x00\x00\x00\x00\x00\x00\x00\x00\x00\x00', 'login_password': '\n\x00\x00\x00\x00\x00\x00\x00\x00\x00'}
2021-03-02  13:34:36 Tue root INFO ('\n\x00\x00\x00\x00\x00\x00\x00\x00\x00', '2560', '0', 0, '0', '0', '0.0', '9.183815862507343e-40', '0.0', '0', '0', '0', '0.0', '0.0', '0.0', '0', '0', '0', '0', '0', '0', '\x00\x00\x00\x00\x00\x00\x00\x00\x00\x00', '\n\x00\x00\x00\x00\x00\x00\x00\x00\x00', '0', '0', '2021-03-02 13:34:36')
2021-03-02  13:34:37 Tue root INFO 成功添加数据
2021-03-02  13:35:58 Tue root INFO PLC1连接失败
2021-03-02  13:35:58 Tue root INFO plc连接状态:[0, 1, 1, 1, 1, 1]
2021-03-02  13:35:58 Tue root INFO mes_plc_r2
2021-03-02  13:35:58 Tue root INFO 读取插入数据库数据：{'product_type': '\n\x07250 TJ1\x00', 'r1_equipment_status': '2567', 'fail_code': '12853', 'recerve': '12320', 'prod_num': 21578, 'r1_rob_no': '12800', 'r1_weld_line_no': '0', 'r1_electric': '1.4843280748348423e-26', 'r1_voltage': '3.279038406520072e-43', 'r1_speed': '3.6734198463196485e-40', 'r1_job': '17205', 'r2_rob_no': '-31137', 'r2_weld_line_no': '16722', 'r2_electric': '1.221601398924247e+17', 'r2_voltage': '0.0', 'r2_speed': '9.550891600431086e-39', 'r2_job': '0', 'replace_status': '0', 'part_status': '0', 'r1_protective_gas': '0', 'r1_welding_wire': '0', 'r2_protective_gas': '0', 'r2_welding_wire': '0', 'login_password': '\n\x00\x00\x00\x00\x00\x00\x00\x00\x00'}
2021-03-02  13:35:58 Tue root ERROR 读取插入数据库失败错误: 'login_id'
2021-03-02  13:35:58 Tue root INFO mes_plc_r3
2021-03-02  13:35:58 Tue root INFO 读取插入数据库数据：{'product_type': '\n\x07250 TJ3\x00', 'r1_equipment_status': '2567', 'fail_code': '12853', 'recerve': '12320', 'prod_num': 21578, 'r1_rob_no': '13312', 'r1_weld_line_no': '0', 'r1_electric': '1.0654134757297013e-21', 'r1_voltage': '3.3350903450930646e-43', 'r1_speed': '3.6734198463196485e-40', 'r1_job': '17207', 'r2_rob_no': '29431', 'r2_weld_line_no': '16734', 'r2_electric': '0.0001087188720703125', 'r2_voltage': '0.0', 'r2_speed': '9.550891600431086e-39', 'r2_job': '0', 'replace_status': '0', 'part_status': '0', 'r1_protective_gas': '0', 'r1_welding_wire': '0', 'r2_protective_gas': '0', 'r2_welding_wire': '0', 'login_id': '\x00\x00\x00\x00\x00\x1b\x00\x00\x00\x00', 'login_password': '\n\x00\x00\x00\x00\x00\x00\x00\x00\x00'}
2021-03-02  13:35:58 Tue root INFO ('\n\x07250 TJ3\x00', '2567', '12853', 21578, '13312', '0', '1.0654134757297013e-21', '3.3350903450930646e-43', '3.6734198463196485e-40', '17207', '29431', '16734', '0.0001087188720703125', '0.0', '9.550891600431086e-39', '0', '0', '0', '0', '0', '0', '\x00\x00\x00\x00\x00\x1b\x00\x00\x00\x00', '\n\x00\x00\x00\x00\x00\x00\x00\x00\x00', '0', '12320', '2021-03-02 13:35:58')
2021-03-02  13:35:58 Tue root INFO 成功添加数据
2021-03-02  13:35:58 Tue root INFO mes_plc_r4
2021-03-02  13:35:58 Tue root INFO 读取插入数据库数据：{'product_type': '\n\x07250 PCB\x00', 'r1_equipment_status': '2567', 'fail_code': '12853', 'recerve': '12320', 'prod_num': 23130, 'r1_rob_no': '18944', 'r1_weld_line_no': '0', 'r1_electric': '6.385858562716382e-22', 'r1_voltage': '8.407790785948902e-45', 'r1_speed': '3.6734198463196485e-40', 'r1_job': '17207', 'r2_rob_no': '11416', 'r2_weld_line_no': '17133', 'r2_electric': '2.4375050858650954e-34', 'r2_voltage': '0.0', 'r2_speed': '9.550891600431086e-39', 'r2_job': '0', 'replace_status': '0', 'part_status': '0', 'r1_protective_gas': '0', 'r1_welding_wire': '0', 'r2_protective_gas': '0', 'r2_welding_wire': '0', 'login_id': '\x00\x00\x00\x00\x01e\x00\x00\x00\x00', 'login_password': '\n\x00\x00\x00\x00\x00\x00\x00\x00\x00'}
2021-03-02  13:35:58 Tue root INFO ('\n\x07250 PCB\x00', '2567', '12853', 23130, '18944', '0', '6.385858562716382e-22', '8.407790785948902e-45', '3.6734198463196485e-40', '17207', '11416', '17133', '2.4375050858650954e-34', '0.0', '9.550891600431086e-39', '0', '0', '0', '0', '0', '0', '\x00\x00\x00\x00\x01e\x00\x00\x00\x00', '\n\x00\x00\x00\x00\x00\x00\x00\x00\x00', '0', '12320', '2021-03-02 13:35:58')
2021-03-02  13:35:58 Tue root INFO 成功添加数据
2021-03-02  13:35:58 Tue root INFO mes_plc_r5
2021-03-02  13:35:59 Tue root INFO 读取插入数据库数据：{'product_type': '\n\x00\x00\x00\x00\x00\x00\x00\x00\x00', 'r1_equipment_status': '2560', 'fail_code': '0', 'recerve': '0', 'prod_num': 0, 'r1_rob_no': '0', 'r1_weld_line_no': '0', 'r1_electric': '1.8870057723865944e-24', 'r1_voltage': '0.0', 'r1_speed': '0.0', 'r1_job': '17204', 'r2_rob_no': '9861', 'r2_weld_line_no': '16727', 'r2_electric': '7.072394237328387e-23', 'r2_voltage': '0.0', 'r2_speed': '0.0', 'r2_job': '17203', 'replace_status': '-20480', 'part_status': '16726', 'r1_protective_gas': '19266', 'r1_welding_wire': '0', 'r2_protective_gas': '0', 'r2_welding_wire': '0', 'login_id': '\x00\x00\x00\x00\x00\x00\x00\x00\x00\x00', 'login_password': '\n\x00\x00\x00\x00\x00\x00\x00\x00\x00'}
2021-03-02  13:35:59 Tue root INFO ('\n\x00\x00\x00\x00\x00\x00\x00\x00\x00', '2560', '0', 0, '0', '0', '1.8870057723865944e-24', '0.0', '0.0', '17204', '9861', '16727', '7.072394237328387e-23', '0.0', '0.0', '17203', '-20480', '19266', '0', '0', '0', '\x00\x00\x00\x00\x00\x00\x00\x00\x00\x00', '\n\x00\x00\x00\x00\x00\x00\x00\x00\x00', '16726', '0', '2021-03-02 13:35:59')
2021-03-02  13:35:59 Tue root INFO 成功添加数据
2021-03-02  13:35:59 Tue root INFO mes_plc_r6
2021-03-02  13:35:59 Tue root INFO 读取插入数据库数据：{'product_type': '\n\x00\x00\x00\x00\x00\x00\x00\x00\x00', 'r1_equipment_status': '2560', 'fail_code': '0', 'recerve': '0', 'prod_num': 0, 'r1_rob_no': '0', 'r1_weld_line_no': '0', 'r1_electric': '0.0', 'r1_voltage': '9.183815862507343e-40', 'r1_speed': '0.0', 'r1_job': '0', 'r2_rob_no': '0', 'r2_weld_line_no': '0', 'r2_electric': '0.0', 'r2_voltage': '0.0', 'r2_speed': '0.0', 'r2_job': '0', 'replace_status': '0', 'part_status': '0', 'r1_protective_gas': '0', 'r1_welding_wire': '0', 'r2_protective_gas': '0', 'r2_welding_wire': '0', 'login_id': '\x00\x00\x00\x00\x00\x00\x00\x00\x00\x00', 'login_password': '\n\x00\x00\x00\x00\x00\x00\x00\x00\x00'}
2021-03-02  13:35:59 Tue root INFO ('\n\x00\x00\x00\x00\x00\x00\x00\x00\x00', '2560', '0', 0, '0', '0', '0.0', '9.183815862507343e-40', '0.0', '0', '0', '0', '0.0', '0.0', '0.0', '0', '0', '0', '0', '0', '0', '\x00\x00\x00\x00\x00\x00\x00\x00\x00\x00', '\n\x00\x00\x00\x00\x00\x00\x00\x00\x00', '0', '0', '2021-03-02 13:35:59')
2021-03-02  13:35:59 Tue root INFO 成功添加数据
2021-03-02  13:37:20 Tue root INFO PLC1连接失败
2021-03-02  13:37:20 Tue root INFO plc连接状态:[0, 1, 1, 1, 1, 1]
2021-03-02  13:37:20 Tue root INFO mes_plc_r2
2021-03-02  13:37:20 Tue root INFO 读取插入数据库数据：{'product_type': '\n\x07250 TJ1\x00', 'r1_equipment_status': '2567', 'fail_code': '12853', 'recerve': '12320', 'prod_num': 21578, 'r1_rob_no': '12800', 'r1_weld_line_no': '0', 'r1_electric': '1.4843280748348423e-26', 'r1_voltage': '3.279038406520072e-43', 'r1_speed': '3.6734198463196485e-40', 'r1_job': '17205', 'r2_rob_no': '-31137', 'r2_weld_line_no': '16722', 'r2_electric': '3.139666402779627e-28', 'r2_voltage': '0.0', 'r2_speed': '9.550891600431086e-39', 'r2_job': '0', 'replace_status': '0', 'part_status': '0', 'r1_protective_gas': '0', 'r1_welding_wire': '0', 'r2_protective_gas': '0', 'r2_welding_wire': '0', 'login_password': '\n\x00\x00\x00\x00\x00\x00\x00\x00\x00'}
2021-03-02  13:37:20 Tue root ERROR 读取插入数据库失败错误: 'login_id'
2021-03-02  13:37:20 Tue root INFO mes_plc_r3
2021-03-02  13:37:21 Tue root INFO 读取插入数据库数据：{'product_type': '\n\x07250 TJ3\x00', 'r1_equipment_status': '2567', 'fail_code': '12853', 'recerve': '12320', 'prod_num': 21578, 'r1_rob_no': '13312', 'r1_weld_line_no': '0', 'r1_electric': '1.0654134757297013e-21', 'r1_voltage': '3.3350903450930646e-43', 'r1_speed': '3.6734198463196485e-40', 'r1_job': '17207', 'r2_rob_no': '22793', 'r2_weld_line_no': '16734', 'r2_electric': '92160.0', 'r2_voltage': '0.0', 'r2_speed': '9.550891600431086e-39', 'r2_job': '0', 'replace_status': '0', 'part_status': '0', 'r1_protective_gas': '0', 'r1_welding_wire': '0', 'r2_protective_gas': '0', 'r2_welding_wire': '0', 'login_id': '\x00\x00\x00\x00\x007\x00\x00\x00\x00', 'login_password': '\n\x00\x00\x00\x00\x00\x00\x00\x00\x00'}
2021-03-02  13:37:21 Tue root INFO ('\n\x07250 TJ3\x00', '2567', '12853', 21578, '13312', '0', '1.0654134757297013e-21', '3.3350903450930646e-43', '3.6734198463196485e-40', '17207', '22793', '16734', '92160.0', '0.0', '9.550891600431086e-39', '0', '0', '0', '0', '0', '0', '\x00\x00\x00\x00\x007\x00\x00\x00\x00', '\n\x00\x00\x00\x00\x00\x00\x00\x00\x00', '0', '12320', '2021-03-02 13:37:21')
2021-03-02  13:37:21 Tue root INFO 成功添加数据
2021-03-02  13:37:21 Tue root INFO mes_plc_r4
2021-03-02  13:37:21 Tue root INFO 读取插入数据库数据：{'product_type': '\n\x07250 PCB\x00', 'r1_equipment_status': '2567', 'fail_code': '12853', 'recerve': '12320', 'prod_num': 23130, 'r1_rob_no': '18944', 'r1_weld_line_no': '0', 'r1_electric': '6.079807794523514e-23', 'r1_voltage': '9.80908925027372e-45', 'r1_speed': '3.6734198463196485e-40', 'r1_job': '17207', 'r2_rob_no': '8571', 'r2_weld_line_no': '-15991', 'r2_electric': '1.40625', 'r2_voltage': '0.0', 'r2_speed': '9.550891600431086e-39', 'r2_job': '0', 'replace_status': '0', 'part_status': '0', 'r1_protective_gas': '0', 'r1_welding_wire': '0', 'r2_protective_gas': '0', 'r2_welding_wire': '0', 'login_id': '\x00\x00\x00\x00\x01p\x00\x00\x00\x00', 'login_password': '\n\x00\x00\x00\x00\x00\x00\x00\x00\x00'}
2021-03-02  13:37:21 Tue root INFO ('\n\x07250 PCB\x00', '2567', '12853', 23130, '18944', '0', '6.079807794523514e-23', '9.80908925027372e-45', '3.6734198463196485e-40', '17207', '8571', '-15991', '1.40625', '0.0', '9.550891600431086e-39', '0', '0', '0', '0', '0', '0', '\x00\x00\x00\x00\x01p\x00\x00\x00\x00', '\n\x00\x00\x00\x00\x00\x00\x00\x00\x00', '0', '12320', '2021-03-02 13:37:21')
2021-03-02  13:37:21 Tue root INFO 成功添加数据
2021-03-02  13:37:21 Tue root INFO mes_plc_r5
2021-03-02  13:37:21 Tue root INFO 读取插入数据库数据：{'product_type': '\n\x00\x00\x00\x00\x00\x00\x00\x00\x00', 'r1_equipment_status': '2560', 'fail_code': '0', 'recerve': '0', 'prod_num': 0, 'r1_rob_no': '0', 'r1_weld_line_no': '0', 'r1_electric': '1.8870057723865944e-24', 'r1_voltage': '0.0', 'r1_speed': '0.0', 'r1_job': '17204', 'r2_rob_no': '9861', 'r2_weld_line_no': '16727', 'r2_electric': '-24.875', 'r2_voltage': '0.0', 'r2_speed': '0.0', 'r2_job': '17203', 'replace_status': '-27117', 'part_status': '16726', 'r1_protective_gas': '19266', 'r1_welding_wire': '0', 'r2_protective_gas': '0', 'r2_welding_wire': '0', 'login_id': '\x00\x00\x00\x00\x00\x00\x00\x00\x00\x00', 'login_password': '\n\x00\x00\x00\x00\x00\x00\x00\x00\x00'}
2021-03-02  13:37:21 Tue root INFO ('\n\x00\x00\x00\x00\x00\x00\x00\x00\x00', '2560', '0', 0, '0', '0', '1.8870057723865944e-24', '0.0', '0.0', '17204', '9861', '16727', '-24.875', '0.0', '0.0', '17203', '-27117', '19266', '0', '0', '0', '\x00\x00\x00\x00\x00\x00\x00\x00\x00\x00', '\n\x00\x00\x00\x00\x00\x00\x00\x00\x00', '16726', '0', '2021-03-02 13:37:21')
2021-03-02  13:37:21 Tue root INFO 成功添加数据
2021-03-02  13:37:21 Tue root INFO mes_plc_r6
2021-03-02  13:37:22 Tue root INFO 读取插入数据库数据：{'product_type': '\n\x00\x00\x00\x00\x00\x00\x00\x00\x00', 'r1_equipment_status': '2560', 'fail_code': '0', 'recerve': '0', 'prod_num': 0, 'r1_rob_no': '0', 'r1_weld_line_no': '0', 'r1_electric': '0.0', 'r1_voltage': '9.183815862507343e-40', 'r1_speed': '0.0', 'r1_job': '0', 'r2_rob_no': '0', 'r2_weld_line_no': '0', 'r2_electric': '0.0', 'r2_voltage': '0.0', 'r2_speed': '0.0', 'r2_job': '0', 'replace_status': '0', 'part_status': '0', 'r1_protective_gas': '0', 'r1_welding_wire': '0', 'r2_protective_gas': '0', 'r2_welding_wire': '0', 'login_id': '\x00\x00\x00\x00\x00\x00\x00\x00\x00\x00', 'login_password': '\n\x00\x00\x00\x00\x00\x00\x00\x00\x00'}
2021-03-02  13:37:22 Tue root INFO ('\n\x00\x00\x00\x00\x00\x00\x00\x00\x00', '2560', '0', 0, '0', '0', '0.0', '9.183815862507343e-40', '0.0', '0', '0', '0', '0.0', '0.0', '0.0', '0', '0', '0', '0', '0', '0', '\x00\x00\x00\x00\x00\x00\x00\x00\x00\x00', '\n\x00\x00\x00\x00\x00\x00\x00\x00\x00', '0', '0', '2021-03-02 13:37:22')
2021-03-02  13:37:22 Tue root INFO 成功添加数据
2021-03-02  13:38:43 Tue root INFO PLC1连接失败
2021-03-02  13:38:43 Tue root INFO plc连接状态:[0, 1, 1, 1, 1, 1]
2021-03-02  13:38:43 Tue root INFO mes_plc_r2
2021-03-02  13:38:43 Tue root INFO 读取插入数据库数据：{'product_type': '\n\x07250 TJ1\x00', 'r1_equipment_status': '2567', 'fail_code': '12853', 'recerve': '12320', 'prod_num': 21578, 'r1_rob_no': '12800', 'r1_weld_line_no': '0', 'r1_electric': '1.4843280748348423e-26', 'r1_voltage': '3.279038406520072e-43', 'r1_speed': '3.6734198463196485e-40', 'r1_job': '17205', 'r2_rob_no': '-31137', 'r2_weld_line_no': '16722', 'r2_electric': '2.558039500707987e-19', 'r2_voltage': '0.0', 'r2_speed': '9.550891600431086e-39', 'r2_job': '0', 'replace_status': '0', 'part_status': '0', 'r1_protective_gas': '0', 'r1_welding_wire': '0', 'r2_protective_gas': '0', 'r2_welding_wire': '0', 'login_password': '\n\x00\x00\x00\x00\x00\x00\x00\x00\x00'}
2021-03-02  13:38:43 Tue root ERROR 读取插入数据库失败错误: 'login_id'
2021-03-02  13:38:43 Tue root INFO mes_plc_r3
2021-03-02  13:38:43 Tue root INFO 读取插入数据库数据：{'product_type': '\n\x07250 TJ3\x00', 'r1_equipment_status': '2567', 'fail_code': '12853', 'recerve': '12320', 'prod_num': 21578, 'r1_rob_no': '13312', 'r1_weld_line_no': '0', 'r1_electric': '1.0654134757297013e-21', 'r1_voltage': '3.3350903450930646e-43', 'r1_speed': '3.6734198463196485e-40', 'r1_job': '17207', 'r2_rob_no': '25638', 'r2_weld_line_no': '16733', 'r2_electric': '-47244640256.0', 'r2_voltage': '0.0', 'r2_speed': '9.550891600431086e-39', 'r2_job': '0', 'replace_status': '0', 'part_status': '0', 'r1_protective_gas': '0', 'r1_welding_wire': '0', 'r2_protective_gas': '0', 'r2_welding_wire': '0', 'login_id': '\x00\x00\x00\x00\x007\x00\x00\x00\x00', 'login_password': '\n\x00\x00\x00\x00\x00\x00\x00\x00\x00'}
2021-03-02  13:38:43 Tue root INFO ('\n\x07250 TJ3\x00', '2567', '12853', 21578, '13312', '0', '1.0654134757297013e-21', '3.3350903450930646e-43', '3.6734198463196485e-40', '17207', '25638', '16733', '-47244640256.0', '0.0', '9.550891600431086e-39', '0', '0', '0', '0', '0', '0', '\x00\x00\x00\x00\x007\x00\x00\x00\x00', '\n\x00\x00\x00\x00\x00\x00\x00\x00\x00', '0', '12320', '2021-03-02 13:38:43')
2021-03-02  13:38:43 Tue root INFO 成功添加数据
2021-03-02  13:38:43 Tue root INFO mes_plc_r4
2021-03-02  13:38:44 Tue root INFO 读取插入数据库数据：{'product_type': '\n\x07250 PCB\x00', 'r1_equipment_status': '2567', 'fail_code': '12853', 'recerve': '12320', 'prod_num': 23130, 'r1_rob_no': '18944', 'r1_weld_line_no': '0', 'r1_electric': '9.727692471237622e-22', 'r1_voltage': '9.80908925027372e-45', 'r1_speed': '3.6734198463196485e-40', 'r1_job': '17207', 'r2_rob_no': '17105', 'r2_weld_line_no': '16722', 'r2_electric': '-284.0', 'r2_voltage': '0.0', 'r2_speed': '9.550891600431086e-39', 'r2_job': '0', 'replace_status': '0', 'part_status': '0', 'r1_protective_gas': '0', 'r1_welding_wire': '0', 'r2_protective_gas': '0', 'r2_welding_wire': '0', 'login_password': '\n\x00\x00\x00\x00\x00\x00\x00\x00\x00'}
2021-03-02  13:38:44 Tue root ERROR 读取插入数据库失败错误: 'login_id'
2021-03-02  13:38:44 Tue root INFO mes_plc_r5
2021-03-02  13:38:44 Tue root INFO 读取插入数据库数据：{'product_type': '\n\x00\x00\x00\x00\x00\x00\x00\x00\x00', 'r1_equipment_status': '2560', 'fail_code': '0', 'recerve': '0', 'prod_num': 0, 'r1_rob_no': '0', 'r1_weld_line_no': '0', 'r1_electric': '1.8870057723865944e-24', 'r1_voltage': '0.0', 'r1_speed': '0.0', 'r1_job': '17204', 'r2_rob_no': '9861', 'r2_weld_line_no': '16727', 'r2_electric': '7.072394237328387e-23', 'r2_voltage': '0.0', 'r2_speed': '0.0', 'r2_job': '17203', 'replace_status': '-27117', 'part_status': '16726', 'r1_protective_gas': '26852', 'r1_welding_wire': '0', 'r2_protective_gas': '0', 'r2_welding_wire': '0', 'login_id': '\x00\x00\x00\x00\x00\x00\x00\x00\x00\x00', 'login_password': '\n\x00\x00\x00\x00\x00\x00\x00\x00\x00'}
2021-03-02  13:38:44 Tue root INFO ('\n\x00\x00\x00\x00\x00\x00\x00\x00\x00', '2560', '0', 0, '0', '0', '1.8870057723865944e-24', '0.0', '0.0', '17204', '9861', '16727', '7.072394237328387e-23', '0.0', '0.0', '17203', '-27117', '26852', '0', '0', '0', '\x00\x00\x00\x00\x00\x00\x00\x00\x00\x00', '\n\x00\x00\x00\x00\x00\x00\x00\x00\x00', '16726', '0', '2021-03-02 13:38:44')
2021-03-02  13:38:44 Tue root INFO 成功添加数据
2021-03-02  13:38:44 Tue root INFO mes_plc_r6
2021-03-02  13:38:44 Tue root INFO 读取插入数据库数据：{'product_type': '\n\x00\x00\x00\x00\x00\x00\x00\x00\x00', 'r1_equipment_status': '2560', 'fail_code': '0', 'recerve': '0', 'prod_num': 0, 'r1_rob_no': '0', 'r1_weld_line_no': '0', 'r1_electric': '0.0', 'r1_voltage': '9.183815862507343e-40', 'r1_speed': '0.0', 'r1_job': '0', 'r2_rob_no': '0', 'r2_weld_line_no': '0', 'r2_electric': '0.0', 'r2_voltage': '0.0', 'r2_speed': '0.0', 'r2_job': '0', 'replace_status': '0', 'part_status': '0', 'r1_protective_gas': '0', 'r1_welding_wire': '0', 'r2_protective_gas': '0', 'r2_welding_wire': '0', 'login_id': '\x00\x00\x00\x00\x00\x00\x00\x00\x00\x00', 'login_password': '\n\x00\x00\x00\x00\x00\x00\x00\x00\x00'}
2021-03-02  13:38:44 Tue root INFO ('\n\x00\x00\x00\x00\x00\x00\x00\x00\x00', '2560', '0', 0, '0', '0', '0.0', '9.183815862507343e-40', '0.0', '0', '0', '0', '0.0', '0.0', '0.0', '0', '0', '0', '0', '0', '0', '\x00\x00\x00\x00\x00\x00\x00\x00\x00\x00', '\n\x00\x00\x00\x00\x00\x00\x00\x00\x00', '0', '0', '2021-03-02 13:38:44')
2021-03-02  13:38:44 Tue root INFO 成功添加数据
2021-03-02  13:40:05 Tue root INFO PLC1连接失败
2021-03-02  13:40:05 Tue root INFO plc连接状态:[0, 1, 1, 1, 1, 1]
2021-03-02  13:40:05 Tue root INFO mes_plc_r2
2021-03-02  13:40:06 Tue root INFO 读取插入数据库数据：{'product_type': '\n\x07250 TJ1\x00', 'r1_equipment_status': '2567', 'fail_code': '12853', 'recerve': '12320', 'prod_num': 21578, 'r1_rob_no': '12800', 'r1_weld_line_no': '0', 'r1_electric': '1.4843280748348423e-26', 'r1_voltage': '3.279038406520072e-43', 'r1_speed': '3.6734198463196485e-40', 'r1_job': '17205', 'r2_rob_no': '-31137', 'r2_weld_line_no': '16722', 'r2_electric': '0.1806640625', 'r2_voltage': '0.0', 'r2_speed': '9.550891600431086e-39', 'r2_job': '0', 'replace_status': '0', 'part_status': '0', 'r1_protective_gas': '0', 'r1_welding_wire': '0', 'r2_protective_gas': '0', 'r2_welding_wire': '0', 'login_password': '\n\x00\x00\x00\x00\x00\x00\x00\x00\x00'}
2021-03-02  13:40:06 Tue root ERROR 读取插入数据库失败错误: 'login_id'
2021-03-02  13:40:06 Tue root INFO mes_plc_r3
2021-03-02  13:40:06 Tue root INFO 读取插入数据库数据：{'product_type': '\n\x07250 TJ3\x00', 'r1_equipment_status': '2567', 'fail_code': '12853', 'recerve': '12320', 'prod_num': 21578, 'r1_rob_no': '13312', 'r1_weld_line_no': '0', 'r1_electric': '6.658834223310633e-23', 'r1_voltage': '3.3350903450930646e-43', 'r1_speed': '3.6734198463196485e-40', 'r1_job': '17207', 'r2_rob_no': '29431', 'r2_weld_line_no': '16734', 'r2_electric': '1.8643001861668443e-31', 'r2_voltage': '0.0', 'r2_speed': '9.550891600431086e-39', 'r2_job': '0', 'replace_status': '0', 'part_status': '0', 'r1_protective_gas': '0', 'r1_welding_wire': '0', 'r2_protective_gas': '0', 'r2_welding_wire': '0', 'login_id': '\x00\x00\x00\x00\x00O\x00\x00\x00\x00', 'login_password': '\n\x00\x00\x00\x00\x00\x00\x00\x00\x00'}
2021-03-02  13:40:06 Tue root INFO ('\n\x07250 TJ3\x00', '2567', '12853', 21578, '13312', '0', '6.658834223310633e-23', '3.3350903450930646e-43', '3.6734198463196485e-40', '17207', '29431', '16734', '1.8643001861668443e-31', '0.0', '9.550891600431086e-39', '0', '0', '0', '0', '0', '0', '\x00\x00\x00\x00\x00O\x00\x00\x00\x00', '\n\x00\x00\x00\x00\x00\x00\x00\x00\x00', '0', '12320', '2021-03-02 13:40:06')
2021-03-02  13:40:06 Tue root INFO 成功添加数据
2021-03-02  13:40:06 Tue root INFO mes_plc_r4
2021-03-02  13:40:06 Tue root INFO 读取插入数据库数据：{'product_type': '\n\x07250 PCB\x00', 'r1_equipment_status': '2567', 'fail_code': '12853', 'recerve': '12320', 'prod_num': 23130, 'r1_rob_no': '18944', 'r1_weld_line_no': '0', 'r1_electric': '9.727692471237622e-22', 'r1_voltage': '9.80908925027372e-45', 'r1_speed': '3.6734198463196485e-40', 'r1_job': '17207', 'r2_rob_no': '18053', 'r2_weld_line_no': '16722', 'r2_electric': '1.221601398924247e+17', 'r2_voltage': '0.0', 'r2_speed': '9.550891600431086e-39', 'r2_job': '0', 'replace_status': '0', 'part_status': '0', 'r1_protective_gas': '0', 'r1_welding_wire': '0', 'r2_protective_gas': '0', 'r2_welding_wire': '0', 'login_password': '\n\x00\x00\x00\x00\x00\x00\x00\x00\x00'}
2021-03-02  13:40:06 Tue root ERROR 读取插入数据库失败错误: 'login_id'
2021-03-02  13:40:06 Tue root INFO mes_plc_r5
2021-03-02  13:40:06 Tue root INFO 读取插入数据库数据：{'product_type': '\n\x00\x00\x00\x00\x00\x00\x00\x00\x00', 'r1_equipment_status': '2560', 'fail_code': '0', 'recerve': '0', 'prod_num': 0, 'r1_rob_no': '0', 'r1_weld_line_no': '0', 'r1_electric': '1.8870057723865944e-24', 'r1_voltage': '0.0', 'r1_speed': '0.0', 'r1_job': '17204', 'r2_rob_no': '5120', 'r2_weld_line_no': '16727', 'r2_electric': '7.072394237328387e-23', 'r2_voltage': '0.0', 'r2_speed': '0.0', 'r2_job': '17203', 'replace_status': '-24273', 'part_status': '16726', 'r1_protective_gas': '30644', 'r1_welding_wire': '0', 'r2_protective_gas': '0', 'r2_welding_wire': '0', 'login_id': '\x00\x00\x00\x00\x00\x00\x00\x00\x00\x00', 'login_password': '\n\x00\x00\x00\x00\x00\x00\x00\x00\x00'}
2021-03-02  13:40:06 Tue root INFO ('\n\x00\x00\x00\x00\x00\x00\x00\x00\x00', '2560', '0', 0, '0', '0', '1.8870057723865944e-24', '0.0', '0.0', '17204', '5120', '16727', '7.072394237328387e-23', '0.0', '0.0', '17203', '-24273', '30644', '0', '0', '0', '\x00\x00\x00\x00\x00\x00\x00\x00\x00\x00', '\n\x00\x00\x00\x00\x00\x00\x00\x00\x00', '16726', '0', '2021-03-02 13:40:06')
2021-03-02  13:40:06 Tue root INFO 成功添加数据
2021-03-02  13:40:06 Tue root INFO mes_plc_r6
2021-03-02  13:40:07 Tue root INFO 读取插入数据库数据：{'product_type': '\n\x00\x00\x00\x00\x00\x00\x00\x00\x00', 'r1_equipment_status': '2560', 'fail_code': '0', 'recerve': '0', 'prod_num': 0, 'r1_rob_no': '0', 'r1_weld_line_no': '0', 'r1_electric': '0.0', 'r1_voltage': '9.183815862507343e-40', 'r1_speed': '0.0', 'r1_job': '0', 'r2_rob_no': '0', 'r2_weld_line_no': '0', 'r2_electric': '0.0', 'r2_voltage': '0.0', 'r2_speed': '0.0', 'r2_job': '0', 'replace_status': '0', 'part_status': '0', 'r1_protective_gas': '0', 'r1_welding_wire': '0', 'r2_protective_gas': '0', 'r2_welding_wire': '0', 'login_id': '\x00\x00\x00\x00\x00\x00\x00\x00\x00\x00', 'login_password': '\n\x00\x00\x00\x00\x00\x00\x00\x00\x00'}
2021-03-02  13:40:07 Tue root INFO ('\n\x00\x00\x00\x00\x00\x00\x00\x00\x00', '2560', '0', 0, '0', '0', '0.0', '9.183815862507343e-40', '0.0', '0', '0', '0', '0.0', '0.0', '0.0', '0', '0', '0', '0', '0', '0', '\x00\x00\x00\x00\x00\x00\x00\x00\x00\x00', '\n\x00\x00\x00\x00\x00\x00\x00\x00\x00', '0', '0', '2021-03-02 13:40:07')
2021-03-02  13:40:07 Tue root INFO 成功添加数据
2021-03-02  13:41:28 Tue root INFO PLC1连接失败
2021-03-02  13:41:28 Tue root INFO plc连接状态:[0, 1, 1, 1, 1, 1]
2021-03-02  13:41:28 Tue root INFO mes_plc_r2
2021-03-02  13:41:28 Tue root INFO 读取插入数据库数据：{'product_type': '\n\x07250 TJ1\x00', 'r1_equipment_status': '2567', 'fail_code': '12853', 'recerve': '12320', 'prod_num': 21578, 'r1_rob_no': '12800', 'r1_weld_line_no': '0', 'r1_electric': '9.74404687914487e-27', 'r1_voltage': '3.279038406520072e-43', 'r1_speed': '3.6734198463196485e-40', 'r1_job': '17205', 'r2_rob_no': '-32086', 'r2_weld_line_no': '-16084', 'r2_electric': '-1.8965023795204495e+25', 'r2_voltage': '0.0', 'r2_speed': '9.550891600431086e-39', 'r2_job': '0', 'replace_status': '0', 'part_status': '0', 'r1_protective_gas': '0', 'r1_welding_wire': '0', 'r2_protective_gas': '0', 'r2_welding_wire': '0', 'login_password': '\n\x00\x00\x00\x00\x00\x00\x00\x00\x00'}
2021-03-02  13:41:28 Tue root ERROR 读取插入数据库失败错误: 'login_id'
2021-03-02  13:41:28 Tue root INFO mes_plc_r3
2021-03-02  13:41:28 Tue root INFO 读取插入数据库数据：{'product_type': '\n\x07250 TJ3\x00', 'r1_equipment_status': '2567', 'fail_code': '12853', 'recerve': '12320', 'prod_num': 21578, 'r1_rob_no': '13312', 'r1_weld_line_no': '0', 'r1_electric': '1.0654134757297013e-21', 'r1_voltage': '3.3350903450930646e-43', 'r1_speed': '3.6734198463196485e-40', 'r1_job': '17207', 'r2_rob_no': '30378', 'r2_weld_line_no': '16733', 'r2_electric': '-6.612390279769897e-08', 'r2_voltage': '0.0', 'r2_speed': '9.550891600431086e-39', 'r2_job': '0', 'replace_status': '0', 'part_status': '0', 'r1_protective_gas': '0', 'r1_welding_wire': '0', 'r2_protective_gas': '0', 'r2_welding_wire': '0', 'login_id': '\x00\x00\x00\x00\x00T\x00\x00\x00\x00', 'login_password': '\n\x00\x00\x00\x00\x00\x00\x00\x00\x00'}
2021-03-02  13:41:28 Tue root INFO ('\n\x07250 TJ3\x00', '2567', '12853', 21578, '13312', '0', '1.0654134757297013e-21', '3.3350903450930646e-43', '3.6734198463196485e-40', '17207', '30378', '16733', '-6.612390279769897e-08', '0.0', '9.550891600431086e-39', '0', '0', '0', '0', '0', '0', '\x00\x00\x00\x00\x00T\x00\x00\x00\x00', '\n\x00\x00\x00\x00\x00\x00\x00\x00\x00', '0', '12320', '2021-03-02 13:41:28')
2021-03-02  13:41:28 Tue root INFO 成功添加数据
2021-03-02  13:41:28 Tue root INFO mes_plc_r4
2021-03-02  13:41:29 Tue root INFO 读取插入数据库数据：{'product_type': '\n\x07250 PCB\x00', 'r1_equipment_status': '2567', 'fail_code': '12853', 'recerve': '12320', 'prod_num': 23130, 'r1_rob_no': '18944', 'r1_weld_line_no': '0', 'r1_electric': '6.385858562716382e-22', 'r1_voltage': '9.80908925027372e-45', 'r1_speed': '3.6734198463196485e-40', 'r1_job': '17207', 'r2_rob_no': '5727', 'r2_weld_line_no': '-15991', 'r2_electric': '2.8947054986331664e+35', 'r2_voltage': '0.0', 'r2_speed': '9.550891600431086e-39', 'r2_job': '0', 'replace_status': '0', 'part_status': '0', 'r1_protective_gas': '0', 'r1_welding_wire': '0', 'r2_protective_gas': '0', 'r2_welding_wire': '0', 'login_password': '\n\x00\x00\x00\x00\x00\x00\x00\x00\x00'}
2021-03-02  13:41:29 Tue root ERROR 读取插入数据库失败错误: 'login_id'
2021-03-02  13:41:29 Tue root INFO mes_plc_r5
2021-03-02  13:41:29 Tue root INFO 读取插入数据库数据：{'product_type': '\n\x00\x00\x00\x00\x00\x00\x00\x00\x00', 'r1_equipment_status': '2560', 'fail_code': '0', 'recerve': '0', 'prod_num': 0, 'r1_rob_no': '0', 'r1_weld_line_no': '0', 'r1_electric': '1.8870057723865944e-24', 'r1_voltage': '0.0', 'r1_speed': '0.0', 'r1_job': '17204', 'r2_rob_no': '4172', 'r2_weld_line_no': '16726', 'r2_electric': '-20266876928.0', 'r2_voltage': '0.0', 'r2_speed': '0.0', 'r2_job': '17203', 'replace_status': '-28065', 'part_status': '16726', 'r1_protective_gas': '26852', 'r1_welding_wire': '0', 'r2_protective_gas': '0', 'r2_welding_wire': '0', 'login_id': '\x00\x00\x00\x00\x00\x00\x00\x00\x00\x00', 'login_password': '\n\x00\x00\x00\x00\x00\x00\x00\x00\x00'}
2021-03-02  13:41:29 Tue root INFO ('\n\x00\x00\x00\x00\x00\x00\x00\x00\x00', '2560', '0', 0, '0', '0', '1.8870057723865944e-24', '0.0', '0.0', '17204', '4172', '16726', '-20266876928.0', '0.0', '0.0', '17203', '-28065', '26852', '0', '0', '0', '\x00\x00\x00\x00\x00\x00\x00\x00\x00\x00', '\n\x00\x00\x00\x00\x00\x00\x00\x00\x00', '16726', '0', '2021-03-02 13:41:29')
2021-03-02  13:41:29 Tue root INFO 成功添加数据
2021-03-02  13:41:29 Tue root INFO mes_plc_r6
2021-03-02  13:41:29 Tue root INFO 读取插入数据库数据：{'product_type': '\n\x00\x00\x00\x00\x00\x00\x00\x00\x00', 'r1_equipment_status': '2560', 'fail_code': '0', 'recerve': '0', 'prod_num': 0, 'r1_rob_no': '0', 'r1_weld_line_no': '0', 'r1_electric': '0.0', 'r1_voltage': '9.183815862507343e-40', 'r1_speed': '0.0', 'r1_job': '0', 'r2_rob_no': '0', 'r2_weld_line_no': '0', 'r2_electric': '0.0', 'r2_voltage': '0.0', 'r2_speed': '0.0', 'r2_job': '0', 'replace_status': '0', 'part_status': '0', 'r1_protective_gas': '0', 'r1_welding_wire': '0', 'r2_protective_gas': '0', 'r2_welding_wire': '0', 'login_id': '\x00\x00\x00\x00\x00\x00\x00\x00\x00\x00', 'login_password': '\n\x00\x00\x00\x00\x00\x00\x00\x00\x00'}
2021-03-02  13:41:29 Tue root INFO ('\n\x00\x00\x00\x00\x00\x00\x00\x00\x00', '2560', '0', 0, '0', '0', '0.0', '9.183815862507343e-40', '0.0', '0', '0', '0', '0.0', '0.0', '0.0', '0', '0', '0', '0', '0', '0', '\x00\x00\x00\x00\x00\x00\x00\x00\x00\x00', '\n\x00\x00\x00\x00\x00\x00\x00\x00\x00', '0', '0', '2021-03-02 13:41:29')
2021-03-02  13:41:29 Tue root INFO 成功添加数据
2021-03-02  13:42:50 Tue root INFO PLC1连接失败
2021-03-02  13:42:50 Tue root INFO plc连接状态:[0, 1, 1, 1, 1, 1]
2021-03-02  13:42:50 Tue root INFO mes_plc_r2
2021-03-02  13:42:51 Tue root INFO 读取插入数据库数据：{'product_type': '\n\x07250 TJ1\x00', 'r1_equipment_status': '2567', 'fail_code': '12853', 'recerve': '12320', 'prod_num': 21578, 'r1_rob_no': '12800', 'r1_weld_line_no': '0', 'r1_electric': '1.4843280748348423e-26', 'r1_voltage': '3.279038406520072e-43', 'r1_speed': '3.6734198463196485e-40', 'r1_job': '17205', 'r2_rob_no': '-32086', 'r2_weld_line_no': '16722', 'r2_electric': '-6.138901697734314e-34', 'r2_voltage': '0.0', 'r2_speed': '9.550891600431086e-39', 'r2_job': '0', 'replace_status': '0', 'part_status': '0', 'r1_protective_gas': '0', 'r1_welding_wire': '0', 'r2_protective_gas': '0', 'r2_welding_wire': '0', 'login_password': '\n\x00\x00\x00\x00\x00\x00\x00\x00\x00'}
2021-03-02  13:42:51 Tue root ERROR 读取插入数据库失败错误: 'login_id'
2021-03-02  13:42:51 Tue root INFO mes_plc_r3
2021-03-02  13:42:51 Tue root INFO 读取插入数据库数据：{'product_type': '\n\x07250 TJ3\x00', 'r1_equipment_status': '2567', 'fail_code': '12853', 'recerve': '12320', 'prod_num': 21578, 'r1_rob_no': '13312', 'r1_weld_line_no': '0', 'r1_electric': '1.0654134757297013e-21', 'r1_voltage': '3.3350903450930646e-43', 'r1_speed': '3.6734198463196485e-40', 'r1_job': '17207', 'r2_rob_no': '-28520', 'r2_weld_line_no': '16733', 'r2_electric': '-55.5', 'r2_voltage': '0.0', 'r2_speed': '9.550891600431086e-39', 'r2_job': '0', 'replace_status': '0', 'part_status': '0', 'r1_protective_gas': '0', 'r1_welding_wire': '0', 'r2_protective_gas': '0', 'r2_welding_wire': '0', 'login_id': '\x00\x00\x00\x00\x00T\x00\x00\x00\x00', 'login_password': '\n\x00\x00\x00\x00\x00\x00\x00\x00\x00'}
2021-03-02  13:42:51 Tue root INFO ('\n\x07250 TJ3\x00', '2567', '12853', 21578, '13312', '0', '1.0654134757297013e-21', '3.3350903450930646e-43', '3.6734198463196485e-40', '17207', '-28520', '16733', '-55.5', '0.0', '9.550891600431086e-39', '0', '0', '0', '0', '0', '0', '\x00\x00\x00\x00\x00T\x00\x00\x00\x00', '\n\x00\x00\x00\x00\x00\x00\x00\x00\x00', '0', '12320', '2021-03-02 13:42:51')
2021-03-02  13:42:51 Tue root INFO 成功添加数据
2021-03-02  13:42:51 Tue root INFO mes_plc_r4
2021-03-02  13:42:51 Tue root INFO 读取插入数据库数据：{'product_type': '\n\x07250 PCB\x00', 'r1_equipment_status': '2567', 'fail_code': '12853', 'recerve': '12320', 'prod_num': 23130, 'r1_rob_no': '18944', 'r1_weld_line_no': '0', 'r1_electric': '9.727692471237622e-22', 'r1_voltage': '9.80908925027372e-45', 'r1_speed': '3.6734198463196485e-40', 'r1_job': '17207', 'r2_rob_no': '15208', 'r2_weld_line_no': '16722', 'r2_electric': '-1.5845632502852868e+29', 'r2_voltage': '0.0', 'r2_speed': '9.550891600431086e-39', 'r2_job': '0', 'replace_status': '0', 'part_status': '0', 'r1_protective_gas': '0', 'r1_welding_wire': '0', 'r2_protective_gas': '0', 'r2_welding_wire': '0', 'login_password': '\n\x00\x00\x00\x00\x00\x00\x00\x00\x00'}
2021-03-02  13:42:51 Tue root ERROR 读取插入数据库失败错误: 'login_id'
2021-03-02  13:42:51 Tue root INFO mes_plc_r5
2021-03-02  13:42:52 Tue root INFO 读取插入数据库数据：{'product_type': '\n\x00\x00\x00\x00\x00\x00\x00\x00\x00', 'r1_equipment_status': '2560', 'fail_code': '0', 'recerve': '0', 'prod_num': 0, 'r1_rob_no': '0', 'r1_weld_line_no': '0', 'r1_electric': '1.8870057723865944e-24', 'r1_voltage': '0.0', 'r1_speed': '0.0', 'r1_job': '17204', 'r2_rob_no': '8913', 'r2_weld_line_no': '16727', 'r2_electric': '39936.0', 'r2_voltage': '0.0', 'r2_speed': '0.0', 'r2_job': '17203', 'replace_status': '-28065', 'part_status': '16726', 'r1_protective_gas': '30644', 'r1_welding_wire': '0', 'r2_protective_gas': '0', 'r2_welding_wire': '0', 'login_id': '\x00\x00\x00\x00\x00\x00\x00\x00\x00\x00', 'login_password': '\n\x00\x00\x00\x00\x00\x00\x00\x00\x00'}
2021-03-02  13:42:52 Tue root INFO ('\n\x00\x00\x00\x00\x00\x00\x00\x00\x00', '2560', '0', 0, '0', '0', '1.8870057723865944e-24', '0.0', '0.0', '17204', '8913', '16727', '39936.0', '0.0', '0.0', '17203', '-28065', '30644', '0', '0', '0', '\x00\x00\x00\x00\x00\x00\x00\x00\x00\x00', '\n\x00\x00\x00\x00\x00\x00\x00\x00\x00', '16726', '0', '2021-03-02 13:42:52')
2021-03-02  13:42:52 Tue root INFO 成功添加数据
2021-03-02  13:42:52 Tue root INFO mes_plc_r6
2021-03-02  13:42:52 Tue root INFO 读取插入数据库数据：{'product_type': '\n\x00\x00\x00\x00\x00\x00\x00\x00\x00', 'r1_equipment_status': '2560', 'fail_code': '0', 'recerve': '0', 'prod_num': 0, 'r1_rob_no': '0', 'r1_weld_line_no': '0', 'r1_electric': '0.0', 'r1_voltage': '9.183815862507343e-40', 'r1_speed': '0.0', 'r1_job': '0', 'r2_rob_no': '0', 'r2_weld_line_no': '0', 'r2_electric': '0.0', 'r2_voltage': '0.0', 'r2_speed': '0.0', 'r2_job': '0', 'replace_status': '0', 'part_status': '0', 'r1_protective_gas': '0', 'r1_welding_wire': '0', 'r2_protective_gas': '0', 'r2_welding_wire': '0', 'login_id': '\x00\x00\x00\x00\x00\x00\x00\x00\x00\x00', 'login_password': '\n\x00\x00\x00\x00\x00\x00\x00\x00\x00'}
2021-03-02  13:42:52 Tue root INFO ('\n\x00\x00\x00\x00\x00\x00\x00\x00\x00', '2560', '0', 0, '0', '0', '0.0', '9.183815862507343e-40', '0.0', '0', '0', '0', '0.0', '0.0', '0.0', '0', '0', '0', '0', '0', '0', '\x00\x00\x00\x00\x00\x00\x00\x00\x00\x00', '\n\x00\x00\x00\x00\x00\x00\x00\x00\x00', '0', '0', '2021-03-02 13:42:52')
2021-03-02  13:42:52 Tue root INFO 成功添加数据
2021-03-02  13:44:13 Tue root INFO PLC1连接失败
2021-03-02  13:44:13 Tue root INFO plc连接状态:[0, 1, 1, 1, 1, 1]
2021-03-02  13:44:13 Tue root INFO mes_plc_r2
2021-03-02  13:44:13 Tue root INFO 读取插入数据库数据：{'product_type': '\n\x07250 TJ1\x00', 'r1_equipment_status': '2567', 'fail_code': '12853', 'recerve': '12320', 'prod_num': 21578, 'r1_rob_no': '12800', 'r1_weld_line_no': '0', 'r1_electric': '6.350359777831418e-29', 'r1_voltage': '3.29305139116332e-43', 'r1_speed': '3.6734198463196485e-40', 'r1_job': '17205', 'r2_rob_no': '30606', 'r2_weld_line_no': '16722', 'r2_electric': '2.558039500707987e-19', 'r2_voltage': '0.0', 'r2_speed': '9.550891600431086e-39', 'r2_job': '0', 'replace_status': '0', 'part_status': '0', 'r1_protective_gas': '0', 'r1_welding_wire': '0', 'r2_protective_gas': '0', 'r2_welding_wire': '0', 'login_password': '\n\x00\x00\x00\x00\x00\x00\x00\x00\x00'}
2021-03-02  13:44:13 Tue root ERROR 读取插入数据库失败错误: 'login_id'
2021-03-02  13:44:13 Tue root INFO mes_plc_r3
2021-03-02  13:44:14 Tue root INFO 读取插入数据库数据：{'product_type': '\n\x07250 TJ3\x00', 'r1_equipment_status': '2567', 'fail_code': '12853', 'recerve': '12320', 'prod_num': 21578, 'r1_rob_no': '13312', 'r1_weld_line_no': '0', 'r1_electric': '1.0654134757297013e-21', 'r1_voltage': '3.3350903450930646e-43', 'r1_speed': '3.6734198463196485e-40', 'r1_job': '17207', 'r2_rob_no': '-21883', 'r2_weld_line_no': '16733', 'r2_electric': '-1.1736135598609718e-34', 'r2_voltage': '0.0', 'r2_speed': '9.550891600431086e-39', 'r2_job': '0', 'replace_status': '0', 'part_status': '0', 'r1_protective_gas': '0', 'r1_welding_wire': '0', 'r2_protective_gas': '0', 'r2_welding_wire': '0', 'login_id': '\x00\x00\x00\x00\x00T\x00\x00\x00\x00', 'login_password': '\n\x00\x00\x00\x00\x00\x00\x00\x00\x00'}
2021-03-02  13:44:14 Tue root INFO ('\n\x07250 TJ3\x00', '2567', '12853', 21578, '13312', '0', '1.0654134757297013e-21', '3.3350903450930646e-43', '3.6734198463196485e-40', '17207', '-21883', '16733', '-1.1736135598609718e-34', '0.0', '9.550891600431086e-39', '0', '0', '0', '0', '0', '0', '\x00\x00\x00\x00\x00T\x00\x00\x00\x00', '\n\x00\x00\x00\x00\x00\x00\x00\x00\x00', '0', '12320', '2021-03-02 13:44:14')
2021-03-02  13:44:14 Tue root INFO 成功添加数据
2021-03-02  13:44:14 Tue root INFO mes_plc_r4
2021-03-02  13:44:14 Tue root INFO 读取插入数据库数据：{'product_type': '\n\x07250 PCB\x00', 'r1_equipment_status': '2567', 'fail_code': '12853', 'recerve': '12320', 'prod_num': 23130, 'r1_rob_no': '18944', 'r1_weld_line_no': '0', 'r1_electric': '6.079807794523514e-23', 'r1_voltage': '1.1210387714598537e-44', 'r1_speed': '3.6734198463196485e-40', 'r1_job': '17207', 'r2_rob_no': '6675', 'r2_weld_line_no': '-15988', 'r2_electric': '-3.9637088775634766e-06', 'r2_voltage': '0.0', 'r2_speed': '9.550891600431086e-39', 'r2_job': '0', 'replace_status': '0', 'part_status': '0', 'r1_protective_gas': '0', 'r1_welding_wire': '0', 'r2_protective_gas': '0', 'r2_welding_wire': '0', 'login_password': '\n\x00\x00\x00\x00\x00\x00\x00\x00\x00'}
2021-03-02  13:44:14 Tue root ERROR 读取插入数据库失败错误: 'login_id'
2021-03-02  13:44:14 Tue root INFO mes_plc_r5
2021-03-02  13:44:14 Tue root INFO 读取插入数据库数据：{'product_type': '\n\x00\x00\x00\x00\x00\x00\x00\x00\x00', 'r1_equipment_status': '2560', 'fail_code': '0', 'recerve': '0', 'prod_num': 0, 'r1_rob_no': '0', 'r1_weld_line_no': '0', 'r1_electric': '1.8870057723865944e-24', 'r1_voltage': '0.0', 'r1_speed': '0.0', 'r1_job': '17204', 'r2_rob_no': '1327', 'r2_weld_line_no': '16727', 'r2_electric': '-1.1381514713908342e+37', 'r2_voltage': '0.0', 'r2_speed': '0.0', 'r2_job': '17203', 'replace_status': '-27117', 'part_status': '16726', 'r1_protective_gas': '26852', 'r1_welding_wire': '0', 'r2_protective_gas': '0', 'r2_welding_wire': '0', 'login_id': '\x00\x00\x00\x00\x00\x00\x00\x00\x00\x00', 'login_password': '\n\x00\x00\x00\x00\x00\x00\x00\x00\x00'}
2021-03-02  13:44:14 Tue root INFO ('\n\x00\x00\x00\x00\x00\x00\x00\x00\x00', '2560', '0', 0, '0', '0', '1.8870057723865944e-24', '0.0', '0.0', '17204', '1327', '16727', '-1.1381514713908342e+37', '0.0', '0.0', '17203', '-27117', '26852', '0', '0', '0', '\x00\x00\x00\x00\x00\x00\x00\x00\x00\x00', '\n\x00\x00\x00\x00\x00\x00\x00\x00\x00', '16726', '0', '2021-03-02 13:44:14')
2021-03-02  13:44:14 Tue root INFO 成功添加数据
2021-03-02  13:44:14 Tue root INFO mes_plc_r6
2021-03-02  13:44:15 Tue root INFO 读取插入数据库数据：{'product_type': '\n\x00\x00\x00\x00\x00\x00\x00\x00\x00', 'r1_equipment_status': '2560', 'fail_code': '0', 'recerve': '0', 'prod_num': 0, 'r1_rob_no': '0', 'r1_weld_line_no': '0', 'r1_electric': '0.0', 'r1_voltage': '9.183815862507343e-40', 'r1_speed': '0.0', 'r1_job': '0', 'r2_rob_no': '0', 'r2_weld_line_no': '0', 'r2_electric': '0.0', 'r2_voltage': '0.0', 'r2_speed': '0.0', 'r2_job': '0', 'replace_status': '0', 'part_status': '0', 'r1_protective_gas': '0', 'r1_welding_wire': '0', 'r2_protective_gas': '0', 'r2_welding_wire': '0', 'login_id': '\x00\x00\x00\x00\x00\x00\x00\x00\x00\x00', 'login_password': '\n\x00\x00\x00\x00\x00\x00\x00\x00\x00'}
2021-03-02  13:44:15 Tue root INFO ('\n\x00\x00\x00\x00\x00\x00\x00\x00\x00', '2560', '0', 0, '0', '0', '0.0', '9.183815862507343e-40', '0.0', '0', '0', '0', '0.0', '0.0', '0.0', '0', '0', '0', '0', '0', '0', '\x00\x00\x00\x00\x00\x00\x00\x00\x00\x00', '\n\x00\x00\x00\x00\x00\x00\x00\x00\x00', '0', '0', '2021-03-02 13:44:15')
2021-03-02  13:44:15 Tue root INFO 成功添加数据
2021-03-02  13:45:36 Tue root INFO PLC1连接失败
2021-03-02  13:45:36 Tue root INFO plc连接状态:[0, 1, 1, 1, 1, 1]
2021-03-02  13:45:36 Tue root INFO mes_plc_r2
2021-03-02  13:45:36 Tue root INFO 读取插入数据库数据：{'product_type': '\n\x07250 TJ1\x00', 'r1_equipment_status': '2567', 'fail_code': '12853', 'recerve': '12320', 'prod_num': 21578, 'r1_rob_no': '12800', 'r1_weld_line_no': '0', 'r1_electric': '6.350359777831418e-29', 'r1_voltage': '3.29305139116332e-43', 'r1_speed': '3.6734198463196485e-40', 'r1_job': '17205', 'r2_rob_no': '-31137', 'r2_weld_line_no': '16722', 'r2_electric': '2.558039500707987e-19', 'r2_voltage': '0.0', 'r2_speed': '9.550891600431086e-39', 'r2_job': '0', 'replace_status': '0', 'part_status': '0', 'r1_protective_gas': '0', 'r1_welding_wire': '0', 'r2_protective_gas': '0', 'r2_welding_wire': '0', 'login_password': '\n\x00\x00\x00\x00\x00\x00\x00\x00\x00'}
2021-03-02  13:45:36 Tue root ERROR 读取插入数据库失败错误: 'login_id'
2021-03-02  13:45:36 Tue root INFO mes_plc_r3
2021-03-02  13:45:36 Tue root INFO 读取插入数据库数据：{'product_type': '\n\x07250 TJ3\x00', 'r1_equipment_status': '2567', 'fail_code': '12853', 'recerve': '12320', 'prod_num': 21578, 'r1_rob_no': '13312', 'r1_weld_line_no': '0', 'r1_electric': '9.727692471237622e-22', 'r1_voltage': '3.3350903450930646e-43', 'r1_speed': '3.6734198463196485e-40', 'r1_job': '17207', 'r2_rob_no': '-19987', 'r2_weld_line_no': '16733', 'r2_electric': '1.8965023795204495e+25', 'r2_voltage': '0.0', 'r2_speed': '9.550891600431086e-39', 'r2_job': '0', 'replace_status': '0', 'part_status': '0', 'r1_protective_gas': '0', 'r1_welding_wire': '0', 'r2_protective_gas': '0', 'r2_welding_wire': '0', 'login_id': '\x00\x00\x00\x00\x00T\x00\x00\x00\x00', 'login_password': '\n\x00\x00\x00\x00\x00\x00\x00\x00\x00'}
2021-03-02  13:45:36 Tue root INFO ('\n\x07250 TJ3\x00', '2567', '12853', 21578, '13312', '0', '9.727692471237622e-22', '3.3350903450930646e-43', '3.6734198463196485e-40', '17207', '-19987', '16733', '1.8965023795204495e+25', '0.0', '9.550891600431086e-39', '0', '0', '0', '0', '0', '0', '\x00\x00\x00\x00\x00T\x00\x00\x00\x00', '\n\x00\x00\x00\x00\x00\x00\x00\x00\x00', '0', '12320', '2021-03-02 13:45:36')
2021-03-02  13:45:36 Tue root INFO 成功添加数据
2021-03-02  13:45:36 Tue root INFO mes_plc_r4
2021-03-02  13:45:36 Tue root INFO 读取插入数据库数据：{'product_type': '\n\x07250 PCB\x00', 'r1_equipment_status': '2567', 'fail_code': '12853', 'recerve': '12320', 'prod_num': 23130, 'r1_rob_no': '18944', 'r1_weld_line_no': '0', 'r1_electric': '6.385858562716382e-22', 'r1_voltage': '1.1210387714598537e-44', 'r1_speed': '3.6734198463196485e-40', 'r1_job': '17207', 'r2_rob_no': '1934', 'r2_weld_line_no': '17133', 'r2_electric': '2.4375050858650954e-34', 'r2_voltage': '0.0', 'r2_speed': '9.550891600431086e-39', 'r2_job': '0', 'replace_status': '0', 'part_status': '0', 'r1_protective_gas': '0', 'r1_welding_wire': '0', 'r2_protective_gas': '0', 'r2_welding_wire': '0', 'login_password': '\n\x00\x00\x00\x00\x00\x00\x00\x00\x00'}
2021-03-02  13:45:36 Tue root ERROR 读取插入数据库失败错误: 'login_id'
2021-03-02  13:45:36 Tue root INFO mes_plc_r5
2021-03-02  13:45:37 Tue root INFO 读取插入数据库数据：{'product_type': '\n\x00\x00\x00\x00\x00\x00\x00\x00\x00', 'r1_equipment_status': '2560', 'fail_code': '0', 'recerve': '0', 'prod_num': 0, 'r1_rob_no': '0', 'r1_weld_line_no': '0', 'r1_electric': '1.8870057723865944e-24', 'r1_voltage': '0.0', 'r1_speed': '0.0', 'r1_job': '17204', 'r2_rob_no': '4172', 'r2_weld_line_no': '16727', 'r2_electric': '32710470926336.0', 'r2_voltage': '0.0', 'r2_speed': '0.0', 'r2_job': '17203', 'replace_status': '-28065', 'part_status': '16726', 'r1_protective_gas': '-31099', 'r1_welding_wire': '0', 'r2_protective_gas': '0', 'r2_welding_wire': '0', 'login_id': '\x00\x00\x00\x00\x00\x00\x00\x00\x00\x00', 'login_password': '\n\x00\x00\x00\x00\x00\x00\x00\x00\x00'}
2021-03-02  13:45:37 Tue root INFO ('\n\x00\x00\x00\x00\x00\x00\x00\x00\x00', '2560', '0', 0, '0', '0', '1.8870057723865944e-24', '0.0', '0.0', '17204', '4172', '16727', '32710470926336.0', '0.0', '0.0', '17203', '-28065', '-31099', '0', '0', '0', '\x00\x00\x00\x00\x00\x00\x00\x00\x00\x00', '\n\x00\x00\x00\x00\x00\x00\x00\x00\x00', '16726', '0', '2021-03-02 13:45:37')
2021-03-02  13:45:37 Tue root INFO 成功添加数据
2021-03-02  13:45:37 Tue root INFO mes_plc_r6
2021-03-02  13:45:37 Tue root INFO 读取插入数据库数据：{'product_type': '\n\x00\x00\x00\x00\x00\x00\x00\x00\x00', 'r1_equipment_status': '2560', 'fail_code': '0', 'recerve': '0', 'prod_num': 0, 'r1_rob_no': '0', 'r1_weld_line_no': '0', 'r1_electric': '0.0', 'r1_voltage': '9.183815862507343e-40', 'r1_speed': '0.0', 'r1_job': '0', 'r2_rob_no': '0', 'r2_weld_line_no': '0', 'r2_electric': '0.0', 'r2_voltage': '0.0', 'r2_speed': '0.0', 'r2_job': '0', 'replace_status': '0', 'part_status': '0', 'r1_protective_gas': '0', 'r1_welding_wire': '0', 'r2_protective_gas': '0', 'r2_welding_wire': '0', 'login_id': '\x00\x00\x00\x00\x00\x00\x00\x00\x00\x00', 'login_password': '\n\x00\x00\x00\x00\x00\x00\x00\x00\x00'}
2021-03-02  13:45:37 Tue root INFO ('\n\x00\x00\x00\x00\x00\x00\x00\x00\x00', '2560', '0', 0, '0', '0', '0.0', '9.183815862507343e-40', '0.0', '0', '0', '0', '0.0', '0.0', '0.0', '0', '0', '0', '0', '0', '0', '\x00\x00\x00\x00\x00\x00\x00\x00\x00\x00', '\n\x00\x00\x00\x00\x00\x00\x00\x00\x00', '0', '0', '2021-03-02 13:45:37')
2021-03-02  13:45:37 Tue root INFO 成功添加数据
2021-03-02  13:46:58 Tue root INFO PLC1连接失败
2021-03-02  13:46:58 Tue root INFO plc连接状态:[0, 1, 1, 1, 1, 1]
2021-03-02  13:46:58 Tue root INFO mes_plc_r2
2021-03-02  13:46:58 Tue root INFO 读取插入数据库数据：{'product_type': '\n\x07250 TJ1\x00', 'r1_equipment_status': '2567', 'fail_code': '12853', 'recerve': '12320', 'prod_num': 21578, 'r1_rob_no': '12800', 'r1_weld_line_no': '0', 'r1_electric': '8.141090764199507e-28', 'r1_voltage': '3.29305139116332e-43', 'r1_speed': '3.6734198463196485e-40', 'r1_job': '17205', 'r2_rob_no': '28710', 'r2_weld_line_no': '-16055', 'r2_electric': '-3.584583953324278e-27', 'r2_voltage': '0.0', 'r2_speed': '9.550891600431086e-39', 'r2_job': '0', 'replace_status': '0', 'part_status': '0', 'r1_protective_gas': '0', 'r1_welding_wire': '0', 'r2_protective_gas': '0', 'r2_welding_wire': '0', 'login_password': '\n\x00\x00\x00\x00\x00\x00\x00\x00\x00'}
2021-03-02  13:46:58 Tue root ERROR 读取插入数据库失败错误: 'login_id'
2021-03-02  13:46:58 Tue root INFO mes_plc_r3
2021-03-02  13:46:59 Tue root INFO 读取插入数据库数据：{'product_type': '\n\x07250 TJ3\x00', 'r1_equipment_status': '2567', 'fail_code': '12853', 'recerve': '12320', 'prod_num': 21578, 'r1_rob_no': '13312', 'r1_weld_line_no': '0', 'r1_electric': '9.727692471237622e-22', 'r1_voltage': '3.3350903450930646e-43', 'r1_speed': '3.6734198463196485e-40', 'r1_job': '17207', 'r2_rob_no': '-19987', 'r2_weld_line_no': '16733', 'r2_electric': '4.206412995699793e-11', 'r2_voltage': '0.0', 'r2_speed': '9.550891600431086e-39', 'r2_job': '0', 'replace_status': '0', 'part_status': '0', 'r1_protective_gas': '0', 'r1_welding_wire': '0', 'r2_protective_gas': '0', 'r2_welding_wire': '0', 'login_id': '\x00\x00\x00\x00\x00T\x00\x00\x00\x00', 'login_password': '\n\x00\x00\x00\x00\x00\x00\x00\x00\x00'}
2021-03-02  13:46:59 Tue root INFO ('\n\x07250 TJ3\x00', '2567', '12853', 21578, '13312', '0', '9.727692471237622e-22', '3.3350903450930646e-43', '3.6734198463196485e-40', '17207', '-19987', '16733', '4.206412995699793e-11', '0.0', '9.550891600431086e-39', '0', '0', '0', '0', '0', '0', '\x00\x00\x00\x00\x00T\x00\x00\x00\x00', '\n\x00\x00\x00\x00\x00\x00\x00\x00\x00', '0', '12320', '2021-03-02 13:46:59')
2021-03-02  13:46:59 Tue root INFO 成功添加数据
2021-03-02  13:46:59 Tue root INFO mes_plc_r4
2021-03-02  13:46:59 Tue root INFO 读取插入数据库数据：{'product_type': '\n\x07250 PCB\x00', 'r1_equipment_status': '2567', 'fail_code': '12853', 'recerve': '12320', 'prod_num': 23130, 'r1_rob_no': '18944', 'r1_weld_line_no': '0', 'r1_electric': '9.727692471237622e-22', 'r1_voltage': '1.1210387714598537e-44', 'r1_speed': '3.6734198463196485e-40', 'r1_job': '17207', 'r2_rob_no': '7623', 'r2_weld_line_no': '16723', 'r2_electric': '9.98402083170343e-31', 'r2_voltage': '0.0', 'r2_speed': '9.550891600431086e-39', 'r2_job': '0', 'replace_status': '0', 'part_status': '0', 'r1_protective_gas': '0', 'r1_welding_wire': '0', 'r2_protective_gas': '0', 'r2_welding_wire': '0', 'login_id': '\x00\x00\x00\x00\x02\x06\x00\x00\x00\x00', 'login_password': '\n\x00\x00\x00\x00\x00\x00\x00\x00\x00'}
2021-03-02  13:46:59 Tue root INFO ('\n\x07250 PCB\x00', '2567', '12853', 23130, '18944', '0', '9.727692471237622e-22', '1.1210387714598537e-44', '3.6734198463196485e-40', '17207', '7623', '16723', '9.98402083170343e-31', '0.0', '9.550891600431086e-39', '0', '0', '0', '0', '0', '0', '\x00\x00\x00\x00\x02\x06\x00\x00\x00\x00', '\n\x00\x00\x00\x00\x00\x00\x00\x00\x00', '0', '12320', '2021-03-02 13:46:59')
2021-03-02  13:46:59 Tue root INFO 成功添加数据
2021-03-02  13:46:59 Tue root INFO mes_plc_r5
2021-03-02  13:46:59 Tue root INFO 读取插入数据库数据：{'product_type': '\n\x00\x00\x00\x00\x00\x00\x00\x00\x00', 'r1_equipment_status': '2560', 'fail_code': '0', 'recerve': '0', 'prod_num': 0, 'r1_rob_no': '0', 'r1_weld_line_no': '0', 'r1_electric': '1.8870057723865944e-24', 'r1_voltage': '0.0', 'r1_speed': '0.0', 'r1_job': '17204', 'r2_rob_no': '379', 'r2_weld_line_no': '16726', 'r2_electric': '-1.1381514713908342e+37', 'r2_voltage': '0.0', 'r2_speed': '0.0', 'r2_job': '17203', 'replace_status': '-31858', 'part_status': '16726', 'r1_protective_gas': '-31099', 'r1_welding_wire': '0', 'r2_protective_gas': '0', 'r2_welding_wire': '0', 'login_id': '\x00\x00\x00\x00\x00\x00\x00\x00\x00\x00', 'login_password': '\n\x00\x00\x00\x00\x00\x00\x00\x00\x00'}
2021-03-02  13:46:59 Tue root INFO ('\n\x00\x00\x00\x00\x00\x00\x00\x00\x00', '2560', '0', 0, '0', '0', '1.8870057723865944e-24', '0.0', '0.0', '17204', '379', '16726', '-1.1381514713908342e+37', '0.0', '0.0', '17203', '-31858', '-31099', '0', '0', '0', '\x00\x00\x00\x00\x00\x00\x00\x00\x00\x00', '\n\x00\x00\x00\x00\x00\x00\x00\x00\x00', '16726', '0', '2021-03-02 13:46:59')
2021-03-02  13:46:59 Tue root INFO 成功添加数据
2021-03-02  13:46:59 Tue root INFO mes_plc_r6
2021-03-02  13:47:00 Tue root INFO 读取插入数据库数据：{'product_type': '\n\x00\x00\x00\x00\x00\x00\x00\x00\x00', 'r1_equipment_status': '2560', 'fail_code': '0', 'recerve': '0', 'prod_num': 0, 'r1_rob_no': '0', 'r1_weld_line_no': '0', 'r1_electric': '0.0', 'r1_voltage': '9.183815862507343e-40', 'r1_speed': '0.0', 'r1_job': '0', 'r2_rob_no': '0', 'r2_weld_line_no': '0', 'r2_electric': '0.0', 'r2_voltage': '0.0', 'r2_speed': '0.0', 'r2_job': '0', 'replace_status': '0', 'part_status': '0', 'r1_protective_gas': '0', 'r1_welding_wire': '0', 'r2_protective_gas': '0', 'r2_welding_wire': '0', 'login_id': '\x00\x00\x00\x00\x00\x00\x00\x00\x00\x00', 'login_password': '\n\x00\x00\x00\x00\x00\x00\x00\x00\x00'}
2021-03-02  13:47:00 Tue root INFO ('\n\x00\x00\x00\x00\x00\x00\x00\x00\x00', '2560', '0', 0, '0', '0', '0.0', '9.183815862507343e-40', '0.0', '0', '0', '0', '0.0', '0.0', '0.0', '0', '0', '0', '0', '0', '0', '\x00\x00\x00\x00\x00\x00\x00\x00\x00\x00', '\n\x00\x00\x00\x00\x00\x00\x00\x00\x00', '0', '0', '2021-03-02 13:47:00')
2021-03-02  13:47:00 Tue root INFO 成功添加数据
2021-03-02  13:48:21 Tue root INFO PLC1连接失败
2021-03-02  13:48:21 Tue root INFO plc连接状态:[0, 1, 1, 1, 1, 1]
2021-03-02  13:48:21 Tue root INFO mes_plc_r2
2021-03-02  13:48:21 Tue root INFO 读取插入数据库数据：{'product_type': '\n\x07250 TJ1\x00', 'r1_equipment_status': '2567', 'fail_code': '12853', 'recerve': '12320', 'prod_num': 21578, 'r1_rob_no': '12800', 'r1_weld_line_no': '0', 'r1_electric': '1.4843280748348423e-26', 'r1_voltage': '3.29305139116332e-43', 'r1_speed': '3.6734198463196485e-40', 'r1_job': '17205', 'r2_rob_no': '32503', 'r2_weld_line_no': '16722', 'r2_electric': '1.221601398924247e+17', 'r2_voltage': '0.0', 'r2_speed': '9.550891600431086e-39', 'r2_job': '0', 'replace_status': '0', 'part_status': '0', 'r1_protective_gas': '0', 'r1_welding_wire': '0', 'r2_protective_gas': '0', 'r2_welding_wire': '0', 'login_password': '\n\x00\x00\x00\x00\x00\x00\x00\x00\x00'}
2021-03-02  13:48:21 Tue root ERROR 读取插入数据库失败错误: 'login_id'
2021-03-02  13:48:21 Tue root INFO mes_plc_r3
2021-03-02  13:48:21 Tue root INFO 读取插入数据库数据：{'product_type': '\n\x07250 TJ3\x00', 'r1_equipment_status': '2567', 'fail_code': '12853', 'recerve': '12320', 'prod_num': 21578, 'r1_rob_no': '13312', 'r1_weld_line_no': '0', 'r1_electric': '9.727692471237622e-22', 'r1_voltage': '3.3350903450930646e-43', 'r1_speed': '3.6734198463196485e-40', 'r1_job': '17207', 'r2_rob_no': '-14298', 'r2_weld_line_no': '16733', 'r2_electric': '1.8965023795204495e+25', 'r2_voltage': '0.0', 'r2_speed': '9.550891600431086e-39', 'r2_job': '0', 'replace_status': '0', 'part_status': '0', 'r1_protective_gas': '0', 'r1_welding_wire': '0', 'r2_protective_gas': '0', 'r2_welding_wire': '0', 'login_id': '\x00\x00\x00\x00\x00T\x00\x00\x00\x00', 'login_password': '\n\x00\x00\x00\x00\x00\x00\x00\x00\x00'}
2021-03-02  13:48:21 Tue root INFO ('\n\x07250 TJ3\x00', '2567', '12853', 21578, '13312', '0', '9.727692471237622e-22', '3.3350903450930646e-43', '3.6734198463196485e-40', '17207', '-14298', '16733', '1.8965023795204495e+25', '0.0', '9.550891600431086e-39', '0', '0', '0', '0', '0', '0', '\x00\x00\x00\x00\x00T\x00\x00\x00\x00', '\n\x00\x00\x00\x00\x00\x00\x00\x00\x00', '0', '12320', '2021-03-02 13:48:21')
2021-03-02  13:48:21 Tue root INFO 成功添加数据
2021-03-02  13:48:21 Tue root INFO mes_plc_r4
2021-03-02  13:48:21 Tue root INFO 读取插入数据库数据：{'product_type': '\n\x07250 PCB\x00', 'r1_equipment_status': '2567', 'fail_code': '12853', 'recerve': '12320', 'prod_num': 23130, 'r1_rob_no': '18944', 'r1_weld_line_no': '0', 'r1_electric': '9.727692471237622e-22', 'r1_voltage': '1.1210387714598537e-44', 'r1_speed': '3.6734198463196485e-40', 'r1_job': '17207', 'r2_rob_no': '6675', 'r2_weld_line_no': '16722', 'r2_electric': '-4.128641872824801e-16', 'r2_voltage': '0.0', 'r2_speed': '9.550891600431086e-39', 'r2_job': '0', 'replace_status': '0', 'part_status': '0', 'r1_protective_gas': '0', 'r1_welding_wire': '0', 'r2_protective_gas': '0', 'r2_welding_wire': '0', 'login_id': '\x00\x00\x00\x00\x02\x06\x00\x00\x00\x00', 'login_password': '\n\x00\x00\x00\x00\x00\x00\x00\x00\x00'}
2021-03-02  13:48:21 Tue root INFO ('\n\x07250 PCB\x00', '2567', '12853', 23130, '18944', '0', '9.727692471237622e-22', '1.1210387714598537e-44', '3.6734198463196485e-40', '17207', '6675', '16722', '-4.128641872824801e-16', '0.0', '9.550891600431086e-39', '0', '0', '0', '0', '0', '0', '\x00\x00\x00\x00\x02\x06\x00\x00\x00\x00', '\n\x00\x00\x00\x00\x00\x00\x00\x00\x00', '0', '12320', '2021-03-02 13:48:21')
2021-03-02  13:48:21 Tue root INFO 成功添加数据
2021-03-02  13:48:21 Tue root INFO mes_plc_r5
2021-03-02  13:48:22 Tue root INFO 读取插入数据库数据：{'product_type': '\n\x00\x00\x00\x00\x00\x00\x00\x00\x00', 'r1_equipment_status': '2560', 'fail_code': '0', 'recerve': '0', 'prod_num': 0, 'r1_rob_no': '0', 'r1_weld_line_no': '0', 'r1_electric': '1.8870057723865944e-24', 'r1_voltage': '0.0', 'r1_speed': '0.0', 'r1_job': '17204', 'r2_rob_no': '3224', 'r2_weld_line_no': '16727', 'r2_electric': '8.358535958640604e-32', 'r2_voltage': '0.0', 'r2_speed': '0.0', 'r2_job': '17203', 'replace_status': '32730', 'part_status': '16726', 'r1_protective_gas': '30644', 'r1_welding_wire': '0', 'r2_protective_gas': '0', 'r2_welding_wire': '0', 'login_id': '\x00\x00\x00\x00\x00\x00\x00\x00\x00\x00', 'login_password': '\n\x00\x00\x00\x00\x00\x00\x00\x00\x00'}
2021-03-02  13:48:22 Tue root INFO ('\n\x00\x00\x00\x00\x00\x00\x00\x00\x00', '2560', '0', 0, '0', '0', '1.8870057723865944e-24', '0.0', '0.0', '17204', '3224', '16727', '8.358535958640604e-32', '0.0', '0.0', '17203', '32730', '30644', '0', '0', '0', '\x00\x00\x00\x00\x00\x00\x00\x00\x00\x00', '\n\x00\x00\x00\x00\x00\x00\x00\x00\x00', '16726', '0', '2021-03-02 13:48:22')
2021-03-02  13:48:22 Tue root INFO 成功添加数据
2021-03-02  13:48:22 Tue root INFO mes_plc_r6
2021-03-02  13:48:22 Tue root INFO 读取插入数据库数据：{'product_type': '\n\x00\x00\x00\x00\x00\x00\x00\x00\x00', 'r1_equipment_status': '2560', 'fail_code': '0', 'recerve': '0', 'prod_num': 0, 'r1_rob_no': '0', 'r1_weld_line_no': '0', 'r1_electric': '0.0', 'r1_voltage': '9.183815862507343e-40', 'r1_speed': '0.0', 'r1_job': '0', 'r2_rob_no': '0', 'r2_weld_line_no': '0', 'r2_electric': '0.0', 'r2_voltage': '0.0', 'r2_speed': '0.0', 'r2_job': '0', 'replace_status': '0', 'part_status': '0', 'r1_protective_gas': '0', 'r1_welding_wire': '0', 'r2_protective_gas': '0', 'r2_welding_wire': '0', 'login_id': '\x00\x00\x00\x00\x00\x00\x00\x00\x00\x00', 'login_password': '\n\x00\x00\x00\x00\x00\x00\x00\x00\x00'}
2021-03-02  13:48:22 Tue root INFO ('\n\x00\x00\x00\x00\x00\x00\x00\x00\x00', '2560', '0', 0, '0', '0', '0.0', '9.183815862507343e-40', '0.0', '0', '0', '0', '0.0', '0.0', '0.0', '0', '0', '0', '0', '0', '0', '\x00\x00\x00\x00\x00\x00\x00\x00\x00\x00', '\n\x00\x00\x00\x00\x00\x00\x00\x00\x00', '0', '0', '2021-03-02 13:48:22')
2021-03-02  13:48:22 Tue root INFO 成功添加数据
2021-03-02  13:49:43 Tue root INFO PLC1连接失败
2021-03-02  13:49:43 Tue root INFO plc连接状态:[0, 1, 1, 1, 1, 1]
2021-03-02  13:49:43 Tue root INFO mes_plc_r2
2021-03-02  13:49:43 Tue root INFO 读取插入数据库数据：{'product_type': '\n\x07250 TJ1\x00', 'r1_equipment_status': '2567', 'fail_code': '12853', 'recerve': '12320', 'prod_num': 21578, 'r1_rob_no': '12800', 'r1_weld_line_no': '0', 'r1_electric': '9.74404687914487e-27', 'r1_voltage': '3.29305139116332e-43', 'r1_speed': '3.6734198463196485e-40', 'r1_job': '17205', 'r2_rob_no': '24918', 'r2_weld_line_no': '-16047', 'r2_electric': '4.301500743989133e-26', 'r2_voltage': '0.0', 'r2_speed': '9.550891600431086e-39', 'r2_job': '0', 'replace_status': '0', 'part_status': '0', 'r1_protective_gas': '0', 'r1_welding_wire': '0', 'r2_protective_gas': '0', 'r2_welding_wire': '0', 'login_password': '\n\x00\x00\x00\x00\x00\x00\x00\x00\x00'}
2021-03-02  13:49:43 Tue root ERROR 读取插入数据库失败错误: 'login_id'
2021-03-02  13:49:43 Tue root INFO mes_plc_r3
2021-03-02  13:49:44 Tue root INFO 读取插入数据库数据：{'product_type': '\n\x07250 TJ3\x00', 'r1_equipment_status': '2567', 'fail_code': '12853', 'recerve': '12320', 'prod_num': 21578, 'r1_rob_no': '13312', 'r1_weld_line_no': '0', 'r1_electric': '9.727692471237622e-22', 'r1_voltage': '3.3350903450930646e-43', 'r1_speed': '3.6734198463196485e-40', 'r1_job': '17207', 'r2_rob_no': '-7661', 'r2_weld_line_no': '16733', 'r2_electric': '4.9339669177562995e-20', 'r2_voltage': '0.0', 'r2_speed': '9.550891600431086e-39', 'r2_job': '0', 'replace_status': '0', 'part_status': '0', 'r1_protective_gas': '0', 'r1_welding_wire': '0', 'r2_protective_gas': '0', 'r2_welding_wire': '0', 'login_id': '\x00\x00\x00\x00\x00T\x00\x00\x00\x00', 'login_password': '\n\x00\x00\x00\x00\x00\x00\x00\x00\x00'}
2021-03-02  13:49:44 Tue root INFO ('\n\x07250 TJ3\x00', '2567', '12853', 21578, '13312', '0', '9.727692471237622e-22', '3.3350903450930646e-43', '3.6734198463196485e-40', '17207', '-7661', '16733', '4.9339669177562995e-20', '0.0', '9.550891600431086e-39', '0', '0', '0', '0', '0', '0', '\x00\x00\x00\x00\x00T\x00\x00\x00\x00', '\n\x00\x00\x00\x00\x00\x00\x00\x00\x00', '0', '12320', '2021-03-02 13:49:44')
2021-03-02  13:49:44 Tue root INFO 成功添加数据
2021-03-02  13:49:44 Tue root INFO mes_plc_r4
2021-03-02  13:49:44 Tue root INFO 读取插入数据库数据：{'product_type': '\n\x07250 PCB\x00', 'r1_equipment_status': '2567', 'fail_code': '12853', 'recerve': '12320', 'prod_num': 23130, 'r1_rob_no': '18944', 'r1_weld_line_no': '0', 'r1_electric': '9.727692471237622e-22', 'r1_voltage': '1.2611686178923354e-44', 'r1_speed': '3.6734198463196485e-40', 'r1_job': '17207', 'r2_rob_no': '5727', 'r2_weld_line_no': '16723', 'r2_electric': '9.98402083170343e-31', 'r2_voltage': '0.0', 'r2_speed': '9.550891600431086e-39', 'r2_job': '0', 'replace_status': '0', 'part_status': '0', 'r1_protective_gas': '0', 'r1_welding_wire': '0', 'r2_protective_gas': '0', 'r2_welding_wire': '0', 'login_id': "\x00\x00\x00\x00\x02'\x00\x00\x00\x00", 'login_password': '\n\x00\x00\x00\x00\x00\x00\x00\x00\x00'}
2021-03-02  13:49:44 Tue root INFO ('\n\x07250 PCB\x00', '2567', '12853', 23130, '18944', '0', '9.727692471237622e-22', '1.2611686178923354e-44', '3.6734198463196485e-40', '17207', '5727', '16723', '9.98402083170343e-31', '0.0', '9.550891600431086e-39', '0', '0', '0', '0', '0', '0', "\x00\x00\x00\x00\x02'\x00\x00\x00\x00", '\n\x00\x00\x00\x00\x00\x00\x00\x00\x00', '0', '12320', '2021-03-02 13:49:44')
2021-03-02  13:49:44 Tue root INFO 成功添加数据
2021-03-02  13:49:44 Tue root INFO mes_plc_r5
2021-03-02  13:49:44 Tue root INFO 读取插入数据库数据：{'product_type': '\n\x00\x00\x00\x00\x00\x00\x00\x00\x00', 'r1_equipment_status': '2560', 'fail_code': '0', 'recerve': '0', 'prod_num': 0, 'r1_rob_no': '0', 'r1_weld_line_no': '0', 'r1_electric': '1.8870057723865944e-24', 'r1_voltage': '0.0', 'r1_speed': '0.0', 'r1_job': '17204', 'r2_rob_no': '379', 'r2_weld_line_no': '16726', 'r2_electric': '-20266876928.0', 'r2_voltage': '0.0', 'r2_speed': '0.0', 'r2_job': '17203', 'replace_status': '32730', 'part_status': '16726', 'r1_protective_gas': '-31099', 'r1_welding_wire': '0', 'r2_protective_gas': '0', 'r2_welding_wire': '0', 'login_id': '\x00\x00\x00\x00\x00\x00\x00\x00\x00\x00', 'login_password': '\n\x00\x00\x00\x00\x00\x00\x00\x00\x00'}
2021-03-02  13:49:44 Tue root INFO ('\n\x00\x00\x00\x00\x00\x00\x00\x00\x00', '2560', '0', 0, '0', '0', '1.8870057723865944e-24', '0.0', '0.0', '17204', '379', '16726', '-20266876928.0', '0.0', '0.0', '17203', '32730', '-31099', '0', '0', '0', '\x00\x00\x00\x00\x00\x00\x00\x00\x00\x00', '\n\x00\x00\x00\x00\x00\x00\x00\x00\x00', '16726', '0', '2021-03-02 13:49:44')
2021-03-02  13:49:44 Tue root INFO 成功添加数据
2021-03-02  13:49:44 Tue root INFO mes_plc_r6
2021-03-02  13:49:45 Tue root INFO 读取插入数据库数据：{'product_type': '\n\x00\x00\x00\x00\x00\x00\x00\x00\x00', 'r1_equipment_status': '2560', 'fail_code': '0', 'recerve': '0', 'prod_num': 0, 'r1_rob_no': '0', 'r1_weld_line_no': '0', 'r1_electric': '0.0', 'r1_voltage': '9.183815862507343e-40', 'r1_speed': '0.0', 'r1_job': '0', 'r2_rob_no': '0', 'r2_weld_line_no': '0', 'r2_electric': '0.0', 'r2_voltage': '0.0', 'r2_speed': '0.0', 'r2_job': '0', 'replace_status': '0', 'part_status': '0', 'r1_protective_gas': '0', 'r1_welding_wire': '0', 'r2_protective_gas': '0', 'r2_welding_wire': '0', 'login_id': '\x00\x00\x00\x00\x00\x00\x00\x00\x00\x00', 'login_password': '\n\x00\x00\x00\x00\x00\x00\x00\x00\x00'}
2021-03-02  13:49:45 Tue root INFO ('\n\x00\x00\x00\x00\x00\x00\x00\x00\x00', '2560', '0', 0, '0', '0', '0.0', '9.183815862507343e-40', '0.0', '0', '0', '0', '0.0', '0.0', '0.0', '0', '0', '0', '0', '0', '0', '\x00\x00\x00\x00\x00\x00\x00\x00\x00\x00', '\n\x00\x00\x00\x00\x00\x00\x00\x00\x00', '0', '0', '2021-03-02 13:49:45')
2021-03-02  13:49:45 Tue root INFO 成功添加数据
2021-03-02  13:51:06 Tue root INFO PLC1连接失败
2021-03-02  13:51:06 Tue root INFO plc连接状态:[0, 1, 1, 1, 1, 1]
2021-03-02  13:51:06 Tue root INFO mes_plc_r2
2021-03-02  13:51:06 Tue root INFO 读取插入数据库数据：{'product_type': '\n\x07250 TJ1\x00', 'r1_equipment_status': '2567', 'fail_code': '12853', 'recerve': '12320', 'prod_num': 21578, 'r1_rob_no': '12800', 'r1_weld_line_no': '0', 'r1_electric': '1.4843280748348423e-26', 'r1_voltage': '3.29305139116332e-43', 'r1_speed': '3.6734198463196485e-40', 'r1_job': '17205', 'r2_rob_no': '30606', 'r2_weld_line_no': '16722', 'r2_electric': '0.1806640625', 'r2_voltage': '0.0', 'r2_speed': '9.550891600431086e-39', 'r2_job': '0', 'replace_status': '0', 'part_status': '0', 'r1_protective_gas': '0', 'r1_welding_wire': '0', 'r2_protective_gas': '0', 'r2_welding_wire': '0', 'login_password': '\n\x00\x00\x00\x00\x00\x00\x00\x00\x00'}
2021-03-02  13:51:06 Tue root ERROR 读取插入数据库失败错误: 'login_id'
2021-03-02  13:51:06 Tue root INFO mes_plc_r3
2021-03-02  13:51:06 Tue root INFO 读取插入数据库数据：{'product_type': '\n\x07250 TJ3\x00', 'r1_equipment_status': '2567', 'fail_code': '12853', 'recerve': '12320', 'prod_num': 21578, 'r1_rob_no': '13312', 'r1_weld_line_no': '0', 'r1_electric': '9.727692471237622e-22', 'r1_voltage': '3.3350903450930646e-43', 'r1_speed': '3.6734198463196485e-40', 'r1_job': '17207', 'r2_rob_no': '-4817', 'r2_weld_line_no': '16733', 'r2_electric': '4.206412995699793e-11', 'r2_voltage': '0.0', 'r2_speed': '9.550891600431086e-39', 'r2_job': '0', 'replace_status': '0', 'part_status': '0', 'r1_protective_gas': '0', 'r1_welding_wire': '0', 'r2_protective_gas': '0', 'r2_welding_wire': '0', 'login_id': '\x00\x00\x00\x00\x00T\x00\x00\x00\x00', 'login_password': '\n\x00\x00\x00\x00\x00\x00\x00\x00\x00'}
2021-03-02  13:51:06 Tue root INFO ('\n\x07250 TJ3\x00', '2567', '12853', 21578, '13312', '0', '9.727692471237622e-22', '3.3350903450930646e-43', '3.6734198463196485e-40', '17207', '-4817', '16733', '4.206412995699793e-11', '0.0', '9.550891600431086e-39', '0', '0', '0', '0', '0', '0', '\x00\x00\x00\x00\x00T\x00\x00\x00\x00', '\n\x00\x00\x00\x00\x00\x00\x00\x00\x00', '0', '12320', '2021-03-02 13:51:06')
2021-03-02  13:51:06 Tue root INFO 成功添加数据
2021-03-02  13:51:06 Tue root INFO mes_plc_r4
2021-03-02  13:51:07 Tue root INFO 读取插入数据库数据：{'product_type': '\n\x07250 PCB\x00', 'r1_equipment_status': '2567', 'fail_code': '12853', 'recerve': '12320', 'prod_num': 23130, 'r1_rob_no': '18944', 'r1_weld_line_no': '0', 'r1_electric': '7.444649746784257e-22', 'r1_voltage': '1.2611686178923354e-44', 'r1_speed': '3.6734198463196485e-40', 'r1_job': '17207', 'r2_rob_no': '-15133', 'r2_weld_line_no': '17133', 'r2_electric': '2.4375050858650954e-34', 'r2_voltage': '0.0', 'r2_speed': '9.550891600431086e-39', 'r2_job': '0', 'replace_status': '0', 'part_status': '0', 'r1_protective_gas': '0', 'r1_welding_wire': '0', 'r2_protective_gas': '0', 'r2_welding_wire': '0', 'login_id': '\x00\x00\x00\x00\x024\x00\x00\x00\x00', 'login_password': '\n\x00\x00\x00\x00\x00\x00\x00\x00\x00'}
2021-03-02  13:51:07 Tue root INFO ('\n\x07250 PCB\x00', '2567', '12853', 23130, '18944', '0', '7.444649746784257e-22', '1.2611686178923354e-44', '3.6734198463196485e-40', '17207', '-15133', '17133', '2.4375050858650954e-34', '0.0', '9.550891600431086e-39', '0', '0', '0', '0', '0', '0', '\x00\x00\x00\x00\x024\x00\x00\x00\x00', '\n\x00\x00\x00\x00\x00\x00\x00\x00\x00', '0', '12320', '2021-03-02 13:51:07')
2021-03-02  13:51:07 Tue root INFO 成功添加数据
2021-03-02  13:51:07 Tue root INFO mes_plc_r5
2021-03-02  13:51:07 Tue root INFO 读取插入数据库数据：{'product_type': '\n\x00\x00\x00\x00\x00\x00\x00\x00\x00', 'r1_equipment_status': '2560', 'fail_code': '0', 'recerve': '0', 'prod_num': 0, 'r1_rob_no': '0', 'r1_weld_line_no': '0', 'r1_electric': '1.8870057723865944e-24', 'r1_voltage': '0.0', 'r1_speed': '0.0', 'r1_job': '17203', 'r2_rob_no': '379', 'r2_weld_line_no': '16726', 'r2_electric': '-1.678941941083721e+19', 'r2_voltage': '0.0', 'r2_speed': '0.0', 'r2_job': '17203', 'replace_status': '32730', 'part_status': '16726', 'r1_protective_gas': '26852', 'r1_welding_wire': '0', 'r2_protective_gas': '0', 'r2_welding_wire': '0', 'login_id': '\x00\x00\x00\x00\x00\x00\x00\x00\x00\x00', 'login_password': '\n\x00\x00\x00\x00\x00\x00\x00\x00\x00'}
2021-03-02  13:51:07 Tue root INFO ('\n\x00\x00\x00\x00\x00\x00\x00\x00\x00', '2560', '0', 0, '0', '0', '1.8870057723865944e-24', '0.0', '0.0', '17203', '379', '16726', '-1.678941941083721e+19', '0.0', '0.0', '17203', '32730', '26852', '0', '0', '0', '\x00\x00\x00\x00\x00\x00\x00\x00\x00\x00', '\n\x00\x00\x00\x00\x00\x00\x00\x00\x00', '16726', '0', '2021-03-02 13:51:07')
2021-03-02  13:51:07 Tue root INFO 成功添加数据
2021-03-02  13:51:07 Tue root INFO mes_plc_r6
2021-03-02  13:51:07 Tue root INFO 读取插入数据库数据：{'product_type': '\n\x00\x00\x00\x00\x00\x00\x00\x00\x00', 'r1_equipment_status': '2560', 'fail_code': '0', 'recerve': '0', 'prod_num': 0, 'r1_rob_no': '0', 'r1_weld_line_no': '0', 'r1_electric': '0.0', 'r1_voltage': '9.183815862507343e-40', 'r1_speed': '0.0', 'r1_job': '0', 'r2_rob_no': '0', 'r2_weld_line_no': '0', 'r2_electric': '0.0', 'r2_voltage': '0.0', 'r2_speed': '0.0', 'r2_job': '0', 'replace_status': '0', 'part_status': '0', 'r1_protective_gas': '0', 'r1_welding_wire': '0', 'r2_protective_gas': '0', 'r2_welding_wire': '0', 'login_id': '\x00\x00\x00\x00\x00\x00\x00\x00\x00\x00', 'login_password': '\n\x00\x00\x00\x00\x00\x00\x00\x00\x00'}
2021-03-02  13:51:07 Tue root INFO ('\n\x00\x00\x00\x00\x00\x00\x00\x00\x00', '2560', '0', 0, '0', '0', '0.0', '9.183815862507343e-40', '0.0', '0', '0', '0', '0.0', '0.0', '0.0', '0', '0', '0', '0', '0', '0', '\x00\x00\x00\x00\x00\x00\x00\x00\x00\x00', '\n\x00\x00\x00\x00\x00\x00\x00\x00\x00', '0', '0', '2021-03-02 13:51:07')
2021-03-02  13:51:07 Tue root INFO 成功添加数据
2021-03-02  13:52:28 Tue root INFO PLC1连接失败
2021-03-02  13:52:28 Tue root INFO plc连接状态:[0, 1, 1, 1, 1, 1]
2021-03-02  13:52:28 Tue root INFO mes_plc_r2
2021-03-02  13:52:29 Tue root INFO 读取插入数据库数据：{'product_type': '\n\x07250 TJ1\x00', 'r1_equipment_status': '2567', 'fail_code': '12853', 'recerve': '12320', 'prod_num': 21578, 'r1_rob_no': '12800', 'r1_weld_line_no': '0', 'r1_electric': '6.350359175978311e-29', 'r1_voltage': '3.3070643758065683e-43', 'r1_speed': '3.6734198463196485e-40', 'r1_job': '17205', 'r2_rob_no': '29658', 'r2_weld_line_no': '16722', 'r2_electric': '2.1191226551309228e-10', 'r2_voltage': '0.0', 'r2_speed': '9.550891600431086e-39', 'r2_job': '0', 'replace_status': '0', 'part_status': '0', 'r1_protective_gas': '0', 'r1_welding_wire': '0', 'r2_protective_gas': '0', 'r2_welding_wire': '0', 'login_password': '\n\x00\x00\x00\x00\x00\x00\x00\x00\x00'}
2021-03-02  13:52:29 Tue root ERROR 读取插入数据库失败错误: 'login_id'
2021-03-02  13:52:29 Tue root INFO mes_plc_r3
2021-03-02  13:52:29 Tue root INFO 读取插入数据库数据：{'product_type': '\n\x07250 TJ3\x00', 'r1_equipment_status': '2567', 'fail_code': '12853', 'recerve': '12320', 'prod_num': 21578, 'r1_rob_no': '13312', 'r1_weld_line_no': '0', 'r1_electric': '9.727692471237622e-22', 'r1_voltage': '3.3350903450930646e-43', 'r1_speed': '3.6734198463196485e-40', 'r1_job': '17207', 'r2_rob_no': '-76', 'r2_weld_line_no': '16733', 'r2_electric': '4.9339669177562995e-20', 'r2_voltage': '0.0', 'r2_speed': '9.550891600431086e-39', 'r2_job': '0', 'replace_status': '0', 'part_status': '0', 'r1_protective_gas': '0', 'r1_welding_wire': '0', 'r2_protective_gas': '0', 'r2_welding_wire': '0', 'login_id': '\x00\x00\x00\x00\x00T\x00\x00\x00\x00', 'login_password': '\n\x00\x00\x00\x00\x00\x00\x00\x00\x00'}
2021-03-02  13:52:29 Tue root INFO ('\n\x07250 TJ3\x00', '2567', '12853', 21578, '13312', '0', '9.727692471237622e-22', '3.3350903450930646e-43', '3.6734198463196485e-40', '17207', '-76', '16733', '4.9339669177562995e-20', '0.0', '9.550891600431086e-39', '0', '0', '0', '0', '0', '0', '\x00\x00\x00\x00\x00T\x00\x00\x00\x00', '\n\x00\x00\x00\x00\x00\x00\x00\x00\x00', '0', '12320', '2021-03-02 13:52:29')
2021-03-02  13:52:29 Tue root INFO 成功添加数据
2021-03-02  13:52:29 Tue root INFO mes_plc_r4
2021-03-02  13:52:29 Tue root INFO 读取插入数据库数据：{'product_type': '\n\x07250 PCB\x00', 'r1_equipment_status': '2567', 'fail_code': '12853', 'recerve': '12320', 'prod_num': 23130, 'r1_rob_no': '18944', 'r1_weld_line_no': '0', 'r1_electric': '1.0654134757297013e-21', 'r1_voltage': '1.2611686178923354e-44', 'r1_speed': '3.6734198463196485e-40', 'r1_job': '17207', 'r2_rob_no': '7623', 'r2_weld_line_no': '16723', 'r2_electric': '0.00055694580078125', 'r2_voltage': '0.0', 'r2_speed': '9.550891600431086e-39', 'r2_job': '0', 'replace_status': '0', 'part_status': '0', 'r1_protective_gas': '0', 'r1_welding_wire': '0', 'r2_protective_gas': '0', 'r2_welding_wire': '0', 'login_id': '\x00\x00\x00\x00\x02T\x00\x00\x00\x00', 'login_password': '\n\x00\x00\x00\x00\x00\x00\x00\x00\x00'}
2021-03-02  13:52:29 Tue root INFO ('\n\x07250 PCB\x00', '2567', '12853', 23130, '18944', '0', '1.0654134757297013e-21', '1.2611686178923354e-44', '3.6734198463196485e-40', '17207', '7623', '16723', '0.00055694580078125', '0.0', '9.550891600431086e-39', '0', '0', '0', '0', '0', '0', '\x00\x00\x00\x00\x02T\x00\x00\x00\x00', '\n\x00\x00\x00\x00\x00\x00\x00\x00\x00', '0', '12320', '2021-03-02 13:52:29')
2021-03-02  13:52:29 Tue root INFO 成功添加数据
2021-03-02  13:52:29 Tue root INFO mes_plc_r5
2021-03-02  13:52:30 Tue root INFO 读取插入数据库数据：{'product_type': '\n\x00\x00\x00\x00\x00\x00\x00\x00\x00', 'r1_equipment_status': '2560', 'fail_code': '0', 'recerve': '0', 'prod_num': 0, 'r1_rob_no': '0', 'r1_weld_line_no': '0', 'r1_electric': '1.8870057723865944e-24', 'r1_voltage': '0.0', 'r1_speed': '0.0', 'r1_job': '17204', 'r2_rob_no': '379', 'r2_weld_line_no': '16727', 'r2_electric': '8.358535958640604e-32', 'r2_voltage': '0.0', 'r2_speed': '0.0', 'r2_job': '17203', 'replace_status': '31782', 'part_status': '16726', 'r1_protective_gas': '26852', 'r1_welding_wire': '0', 'r2_protective_gas': '0', 'r2_welding_wire': '0', 'login_id': '\x00\x00\x00\x00\x00\x00\x00\x00\x00\x00', 'login_password': '\n\x00\x00\x00\x00\x00\x00\x00\x00\x00'}
2021-03-02  13:52:30 Tue root INFO ('\n\x00\x00\x00\x00\x00\x00\x00\x00\x00', '2560', '0', 0, '0', '0', '1.8870057723865944e-24', '0.0', '0.0', '17204', '379', '16727', '8.358535958640604e-32', '0.0', '0.0', '17203', '31782', '26852', '0', '0', '0', '\x00\x00\x00\x00\x00\x00\x00\x00\x00\x00', '\n\x00\x00\x00\x00\x00\x00\x00\x00\x00', '16726', '0', '2021-03-02 13:52:30')
2021-03-02  13:52:30 Tue root INFO 成功添加数据
2021-03-02  13:52:30 Tue root INFO mes_plc_r6
2021-03-02  13:52:30 Tue root INFO 读取插入数据库数据：{'product_type': '\n\x00\x00\x00\x00\x00\x00\x00\x00\x00', 'r1_equipment_status': '2560', 'fail_code': '0', 'recerve': '0', 'prod_num': 0, 'r1_rob_no': '0', 'r1_weld_line_no': '0', 'r1_electric': '0.0', 'r1_voltage': '9.183815862507343e-40', 'r1_speed': '0.0', 'r1_job': '0', 'r2_rob_no': '0', 'r2_weld_line_no': '0', 'r2_electric': '0.0', 'r2_voltage': '0.0', 'r2_speed': '0.0', 'r2_job': '0', 'replace_status': '0', 'part_status': '0', 'r1_protective_gas': '0', 'r1_welding_wire': '0', 'r2_protective_gas': '0', 'r2_welding_wire': '0', 'login_id': '\x00\x00\x00\x00\x00\x00\x00\x00\x00\x00', 'login_password': '\n\x00\x00\x00\x00\x00\x00\x00\x00\x00'}
2021-03-02  13:52:30 Tue root INFO ('\n\x00\x00\x00\x00\x00\x00\x00\x00\x00', '2560', '0', 0, '0', '0', '0.0', '9.183815862507343e-40', '0.0', '0', '0', '0', '0.0', '0.0', '0.0', '0', '0', '0', '0', '0', '0', '\x00\x00\x00\x00\x00\x00\x00\x00\x00\x00', '\n\x00\x00\x00\x00\x00\x00\x00\x00\x00', '0', '0', '2021-03-02 13:52:30')
2021-03-02  13:52:30 Tue root INFO 成功添加数据
2021-03-02  13:53:51 Tue root INFO PLC1连接失败
2021-03-02  13:53:51 Tue root INFO plc连接状态:[0, 1, 1, 1, 1, 1]
2021-03-02  13:53:51 Tue root INFO mes_plc_r2
2021-03-02  13:53:51 Tue root INFO 读取插入数据库数据：{'product_type': '\n\x07250 TJ1\x00', 'r1_equipment_status': '2567', 'fail_code': '12853', 'recerve': '12320', 'prod_num': 21578, 'r1_rob_no': '12800', 'r1_weld_line_no': '0', 'r1_electric': '6.350359777831418e-29', 'r1_voltage': '3.3070643758065683e-43', 'r1_speed': '3.6734198463196485e-40', 'r1_job': '17205', 'r2_rob_no': '30606', 'r2_weld_line_no': '16722', 'r2_electric': '3.139666402779627e-28', 'r2_voltage': '0.0', 'r2_speed': '9.550891600431086e-39', 'r2_job': '0', 'replace_status': '0', 'part_status': '0', 'r1_protective_gas': '0', 'r1_welding_wire': '0', 'r2_protective_gas': '0', 'r2_welding_wire': '0', 'login_password': '\n\x00\x00\x00\x00\x00\x00\x00\x00\x00'}
2021-03-02  13:53:51 Tue root ERROR 读取插入数据库失败错误: 'login_id'
2021-03-02  13:53:51 Tue root INFO mes_plc_r3
2021-03-02  13:53:51 Tue root INFO 读取插入数据库数据：{'product_type': '\n\x07250 TJ3\x00', 'r1_equipment_status': '2567', 'fail_code': '12853', 'recerve': '12320', 'prod_num': 21578, 'r1_rob_no': '13312', 'r1_weld_line_no': '0', 'r1_electric': '9.727692471237622e-22', 'r1_voltage': '3.3491033297363128e-43', 'r1_speed': '3.6734198463196485e-40', 'r1_job': '17207', 'r2_rob_no': '-7661', 'r2_weld_line_no': '16734', 'r2_electric': '1.8643001861668443e-31', 'r2_voltage': '0.0', 'r2_speed': '9.550891600431086e-39', 'r2_job': '0', 'replace_status': '0', 'part_status': '0', 'r1_protective_gas': '0', 'r1_welding_wire': '0', 'r2_protective_gas': '0', 'r2_welding_wire': '0', 'login_id': '\x00\x00\x00\x00\x00n\x00\x00\x00\x00', 'login_password': '\n\x00\x00\x00\x00\x00\x00\x00\x00\x00'}
2021-03-02  13:53:51 Tue root INFO ('\n\x07250 TJ3\x00', '2567', '12853', 21578, '13312', '0', '9.727692471237622e-22', '3.3491033297363128e-43', '3.6734198463196485e-40', '17207', '-7661', '16734', '1.8643001861668443e-31', '0.0', '9.550891600431086e-39', '0', '0', '0', '0', '0', '0', '\x00\x00\x00\x00\x00n\x00\x00\x00\x00', '\n\x00\x00\x00\x00\x00\x00\x00\x00\x00', '0', '12320', '2021-03-02 13:53:51')
2021-03-02  13:53:52 Tue root INFO 成功添加数据
2021-03-02  13:53:52 Tue root INFO mes_plc_r4
2021-03-02  13:53:52 Tue root INFO 读取插入数据库数据：{'product_type': '\n\x07250 PCB\x00', 'r1_equipment_status': '2567', 'fail_code': '12853', 'recerve': '12320', 'prod_num': 23130, 'r1_rob_no': '18944', 'r1_weld_line_no': '0', 'r1_electric': '1.0654134757297013e-21', 'r1_voltage': '1.2611686178923354e-44', 'r1_speed': '3.6734198463196485e-40', 'r1_job': '17207', 'r2_rob_no': '5727', 'r2_weld_line_no': '16722', 'r2_electric': '8.145415696826511e+34', 'r2_voltage': '0.0', 'r2_speed': '9.550891600431086e-39', 'r2_job': '0', 'replace_status': '0', 'part_status': '0', 'r1_protective_gas': '0', 'r1_welding_wire': '0', 'r2_protective_gas': '0', 'r2_welding_wire': '0', 'login_id': '\x00\x00\x00\x00\x02T\x00\x00\x00\x00', 'login_password': '\n\x00\x00\x00\x00\x00\x00\x00\x00\x00'}
2021-03-02  13:53:52 Tue root INFO ('\n\x07250 PCB\x00', '2567', '12853', 23130, '18944', '0', '1.0654134757297013e-21', '1.2611686178923354e-44', '3.6734198463196485e-40', '17207', '5727', '16722', '8.145415696826511e+34', '0.0', '9.550891600431086e-39', '0', '0', '0', '0', '0', '0', '\x00\x00\x00\x00\x02T\x00\x00\x00\x00', '\n\x00\x00\x00\x00\x00\x00\x00\x00\x00', '0', '12320', '2021-03-02 13:53:52')
2021-03-02  13:53:52 Tue root INFO 成功添加数据
2021-03-02  13:53:52 Tue root INFO mes_plc_r5
2021-03-02  13:53:52 Tue root INFO 读取插入数据库数据：{'product_type': '\n\x00\x00\x00\x00\x00\x00\x00\x00\x00', 'r1_equipment_status': '2560', 'fail_code': '0', 'recerve': '0', 'prod_num': 0, 'r1_rob_no': '0', 'r1_weld_line_no': '0', 'r1_electric': '1.8870057723865944e-24', 'r1_voltage': '0.0', 'r1_speed': '0.0', 'r1_job': '17203', 'r2_rob_no': '379', 'r2_weld_line_no': '16727', 'r2_electric': '39936.0', 'r2_voltage': '0.0', 'r2_speed': '0.0', 'r2_job': '17203', 'replace_status': '31782', 'part_status': '16726', 'r1_protective_gas': '30644', 'r1_welding_wire': '0', 'r2_protective_gas': '0', 'r2_welding_wire': '0', 'login_id': '\x00\x00\x00\x00\x00\x00\x00\x00\x00\x00', 'login_password': '\n\x00\x00\x00\x00\x00\x00\x00\x00\x00'}
2021-03-02  13:53:52 Tue root INFO ('\n\x00\x00\x00\x00\x00\x00\x00\x00\x00', '2560', '0', 0, '0', '0', '1.8870057723865944e-24', '0.0', '0.0', '17203', '379', '16727', '39936.0', '0.0', '0.0', '17203', '31782', '30644', '0', '0', '0', '\x00\x00\x00\x00\x00\x00\x00\x00\x00\x00', '\n\x00\x00\x00\x00\x00\x00\x00\x00\x00', '16726', '0', '2021-03-02 13:53:52')
2021-03-02  13:53:52 Tue root INFO 成功添加数据
2021-03-02  13:53:52 Tue root INFO mes_plc_r6
2021-03-02  13:53:52 Tue root INFO 读取插入数据库数据：{'product_type': '\n\x00\x00\x00\x00\x00\x00\x00\x00\x00', 'r1_equipment_status': '2560', 'fail_code': '0', 'recerve': '0', 'prod_num': 0, 'r1_rob_no': '0', 'r1_weld_line_no': '0', 'r1_electric': '0.0', 'r1_voltage': '9.183815862507343e-40', 'r1_speed': '0.0', 'r1_job': '0', 'r2_rob_no': '0', 'r2_weld_line_no': '0', 'r2_electric': '0.0', 'r2_voltage': '0.0', 'r2_speed': '0.0', 'r2_job': '0', 'replace_status': '0', 'part_status': '0', 'r1_protective_gas': '0', 'r1_welding_wire': '0', 'r2_protective_gas': '0', 'r2_welding_wire': '0', 'login_id': '\x00\x00\x00\x00\x00\x00\x00\x00\x00\x00', 'login_password': '\n\x00\x00\x00\x00\x00\x00\x00\x00\x00'}
2021-03-02  13:53:52 Tue root INFO ('\n\x00\x00\x00\x00\x00\x00\x00\x00\x00', '2560', '0', 0, '0', '0', '0.0', '9.183815862507343e-40', '0.0', '0', '0', '0', '0.0', '0.0', '0.0', '0', '0', '0', '0', '0', '0', '\x00\x00\x00\x00\x00\x00\x00\x00\x00\x00', '\n\x00\x00\x00\x00\x00\x00\x00\x00\x00', '0', '0', '2021-03-02 13:53:52')
2021-03-02  13:53:53 Tue root INFO 成功添加数据
2021-03-02  13:55:14 Tue root INFO PLC1连接失败
2021-03-02  13:55:14 Tue root INFO plc连接状态:[0, 1, 1, 1, 1, 1]
2021-03-02  13:55:14 Tue root INFO mes_plc_r2
2021-03-02  13:55:14 Tue root INFO 读取插入数据库数据：{'product_type': '\n\x07250 TJ1\x00', 'r1_equipment_status': '2567', 'fail_code': '12853', 'recerve': '12320', 'prod_num': 21578, 'r1_rob_no': '12800', 'r1_weld_line_no': '0', 'r1_electric': '6.350359777831418e-29', 'r1_voltage': '3.3070643758065683e-43', 'r1_speed': '3.6734198463196485e-40', 'r1_job': '17205', 'r2_rob_no': '-31137', 'r2_weld_line_no': '16722', 'r2_electric': '2.558039500707987e-19', 'r2_voltage': '0.0', 'r2_speed': '9.550891600431086e-39', 'r2_job': '0', 'replace_status': '0', 'part_status': '0', 'r1_protective_gas': '0', 'r1_welding_wire': '0', 'r2_protective_gas': '0', 'r2_welding_wire': '0', 'login_password': '\n\x00\x00\x00\x00\x00\x00\x00\x00\x00'}
2021-03-02  13:55:14 Tue root ERROR 读取插入数据库失败错误: 'login_id'
2021-03-02  13:55:14 Tue root INFO mes_plc_r3
2021-03-02  13:55:14 Tue root INFO 读取插入数据库数据：{'product_type': '\n\x07250 TJ3\x00', 'r1_equipment_status': '2567', 'fail_code': '12853', 'recerve': '12320', 'prod_num': 21578, 'r1_rob_no': '13312', 'r1_weld_line_no': '0', 'r1_electric': '9.727692471237622e-22', 'r1_voltage': '3.3491033297363128e-43', 'r1_speed': '3.6734198463196485e-40', 'r1_job': '17207', 'r2_rob_no': '-9558', 'r2_weld_line_no': '16733', 'r2_electric': '-8.239936510889834e-17', 'r2_voltage': '0.0', 'r2_speed': '9.550891600431086e-39', 'r2_job': '0', 'replace_status': '0', 'part_status': '0', 'r1_protective_gas': '0', 'r1_welding_wire': '0', 'r2_protective_gas': '0', 'r2_welding_wire': '0', 'login_id': '\x00\x00\x00\x00\x00n\x00\x00\x00\x00', 'login_password': '\n\x00\x00\x00\x00\x00\x00\x00\x00\x00'}
2021-03-02  13:55:14 Tue root INFO ('\n\x07250 TJ3\x00', '2567', '12853', 21578, '13312', '0', '9.727692471237622e-22', '3.3491033297363128e-43', '3.6734198463196485e-40', '17207', '-9558', '16733', '-8.239936510889834e-17', '0.0', '9.550891600431086e-39', '0', '0', '0', '0', '0', '0', '\x00\x00\x00\x00\x00n\x00\x00\x00\x00', '\n\x00\x00\x00\x00\x00\x00\x00\x00\x00', '0', '12320', '2021-03-02 13:55:14')
2021-03-02  13:55:14 Tue root INFO 成功添加数据
2021-03-02  13:55:14 Tue root INFO mes_plc_r4
2021-03-02  13:55:14 Tue root INFO 读取插入数据库数据：{'product_type': '\n\x07250 PCB\x00', 'r1_equipment_status': '2567', 'fail_code': '12853', 'recerve': '12320', 'prod_num': 23130, 'r1_rob_no': '18944', 'r1_weld_line_no': '0', 'r1_electric': '1.0654134757297013e-21', 'r1_voltage': '1.2611686178923354e-44', 'r1_speed': '3.6734198463196485e-40', 'r1_job': '17207', 'r2_rob_no': '12364', 'r2_weld_line_no': '16722', 'r2_electric': '1.221601398924247e+17', 'r2_voltage': '0.0', 'r2_speed': '9.550891600431086e-39', 'r2_job': '0', 'replace_status': '0', 'part_status': '0', 'r1_protective_gas': '0', 'r1_welding_wire': '0', 'r2_protective_gas': '0', 'r2_welding_wire': '0', 'login_id': '\x00\x00\x00\x00\x02T\x00\x00\x00\x00', 'login_password': '\n\x00\x00\x00\x00\x00\x00\x00\x00\x00'}
2021-03-02  13:55:14 Tue root INFO ('\n\x07250 PCB\x00', '2567', '12853', 23130, '18944', '0', '1.0654134757297013e-21', '1.2611686178923354e-44', '3.6734198463196485e-40', '17207', '12364', '16722', '1.221601398924247e+17', '0.0', '9.550891600431086e-39', '0', '0', '0', '0', '0', '0', '\x00\x00\x00\x00\x02T\x00\x00\x00\x00', '\n\x00\x00\x00\x00\x00\x00\x00\x00\x00', '0', '12320', '2021-03-02 13:55:14')
2021-03-02  13:55:14 Tue root INFO 成功添加数据
2021-03-02  13:55:14 Tue root INFO mes_plc_r5
2021-03-02  13:55:15 Tue root INFO 读取插入数据库数据：{'product_type': '\n\x00\x00\x00\x00\x00\x00\x00\x00\x00', 'r1_equipment_status': '2560', 'fail_code': '0', 'recerve': '0', 'prod_num': 0, 'r1_rob_no': '0', 'r1_weld_line_no': '0', 'r1_electric': '1.8870057723865944e-24', 'r1_voltage': '0.0', 'r1_speed': '0.0', 'r1_job': '17203', 'r2_rob_no': '-569', 'r2_weld_line_no': '16726', 'r2_electric': '-1.678941941083721e+19', 'r2_voltage': '0.0', 'r2_speed': '0.0', 'r2_job': '17203', 'replace_status': '32730', 'part_status': '16726', 'r1_protective_gas': '-31099', 'r1_welding_wire': '0', 'r2_protective_gas': '0', 'r2_welding_wire': '0', 'login_id': '\x00\x00\x00\x00\x00\x00\x00\x00\x00\x00', 'login_password': '\n\x00\x00\x00\x00\x00\x00\x00\x00\x00'}
2021-03-02  13:55:15 Tue root INFO ('\n\x00\x00\x00\x00\x00\x00\x00\x00\x00', '2560', '0', 0, '0', '0', '1.8870057723865944e-24', '0.0', '0.0', '17203', '-569', '16726', '-1.678941941083721e+19', '0.0', '0.0', '17203', '32730', '-31099', '0', '0', '0', '\x00\x00\x00\x00\x00\x00\x00\x00\x00\x00', '\n\x00\x00\x00\x00\x00\x00\x00\x00\x00', '16726', '0', '2021-03-02 13:55:15')
2021-03-02  13:55:15 Tue root INFO 成功添加数据
2021-03-02  13:55:15 Tue root INFO mes_plc_r6
2021-03-02  13:55:15 Tue root INFO 读取插入数据库数据：{'product_type': '\n\x00\x00\x00\x00\x00\x00\x00\x00\x00', 'r1_equipment_status': '2560', 'fail_code': '0', 'recerve': '0', 'prod_num': 0, 'r1_rob_no': '0', 'r1_weld_line_no': '0', 'r1_electric': '0.0', 'r1_voltage': '9.183815862507343e-40', 'r1_speed': '0.0', 'r1_job': '0', 'r2_rob_no': '0', 'r2_weld_line_no': '0', 'r2_electric': '0.0', 'r2_voltage': '0.0', 'r2_speed': '0.0', 'r2_job': '0', 'replace_status': '0', 'part_status': '0', 'r1_protective_gas': '0', 'r1_welding_wire': '0', 'r2_protective_gas': '0', 'r2_welding_wire': '0', 'login_id': '\x00\x00\x00\x00\x00\x00\x00\x00\x00\x00', 'login_password': '\n\x00\x00\x00\x00\x00\x00\x00\x00\x00'}
2021-03-02  13:55:15 Tue root INFO ('\n\x00\x00\x00\x00\x00\x00\x00\x00\x00', '2560', '0', 0, '0', '0', '0.0', '9.183815862507343e-40', '0.0', '0', '0', '0', '0.0', '0.0', '0.0', '0', '0', '0', '0', '0', '0', '\x00\x00\x00\x00\x00\x00\x00\x00\x00\x00', '\n\x00\x00\x00\x00\x00\x00\x00\x00\x00', '0', '0', '2021-03-02 13:55:15')
2021-03-02  13:55:15 Tue root INFO 成功添加数据
2021-03-02  13:56:36 Tue root INFO PLC1连接失败
2021-03-02  13:56:36 Tue root INFO plc连接状态:[0, 1, 1, 1, 1, 1]
2021-03-02  13:56:36 Tue root INFO mes_plc_r2
2021-03-02  13:56:36 Tue root INFO 读取插入数据库数据：{'product_type': '\n\x07250 TJ1\x00', 'r1_equipment_status': '2567', 'fail_code': '12853', 'recerve': '12320', 'prod_num': 21578, 'r1_rob_no': '12800', 'r1_weld_line_no': '0', 'r1_electric': '6.350359777831418e-29', 'r1_voltage': '3.3070643758065683e-43', 'r1_speed': '3.6734198463196485e-40', 'r1_job': '17205', 'r2_rob_no': '-30189', 'r2_weld_line_no': '16722', 'r2_electric': '3.139666402779627e-28', 'r2_voltage': '0.0', 'r2_speed': '9.550891600431086e-39', 'r2_job': '0', 'replace_status': '0', 'part_status': '0', 'r1_protective_gas': '0', 'r1_welding_wire': '0', 'r2_protective_gas': '0', 'r2_welding_wire': '0', 'login_password': '\n\x00\x00\x00\x00\x00\x00\x00\x00\x00'}
2021-03-02  13:56:37 Tue root ERROR 读取插入数据库失败错误: 'login_id'
2021-03-02  13:56:37 Tue root INFO mes_plc_r3
2021-03-02  13:56:37 Tue root INFO 读取插入数据库数据：{'product_type': '\n\x07250 TJ3\x00', 'r1_equipment_status': '2567', 'fail_code': '12853', 'recerve': '12320', 'prod_num': 21578, 'r1_rob_no': '13312', 'r1_weld_line_no': '0', 'r1_electric': '9.727692471237622e-22', 'r1_voltage': '3.3491033297363128e-43', 'r1_speed': '3.6734198463196485e-40', 'r1_job': '17207', 'r2_rob_no': '-7661', 'r2_weld_line_no': '16733', 'r2_electric': '0.033447265625', 'r2_voltage': '0.0', 'r2_speed': '9.550891600431086e-39', 'r2_job': '0', 'replace_status': '0', 'part_status': '0', 'r1_protective_gas': '0', 'r1_welding_wire': '0', 'r2_protective_gas': '0', 'r2_welding_wire': '0', 'login_id': '\x00\x00\x00\x00\x00n\x00\x00\x00\x00', 'login_password': '\n\x00\x00\x00\x00\x00\x00\x00\x00\x00'}
2021-03-02  13:56:37 Tue root INFO ('\n\x07250 TJ3\x00', '2567', '12853', 21578, '13312', '0', '9.727692471237622e-22', '3.3491033297363128e-43', '3.6734198463196485e-40', '17207', '-7661', '16733', '0.033447265625', '0.0', '9.550891600431086e-39', '0', '0', '0', '0', '0', '0', '\x00\x00\x00\x00\x00n\x00\x00\x00\x00', '\n\x00\x00\x00\x00\x00\x00\x00\x00\x00', '0', '12320', '2021-03-02 13:56:37')
2021-03-02  13:56:37 Tue root INFO 成功添加数据
2021-03-02  13:56:37 Tue root INFO mes_plc_r4
2021-03-02  13:56:37 Tue root INFO 读取插入数据库数据：{'product_type': '\n\x07250 PCB\x00', 'r1_equipment_status': '2567', 'fail_code': '12853', 'recerve': '12320', 'prod_num': 23130, 'r1_rob_no': '18944', 'r1_weld_line_no': '0', 'r1_electric': '1.0654134757297013e-21', 'r1_voltage': '1.2611686178923354e-44', 'r1_speed': '3.6734198463196485e-40', 'r1_job': '17207', 'r2_rob_no': '13312', 'r2_weld_line_no': '16722', 'r2_electric': '1.033631575770508e+26', 'r2_voltage': '0.0', 'r2_speed': '9.550891600431086e-39', 'r2_job': '0', 'replace_status': '0', 'part_status': '0', 'r1_protective_gas': '0', 'r1_welding_wire': '0', 'r2_protective_gas': '0', 'r2_welding_wire': '0', 'login_id': '\x00\x00\x00\x00\x02T\x00\x00\x00\x00', 'login_password': '\n\x00\x00\x00\x00\x00\x00\x00\x00\x00'}
2021-03-02  13:56:37 Tue root INFO ('\n\x07250 PCB\x00', '2567', '12853', 23130, '18944', '0', '1.0654134757297013e-21', '1.2611686178923354e-44', '3.6734198463196485e-40', '17207', '13312', '16722', '1.033631575770508e+26', '0.0', '9.550891600431086e-39', '0', '0', '0', '0', '0', '0', '\x00\x00\x00\x00\x02T\x00\x00\x00\x00', '\n\x00\x00\x00\x00\x00\x00\x00\x00\x00', '0', '12320', '2021-03-02 13:56:37')
2021-03-02  13:56:37 Tue root INFO 成功添加数据
2021-03-02  13:56:37 Tue root INFO mes_plc_r5
2021-03-02  13:56:37 Tue root INFO 读取插入数据库数据：{'product_type': '\n\x00\x00\x00\x00\x00\x00\x00\x00\x00', 'r1_equipment_status': '2560', 'fail_code': '0', 'recerve': '0', 'prod_num': 0, 'r1_rob_no': '0', 'r1_weld_line_no': '0', 'r1_electric': '1.8870057723865944e-24', 'r1_voltage': '0.0', 'r1_speed': '0.0', 'r1_job': '17203', 'r2_rob_no': '-1517', 'r2_weld_line_no': '16726', 'r2_electric': '-2.87545844912529e-08', 'r2_voltage': '0.0', 'r2_speed': '0.0', 'r2_job': '17203', 'replace_status': '31782', 'part_status': '16726', 'r1_protective_gas': '26852', 'r1_welding_wire': '0', 'r2_protective_gas': '0', 'r2_welding_wire': '0', 'login_id': '\x00\x00\x00\x00\x00\x00\x00\x00\x00\x00', 'login_password': '\n\x00\x00\x00\x00\x00\x00\x00\x00\x00'}
2021-03-02  13:56:37 Tue root INFO ('\n\x00\x00\x00\x00\x00\x00\x00\x00\x00', '2560', '0', 0, '0', '0', '1.8870057723865944e-24', '0.0', '0.0', '17203', '-1517', '16726', '-2.87545844912529e-08', '0.0', '0.0', '17203', '31782', '26852', '0', '0', '0', '\x00\x00\x00\x00\x00\x00\x00\x00\x00\x00', '\n\x00\x00\x00\x00\x00\x00\x00\x00\x00', '16726', '0', '2021-03-02 13:56:37')
2021-03-02  13:56:37 Tue root INFO 成功添加数据
2021-03-02  13:56:37 Tue root INFO mes_plc_r6
2021-03-02  13:56:38 Tue root INFO 读取插入数据库数据：{'product_type': '\n\x00\x00\x00\x00\x00\x00\x00\x00\x00', 'r1_equipment_status': '2560', 'fail_code': '0', 'recerve': '0', 'prod_num': 0, 'r1_rob_no': '0', 'r1_weld_line_no': '0', 'r1_electric': '0.0', 'r1_voltage': '9.183815862507343e-40', 'r1_speed': '0.0', 'r1_job': '0', 'r2_rob_no': '0', 'r2_weld_line_no': '0', 'r2_electric': '0.0', 'r2_voltage': '0.0', 'r2_speed': '0.0', 'r2_job': '0', 'replace_status': '0', 'part_status': '0', 'r1_protective_gas': '0', 'r1_welding_wire': '0', 'r2_protective_gas': '0', 'r2_welding_wire': '0', 'login_id': '\x00\x00\x00\x00\x00\x00\x00\x00\x00\x00', 'login_password': '\n\x00\x00\x00\x00\x00\x00\x00\x00\x00'}
2021-03-02  13:56:38 Tue root INFO ('\n\x00\x00\x00\x00\x00\x00\x00\x00\x00', '2560', '0', 0, '0', '0', '0.0', '9.183815862507343e-40', '0.0', '0', '0', '0', '0.0', '0.0', '0.0', '0', '0', '0', '0', '0', '0', '\x00\x00\x00\x00\x00\x00\x00\x00\x00\x00', '\n\x00\x00\x00\x00\x00\x00\x00\x00\x00', '0', '0', '2021-03-02 13:56:38')
2021-03-02  13:56:38 Tue root INFO 成功添加数据
2021-03-02  13:57:59 Tue root INFO PLC1连接失败
2021-03-02  13:57:59 Tue root INFO plc连接状态:[0, 1, 1, 1, 1, 1]
2021-03-02  13:57:59 Tue root INFO mes_plc_r2
2021-03-02  13:57:59 Tue root INFO 读取插入数据库数据：{'product_type': '\n\x07250 TJ1\x00', 'r1_equipment_status': '2567', 'fail_code': '12853', 'recerve': '12320', 'prod_num': 21578, 'r1_rob_no': '12800', 'r1_weld_line_no': '0', 'r1_electric': '6.350359777831418e-29', 'r1_voltage': '3.3070643758065683e-43', 'r1_speed': '3.6734198463196485e-40', 'r1_job': '17205', 'r2_rob_no': '-26397', 'r2_weld_line_no': '16722', 'r2_electric': '3.139666402779627e-28', 'r2_voltage': '0.0', 'r2_speed': '9.550891600431086e-39', 'r2_job': '0', 'replace_status': '0', 'part_status': '0', 'r1_protective_gas': '0', 'r1_welding_wire': '0', 'r2_protective_gas': '0', 'r2_welding_wire': '0', 'login_password': '\n\x00\x00\x00\x00\x00\x00\x00\x00\x00'}
2021-03-02  13:57:59 Tue root ERROR 读取插入数据库失败错误: 'login_id'
2021-03-02  13:57:59 Tue root INFO mes_plc_r3
2021-03-02  13:57:59 Tue root INFO 读取插入数据库数据：{'product_type': '\n\x07250 TJ3\x00', 'r1_equipment_status': '2567', 'fail_code': '12853', 'recerve': '12320', 'prod_num': 21578, 'r1_rob_no': '13312', 'r1_weld_line_no': '0', 'r1_electric': '9.727692471237622e-22', 'r1_voltage': '3.3491033297363128e-43', 'r1_speed': '3.6734198463196485e-40', 'r1_job': '17207', 'r2_rob_no': '-6713', 'r2_weld_line_no': '16733', 'r2_electric': '2.406611050876109e+16', 'r2_voltage': '0.0', 'r2_speed': '9.550891600431086e-39', 'r2_job': '0', 'replace_status': '0', 'part_status': '0', 'r1_protective_gas': '0', 'r1_welding_wire': '0', 'r2_protective_gas': '0', 'r2_welding_wire': '0', 'login_id': '\x00\x00\x00\x00\x00n\x00\x00\x00\x00', 'login_password': '\n\x00\x00\x00\x00\x00\x00\x00\x00\x00'}
2021-03-02  13:57:59 Tue root INFO ('\n\x07250 TJ3\x00', '2567', '12853', 21578, '13312', '0', '9.727692471237622e-22', '3.3491033297363128e-43', '3.6734198463196485e-40', '17207', '-6713', '16733', '2.406611050876109e+16', '0.0', '9.550891600431086e-39', '0', '0', '0', '0', '0', '0', '\x00\x00\x00\x00\x00n\x00\x00\x00\x00', '\n\x00\x00\x00\x00\x00\x00\x00\x00\x00', '0', '12320', '2021-03-02 13:57:59')
2021-03-02  13:57:59 Tue root INFO 成功添加数据
2021-03-02  13:57:59 Tue root INFO mes_plc_r4
2021-03-02  13:58:00 Tue root INFO 读取插入数据库数据：{'product_type': '\n\x07250 PCB\x00', 'r1_equipment_status': '2567', 'fail_code': '12853', 'recerve': '12320', 'prod_num': 23130, 'r1_rob_no': '18944', 'r1_weld_line_no': '0', 'r1_electric': '6.658834223310633e-23', 'r1_voltage': '1.401298464324817e-44', 'r1_speed': '3.6734198463196485e-40', 'r1_job': '17207', 'r2_rob_no': '7623', 'r2_weld_line_no': '-16013', 'r2_electric': '4.128641872824801e-16', 'r2_voltage': '0.0', 'r2_speed': '9.550891600431086e-39', 'r2_job': '0', 'replace_status': '0', 'part_status': '0', 'r1_protective_gas': '0', 'r1_welding_wire': '0', 'r2_protective_gas': '0', 'r2_welding_wire': '0', 'login_id': '\x00\x00\x00\x00\x02^\x00\x00\x00\x00', 'login_password': '\n\x00\x00\x00\x00\x00\x00\x00\x00\x00'}
2021-03-02  13:58:00 Tue root INFO ('\n\x07250 PCB\x00', '2567', '12853', 23130, '18944', '0', '6.658834223310633e-23', '1.401298464324817e-44', '3.6734198463196485e-40', '17207', '7623', '-16013', '4.128641872824801e-16', '0.0', '9.550891600431086e-39', '0', '0', '0', '0', '0', '0', '\x00\x00\x00\x00\x02^\x00\x00\x00\x00', '\n\x00\x00\x00\x00\x00\x00\x00\x00\x00', '0', '12320', '2021-03-02 13:58:00')
2021-03-02  13:58:00 Tue root INFO 成功添加数据
2021-03-02  13:58:00 Tue root INFO mes_plc_r5
2021-03-02  13:58:00 Tue root INFO 读取插入数据库数据：{'product_type': '\n\x00\x00\x00\x00\x00\x00\x00\x00\x00', 'r1_equipment_status': '2560', 'fail_code': '0', 'recerve': '0', 'prod_num': 0, 'r1_rob_no': '0', 'r1_weld_line_no': '0', 'r1_electric': '1.8870057723865944e-24', 'r1_voltage': '0.0', 'r1_speed': '0.0', 'r1_job': '17203', 'r2_rob_no': '-1517', 'r2_weld_line_no': '16726', 'r2_electric': '-20266876928.0', 'r2_voltage': '0.0', 'r2_speed': '0.0', 'r2_job': '17203', 'replace_status': '28937', 'part_status': '16726', 'r1_protective_gas': '-31099', 'r1_welding_wire': '0', 'r2_protective_gas': '0', 'r2_welding_wire': '0', 'login_id': '\x00\x00\x00\x00\x00\x00\x00\x00\x00\x00', 'login_password': '\n\x00\x00\x00\x00\x00\x00\x00\x00\x00'}
2021-03-02  13:58:00 Tue root INFO ('\n\x00\x00\x00\x00\x00\x00\x00\x00\x00', '2560', '0', 0, '0', '0', '1.8870057723865944e-24', '0.0', '0.0', '17203', '-1517', '16726', '-20266876928.0', '0.0', '0.0', '17203', '28937', '-31099', '0', '0', '0', '\x00\x00\x00\x00\x00\x00\x00\x00\x00\x00', '\n\x00\x00\x00\x00\x00\x00\x00\x00\x00', '16726', '0', '2021-03-02 13:58:00')
2021-03-02  13:58:00 Tue root INFO 成功添加数据
2021-03-02  13:58:00 Tue root INFO mes_plc_r6
2021-03-02  13:58:00 Tue root INFO 读取插入数据库数据：{'product_type': '\n\x00\x00\x00\x00\x00\x00\x00\x00\x00', 'r1_equipment_status': '2560', 'fail_code': '0', 'recerve': '0', 'prod_num': 0, 'r1_rob_no': '0', 'r1_weld_line_no': '0', 'r1_electric': '0.0', 'r1_voltage': '9.183815862507343e-40', 'r1_speed': '0.0', 'r1_job': '0', 'r2_rob_no': '0', 'r2_weld_line_no': '0', 'r2_electric': '0.0', 'r2_voltage': '0.0', 'r2_speed': '0.0', 'r2_job': '0', 'replace_status': '0', 'part_status': '0', 'r1_protective_gas': '0', 'r1_welding_wire': '0', 'r2_protective_gas': '0', 'r2_welding_wire': '0', 'login_id': '\x00\x00\x00\x00\x00\x00\x00\x00\x00\x00', 'login_password': '\n\x00\x00\x00\x00\x00\x00\x00\x00\x00'}
2021-03-02  13:58:00 Tue root INFO ('\n\x00\x00\x00\x00\x00\x00\x00\x00\x00', '2560', '0', 0, '0', '0', '0.0', '9.183815862507343e-40', '0.0', '0', '0', '0', '0.0', '0.0', '0.0', '0', '0', '0', '0', '0', '0', '\x00\x00\x00\x00\x00\x00\x00\x00\x00\x00', '\n\x00\x00\x00\x00\x00\x00\x00\x00\x00', '0', '0', '2021-03-02 13:58:00')
2021-03-02  13:58:00 Tue root INFO 成功添加数据
2021-03-02  13:59:21 Tue root INFO PLC1连接失败
2021-03-02  13:59:21 Tue root INFO plc连接状态:[0, 1, 1, 1, 1, 1]
2021-03-02  13:59:21 Tue root INFO mes_plc_r2
2021-03-02  13:59:22 Tue root INFO 读取插入数据库数据：{'product_type': '\n\x07250 TJ1\x00', 'r1_equipment_status': '2567', 'fail_code': '12853', 'recerve': '12320', 'prod_num': 21578, 'r1_rob_no': '12800', 'r1_weld_line_no': '0', 'r1_electric': '5.088181727624692e-29', 'r1_voltage': '3.3070643758065683e-43', 'r1_speed': '3.6734198463196485e-40', 'r1_job': '17205', 'r2_rob_no': '-26397', 'r2_weld_line_no': '16725', 'r2_electric': '-4.397163019541671e+30', 'r2_voltage': '0.0', 'r2_speed': '9.550891600431086e-39', 'r2_job': '0', 'replace_status': '0', 'part_status': '0', 'r1_protective_gas': '0', 'r1_welding_wire': '0', 'r2_protective_gas': '0', 'r2_welding_wire': '0', 'login_password': '\n\x00\x00\x00\x00\x00\x00\x00\x00\x00'}
2021-03-02  13:59:22 Tue root ERROR 读取插入数据库失败错误: 'login_id'
2021-03-02  13:59:22 Tue root INFO mes_plc_r3
2021-03-02  13:59:22 Tue root INFO 读取插入数据库数据：{'product_type': '\n\x07250 TJ3\x00', 'r1_equipment_status': '2567', 'fail_code': '12853', 'recerve': '12320', 'prod_num': 21578, 'r1_rob_no': '13312', 'r1_weld_line_no': '0', 'r1_electric': '9.727692471237622e-22', 'r1_voltage': '3.3491033297363128e-43', 'r1_speed': '3.6734198463196485e-40', 'r1_job': '17207', 'r2_rob_no': '-1972', 'r2_weld_line_no': '16733', 'r2_electric': '2.406611050876109e+16', 'r2_voltage': '0.0', 'r2_speed': '9.550891600431086e-39', 'r2_job': '0', 'replace_status': '0', 'part_status': '0', 'r1_protective_gas': '0', 'r1_welding_wire': '0', 'r2_protective_gas': '0', 'r2_welding_wire': '0', 'login_id': '\x00\x00\x00\x00\x00n\x00\x00\x00\x00', 'login_password': '\n\x00\x00\x00\x00\x00\x00\x00\x00\x00'}
2021-03-02  13:59:22 Tue root INFO ('\n\x07250 TJ3\x00', '2567', '12853', 21578, '13312', '0', '9.727692471237622e-22', '3.3491033297363128e-43', '3.6734198463196485e-40', '17207', '-1972', '16733', '2.406611050876109e+16', '0.0', '9.550891600431086e-39', '0', '0', '0', '0', '0', '0', '\x00\x00\x00\x00\x00n\x00\x00\x00\x00', '\n\x00\x00\x00\x00\x00\x00\x00\x00\x00', '0', '12320', '2021-03-02 13:59:22')
2021-03-02  13:59:22 Tue root INFO 成功添加数据
2021-03-02  13:59:22 Tue root INFO mes_plc_r4
2021-03-02  13:59:22 Tue root INFO 读取插入数据库数据：{'product_type': '\n\x07250 PCB\x00', 'r1_equipment_status': '2567', 'fail_code': '12853', 'recerve': '12320', 'prod_num': 23130, 'r1_rob_no': '18944', 'r1_weld_line_no': '0', 'r1_electric': '9.727692471237622e-22', 'r1_voltage': '1.401298464324817e-44', 'r1_speed': '3.6734198463196485e-40', 'r1_job': '17207', 'r2_rob_no': '13312', 'r2_weld_line_no': '16722', 'r2_electric': '-3.5390257835388184e-07', 'r2_voltage': '0.0', 'r2_speed': '9.550891600431086e-39', 'r2_job': '0', 'replace_status': '0', 'part_status': '0', 'r1_protective_gas': '0', 'r1_welding_wire': '0', 'r2_protective_gas': '0', 'r2_welding_wire': '0', 'login_id': '\x00\x00\x00\x00\x02u\x00\x00\x00\x00', 'login_password': '\n\x00\x00\x00\x00\x00\x00\x00\x00\x00'}
2021-03-02  13:59:22 Tue root INFO ('\n\x07250 PCB\x00', '2567', '12853', 23130, '18944', '0', '9.727692471237622e-22', '1.401298464324817e-44', '3.6734198463196485e-40', '17207', '13312', '16722', '-3.5390257835388184e-07', '0.0', '9.550891600431086e-39', '0', '0', '0', '0', '0', '0', '\x00\x00\x00\x00\x02u\x00\x00\x00\x00', '\n\x00\x00\x00\x00\x00\x00\x00\x00\x00', '0', '12320', '2021-03-02 13:59:22')
2021-03-02  13:59:22 Tue root INFO 成功添加数据
2021-03-02  13:59:22 Tue root INFO mes_plc_r5
2021-03-02  13:59:23 Tue root INFO 读取插入数据库数据：{'product_type': '\n\x00\x00\x00\x00\x00\x00\x00\x00\x00', 'r1_equipment_status': '2560', 'fail_code': '0', 'recerve': '0', 'prod_num': 0, 'r1_rob_no': '0', 'r1_weld_line_no': '0', 'r1_electric': '1.8870057723865944e-24', 'r1_voltage': '0.0', 'r1_speed': '0.0', 'r1_job': '17204', 'r2_rob_no': '1327', 'r2_weld_line_no': '16727', 'r2_electric': '2.803905099203852e+22', 'r2_voltage': '0.0', 'r2_speed': '0.0', 'r2_job': '17203', 'replace_status': '31782', 'part_status': '16726', 'r1_protective_gas': '26852', 'r1_welding_wire': '0', 'r2_protective_gas': '0', 'r2_welding_wire': '0', 'login_id': '\x00\x00\x00\x00\x00\x00\x00\x00\x00\x00', 'login_password': '\n\x00\x00\x00\x00\x00\x00\x00\x00\x00'}
2021-03-02  13:59:23 Tue root INFO ('\n\x00\x00\x00\x00\x00\x00\x00\x00\x00', '2560', '0', 0, '0', '0', '1.8870057723865944e-24', '0.0', '0.0', '17204', '1327', '16727', '2.803905099203852e+22', '0.0', '0.0', '17203', '31782', '26852', '0', '0', '0', '\x00\x00\x00\x00\x00\x00\x00\x00\x00\x00', '\n\x00\x00\x00\x00\x00\x00\x00\x00\x00', '16726', '0', '2021-03-02 13:59:23')
2021-03-02  13:59:23 Tue root INFO 成功添加数据
2021-03-02  13:59:23 Tue root INFO mes_plc_r6
2021-03-02  13:59:23 Tue root INFO 读取插入数据库数据：{'product_type': '\n\x00\x00\x00\x00\x00\x00\x00\x00\x00', 'r1_equipment_status': '2560', 'fail_code': '0', 'recerve': '0', 'prod_num': 0, 'r1_rob_no': '0', 'r1_weld_line_no': '0', 'r1_electric': '0.0', 'r1_voltage': '9.183815862507343e-40', 'r1_speed': '0.0', 'r1_job': '0', 'r2_rob_no': '0', 'r2_weld_line_no': '0', 'r2_electric': '0.0', 'r2_voltage': '0.0', 'r2_speed': '0.0', 'r2_job': '0', 'replace_status': '0', 'part_status': '0', 'r1_protective_gas': '0', 'r1_welding_wire': '0', 'r2_protective_gas': '0', 'r2_welding_wire': '0', 'login_id': '\x00\x00\x00\x00\x00\x00\x00\x00\x00\x00', 'login_password': '\n\x00\x00\x00\x00\x00\x00\x00\x00\x00'}
2021-03-02  13:59:23 Tue root INFO ('\n\x00\x00\x00\x00\x00\x00\x00\x00\x00', '2560', '0', 0, '0', '0', '0.0', '9.183815862507343e-40', '0.0', '0', '0', '0', '0.0', '0.0', '0.0', '0', '0', '0', '0', '0', '0', '\x00\x00\x00\x00\x00\x00\x00\x00\x00\x00', '\n\x00\x00\x00\x00\x00\x00\x00\x00\x00', '0', '0', '2021-03-02 13:59:23')
2021-03-02  13:59:23 Tue root INFO 成功添加数据
2021-03-02  14:00:44 Tue root INFO PLC1连接失败
2021-03-02  14:00:44 Tue root INFO plc连接状态:[0, 1, 1, 1, 1, 1]
2021-03-02  14:00:44 Tue root INFO mes_plc_r2
2021-03-02  14:00:44 Tue root INFO 读取插入数据库数据：{'product_type': '\n\x07250 TJ1\x00', 'r1_equipment_status': '2567', 'fail_code': '12853', 'recerve': '12320', 'prod_num': 21578, 'r1_rob_no': '12800', 'r1_weld_line_no': '0', 'r1_electric': '1.4843280748348423e-26', 'r1_voltage': '3.3070643758065683e-43', 'r1_speed': '3.6734198463196485e-40', 'r1_job': '17205', 'r2_rob_no': '-26397', 'r2_weld_line_no': '16722', 'r2_electric': '-4.128641872824801e-16', 'r2_voltage': '0.0', 'r2_speed': '9.550891600431086e-39', 'r2_job': '0', 'replace_status': '0', 'part_status': '0', 'r1_protective_gas': '0', 'r1_welding_wire': '0', 'r2_protective_gas': '0', 'r2_welding_wire': '0', 'login_id': '\x00\x00\x00\x00\x01\x12\x00\x00\x00\x00', 'login_password': '\n\x00\x00\x00\x00\x00\x00\x00\x00\x00'}
2021-03-02  14:00:44 Tue root INFO ('\n\x07250 TJ1\x00', '2567', '12853', 21578, '12800', '0', '1.4843280748348423e-26', '3.3070643758065683e-43', '3.6734198463196485e-40', '17205', '-26397', '16722', '-4.128641872824801e-16', '0.0', '9.550891600431086e-39', '0', '0', '0', '0', '0', '0', '\x00\x00\x00\x00\x01\x12\x00\x00\x00\x00', '\n\x00\x00\x00\x00\x00\x00\x00\x00\x00', '0', '12320', '2021-03-02 14:00:44')
2021-03-02  14:00:44 Tue root INFO 成功添加数据
2021-03-02  14:00:44 Tue root INFO mes_plc_r3
2021-03-02  14:00:45 Tue root INFO 读取插入数据库数据：{'product_type': '\n\x07250 TJ3\x00', 'r1_equipment_status': '2567', 'fail_code': '12853', 'recerve': '12320', 'prod_num': 21578, 'r1_rob_no': '13312', 'r1_weld_line_no': '0', 'r1_electric': '9.727692471237622e-22', 'r1_voltage': '3.363116314379561e-43', 'r1_speed': '3.6734198463196485e-40', 'r1_job': '17207', 'r2_rob_no': '-7661', 'r2_weld_line_no': '16733', 'r2_electric': '-3.2186441021419887e+28', 'r2_voltage': '0.0', 'r2_speed': '9.550891600431086e-39', 'r2_job': '0', 'replace_status': '0', 'part_status': '0', 'r1_protective_gas': '0', 'r1_welding_wire': '0', 'r2_protective_gas': '0', 'r2_welding_wire': '0', 'login_password': '\n\x00\x00\x00\x00\x00\x00\x00\x00\x00'}
2021-03-02  14:00:45 Tue root ERROR 读取插入数据库失败错误: 'login_id'
2021-03-02  14:00:45 Tue root INFO mes_plc_r4
2021-03-02  14:00:45 Tue root INFO 读取插入数据库数据：{'product_type': '\n\x07250 PCB\x00', 'r1_equipment_status': '2567', 'fail_code': '12853', 'recerve': '12320', 'prod_num': 23130, 'r1_rob_no': '18944', 'r1_weld_line_no': '0', 'r1_electric': '9.727692471237622e-22', 'r1_voltage': '1.401298464324817e-44', 'r1_speed': '3.6734198463196485e-40', 'r1_job': '17207', 'r2_rob_no': '12364', 'r2_weld_line_no': '16722', 'r2_electric': '2.1191226551309228e-10', 'r2_voltage': '0.0', 'r2_speed': '9.550891600431086e-39', 'r2_job': '0', 'replace_status': '0', 'part_status': '0', 'r1_protective_gas': '0', 'r1_welding_wire': '0', 'r2_protective_gas': '0', 'r2_welding_wire': '0', 'login_id': '\x00\x00\x00\x00\x02u\x00\x00\x00\x00', 'login_password': '\n\x00\x00\x00\x00\x00\x00\x00\x00\x00'}
2021-03-02  14:00:45 Tue root INFO ('\n\x07250 PCB\x00', '2567', '12853', 23130, '18944', '0', '9.727692471237622e-22', '1.401298464324817e-44', '3.6734198463196485e-40', '17207', '12364', '16722', '2.1191226551309228e-10', '0.0', '9.550891600431086e-39', '0', '0', '0', '0', '0', '0', '\x00\x00\x00\x00\x02u\x00\x00\x00\x00', '\n\x00\x00\x00\x00\x00\x00\x00\x00\x00', '0', '12320', '2021-03-02 14:00:45')
2021-03-02  14:00:45 Tue root INFO 成功添加数据
2021-03-02  14:00:45 Tue root INFO mes_plc_r5
2021-03-02  14:00:45 Tue root INFO 读取插入数据库数据：{'product_type': '\n\x00\x00\x00\x00\x00\x00\x00\x00\x00', 'r1_equipment_status': '2560', 'fail_code': '0', 'recerve': '0', 'prod_num': 0, 'r1_rob_no': '0', 'r1_weld_line_no': '0', 'r1_electric': '1.8870057723865944e-24', 'r1_voltage': '0.0', 'r1_speed': '0.0', 'r1_job': '17204', 'r2_rob_no': '379', 'r2_weld_line_no': '16727', 'r2_electric': '2.803905099203852e+22', 'r2_voltage': '0.0', 'r2_speed': '0.0', 'r2_job': '17203', 'replace_status': '28937', 'part_status': '16726', 'r1_protective_gas': '26852', 'r1_welding_wire': '0', 'r2_protective_gas': '0', 'r2_welding_wire': '0', 'login_id': '\x00\x00\x00\x00\x00\x00\x00\x00\x00\x00', 'login_password': '\n\x00\x00\x00\x00\x00\x00\x00\x00\x00'}
2021-03-02  14:00:45 Tue root INFO ('\n\x00\x00\x00\x00\x00\x00\x00\x00\x00', '2560', '0', 0, '0', '0', '1.8870057723865944e-24', '0.0', '0.0', '17204', '379', '16727', '2.803905099203852e+22', '0.0', '0.0', '17203', '28937', '26852', '0', '0', '0', '\x00\x00\x00\x00\x00\x00\x00\x00\x00\x00', '\n\x00\x00\x00\x00\x00\x00\x00\x00\x00', '16726', '0', '2021-03-02 14:00:45')
2021-03-02  14:00:45 Tue root INFO 成功添加数据
2021-03-02  14:00:45 Tue root INFO mes_plc_r6
2021-03-02  14:00:45 Tue root INFO 读取插入数据库数据：{'product_type': '\n\x00\x00\x00\x00\x00\x00\x00\x00\x00', 'r1_equipment_status': '2560', 'fail_code': '0', 'recerve': '0', 'prod_num': 0, 'r1_rob_no': '0', 'r1_weld_line_no': '0', 'r1_electric': '0.0', 'r1_voltage': '9.183815862507343e-40', 'r1_speed': '0.0', 'r1_job': '0', 'r2_rob_no': '0', 'r2_weld_line_no': '0', 'r2_electric': '0.0', 'r2_voltage': '0.0', 'r2_speed': '0.0', 'r2_job': '0', 'replace_status': '0', 'part_status': '0', 'r1_protective_gas': '0', 'r1_welding_wire': '0', 'r2_protective_gas': '0', 'r2_welding_wire': '0', 'login_id': '\x00\x00\x00\x00\x00\x00\x00\x00\x00\x00', 'login_password': '\n\x00\x00\x00\x00\x00\x00\x00\x00\x00'}
2021-03-02  14:00:45 Tue root INFO ('\n\x00\x00\x00\x00\x00\x00\x00\x00\x00', '2560', '0', 0, '0', '0', '0.0', '9.183815862507343e-40', '0.0', '0', '0', '0', '0.0', '0.0', '0.0', '0', '0', '0', '0', '0', '0', '\x00\x00\x00\x00\x00\x00\x00\x00\x00\x00', '\n\x00\x00\x00\x00\x00\x00\x00\x00\x00', '0', '0', '2021-03-02 14:00:45')
2021-03-02  14:00:46 Tue root INFO 成功添加数据
2021-03-02  14:02:07 Tue root INFO PLC1连接失败
2021-03-02  14:02:07 Tue root INFO plc连接状态:[0, 1, 1, 1, 1, 1]
2021-03-02  14:02:07 Tue root INFO mes_plc_r2
2021-03-02  14:02:07 Tue root INFO 读取插入数据库数据：{'product_type': '\n\x07250 TJ1\x00', 'r1_equipment_status': '2567', 'fail_code': '12853', 'recerve': '12320', 'prod_num': 21578, 'r1_rob_no': '12800', 'r1_weld_line_no': '0', 'r1_electric': '9.74404687914487e-27', 'r1_voltage': '3.3070643758065683e-43', 'r1_speed': '3.6734198463196485e-40', 'r1_job': '17205', 'r2_rob_no': '-27345', 'r2_weld_line_no': '16722', 'r2_electric': '0.1806640625', 'r2_voltage': '0.0', 'r2_speed': '9.550891600431086e-39', 'r2_job': '0', 'replace_status': '0', 'part_status': '0', 'r1_protective_gas': '0', 'r1_welding_wire': '0', 'r2_protective_gas': '0', 'r2_welding_wire': '0', 'login_id': '\x00\x00\x00\x00\x01\x14\x00\x00\x00\x00', 'login_password': '\n\x00\x00\x00\x00\x00\x00\x00\x00\x00'}
2021-03-02  14:02:07 Tue root INFO ('\n\x07250 TJ1\x00', '2567', '12853', 21578, '12800', '0', '9.74404687914487e-27', '3.3070643758065683e-43', '3.6734198463196485e-40', '17205', '-27345', '16722', '0.1806640625', '0.0', '9.550891600431086e-39', '0', '0', '0', '0', '0', '0', '\x00\x00\x00\x00\x01\x14\x00\x00\x00\x00', '\n\x00\x00\x00\x00\x00\x00\x00\x00\x00', '0', '12320', '2021-03-02 14:02:07')
2021-03-02  14:02:07 Tue root INFO 成功添加数据
2021-03-02  14:02:07 Tue root INFO mes_plc_r3
2021-03-02  14:02:07 Tue root INFO 读取插入数据库数据：{'product_type': '\n\x07250 TJ3\x00', 'r1_equipment_status': '2567', 'fail_code': '12853', 'recerve': '12320', 'prod_num': 21578, 'r1_rob_no': '13312', 'r1_weld_line_no': '0', 'r1_electric': '9.727692471237622e-22', 'r1_voltage': '3.363116314379561e-43', 'r1_speed': '3.6734198463196485e-40', 'r1_job': '17207', 'r2_rob_no': '-9558', 'r2_weld_line_no': '16733', 'r2_electric': '2.406611050876109e+16', 'r2_voltage': '0.0', 'r2_speed': '9.550891600431086e-39', 'r2_job': '0', 'replace_status': '0', 'part_status': '0', 'r1_protective_gas': '0', 'r1_welding_wire': '0', 'r2_protective_gas': '0', 'r2_welding_wire': '0', 'login_password': '\n\x00\x00\x00\x00\x00\x00\x00\x00\x00'}
2021-03-02  14:02:07 Tue root ERROR 读取插入数据库失败错误: 'login_id'
2021-03-02  14:02:07 Tue root INFO mes_plc_r4
2021-03-02  14:02:07 Tue root INFO 读取插入数据库数据：{'product_type': '\n\x07250 PCB\x00', 'r1_equipment_status': '2567', 'fail_code': '12853', 'recerve': '12320', 'prod_num': 23130, 'r1_rob_no': '18944', 'r1_weld_line_no': '0', 'r1_electric': '6.385858562716382e-22', 'r1_voltage': '1.401298464324817e-44', 'r1_speed': '3.6734198463196485e-40', 'r1_job': '17207', 'r2_rob_no': '13312', 'r2_weld_line_no': '-16044', 'r2_electric': '-1.348780238642836e+33', 'r2_voltage': '0.0', 'r2_speed': '9.550891600431086e-39', 'r2_job': '0', 'replace_status': '0', 'part_status': '0', 'r1_protective_gas': '0', 'r1_welding_wire': '0', 'r2_protective_gas': '0', 'r2_welding_wire': '0', 'login_id': '\x00\x00\x00\x00\x02{\x00\x00\x00\x00', 'login_password': '\n\x00\x00\x00\x00\x00\x00\x00\x00\x00'}
2021-03-02  14:02:07 Tue root INFO ('\n\x07250 PCB\x00', '2567', '12853', 23130, '18944', '0', '6.385858562716382e-22', '1.401298464324817e-44', '3.6734198463196485e-40', '17207', '13312', '-16044', '-1.348780238642836e+33', '0.0', '9.550891600431086e-39', '0', '0', '0', '0', '0', '0', '\x00\x00\x00\x00\x02{\x00\x00\x00\x00', '\n\x00\x00\x00\x00\x00\x00\x00\x00\x00', '0', '12320', '2021-03-02 14:02:07')
2021-03-02  14:02:07 Tue root INFO 成功添加数据
2021-03-02  14:02:07 Tue root INFO mes_plc_r5
2021-03-02  14:02:08 Tue root INFO 读取插入数据库数据：{'product_type': '\n\x00\x00\x00\x00\x00\x00\x00\x00\x00', 'r1_equipment_status': '2560', 'fail_code': '0', 'recerve': '0', 'prod_num': 0, 'r1_rob_no': '0', 'r1_weld_line_no': '0', 'r1_electric': '1.8870057723865944e-24', 'r1_voltage': '0.0', 'r1_speed': '0.0', 'r1_job': '17203', 'r2_rob_no': '-569', 'r2_weld_line_no': '16726', 'r2_electric': '-20266876928.0', 'r2_voltage': '0.0', 'r2_speed': '0.0', 'r2_job': '17203', 'replace_status': '31782', 'part_status': '16726', 'r1_protective_gas': '-31099', 'r1_welding_wire': '0', 'r2_protective_gas': '0', 'r2_welding_wire': '0', 'login_id': '\x00\x00\x00\x00\x00\x00\x00\x00\x00\x00', 'login_password': '\n\x00\x00\x00\x00\x00\x00\x00\x00\x00'}
2021-03-02  14:02:08 Tue root INFO ('\n\x00\x00\x00\x00\x00\x00\x00\x00\x00', '2560', '0', 0, '0', '0', '1.8870057723865944e-24', '0.0', '0.0', '17203', '-569', '16726', '-20266876928.0', '0.0', '0.0', '17203', '31782', '-31099', '0', '0', '0', '\x00\x00\x00\x00\x00\x00\x00\x00\x00\x00', '\n\x00\x00\x00\x00\x00\x00\x00\x00\x00', '16726', '0', '2021-03-02 14:02:08')
2021-03-02  14:02:08 Tue root INFO 成功添加数据
2021-03-02  14:02:08 Tue root INFO mes_plc_r6
2021-03-02  14:02:08 Tue root INFO 读取插入数据库数据：{'product_type': '\n\x00\x00\x00\x00\x00\x00\x00\x00\x00', 'r1_equipment_status': '2560', 'fail_code': '0', 'recerve': '0', 'prod_num': 0, 'r1_rob_no': '0', 'r1_weld_line_no': '0', 'r1_electric': '0.0', 'r1_voltage': '9.183815862507343e-40', 'r1_speed': '0.0', 'r1_job': '0', 'r2_rob_no': '0', 'r2_weld_line_no': '0', 'r2_electric': '0.0', 'r2_voltage': '0.0', 'r2_speed': '0.0', 'r2_job': '0', 'replace_status': '0', 'part_status': '0', 'r1_protective_gas': '0', 'r1_welding_wire': '0', 'r2_protective_gas': '0', 'r2_welding_wire': '0', 'login_id': '\x00\x00\x00\x00\x00\x00\x00\x00\x00\x00', 'login_password': '\n\x00\x00\x00\x00\x00\x00\x00\x00\x00'}
2021-03-02  14:02:08 Tue root INFO ('\n\x00\x00\x00\x00\x00\x00\x00\x00\x00', '2560', '0', 0, '0', '0', '0.0', '9.183815862507343e-40', '0.0', '0', '0', '0', '0.0', '0.0', '0.0', '0', '0', '0', '0', '0', '0', '\x00\x00\x00\x00\x00\x00\x00\x00\x00\x00', '\n\x00\x00\x00\x00\x00\x00\x00\x00\x00', '0', '0', '2021-03-02 14:02:08')
2021-03-02  14:02:08 Tue root INFO 成功添加数据
2021-03-02  14:03:29 Tue root INFO PLC1连接失败
2021-03-02  14:03:29 Tue root INFO plc连接状态:[0, 1, 1, 1, 1, 1]
2021-03-02  14:03:29 Tue root INFO mes_plc_r2
2021-03-02  14:03:29 Tue root INFO 读取插入数据库数据：{'product_type': '\n\x07250 TJ1\x00', 'r1_equipment_status': '2567', 'fail_code': '12853', 'recerve': '12320', 'prod_num': 21578, 'r1_rob_no': '12800', 'r1_weld_line_no': '0', 'r1_electric': '1.4843280748348423e-26', 'r1_voltage': '3.3070643758065683e-43', 'r1_speed': '3.6734198463196485e-40', 'r1_job': '17205', 'r2_rob_no': '-27345', 'r2_weld_line_no': '16722', 'r2_electric': '1.033631575770508e+26', 'r2_voltage': '0.0', 'r2_speed': '9.550891600431086e-39', 'r2_job': '0', 'replace_status': '0', 'part_status': '0', 'r1_protective_gas': '0', 'r1_welding_wire': '0', 'r2_protective_gas': '0', 'r2_welding_wire': '0', 'login_id': '\x00\x00\x00\x00\x010\x00\x00\x00\x00', 'login_password': '\n\x00\x00\x00\x00\x00\x00\x00\x00\x00'}
2021-03-02  14:03:29 Tue root INFO ('\n\x07250 TJ1\x00', '2567', '12853', 21578, '12800', '0', '1.4843280748348423e-26', '3.3070643758065683e-43', '3.6734198463196485e-40', '17205', '-27345', '16722', '1.033631575770508e+26', '0.0', '9.550891600431086e-39', '0', '0', '0', '0', '0', '0', '\x00\x00\x00\x00\x010\x00\x00\x00\x00', '\n\x00\x00\x00\x00\x00\x00\x00\x00\x00', '0', '12320', '2021-03-02 14:03:29')
2021-03-02  14:03:30 Tue root INFO 成功添加数据
2021-03-02  14:03:30 Tue root INFO mes_plc_r3
2021-03-02  14:03:30 Tue root INFO 读取插入数据库数据：{'product_type': '\n\x07250 TJ3\x00', 'r1_equipment_status': '2567', 'fail_code': '12853', 'recerve': '12320', 'prod_num': 21578, 'r1_rob_no': '13312', 'r1_weld_line_no': '0', 'r1_electric': '5.335345243225789e-23', 'r1_voltage': '3.363116314379561e-43', 'r1_speed': '3.6734198463196485e-40', 'r1_job': '17207', 'r2_rob_no': '-4817', 'r2_weld_line_no': '16733', 'r2_electric': '-1.1736135598609718e-34', 'r2_voltage': '0.0', 'r2_speed': '9.550891600431086e-39', 'r2_job': '0', 'replace_status': '0', 'part_status': '0', 'r1_protective_gas': '0', 'r1_welding_wire': '0', 'r2_protective_gas': '0', 'r2_welding_wire': '0', 'login_password': '\n\x00\x00\x00\x00\x00\x00\x00\x00\x00'}
2021-03-02  14:03:30 Tue root ERROR 读取插入数据库失败错误: 'login_id'
2021-03-02  14:03:30 Tue root INFO mes_plc_r4
2021-03-02  14:03:30 Tue root INFO 读取插入数据库数据：{'product_type': '\n\x07250 PCB\x00', 'r1_equipment_status': '2567', 'fail_code': '12853', 'recerve': '12320', 'prod_num': 23130, 'r1_rob_no': '18944', 'r1_weld_line_no': '0', 'r1_electric': '4.23518897007851e-22', 'r1_voltage': '1.401298464324817e-44', 'r1_speed': '3.6734198463196485e-40', 'r1_job': '17207', 'r2_rob_no': '15208', 'r2_weld_line_no': '16722', 'r2_electric': '1.221601398924247e+17', 'r2_voltage': '0.0', 'r2_speed': '9.550891600431086e-39', 'r2_job': '0', 'replace_status': '0', 'part_status': '0', 'r1_protective_gas': '0', 'r1_welding_wire': '0', 'r2_protective_gas': '0', 'r2_welding_wire': '0', 'login_password': '\n\x00\x00\x00\x00\x00\x00\x00\x00\x00'}
2021-03-02  14:03:30 Tue root ERROR 读取插入数据库失败错误: 'login_id'
2021-03-02  14:03:30 Tue root INFO mes_plc_r5
2021-03-02  14:03:30 Tue root INFO 读取插入数据库数据：{'product_type': '\n\x00\x00\x00\x00\x00\x00\x00\x00\x00', 'r1_equipment_status': '2560', 'fail_code': '0', 'recerve': '0', 'prod_num': 0, 'r1_rob_no': '0', 'r1_weld_line_no': '0', 'r1_electric': '1.8870057723865944e-24', 'r1_voltage': '0.0', 'r1_speed': '0.0', 'r1_job': '17204', 'r2_rob_no': '379', 'r2_weld_line_no': '16727', 'r2_electric': '5.573319583618286e-14', 'r2_voltage': '0.0', 'r2_speed': '0.0', 'r2_job': '17203', 'replace_status': '28937', 'part_status': '16726', 'r1_protective_gas': '26852', 'r1_welding_wire': '0', 'r2_protective_gas': '0', 'r2_welding_wire': '0', 'login_id': '\x00\x00\x00\x00\x00\x00\x00\x00\x00\x00', 'login_password': '\n\x00\x00\x00\x00\x00\x00\x00\x00\x00'}
2021-03-02  14:03:30 Tue root INFO ('\n\x00\x00\x00\x00\x00\x00\x00\x00\x00', '2560', '0', 0, '0', '0', '1.8870057723865944e-24', '0.0', '0.0', '17204', '379', '16727', '5.573319583618286e-14', '0.0', '0.0', '17203', '28937', '26852', '0', '0', '0', '\x00\x00\x00\x00\x00\x00\x00\x00\x00\x00', '\n\x00\x00\x00\x00\x00\x00\x00\x00\x00', '16726', '0', '2021-03-02 14:03:30')
2021-03-02  14:03:30 Tue root INFO 成功添加数据
2021-03-02  14:03:30 Tue root INFO mes_plc_r6
2021-03-02  14:03:31 Tue root INFO 读取插入数据库数据：{'product_type': '\n\x00\x00\x00\x00\x00\x00\x00\x00\x00', 'r1_equipment_status': '2560', 'fail_code': '0', 'recerve': '0', 'prod_num': 0, 'r1_rob_no': '0', 'r1_weld_line_no': '0', 'r1_electric': '0.0', 'r1_voltage': '9.183815862507343e-40', 'r1_speed': '0.0', 'r1_job': '0', 'r2_rob_no': '0', 'r2_weld_line_no': '0', 'r2_electric': '0.0', 'r2_voltage': '0.0', 'r2_speed': '0.0', 'r2_job': '0', 'replace_status': '0', 'part_status': '0', 'r1_protective_gas': '0', 'r1_welding_wire': '0', 'r2_protective_gas': '0', 'r2_welding_wire': '0', 'login_id': '\x00\x00\x00\x00\x00\x00\x00\x00\x00\x00', 'login_password': '\n\x00\x00\x00\x00\x00\x00\x00\x00\x00'}
2021-03-02  14:03:31 Tue root INFO ('\n\x00\x00\x00\x00\x00\x00\x00\x00\x00', '2560', '0', 0, '0', '0', '0.0', '9.183815862507343e-40', '0.0', '0', '0', '0', '0.0', '0.0', '0.0', '0', '0', '0', '0', '0', '0', '\x00\x00\x00\x00\x00\x00\x00\x00\x00\x00', '\n\x00\x00\x00\x00\x00\x00\x00\x00\x00', '0', '0', '2021-03-02 14:03:31')
2021-03-02  14:03:31 Tue root INFO 成功添加数据
2021-03-02  14:04:52 Tue root INFO PLC1连接失败
2021-03-02  14:04:52 Tue root INFO plc连接状态:[0, 1, 1, 1, 1, 1]
2021-03-02  14:04:52 Tue root INFO mes_plc_r2
2021-03-02  14:04:52 Tue root INFO 读取插入数据库数据：{'product_type': '\n\x07250 TJ1\x00', 'r1_equipment_status': '2567', 'fail_code': '12853', 'recerve': '12320', 'prod_num': 21578, 'r1_rob_no': '12800', 'r1_weld_line_no': '0', 'r1_electric': '1.4843280748348423e-26', 'r1_voltage': '3.3070643758065683e-43', 'r1_speed': '3.6734198463196485e-40', 'r1_job': '17205', 'r2_rob_no': '-25448', 'r2_weld_line_no': '16722', 'r2_electric': '3.139666402779627e-28', 'r2_voltage': '0.0', 'r2_speed': '9.550891600431086e-39', 'r2_job': '0', 'replace_status': '0', 'part_status': '0', 'r1_protective_gas': '0', 'r1_welding_wire': '0', 'r2_protective_gas': '0', 'r2_welding_wire': '0', 'login_id': '\x00\x00\x00\x00\x010\x00\x00\x00\x00', 'login_password': '\n\x00\x00\x00\x00\x00\x00\x00\x00\x00'}
2021-03-02  14:04:52 Tue root INFO ('\n\x07250 TJ1\x00', '2567', '12853', 21578, '12800', '0', '1.4843280748348423e-26', '3.3070643758065683e-43', '3.6734198463196485e-40', '17205', '-25448', '16722', '3.139666402779627e-28', '0.0', '9.550891600431086e-39', '0', '0', '0', '0', '0', '0', '\x00\x00\x00\x00\x010\x00\x00\x00\x00', '\n\x00\x00\x00\x00\x00\x00\x00\x00\x00', '0', '12320', '2021-03-02 14:04:52')
2021-03-02  14:04:52 Tue root INFO 成功添加数据
2021-03-02  14:04:52 Tue root INFO mes_plc_r3
2021-03-02  14:04:52 Tue root INFO 读取插入数据库数据：{'product_type': '\n\x07250 TJ3\x00', 'r1_equipment_status': '2567', 'fail_code': '12853', 'recerve': '12320', 'prod_num': 21578, 'r1_rob_no': '13312', 'r1_weld_line_no': '0', 'r1_electric': '9.727692471237622e-22', 'r1_voltage': '3.363116314379561e-43', 'r1_speed': '3.6734198463196485e-40', 'r1_job': '17207', 'r2_rob_no': '-7661', 'r2_weld_line_no': '16733', 'r2_electric': '-3.2186441021419887e+28', 'r2_voltage': '0.0', 'r2_speed': '9.550891600431086e-39', 'r2_job': '0', 'replace_status': '0', 'part_status': '0', 'r1_protective_gas': '0', 'r1_welding_wire': '0', 'r2_protective_gas': '0', 'r2_welding_wire': '0', 'login_password': '\n\x00\x00\x00\x00\x00\x00\x00\x00\x00'}
2021-03-02  14:04:52 Tue root ERROR 读取插入数据库失败错误: 'login_id'
2021-03-02  14:04:52 Tue root INFO mes_plc_r4
2021-03-02  14:04:52 Tue root INFO 读取插入数据库数据：{'product_type': '\n\x07250 PCB\x00', 'r1_equipment_status': '2567', 'fail_code': '12853', 'recerve': '12320', 'prod_num': 23130, 'r1_rob_no': '18944', 'r1_weld_line_no': '0', 'r1_electric': '4.23518897007851e-22', 'r1_voltage': '1.401298464324817e-44', 'r1_speed': '3.6734198463196485e-40', 'r1_job': '17207', 'r2_rob_no': '15208', 'r2_weld_line_no': '16722', 'r2_electric': '1.033631575770508e+26', 'r2_voltage': '0.0', 'r2_speed': '9.550891600431086e-39', 'r2_job': '0', 'replace_status': '0', 'part_status': '0', 'r1_protective_gas': '0', 'r1_welding_wire': '0', 'r2_protective_gas': '0', 'r2_welding_wire': '0', 'login_password': '\n\x00\x00\x00\x00\x00\x00\x00\x00\x00'}
2021-03-02  14:04:52 Tue root ERROR 读取插入数据库失败错误: 'login_id'
2021-03-02  14:04:52 Tue root INFO mes_plc_r5
2021-03-02  14:04:53 Tue root INFO 读取插入数据库数据：{'product_type': '\n\x00\x00\x00\x00\x00\x00\x00\x00\x00', 'r1_equipment_status': '2560', 'fail_code': '0', 'recerve': '0', 'prod_num': 0, 'r1_rob_no': '0', 'r1_weld_line_no': '0', 'r1_electric': '1.8870057723865944e-24', 'r1_voltage': '0.0', 'r1_speed': '0.0', 'r1_job': '17203', 'r2_rob_no': '-569', 'r2_weld_line_no': '16727', 'r2_electric': '5.573319583618286e-14', 'r2_voltage': '0.0', 'r2_speed': '0.0', 'r2_job': '17203', 'replace_status': '28937', 'part_status': '16726', 'r1_protective_gas': '30644', 'r1_welding_wire': '0', 'r2_protective_gas': '0', 'r2_welding_wire': '0', 'login_id': '\x00\x00\x00\x00\x00\x00\x00\x00\x00\x00', 'login_password': '\n\x00\x00\x00\x00\x00\x00\x00\x00\x00'}
2021-03-02  14:04:53 Tue root INFO ('\n\x00\x00\x00\x00\x00\x00\x00\x00\x00', '2560', '0', 0, '0', '0', '1.8870057723865944e-24', '0.0', '0.0', '17203', '-569', '16727', '5.573319583618286e-14', '0.0', '0.0', '17203', '28937', '30644', '0', '0', '0', '\x00\x00\x00\x00\x00\x00\x00\x00\x00\x00', '\n\x00\x00\x00\x00\x00\x00\x00\x00\x00', '16726', '0', '2021-03-02 14:04:53')
2021-03-02  14:04:53 Tue root INFO 成功添加数据
2021-03-02  14:04:53 Tue root INFO mes_plc_r6
2021-03-02  14:04:53 Tue root INFO 读取插入数据库数据：{'product_type': '\n\x00\x00\x00\x00\x00\x00\x00\x00\x00', 'r1_equipment_status': '2560', 'fail_code': '0', 'recerve': '0', 'prod_num': 0, 'r1_rob_no': '0', 'r1_weld_line_no': '0', 'r1_electric': '0.0', 'r1_voltage': '9.183815862507343e-40', 'r1_speed': '0.0', 'r1_job': '0', 'r2_rob_no': '0', 'r2_weld_line_no': '0', 'r2_electric': '0.0', 'r2_voltage': '0.0', 'r2_speed': '0.0', 'r2_job': '0', 'replace_status': '0', 'part_status': '0', 'r1_protective_gas': '0', 'r1_welding_wire': '0', 'r2_protective_gas': '0', 'r2_welding_wire': '0', 'login_id': '\x00\x00\x00\x00\x00\x00\x00\x00\x00\x00', 'login_password': '\n\x00\x00\x00\x00\x00\x00\x00\x00\x00'}
2021-03-02  14:04:53 Tue root INFO ('\n\x00\x00\x00\x00\x00\x00\x00\x00\x00', '2560', '0', 0, '0', '0', '0.0', '9.183815862507343e-40', '0.0', '0', '0', '0', '0.0', '0.0', '0.0', '0', '0', '0', '0', '0', '0', '\x00\x00\x00\x00\x00\x00\x00\x00\x00\x00', '\n\x00\x00\x00\x00\x00\x00\x00\x00\x00', '0', '0', '2021-03-02 14:04:53')
2021-03-02  14:04:53 Tue root INFO 成功添加数据
2021-03-02  14:06:14 Tue root INFO PLC1连接失败
2021-03-02  14:06:14 Tue root INFO plc连接状态:[0, 1, 1, 1, 1, 1]
2021-03-02  14:06:14 Tue root INFO mes_plc_r2
2021-03-02  14:06:14 Tue root INFO 读取插入数据库数据：{'product_type': '\n\x07250 TJ1\x00', 'r1_equipment_status': '2567', 'fail_code': '12853', 'recerve': '12320', 'prod_num': 21578, 'r1_rob_no': '12800', 'r1_weld_line_no': '0', 'r1_electric': '1.4843280748348423e-26', 'r1_voltage': '3.3070643758065683e-43', 'r1_speed': '3.6734198463196485e-40', 'r1_job': '17205', 'r2_rob_no': '-26397', 'r2_weld_line_no': '16722', 'r2_electric': '0.1806640625', 'r2_voltage': '0.0', 'r2_speed': '9.550891600431086e-39', 'r2_job': '0', 'replace_status': '0', 'part_status': '0', 'r1_protective_gas': '0', 'r1_welding_wire': '0', 'r2_protective_gas': '0', 'r2_welding_wire': '0', 'login_id': '\x00\x00\x00\x00\x010\x00\x00\x00\x00', 'login_password': '\n\x00\x00\x00\x00\x00\x00\x00\x00\x00'}
2021-03-02  14:06:14 Tue root INFO ('\n\x07250 TJ1\x00', '2567', '12853', 21578, '12800', '0', '1.4843280748348423e-26', '3.3070643758065683e-43', '3.6734198463196485e-40', '17205', '-26397', '16722', '0.1806640625', '0.0', '9.550891600431086e-39', '0', '0', '0', '0', '0', '0', '\x00\x00\x00\x00\x010\x00\x00\x00\x00', '\n\x00\x00\x00\x00\x00\x00\x00\x00\x00', '0', '12320', '2021-03-02 14:06:14')
2021-03-02  14:06:14 Tue root INFO 成功添加数据
2021-03-02  14:06:14 Tue root INFO mes_plc_r3
2021-03-02  14:06:15 Tue root INFO 读取插入数据库数据：{'product_type': '\n\x07250 TJ3\x00', 'r1_equipment_status': '2567', 'fail_code': '12853', 'recerve': '12320', 'prod_num': 21578, 'r1_rob_no': '13312', 'r1_weld_line_no': '0', 'r1_electric': '9.727692471237622e-22', 'r1_voltage': '3.363116314379561e-43', 'r1_speed': '3.6734198463196485e-40', 'r1_job': '17207', 'r2_rob_no': '-7661', 'r2_weld_line_no': '16733', 'r2_electric': '1.6550446236579763e+34', 'r2_voltage': '0.0', 'r2_speed': '9.550891600431086e-39', 'r2_job': '0', 'replace_status': '0', 'part_status': '0', 'r1_protective_gas': '0', 'r1_welding_wire': '0', 'r2_protective_gas': '0', 'r2_welding_wire': '0', 'login_password': '\n\x00\x00\x00\x00\x00\x00\x00\x00\x00'}
2021-03-02  14:06:15 Tue root ERROR 读取插入数据库失败错误: 'login_id'
2021-03-02  14:06:15 Tue root INFO mes_plc_r4
2021-03-02  14:06:15 Tue root INFO 读取插入数据库数据：{'product_type': '\n\x07250 PCB\x00', 'r1_equipment_status': '2567', 'fail_code': '12853', 'recerve': '12320', 'prod_num': 23130, 'r1_rob_no': '18944', 'r1_weld_line_no': '0', 'r1_electric': '6.385858562716382e-22', 'r1_voltage': '1.401298464324817e-44', 'r1_speed': '3.6734198463196485e-40', 'r1_job': '17207', 'r2_rob_no': '8571', 'r2_weld_line_no': '17133', 'r2_electric': '2.4375050858650954e-34', 'r2_voltage': '0.0', 'r2_speed': '9.550891600431086e-39', 'r2_job': '0', 'replace_status': '0', 'part_status': '0', 'r1_protective_gas': '0', 'r1_welding_wire': '0', 'r2_protective_gas': '0', 'r2_welding_wire': '0', 'login_password': '\n\x00\x00\x00\x00\x00\x00\x00\x00\x00'}
2021-03-02  14:06:15 Tue root ERROR 读取插入数据库失败错误: 'login_id'
2021-03-02  14:06:15 Tue root INFO mes_plc_r5
2021-03-02  14:06:15 Tue root INFO 读取插入数据库数据：{'product_type': '\n\x00\x00\x00\x00\x00\x00\x00\x00\x00', 'r1_equipment_status': '2560', 'fail_code': '0', 'recerve': '0', 'prod_num': 0, 'r1_rob_no': '0', 'r1_weld_line_no': '0', 'r1_electric': '1.8870057723865944e-24', 'r1_voltage': '0.0', 'r1_speed': '0.0', 'r1_job': '17203', 'r2_rob_no': '-569', 'r2_weld_line_no': '16726', 'r2_electric': '-4.301500743989133e-26', 'r2_voltage': '0.0', 'r2_speed': '0.0', 'r2_job': '17203', 'replace_status': '28937', 'part_status': '16726', 'r1_protective_gas': '-31099', 'r1_welding_wire': '0', 'r2_protective_gas': '0', 'r2_welding_wire': '0', 'login_id': '\x00\x00\x00\x00\x00\x00\x00\x00\x00\x00', 'login_password': '\n\x00\x00\x00\x00\x00\x00\x00\x00\x00'}
2021-03-02  14:06:15 Tue root INFO ('\n\x00\x00\x00\x00\x00\x00\x00\x00\x00', '2560', '0', 0, '0', '0', '1.8870057723865944e-24', '0.0', '0.0', '17203', '-569', '16726', '-4.301500743989133e-26', '0.0', '0.0', '17203', '28937', '-31099', '0', '0', '0', '\x00\x00\x00\x00\x00\x00\x00\x00\x00\x00', '\n\x00\x00\x00\x00\x00\x00\x00\x00\x00', '16726', '0', '2021-03-02 14:06:15')
2021-03-02  14:06:15 Tue root INFO 成功添加数据
2021-03-02  14:06:15 Tue root INFO mes_plc_r6
2021-03-02  14:06:16 Tue root INFO 读取插入数据库数据：{'product_type': '\n\x00\x00\x00\x00\x00\x00\x00\x00\x00', 'r1_equipment_status': '2560', 'fail_code': '0', 'recerve': '0', 'prod_num': 0, 'r1_rob_no': '0', 'r1_weld_line_no': '0', 'r1_electric': '0.0', 'r1_voltage': '9.183815862507343e-40', 'r1_speed': '0.0', 'r1_job': '0', 'r2_rob_no': '0', 'r2_weld_line_no': '0', 'r2_electric': '0.0', 'r2_voltage': '0.0', 'r2_speed': '0.0', 'r2_job': '0', 'replace_status': '0', 'part_status': '0', 'r1_protective_gas': '0', 'r1_welding_wire': '0', 'r2_protective_gas': '0', 'r2_welding_wire': '0', 'login_id': '\x00\x00\x00\x00\x00\x00\x00\x00\x00\x00', 'login_password': '\n\x00\x00\x00\x00\x00\x00\x00\x00\x00'}
2021-03-02  14:06:16 Tue root INFO ('\n\x00\x00\x00\x00\x00\x00\x00\x00\x00', '2560', '0', 0, '0', '0', '0.0', '9.183815862507343e-40', '0.0', '0', '0', '0', '0.0', '0.0', '0.0', '0', '0', '0', '0', '0', '0', '\x00\x00\x00\x00\x00\x00\x00\x00\x00\x00', '\n\x00\x00\x00\x00\x00\x00\x00\x00\x00', '0', '0', '2021-03-02 14:06:16')
2021-03-02  14:06:16 Tue root INFO 成功添加数据
2021-03-02  14:07:37 Tue root INFO PLC1连接失败
2021-03-02  14:07:37 Tue root INFO plc连接状态:[0, 1, 1, 1, 1, 1]
2021-03-02  14:07:37 Tue root INFO mes_plc_r2
2021-03-02  14:07:37 Tue root INFO 读取插入数据库数据：{'product_type': '\n\x07250 TJ1\x00', 'r1_equipment_status': '2567', 'fail_code': '12853', 'recerve': '12320', 'prod_num': 21578, 'r1_rob_no': '12800', 'r1_weld_line_no': '0', 'r1_electric': '1.4843280748348423e-26', 'r1_voltage': '3.3070643758065683e-43', 'r1_speed': '3.6734198463196485e-40', 'r1_job': '17205', 'r2_rob_no': '-26397', 'r2_weld_line_no': '16722', 'r2_electric': '2.1191226551309228e-10', 'r2_voltage': '0.0', 'r2_speed': '9.550891600431086e-39', 'r2_job': '0', 'replace_status': '0', 'part_status': '0', 'r1_protective_gas': '0', 'r1_welding_wire': '0', 'r2_protective_gas': '0', 'r2_welding_wire': '0', 'login_id': '\x00\x00\x00\x00\x010\x00\x00\x00\x00', 'login_password': '\n\x00\x00\x00\x00\x00\x00\x00\x00\x00'}
2021-03-02  14:07:37 Tue root INFO ('\n\x07250 TJ1\x00', '2567', '12853', 21578, '12800', '0', '1.4843280748348423e-26', '3.3070643758065683e-43', '3.6734198463196485e-40', '17205', '-26397', '16722', '2.1191226551309228e-10', '0.0', '9.550891600431086e-39', '0', '0', '0', '0', '0', '0', '\x00\x00\x00\x00\x010\x00\x00\x00\x00', '\n\x00\x00\x00\x00\x00\x00\x00\x00\x00', '0', '12320', '2021-03-02 14:07:37')
2021-03-02  14:07:37 Tue root INFO 成功添加数据
2021-03-02  14:07:37 Tue root INFO mes_plc_r3
2021-03-02  14:07:37 Tue root INFO 读取插入数据库数据：{'product_type': '\n\x07250 TJ3\x00', 'r1_equipment_status': '2567', 'fail_code': '12853', 'recerve': '12320', 'prod_num': 21578, 'r1_rob_no': '13312', 'r1_weld_line_no': '0', 'r1_electric': '9.727692471237622e-22', 'r1_voltage': '3.377129299022809e-43', 'r1_speed': '3.6734198463196485e-40', 'r1_job': '17207', 'r2_rob_no': '-15246', 'r2_weld_line_no': '16734', 'r2_electric': '0.0001087188720703125', 'r2_voltage': '0.0', 'r2_speed': '9.550891600431086e-39', 'r2_job': '0', 'replace_status': '0', 'part_status': '0', 'r1_protective_gas': '0', 'r1_welding_wire': '0', 'r2_protective_gas': '0', 'r2_welding_wire': '0', 'login_password': '\n\x00\x00\x00\x00\x00\x00\x00\x00\x00'}
2021-03-02  14:07:37 Tue root ERROR 读取插入数据库失败错误: 'login_id'
2021-03-02  14:07:37 Tue root INFO mes_plc_r4
2021-03-02  14:07:38 Tue root INFO 读取插入数据库数据：{'product_type': '\n\x07250 PCB\x00', 'r1_equipment_status': '2567', 'fail_code': '12853', 'recerve': '12320', 'prod_num': 23130, 'r1_rob_no': '18944', 'r1_weld_line_no': '0', 'r1_electric': '6.079807794523514e-23', 'r1_voltage': '1.5414283107572988e-44', 'r1_speed': '3.6734198463196485e-40', 'r1_job': '17207', 'r2_rob_no': '12364', 'r2_weld_line_no': '17133', 'r2_electric': '-4.7055190280471875e+33', 'r2_voltage': '0.0', 'r2_speed': '9.550891600431086e-39', 'r2_job': '0', 'replace_status': '0', 'part_status': '0', 'r1_protective_gas': '0', 'r1_welding_wire': '0', 'r2_protective_gas': '0', 'r2_welding_wire': '0', 'login_id': '\x00\x00\x00\x00\x03\x03\x00\x00\x00\x00', 'login_password': '\n\x00\x00\x00\x00\x00\x00\x00\x00\x00'}
2021-03-02  14:07:38 Tue root INFO ('\n\x07250 PCB\x00', '2567', '12853', 23130, '18944', '0', '6.079807794523514e-23', '1.5414283107572988e-44', '3.6734198463196485e-40', '17207', '12364', '17133', '-4.7055190280471875e+33', '0.0', '9.550891600431086e-39', '0', '0', '0', '0', '0', '0', '\x00\x00\x00\x00\x03\x03\x00\x00\x00\x00', '\n\x00\x00\x00\x00\x00\x00\x00\x00\x00', '0', '12320', '2021-03-02 14:07:38')
2021-03-02  14:07:38 Tue root INFO 成功添加数据
2021-03-02  14:07:38 Tue root INFO mes_plc_r5
2021-03-02  14:07:38 Tue root INFO 读取插入数据库数据：{'product_type': '\n\x00\x00\x00\x00\x00\x00\x00\x00\x00', 'r1_equipment_status': '2560', 'fail_code': '0', 'recerve': '0', 'prod_num': 0, 'r1_rob_no': '0', 'r1_weld_line_no': '0', 'r1_electric': '1.8870057723865944e-24', 'r1_voltage': '0.0', 'r1_speed': '0.0', 'r1_job': '17203', 'r2_rob_no': '-5310', 'r2_weld_line_no': '16726', 'r2_electric': '-24.875', 'r2_voltage': '0.0', 'r2_speed': '0.0', 'r2_job': '17203', 'replace_status': '27990', 'part_status': '16726', 'r1_protective_gas': '-31099', 'r1_welding_wire': '0', 'r2_protective_gas': '0', 'r2_welding_wire': '0', 'login_id': '\x00\x00\x00\x00\x00\x00\x00\x00\x00\x00', 'login_password': '\n\x00\x00\x00\x00\x00\x00\x00\x00\x00'}
2021-03-02  14:07:38 Tue root INFO ('\n\x00\x00\x00\x00\x00\x00\x00\x00\x00', '2560', '0', 0, '0', '0', '1.8870057723865944e-24', '0.0', '0.0', '17203', '-5310', '16726', '-24.875', '0.0', '0.0', '17203', '27990', '-31099', '0', '0', '0', '\x00\x00\x00\x00\x00\x00\x00\x00\x00\x00', '\n\x00\x00\x00\x00\x00\x00\x00\x00\x00', '16726', '0', '2021-03-02 14:07:38')
2021-03-02  14:07:38 Tue root INFO 成功添加数据
2021-03-02  14:07:38 Tue root INFO mes_plc_r6
2021-03-02  14:07:38 Tue root INFO 读取插入数据库数据：{'product_type': '\n\x00\x00\x00\x00\x00\x00\x00\x00\x00', 'r1_equipment_status': '2560', 'fail_code': '0', 'recerve': '0', 'prod_num': 0, 'r1_rob_no': '0', 'r1_weld_line_no': '0', 'r1_electric': '0.0', 'r1_voltage': '9.183815862507343e-40', 'r1_speed': '0.0', 'r1_job': '0', 'r2_rob_no': '0', 'r2_weld_line_no': '0', 'r2_electric': '0.0', 'r2_voltage': '0.0', 'r2_speed': '0.0', 'r2_job': '0', 'replace_status': '0', 'part_status': '0', 'r1_protective_gas': '0', 'r1_welding_wire': '0', 'r2_protective_gas': '0', 'r2_welding_wire': '0', 'login_id': '\x00\x00\x00\x00\x00\x00\x00\x00\x00\x00', 'login_password': '\n\x00\x00\x00\x00\x00\x00\x00\x00\x00'}
2021-03-02  14:07:38 Tue root INFO ('\n\x00\x00\x00\x00\x00\x00\x00\x00\x00', '2560', '0', 0, '0', '0', '0.0', '9.183815862507343e-40', '0.0', '0', '0', '0', '0.0', '0.0', '0.0', '0', '0', '0', '0', '0', '0', '\x00\x00\x00\x00\x00\x00\x00\x00\x00\x00', '\n\x00\x00\x00\x00\x00\x00\x00\x00\x00', '0', '0', '2021-03-02 14:07:38')
2021-03-02  14:07:38 Tue root INFO 成功添加数据
2021-03-02  14:08:59 Tue root INFO PLC1连接失败
2021-03-02  14:08:59 Tue root INFO plc连接状态:[0, 1, 1, 1, 1, 1]
2021-03-02  14:08:59 Tue root INFO mes_plc_r2
2021-03-02  14:09:00 Tue root INFO 读取插入数据库数据：{'product_type': '\n\x00\x00\x00\x00\x00\x00\x00\x00\x00', 'r1_equipment_status': '4737', 'fail_code': '48', 'recerve': '0', 'prod_num': 237, 'r1_rob_no': '0', 'r1_weld_line_no': '0', 'r1_electric': '181.5393524169922', 'r1_voltage': '-9.85243034362793', 'r1_speed': '0.0', 'r1_job': '0', 'r2_rob_no': '104', 'r2_weld_line_no': '0', 'r2_electric': '0.0', 'r2_voltage': '0.0', 'r2_speed': '0.0', 'r2_job': '0', 'replace_status': '0', 'part_status': '0', 'r1_protective_gas': '307', 'r1_welding_wire': '0', 'r2_protective_gas': '0', 'r2_welding_wire': '0', 'login_id': '\n\x00\x00\x00\x00\x00\x00\x00\x00\x00', 'login_password': '\n\x00\x00\x00\x00\x00\x00\x00\x00\x00'}
2021-03-02  14:09:00 Tue root INFO ('\n\x00\x00\x00\x00\x00\x00\x00\x00\x00', '4737', '48', 237, '0', '0', '181.5393524169922', '-9.85243034362793', '0.0', '0', '104', '0', '0.0', '0.0', '0.0', '0', '0', '307', '0', '0', '0', '\n\x00\x00\x00\x00\x00\x00\x00\x00\x00', '\n\x00\x00\x00\x00\x00\x00\x00\x00\x00', '0', '0', '2021-03-02 14:09:00')
2021-03-02  14:09:00 Tue root INFO 成功添加数据
2021-03-02  14:09:00 Tue root INFO mes_plc_r3
2021-03-02  14:09:00 Tue root INFO 读取插入数据库数据：{'product_type': '\n\x07250 TJ3\x00', 'r1_equipment_status': '2567', 'fail_code': '12853', 'recerve': '12320', 'prod_num': 21578, 'r1_rob_no': '13312', 'r1_weld_line_no': '0', 'r1_electric': '5.335345243225789e-23', 'r1_voltage': '3.377129299022809e-43', 'r1_speed': '3.6734198463196485e-40', 'r1_job': '17207', 'r2_rob_no': '-19039', 'r2_weld_line_no': '16734', 'r2_electric': '-2.6916866914644546e+37', 'r2_voltage': '0.0', 'r2_speed': '9.550891600431086e-39', 'r2_job': '0', 'replace_status': '0', 'part_status': '0', 'r1_protective_gas': '0', 'r1_welding_wire': '0', 'r2_protective_gas': '0', 'r2_welding_wire': '0', 'login_password': '\n\x00\x00\x00\x00\x00\x00\x00\x00\x00'}
2021-03-02  14:09:00 Tue root ERROR 读取插入数据库失败错误: 'login_id'
2021-03-02  14:09:00 Tue root INFO mes_plc_r4
2021-03-02  14:09:00 Tue root INFO 读取插入数据库数据：{'product_type': '\n\x07250 PCB\x00', 'r1_equipment_status': '2567', 'fail_code': '12853', 'recerve': '12320', 'prod_num': 23130, 'r1_rob_no': '18944', 'r1_weld_line_no': '0', 'r1_electric': '9.727692471237622e-22', 'r1_voltage': '1.5414283107572988e-44', 'r1_speed': '3.6734198463196485e-40', 'r1_job': '17207', 'r2_rob_no': '8571', 'r2_weld_line_no': '16722', 'r2_electric': '-6.138901697734314e-34', 'r2_voltage': '0.0', 'r2_speed': '9.550891600431086e-39', 'r2_job': '0', 'replace_status': '0', 'part_status': '0', 'r1_protective_gas': '0', 'r1_welding_wire': '0', 'r2_protective_gas': '0', 'r2_welding_wire': '0', 'login_id': '\x00\x00\x00\x00\x03\x08\x00\x00\x00\x00', 'login_password': '\n\x00\x00\x00\x00\x00\x00\x00\x00\x00'}
2021-03-02  14:09:00 Tue root INFO ('\n\x07250 PCB\x00', '2567', '12853', 23130, '18944', '0', '9.727692471237622e-22', '1.5414283107572988e-44', '3.6734198463196485e-40', '17207', '8571', '16722', '-6.138901697734314e-34', '0.0', '9.550891600431086e-39', '0', '0', '0', '0', '0', '0', '\x00\x00\x00\x00\x03\x08\x00\x00\x00\x00', '\n\x00\x00\x00\x00\x00\x00\x00\x00\x00', '0', '12320', '2021-03-02 14:09:00')
2021-03-02  14:09:00 Tue root INFO 成功添加数据
2021-03-02  14:09:00 Tue root INFO mes_plc_r5
2021-03-02  14:09:00 Tue root INFO 读取插入数据库数据：{'product_type': '\n\x00\x00\x00\x00\x00\x00\x00\x00\x00', 'r1_equipment_status': '2560', 'fail_code': '0', 'recerve': '0', 'prod_num': 0, 'r1_rob_no': '0', 'r1_weld_line_no': '0', 'r1_electric': '1.8870057723865944e-24', 'r1_voltage': '0.0', 'r1_speed': '0.0', 'r1_job': '17203', 'r2_rob_no': '-1517', 'r2_weld_line_no': '16727', 'r2_electric': '2.250079815405107e+31', 'r2_voltage': '0.0', 'r2_speed': '0.0', 'r2_job': '17203', 'replace_status': '30834', 'part_status': '16726', 'r1_protective_gas': '-31099', 'r1_welding_wire': '0', 'r2_protective_gas': '0', 'r2_welding_wire': '0', 'login_id': '\x00\x00\x00\x00\x00\x00\x00\x00\x00\x00', 'login_password': '\n\x00\x00\x00\x00\x00\x00\x00\x00\x00'}
2021-03-02  14:09:00 Tue root INFO ('\n\x00\x00\x00\x00\x00\x00\x00\x00\x00', '2560', '0', 0, '0', '0', '1.8870057723865944e-24', '0.0', '0.0', '17203', '-1517', '16727', '2.250079815405107e+31', '0.0', '0.0', '17203', '30834', '-31099', '0', '0', '0', '\x00\x00\x00\x00\x00\x00\x00\x00\x00\x00', '\n\x00\x00\x00\x00\x00\x00\x00\x00\x00', '16726', '0', '2021-03-02 14:09:00')
2021-03-02  14:09:01 Tue root INFO 成功添加数据
2021-03-02  14:09:01 Tue root INFO mes_plc_r6
2021-03-02  14:09:01 Tue root INFO 读取插入数据库数据：{'product_type': '\n\x00\x00\x00\x00\x00\x00\x00\x00\x00', 'r1_equipment_status': '2560', 'fail_code': '0', 'recerve': '0', 'prod_num': 0, 'r1_rob_no': '0', 'r1_weld_line_no': '0', 'r1_electric': '0.0', 'r1_voltage': '9.183815862507343e-40', 'r1_speed': '0.0', 'r1_job': '0', 'r2_rob_no': '0', 'r2_weld_line_no': '0', 'r2_electric': '0.0', 'r2_voltage': '0.0', 'r2_speed': '0.0', 'r2_job': '0', 'replace_status': '0', 'part_status': '0', 'r1_protective_gas': '0', 'r1_welding_wire': '0', 'r2_protective_gas': '0', 'r2_welding_wire': '0', 'login_id': '\x00\x00\x00\x00\x00\x00\x00\x00\x00\x00', 'login_password': '\n\x00\x00\x00\x00\x00\x00\x00\x00\x00'}
2021-03-02  14:09:01 Tue root INFO ('\n\x00\x00\x00\x00\x00\x00\x00\x00\x00', '2560', '0', 0, '0', '0', '0.0', '9.183815862507343e-40', '0.0', '0', '0', '0', '0.0', '0.0', '0.0', '0', '0', '0', '0', '0', '0', '\x00\x00\x00\x00\x00\x00\x00\x00\x00\x00', '\n\x00\x00\x00\x00\x00\x00\x00\x00\x00', '0', '0', '2021-03-02 14:09:01')
2021-03-02  14:09:01 Tue root INFO 成功添加数据
2021-03-02  14:10:22 Tue root INFO PLC1连接失败
2021-03-02  14:10:22 Tue root INFO plc连接状态:[0, 1, 1, 1, 1, 1]
2021-03-02  14:10:22 Tue root INFO mes_plc_r2
2021-03-02  14:10:22 Tue root INFO 读取插入数据库数据：{'product_type': '\n\x00\x00\x00\x00\x00\x00\x00\x00\x00', 'r1_equipment_status': '5267', 'fail_code': '48', 'recerve': '0', 'prod_num': 237, 'r1_rob_no': '0', 'r1_weld_line_no': '0', 'r1_electric': '181.6116943359375', 'r1_voltage': '13.151041984558105', 'r1_speed': '0.0', 'r1_job': '0', 'r2_rob_no': '104', 'r2_weld_line_no': '0', 'r2_electric': '0.0', 'r2_voltage': '0.0', 'r2_speed': '0.0', 'r2_job': '0', 'replace_status': '0', 'part_status': '0', 'r1_protective_gas': '330', 'r1_welding_wire': '0', 'r2_protective_gas': '0', 'r2_welding_wire': '0', 'login_id': '\n\x00\x00\x00\x00\x00\x00\x00\x00\x00', 'login_password': '\n\x00\x00\x00\x00\x00\x00\x00\x00\x00'}
2021-03-02  14:10:22 Tue root INFO ('\n\x00\x00\x00\x00\x00\x00\x00\x00\x00', '5267', '48', 237, '0', '0', '181.6116943359375', '13.151041984558105', '0.0', '0', '104', '0', '0.0', '0.0', '0.0', '0', '0', '330', '0', '0', '0', '\n\x00\x00\x00\x00\x00\x00\x00\x00\x00', '\n\x00\x00\x00\x00\x00\x00\x00\x00\x00', '0', '0', '2021-03-02 14:10:22')
2021-03-02  14:10:22 Tue root INFO 成功添加数据
2021-03-02  14:10:22 Tue root INFO mes_plc_r3
2021-03-02  14:10:22 Tue root INFO 读取插入数据库数据：{'product_type': '\n\x07250 TJ3\x00', 'r1_equipment_status': '2567', 'fail_code': '12853', 'recerve': '12320', 'prod_num': 21578, 'r1_rob_no': '13312', 'r1_weld_line_no': '0', 'r1_electric': '9.727692471237622e-22', 'r1_voltage': '3.377129299022809e-43', 'r1_speed': '3.6734198463196485e-40', 'r1_job': '17207', 'r2_rob_no': '-20935', 'r2_weld_line_no': '16733', 'r2_electric': '-47244640256.0', 'r2_voltage': '0.0', 'r2_speed': '9.550891600431086e-39', 'r2_job': '0', 'replace_status': '0', 'part_status': '0', 'r1_protective_gas': '0', 'r1_welding_wire': '0', 'r2_protective_gas': '0', 'r2_welding_wire': '0', 'login_password': '\n\x00\x00\x00\x00\x00\x00\x00\x00\x00'}
2021-03-02  14:10:22 Tue root ERROR 读取插入数据库失败错误: 'login_id'
2021-03-02  14:10:22 Tue root INFO mes_plc_r4
2021-03-02  14:10:23 Tue root INFO 读取插入数据库数据：{'product_type': '\n\x07250 PCB\x00', 'r1_equipment_status': '2567', 'fail_code': '12853', 'recerve': '12320', 'prod_num': 23130, 'r1_rob_no': '18944', 'r1_weld_line_no': '0', 'r1_electric': '9.727692471237622e-22', 'r1_voltage': '1.5414283107572988e-44', 'r1_speed': '3.6734198463196485e-40', 'r1_job': '17207', 'r2_rob_no': '11416', 'r2_weld_line_no': '16722', 'r2_electric': '0.1806640625', 'r2_voltage': '0.0', 'r2_speed': '9.550891600431086e-39', 'r2_job': '0', 'replace_status': '0', 'part_status': '0', 'r1_protective_gas': '0', 'r1_welding_wire': '0', 'r2_protective_gas': '0', 'r2_welding_wire': '0', 'login_id': '\x00\x00\x00\x00\x03\x08\x00\x00\x00\x00', 'login_password': '\n\x00\x00\x00\x00\x00\x00\x00\x00\x00'}
2021-03-02  14:10:23 Tue root INFO ('\n\x07250 PCB\x00', '2567', '12853', 23130, '18944', '0', '9.727692471237622e-22', '1.5414283107572988e-44', '3.6734198463196485e-40', '17207', '11416', '16722', '0.1806640625', '0.0', '9.550891600431086e-39', '0', '0', '0', '0', '0', '0', '\x00\x00\x00\x00\x03\x08\x00\x00\x00\x00', '\n\x00\x00\x00\x00\x00\x00\x00\x00\x00', '0', '12320', '2021-03-02 14:10:23')
2021-03-02  14:10:23 Tue root INFO 成功添加数据
2021-03-02  14:10:23 Tue root INFO mes_plc_r5
2021-03-02  14:10:23 Tue root INFO 读取插入数据库数据：{'product_type': '\n\x00\x00\x00\x00\x00\x00\x00\x00\x00', 'r1_equipment_status': '2560', 'fail_code': '0', 'recerve': '0', 'prod_num': 0, 'r1_rob_no': '0', 'r1_weld_line_no': '0', 'r1_electric': '1.8870057723865944e-24', 'r1_voltage': '0.0', 'r1_speed': '0.0', 'r1_job': '17203', 'r2_rob_no': '-569', 'r2_weld_line_no': '16726', 'r2_electric': '-20266876928.0', 'r2_voltage': '0.0', 'r2_speed': '0.0', 'r2_job': '17203', 'replace_status': '28937', 'part_status': '16726', 'r1_protective_gas': '-31099', 'r1_welding_wire': '0', 'r2_protective_gas': '0', 'r2_welding_wire': '0', 'login_id': '\x00\x00\x00\x00\x00\x00\x00\x00\x00\x00', 'login_password': '\n\x00\x00\x00\x00\x00\x00\x00\x00\x00'}
2021-03-02  14:10:23 Tue root INFO ('\n\x00\x00\x00\x00\x00\x00\x00\x00\x00', '2560', '0', 0, '0', '0', '1.8870057723865944e-24', '0.0', '0.0', '17203', '-569', '16726', '-20266876928.0', '0.0', '0.0', '17203', '28937', '-31099', '0', '0', '0', '\x00\x00\x00\x00\x00\x00\x00\x00\x00\x00', '\n\x00\x00\x00\x00\x00\x00\x00\x00\x00', '16726', '0', '2021-03-02 14:10:23')
2021-03-02  14:10:23 Tue root INFO 成功添加数据
2021-03-02  14:10:23 Tue root INFO mes_plc_r6
2021-03-02  14:10:23 Tue root INFO 读取插入数据库数据：{'product_type': '\n\x00\x00\x00\x00\x00\x00\x00\x00\x00', 'r1_equipment_status': '2560', 'fail_code': '0', 'recerve': '0', 'prod_num': 0, 'r1_rob_no': '0', 'r1_weld_line_no': '0', 'r1_electric': '0.0', 'r1_voltage': '9.183815862507343e-40', 'r1_speed': '0.0', 'r1_job': '0', 'r2_rob_no': '0', 'r2_weld_line_no': '0', 'r2_electric': '0.0', 'r2_voltage': '0.0', 'r2_speed': '0.0', 'r2_job': '0', 'replace_status': '0', 'part_status': '0', 'r1_protective_gas': '0', 'r1_welding_wire': '0', 'r2_protective_gas': '0', 'r2_welding_wire': '0', 'login_id': '\x00\x00\x00\x00\x00\x00\x00\x00\x00\x00', 'login_password': '\n\x00\x00\x00\x00\x00\x00\x00\x00\x00'}
2021-03-02  14:10:23 Tue root INFO ('\n\x00\x00\x00\x00\x00\x00\x00\x00\x00', '2560', '0', 0, '0', '0', '0.0', '9.183815862507343e-40', '0.0', '0', '0', '0', '0.0', '0.0', '0.0', '0', '0', '0', '0', '0', '0', '\x00\x00\x00\x00\x00\x00\x00\x00\x00\x00', '\n\x00\x00\x00\x00\x00\x00\x00\x00\x00', '0', '0', '2021-03-02 14:10:23')
2021-03-02  14:10:23 Tue root INFO 成功添加数据
2021-03-02  14:11:44 Tue root INFO PLC1连接失败
2021-03-02  14:11:44 Tue root INFO plc连接状态:[0, 1, 1, 1, 1, 1]
2021-03-02  14:11:44 Tue root INFO mes_plc_r2
2021-03-02  14:11:45 Tue root INFO 读取插入数据库数据：{'product_type': '\n\x00\x00\x00\x00\x00\x00\x00\x00\x00', 'r1_equipment_status': '5267', 'fail_code': '48', 'recerve': '0', 'prod_num': 237, 'r1_rob_no': '0', 'r1_weld_line_no': '0', 'r1_electric': '181.5972137451172', 'r1_voltage': '13.132956504821777', 'r1_speed': '0.0', 'r1_job': '0', 'r2_rob_no': '104', 'r2_weld_line_no': '0', 'r2_electric': '0.0', 'r2_voltage': '0.0', 'r2_speed': '0.0', 'r2_job': '0', 'replace_status': '0', 'part_status': '0', 'r1_protective_gas': '330', 'r1_welding_wire': '0', 'r2_protective_gas': '0', 'r2_welding_wire': '0', 'login_id': '\n\x00\x00\x00\x00\x00\x00\x00\x00\x00', 'login_password': '\n\x00\x00\x00\x00\x00\x00\x00\x00\x00'}
2021-03-02  14:11:45 Tue root INFO ('\n\x00\x00\x00\x00\x00\x00\x00\x00\x00', '5267', '48', 237, '0', '0', '181.5972137451172', '13.132956504821777', '0.0', '0', '104', '0', '0.0', '0.0', '0.0', '0', '0', '330', '0', '0', '0', '\n\x00\x00\x00\x00\x00\x00\x00\x00\x00', '\n\x00\x00\x00\x00\x00\x00\x00\x00\x00', '0', '0', '2021-03-02 14:11:45')
2021-03-02  14:11:45 Tue root INFO 成功添加数据
2021-03-02  14:11:45 Tue root INFO mes_plc_r3
2021-03-02  14:11:45 Tue root INFO 读取插入数据库数据：{'product_type': '\n\x07250 TJ3\x00', 'r1_equipment_status': '2567', 'fail_code': '12853', 'recerve': '12320', 'prod_num': 21578, 'r1_rob_no': '13312', 'r1_weld_line_no': '0', 'r1_electric': '9.727692471237622e-22', 'r1_voltage': '3.377129299022809e-43', 'r1_speed': '3.6734198463196485e-40', 'r1_job': '17207', 'r2_rob_no': '-24728', 'r2_weld_line_no': '16733', 'r2_electric': '-2.6916866914644546e+37', 'r2_voltage': '0.0', 'r2_speed': '9.550891600431086e-39', 'r2_job': '0', 'replace_status': '0', 'part_status': '0', 'r1_protective_gas': '0', 'r1_welding_wire': '0', 'r2_protective_gas': '0', 'r2_welding_wire': '0', 'login_password': '\n\x00\x00\x00\x00\x00\x00\x00\x00\x00'}
2021-03-02  14:11:45 Tue root ERROR 读取插入数据库失败错误: 'login_id'
2021-03-02  14:11:45 Tue root INFO mes_plc_r4
2021-03-02  14:11:45 Tue root INFO 读取插入数据库数据：{'product_type': '\n\x07250 PCB\x00', 'r1_equipment_status': '2567', 'fail_code': '12853', 'recerve': '12320', 'prod_num': 23130, 'r1_rob_no': '18944', 'r1_weld_line_no': '0', 'r1_electric': '6.385858562716382e-22', 'r1_voltage': '1.5414283107572988e-44', 'r1_speed': '3.6734198463196485e-40', 'r1_job': '17206', 'r2_rob_no': '-1858', 'r2_weld_line_no': '16716', 'r2_electric': '-0.40625', 'r2_voltage': '0.0', 'r2_speed': '9.550891600431086e-39', 'r2_job': '0', 'replace_status': '0', 'part_status': '0', 'r1_protective_gas': '0', 'r1_welding_wire': '0', 'r2_protective_gas': '0', 'r2_welding_wire': '0', 'login_id': '\x00\x00\x00\x00\x03\x1b\x00\x00\x00\x00', 'login_password': '\n\x00\x00\x00\x00\x00\x00\x00\x00\x00'}
2021-03-02  14:11:45 Tue root INFO ('\n\x07250 PCB\x00', '2567', '12853', 23130, '18944', '0', '6.385858562716382e-22', '1.5414283107572988e-44', '3.6734198463196485e-40', '17206', '-1858', '16716', '-0.40625', '0.0', '9.550891600431086e-39', '0', '0', '0', '0', '0', '0', '\x00\x00\x00\x00\x03\x1b\x00\x00\x00\x00', '\n\x00\x00\x00\x00\x00\x00\x00\x00\x00', '0', '12320', '2021-03-02 14:11:45')
2021-03-02  14:11:45 Tue root INFO 成功添加数据
2021-03-02  14:11:45 Tue root INFO mes_plc_r5
2021-03-02  14:11:46 Tue root INFO 读取插入数据库数据：{'product_type': '\n\x00\x00\x00\x00\x00\x00\x00\x00\x00', 'r1_equipment_status': '2560', 'fail_code': '0', 'recerve': '0', 'prod_num': 0, 'r1_rob_no': '0', 'r1_weld_line_no': '0', 'r1_electric': '1.8870057723865944e-24', 'r1_voltage': '0.0', 'r1_speed': '0.0', 'r1_job': '17203', 'r2_rob_no': '-3414', 'r2_weld_line_no': '16727', 'r2_electric': '7.072394237328387e-23', 'r2_voltage': '0.0', 'r2_speed': '0.0', 'r2_job': '17203', 'replace_status': '27990', 'part_status': '16726', 'r1_protective_gas': '26852', 'r1_welding_wire': '0', 'r2_protective_gas': '0', 'r2_welding_wire': '0', 'login_id': '\x00\x00\x00\x00\x00\x00\x00\x00\x00\x00', 'login_password': '\n\x00\x00\x00\x00\x00\x00\x00\x00\x00'}
2021-03-02  14:11:46 Tue root INFO ('\n\x00\x00\x00\x00\x00\x00\x00\x00\x00', '2560', '0', 0, '0', '0', '1.8870057723865944e-24', '0.0', '0.0', '17203', '-3414', '16727', '7.072394237328387e-23', '0.0', '0.0', '17203', '27990', '26852', '0', '0', '0', '\x00\x00\x00\x00\x00\x00\x00\x00\x00\x00', '\n\x00\x00\x00\x00\x00\x00\x00\x00\x00', '16726', '0', '2021-03-02 14:11:46')
2021-03-02  14:11:46 Tue root INFO 成功添加数据
2021-03-02  14:11:46 Tue root INFO mes_plc_r6
2021-03-02  14:11:46 Tue root INFO 读取插入数据库数据：{'product_type': '\n\x00\x00\x00\x00\x00\x00\x00\x00\x00', 'r1_equipment_status': '2560', 'fail_code': '0', 'recerve': '0', 'prod_num': 0, 'r1_rob_no': '0', 'r1_weld_line_no': '0', 'r1_electric': '0.0', 'r1_voltage': '9.183815862507343e-40', 'r1_speed': '0.0', 'r1_job': '0', 'r2_rob_no': '0', 'r2_weld_line_no': '0', 'r2_electric': '0.0', 'r2_voltage': '0.0', 'r2_speed': '0.0', 'r2_job': '0', 'replace_status': '0', 'part_status': '0', 'r1_protective_gas': '0', 'r1_welding_wire': '0', 'r2_protective_gas': '0', 'r2_welding_wire': '0', 'login_id': '\x00\x00\x00\x00\x00\x00\x00\x00\x00\x00', 'login_password': '\n\x00\x00\x00\x00\x00\x00\x00\x00\x00'}
2021-03-02  14:11:46 Tue root INFO ('\n\x00\x00\x00\x00\x00\x00\x00\x00\x00', '2560', '0', 0, '0', '0', '0.0', '9.183815862507343e-40', '0.0', '0', '0', '0', '0.0', '0.0', '0.0', '0', '0', '0', '0', '0', '0', '\x00\x00\x00\x00\x00\x00\x00\x00\x00\x00', '\n\x00\x00\x00\x00\x00\x00\x00\x00\x00', '0', '0', '2021-03-02 14:11:46')
2021-03-02  14:11:46 Tue root INFO 成功添加数据
2021-03-02  14:13:07 Tue root INFO PLC1连接失败
2021-03-02  14:13:07 Tue root INFO plc连接状态:[0, 1, 1, 1, 1, 1]
2021-03-02  14:13:07 Tue root INFO mes_plc_r2
2021-03-02  14:13:07 Tue root INFO 读取插入数据库数据：{'product_type': '\n\x00\x00\x00\x00\x00\x00\x00\x00\x00', 'r1_equipment_status': '5267', 'fail_code': '48', 'recerve': '0', 'prod_num': 237, 'r1_rob_no': '0', 'r1_weld_line_no': '0', 'r1_electric': '181.6116943359375', 'r1_voltage': '13.140191078186035', 'r1_speed': '0.0', 'r1_job': '0', 'r2_rob_no': '104', 'r2_weld_line_no': '0', 'r2_electric': '0.0', 'r2_voltage': '0.0', 'r2_speed': '0.0', 'r2_job': '0', 'replace_status': '0', 'part_status': '0', 'r1_protective_gas': '330', 'r1_welding_wire': '0', 'r2_protective_gas': '0', 'r2_welding_wire': '0', 'login_id': '\n\x00\x00\x00\x00\x00\x00\x00\x00\x00', 'login_password': '\n\x00\x00\x00\x00\x00\x00\x00\x00\x00'}
2021-03-02  14:13:07 Tue root INFO ('\n\x00\x00\x00\x00\x00\x00\x00\x00\x00', '5267', '48', 237, '0', '0', '181.6116943359375', '13.140191078186035', '0.0', '0', '104', '0', '0.0', '0.0', '0.0', '0', '0', '330', '0', '0', '0', '\n\x00\x00\x00\x00\x00\x00\x00\x00\x00', '\n\x00\x00\x00\x00\x00\x00\x00\x00\x00', '0', '0', '2021-03-02 14:13:07')
2021-03-02  14:13:07 Tue root INFO 成功添加数据
2021-03-02  14:13:07 Tue root INFO mes_plc_r3
2021-03-02  14:13:07 Tue root INFO 读取插入数据库数据：{'product_type': '\n\x07250 TJ3\x00', 'r1_equipment_status': '2567', 'fail_code': '12853', 'recerve': '12320', 'prod_num': 21578, 'r1_rob_no': '13312', 'r1_weld_line_no': '0', 'r1_electric': '9.727692471237622e-22', 'r1_voltage': '3.377129299022809e-43', 'r1_speed': '3.6734198463196485e-40', 'r1_job': '17207', 'r2_rob_no': '-20935', 'r2_weld_line_no': '16733', 'r2_electric': '-8.239936510889834e-17', 'r2_voltage': '0.0', 'r2_speed': '9.550891600431086e-39', 'r2_job': '0', 'replace_status': '0', 'part_status': '0', 'r1_protective_gas': '0', 'r1_welding_wire': '0', 'r2_protective_gas': '0', 'r2_welding_wire': '0', 'login_password': '\n\x00\x00\x00\x00\x00\x00\x00\x00\x00'}
2021-03-02  14:13:07 Tue root ERROR 读取插入数据库失败错误: 'login_id'
2021-03-02  14:13:07 Tue root INFO mes_plc_r4
2021-03-02  14:13:08 Tue root INFO 读取插入数据库数据：{'product_type': '\n\x07250 PCB\x00', 'r1_equipment_status': '2567', 'fail_code': '12853', 'recerve': '12320', 'prod_num': 23130, 'r1_rob_no': '18944', 'r1_weld_line_no': '0', 'r1_electric': '9.727692471237622e-22', 'r1_voltage': '1.5414283107572988e-44', 'r1_speed': '3.6734198463196485e-40', 'r1_job': '17207', 'r2_rob_no': '10467', 'r2_weld_line_no': '16722', 'r2_electric': '-238370684928.0', 'r2_voltage': '0.0', 'r2_speed': '9.550891600431086e-39', 'r2_job': '0', 'replace_status': '0', 'part_status': '0', 'r1_protective_gas': '0', 'r1_welding_wire': '0', 'r2_protective_gas': '0', 'r2_welding_wire': '0', 'login_id': '\x00\x00\x00\x00\x035\x00\x00\x00\x00', 'login_password': '\n\x00\x00\x00\x00\x00\x00\x00\x00\x00'}
2021-03-02  14:13:08 Tue root INFO ('\n\x07250 PCB\x00', '2567', '12853', 23130, '18944', '0', '9.727692471237622e-22', '1.5414283107572988e-44', '3.6734198463196485e-40', '17207', '10467', '16722', '-238370684928.0', '0.0', '9.550891600431086e-39', '0', '0', '0', '0', '0', '0', '\x00\x00\x00\x00\x035\x00\x00\x00\x00', '\n\x00\x00\x00\x00\x00\x00\x00\x00\x00', '0', '12320', '2021-03-02 14:13:08')
2021-03-02  14:13:08 Tue root INFO 成功添加数据
2021-03-02  14:13:08 Tue root INFO mes_plc_r5
2021-03-02  14:13:08 Tue root INFO 读取插入数据库数据：{'product_type': '\n\x00\x00\x00\x00\x00\x00\x00\x00\x00', 'r1_equipment_status': '2560', 'fail_code': '0', 'recerve': '0', 'prod_num': 0, 'r1_rob_no': '0', 'r1_weld_line_no': '0', 'r1_electric': '1.8870057723865944e-24', 'r1_voltage': '0.0', 'r1_speed': '0.0', 'r1_job': '17203', 'r2_rob_no': '-4361', 'r2_weld_line_no': '16726', 'r2_electric': '-4.301500743989133e-26', 'r2_voltage': '0.0', 'r2_speed': '0.0', 'r2_job': '17203', 'replace_status': '26093', 'part_status': '16726', 'r1_protective_gas': '-27307', 'r1_welding_wire': '0', 'r2_protective_gas': '0', 'r2_welding_wire': '0', 'login_id': '\x00\x00\x00\x00\x00\x00\x00\x00\x00\x00', 'login_password': '\n\x00\x00\x00\x00\x00\x00\x00\x00\x00'}
2021-03-02  14:13:08 Tue root INFO ('\n\x00\x00\x00\x00\x00\x00\x00\x00\x00', '2560', '0', 0, '0', '0', '1.8870057723865944e-24', '0.0', '0.0', '17203', '-4361', '16726', '-4.301500743989133e-26', '0.0', '0.0', '17203', '26093', '-27307', '0', '0', '0', '\x00\x00\x00\x00\x00\x00\x00\x00\x00\x00', '\n\x00\x00\x00\x00\x00\x00\x00\x00\x00', '16726', '0', '2021-03-02 14:13:08')
2021-03-02  14:13:08 Tue root INFO 成功添加数据
2021-03-02  14:13:08 Tue root INFO mes_plc_r6
2021-03-02  14:13:08 Tue root INFO 读取插入数据库数据：{'product_type': '\n\x00\x00\x00\x00\x00\x00\x00\x00\x00', 'r1_equipment_status': '2560', 'fail_code': '0', 'recerve': '0', 'prod_num': 0, 'r1_rob_no': '0', 'r1_weld_line_no': '0', 'r1_electric': '0.0', 'r1_voltage': '9.183815862507343e-40', 'r1_speed': '0.0', 'r1_job': '0', 'r2_rob_no': '0', 'r2_weld_line_no': '0', 'r2_electric': '0.0', 'r2_voltage': '0.0', 'r2_speed': '0.0', 'r2_job': '0', 'replace_status': '0', 'part_status': '0', 'r1_protective_gas': '0', 'r1_welding_wire': '0', 'r2_protective_gas': '0', 'r2_welding_wire': '0', 'login_id': '\x00\x00\x00\x00\x00\x00\x00\x00\x00\x00', 'login_password': '\n\x00\x00\x00\x00\x00\x00\x00\x00\x00'}
2021-03-02  14:13:08 Tue root INFO ('\n\x00\x00\x00\x00\x00\x00\x00\x00\x00', '2560', '0', 0, '0', '0', '0.0', '9.183815862507343e-40', '0.0', '0', '0', '0', '0.0', '0.0', '0.0', '0', '0', '0', '0', '0', '0', '\x00\x00\x00\x00\x00\x00\x00\x00\x00\x00', '\n\x00\x00\x00\x00\x00\x00\x00\x00\x00', '0', '0', '2021-03-02 14:13:08')
2021-03-02  14:13:08 Tue root INFO 成功添加数据
2021-03-02  14:14:30 Tue root INFO PLC1连接失败
2021-03-02  14:14:30 Tue root INFO plc连接状态:[0, 1, 1, 1, 1, 1]
2021-03-02  14:14:30 Tue root INFO mes_plc_r2
2021-03-02  14:14:30 Tue root INFO 读取插入数据库数据：{'product_type': '\n\x00\x00\x00\x00\x00\x00\x00\x00\x00', 'r1_equipment_status': '5267', 'fail_code': '48', 'recerve': '0', 'prod_num': 237, 'r1_rob_no': '0', 'r1_weld_line_no': '0', 'r1_electric': '181.65509033203125', 'r1_voltage': '13.129340171813965', 'r1_speed': '0.0', 'r1_job': '0', 'r2_rob_no': '104', 'r2_weld_line_no': '0', 'r2_electric': '0.0', 'r2_voltage': '0.0', 'r2_speed': '0.0', 'r2_job': '0', 'replace_status': '0', 'part_status': '0', 'r1_protective_gas': '330', 'r1_welding_wire': '0', 'r2_protective_gas': '0', 'r2_welding_wire': '0', 'login_id': '\n\x00\x00\x00\x00\x00\x00\x00\x00\x00', 'login_password': '\n\x00\x00\x00\x00\x00\x00\x00\x00\x00'}
2021-03-02  14:14:30 Tue root INFO ('\n\x00\x00\x00\x00\x00\x00\x00\x00\x00', '5267', '48', 237, '0', '0', '181.65509033203125', '13.129340171813965', '0.0', '0', '104', '0', '0.0', '0.0', '0.0', '0', '0', '330', '0', '0', '0', '\n\x00\x00\x00\x00\x00\x00\x00\x00\x00', '\n\x00\x00\x00\x00\x00\x00\x00\x00\x00', '0', '0', '2021-03-02 14:14:30')
2021-03-02  14:14:30 Tue root INFO 成功添加数据
2021-03-02  14:14:30 Tue root INFO mes_plc_r3
2021-03-02  14:14:30 Tue root INFO 读取插入数据库数据：{'product_type': '\n\x07250 TJ3\x00', 'r1_equipment_status': '2567', 'fail_code': '12853', 'recerve': '12320', 'prod_num': 21578, 'r1_rob_no': '13312', 'r1_weld_line_no': '0', 'r1_electric': '9.727692471237622e-22', 'r1_voltage': '3.377129299022809e-43', 'r1_speed': '3.6734198463196485e-40', 'r1_job': '17207', 'r2_rob_no': '-19987', 'r2_weld_line_no': '16733', 'r2_electric': '-1.1736135598609718e-34', 'r2_voltage': '0.0', 'r2_speed': '9.550891600431086e-39', 'r2_job': '0', 'replace_status': '0', 'part_status': '0', 'r1_protective_gas': '0', 'r1_welding_wire': '0', 'r2_protective_gas': '0', 'r2_welding_wire': '0', 'login_password': '\n\x00\x00\x00\x00\x00\x00\x00\x00\x00'}
2021-03-02  14:14:30 Tue root ERROR 读取插入数据库失败错误: 'login_id'
2021-03-02  14:14:30 Tue root INFO mes_plc_r4
2021-03-02  14:14:30 Tue root INFO 读取插入数据库数据：{'product_type': '\n\x07250 PCB\x00', 'r1_equipment_status': '2567', 'fail_code': '12853', 'recerve': '12320', 'prod_num': 23130, 'r1_rob_no': '18944', 'r1_weld_line_no': '0', 'r1_electric': '6.079807794523514e-23', 'r1_voltage': '1.6815581571897805e-44', 'r1_speed': '3.6734198463196485e-40', 'r1_job': '17207', 'r2_rob_no': '8571', 'r2_weld_line_no': '16722', 'r2_electric': '-3.5390257835388184e-07', 'r2_voltage': '0.0', 'r2_speed': '9.550891600431086e-39', 'r2_job': '0', 'replace_status': '0', 'part_status': '0', 'r1_protective_gas': '0', 'r1_welding_wire': '0', 'r2_protective_gas': '0', 'r2_welding_wire': '0', 'login_id': '\x00\x00\x00\x00\x03H\x00\x00\x00\x00', 'login_password': '\n\x00\x00\x00\x00\x00\x00\x00\x00\x00'}
2021-03-02  14:14:30 Tue root INFO ('\n\x07250 PCB\x00', '2567', '12853', 23130, '18944', '0', '6.079807794523514e-23', '1.6815581571897805e-44', '3.6734198463196485e-40', '17207', '8571', '16722', '-3.5390257835388184e-07', '0.0', '9.550891600431086e-39', '0', '0', '0', '0', '0', '0', '\x00\x00\x00\x00\x03H\x00\x00\x00\x00', '\n\x00\x00\x00\x00\x00\x00\x00\x00\x00', '0', '12320', '2021-03-02 14:14:30')
2021-03-02  14:14:30 Tue root INFO 成功添加数据
2021-03-02  14:14:30 Tue root INFO mes_plc_r5
2021-03-02  14:14:31 Tue root INFO 读取插入数据库数据：{'product_type': '\n\x00\x00\x00\x00\x00\x00\x00\x00\x00', 'r1_equipment_status': '2560', 'fail_code': '0', 'recerve': '0', 'prod_num': 0, 'r1_rob_no': '0', 'r1_weld_line_no': '0', 'r1_electric': '1.8870057723865944e-24', 'r1_voltage': '0.0', 'r1_speed': '0.0', 'r1_job': '17203', 'r2_rob_no': '-3414', 'r2_weld_line_no': '16727', 'r2_electric': '-1.3883951931889808e-28', 'r2_voltage': '0.0', 'r2_speed': '0.0', 'r2_job': '17203', 'replace_status': '28937', 'part_status': '16726', 'r1_protective_gas': '26852', 'r1_welding_wire': '0', 'r2_protective_gas': '0', 'r2_welding_wire': '0', 'login_id': '\x00\x00\x00\x00\x00\x00\x00\x00\x00\x00', 'login_password': '\n\x00\x00\x00\x00\x00\x00\x00\x00\x00'}
2021-03-02  14:14:31 Tue root INFO ('\n\x00\x00\x00\x00\x00\x00\x00\x00\x00', '2560', '0', 0, '0', '0', '1.8870057723865944e-24', '0.0', '0.0', '17203', '-3414', '16727', '-1.3883951931889808e-28', '0.0', '0.0', '17203', '28937', '26852', '0', '0', '0', '\x00\x00\x00\x00\x00\x00\x00\x00\x00\x00', '\n\x00\x00\x00\x00\x00\x00\x00\x00\x00', '16726', '0', '2021-03-02 14:14:31')
2021-03-02  14:14:31 Tue root INFO 成功添加数据
2021-03-02  14:14:31 Tue root INFO mes_plc_r6
2021-03-02  14:14:31 Tue root INFO 读取插入数据库数据：{'product_type': '\n\x00\x00\x00\x00\x00\x00\x00\x00\x00', 'r1_equipment_status': '2560', 'fail_code': '0', 'recerve': '0', 'prod_num': 0, 'r1_rob_no': '0', 'r1_weld_line_no': '0', 'r1_electric': '0.0', 'r1_voltage': '9.183815862507343e-40', 'r1_speed': '0.0', 'r1_job': '0', 'r2_rob_no': '0', 'r2_weld_line_no': '0', 'r2_electric': '0.0', 'r2_voltage': '0.0', 'r2_speed': '0.0', 'r2_job': '0', 'replace_status': '0', 'part_status': '0', 'r1_protective_gas': '0', 'r1_welding_wire': '0', 'r2_protective_gas': '0', 'r2_welding_wire': '0', 'login_id': '\x00\x00\x00\x00\x00\x00\x00\x00\x00\x00', 'login_password': '\n\x00\x00\x00\x00\x00\x00\x00\x00\x00'}
2021-03-02  14:14:31 Tue root INFO ('\n\x00\x00\x00\x00\x00\x00\x00\x00\x00', '2560', '0', 0, '0', '0', '0.0', '9.183815862507343e-40', '0.0', '0', '0', '0', '0.0', '0.0', '0.0', '0', '0', '0', '0', '0', '0', '\x00\x00\x00\x00\x00\x00\x00\x00\x00\x00', '\n\x00\x00\x00\x00\x00\x00\x00\x00\x00', '0', '0', '2021-03-02 14:14:31')
2021-03-02  14:14:31 Tue root INFO 成功添加数据
2021-03-02  14:15:52 Tue root INFO PLC1连接失败
2021-03-02  14:15:52 Tue root INFO plc连接状态:[0, 1, 1, 1, 1, 1]
2021-03-02  14:15:52 Tue root INFO mes_plc_r2
2021-03-02  14:15:52 Tue root INFO 读取插入数据库数据：{'product_type': '\n\x07250 TJ1\x00', 'r1_equipment_status': '5185', 'fail_code': '48', 'recerve': '0', 'prod_num': 237, 'r1_rob_no': '4', 'r1_weld_line_no': '0', 'r1_electric': '181.52488708496094', 'r1_voltage': '-10.015191078186035', 'r1_speed': '0.0', 'r1_job': '0', 'r2_rob_no': '104', 'r2_weld_line_no': '0', 'r2_electric': '0.0', 'r2_voltage': '0.0', 'r2_speed': '0.0', 'r2_job': '0', 'replace_status': '0', 'part_status': '0', 'r1_protective_gas': '348', 'r1_welding_wire': '0', 'r2_protective_gas': '0', 'r2_welding_wire': '0', 'login_id': '\n\x00\x00\x00\x00\x00\x00\x00\x00\x00', 'login_password': '\n\x00\x00\x00\x00\x00\x00\x00\x00\x00'}
2021-03-02  14:15:52 Tue root INFO ('\n\x07250 TJ1\x00', '5185', '48', 237, '4', '0', '181.52488708496094', '-10.015191078186035', '0.0', '0', '104', '0', '0.0', '0.0', '0.0', '0', '0', '348', '0', '0', '0', '\n\x00\x00\x00\x00\x00\x00\x00\x00\x00', '\n\x00\x00\x00\x00\x00\x00\x00\x00\x00', '0', '0', '2021-03-02 14:15:52')
2021-03-02  14:15:52 Tue root INFO 成功添加数据
2021-03-02  14:15:52 Tue root INFO mes_plc_r3
2021-03-02  14:15:53 Tue root INFO 读取插入数据库数据：{'product_type': '\n\x07250 TJ3\x00', 'r1_equipment_status': '2567', 'fail_code': '12853', 'recerve': '12320', 'prod_num': 21578, 'r1_rob_no': '13312', 'r1_weld_line_no': '0', 'r1_electric': '9.727692471237622e-22', 'r1_voltage': '3.3911422836660573e-43', 'r1_speed': '3.6734198463196485e-40', 'r1_job': '17207', 'r2_rob_no': '-19039', 'r2_weld_line_no': '16734', 'r2_electric': '1.8643001861668443e-31', 'r2_voltage': '0.0', 'r2_speed': '9.550891600431086e-39', 'r2_job': '0', 'replace_status': '0', 'part_status': '0', 'r1_protective_gas': '0', 'r1_welding_wire': '0', 'r2_protective_gas': '0', 'r2_welding_wire': '0', 'login_id': '\x00\x00\x00\x00\x01\x11\x00\x00\x00\x00', 'login_password': '\n\x00\x00\x00\x00\x00\x00\x00\x00\x00'}
2021-03-02  14:15:53 Tue root INFO ('\n\x07250 TJ3\x00', '2567', '12853', 21578, '13312', '0', '9.727692471237622e-22', '3.3911422836660573e-43', '3.6734198463196485e-40', '17207', '-19039', '16734', '1.8643001861668443e-31', '0.0', '9.550891600431086e-39', '0', '0', '0', '0', '0', '0', '\x00\x00\x00\x00\x01\x11\x00\x00\x00\x00', '\n\x00\x00\x00\x00\x00\x00\x00\x00\x00', '0', '12320', '2021-03-02 14:15:53')
2021-03-02  14:15:53 Tue root INFO 成功添加数据
2021-03-02  14:15:53 Tue root INFO mes_plc_r4
2021-03-02  14:15:53 Tue root INFO 读取插入数据库数据：{'product_type': '\n\x07250 PCB\x00', 'r1_equipment_status': '2567', 'fail_code': '12853', 'recerve': '12320', 'prod_num': 23130, 'r1_rob_no': '18944', 'r1_weld_line_no': '0', 'r1_electric': '6.385858562716382e-22', 'r1_voltage': '1.6815581571897805e-44', 'r1_speed': '3.6734198463196485e-40', 'r1_job': '17207', 'r2_rob_no': '8571', 'r2_weld_line_no': '16722', 'r2_electric': '-6.138901697734314e-34', 'r2_voltage': '0.0', 'r2_speed': '9.550891600431086e-39', 'r2_job': '0', 'replace_status': '0', 'part_status': '0', 'r1_protective_gas': '0', 'r1_welding_wire': '0', 'r2_protective_gas': '0', 'r2_welding_wire': '0', 'login_id': '\x00\x00\x00\x00\x03X\x00\x00\x00\x00', 'login_password': '\n\x00\x00\x00\x00\x00\x00\x00\x00\x00'}
2021-03-02  14:15:53 Tue root INFO ('\n\x07250 PCB\x00', '2567', '12853', 23130, '18944', '0', '6.385858562716382e-22', '1.6815581571897805e-44', '3.6734198463196485e-40', '17207', '8571', '16722', '-6.138901697734314e-34', '0.0', '9.550891600431086e-39', '0', '0', '0', '0', '0', '0', '\x00\x00\x00\x00\x03X\x00\x00\x00\x00', '\n\x00\x00\x00\x00\x00\x00\x00\x00\x00', '0', '12320', '2021-03-02 14:15:53')
2021-03-02  14:15:53 Tue root INFO 成功添加数据
2021-03-02  14:15:53 Tue root INFO mes_plc_r5
2021-03-02  14:15:53 Tue root INFO 读取插入数据库数据：{'product_type': '\n\x00\x00\x00\x00\x00\x00\x00\x00\x00', 'r1_equipment_status': '2560', 'fail_code': '0', 'recerve': '0', 'prod_num': 0, 'r1_rob_no': '0', 'r1_weld_line_no': '0', 'r1_electric': '1.8870057723865944e-24', 'r1_voltage': '0.0', 'r1_speed': '0.0', 'r1_job': '17203', 'r2_rob_no': '-6258', 'r2_weld_line_no': '16726', 'r2_electric': '-1.678941941083721e+19', 'r2_voltage': '0.0', 'r2_speed': '0.0', 'r2_job': '17203', 'replace_status': '30834', 'part_status': '16726', 'r1_protective_gas': '30644', 'r1_welding_wire': '0', 'r2_protective_gas': '0', 'r2_welding_wire': '0', 'login_id': '\x00\x00\x00\x00\x00\x00\x00\x00\x00\x00', 'login_password': '\n\x00\x00\x00\x00\x00\x00\x00\x00\x00'}
2021-03-02  14:15:53 Tue root INFO ('\n\x00\x00\x00\x00\x00\x00\x00\x00\x00', '2560', '0', 0, '0', '0', '1.8870057723865944e-24', '0.0', '0.0', '17203', '-6258', '16726', '-1.678941941083721e+19', '0.0', '0.0', '17203', '30834', '30644', '0', '0', '0', '\x00\x00\x00\x00\x00\x00\x00\x00\x00\x00', '\n\x00\x00\x00\x00\x00\x00\x00\x00\x00', '16726', '0', '2021-03-02 14:15:53')
2021-03-02  14:15:53 Tue root INFO 成功添加数据
2021-03-02  14:15:53 Tue root INFO mes_plc_r6
2021-03-02  14:15:53 Tue root INFO 读取插入数据库数据：{'product_type': '\n\x00\x00\x00\x00\x00\x00\x00\x00\x00', 'r1_equipment_status': '2560', 'fail_code': '0', 'recerve': '0', 'prod_num': 0, 'r1_rob_no': '0', 'r1_weld_line_no': '0', 'r1_electric': '0.0', 'r1_voltage': '9.183815862507343e-40', 'r1_speed': '0.0', 'r1_job': '0', 'r2_rob_no': '0', 'r2_weld_line_no': '0', 'r2_electric': '0.0', 'r2_voltage': '0.0', 'r2_speed': '0.0', 'r2_job': '0', 'replace_status': '0', 'part_status': '0', 'r1_protective_gas': '0', 'r1_welding_wire': '0', 'r2_protective_gas': '0', 'r2_welding_wire': '0', 'login_id': '\x00\x00\x00\x00\x00\x00\x00\x00\x00\x00', 'login_password': '\n\x00\x00\x00\x00\x00\x00\x00\x00\x00'}
2021-03-02  14:15:53 Tue root INFO ('\n\x00\x00\x00\x00\x00\x00\x00\x00\x00', '2560', '0', 0, '0', '0', '0.0', '9.183815862507343e-40', '0.0', '0', '0', '0', '0.0', '0.0', '0.0', '0', '0', '0', '0', '0', '0', '\x00\x00\x00\x00\x00\x00\x00\x00\x00\x00', '\n\x00\x00\x00\x00\x00\x00\x00\x00\x00', '0', '0', '2021-03-02 14:15:53')
2021-03-02  14:15:54 Tue root INFO 成功添加数据
2021-03-02  14:17:15 Tue root INFO PLC1连接失败
2021-03-02  14:17:15 Tue root INFO plc连接状态:[0, 1, 1, 1, 1, 1]
2021-03-02  14:17:15 Tue root INFO mes_plc_r2
2021-03-02  14:17:15 Tue root INFO 读取插入数据库数据：{'product_type': '\n\x07250 TJ1\x00', 'r1_equipment_status': '5267', 'fail_code': '48', 'recerve': '0', 'prod_num': 237, 'r1_rob_no': '4', 'r1_weld_line_no': '0', 'r1_electric': '181.58274841308594', 'r1_voltage': '13.14742374420166', 'r1_speed': '0.0', 'r1_job': '0', 'r2_rob_no': '104', 'r2_weld_line_no': '0', 'r2_electric': '0.0', 'r2_voltage': '0.0', 'r2_speed': '0.0', 'r2_job': '0', 'replace_status': '0', 'part_status': '0', 'r1_protective_gas': '361', 'r1_welding_wire': '0', 'r2_protective_gas': '0', 'r2_welding_wire': '0', 'login_id': '\n\x00\x00\x00\x00\x00\x00\x00\x00\x00', 'login_password': '\n\x00\x00\x00\x00\x00\x00\x00\x00\x00'}
2021-03-02  14:17:15 Tue root INFO ('\n\x07250 TJ1\x00', '5267', '48', 237, '4', '0', '181.58274841308594', '13.14742374420166', '0.0', '0', '104', '0', '0.0', '0.0', '0.0', '0', '0', '361', '0', '0', '0', '\n\x00\x00\x00\x00\x00\x00\x00\x00\x00', '\n\x00\x00\x00\x00\x00\x00\x00\x00\x00', '0', '0', '2021-03-02 14:17:15')
2021-03-02  14:17:15 Tue root INFO 成功添加数据
2021-03-02  14:17:15 Tue root INFO mes_plc_r3
2021-03-02  14:17:15 Tue root INFO 读取插入数据库数据：{'product_type': '\n\x07250 TJ3\x00', 'r1_equipment_status': '2567', 'fail_code': '12853', 'recerve': '12320', 'prod_num': 21578, 'r1_rob_no': '13312', 'r1_weld_line_no': '0', 'r1_electric': '5.335345243225789e-23', 'r1_voltage': '3.3911422836660573e-43', 'r1_speed': '3.6734198463196485e-40', 'r1_job': '17207', 'r2_rob_no': '-29469', 'r2_weld_line_no': '-16187', 'r2_electric': '8.358535958640604e-32', 'r2_voltage': '0.0', 'r2_speed': '9.550891600431086e-39', 'r2_job': '0', 'replace_status': '0', 'part_status': '0', 'r1_protective_gas': '0', 'r1_welding_wire': '0', 'r2_protective_gas': '0', 'r2_welding_wire': '0', 'login_id': '\x00\x00\x00\x00\x01"\x00\x00\x00\x00', 'login_password': '\n\x00\x00\x00\x00\x00\x00\x00\x00\x00'}
2021-03-02  14:17:15 Tue root INFO ('\n\x07250 TJ3\x00', '2567', '12853', 21578, '13312', '0', '5.335345243225789e-23', '3.3911422836660573e-43', '3.6734198463196485e-40', '17207', '-29469', '-16187', '8.358535958640604e-32', '0.0', '9.550891600431086e-39', '0', '0', '0', '0', '0', '0', '\x00\x00\x00\x00\x01"\x00\x00\x00\x00', '\n\x00\x00\x00\x00\x00\x00\x00\x00\x00', '0', '12320', '2021-03-02 14:17:15')
2021-03-02  14:17:15 Tue root INFO 成功添加数据
2021-03-02  14:17:15 Tue root INFO mes_plc_r4
2021-03-02  14:17:15 Tue root INFO 读取插入数据库数据：{'product_type': '\n\x07250 PCB\x00', 'r1_equipment_status': '2567', 'fail_code': '12853', 'recerve': '12320', 'prod_num': 23130, 'r1_rob_no': '18944', 'r1_weld_line_no': '0', 'r1_electric': '6.385858562716382e-22', 'r1_voltage': '1.6815581571897805e-44', 'r1_speed': '3.6734198463196485e-40', 'r1_job': '17207', 'r2_rob_no': '1934', 'r2_weld_line_no': '-15995', 'r2_electric': '0.000560760498046875', 'r2_voltage': '0.0', 'r2_speed': '9.550891600431086e-39', 'r2_job': '0', 'replace_status': '0', 'part_status': '0', 'r1_protective_gas': '0', 'r1_welding_wire': '0', 'r2_protective_gas': '0', 'r2_welding_wire': '0', 'login_id': '\x00\x00\x00\x00\x03z\x00\x00\x00\x00', 'login_password': '\n\x00\x00\x00\x00\x00\x00\x00\x00\x00'}
2021-03-02  14:17:15 Tue root INFO ('\n\x07250 PCB\x00', '2567', '12853', 23130, '18944', '0', '6.385858562716382e-22', '1.6815581571897805e-44', '3.6734198463196485e-40', '17207', '1934', '-15995', '0.000560760498046875', '0.0', '9.550891600431086e-39', '0', '0', '0', '0', '0', '0', '\x00\x00\x00\x00\x03z\x00\x00\x00\x00', '\n\x00\x00\x00\x00\x00\x00\x00\x00\x00', '0', '12320', '2021-03-02 14:17:15')
2021-03-02  14:17:15 Tue root INFO 成功添加数据
2021-03-02  14:17:15 Tue root INFO mes_plc_r5
2021-03-02  14:17:16 Tue root INFO 读取插入数据库数据：{'product_type': '\n\x00\x00\x00\x00\x00\x00\x00\x00\x00', 'r1_equipment_status': '2560', 'fail_code': '0', 'recerve': '0', 'prod_num': 0, 'r1_rob_no': '0', 'r1_weld_line_no': '0', 'r1_electric': '1.8870057723865944e-24', 'r1_voltage': '0.0', 'r1_speed': '0.0', 'r1_job': '17203', 'r2_rob_no': '-6258', 'r2_weld_line_no': '16727', 'r2_electric': '7.072394237328387e-23', 'r2_voltage': '0.0', 'r2_speed': '0.0', 'r2_job': '17203', 'replace_status': '27990', 'part_status': '16726', 'r1_protective_gas': '-31099', 'r1_welding_wire': '0', 'r2_protective_gas': '0', 'r2_welding_wire': '0', 'login_id': '\x00\x00\x00\x00\x00\x00\x00\x00\x00\x00', 'login_password': '\n\x00\x00\x00\x00\x00\x00\x00\x00\x00'}
2021-03-02  14:17:16 Tue root INFO ('\n\x00\x00\x00\x00\x00\x00\x00\x00\x00', '2560', '0', 0, '0', '0', '1.8870057723865944e-24', '0.0', '0.0', '17203', '-6258', '16727', '7.072394237328387e-23', '0.0', '0.0', '17203', '27990', '-31099', '0', '0', '0', '\x00\x00\x00\x00\x00\x00\x00\x00\x00\x00', '\n\x00\x00\x00\x00\x00\x00\x00\x00\x00', '16726', '0', '2021-03-02 14:17:16')
2021-03-02  14:17:16 Tue root INFO 成功添加数据
2021-03-02  14:17:16 Tue root INFO mes_plc_r6
2021-03-02  14:17:16 Tue root INFO 读取插入数据库数据：{'product_type': '\n\x00\x00\x00\x00\x00\x00\x00\x00\x00', 'r1_equipment_status': '2560', 'fail_code': '0', 'recerve': '0', 'prod_num': 0, 'r1_rob_no': '0', 'r1_weld_line_no': '0', 'r1_electric': '0.0', 'r1_voltage': '9.183815862507343e-40', 'r1_speed': '0.0', 'r1_job': '0', 'r2_rob_no': '0', 'r2_weld_line_no': '0', 'r2_electric': '0.0', 'r2_voltage': '0.0', 'r2_speed': '0.0', 'r2_job': '0', 'replace_status': '0', 'part_status': '0', 'r1_protective_gas': '0', 'r1_welding_wire': '0', 'r2_protective_gas': '0', 'r2_welding_wire': '0', 'login_id': '\x00\x00\x00\x00\x00\x00\x00\x00\x00\x00', 'login_password': '\n\x00\x00\x00\x00\x00\x00\x00\x00\x00'}
2021-03-02  14:17:16 Tue root INFO ('\n\x00\x00\x00\x00\x00\x00\x00\x00\x00', '2560', '0', 0, '0', '0', '0.0', '9.183815862507343e-40', '0.0', '0', '0', '0', '0.0', '0.0', '0.0', '0', '0', '0', '0', '0', '0', '\x00\x00\x00\x00\x00\x00\x00\x00\x00\x00', '\n\x00\x00\x00\x00\x00\x00\x00\x00\x00', '0', '0', '2021-03-02 14:17:16')
2021-03-02  14:17:16 Tue root INFO 成功添加数据
2021-03-02  14:18:37 Tue root INFO PLC1连接失败
2021-03-02  14:18:37 Tue root INFO plc连接状态:[0, 1, 1, 1, 1, 1]
2021-03-02  14:18:37 Tue root INFO mes_plc_r2
2021-03-02  14:18:37 Tue root INFO 读取插入数据库数据：{'product_type': '\n\x07250 TJ1\x00', 'r1_equipment_status': '5267', 'fail_code': '48', 'recerve': '0', 'prod_num': 237, 'r1_rob_no': '4', 'r1_weld_line_no': '0', 'r1_electric': '181.58274841308594', 'r1_voltage': '13.129340171813965', 'r1_speed': '0.0', 'r1_job': '0', 'r2_rob_no': '104', 'r2_weld_line_no': '0', 'r2_electric': '0.0', 'r2_voltage': '0.0', 'r2_speed': '0.0', 'r2_job': '0', 'replace_status': '0', 'part_status': '0', 'r1_protective_gas': '361', 'r1_welding_wire': '0', 'r2_protective_gas': '0', 'r2_welding_wire': '0', 'login_id': '\n\x00\x00\x00\x00\x00\x00\x00\x00\x00', 'login_password': '\n\x00\x00\x00\x00\x00\x00\x00\x00\x00'}
2021-03-02  14:18:37 Tue root INFO ('\n\x07250 TJ1\x00', '5267', '48', 237, '4', '0', '181.58274841308594', '13.129340171813965', '0.0', '0', '104', '0', '0.0', '0.0', '0.0', '0', '0', '361', '0', '0', '0', '\n\x00\x00\x00\x00\x00\x00\x00\x00\x00', '\n\x00\x00\x00\x00\x00\x00\x00\x00\x00', '0', '0', '2021-03-02 14:18:37')
2021-03-02  14:18:37 Tue root INFO 成功添加数据
2021-03-02  14:18:37 Tue root INFO mes_plc_r3
2021-03-02  14:18:38 Tue root INFO 读取插入数据库数据：{'product_type': '\n\x07250 TJ3\x00', 'r1_equipment_status': '7315', 'fail_code': '48', 'recerve': '0', 'prod_num': 242, 'r1_rob_no': '4', 'r1_weld_line_no': '0', 'r1_electric': '183.59375', 'r1_voltage': '13.863571166992188', 'r1_speed': '0.0', 'r1_job': '0', 'r2_rob_no': '104', 'r2_weld_line_no': '0', 'r2_electric': '0.0', 'r2_voltage': '0.0', 'r2_speed': '0.0', 'r2_job': '0', 'replace_status': '0', 'part_status': '0', 'r1_protective_gas': '301', 'r1_welding_wire': '0', 'r2_protective_gas': '0', 'r2_welding_wire': '0', 'login_id': '\n\x00\x00\x00\x00\x00\x00\x00\x00\x00', 'login_password': '\n\x00\x00\x00\x00\x00\x00\x00\x00\x00'}
2021-03-02  14:18:38 Tue root INFO ('\n\x07250 TJ3\x00', '7315', '48', 242, '4', '0', '183.59375', '13.863571166992188', '0.0', '0', '104', '0', '0.0', '0.0', '0.0', '0', '0', '301', '0', '0', '0', '\n\x00\x00\x00\x00\x00\x00\x00\x00\x00', '\n\x00\x00\x00\x00\x00\x00\x00\x00\x00', '0', '0', '2021-03-02 14:18:38')
2021-03-02  14:18:38 Tue root INFO 成功添加数据
2021-03-02  14:18:38 Tue root INFO mes_plc_r4
2021-03-02  14:18:38 Tue root INFO 读取插入数据库数据：{'product_type': '\n\x07250 PCB\x00', 'r1_equipment_status': '2567', 'fail_code': '12853', 'recerve': '12320', 'prod_num': 23130, 'r1_rob_no': '18944', 'r1_weld_line_no': '0', 'r1_electric': '6.079807794523514e-23', 'r1_voltage': '1.8216880036222622e-44', 'r1_speed': '3.6734198463196485e-40', 'r1_job': '17206', 'r2_rob_no': '-5651', 'r2_weld_line_no': '17133', 'r2_electric': '1.6516423784196377e-09', 'r2_voltage': '0.0', 'r2_speed': '9.550891600431086e-39', 'r2_job': '0', 'replace_status': '0', 'part_status': '0', 'r1_protective_gas': '0', 'r1_welding_wire': '0', 'r2_protective_gas': '0', 'r2_welding_wire': '0', 'login_password': '\n\x00\x00\x00\x00\x00\x00\x00\x00\x00'}
2021-03-02  14:18:38 Tue root ERROR 读取插入数据库失败错误: 'login_id'
2021-03-02  14:18:38 Tue root INFO mes_plc_r5
2021-03-02  14:18:39 Tue root INFO 读取插入数据库数据：{'product_type': '\n\x00\x00\x00\x00\x00\x00\x00\x00\x00', 'r1_equipment_status': '2560', 'fail_code': '0', 'recerve': '0', 'prod_num': 0, 'r1_rob_no': '0', 'r1_weld_line_no': '0', 'r1_electric': '1.8870057723865944e-24', 'r1_voltage': '0.0', 'r1_speed': '0.0', 'r1_job': '17203', 'r2_rob_no': '-4361', 'r2_weld_line_no': '16726', 'r2_electric': '-1.678941941083721e+19', 'r2_voltage': '0.0', 'r2_speed': '0.0', 'r2_job': '17203', 'replace_status': '28937', 'part_status': '16726', 'r1_protective_gas': '-31099', 'r1_welding_wire': '0', 'r2_protective_gas': '0', 'r2_welding_wire': '0', 'login_id': '\x00\x00\x00\x00\x00\x00\x00\x00\x00\x00', 'login_password': '\n\x00\x00\x00\x00\x00\x00\x00\x00\x00'}
2021-03-02  14:18:39 Tue root INFO ('\n\x00\x00\x00\x00\x00\x00\x00\x00\x00', '2560', '0', 0, '0', '0', '1.8870057723865944e-24', '0.0', '0.0', '17203', '-4361', '16726', '-1.678941941083721e+19', '0.0', '0.0', '17203', '28937', '-31099', '0', '0', '0', '\x00\x00\x00\x00\x00\x00\x00\x00\x00\x00', '\n\x00\x00\x00\x00\x00\x00\x00\x00\x00', '16726', '0', '2021-03-02 14:18:39')
2021-03-02  14:18:39 Tue root INFO 成功添加数据
2021-03-02  14:18:39 Tue root INFO mes_plc_r6
2021-03-02  14:18:39 Tue root INFO 读取插入数据库数据：{'product_type': '\n\x00\x00\x00\x00\x00\x00\x00\x00\x00', 'r1_equipment_status': '2560', 'fail_code': '0', 'recerve': '0', 'prod_num': 0, 'r1_rob_no': '0', 'r1_weld_line_no': '0', 'r1_electric': '0.0', 'r1_voltage': '9.183815862507343e-40', 'r1_speed': '0.0', 'r1_job': '0', 'r2_rob_no': '0', 'r2_weld_line_no': '0', 'r2_electric': '0.0', 'r2_voltage': '0.0', 'r2_speed': '0.0', 'r2_job': '0', 'replace_status': '0', 'part_status': '0', 'r1_protective_gas': '0', 'r1_welding_wire': '0', 'r2_protective_gas': '0', 'r2_welding_wire': '0', 'login_id': '\x00\x00\x00\x00\x00\x00\x00\x00\x00\x00', 'login_password': '\n\x00\x00\x00\x00\x00\x00\x00\x00\x00'}
2021-03-02  14:18:39 Tue root INFO ('\n\x00\x00\x00\x00\x00\x00\x00\x00\x00', '2560', '0', 0, '0', '0', '0.0', '9.183815862507343e-40', '0.0', '0', '0', '0', '0.0', '0.0', '0.0', '0', '0', '0', '0', '0', '0', '\x00\x00\x00\x00\x00\x00\x00\x00\x00\x00', '\n\x00\x00\x00\x00\x00\x00\x00\x00\x00', '0', '0', '2021-03-02 14:18:39')
2021-03-02  14:18:39 Tue root INFO 成功添加数据
2021-03-02  14:20:00 Tue root INFO PLC1连接失败
2021-03-02  14:20:00 Tue root INFO plc连接状态:[0, 1, 1, 1, 1, 1]
2021-03-02  14:20:00 Tue root INFO mes_plc_r2
2021-03-02  14:20:00 Tue root INFO 读取插入数据库数据：{'product_type': '\n\x07250 TJ1\x00', 'r1_equipment_status': '5267', 'fail_code': '48', 'recerve': '0', 'prod_num': 237, 'r1_rob_no': '4', 'r1_weld_line_no': '0', 'r1_electric': '181.58274841308594', 'r1_voltage': '13.129340171813965', 'r1_speed': '0.0', 'r1_job': '0', 'r2_rob_no': '104', 'r2_weld_line_no': '0', 'r2_electric': '0.0', 'r2_voltage': '0.0', 'r2_speed': '0.0', 'r2_job': '0', 'replace_status': '0', 'part_status': '0', 'r1_protective_gas': '361', 'r1_welding_wire': '0', 'r2_protective_gas': '0', 'r2_welding_wire': '0', 'login_id': '\n\x00\x00\x00\x00\x00\x00\x00\x00\x00', 'login_password': '\n\x00\x00\x00\x00\x00\x00\x00\x00\x00'}
2021-03-02  14:20:00 Tue root INFO ('\n\x07250 TJ1\x00', '5267', '48', 237, '4', '0', '181.58274841308594', '13.129340171813965', '0.0', '0', '104', '0', '0.0', '0.0', '0.0', '0', '0', '361', '0', '0', '0', '\n\x00\x00\x00\x00\x00\x00\x00\x00\x00', '\n\x00\x00\x00\x00\x00\x00\x00\x00\x00', '0', '0', '2021-03-02 14:20:00')
2021-03-02  14:20:00 Tue root INFO 成功添加数据
2021-03-02  14:20:00 Tue root INFO mes_plc_r3
2021-03-02  14:20:01 Tue root INFO 读取插入数据库数据：{'product_type': '\n\x07250 TJ3\x00', 'r1_equipment_status': '7315', 'fail_code': '48', 'recerve': '0', 'prod_num': 242, 'r1_rob_no': '4', 'r1_weld_line_no': '0', 'r1_electric': '183.6226806640625', 'r1_voltage': '13.852720260620117', 'r1_speed': '0.0', 'r1_job': '0', 'r2_rob_no': '104', 'r2_weld_line_no': '0', 'r2_electric': '0.0', 'r2_voltage': '0.0', 'r2_speed': '0.0', 'r2_job': '0', 'replace_status': '0', 'part_status': '0', 'r1_protective_gas': '301', 'r1_welding_wire': '0', 'r2_protective_gas': '0', 'r2_welding_wire': '0', 'login_id': '\n\x00\x00\x00\x00\x00\x00\x00\x00\x00', 'login_password': '\n\x00\x00\x00\x00\x00\x00\x00\x00\x00'}
2021-03-02  14:20:01 Tue root INFO ('\n\x07250 TJ3\x00', '7315', '48', 242, '4', '0', '183.6226806640625', '13.852720260620117', '0.0', '0', '104', '0', '0.0', '0.0', '0.0', '0', '0', '301', '0', '0', '0', '\n\x00\x00\x00\x00\x00\x00\x00\x00\x00', '\n\x00\x00\x00\x00\x00\x00\x00\x00\x00', '0', '0', '2021-03-02 14:20:01')
2021-03-02  14:20:01 Tue root INFO 成功添加数据
2021-03-02  14:20:01 Tue root INFO mes_plc_r4
2021-03-02  14:20:01 Tue root INFO 读取插入数据库数据：{'product_type': '\n\x07250 PCB\x00', 'r1_equipment_status': '2567', 'fail_code': '12853', 'recerve': '12320', 'prod_num': 23130, 'r1_rob_no': '18944', 'r1_weld_line_no': '0', 'r1_electric': '9.727692471237622e-22', 'r1_voltage': '1.8216880036222622e-44', 'r1_speed': '3.6734198463196485e-40', 'r1_job': '17207', 'r2_rob_no': '1934', 'r2_weld_line_no': '16722', 'r2_electric': '-1.5845632502852868e+29', 'r2_voltage': '0.0', 'r2_speed': '9.550891600431086e-39', 'r2_job': '0', 'replace_status': '0', 'part_status': '0', 'r1_protective_gas': '0', 'r1_welding_wire': '0', 'r2_protective_gas': '0', 'r2_welding_wire': '0', 'login_password': '\n\x00\x00\x00\x00\x00\x00\x00\x00\x00'}
2021-03-02  14:20:01 Tue root ERROR 读取插入数据库失败错误: 'login_id'
2021-03-02  14:20:01 Tue root INFO mes_plc_r5
2021-03-02  14:20:01 Tue root INFO 读取插入数据库数据：{'product_type': '\n\x00\x00\x00\x00\x00\x00\x00\x00\x00', 'r1_equipment_status': '2560', 'fail_code': '0', 'recerve': '0', 'prod_num': 0, 'r1_rob_no': '0', 'r1_weld_line_no': '0', 'r1_electric': '1.8870057723865944e-24', 'r1_voltage': '0.0', 'r1_speed': '0.0', 'r1_job': '17203', 'r2_rob_no': '-4361', 'r2_weld_line_no': '16726', 'r2_electric': '-1.678941941083721e+19', 'r2_voltage': '0.0', 'r2_speed': '0.0', 'r2_job': '17203', 'replace_status': '27041', 'part_status': '16726', 'r1_protective_gas': '-31099', 'r1_welding_wire': '0', 'r2_protective_gas': '0', 'r2_welding_wire': '0', 'login_id': '\x00\x00\x00\x00\x00\x00\x00\x00\x00\x00', 'login_password': '\n\x00\x00\x00\x00\x00\x00\x00\x00\x00'}
2021-03-02  14:20:01 Tue root INFO ('\n\x00\x00\x00\x00\x00\x00\x00\x00\x00', '2560', '0', 0, '0', '0', '1.8870057723865944e-24', '0.0', '0.0', '17203', '-4361', '16726', '-1.678941941083721e+19', '0.0', '0.0', '17203', '27041', '-31099', '0', '0', '0', '\x00\x00\x00\x00\x00\x00\x00\x00\x00\x00', '\n\x00\x00\x00\x00\x00\x00\x00\x00\x00', '16726', '0', '2021-03-02 14:20:01')
2021-03-02  14:20:01 Tue root INFO 成功添加数据
2021-03-02  14:20:01 Tue root INFO mes_plc_r6
2021-03-02  14:20:02 Tue root INFO 读取插入数据库数据：{'product_type': '\n\x00\x00\x00\x00\x00\x00\x00\x00\x00', 'r1_equipment_status': '2560', 'fail_code': '0', 'recerve': '0', 'prod_num': 0, 'r1_rob_no': '0', 'r1_weld_line_no': '0', 'r1_electric': '0.0', 'r1_voltage': '9.183815862507343e-40', 'r1_speed': '0.0', 'r1_job': '0', 'r2_rob_no': '0', 'r2_weld_line_no': '0', 'r2_electric': '0.0', 'r2_voltage': '0.0', 'r2_speed': '0.0', 'r2_job': '0', 'replace_status': '0', 'part_status': '0', 'r1_protective_gas': '0', 'r1_welding_wire': '0', 'r2_protective_gas': '0', 'r2_welding_wire': '0', 'login_id': '\x00\x00\x00\x00\x00\x00\x00\x00\x00\x00', 'login_password': '\n\x00\x00\x00\x00\x00\x00\x00\x00\x00'}
2021-03-02  14:20:02 Tue root INFO ('\n\x00\x00\x00\x00\x00\x00\x00\x00\x00', '2560', '0', 0, '0', '0', '0.0', '9.183815862507343e-40', '0.0', '0', '0', '0', '0.0', '0.0', '0.0', '0', '0', '0', '0', '0', '0', '\x00\x00\x00\x00\x00\x00\x00\x00\x00\x00', '\n\x00\x00\x00\x00\x00\x00\x00\x00\x00', '0', '0', '2021-03-02 14:20:02')
2021-03-02  14:20:02 Tue root INFO 成功添加数据
2021-03-02  14:21:23 Tue root INFO PLC1连接失败
2021-03-02  14:21:23 Tue root INFO plc连接状态:[0, 1, 1, 1, 1, 1]
2021-03-02  14:21:23 Tue root INFO mes_plc_r2
2021-03-02  14:21:23 Tue root INFO 读取插入数据库数据：{'product_type': '\n\x07250 TJ1\x00', 'r1_equipment_status': '5267', 'fail_code': '48', 'recerve': '0', 'prod_num': 237, 'r1_rob_no': '4', 'r1_weld_line_no': '0', 'r1_electric': '181.640625', 'r1_voltage': '13.129340171813965', 'r1_speed': '0.0', 'r1_job': '0', 'r2_rob_no': '104', 'r2_weld_line_no': '0', 'r2_electric': '0.0', 'r2_voltage': '0.0', 'r2_speed': '0.0', 'r2_job': '0', 'replace_status': '0', 'part_status': '0', 'r1_protective_gas': '361', 'r1_welding_wire': '0', 'r2_protective_gas': '0', 'r2_welding_wire': '0', 'login_id': '\n\x00\x00\x00\x00\x00\x00\x00\x00\x00', 'login_password': '\n\x00\x00\x00\x00\x00\x00\x00\x00\x00'}
2021-03-02  14:21:23 Tue root INFO ('\n\x07250 TJ1\x00', '5267', '48', 237, '4', '0', '181.640625', '13.129340171813965', '0.0', '0', '104', '0', '0.0', '0.0', '0.0', '0', '0', '361', '0', '0', '0', '\n\x00\x00\x00\x00\x00\x00\x00\x00\x00', '\n\x00\x00\x00\x00\x00\x00\x00\x00\x00', '0', '0', '2021-03-02 14:21:23')
2021-03-02  14:21:23 Tue root INFO 成功添加数据
2021-03-02  14:21:23 Tue root INFO mes_plc_r3
2021-03-02  14:21:23 Tue root INFO 读取插入数据库数据：{'product_type': '\n\x07250 TJ3\x00', 'r1_equipment_status': '7315', 'fail_code': '48', 'recerve': '0', 'prod_num': 242, 'r1_rob_no': '4', 'r1_weld_line_no': '0', 'r1_electric': '183.73841857910156', 'r1_voltage': '13.838252067565918', 'r1_speed': '0.0', 'r1_job': '0', 'r2_rob_no': '104', 'r2_weld_line_no': '0', 'r2_electric': '0.0', 'r2_voltage': '0.0', 'r2_speed': '0.0', 'r2_job': '0', 'replace_status': '0', 'part_status': '0', 'r1_protective_gas': '301', 'r1_welding_wire': '0', 'r2_protective_gas': '0', 'r2_welding_wire': '0', 'login_id': '\n\x00\x00\x00\x00\x00\x00\x00\x00\x00', 'login_password': '\n\x00\x00\x00\x00\x00\x00\x00\x00\x00'}
2021-03-02  14:21:23 Tue root INFO ('\n\x07250 TJ3\x00', '7315', '48', 242, '4', '0', '183.73841857910156', '13.838252067565918', '0.0', '0', '104', '0', '0.0', '0.0', '0.0', '0', '0', '301', '0', '0', '0', '\n\x00\x00\x00\x00\x00\x00\x00\x00\x00', '\n\x00\x00\x00\x00\x00\x00\x00\x00\x00', '0', '0', '2021-03-02 14:21:23')
2021-03-02  14:21:23 Tue root INFO 成功添加数据
2021-03-02  14:21:23 Tue root INFO mes_plc_r4
2021-03-02  14:21:23 Tue root INFO 读取插入数据库数据：{'product_type': '\n\x00\x00\x00\x00\x00\x00\x00\x00\x00', 'r1_equipment_status': '7315', 'fail_code': '48', 'recerve': '0', 'prod_num': 13, 'r1_rob_no': '0', 'r1_weld_line_no': '0', 'r1_electric': '183.08738708496094', 'r1_voltage': '13.165510177612305', 'r1_speed': '0.0', 'r1_job': '0', 'r2_rob_no': '0', 'r2_weld_line_no': '0', 'r2_electric': '0.0', 'r2_voltage': '0.0', 'r2_speed': '0.0', 'r2_job': '0', 'replace_status': '0', 'part_status': '0', 'r1_protective_gas': '932', 'r1_welding_wire': '0', 'r2_protective_gas': '0', 'r2_welding_wire': '0', 'login_id': '\n\x00\x00\x00\x00\x00\x00\x00\x00\x00', 'login_password': '\n\x00\x00\x00\x00\x00\x00\x00\x00\x00'}
2021-03-02  14:21:23 Tue root INFO ('\n\x00\x00\x00\x00\x00\x00\x00\x00\x00', '7315', '48', 13, '0', '0', '183.08738708496094', '13.165510177612305', '0.0', '0', '0', '0', '0.0', '0.0', '0.0', '0', '0', '932', '0', '0', '0', '\n\x00\x00\x00\x00\x00\x00\x00\x00\x00', '\n\x00\x00\x00\x00\x00\x00\x00\x00\x00', '0', '0', '2021-03-02 14:21:23')
2021-03-02  14:21:23 Tue root INFO 成功添加数据
2021-03-02  14:21:23 Tue root INFO mes_plc_r5
2021-03-02  14:21:24 Tue root INFO 读取插入数据库数据：{'product_type': '\n\x00\x00\x00\x00\x00\x00\x00\x00\x00', 'r1_equipment_status': '2560', 'fail_code': '0', 'recerve': '0', 'prod_num': 0, 'r1_rob_no': '0', 'r1_weld_line_no': '0', 'r1_electric': '1.8870057723865944e-24', 'r1_voltage': '0.0', 'r1_speed': '0.0', 'r1_job': '17203', 'r2_rob_no': '-17635', 'r2_weld_line_no': '16727', 'r2_electric': '-4.301500743989133e-26', 'r2_voltage': '0.0', 'r2_speed': '0.0', 'r2_job': '17203', 'replace_status': '24197', 'part_status': '16726', 'r1_protective_gas': '26852', 'r1_welding_wire': '0', 'r2_protective_gas': '0', 'r2_welding_wire': '0', 'login_id': '\x00\x00\x00\x00\x00\x00\x00\x00\x00\x00', 'login_password': '\n\x00\x00\x00\x00\x00\x00\x00\x00\x00'}
2021-03-02  14:21:24 Tue root INFO ('\n\x00\x00\x00\x00\x00\x00\x00\x00\x00', '2560', '0', 0, '0', '0', '1.8870057723865944e-24', '0.0', '0.0', '17203', '-17635', '16727', '-4.301500743989133e-26', '0.0', '0.0', '17203', '24197', '26852', '0', '0', '0', '\x00\x00\x00\x00\x00\x00\x00\x00\x00\x00', '\n\x00\x00\x00\x00\x00\x00\x00\x00\x00', '16726', '0', '2021-03-02 14:21:24')
2021-03-02  14:21:24 Tue root INFO 成功添加数据
2021-03-02  14:21:24 Tue root INFO mes_plc_r6
2021-03-02  14:21:24 Tue root INFO 读取插入数据库数据：{'product_type': '\n\x00\x00\x00\x00\x00\x00\x00\x00\x00', 'r1_equipment_status': '2560', 'fail_code': '0', 'recerve': '0', 'prod_num': 0, 'r1_rob_no': '0', 'r1_weld_line_no': '0', 'r1_electric': '0.0', 'r1_voltage': '9.183815862507343e-40', 'r1_speed': '0.0', 'r1_job': '0', 'r2_rob_no': '0', 'r2_weld_line_no': '0', 'r2_electric': '0.0', 'r2_voltage': '0.0', 'r2_speed': '0.0', 'r2_job': '0', 'replace_status': '0', 'part_status': '0', 'r1_protective_gas': '0', 'r1_welding_wire': '0', 'r2_protective_gas': '0', 'r2_welding_wire': '0', 'login_id': '\x00\x00\x00\x00\x00\x00\x00\x00\x00\x00', 'login_password': '\n\x00\x00\x00\x00\x00\x00\x00\x00\x00'}
2021-03-02  14:21:24 Tue root INFO ('\n\x00\x00\x00\x00\x00\x00\x00\x00\x00', '2560', '0', 0, '0', '0', '0.0', '9.183815862507343e-40', '0.0', '0', '0', '0', '0.0', '0.0', '0.0', '0', '0', '0', '0', '0', '0', '\x00\x00\x00\x00\x00\x00\x00\x00\x00\x00', '\n\x00\x00\x00\x00\x00\x00\x00\x00\x00', '0', '0', '2021-03-02 14:21:24')
2021-03-02  14:21:24 Tue root INFO 成功添加数据
2021-03-02  14:22:45 Tue root INFO PLC1连接失败
2021-03-02  14:22:45 Tue root INFO plc连接状态:[0, 1, 1, 1, 1, 1]
2021-03-02  14:22:45 Tue root INFO mes_plc_r2
2021-03-02  14:22:45 Tue root INFO 读取插入数据库数据：{'product_type': '\n\x07250 TJ1\x00', 'r1_equipment_status': '5185', 'fail_code': '48', 'recerve': '0', 'prod_num': 237, 'r1_rob_no': '4', 'r1_weld_line_no': '0', 'r1_electric': '181.5972137451172', 'r1_voltage': '12.405961036682129', 'r1_speed': '0.0', 'r1_job': '0', 'r2_rob_no': '104', 'r2_weld_line_no': '0', 'r2_electric': '0.0', 'r2_voltage': '0.0', 'r2_speed': '0.0', 'r2_job': '0', 'replace_status': '0', 'part_status': '0', 'r1_protective_gas': '371', 'r1_welding_wire': '0', 'r2_protective_gas': '0', 'r2_welding_wire': '0', 'login_id': '\n\x00\x00\x00\x00\x00\x00\x00\x00\x00', 'login_password': '\n\x00\x00\x00\x00\x00\x00\x00\x00\x00'}
2021-03-02  14:22:45 Tue root INFO ('\n\x07250 TJ1\x00', '5185', '48', 237, '4', '0', '181.5972137451172', '12.405961036682129', '0.0', '0', '104', '0', '0.0', '0.0', '0.0', '0', '0', '371', '0', '0', '0', '\n\x00\x00\x00\x00\x00\x00\x00\x00\x00', '\n\x00\x00\x00\x00\x00\x00\x00\x00\x00', '0', '0', '2021-03-02 14:22:45')
2021-03-02  14:22:45 Tue root INFO 成功添加数据
2021-03-02  14:22:45 Tue root INFO mes_plc_r3
2021-03-02  14:22:46 Tue root INFO 读取插入数据库数据：{'product_type': '\n\x07250 TJ3\x00', 'r1_equipment_status': '7315', 'fail_code': '48', 'recerve': '0', 'prod_num': 242, 'r1_rob_no': '4', 'r1_weld_line_no': '0', 'r1_electric': '183.81076049804688', 'r1_voltage': '13.827401161193848', 'r1_speed': '0.0', 'r1_job': '0', 'r2_rob_no': '104', 'r2_weld_line_no': '0', 'r2_electric': '0.0', 'r2_voltage': '0.0', 'r2_speed': '0.0', 'r2_job': '0', 'replace_status': '0', 'part_status': '0', 'r1_protective_gas': '301', 'r1_welding_wire': '0', 'r2_protective_gas': '0', 'r2_welding_wire': '0', 'login_id': '\n\x00\x00\x00\x00\x00\x00\x00\x00\x00', 'login_password': '\n\x00\x00\x00\x00\x00\x00\x00\x00\x00'}
2021-03-02  14:22:46 Tue root INFO ('\n\x07250 TJ3\x00', '7315', '48', 242, '4', '0', '183.81076049804688', '13.827401161193848', '0.0', '0', '104', '0', '0.0', '0.0', '0.0', '0', '0', '301', '0', '0', '0', '\n\x00\x00\x00\x00\x00\x00\x00\x00\x00', '\n\x00\x00\x00\x00\x00\x00\x00\x00\x00', '0', '0', '2021-03-02 14:22:46')
2021-03-02  14:22:46 Tue root INFO 成功添加数据
2021-03-02  14:22:46 Tue root INFO mes_plc_r4
2021-03-02  14:22:46 Tue root INFO 读取插入数据库数据：{'product_type': '\n\x00\x00\x00\x00\x00\x00\x00\x00\x00', 'r1_equipment_status': '7315', 'fail_code': '48', 'recerve': '0', 'prod_num': 13, 'r1_rob_no': '0', 'r1_weld_line_no': '0', 'r1_electric': '183.1018524169922', 'r1_voltage': '13.14742374420166', 'r1_speed': '0.0', 'r1_job': '0', 'r2_rob_no': '0', 'r2_weld_line_no': '0', 'r2_electric': '0.0', 'r2_voltage': '0.0', 'r2_speed': '0.0', 'r2_job': '0', 'replace_status': '0', 'part_status': '0', 'r1_protective_gas': '932', 'r1_welding_wire': '0', 'r2_protective_gas': '0', 'r2_welding_wire': '0', 'login_id': '\n\x00\x00\x00\x00\x00\x00\x00\x00\x00', 'login_password': '\n\x00\x00\x00\x00\x00\x00\x00\x00\x00'}
2021-03-02  14:22:46 Tue root INFO ('\n\x00\x00\x00\x00\x00\x00\x00\x00\x00', '7315', '48', 13, '0', '0', '183.1018524169922', '13.14742374420166', '0.0', '0', '0', '0', '0.0', '0.0', '0.0', '0', '0', '932', '0', '0', '0', '\n\x00\x00\x00\x00\x00\x00\x00\x00\x00', '\n\x00\x00\x00\x00\x00\x00\x00\x00\x00', '0', '0', '2021-03-02 14:22:46')
2021-03-02  14:22:46 Tue root INFO 成功添加数据
2021-03-02  14:22:46 Tue root INFO mes_plc_r5
2021-03-02  14:22:46 Tue root INFO 读取插入数据库数据：{'product_type': '\n\x00\x00\x00\x00\x00\x00\x00\x00\x00', 'r1_equipment_status': '2560', 'fail_code': '0', 'recerve': '0', 'prod_num': 0, 'r1_rob_no': '0', 'r1_weld_line_no': '0', 'r1_electric': '1.8870057723865944e-24', 'r1_voltage': '0.0', 'r1_speed': '0.0', 'r1_job': '17203', 'r2_rob_no': '-6258', 'r2_weld_line_no': '16727', 'r2_electric': '-1.1381514713908342e+37', 'r2_voltage': '0.0', 'r2_speed': '0.0', 'r2_job': '17203', 'replace_status': '27041', 'part_status': '16726', 'r1_protective_gas': '-31099', 'r1_welding_wire': '0', 'r2_protective_gas': '0', 'r2_welding_wire': '0', 'login_id': '\x00\x00\x00\x00\x00\x00\x00\x00\x00\x00', 'login_password': '\n\x00\x00\x00\x00\x00\x00\x00\x00\x00'}
2021-03-02  14:22:46 Tue root INFO ('\n\x00\x00\x00\x00\x00\x00\x00\x00\x00', '2560', '0', 0, '0', '0', '1.8870057723865944e-24', '0.0', '0.0', '17203', '-6258', '16727', '-1.1381514713908342e+37', '0.0', '0.0', '17203', '27041', '-31099', '0', '0', '0', '\x00\x00\x00\x00\x00\x00\x00\x00\x00\x00', '\n\x00\x00\x00\x00\x00\x00\x00\x00\x00', '16726', '0', '2021-03-02 14:22:46')
2021-03-02  14:22:46 Tue root INFO 成功添加数据
2021-03-02  14:22:46 Tue root INFO mes_plc_r6
2021-03-02  14:22:47 Tue root INFO 读取插入数据库数据：{'product_type': '\n\x00\x00\x00\x00\x00\x00\x00\x00\x00', 'r1_equipment_status': '2560', 'fail_code': '0', 'recerve': '0', 'prod_num': 0, 'r1_rob_no': '0', 'r1_weld_line_no': '0', 'r1_electric': '0.0', 'r1_voltage': '9.183815862507343e-40', 'r1_speed': '0.0', 'r1_job': '0', 'r2_rob_no': '0', 'r2_weld_line_no': '0', 'r2_electric': '0.0', 'r2_voltage': '0.0', 'r2_speed': '0.0', 'r2_job': '0', 'replace_status': '0', 'part_status': '0', 'r1_protective_gas': '0', 'r1_welding_wire': '0', 'r2_protective_gas': '0', 'r2_welding_wire': '0', 'login_id': '\x00\x00\x00\x00\x00\x00\x00\x00\x00\x00', 'login_password': '\n\x00\x00\x00\x00\x00\x00\x00\x00\x00'}
2021-03-02  14:22:47 Tue root INFO ('\n\x00\x00\x00\x00\x00\x00\x00\x00\x00', '2560', '0', 0, '0', '0', '0.0', '9.183815862507343e-40', '0.0', '0', '0', '0', '0.0', '0.0', '0.0', '0', '0', '0', '0', '0', '0', '\x00\x00\x00\x00\x00\x00\x00\x00\x00\x00', '\n\x00\x00\x00\x00\x00\x00\x00\x00\x00', '0', '0', '2021-03-02 14:22:47')
2021-03-02  14:22:47 Tue root INFO 成功添加数据
2021-03-02  14:24:08 Tue root INFO PLC1连接失败
2021-03-02  14:24:08 Tue root INFO plc连接状态:[0, 1, 1, 1, 1, 1]
2021-03-02  14:24:08 Tue root INFO mes_plc_r2
2021-03-02  14:24:08 Tue root INFO 读取插入数据库数据：{'product_type': '\n\x07250 TJ1\x00', 'r1_equipment_status': '5267', 'fail_code': '48', 'recerve': '0', 'prod_num': 237, 'r1_rob_no': '4', 'r1_weld_line_no': '0', 'r1_electric': '181.5972137451172', 'r1_voltage': '13.151041984558105', 'r1_speed': '0.0', 'r1_job': '0', 'r2_rob_no': '104', 'r2_weld_line_no': '0', 'r2_electric': '0.0', 'r2_voltage': '0.0', 'r2_speed': '0.0', 'r2_job': '0', 'replace_status': '0', 'part_status': '0', 'r1_protective_gas': '392', 'r1_welding_wire': '0', 'r2_protective_gas': '0', 'r2_welding_wire': '0', 'login_id': '\n\x00\x00\x00\x00\x00\x00\x00\x00\x00', 'login_password': '\n\x00\x00\x00\x00\x00\x00\x00\x00\x00'}
2021-03-02  14:24:08 Tue root INFO ('\n\x07250 TJ1\x00', '5267', '48', 237, '4', '0', '181.5972137451172', '13.151041984558105', '0.0', '0', '104', '0', '0.0', '0.0', '0.0', '0', '0', '392', '0', '0', '0', '\n\x00\x00\x00\x00\x00\x00\x00\x00\x00', '\n\x00\x00\x00\x00\x00\x00\x00\x00\x00', '0', '0', '2021-03-02 14:24:08')
2021-03-02  14:24:08 Tue root INFO 成功添加数据
2021-03-02  14:24:08 Tue root INFO mes_plc_r3
2021-03-02  14:24:08 Tue root INFO 读取插入数据库数据：{'product_type': '\n\x07250 TJ3\x00', 'r1_equipment_status': '7315', 'fail_code': '48', 'recerve': '0', 'prod_num': 242, 'r1_rob_no': '4', 'r1_weld_line_no': '0', 'r1_electric': '183.9120330810547', 'r1_voltage': '13.823784828186035', 'r1_speed': '0.0', 'r1_job': '0', 'r2_rob_no': '104', 'r2_weld_line_no': '0', 'r2_electric': '0.0', 'r2_voltage': '0.0', 'r2_speed': '0.0', 'r2_job': '0', 'replace_status': '0', 'part_status': '0', 'r1_protective_gas': '301', 'r1_welding_wire': '0', 'r2_protective_gas': '0', 'r2_welding_wire': '0', 'login_id': '\n\x00\x00\x00\x00\x00\x00\x00\x00\x00', 'login_password': '\n\x00\x00\x00\x00\x00\x00\x00\x00\x00'}
2021-03-02  14:24:08 Tue root INFO ('\n\x07250 TJ3\x00', '7315', '48', 242, '4', '0', '183.9120330810547', '13.823784828186035', '0.0', '0', '104', '0', '0.0', '0.0', '0.0', '0', '0', '301', '0', '0', '0', '\n\x00\x00\x00\x00\x00\x00\x00\x00\x00', '\n\x00\x00\x00\x00\x00\x00\x00\x00\x00', '0', '0', '2021-03-02 14:24:08')
2021-03-02  14:24:08 Tue root INFO 成功添加数据
2021-03-02  14:24:08 Tue root INFO mes_plc_r4
2021-03-02  14:24:09 Tue root INFO 读取插入数据库数据：{'product_type': '\n\x07250 PCB\x00', 'r1_equipment_status': '7233', 'fail_code': '48', 'recerve': '0', 'prod_num': 13, 'r1_rob_no': '4', 'r1_weld_line_no': '0', 'r1_electric': '182.94271850585938', 'r1_voltage': '-15.397135734558105', 'r1_speed': '0.0', 'r1_job': '0', 'r2_rob_no': '0', 'r2_weld_line_no': '0', 'r2_electric': '0.0', 'r2_voltage': '0.0', 'r2_speed': '0.0', 'r2_job': '0', 'replace_status': '0', 'part_status': '0', 'r1_protective_gas': '947', 'r1_welding_wire': '0', 'r2_protective_gas': '0', 'r2_welding_wire': '0', 'login_id': '\n\x00\x00\x00\x00\x00\x00\x00\x00\x00', 'login_password': '\n\x00\x00\x00\x00\x00\x00\x00\x00\x00'}
2021-03-02  14:24:09 Tue root INFO ('\n\x07250 PCB\x00', '7233', '48', 13, '4', '0', '182.94271850585938', '-15.397135734558105', '0.0', '0', '0', '0', '0.0', '0.0', '0.0', '0', '0', '947', '0', '0', '0', '\n\x00\x00\x00\x00\x00\x00\x00\x00\x00', '\n\x00\x00\x00\x00\x00\x00\x00\x00\x00', '0', '0', '2021-03-02 14:24:09')
2021-03-02  14:24:09 Tue root INFO 成功添加数据
2021-03-02  14:24:09 Tue root INFO mes_plc_r5
2021-03-02  14:24:09 Tue root INFO 读取插入数据库数据：{'product_type': '\n\x00\x00\x00\x00\x00\x00\x00\x00\x00', 'r1_equipment_status': '6162', 'fail_code': '0', 'recerve': '0', 'prod_num': 0, 'r1_rob_no': '0', 'r1_weld_line_no': '0', 'r1_electric': '179.91897583007812', 'r1_voltage': '13.44039249420166', 'r1_speed': '0.0', 'r1_job': '0', 'r2_rob_no': '0', 'r2_weld_line_no': '0', 'r2_electric': '179.3692169189453', 'r2_voltage': '13.404224395751953', 'r2_speed': '0.0', 'r2_job': '0', 'replace_status': '0', 'part_status': '0', 'r1_protective_gas': '0', 'r1_welding_wire': '0', 'r2_protective_gas': '0', 'r2_welding_wire': '0', 'login_id': '\n\x00\x00\x00\x00\x00\x00\x00\x00\x00', 'login_password': '\n\x00\x00\x00\x00\x00\x00\x00\x00\x00'}
2021-03-02  14:24:09 Tue root INFO ('\n\x00\x00\x00\x00\x00\x00\x00\x00\x00', '6162', '0', 0, '0', '0', '179.91897583007812', '13.44039249420166', '0.0', '0', '0', '0', '179.3692169189453', '13.404224395751953', '0.0', '0', '0', '0', '0', '0', '0', '\n\x00\x00\x00\x00\x00\x00\x00\x00\x00', '\n\x00\x00\x00\x00\x00\x00\x00\x00\x00', '0', '0', '2021-03-02 14:24:09')
2021-03-02  14:24:09 Tue root INFO 成功添加数据
2021-03-02  14:24:09 Tue root INFO mes_plc_r6
2021-03-02  14:24:09 Tue root INFO 读取插入数据库数据：{'product_type': '\n\x00\x00\x00\x00\x00\x00\x00\x00\x00', 'r1_equipment_status': '2560', 'fail_code': '0', 'recerve': '0', 'prod_num': 0, 'r1_rob_no': '0', 'r1_weld_line_no': '0', 'r1_electric': '0.0', 'r1_voltage': '9.183815862507343e-40', 'r1_speed': '0.0', 'r1_job': '0', 'r2_rob_no': '0', 'r2_weld_line_no': '0', 'r2_electric': '0.0', 'r2_voltage': '0.0', 'r2_speed': '0.0', 'r2_job': '0', 'replace_status': '0', 'part_status': '0', 'r1_protective_gas': '0', 'r1_welding_wire': '0', 'r2_protective_gas': '0', 'r2_welding_wire': '0', 'login_id': '\x00\x00\x00\x00\x00\x00\x00\x00\x00\x00', 'login_password': '\n\x00\x00\x00\x00\x00\x00\x00\x00\x00'}
2021-03-02  14:24:09 Tue root INFO ('\n\x00\x00\x00\x00\x00\x00\x00\x00\x00', '2560', '0', 0, '0', '0', '0.0', '9.183815862507343e-40', '0.0', '0', '0', '0', '0.0', '0.0', '0.0', '0', '0', '0', '0', '0', '0', '\x00\x00\x00\x00\x00\x00\x00\x00\x00\x00', '\n\x00\x00\x00\x00\x00\x00\x00\x00\x00', '0', '0', '2021-03-02 14:24:09')
2021-03-02  14:24:09 Tue root INFO 成功添加数据
2021-03-02  14:25:30 Tue root INFO PLC1连接失败
2021-03-02  14:25:30 Tue root INFO plc连接状态:[0, 1, 1, 1, 1, 1]
2021-03-02  14:25:30 Tue root INFO mes_plc_r2
2021-03-02  14:25:31 Tue root INFO 读取插入数据库数据：{'product_type': '\n\x07250 TJ1\x00', 'r1_equipment_status': '5267', 'fail_code': '48', 'recerve': '0', 'prod_num': 237, 'r1_rob_no': '4', 'r1_weld_line_no': '0', 'r1_electric': '181.5393524169922', 'r1_voltage': '13.14742374420166', 'r1_speed': '0.0', 'r1_job': '0', 'r2_rob_no': '104', 'r2_weld_line_no': '0', 'r2_electric': '0.0', 'r2_voltage': '0.0', 'r2_speed': '0.0', 'r2_job': '0', 'replace_status': '0', 'part_status': '0', 'r1_protective_gas': '392', 'r1_welding_wire': '0', 'r2_protective_gas': '0', 'r2_welding_wire': '0', 'login_id': '\n\x00\x00\x00\x00\x00\x00\x00\x00\x00', 'login_password': '\n\x00\x00\x00\x00\x00\x00\x00\x00\x00'}
2021-03-02  14:25:31 Tue root INFO ('\n\x07250 TJ1\x00', '5267', '48', 237, '4', '0', '181.5393524169922', '13.14742374420166', '0.0', '0', '104', '0', '0.0', '0.0', '0.0', '0', '0', '392', '0', '0', '0', '\n\x00\x00\x00\x00\x00\x00\x00\x00\x00', '\n\x00\x00\x00\x00\x00\x00\x00\x00\x00', '0', '0', '2021-03-02 14:25:31')
2021-03-02  14:25:31 Tue root INFO 成功添加数据
2021-03-02  14:25:31 Tue root INFO mes_plc_r3
2021-03-02  14:25:31 Tue root INFO 读取插入数据库数据：{'product_type': '\n\x07250 TJ3\x00', 'r1_equipment_status': '7315', 'fail_code': '48', 'recerve': '0', 'prod_num': 242, 'r1_rob_no': '4', 'r1_weld_line_no': '0', 'r1_electric': '183.92649841308594', 'r1_voltage': '13.823784828186035', 'r1_speed': '0.0', 'r1_job': '0', 'r2_rob_no': '104', 'r2_weld_line_no': '0', 'r2_electric': '0.0', 'r2_voltage': '0.0', 'r2_speed': '0.0', 'r2_job': '0', 'replace_status': '0', 'part_status': '0', 'r1_protective_gas': '301', 'r1_welding_wire': '0', 'r2_protective_gas': '0', 'r2_welding_wire': '0', 'login_id': '\n\x00\x00\x00\x00\x00\x00\x00\x00\x00', 'login_password': '\n\x00\x00\x00\x00\x00\x00\x00\x00\x00'}
2021-03-02  14:25:31 Tue root INFO ('\n\x07250 TJ3\x00', '7315', '48', 242, '4', '0', '183.92649841308594', '13.823784828186035', '0.0', '0', '104', '0', '0.0', '0.0', '0.0', '0', '0', '301', '0', '0', '0', '\n\x00\x00\x00\x00\x00\x00\x00\x00\x00', '\n\x00\x00\x00\x00\x00\x00\x00\x00\x00', '0', '0', '2021-03-02 14:25:31')
2021-03-02  14:25:31 Tue root INFO 成功添加数据
2021-03-02  14:25:31 Tue root INFO mes_plc_r4
2021-03-02  14:25:31 Tue root INFO 读取插入数据库数据：{'product_type': '\n\x07250 PCB\x00', 'r1_equipment_status': '7315', 'fail_code': '48', 'recerve': '0', 'prod_num': 13, 'r1_rob_no': '4', 'r1_weld_line_no': '0', 'r1_electric': '183.1018524169922', 'r1_voltage': '13.187210083007812', 'r1_speed': '0.0', 'r1_job': '0', 'r2_rob_no': '0', 'r2_weld_line_no': '0', 'r2_electric': '0.0', 'r2_voltage': '0.0', 'r2_speed': '0.0', 'r2_job': '0', 'replace_status': '0', 'part_status': '0', 'r1_protective_gas': '976', 'r1_welding_wire': '0', 'r2_protective_gas': '0', 'r2_welding_wire': '0', 'login_id': '\n\x00\x00\x00\x00\x00\x00\x00\x00\x00', 'login_password': '\n\x00\x00\x00\x00\x00\x00\x00\x00\x00'}
2021-03-02  14:25:31 Tue root INFO ('\n\x07250 PCB\x00', '7315', '48', 13, '4', '0', '183.1018524169922', '13.187210083007812', '0.0', '0', '0', '0', '0.0', '0.0', '0.0', '0', '0', '976', '0', '0', '0', '\n\x00\x00\x00\x00\x00\x00\x00\x00\x00', '\n\x00\x00\x00\x00\x00\x00\x00\x00\x00', '0', '0', '2021-03-02 14:25:31')
2021-03-02  14:25:31 Tue root INFO 成功添加数据
2021-03-02  14:25:31 Tue root INFO mes_plc_r5
2021-03-02  14:25:32 Tue root INFO 读取插入数据库数据：{'product_type': '\n\x00\x00\x00\x00\x00\x00\x00\x00\x00', 'r1_equipment_status': '6162', 'fail_code': '0', 'recerve': '0', 'prod_num': 0, 'r1_rob_no': '0', 'r1_weld_line_no': '0', 'r1_electric': '179.93345642089844', 'r1_voltage': '13.422308921813965', 'r1_speed': '0.0', 'r1_job': '0', 'r2_rob_no': '0', 'r2_weld_line_no': '0', 'r2_electric': '179.3981475830078', 'r2_voltage': '13.407841682434082', 'r2_speed': '0.0', 'r2_job': '0', 'replace_status': '0', 'part_status': '0', 'r1_protective_gas': '0', 'r1_welding_wire': '0', 'r2_protective_gas': '0', 'r2_welding_wire': '0', 'login_id': '\n\x00\x00\x00\x00\x00\x00\x00\x00\x00', 'login_password': '\n\x00\x00\x00\x00\x00\x00\x00\x00\x00'}
2021-03-02  14:25:32 Tue root INFO ('\n\x00\x00\x00\x00\x00\x00\x00\x00\x00', '6162', '0', 0, '0', '0', '179.93345642089844', '13.422308921813965', '0.0', '0', '0', '0', '179.3981475830078', '13.407841682434082', '0.0', '0', '0', '0', '0', '0', '0', '\n\x00\x00\x00\x00\x00\x00\x00\x00\x00', '\n\x00\x00\x00\x00\x00\x00\x00\x00\x00', '0', '0', '2021-03-02 14:25:32')
2021-03-02  14:25:32 Tue root INFO 成功添加数据
2021-03-02  14:25:32 Tue root INFO mes_plc_r6
2021-03-02  14:25:32 Tue root INFO 读取插入数据库数据：{'product_type': '\n\x00\x00\x00\x00\x00\x00\x00\x00\x00', 'r1_equipment_status': '2560', 'fail_code': '0', 'recerve': '0', 'prod_num': 0, 'r1_rob_no': '0', 'r1_weld_line_no': '0', 'r1_electric': '0.0', 'r1_voltage': '9.183815862507343e-40', 'r1_speed': '0.0', 'r1_job': '0', 'r2_rob_no': '0', 'r2_weld_line_no': '0', 'r2_electric': '0.0', 'r2_voltage': '0.0', 'r2_speed': '0.0', 'r2_job': '0', 'replace_status': '0', 'part_status': '0', 'r1_protective_gas': '0', 'r1_welding_wire': '0', 'r2_protective_gas': '0', 'r2_welding_wire': '0', 'login_id': '\x00\x00\x00\x00\x00\x00\x00\x00\x00\x00', 'login_password': '\n\x00\x00\x00\x00\x00\x00\x00\x00\x00'}
2021-03-02  14:25:32 Tue root INFO ('\n\x00\x00\x00\x00\x00\x00\x00\x00\x00', '2560', '0', 0, '0', '0', '0.0', '9.183815862507343e-40', '0.0', '0', '0', '0', '0.0', '0.0', '0.0', '0', '0', '0', '0', '0', '0', '\x00\x00\x00\x00\x00\x00\x00\x00\x00\x00', '\n\x00\x00\x00\x00\x00\x00\x00\x00\x00', '0', '0', '2021-03-02 14:25:32')
2021-03-02  14:25:32 Tue root INFO 成功添加数据
2021-03-02  14:26:53 Tue root INFO PLC1连接失败
2021-03-02  14:26:53 Tue root INFO plc连接状态:[0, 1, 1, 1, 1, 1]
2021-03-02  14:26:53 Tue root INFO mes_plc_r2
2021-03-02  14:26:53 Tue root INFO 读取插入数据库数据：{'product_type': '\n\x07250 TJ1\x00', 'r1_equipment_status': '5138', 'fail_code': '48', 'recerve': '0', 'prod_num': 237, 'r1_rob_no': '4', 'r1_weld_line_no': '0', 'r1_electric': '181.5682830810547', 'r1_voltage': '13.12210750579834', 'r1_speed': '0.0', 'r1_job': '0', 'r2_rob_no': '104', 'r2_weld_line_no': '0', 'r2_electric': '0.0', 'r2_voltage': '0.0', 'r2_speed': '0.0', 'r2_job': '0', 'replace_status': '0', 'part_status': '0', 'r1_protective_gas': '405', 'r1_welding_wire': '0', 'r2_protective_gas': '0', 'r2_welding_wire': '0', 'login_id': '\n\x00\x00\x00\x00\x00\x00\x00\x00\x00', 'login_password': '\n\x00\x00\x00\x00\x00\x00\x00\x00\x00'}
2021-03-02  14:26:53 Tue root INFO ('\n\x07250 TJ1\x00', '5138', '48', 237, '4', '0', '181.5682830810547', '13.12210750579834', '0.0', '0', '104', '0', '0.0', '0.0', '0.0', '0', '0', '405', '0', '0', '0', '\n\x00\x00\x00\x00\x00\x00\x00\x00\x00', '\n\x00\x00\x00\x00\x00\x00\x00\x00\x00', '0', '0', '2021-03-02 14:26:53')
2021-03-02  14:26:53 Tue root INFO 成功添加数据
2021-03-02  14:26:53 Tue root INFO mes_plc_r3
2021-03-02  14:26:54 Tue root INFO 读取插入数据库数据：{'product_type': '\n\x07250 TJ3\x00', 'r1_equipment_status': '7315', 'fail_code': '48', 'recerve': '0', 'prod_num': 242, 'r1_rob_no': '4', 'r1_weld_line_no': '0', 'r1_electric': '183.99884033203125', 'r1_voltage': '13.823784828186035', 'r1_speed': '0.0', 'r1_job': '0', 'r2_rob_no': '104', 'r2_weld_line_no': '0', 'r2_electric': '0.0', 'r2_voltage': '0.0', 'r2_speed': '0.0', 'r2_job': '0', 'replace_status': '0', 'part_status': '0', 'r1_protective_gas': '301', 'r1_welding_wire': '0', 'r2_protective_gas': '0', 'r2_welding_wire': '0', 'login_id': '\n\x00\x00\x00\x00\x00\x00\x00\x00\x00', 'login_password': '\n\x00\x00\x00\x00\x00\x00\x00\x00\x00'}
2021-03-02  14:26:54 Tue root INFO ('\n\x07250 TJ3\x00', '7315', '48', 242, '4', '0', '183.99884033203125', '13.823784828186035', '0.0', '0', '104', '0', '0.0', '0.0', '0.0', '0', '0', '301', '0', '0', '0', '\n\x00\x00\x00\x00\x00\x00\x00\x00\x00', '\n\x00\x00\x00\x00\x00\x00\x00\x00\x00', '0', '0', '2021-03-02 14:26:54')
2021-03-02  14:26:54 Tue root INFO 成功添加数据
2021-03-02  14:26:54 Tue root INFO mes_plc_r4
2021-03-02  14:26:54 Tue root INFO 读取插入数据库数据：{'product_type': '\n\x07250 PCB\x00', 'r1_equipment_status': '7315', 'fail_code': '48', 'recerve': '0', 'prod_num': 13, 'r1_rob_no': '4', 'r1_weld_line_no': '0', 'r1_electric': '183.1018524169922', 'r1_voltage': '13.151041984558105', 'r1_speed': '0.0', 'r1_job': '0', 'r2_rob_no': '0', 'r2_weld_line_no': '0', 'r2_electric': '0.0', 'r2_voltage': '0.0', 'r2_speed': '0.0', 'r2_job': '0', 'replace_status': '0', 'part_status': '0', 'r1_protective_gas': '976', 'r1_welding_wire': '0', 'r2_protective_gas': '0', 'r2_welding_wire': '0', 'login_id': '\n\x00\x00\x00\x00\x00\x00\x00\x00\x00', 'login_password': '\n\x00\x00\x00\x00\x00\x00\x00\x00\x00'}
2021-03-02  14:26:54 Tue root INFO ('\n\x07250 PCB\x00', '7315', '48', 13, '4', '0', '183.1018524169922', '13.151041984558105', '0.0', '0', '0', '0', '0.0', '0.0', '0.0', '0', '0', '976', '0', '0', '0', '\n\x00\x00\x00\x00\x00\x00\x00\x00\x00', '\n\x00\x00\x00\x00\x00\x00\x00\x00\x00', '0', '0', '2021-03-02 14:26:54')
2021-03-02  14:26:54 Tue root INFO 成功添加数据
2021-03-02  14:26:54 Tue root INFO mes_plc_r5
2021-03-02  14:26:54 Tue root INFO 读取插入数据库数据：{'product_type': '\n\x00\x00\x00\x00\x00\x00\x00\x00\x00', 'r1_equipment_status': '6162', 'fail_code': '0', 'recerve': '0', 'prod_num': 0, 'r1_rob_no': '0', 'r1_weld_line_no': '0', 'r1_electric': '179.93345642089844', 'r1_voltage': '13.429543495178223', 'r1_speed': '0.0', 'r1_job': '0', 'r2_rob_no': '0', 'r2_weld_line_no': '0', 'r2_electric': '179.41261291503906', 'r2_voltage': '13.38975715637207', 'r2_speed': '0.0', 'r2_job': '0', 'replace_status': '0', 'part_status': '0', 'r1_protective_gas': '0', 'r1_welding_wire': '0', 'r2_protective_gas': '0', 'r2_welding_wire': '0', 'login_id': '\n\x00\x00\x00\x00\x00\x00\x00\x00\x00', 'login_password': '\n\x00\x00\x00\x00\x00\x00\x00\x00\x00'}
2021-03-02  14:26:54 Tue root INFO ('\n\x00\x00\x00\x00\x00\x00\x00\x00\x00', '6162', '0', 0, '0', '0', '179.93345642089844', '13.429543495178223', '0.0', '0', '0', '0', '179.41261291503906', '13.38975715637207', '0.0', '0', '0', '0', '0', '0', '0', '\n\x00\x00\x00\x00\x00\x00\x00\x00\x00', '\n\x00\x00\x00\x00\x00\x00\x00\x00\x00', '0', '0', '2021-03-02 14:26:54')
2021-03-02  14:26:54 Tue root INFO 成功添加数据
2021-03-02  14:26:54 Tue root INFO mes_plc_r6
2021-03-02  14:26:55 Tue root INFO 读取插入数据库数据：{'product_type': '\n\x00\x00\x00\x00\x00\x00\x00\x00\x00', 'r1_equipment_status': '0', 'fail_code': '0', 'recerve': '10', 'prod_num': 19, 'r1_rob_no': '0', 'r1_weld_line_no': '0', 'r1_electric': '0.0', 'r1_voltage': '0.0', 'r1_speed': '0.0', 'r1_job': '0', 'r2_rob_no': '0', 'r2_weld_line_no': '0', 'r2_electric': '0.0', 'r2_voltage': '0.0', 'r2_speed': '0.0', 'r2_job': '0', 'replace_status': '0', 'part_status': '0', 'r1_protective_gas': '0', 'r1_welding_wire': '0', 'r2_protective_gas': '0', 'r2_welding_wire': '0', 'login_id': '\n\x00\x00\x00\x00\x00\x00\x00\x00\x00', 'login_password': '\n\x00\x00\x00\x00\x00\x00\x00\x00\x00'}
2021-03-02  14:26:55 Tue root INFO ('\n\x00\x00\x00\x00\x00\x00\x00\x00\x00', '0', '0', 19, '0', '0', '0.0', '0.0', '0.0', '0', '0', '0', '0.0', '0.0', '0.0', '0', '0', '0', '0', '0', '0', '\n\x00\x00\x00\x00\x00\x00\x00\x00\x00', '\n\x00\x00\x00\x00\x00\x00\x00\x00\x00', '0', '10', '2021-03-02 14:26:55')
2021-03-02  14:26:55 Tue root INFO 成功添加数据
2021-03-02  14:27:55 Tue root INFO PLC1连接成功
2021-03-02  14:27:55 Tue root INFO plc连接状态:[1, 1, 1, 1, 1, 1]
2021-03-02  14:27:55 Tue root INFO mes_plc
2021-03-02  14:27:55 Tue root INFO 读取插入数据库数据：{'product_type': '\n\x07250 YDG\x00', 'r1_equipment_status': '2567', 'fail_code': '12853', 'recerve': '12320', 'prod_num': 23108, 'r1_rob_no': '18176', 'r1_weld_line_no': '0', 'r1_electric': '1.654370691436918e-24', 'r1_voltage': '6.165713243029195e-44', 'r1_speed': '3.6734198463196485e-40', 'r1_job': '17220', 'r2_rob_no': '-12933', 'r2_weld_line_no': '16721', 'r2_electric': '-1.6047303883528737e-22', 'r2_voltage': '0.0', 'r2_speed': '9.550891600431086e-39', 'r2_job': '0', 'replace_status': '0', 'part_status': '0', 'r1_protective_gas': '0', 'r1_welding_wire': '0', 'r2_protective_gas': '0', 'r2_welding_wire': '0', 'login_id': '\x00\x00\x00\x00\x00\x00\x00\x00\x00\x00', 'login_password': '\n\x00\x00\x00\x00\x00\x00\x00\x00\x00'}
2021-03-02  14:27:55 Tue root INFO ('\n\x07250 YDG\x00', '2567', '12853', 23108, '18176', '0', '1.654370691436918e-24', '6.165713243029195e-44', '3.6734198463196485e-40', '17220', '-12933', '16721', '-1.6047303883528737e-22', '0.0', '9.550891600431086e-39', '0', '0', '0', '0', '0', '0', '\x00\x00\x00\x00\x00\x00\x00\x00\x00\x00', '\n\x00\x00\x00\x00\x00\x00\x00\x00\x00', '0', '12320', '2021-03-02 14:27:55')
2021-03-02  14:27:55 Tue root INFO 成功添加数据
2021-03-02  14:27:55 Tue root INFO mes_plc_r2
2021-03-02  14:27:55 Tue root INFO 读取插入数据库数据：{'product_type': '\n\x07250 TJ1\x00', 'r1_equipment_status': '5139', 'fail_code': '48', 'recerve': '0', 'prod_num': 237, 'r1_rob_no': '4', 'r1_weld_line_no': '0', 'r1_electric': '181.6116943359375', 'r1_voltage': '13.132956504821777', 'r1_speed': '0.0', 'r1_job': '0', 'r2_rob_no': '104', 'r2_weld_line_no': '0', 'r2_electric': '0.0', 'r2_voltage': '0.0', 'r2_speed': '0.0', 'r2_job': '0', 'replace_status': '0', 'part_status': '0', 'r1_protective_gas': '419', 'r1_welding_wire': '0', 'r2_protective_gas': '0', 'r2_welding_wire': '0', 'login_id': '\n\x00\x00\x00\x00\x00\x00\x00\x00\x00', 'login_password': '\n\x00\x00\x00\x00\x00\x00\x00\x00\x00'}
2021-03-02  14:27:55 Tue root INFO ('\n\x07250 TJ1\x00', '5139', '48', 237, '4', '0', '181.6116943359375', '13.132956504821777', '0.0', '0', '104', '0', '0.0', '0.0', '0.0', '0', '0', '419', '0', '0', '0', '\n\x00\x00\x00\x00\x00\x00\x00\x00\x00', '\n\x00\x00\x00\x00\x00\x00\x00\x00\x00', '0', '0', '2021-03-02 14:27:55')
2021-03-02  14:27:55 Tue root INFO 成功添加数据
2021-03-02  14:27:55 Tue root INFO mes_plc_r3
2021-03-02  14:27:56 Tue root INFO 读取插入数据库数据：{'product_type': '\n\x07250 TJ3\x00', 'r1_equipment_status': '7315', 'fail_code': '48', 'recerve': '0', 'prod_num': 242, 'r1_rob_no': '4', 'r1_weld_line_no': '0', 'r1_electric': '184.0277862548828', 'r1_voltage': '13.823784828186035', 'r1_speed': '0.0', 'r1_job': '0', 'r2_rob_no': '104', 'r2_weld_line_no': '0', 'r2_electric': '0.0', 'r2_voltage': '0.0', 'r2_speed': '0.0', 'r2_job': '0', 'replace_status': '0', 'part_status': '0', 'r1_protective_gas': '301', 'r1_welding_wire': '0', 'r2_protective_gas': '0', 'r2_welding_wire': '0', 'login_id': '\n\x00\x00\x00\x00\x00\x00\x00\x00\x00', 'login_password': '\n\x00\x00\x00\x00\x00\x00\x00\x00\x00'}
2021-03-02  14:27:56 Tue root INFO ('\n\x07250 TJ3\x00', '7315', '48', 242, '4', '0', '184.0277862548828', '13.823784828186035', '0.0', '0', '104', '0', '0.0', '0.0', '0.0', '0', '0', '301', '0', '0', '0', '\n\x00\x00\x00\x00\x00\x00\x00\x00\x00', '\n\x00\x00\x00\x00\x00\x00\x00\x00\x00', '0', '0', '2021-03-02 14:27:56')
2021-03-02  14:27:56 Tue root INFO 成功添加数据
2021-03-02  14:27:56 Tue root INFO mes_plc_r4
2021-03-02  14:27:56 Tue root INFO 读取插入数据库数据：{'product_type': '\n\x07250 PCB\x00', 'r1_equipment_status': '6803', 'fail_code': '48', 'recerve': '0', 'prod_num': 14, 'r1_rob_no': '4', 'r1_weld_line_no': '0', 'r1_electric': '182.97164916992188', 'r1_voltage': '118.51490783691406', 'r1_speed': '0.0', 'r1_job': '0', 'r2_rob_no': '104', 'r2_weld_line_no': '0', 'r2_electric': '0.0', 'r2_voltage': '0.0', 'r2_speed': '0.0', 'r2_job': '0', 'replace_status': '0', 'part_status': '0', 'r1_protective_gas': '1002', 'r1_welding_wire': '0', 'r2_protective_gas': '0', 'r2_welding_wire': '0', 'login_id': '\n\x00\x00\x00\x00\x00\x00\x00\x00\x00', 'login_password': '\n\x00\x00\x00\x00\x00\x00\x00\x00\x00'}
2021-03-02  14:27:56 Tue root INFO ('\n\x07250 PCB\x00', '6803', '48', 14, '4', '0', '182.97164916992188', '118.51490783691406', '0.0', '0', '104', '0', '0.0', '0.0', '0.0', '0', '0', '1002', '0', '0', '0', '\n\x00\x00\x00\x00\x00\x00\x00\x00\x00', '\n\x00\x00\x00\x00\x00\x00\x00\x00\x00', '0', '0', '2021-03-02 14:27:56')
2021-03-02  14:27:56 Tue root INFO 成功添加数据
2021-03-02  14:27:56 Tue root INFO mes_plc_r5
2021-03-02  14:27:56 Tue root INFO 读取插入数据库数据：{'product_type': '\n\x00\x00\x00\x00\x00\x00\x00\x00\x00', 'r1_equipment_status': '6162', 'fail_code': '0', 'recerve': '0', 'prod_num': 0, 'r1_rob_no': '0', 'r1_weld_line_no': '0', 'r1_electric': '179.87557983398438', 'r1_voltage': '13.418692588806152', 'r1_speed': '0.0', 'r1_job': '0', 'r2_rob_no': '0', 'r2_weld_line_no': '0', 'r2_electric': '179.35475158691406', 'r2_voltage': '13.411458015441895', 'r2_speed': '0.0', 'r2_job': '0', 'replace_status': '0', 'part_status': '0', 'r1_protective_gas': '0', 'r1_welding_wire': '0', 'r2_protective_gas': '0', 'r2_welding_wire': '0', 'login_id': '\n\x00\x00\x00\x00\x00\x00\x00\x00\x00', 'login_password': '\n\x00\x00\x00\x00\x00\x00\x00\x00\x00'}
2021-03-02  14:27:56 Tue root INFO ('\n\x00\x00\x00\x00\x00\x00\x00\x00\x00', '6162', '0', 0, '0', '0', '179.87557983398438', '13.418692588806152', '0.0', '0', '0', '0', '179.35475158691406', '13.411458015441895', '0.0', '0', '0', '0', '0', '0', '0', '\n\x00\x00\x00\x00\x00\x00\x00\x00\x00', '\n\x00\x00\x00\x00\x00\x00\x00\x00\x00', '0', '0', '2021-03-02 14:27:56')
2021-03-02  14:27:56 Tue root INFO 成功添加数据
2021-03-02  14:27:56 Tue root INFO mes_plc_r6
2021-03-02  14:27:57 Tue root INFO 读取插入数据库数据：{'product_type': '\n\x00\x00\x00\x00\x00\x00\x00\x00\x00', 'r1_equipment_status': '0', 'fail_code': '0', 'recerve': '10', 'prod_num': 19, 'r1_rob_no': '0', 'r1_weld_line_no': '0', 'r1_electric': '0.0', 'r1_voltage': '0.0', 'r1_speed': '0.0', 'r1_job': '0', 'r2_rob_no': '0', 'r2_weld_line_no': '0', 'r2_electric': '0.0', 'r2_voltage': '0.0', 'r2_speed': '0.0', 'r2_job': '0', 'replace_status': '0', 'part_status': '0', 'r1_protective_gas': '0', 'r1_welding_wire': '0', 'r2_protective_gas': '0', 'r2_welding_wire': '0', 'login_id': '\n\x00\x00\x00\x00\x00\x00\x00\x00\x00', 'login_password': '\n\x00\x00\x00\x00\x00\x00\x00\x00\x00'}
2021-03-02  14:27:57 Tue root INFO ('\n\x00\x00\x00\x00\x00\x00\x00\x00\x00', '0', '0', 19, '0', '0', '0.0', '0.0', '0.0', '0', '0', '0', '0.0', '0.0', '0.0', '0', '0', '0', '0', '0', '0', '\n\x00\x00\x00\x00\x00\x00\x00\x00\x00', '\n\x00\x00\x00\x00\x00\x00\x00\x00\x00', '0', '10', '2021-03-02 14:27:57')
2021-03-02  14:27:57 Tue root INFO 成功添加数据
2021-03-02  14:28:57 Tue root INFO plc连接状态:[1, 1, 1, 1, 1, 1]
2021-03-02  14:28:57 Tue root INFO mes_plc
2021-03-02  14:28:57 Tue root INFO 读取插入数据库数据：{'product_type': '\n\x07250 YDG\x00', 'r1_equipment_status': '2567', 'fail_code': '12853', 'recerve': '12320', 'prod_num': 23108, 'r1_rob_no': '18176', 'r1_weld_line_no': '0', 'r1_electric': '1.654370691436918e-24', 'r1_voltage': '6.165713243029195e-44', 'r1_speed': '3.6734198463196485e-40', 'r1_job': '17215', 'r2_rob_no': '28520', 'r2_weld_line_no': '16722', 'r2_electric': '3.139666402779627e-28', 'r2_voltage': '0.0', 'r2_speed': '9.550891600431086e-39', 'r2_job': '0', 'replace_status': '0', 'part_status': '0', 'r1_protective_gas': '0', 'r1_welding_wire': '0', 'r2_protective_gas': '0', 'r2_welding_wire': '0', 'login_id': '\x00\x00\x00\x00\x00\x00\x00\x00\x00\x00', 'login_password': '\n\x00\x00\x00\x00\x00\x00\x00\x00\x00'}
2021-03-02  14:28:57 Tue root INFO ('\n\x07250 YDG\x00', '2567', '12853', 23108, '18176', '0', '1.654370691436918e-24', '6.165713243029195e-44', '3.6734198463196485e-40', '17215', '28520', '16722', '3.139666402779627e-28', '0.0', '9.550891600431086e-39', '0', '0', '0', '0', '0', '0', '\x00\x00\x00\x00\x00\x00\x00\x00\x00\x00', '\n\x00\x00\x00\x00\x00\x00\x00\x00\x00', '0', '12320', '2021-03-02 14:28:57')
2021-03-02  14:28:57 Tue root INFO 成功添加数据
2021-03-02  14:28:57 Tue root INFO mes_plc_r2
2021-03-02  14:28:57 Tue root INFO 读取插入数据库数据：{'product_type': '\n\x07250 TJ1\x00', 'r1_equipment_status': '5139', 'fail_code': '48', 'recerve': '0', 'prod_num': 237, 'r1_rob_no': '4', 'r1_weld_line_no': '0', 'r1_electric': '181.6116943359375', 'r1_voltage': '13.136574745178223', 'r1_speed': '0.0', 'r1_job': '0', 'r2_rob_no': '104', 'r2_weld_line_no': '0', 'r2_electric': '0.0', 'r2_voltage': '0.0', 'r2_speed': '0.0', 'r2_job': '0', 'replace_status': '0', 'part_status': '0', 'r1_protective_gas': '419', 'r1_welding_wire': '0', 'r2_protective_gas': '0', 'r2_welding_wire': '0', 'login_id': '\n\x00\x00\x00\x00\x00\x00\x00\x00\x00', 'login_password': '\n\x00\x00\x00\x00\x00\x00\x00\x00\x00'}
2021-03-02  14:28:57 Tue root INFO ('\n\x07250 TJ1\x00', '5139', '48', 237, '4', '0', '181.6116943359375', '13.136574745178223', '0.0', '0', '104', '0', '0.0', '0.0', '0.0', '0', '0', '419', '0', '0', '0', '\n\x00\x00\x00\x00\x00\x00\x00\x00\x00', '\n\x00\x00\x00\x00\x00\x00\x00\x00\x00', '0', '0', '2021-03-02 14:28:57')
2021-03-02  14:28:57 Tue root INFO 成功添加数据
2021-03-02  14:28:57 Tue root INFO mes_plc_r3
2021-03-02  14:28:58 Tue root INFO 读取插入数据库数据：{'product_type': '\n\x07250 TJ3\x00', 'r1_equipment_status': '7315', 'fail_code': '48', 'recerve': '0', 'prod_num': 242, 'r1_rob_no': '4', 'r1_weld_line_no': '0', 'r1_electric': '184.04225158691406', 'r1_voltage': '13.823784828186035', 'r1_speed': '0.0', 'r1_job': '0', 'r2_rob_no': '104', 'r2_weld_line_no': '0', 'r2_electric': '0.0', 'r2_voltage': '0.0', 'r2_speed': '0.0', 'r2_job': '0', 'replace_status': '0', 'part_status': '0', 'r1_protective_gas': '301', 'r1_welding_wire': '0', 'r2_protective_gas': '0', 'r2_welding_wire': '0', 'login_id': '\n\x00\x00\x00\x00\x00\x00\x00\x00\x00', 'login_password': '\n\x00\x00\x00\x00\x00\x00\x00\x00\x00'}
2021-03-02  14:28:58 Tue root INFO ('\n\x07250 TJ3\x00', '7315', '48', 242, '4', '0', '184.04225158691406', '13.823784828186035', '0.0', '0', '104', '0', '0.0', '0.0', '0.0', '0', '0', '301', '0', '0', '0', '\n\x00\x00\x00\x00\x00\x00\x00\x00\x00', '\n\x00\x00\x00\x00\x00\x00\x00\x00\x00', '0', '0', '2021-03-02 14:28:58')
2021-03-02  14:28:58 Tue root INFO 成功添加数据
2021-03-02  14:28:58 Tue root INFO mes_plc_r4
2021-03-02  14:28:58 Tue root INFO 读取插入数据库数据：{'product_type': '\n\x07250 PCB\x00', 'r1_equipment_status': '7315', 'fail_code': '48', 'recerve': '0', 'prod_num': 14, 'r1_rob_no': '4', 'r1_weld_line_no': '0', 'r1_electric': '183.11631774902344', 'r1_voltage': '13.17274284362793', 'r1_speed': '0.0', 'r1_job': '0', 'r2_rob_no': '104', 'r2_weld_line_no': '0', 'r2_electric': '0.0', 'r2_voltage': '0.0', 'r2_speed': '0.0', 'r2_job': '0', 'replace_status': '0', 'part_status': '0', 'r1_protective_gas': '1009', 'r1_welding_wire': '0', 'r2_protective_gas': '0', 'r2_welding_wire': '0', 'login_id': '\n\x00\x00\x00\x00\x00\x00\x00\x00\x00', 'login_password': '\n\x00\x00\x00\x00\x00\x00\x00\x00\x00'}
2021-03-02  14:28:58 Tue root INFO ('\n\x07250 PCB\x00', '7315', '48', 14, '4', '0', '183.11631774902344', '13.17274284362793', '0.0', '0', '104', '0', '0.0', '0.0', '0.0', '0', '0', '1009', '0', '0', '0', '\n\x00\x00\x00\x00\x00\x00\x00\x00\x00', '\n\x00\x00\x00\x00\x00\x00\x00\x00\x00', '0', '0', '2021-03-02 14:28:58')
2021-03-02  14:28:58 Tue root INFO 成功添加数据
2021-03-02  14:28:58 Tue root INFO mes_plc_r5
2021-03-02  14:28:58 Tue root INFO 读取插入数据库数据：{'product_type': '\n\x00\x00\x00\x00\x00\x00\x00\x00\x00', 'r1_equipment_status': '6162', 'fail_code': '0', 'recerve': '0', 'prod_num': 0, 'r1_rob_no': '0', 'r1_weld_line_no': '0', 'r1_electric': '179.94790649414062', 'r1_voltage': '13.46571159362793', 'r1_speed': '0.0', 'r1_job': '0', 'r2_rob_no': '0', 'r2_weld_line_no': '0', 'r2_electric': '179.44154357910156', 'r2_voltage': '13.404224395751953', 'r2_speed': '0.0', 'r2_job': '0', 'replace_status': '0', 'part_status': '0', 'r1_protective_gas': '0', 'r1_welding_wire': '0', 'r2_protective_gas': '0', 'r2_welding_wire': '0', 'login_id': '\n\x00\x00\x00\x00\x00\x00\x00\x00\x00', 'login_password': '\n\x00\x00\x00\x00\x00\x00\x00\x00\x00'}
2021-03-02  14:28:58 Tue root INFO ('\n\x00\x00\x00\x00\x00\x00\x00\x00\x00', '6162', '0', 0, '0', '0', '179.94790649414062', '13.46571159362793', '0.0', '0', '0', '0', '179.44154357910156', '13.404224395751953', '0.0', '0', '0', '0', '0', '0', '0', '\n\x00\x00\x00\x00\x00\x00\x00\x00\x00', '\n\x00\x00\x00\x00\x00\x00\x00\x00\x00', '0', '0', '2021-03-02 14:28:58')
2021-03-02  14:28:58 Tue root INFO 成功添加数据
2021-03-02  14:28:58 Tue root INFO mes_plc_r6
2021-03-02  14:28:59 Tue root INFO 读取插入数据库数据：{'product_type': '\n\x00\x00\x00\x00\x00\x00\x00\x00\x00', 'r1_equipment_status': '0', 'fail_code': '0', 'recerve': '10', 'prod_num': 19, 'r1_rob_no': '0', 'r1_weld_line_no': '0', 'r1_electric': '0.0', 'r1_voltage': '0.0', 'r1_speed': '0.0', 'r1_job': '0', 'r2_rob_no': '0', 'r2_weld_line_no': '0', 'r2_electric': '0.0', 'r2_voltage': '0.0', 'r2_speed': '0.0', 'r2_job': '0', 'replace_status': '0', 'part_status': '0', 'r1_protective_gas': '0', 'r1_welding_wire': '0', 'r2_protective_gas': '0', 'r2_welding_wire': '0', 'login_id': '\n\x00\x00\x00\x00\x00\x00\x00\x00\x00', 'login_password': '\n\x00\x00\x00\x00\x00\x00\x00\x00\x00'}
2021-03-02  14:28:59 Tue root INFO ('\n\x00\x00\x00\x00\x00\x00\x00\x00\x00', '0', '0', 19, '0', '0', '0.0', '0.0', '0.0', '0', '0', '0', '0.0', '0.0', '0.0', '0', '0', '0', '0', '0', '0', '\n\x00\x00\x00\x00\x00\x00\x00\x00\x00', '\n\x00\x00\x00\x00\x00\x00\x00\x00\x00', '0', '10', '2021-03-02 14:28:59')
2021-03-02  14:28:59 Tue root INFO 成功添加数据
2021-03-02  14:29:59 Tue root INFO plc连接状态:[1, 1, 1, 1, 1, 1]
2021-03-02  14:29:59 Tue root INFO mes_plc
2021-03-02  14:29:59 Tue root INFO 读取插入数据库数据：{'product_type': '\n\x07250 YDG\x00', 'r1_equipment_status': '2567', 'fail_code': '12853', 'recerve': '12320', 'prod_num': 23108, 'r1_rob_no': '18176', 'r1_weld_line_no': '0', 'r1_electric': '8.536552389161262e-22', 'r1_voltage': '6.165713243029195e-44', 'r1_speed': '3.6734198463196485e-40', 'r1_job': '17213', 'r2_rob_no': '-30151', 'r2_weld_line_no': '16722', 'r2_electric': '1.221601398924247e+17', 'r2_voltage': '0.0', 'r2_speed': '9.550891600431086e-39', 'r2_job': '0', 'replace_status': '0', 'part_status': '0', 'r1_protective_gas': '0', 'r1_welding_wire': '0', 'r2_protective_gas': '0', 'r2_welding_wire': '0', 'login_id': '\x00\x00\x00\x00\x00\x00\x00\x00\x00\x00', 'login_password': '\n\x00\x00\x00\x00\x00\x00\x00\x00\x00'}
2021-03-02  14:29:59 Tue root INFO ('\n\x07250 YDG\x00', '2567', '12853', 23108, '18176', '0', '8.536552389161262e-22', '6.165713243029195e-44', '3.6734198463196485e-40', '17213', '-30151', '16722', '1.221601398924247e+17', '0.0', '9.550891600431086e-39', '0', '0', '0', '0', '0', '0', '\x00\x00\x00\x00\x00\x00\x00\x00\x00\x00', '\n\x00\x00\x00\x00\x00\x00\x00\x00\x00', '0', '12320', '2021-03-02 14:29:59')
2021-03-02  14:29:59 Tue root INFO 成功添加数据
2021-03-02  14:29:59 Tue root INFO mes_plc_r2
2021-03-02  14:29:59 Tue root INFO 读取插入数据库数据：{'product_type': '\n\x07250 TJ1\x00', 'r1_equipment_status': '4609', 'fail_code': '48', 'recerve': '0', 'prod_num': 238, 'r1_rob_no': '4', 'r1_weld_line_no': '0', 'r1_electric': '181.6116943359375', 'r1_voltage': '13.14742374420166', 'r1_speed': '0.0', 'r1_job': '0', 'r2_rob_no': '104', 'r2_weld_line_no': '0', 'r2_electric': '0.0', 'r2_voltage': '0.0', 'r2_speed': '0.0', 'r2_job': '0', 'replace_status': '0', 'part_status': '0', 'r1_protective_gas': '429', 'r1_welding_wire': '0', 'r2_protective_gas': '0', 'r2_welding_wire': '0', 'login_id': '\n\x00\x00\x00\x00\x00\x00\x00\x00\x00', 'login_password': '\n\x00\x00\x00\x00\x00\x00\x00\x00\x00'}
2021-03-02  14:29:59 Tue root INFO ('\n\x07250 TJ1\x00', '4609', '48', 238, '4', '0', '181.6116943359375', '13.14742374420166', '0.0', '0', '104', '0', '0.0', '0.0', '0.0', '0', '0', '429', '0', '0', '0', '\n\x00\x00\x00\x00\x00\x00\x00\x00\x00', '\n\x00\x00\x00\x00\x00\x00\x00\x00\x00', '0', '0', '2021-03-02 14:29:59')
2021-03-02  14:29:59 Tue root INFO 成功添加数据
2021-03-02  14:29:59 Tue root INFO mes_plc_r3
2021-03-02  14:29:59 Tue root INFO 读取插入数据库数据：{'product_type': '\n\x07250 TJ3\x00', 'r1_equipment_status': '7315', 'fail_code': '48', 'recerve': '0', 'prod_num': 242, 'r1_rob_no': '4', 'r1_weld_line_no': '0', 'r1_electric': '184.04225158691406', 'r1_voltage': '13.823784828186035', 'r1_speed': '0.0', 'r1_job': '0', 'r2_rob_no': '104', 'r2_weld_line_no': '0', 'r2_electric': '0.0', 'r2_voltage': '0.0', 'r2_speed': '0.0', 'r2_job': '0', 'replace_status': '0', 'part_status': '0', 'r1_protective_gas': '301', 'r1_welding_wire': '0', 'r2_protective_gas': '0', 'r2_welding_wire': '0', 'login_id': '\n\x00\x00\x00\x00\x00\x00\x00\x00\x00', 'login_password': '\n\x00\x00\x00\x00\x00\x00\x00\x00\x00'}
2021-03-02  14:29:59 Tue root INFO ('\n\x07250 TJ3\x00', '7315', '48', 242, '4', '0', '184.04225158691406', '13.823784828186035', '0.0', '0', '104', '0', '0.0', '0.0', '0.0', '0', '0', '301', '0', '0', '0', '\n\x00\x00\x00\x00\x00\x00\x00\x00\x00', '\n\x00\x00\x00\x00\x00\x00\x00\x00\x00', '0', '0', '2021-03-02 14:29:59')
2021-03-02  14:30:00 Tue root INFO 成功添加数据
2021-03-02  14:30:00 Tue root INFO mes_plc_r4
2021-03-02  14:30:00 Tue root INFO 读取插入数据库数据：{'product_type': '\n\x07250 PCB\x00', 'r1_equipment_status': '7233', 'fail_code': '48', 'recerve': '0', 'prod_num': 14, 'r1_rob_no': '4', 'r1_weld_line_no': '0', 'r1_electric': '183.1307830810547', 'r1_voltage': '13.14742374420166', 'r1_speed': '0.0', 'r1_job': '0', 'r2_rob_no': '104', 'r2_weld_line_no': '0', 'r2_electric': '0.0', 'r2_voltage': '0.0', 'r2_speed': '0.0', 'r2_job': '0', 'replace_status': '0', 'part_status': '0', 'r1_protective_gas': '1012', 'r1_welding_wire': '0', 'r2_protective_gas': '0', 'r2_welding_wire': '0', 'login_id': '\n\x00\x00\x00\x00\x00\x00\x00\x00\x00', 'login_password': '\n\x00\x00\x00\x00\x00\x00\x00\x00\x00'}
2021-03-02  14:30:00 Tue root INFO ('\n\x07250 PCB\x00', '7233', '48', 14, '4', '0', '183.1307830810547', '13.14742374420166', '0.0', '0', '104', '0', '0.0', '0.0', '0.0', '0', '0', '1012', '0', '0', '0', '\n\x00\x00\x00\x00\x00\x00\x00\x00\x00', '\n\x00\x00\x00\x00\x00\x00\x00\x00\x00', '0', '0', '2021-03-02 14:30:00')
2021-03-02  14:30:00 Tue root INFO 成功添加数据
2021-03-02  14:30:00 Tue root INFO mes_plc_r5
2021-03-02  14:30:00 Tue root INFO 读取插入数据库数据：{'product_type': '\n\x00\x00\x00\x00\x00\x00\x00\x00\x00', 'r1_equipment_status': '6162', 'fail_code': '0', 'recerve': '0', 'prod_num': 0, 'r1_rob_no': '0', 'r1_weld_line_no': '0', 'r1_electric': '179.94790649414062', 'r1_voltage': '13.447627067565918', 'r1_speed': '0.0', 'r1_job': '0', 'r2_rob_no': '0', 'r2_weld_line_no': '0', 'r2_electric': '179.44154357910156', 'r2_voltage': '13.404224395751953', 'r2_speed': '0.0', 'r2_job': '0', 'replace_status': '0', 'part_status': '0', 'r1_protective_gas': '0', 'r1_welding_wire': '0', 'r2_protective_gas': '0', 'r2_welding_wire': '0', 'login_id': '\n\x00\x00\x00\x00\x00\x00\x00\x00\x00', 'login_password': '\n\x00\x00\x00\x00\x00\x00\x00\x00\x00'}
2021-03-02  14:30:00 Tue root INFO ('\n\x00\x00\x00\x00\x00\x00\x00\x00\x00', '6162', '0', 0, '0', '0', '179.94790649414062', '13.447627067565918', '0.0', '0', '0', '0', '179.44154357910156', '13.404224395751953', '0.0', '0', '0', '0', '0', '0', '0', '\n\x00\x00\x00\x00\x00\x00\x00\x00\x00', '\n\x00\x00\x00\x00\x00\x00\x00\x00\x00', '0', '0', '2021-03-02 14:30:00')
2021-03-02  14:30:00 Tue root INFO 成功添加数据
2021-03-02  14:30:00 Tue root INFO mes_plc_r6
2021-03-02  14:30:00 Tue root INFO 读取插入数据库数据：{'product_type': '\n\x00\x00\x00\x00\x00\x00\x00\x00\x00', 'r1_equipment_status': '0', 'fail_code': '0', 'recerve': '10', 'prod_num': 19, 'r1_rob_no': '0', 'r1_weld_line_no': '0', 'r1_electric': '0.0', 'r1_voltage': '0.0', 'r1_speed': '0.0', 'r1_job': '0', 'r2_rob_no': '0', 'r2_weld_line_no': '0', 'r2_electric': '0.0', 'r2_voltage': '0.0', 'r2_speed': '0.0', 'r2_job': '0', 'replace_status': '0', 'part_status': '0', 'r1_protective_gas': '0', 'r1_welding_wire': '0', 'r2_protective_gas': '0', 'r2_welding_wire': '0', 'login_id': '\n\x00\x00\x00\x00\x00\x00\x00\x00\x00', 'login_password': '\n\x00\x00\x00\x00\x00\x00\x00\x00\x00'}
2021-03-02  14:30:00 Tue root INFO ('\n\x00\x00\x00\x00\x00\x00\x00\x00\x00', '0', '0', 19, '0', '0', '0.0', '0.0', '0.0', '0', '0', '0', '0.0', '0.0', '0.0', '0', '0', '0', '0', '0', '0', '\n\x00\x00\x00\x00\x00\x00\x00\x00\x00', '\n\x00\x00\x00\x00\x00\x00\x00\x00\x00', '0', '10', '2021-03-02 14:30:00')
2021-03-02  14:30:00 Tue root INFO 成功添加数据
2021-03-02  14:31:00 Tue root INFO plc连接状态:[1, 1, 1, 1, 1, 1]
2021-03-02  14:31:00 Tue root INFO mes_plc
2021-03-02  14:31:01 Tue root INFO 读取插入数据库数据：{'product_type': '\n\x07250 YDG\x00', 'r1_equipment_status': '7297', 'fail_code': '48', 'recerve': '0', 'prod_num': 44, 'r1_rob_no': '4', 'r1_weld_line_no': '0', 'r1_electric': '188.29571533203125', 'r1_voltage': '13.154658317565918', 'r1_speed': '0.0', 'r1_job': '0', 'r2_rob_no': '104', 'r2_weld_line_no': '0', 'r2_electric': '0.0', 'r2_voltage': '0.0', 'r2_speed': '0.0', 'r2_job': '0', 'replace_status': '0', 'part_status': '0', 'r1_protective_gas': '0', 'r1_welding_wire': '0', 'r2_protective_gas': '0', 'r2_welding_wire': '0', 'login_id': '\n\x00\x00\x00\x00\x00\x00\x00\x00\x00', 'login_password': '\n\x00\x00\x00\x00\x00\x00\x00\x00\x00'}
2021-03-02  14:31:01 Tue root INFO ('\n\x07250 YDG\x00', '7297', '48', 44, '4', '0', '188.29571533203125', '13.154658317565918', '0.0', '0', '104', '0', '0.0', '0.0', '0.0', '0', '0', '0', '0', '0', '0', '\n\x00\x00\x00\x00\x00\x00\x00\x00\x00', '\n\x00\x00\x00\x00\x00\x00\x00\x00\x00', '0', '0', '2021-03-02 14:31:01')
2021-03-02  14:31:01 Tue root INFO 成功添加数据
2021-03-02  14:31:01 Tue root INFO mes_plc_r2
2021-03-02  14:31:01 Tue root INFO 读取插入数据库数据：{'product_type': '\n\x07250 TJ1\x00', 'r1_equipment_status': '5139', 'fail_code': '48', 'recerve': '0', 'prod_num': 238, 'r1_rob_no': '4', 'r1_weld_line_no': '0', 'r1_electric': '181.5972137451172', 'r1_voltage': '13.154658317565918', 'r1_speed': '0.0', 'r1_job': '0', 'r2_rob_no': '104', 'r2_weld_line_no': '0', 'r2_electric': '0.0', 'r2_voltage': '0.0', 'r2_speed': '0.0', 'r2_job': '0', 'replace_status': '0', 'part_status': '0', 'r1_protective_gas': '444', 'r1_welding_wire': '0', 'r2_protective_gas': '0', 'r2_welding_wire': '0', 'login_id': '\n\x00\x00\x00\x00\x00\x00\x00\x00\x00', 'login_password': '\n\x00\x00\x00\x00\x00\x00\x00\x00\x00'}
2021-03-02  14:31:01 Tue root INFO ('\n\x07250 TJ1\x00', '5139', '48', 238, '4', '0', '181.5972137451172', '13.154658317565918', '0.0', '0', '104', '0', '0.0', '0.0', '0.0', '0', '0', '444', '0', '0', '0', '\n\x00\x00\x00\x00\x00\x00\x00\x00\x00', '\n\x00\x00\x00\x00\x00\x00\x00\x00\x00', '0', '0', '2021-03-02 14:31:01')
2021-03-02  14:31:01 Tue root INFO 成功添加数据
2021-03-02  14:31:01 Tue root INFO mes_plc_r3
2021-03-02  14:31:01 Tue root INFO 读取插入数据库数据：{'product_type': '\n\x07250 TJ3\x00', 'r1_equipment_status': '7315', 'fail_code': '48', 'recerve': '0', 'prod_num': 242, 'r1_rob_no': '4', 'r1_weld_line_no': '0', 'r1_electric': '184.0567169189453', 'r1_voltage': '13.816550254821777', 'r1_speed': '0.0', 'r1_job': '0', 'r2_rob_no': '104', 'r2_weld_line_no': '0', 'r2_electric': '0.0', 'r2_voltage': '0.0', 'r2_speed': '0.0', 'r2_job': '0', 'replace_status': '0', 'part_status': '0', 'r1_protective_gas': '301', 'r1_welding_wire': '0', 'r2_protective_gas': '0', 'r2_welding_wire': '0', 'login_id': '\n\x00\x00\x00\x00\x00\x00\x00\x00\x00', 'login_password': '\n\x00\x00\x00\x00\x00\x00\x00\x00\x00'}
2021-03-02  14:31:01 Tue root INFO ('\n\x07250 TJ3\x00', '7315', '48', 242, '4', '0', '184.0567169189453', '13.816550254821777', '0.0', '0', '104', '0', '0.0', '0.0', '0.0', '0', '0', '301', '0', '0', '0', '\n\x00\x00\x00\x00\x00\x00\x00\x00\x00', '\n\x00\x00\x00\x00\x00\x00\x00\x00\x00', '0', '0', '2021-03-02 14:31:01')
2021-03-02  14:31:01 Tue root INFO 成功添加数据
2021-03-02  14:31:01 Tue root INFO mes_plc_r4
2021-03-02  14:31:02 Tue root INFO 读取插入数据库数据：{'product_type': '\n\x07250 PCB\x00', 'r1_equipment_status': '7233', 'fail_code': '48', 'recerve': '0', 'prod_num': 14, 'r1_rob_no': '4', 'r1_weld_line_no': '0', 'r1_electric': '183.05845642089844', 'r1_voltage': '118.51490783691406', 'r1_speed': '0.0', 'r1_job': '0', 'r2_rob_no': '104', 'r2_weld_line_no': '0', 'r2_electric': '0.0', 'r2_voltage': '0.0', 'r2_speed': '0.0', 'r2_job': '0', 'replace_status': '0', 'part_status': '0', 'r1_protective_gas': '1038', 'r1_welding_wire': '0', 'r2_protective_gas': '0', 'r2_welding_wire': '0', 'login_id': '\n\x00\x00\x00\x00\x00\x00\x00\x00\x00', 'login_password': '\n\x00\x00\x00\x00\x00\x00\x00\x00\x00'}
2021-03-02  14:31:02 Tue root INFO ('\n\x07250 PCB\x00', '7233', '48', 14, '4', '0', '183.05845642089844', '118.51490783691406', '0.0', '0', '104', '0', '0.0', '0.0', '0.0', '0', '0', '1038', '0', '0', '0', '\n\x00\x00\x00\x00\x00\x00\x00\x00\x00', '\n\x00\x00\x00\x00\x00\x00\x00\x00\x00', '0', '0', '2021-03-02 14:31:02')
2021-03-02  14:31:02 Tue root INFO 成功添加数据
2021-03-02  14:31:02 Tue root INFO mes_plc_r5
2021-03-02  14:31:02 Tue root INFO 读取插入数据库数据：{'product_type': '\n\x00\x00\x00\x00\x00\x00\x00\x00\x00', 'r1_equipment_status': '6162', 'fail_code': '0', 'recerve': '0', 'prod_num': 0, 'r1_rob_no': '0', 'r1_weld_line_no': '0', 'r1_electric': '179.87557983398438', 'r1_voltage': '13.425925254821777', 'r1_speed': '0.0', 'r1_job': '0', 'r2_rob_no': '0', 'r2_weld_line_no': '0', 'r2_electric': '179.35475158691406', 'r2_voltage': '13.40060806274414', 'r2_speed': '0.0', 'r2_job': '0', 'replace_status': '0', 'part_status': '0', 'r1_protective_gas': '0', 'r1_welding_wire': '0', 'r2_protective_gas': '0', 'r2_welding_wire': '0', 'login_id': '\n\x00\x00\x00\x00\x00\x00\x00\x00\x00', 'login_password': '\n\x00\x00\x00\x00\x00\x00\x00\x00\x00'}
2021-03-02  14:31:02 Tue root INFO ('\n\x00\x00\x00\x00\x00\x00\x00\x00\x00', '6162', '0', 0, '0', '0', '179.87557983398438', '13.425925254821777', '0.0', '0', '0', '0', '179.35475158691406', '13.40060806274414', '0.0', '0', '0', '0', '0', '0', '0', '\n\x00\x00\x00\x00\x00\x00\x00\x00\x00', '\n\x00\x00\x00\x00\x00\x00\x00\x00\x00', '0', '0', '2021-03-02 14:31:02')
2021-03-02  14:31:02 Tue root INFO 成功添加数据
2021-03-02  14:31:02 Tue root INFO mes_plc_r6
2021-03-02  14:31:02 Tue root INFO 读取插入数据库数据：{'product_type': '\n\x00\x00\x00\x00\x00\x00\x00\x00\x00', 'r1_equipment_status': '0', 'fail_code': '0', 'recerve': '10', 'prod_num': 19, 'r1_rob_no': '0', 'r1_weld_line_no': '0', 'r1_electric': '0.0', 'r1_voltage': '0.0', 'r1_speed': '0.0', 'r1_job': '0', 'r2_rob_no': '0', 'r2_weld_line_no': '0', 'r2_electric': '0.0', 'r2_voltage': '0.0', 'r2_speed': '0.0', 'r2_job': '0', 'replace_status': '0', 'part_status': '0', 'r1_protective_gas': '0', 'r1_welding_wire': '0', 'r2_protective_gas': '0', 'r2_welding_wire': '0', 'login_id': '\n\x00\x00\x00\x00\x00\x00\x00\x00\x00', 'login_password': '\n\x00\x00\x00\x00\x00\x00\x00\x00\x00'}
2021-03-02  14:31:02 Tue root INFO ('\n\x00\x00\x00\x00\x00\x00\x00\x00\x00', '0', '0', 19, '0', '0', '0.0', '0.0', '0.0', '0', '0', '0', '0.0', '0.0', '0.0', '0', '0', '0', '0', '0', '0', '\n\x00\x00\x00\x00\x00\x00\x00\x00\x00', '\n\x00\x00\x00\x00\x00\x00\x00\x00\x00', '0', '10', '2021-03-02 14:31:02')
2021-03-02  14:31:02 Tue root INFO 成功添加数据
2021-03-02  14:32:02 Tue root INFO plc连接状态:[1, 1, 1, 1, 1, 1]
2021-03-02  14:32:02 Tue root INFO mes_plc
2021-03-02  14:32:03 Tue root INFO 读取插入数据库数据：{'product_type': '\n\x07250 YDG\x00', 'r1_equipment_status': '7297', 'fail_code': '48', 'recerve': '0', 'prod_num': 44, 'r1_rob_no': '4', 'r1_weld_line_no': '0', 'r1_electric': '187.38426208496094', 'r1_voltage': '13.169126510620117', 'r1_speed': '0.0', 'r1_job': '0', 'r2_rob_no': '104', 'r2_weld_line_no': '0', 'r2_electric': '0.0', 'r2_voltage': '0.0', 'r2_speed': '0.0', 'r2_job': '0', 'replace_status': '0', 'part_status': '0', 'r1_protective_gas': '0', 'r1_welding_wire': '0', 'r2_protective_gas': '0', 'r2_welding_wire': '0', 'login_id': '\n\x00\x00\x00\x00\x00\x00\x00\x00\x00', 'login_password': '\n\x00\x00\x00\x00\x00\x00\x00\x00\x00'}
2021-03-02  14:32:03 Tue root INFO ('\n\x07250 YDG\x00', '7297', '48', 44, '4', '0', '187.38426208496094', '13.169126510620117', '0.0', '0', '104', '0', '0.0', '0.0', '0.0', '0', '0', '0', '0', '0', '0', '\n\x00\x00\x00\x00\x00\x00\x00\x00\x00', '\n\x00\x00\x00\x00\x00\x00\x00\x00\x00', '0', '0', '2021-03-02 14:32:03')
2021-03-02  14:32:03 Tue root INFO 成功添加数据
2021-03-02  14:32:03 Tue root INFO mes_plc_r2
2021-03-02  14:32:03 Tue root INFO 读取插入数据库数据：{'product_type': '\n\x07250 TJ1\x00', 'r1_equipment_status': '4609', 'fail_code': '48', 'recerve': '0', 'prod_num': 239, 'r1_rob_no': '4', 'r1_weld_line_no': '0', 'r1_electric': '181.640625', 'r1_voltage': '118.51490783691406', 'r1_speed': '0.0', 'r1_job': '0', 'r2_rob_no': '104', 'r2_weld_line_no': '0', 'r2_electric': '0.0', 'r2_voltage': '0.0', 'r2_speed': '0.0', 'r2_job': '0', 'replace_status': '0', 'part_status': '0', 'r1_protective_gas': '453', 'r1_welding_wire': '0', 'r2_protective_gas': '0', 'r2_welding_wire': '0', 'login_id': '\n\x00\x00\x00\x00\x00\x00\x00\x00\x00', 'login_password': '\n\x00\x00\x00\x00\x00\x00\x00\x00\x00'}
2021-03-02  14:32:03 Tue root INFO ('\n\x07250 TJ1\x00', '4609', '48', 239, '4', '0', '181.640625', '118.51490783691406', '0.0', '0', '104', '0', '0.0', '0.0', '0.0', '0', '0', '453', '0', '0', '0', '\n\x00\x00\x00\x00\x00\x00\x00\x00\x00', '\n\x00\x00\x00\x00\x00\x00\x00\x00\x00', '0', '0', '2021-03-02 14:32:03')
2021-03-02  14:32:03 Tue root INFO 成功添加数据
2021-03-02  14:32:03 Tue root INFO mes_plc_r3
2021-03-02  14:32:03 Tue root INFO 读取插入数据库数据：{'product_type': '\n\x07250 TJ3\x00', 'r1_equipment_status': '7315', 'fail_code': '48', 'recerve': '0', 'prod_num': 242, 'r1_rob_no': '4', 'r1_weld_line_no': '0', 'r1_electric': '184.07118225097656', 'r1_voltage': '13.823784828186035', 'r1_speed': '0.0', 'r1_job': '0', 'r2_rob_no': '104', 'r2_weld_line_no': '0', 'r2_electric': '0.0', 'r2_voltage': '0.0', 'r2_speed': '0.0', 'r2_job': '0', 'replace_status': '0', 'part_status': '0', 'r1_protective_gas': '301', 'r1_welding_wire': '0', 'r2_protective_gas': '0', 'r2_welding_wire': '0', 'login_id': '\n\x00\x00\x00\x00\x00\x00\x00\x00\x00', 'login_password': '\n\x00\x00\x00\x00\x00\x00\x00\x00\x00'}
2021-03-02  14:32:03 Tue root INFO ('\n\x07250 TJ3\x00', '7315', '48', 242, '4', '0', '184.07118225097656', '13.823784828186035', '0.0', '0', '104', '0', '0.0', '0.0', '0.0', '0', '0', '301', '0', '0', '0', '\n\x00\x00\x00\x00\x00\x00\x00\x00\x00', '\n\x00\x00\x00\x00\x00\x00\x00\x00\x00', '0', '0', '2021-03-02 14:32:03')
2021-03-02  14:32:03 Tue root INFO 成功添加数据
2021-03-02  14:32:03 Tue root INFO mes_plc_r4
2021-03-02  14:32:04 Tue root INFO 读取插入数据库数据：{'product_type': '\n\x07250 PCB\x00', 'r1_equipment_status': '7315', 'fail_code': '48', 'recerve': '0', 'prod_num': 14, 'r1_rob_no': '4', 'r1_weld_line_no': '0', 'r1_electric': '183.1018524169922', 'r1_voltage': '13.176359176635742', 'r1_speed': '0.0', 'r1_job': '0', 'r2_rob_no': '104', 'r2_weld_line_no': '0', 'r2_electric': '0.0', 'r2_voltage': '0.0', 'r2_speed': '0.0', 'r2_job': '0', 'replace_status': '0', 'part_status': '0', 'r1_protective_gas': '1054', 'r1_welding_wire': '0', 'r2_protective_gas': '0', 'r2_welding_wire': '0', 'login_id': '\n\x00\x00\x00\x00\x00\x00\x00\x00\x00', 'login_password': '\n\x00\x00\x00\x00\x00\x00\x00\x00\x00'}
2021-03-02  14:32:04 Tue root INFO ('\n\x07250 PCB\x00', '7315', '48', 14, '4', '0', '183.1018524169922', '13.176359176635742', '0.0', '0', '104', '0', '0.0', '0.0', '0.0', '0', '0', '1054', '0', '0', '0', '\n\x00\x00\x00\x00\x00\x00\x00\x00\x00', '\n\x00\x00\x00\x00\x00\x00\x00\x00\x00', '0', '0', '2021-03-02 14:32:04')
2021-03-02  14:32:04 Tue root INFO 成功添加数据
2021-03-02  14:32:04 Tue root INFO mes_plc_r5
2021-03-02  14:32:04 Tue root INFO 读取插入数据库数据：{'product_type': '\n\x00\x00\x00\x00\x00\x00\x00\x00\x00', 'r1_equipment_status': '6162', 'fail_code': '0', 'recerve': '0', 'prod_num': 0, 'r1_rob_no': '0', 'r1_weld_line_no': '0', 'r1_electric': '179.90451049804688', 'r1_voltage': '13.472946166992188', 'r1_speed': '0.0', 'r1_job': '0', 'r2_rob_no': '0', 'r2_weld_line_no': '0', 'r2_electric': '179.3692169189453', 'r2_voltage': '13.407841682434082', 'r2_speed': '0.0', 'r2_job': '0', 'replace_status': '0', 'part_status': '0', 'r1_protective_gas': '0', 'r1_welding_wire': '0', 'r2_protective_gas': '0', 'r2_welding_wire': '0', 'login_id': '\n\x00\x00\x00\x00\x00\x00\x00\x00\x00', 'login_password': '\n\x00\x00\x00\x00\x00\x00\x00\x00\x00'}
2021-03-02  14:32:04 Tue root INFO ('\n\x00\x00\x00\x00\x00\x00\x00\x00\x00', '6162', '0', 0, '0', '0', '179.90451049804688', '13.472946166992188', '0.0', '0', '0', '0', '179.3692169189453', '13.407841682434082', '0.0', '0', '0', '0', '0', '0', '0', '\n\x00\x00\x00\x00\x00\x00\x00\x00\x00', '\n\x00\x00\x00\x00\x00\x00\x00\x00\x00', '0', '0', '2021-03-02 14:32:04')
2021-03-02  14:32:04 Tue root INFO 成功添加数据
2021-03-02  14:32:04 Tue root INFO mes_plc_r6
2021-03-02  14:32:04 Tue root INFO 读取插入数据库数据：{'product_type': '\n\x00\x00\x00\x00\x00\x00\x00\x00\x00', 'r1_equipment_status': '0', 'fail_code': '0', 'recerve': '10', 'prod_num': 19, 'r1_rob_no': '0', 'r1_weld_line_no': '0', 'r1_electric': '0.0', 'r1_voltage': '0.0', 'r1_speed': '0.0', 'r1_job': '0', 'r2_rob_no': '0', 'r2_weld_line_no': '0', 'r2_electric': '0.0', 'r2_voltage': '0.0', 'r2_speed': '0.0', 'r2_job': '0', 'replace_status': '0', 'part_status': '0', 'r1_protective_gas': '0', 'r1_welding_wire': '0', 'r2_protective_gas': '0', 'r2_welding_wire': '0', 'login_id': '\n\x00\x00\x00\x00\x00\x00\x00\x00\x00', 'login_password': '\n\x00\x00\x00\x00\x00\x00\x00\x00\x00'}
2021-03-02  14:32:04 Tue root INFO ('\n\x00\x00\x00\x00\x00\x00\x00\x00\x00', '0', '0', 19, '0', '0', '0.0', '0.0', '0.0', '0', '0', '0', '0.0', '0.0', '0.0', '0', '0', '0', '0', '0', '0', '\n\x00\x00\x00\x00\x00\x00\x00\x00\x00', '\n\x00\x00\x00\x00\x00\x00\x00\x00\x00', '0', '10', '2021-03-02 14:32:04')
2021-03-02  14:32:04 Tue root INFO 成功添加数据
2021-03-02  14:33:04 Tue root INFO plc连接状态:[1, 1, 1, 1, 1, 1]
2021-03-02  14:33:04 Tue root INFO mes_plc
2021-03-02  14:33:05 Tue root INFO 读取插入数据库数据：{'product_type': '\n\x07250 YDG\x00', 'r1_equipment_status': '7297', 'fail_code': '48', 'recerve': '0', 'prod_num': 44, 'r1_rob_no': '4', 'r1_weld_line_no': '0', 'r1_electric': '186.7476806640625', 'r1_voltage': '13.176359176635742', 'r1_speed': '0.0', 'r1_job': '0', 'r2_rob_no': '104', 'r2_weld_line_no': '0', 'r2_electric': '0.0', 'r2_voltage': '0.0', 'r2_speed': '0.0', 'r2_job': '0', 'replace_status': '0', 'part_status': '0', 'r1_protective_gas': '0', 'r1_welding_wire': '0', 'r2_protective_gas': '0', 'r2_welding_wire': '0', 'login_id': '\n\x00\x00\x00\x00\x00\x00\x00\x00\x00', 'login_password': '\n\x00\x00\x00\x00\x00\x00\x00\x00\x00'}
2021-03-02  14:33:05 Tue root INFO ('\n\x07250 YDG\x00', '7297', '48', 44, '4', '0', '186.7476806640625', '13.176359176635742', '0.0', '0', '104', '0', '0.0', '0.0', '0.0', '0', '0', '0', '0', '0', '0', '\n\x00\x00\x00\x00\x00\x00\x00\x00\x00', '\n\x00\x00\x00\x00\x00\x00\x00\x00\x00', '0', '0', '2021-03-02 14:33:05')
2021-03-02  14:33:05 Tue root INFO 成功添加数据
2021-03-02  14:33:05 Tue root INFO mes_plc_r2
2021-03-02  14:33:05 Tue root INFO 读取插入数据库数据：{'product_type': '\n\x07250 TJ1\x00', 'r1_equipment_status': '5185', 'fail_code': '48', 'recerve': '0', 'prod_num': 239, 'r1_rob_no': '4', 'r1_weld_line_no': '0', 'r1_electric': '181.5393524169922', 'r1_voltage': '-9.682435989379883', 'r1_speed': '0.0', 'r1_job': '0', 'r2_rob_no': '104', 'r2_weld_line_no': '0', 'r2_electric': '0.0', 'r2_voltage': '0.0', 'r2_speed': '0.0', 'r2_job': '0', 'replace_status': '0', 'part_status': '0', 'r1_protective_gas': '476', 'r1_welding_wire': '0', 'r2_protective_gas': '0', 'r2_welding_wire': '0', 'login_id': '\n\x00\x00\x00\x00\x00\x00\x00\x00\x00', 'login_password': '\n\x00\x00\x00\x00\x00\x00\x00\x00\x00'}
2021-03-02  14:33:05 Tue root INFO ('\n\x07250 TJ1\x00', '5185', '48', 239, '4', '0', '181.5393524169922', '-9.682435989379883', '0.0', '0', '104', '0', '0.0', '0.0', '0.0', '0', '0', '476', '0', '0', '0', '\n\x00\x00\x00\x00\x00\x00\x00\x00\x00', '\n\x00\x00\x00\x00\x00\x00\x00\x00\x00', '0', '0', '2021-03-02 14:33:05')
2021-03-02  14:33:05 Tue root INFO 成功添加数据
2021-03-02  14:33:05 Tue root INFO mes_plc_r3
2021-03-02  14:33:05 Tue root INFO 读取插入数据库数据：{'product_type': '\n\x07250 TJ3\x00', 'r1_equipment_status': '7315', 'fail_code': '48', 'recerve': '0', 'prod_num': 242, 'r1_rob_no': '4', 'r1_weld_line_no': '0', 'r1_electric': '184.10011291503906', 'r1_voltage': '13.809317588806152', 'r1_speed': '0.0', 'r1_job': '0', 'r2_rob_no': '104', 'r2_weld_line_no': '0', 'r2_electric': '0.0', 'r2_voltage': '0.0', 'r2_speed': '0.0', 'r2_job': '0', 'replace_status': '0', 'part_status': '0', 'r1_protective_gas': '301', 'r1_welding_wire': '0', 'r2_protective_gas': '0', 'r2_welding_wire': '0', 'login_id': '\n\x00\x00\x00\x00\x00\x00\x00\x00\x00', 'login_password': '\n\x00\x00\x00\x00\x00\x00\x00\x00\x00'}
2021-03-02  14:33:05 Tue root INFO ('\n\x07250 TJ3\x00', '7315', '48', 242, '4', '0', '184.10011291503906', '13.809317588806152', '0.0', '0', '104', '0', '0.0', '0.0', '0.0', '0', '0', '301', '0', '0', '0', '\n\x00\x00\x00\x00\x00\x00\x00\x00\x00', '\n\x00\x00\x00\x00\x00\x00\x00\x00\x00', '0', '0', '2021-03-02 14:33:05')
2021-03-02  14:33:05 Tue root INFO 成功添加数据
2021-03-02  14:33:05 Tue root INFO mes_plc_r4
2021-03-02  14:33:06 Tue root INFO 读取插入数据库数据：{'product_type': '\n\x07250 PCB\x00', 'r1_equipment_status': '6803', 'fail_code': '48', 'recerve': '0', 'prod_num': 15, 'r1_rob_no': '4', 'r1_weld_line_no': '0', 'r1_electric': '183.08738708496094', 'r1_voltage': '13.165510177612305', 'r1_speed': '0.0', 'r1_job': '0', 'r2_rob_no': '104', 'r2_weld_line_no': '0', 'r2_electric': '0.0', 'r2_voltage': '0.0', 'r2_speed': '0.0', 'r2_job': '0', 'replace_status': '0', 'part_status': '0', 'r1_protective_gas': '1054', 'r1_welding_wire': '0', 'r2_protective_gas': '0', 'r2_welding_wire': '0', 'login_id': '\n\x00\x00\x00\x00\x00\x00\x00\x00\x00', 'login_password': '\n\x00\x00\x00\x00\x00\x00\x00\x00\x00'}
2021-03-02  14:33:06 Tue root INFO ('\n\x07250 PCB\x00', '6803', '48', 15, '4', '0', '183.08738708496094', '13.165510177612305', '0.0', '0', '104', '0', '0.0', '0.0', '0.0', '0', '0', '1054', '0', '0', '0', '\n\x00\x00\x00\x00\x00\x00\x00\x00\x00', '\n\x00\x00\x00\x00\x00\x00\x00\x00\x00', '0', '0', '2021-03-02 14:33:06')
2021-03-02  14:33:06 Tue root INFO 成功添加数据
2021-03-02  14:33:06 Tue root INFO mes_plc_r5
2021-03-02  14:33:06 Tue root INFO 读取插入数据库数据：{'product_type': '\n\x00\x00\x00\x00\x00\x00\x00\x00\x00', 'r1_equipment_status': '6162', 'fail_code': '0', 'recerve': '0', 'prod_num': 0, 'r1_rob_no': '0', 'r1_weld_line_no': '0', 'r1_electric': '179.94790649414062', 'r1_voltage': '13.44039249420166', 'r1_speed': '0.0', 'r1_job': '0', 'r2_rob_no': '0', 'r2_weld_line_no': '0', 'r2_electric': '179.35475158691406', 'r2_voltage': '13.411458015441895', 'r2_speed': '0.0', 'r2_job': '0', 'replace_status': '0', 'part_status': '0', 'r1_protective_gas': '0', 'r1_welding_wire': '0', 'r2_protective_gas': '0', 'r2_welding_wire': '0', 'login_id': '\n\x00\x00\x00\x00\x00\x00\x00\x00\x00', 'login_password': '\n\x00\x00\x00\x00\x00\x00\x00\x00\x00'}
2021-03-02  14:33:06 Tue root INFO ('\n\x00\x00\x00\x00\x00\x00\x00\x00\x00', '6162', '0', 0, '0', '0', '179.94790649414062', '13.44039249420166', '0.0', '0', '0', '0', '179.35475158691406', '13.411458015441895', '0.0', '0', '0', '0', '0', '0', '0', '\n\x00\x00\x00\x00\x00\x00\x00\x00\x00', '\n\x00\x00\x00\x00\x00\x00\x00\x00\x00', '0', '0', '2021-03-02 14:33:06')
2021-03-02  14:33:06 Tue root INFO 成功添加数据
2021-03-02  14:33:06 Tue root INFO mes_plc_r6
2021-03-02  14:33:06 Tue root INFO 读取插入数据库数据：{'product_type': '\n\x00\x00\x00\x00\x00\x00\x00\x00\x00', 'r1_equipment_status': '0', 'fail_code': '0', 'recerve': '10', 'prod_num': 19, 'r1_rob_no': '0', 'r1_weld_line_no': '0', 'r1_electric': '0.0', 'r1_voltage': '0.0', 'r1_speed': '0.0', 'r1_job': '0', 'r2_rob_no': '0', 'r2_weld_line_no': '0', 'r2_electric': '0.0', 'r2_voltage': '0.0', 'r2_speed': '0.0', 'r2_job': '0', 'replace_status': '0', 'part_status': '0', 'r1_protective_gas': '0', 'r1_welding_wire': '0', 'r2_protective_gas': '0', 'r2_welding_wire': '0', 'login_id': '\n\x00\x00\x00\x00\x00\x00\x00\x00\x00', 'login_password': '\n\x00\x00\x00\x00\x00\x00\x00\x00\x00'}
2021-03-02  14:33:06 Tue root INFO ('\n\x00\x00\x00\x00\x00\x00\x00\x00\x00', '0', '0', 19, '0', '0', '0.0', '0.0', '0.0', '0', '0', '0', '0.0', '0.0', '0.0', '0', '0', '0', '0', '0', '0', '\n\x00\x00\x00\x00\x00\x00\x00\x00\x00', '\n\x00\x00\x00\x00\x00\x00\x00\x00\x00', '0', '10', '2021-03-02 14:33:06')
2021-03-02  14:33:06 Tue root INFO 成功添加数据
2021-03-02  14:34:06 Tue root INFO plc连接状态:[1, 1, 1, 1, 1, 1]
2021-03-02  14:34:06 Tue root INFO mes_plc
2021-03-02  14:34:07 Tue root INFO 读取插入数据库数据：{'product_type': '\n\x07250 YDG\x00', 'r1_equipment_status': '7297', 'fail_code': '48', 'recerve': '0', 'prod_num': 44, 'r1_rob_no': '4', 'r1_weld_line_no': '0', 'r1_electric': '186.16897583007812', 'r1_voltage': '13.19444465637207', 'r1_speed': '0.0', 'r1_job': '0', 'r2_rob_no': '104', 'r2_weld_line_no': '0', 'r2_electric': '0.0', 'r2_voltage': '0.0', 'r2_speed': '0.0', 'r2_job': '0', 'replace_status': '0', 'part_status': '0', 'r1_protective_gas': '0', 'r1_welding_wire': '0', 'r2_protective_gas': '0', 'r2_welding_wire': '0', 'login_id': '\n\x00\x00\x00\x00\x00\x00\x00\x00\x00', 'login_password': '\n\x00\x00\x00\x00\x00\x00\x00\x00\x00'}
2021-03-02  14:34:07 Tue root INFO ('\n\x07250 YDG\x00', '7297', '48', 44, '4', '0', '186.16897583007812', '13.19444465637207', '0.0', '0', '104', '0', '0.0', '0.0', '0.0', '0', '0', '0', '0', '0', '0', '\n\x00\x00\x00\x00\x00\x00\x00\x00\x00', '\n\x00\x00\x00\x00\x00\x00\x00\x00\x00', '0', '0', '2021-03-02 14:34:07')
2021-03-02  14:34:07 Tue root INFO 成功添加数据
2021-03-02  14:34:07 Tue root INFO mes_plc_r2
2021-03-02  14:34:07 Tue root INFO 读取插入数据库数据：{'product_type': '\n\x07250 TJ1\x00', 'r1_equipment_status': '5267', 'fail_code': '48', 'recerve': '0', 'prod_num': 239, 'r1_rob_no': '4', 'r1_weld_line_no': '0', 'r1_electric': '181.52488708496094', 'r1_voltage': '13.17274284362793', 'r1_speed': '0.0', 'r1_job': '0', 'r2_rob_no': '104', 'r2_weld_line_no': '0', 'r2_electric': '0.0', 'r2_voltage': '0.0', 'r2_speed': '0.0', 'r2_job': '0', 'replace_status': '0', 'part_status': '0', 'r1_protective_gas': '501', 'r1_welding_wire': '0', 'r2_protective_gas': '0', 'r2_welding_wire': '0', 'login_id': '\n\x00\x00\x00\x00\x00\x00\x00\x00\x00', 'login_password': '\n\x00\x00\x00\x00\x00\x00\x00\x00\x00'}
2021-03-02  14:34:07 Tue root INFO ('\n\x07250 TJ1\x00', '5267', '48', 239, '4', '0', '181.52488708496094', '13.17274284362793', '0.0', '0', '104', '0', '0.0', '0.0', '0.0', '0', '0', '501', '0', '0', '0', '\n\x00\x00\x00\x00\x00\x00\x00\x00\x00', '\n\x00\x00\x00\x00\x00\x00\x00\x00\x00', '0', '0', '2021-03-02 14:34:07')
2021-03-02  14:34:07 Tue root INFO 成功添加数据
2021-03-02  14:34:07 Tue root INFO mes_plc_r3
2021-03-02  14:34:07 Tue root INFO 读取插入数据库数据：{'product_type': '\n\x07250 TJ3\x00', 'r1_equipment_status': '7233', 'fail_code': '48', 'recerve': '0', 'prod_num': 243, 'r1_rob_no': '4', 'r1_weld_line_no': '0', 'r1_electric': '184.14352416992188', 'r1_voltage': '13.823784828186035', 'r1_speed': '0.0', 'r1_job': '0', 'r2_rob_no': '104', 'r2_weld_line_no': '0', 'r2_electric': '0.0', 'r2_voltage': '0.0', 'r2_speed': '0.0', 'r2_job': '0', 'replace_status': '0', 'part_status': '0', 'r1_protective_gas': '305', 'r1_welding_wire': '0', 'r2_protective_gas': '0', 'r2_welding_wire': '0', 'login_id': '\n\x00\x00\x00\x00\x00\x00\x00\x00\x00', 'login_password': '\n\x00\x00\x00\x00\x00\x00\x00\x00\x00'}
2021-03-02  14:34:07 Tue root INFO ('\n\x07250 TJ3\x00', '7233', '48', 243, '4', '0', '184.14352416992188', '13.823784828186035', '0.0', '0', '104', '0', '0.0', '0.0', '0.0', '0', '0', '305', '0', '0', '0', '\n\x00\x00\x00\x00\x00\x00\x00\x00\x00', '\n\x00\x00\x00\x00\x00\x00\x00\x00\x00', '0', '0', '2021-03-02 14:34:07')
2021-03-02  14:34:07 Tue root INFO 成功添加数据
2021-03-02  14:34:07 Tue root INFO mes_plc_r4
2021-03-02  14:34:08 Tue root INFO 读取插入数据库数据：{'product_type': '\n\x07250 PCB\x00', 'r1_equipment_status': '6803', 'fail_code': '48', 'recerve': '0', 'prod_num': 15, 'r1_rob_no': '4', 'r1_weld_line_no': '0', 'r1_electric': '183.1018524169922', 'r1_voltage': '13.17274284362793', 'r1_speed': '0.0', 'r1_job': '0', 'r2_rob_no': '104', 'r2_weld_line_no': '0', 'r2_electric': '0.0', 'r2_voltage': '0.0', 'r2_speed': '0.0', 'r2_job': '0', 'replace_status': '0', 'part_status': '0', 'r1_protective_gas': '1080', 'r1_welding_wire': '0', 'r2_protective_gas': '0', 'r2_welding_wire': '0', 'login_id': '\n\x00\x00\x00\x00\x00\x00\x00\x00\x00', 'login_password': '\n\x00\x00\x00\x00\x00\x00\x00\x00\x00'}
2021-03-02  14:34:08 Tue root INFO ('\n\x07250 PCB\x00', '6803', '48', 15, '4', '0', '183.1018524169922', '13.17274284362793', '0.0', '0', '104', '0', '0.0', '0.0', '0.0', '0', '0', '1080', '0', '0', '0', '\n\x00\x00\x00\x00\x00\x00\x00\x00\x00', '\n\x00\x00\x00\x00\x00\x00\x00\x00\x00', '0', '0', '2021-03-02 14:34:08')
2021-03-02  14:34:08 Tue root INFO 成功添加数据
2021-03-02  14:34:08 Tue root INFO mes_plc_r5
2021-03-02  14:34:08 Tue root INFO 读取插入数据库数据：{'product_type': '\n\x00\x00\x00\x00\x00\x00\x00\x00\x00', 'r1_equipment_status': '6162', 'fail_code': '0', 'recerve': '0', 'prod_num': 0, 'r1_rob_no': '0', 'r1_weld_line_no': '0', 'r1_electric': '179.87557983398438', 'r1_voltage': '13.462095260620117', 'r1_speed': '0.0', 'r1_job': '0', 'r2_rob_no': '0', 'r2_weld_line_no': '0', 'r2_electric': '179.3981475830078', 'r2_voltage': '13.404224395751953', 'r2_speed': '0.0', 'r2_job': '0', 'replace_status': '0', 'part_status': '0', 'r1_protective_gas': '0', 'r1_welding_wire': '0', 'r2_protective_gas': '0', 'r2_welding_wire': '0', 'login_id': '\n\x00\x00\x00\x00\x00\x00\x00\x00\x00', 'login_password': '\n\x00\x00\x00\x00\x00\x00\x00\x00\x00'}
2021-03-02  14:34:08 Tue root INFO ('\n\x00\x00\x00\x00\x00\x00\x00\x00\x00', '6162', '0', 0, '0', '0', '179.87557983398438', '13.462095260620117', '0.0', '0', '0', '0', '179.3981475830078', '13.404224395751953', '0.0', '0', '0', '0', '0', '0', '0', '\n\x00\x00\x00\x00\x00\x00\x00\x00\x00', '\n\x00\x00\x00\x00\x00\x00\x00\x00\x00', '0', '0', '2021-03-02 14:34:08')
2021-03-02  14:34:08 Tue root INFO 成功添加数据
2021-03-02  14:34:08 Tue root INFO mes_plc_r6
2021-03-02  14:34:08 Tue root INFO 读取插入数据库数据：{'product_type': '\n\x00\x00\x00\x00\x00\x00\x00\x00\x00', 'r1_equipment_status': '0', 'fail_code': '0', 'recerve': '10', 'prod_num': 19, 'r1_rob_no': '0', 'r1_weld_line_no': '0', 'r1_electric': '0.0', 'r1_voltage': '0.0', 'r1_speed': '0.0', 'r1_job': '0', 'r2_rob_no': '0', 'r2_weld_line_no': '0', 'r2_electric': '0.0', 'r2_voltage': '0.0', 'r2_speed': '0.0', 'r2_job': '0', 'replace_status': '0', 'part_status': '0', 'r1_protective_gas': '0', 'r1_welding_wire': '0', 'r2_protective_gas': '0', 'r2_welding_wire': '0', 'login_id': '\n\x00\x00\x00\x00\x00\x00\x00\x00\x00', 'login_password': '\n\x00\x00\x00\x00\x00\x00\x00\x00\x00'}
2021-03-02  14:34:08 Tue root INFO ('\n\x00\x00\x00\x00\x00\x00\x00\x00\x00', '0', '0', 19, '0', '0', '0.0', '0.0', '0.0', '0', '0', '0', '0.0', '0.0', '0.0', '0', '0', '0', '0', '0', '0', '\n\x00\x00\x00\x00\x00\x00\x00\x00\x00', '\n\x00\x00\x00\x00\x00\x00\x00\x00\x00', '0', '10', '2021-03-02 14:34:08')
2021-03-02  14:34:08 Tue root INFO 成功添加数据
2021-03-02  14:35:08 Tue root INFO plc连接状态:[1, 1, 1, 1, 1, 1]
2021-03-02  14:35:08 Tue root INFO mes_plc
2021-03-02  14:35:09 Tue root INFO 读取插入数据库数据：{'product_type': '\n\x07250 YDG\x00', 'r1_equipment_status': '7315', 'fail_code': '48', 'recerve': '0', 'prod_num': 44, 'r1_rob_no': '4', 'r1_weld_line_no': '0', 'r1_electric': '185.72048950195312', 'r1_voltage': '13.190828323364258', 'r1_speed': '0.0', 'r1_job': '0', 'r2_rob_no': '104', 'r2_weld_line_no': '0', 'r2_electric': '0.0', 'r2_voltage': '0.0', 'r2_speed': '0.0', 'r2_job': '0', 'replace_status': '0', 'part_status': '0', 'r1_protective_gas': '0', 'r1_welding_wire': '0', 'r2_protective_gas': '0', 'r2_welding_wire': '0', 'login_id': '\n\x00\x00\x00\x00\x00\x00\x00\x00\x00', 'login_password': '\n\x00\x00\x00\x00\x00\x00\x00\x00\x00'}
2021-03-02  14:35:09 Tue root INFO ('\n\x07250 YDG\x00', '7315', '48', 44, '4', '0', '185.72048950195312', '13.190828323364258', '0.0', '0', '104', '0', '0.0', '0.0', '0.0', '0', '0', '0', '0', '0', '0', '\n\x00\x00\x00\x00\x00\x00\x00\x00\x00', '\n\x00\x00\x00\x00\x00\x00\x00\x00\x00', '0', '0', '2021-03-02 14:35:09')
2021-03-02  14:35:09 Tue root INFO 成功添加数据
2021-03-02  14:35:09 Tue root INFO mes_plc_r2
2021-03-02  14:35:09 Tue root INFO 读取插入数据库数据：{'product_type': '\n\x07250 TJ1\x00', 'r1_equipment_status': '4737', 'fail_code': '48', 'recerve': '0', 'prod_num': 240, 'r1_rob_no': '4', 'r1_weld_line_no': '0', 'r1_electric': '181.49595642089844', 'r1_voltage': '13.176359176635742', 'r1_speed': '0.0', 'r1_job': '0', 'r2_rob_no': '104', 'r2_weld_line_no': '0', 'r2_electric': '0.0', 'r2_voltage': '0.0', 'r2_speed': '0.0', 'r2_job': '0', 'replace_status': '0', 'part_status': '0', 'r1_protective_gas': '524', 'r1_welding_wire': '0', 'r2_protective_gas': '0', 'r2_welding_wire': '0', 'login_id': '\n\x00\x00\x00\x00\x00\x00\x00\x00\x00', 'login_password': '\n\x00\x00\x00\x00\x00\x00\x00\x00\x00'}
2021-03-02  14:35:09 Tue root INFO ('\n\x07250 TJ1\x00', '4737', '48', 240, '4', '0', '181.49595642089844', '13.176359176635742', '0.0', '0', '104', '0', '0.0', '0.0', '0.0', '0', '0', '524', '0', '0', '0', '\n\x00\x00\x00\x00\x00\x00\x00\x00\x00', '\n\x00\x00\x00\x00\x00\x00\x00\x00\x00', '0', '0', '2021-03-02 14:35:09')
2021-03-02  14:35:09 Tue root INFO 成功添加数据
2021-03-02  14:35:09 Tue root INFO mes_plc_r3
2021-03-02  14:35:09 Tue root INFO 读取插入数据库数据：{'product_type': '\n\x07250 TJ3\x00', 'r1_equipment_status': '7315', 'fail_code': '48', 'recerve': '0', 'prod_num': 243, 'r1_rob_no': '4', 'r1_weld_line_no': '0', 'r1_electric': '183.984375', 'r1_voltage': '13.874422073364258', 'r1_speed': '0.0', 'r1_job': '0', 'r2_rob_no': '104', 'r2_weld_line_no': '0', 'r2_electric': '0.0', 'r2_voltage': '0.0', 'r2_speed': '0.0', 'r2_job': '0', 'replace_status': '0', 'part_status': '0', 'r1_protective_gas': '327', 'r1_welding_wire': '0', 'r2_protective_gas': '0', 'r2_welding_wire': '0', 'login_id': '\n\x00\x00\x00\x00\x00\x00\x00\x00\x00', 'login_password': '\n\x00\x00\x00\x00\x00\x00\x00\x00\x00'}
2021-03-02  14:35:09 Tue root INFO ('\n\x07250 TJ3\x00', '7315', '48', 243, '4', '0', '183.984375', '13.874422073364258', '0.0', '0', '104', '0', '0.0', '0.0', '0.0', '0', '0', '327', '0', '0', '0', '\n\x00\x00\x00\x00\x00\x00\x00\x00\x00', '\n\x00\x00\x00\x00\x00\x00\x00\x00\x00', '0', '0', '2021-03-02 14:35:09')
2021-03-02  14:35:09 Tue root INFO 成功添加数据
2021-03-02  14:35:09 Tue root INFO mes_plc_r4
2021-03-02  14:35:09 Tue root INFO 读取插入数据库数据：{'product_type': '\n\x07250 PCB\x00', 'r1_equipment_status': '7233', 'fail_code': '48', 'recerve': '0', 'prod_num': 15, 'r1_rob_no': '4', 'r1_weld_line_no': '0', 'r1_electric': '183.05845642089844', 'r1_voltage': '-15.346498489379883', 'r1_speed': '0.0', 'r1_job': '0', 'r2_rob_no': '104', 'r2_weld_line_no': '0', 'r2_electric': '0.0', 'r2_voltage': '0.0', 'r2_speed': '0.0', 'r2_job': '0', 'replace_status': '0', 'part_status': '0', 'r1_protective_gas': '1091', 'r1_welding_wire': '0', 'r2_protective_gas': '0', 'r2_welding_wire': '0', 'login_id': '\n\x00\x00\x00\x00\x00\x00\x00\x00\x00', 'login_password': '\n\x00\x00\x00\x00\x00\x00\x00\x00\x00'}
2021-03-02  14:35:09 Tue root INFO ('\n\x07250 PCB\x00', '7233', '48', 15, '4', '0', '183.05845642089844', '-15.346498489379883', '0.0', '0', '104', '0', '0.0', '0.0', '0.0', '0', '0', '1091', '0', '0', '0', '\n\x00\x00\x00\x00\x00\x00\x00\x00\x00', '\n\x00\x00\x00\x00\x00\x00\x00\x00\x00', '0', '0', '2021-03-02 14:35:09')
2021-03-02  14:35:09 Tue root INFO 成功添加数据
2021-03-02  14:35:09 Tue root INFO mes_plc_r5
2021-03-02  14:35:10 Tue root INFO 读取插入数据库数据：{'product_type': '\n\x00\x00\x00\x00\x00\x00\x00\x00\x00', 'r1_equipment_status': '6162', 'fail_code': '0', 'recerve': '0', 'prod_num': 0, 'r1_rob_no': '0', 'r1_weld_line_no': '0', 'r1_electric': '179.90451049804688', 'r1_voltage': '13.425925254821777', 'r1_speed': '0.0', 'r1_job': '0', 'r2_rob_no': '0', 'r2_weld_line_no': '0', 'r2_electric': '179.42709350585938', 'r2_voltage': '13.40060806274414', 'r2_speed': '0.0', 'r2_job': '0', 'replace_status': '0', 'part_status': '0', 'r1_protective_gas': '0', 'r1_welding_wire': '0', 'r2_protective_gas': '0', 'r2_welding_wire': '0', 'login_id': '\n\x00\x00\x00\x00\x00\x00\x00\x00\x00', 'login_password': '\n\x00\x00\x00\x00\x00\x00\x00\x00\x00'}
2021-03-02  14:35:10 Tue root INFO ('\n\x00\x00\x00\x00\x00\x00\x00\x00\x00', '6162', '0', 0, '0', '0', '179.90451049804688', '13.425925254821777', '0.0', '0', '0', '0', '179.42709350585938', '13.40060806274414', '0.0', '0', '0', '0', '0', '0', '0', '\n\x00\x00\x00\x00\x00\x00\x00\x00\x00', '\n\x00\x00\x00\x00\x00\x00\x00\x00\x00', '0', '0', '2021-03-02 14:35:10')
2021-03-02  14:35:10 Tue root INFO 成功添加数据
2021-03-02  14:35:10 Tue root INFO mes_plc_r6
2021-03-02  14:35:10 Tue root INFO 读取插入数据库数据：{'product_type': '\n\x00\x00\x00\x00\x00\x00\x00\x00\x00', 'r1_equipment_status': '0', 'fail_code': '0', 'recerve': '10', 'prod_num': 19, 'r1_rob_no': '0', 'r1_weld_line_no': '0', 'r1_electric': '0.0', 'r1_voltage': '0.0', 'r1_speed': '0.0', 'r1_job': '0', 'r2_rob_no': '0', 'r2_weld_line_no': '0', 'r2_electric': '0.0', 'r2_voltage': '0.0', 'r2_speed': '0.0', 'r2_job': '0', 'replace_status': '0', 'part_status': '0', 'r1_protective_gas': '0', 'r1_welding_wire': '0', 'r2_protective_gas': '0', 'r2_welding_wire': '0', 'login_id': '\n\x00\x00\x00\x00\x00\x00\x00\x00\x00', 'login_password': '\n\x00\x00\x00\x00\x00\x00\x00\x00\x00'}
2021-03-02  14:35:10 Tue root INFO ('\n\x00\x00\x00\x00\x00\x00\x00\x00\x00', '0', '0', 19, '0', '0', '0.0', '0.0', '0.0', '0', '0', '0', '0.0', '0.0', '0.0', '0', '0', '0', '0', '0', '0', '\n\x00\x00\x00\x00\x00\x00\x00\x00\x00', '\n\x00\x00\x00\x00\x00\x00\x00\x00\x00', '0', '10', '2021-03-02 14:35:10')
2021-03-02  14:35:10 Tue root INFO 成功添加数据
2021-03-02  14:36:10 Tue root INFO plc连接状态:[1, 1, 1, 1, 1, 1]
2021-03-02  14:36:10 Tue root INFO mes_plc
2021-03-02  14:36:10 Tue root INFO 读取插入数据库数据：{'product_type': '\n\x07250 YDG\x00', 'r1_equipment_status': '7315', 'fail_code': '48', 'recerve': '0', 'prod_num': 44, 'r1_rob_no': '4', 'r1_weld_line_no': '0', 'r1_electric': '185.30091857910156', 'r1_voltage': '13.208911895751953', 'r1_speed': '0.0', 'r1_job': '0', 'r2_rob_no': '104', 'r2_weld_line_no': '0', 'r2_electric': '0.0', 'r2_voltage': '0.0', 'r2_speed': '0.0', 'r2_job': '0', 'replace_status': '0', 'part_status': '0', 'r1_protective_gas': '0', 'r1_welding_wire': '0', 'r2_protective_gas': '0', 'r2_welding_wire': '0', 'login_id': '\n\x00\x00\x00\x00\x00\x00\x00\x00\x00', 'login_password': '\n\x00\x00\x00\x00\x00\x00\x00\x00\x00'}
2021-03-02  14:36:10 Tue root INFO ('\n\x07250 YDG\x00', '7315', '48', 44, '4', '0', '185.30091857910156', '13.208911895751953', '0.0', '0', '104', '0', '0.0', '0.0', '0.0', '0', '0', '0', '0', '0', '0', '\n\x00\x00\x00\x00\x00\x00\x00\x00\x00', '\n\x00\x00\x00\x00\x00\x00\x00\x00\x00', '0', '0', '2021-03-02 14:36:10')
2021-03-02  14:36:10 Tue root INFO 成功添加数据
2021-03-02  14:36:10 Tue root INFO mes_plc_r2
2021-03-02  14:36:11 Tue root INFO 读取插入数据库数据：{'product_type': '\n\x07250 TJ1\x00', 'r1_equipment_status': '5267', 'fail_code': '48', 'recerve': '0', 'prod_num': 240, 'r1_rob_no': '4', 'r1_weld_line_no': '0', 'r1_electric': '181.51040649414062', 'r1_voltage': '13.158275604248047', 'r1_speed': '0.0', 'r1_job': '0', 'r2_rob_no': '104', 'r2_weld_line_no': '0', 'r2_electric': '0.0', 'r2_voltage': '0.0', 'r2_speed': '0.0', 'r2_job': '0', 'replace_status': '0', 'part_status': '0', 'r1_protective_gas': '527', 'r1_welding_wire': '0', 'r2_protective_gas': '0', 'r2_welding_wire': '0', 'login_id': '\n\x00\x00\x00\x00\x00\x00\x00\x00\x00', 'login_password': '\n\x00\x00\x00\x00\x00\x00\x00\x00\x00'}
2021-03-02  14:36:11 Tue root INFO ('\n\x07250 TJ1\x00', '5267', '48', 240, '4', '0', '181.51040649414062', '13.158275604248047', '0.0', '0', '104', '0', '0.0', '0.0', '0.0', '0', '0', '527', '0', '0', '0', '\n\x00\x00\x00\x00\x00\x00\x00\x00\x00', '\n\x00\x00\x00\x00\x00\x00\x00\x00\x00', '0', '0', '2021-03-02 14:36:11')
2021-03-02  14:36:11 Tue root INFO 成功添加数据
2021-03-02  14:36:11 Tue root INFO mes_plc_r3
2021-03-02  14:36:11 Tue root INFO 读取插入数据库数据：{'product_type': '\n\x07250 TJ3\x00', 'r1_equipment_status': '7315', 'fail_code': '48', 'recerve': '0', 'prod_num': 243, 'r1_rob_no': '4', 'r1_weld_line_no': '0', 'r1_electric': '183.96990966796875', 'r1_voltage': '13.841869354248047', 'r1_speed': '0.0', 'r1_job': '0', 'r2_rob_no': '104', 'r2_weld_line_no': '0', 'r2_electric': '0.0', 'r2_voltage': '0.0', 'r2_speed': '0.0', 'r2_job': '0', 'replace_status': '0', 'part_status': '0', 'r1_protective_gas': '327', 'r1_welding_wire': '0', 'r2_protective_gas': '0', 'r2_welding_wire': '0', 'login_id': '\n\x00\x00\x00\x00\x00\x00\x00\x00\x00', 'login_password': '\n\x00\x00\x00\x00\x00\x00\x00\x00\x00'}
2021-03-02  14:36:11 Tue root INFO ('\n\x07250 TJ3\x00', '7315', '48', 243, '4', '0', '183.96990966796875', '13.841869354248047', '0.0', '0', '104', '0', '0.0', '0.0', '0.0', '0', '0', '327', '0', '0', '0', '\n\x00\x00\x00\x00\x00\x00\x00\x00\x00', '\n\x00\x00\x00\x00\x00\x00\x00\x00\x00', '0', '0', '2021-03-02 14:36:11')
2021-03-02  14:36:11 Tue root INFO 成功添加数据
2021-03-02  14:36:11 Tue root INFO mes_plc_r4
2021-03-02  14:36:11 Tue root INFO 读取插入数据库数据：{'product_type': '\n\x07250 PCB\x00', 'r1_equipment_status': '7233', 'fail_code': '48', 'recerve': '0', 'prod_num': 15, 'r1_rob_no': '4', 'r1_weld_line_no': '0', 'r1_electric': '183.08738708496094', 'r1_voltage': '13.20529556274414', 'r1_speed': '0.0', 'r1_job': '0', 'r2_rob_no': '104', 'r2_weld_line_no': '0', 'r2_electric': '0.0', 'r2_voltage': '0.0', 'r2_speed': '0.0', 'r2_job': '0', 'replace_status': '0', 'part_status': '0', 'r1_protective_gas': '1117', 'r1_welding_wire': '0', 'r2_protective_gas': '0', 'r2_welding_wire': '0', 'login_id': '\n\x00\x00\x00\x00\x00\x00\x00\x00\x00', 'login_password': '\n\x00\x00\x00\x00\x00\x00\x00\x00\x00'}
2021-03-02  14:36:11 Tue root INFO ('\n\x07250 PCB\x00', '7233', '48', 15, '4', '0', '183.08738708496094', '13.20529556274414', '0.0', '0', '104', '0', '0.0', '0.0', '0.0', '0', '0', '1117', '0', '0', '0', '\n\x00\x00\x00\x00\x00\x00\x00\x00\x00', '\n\x00\x00\x00\x00\x00\x00\x00\x00\x00', '0', '0', '2021-03-02 14:36:11')
2021-03-02  14:36:11 Tue root INFO 成功添加数据
2021-03-02  14:36:11 Tue root INFO mes_plc_r5
2021-03-02  14:36:12 Tue root INFO 读取插入数据库数据：{'product_type': '\n\x00\x00\x00\x00\x00\x00\x00\x00\x00', 'r1_equipment_status': '6162', 'fail_code': '0', 'recerve': '0', 'prod_num': 0, 'r1_rob_no': '0', 'r1_weld_line_no': '0', 'r1_electric': '179.93345642089844', 'r1_voltage': '13.436776161193848', 'r1_speed': '0.0', 'r1_job': '0', 'r2_rob_no': '0', 'r2_weld_line_no': '0', 'r2_electric': '179.41261291503906', 'r2_voltage': '13.407841682434082', 'r2_speed': '0.0', 'r2_job': '0', 'replace_status': '0', 'part_status': '0', 'r1_protective_gas': '0', 'r1_welding_wire': '0', 'r2_protective_gas': '0', 'r2_welding_wire': '0', 'login_id': '\n\x00\x00\x00\x00\x00\x00\x00\x00\x00', 'login_password': '\n\x00\x00\x00\x00\x00\x00\x00\x00\x00'}
2021-03-02  14:36:12 Tue root INFO ('\n\x00\x00\x00\x00\x00\x00\x00\x00\x00', '6162', '0', 0, '0', '0', '179.93345642089844', '13.436776161193848', '0.0', '0', '0', '0', '179.41261291503906', '13.407841682434082', '0.0', '0', '0', '0', '0', '0', '0', '\n\x00\x00\x00\x00\x00\x00\x00\x00\x00', '\n\x00\x00\x00\x00\x00\x00\x00\x00\x00', '0', '0', '2021-03-02 14:36:12')
2021-03-02  14:36:12 Tue root INFO 成功添加数据
2021-03-02  14:36:12 Tue root INFO mes_plc_r6
2021-03-02  14:36:12 Tue root INFO 读取插入数据库数据：{'product_type': '\n\x00\x00\x00\x00\x00\x00\x00\x00\x00', 'r1_equipment_status': '0', 'fail_code': '0', 'recerve': '10', 'prod_num': 19, 'r1_rob_no': '0', 'r1_weld_line_no': '0', 'r1_electric': '0.0', 'r1_voltage': '0.0', 'r1_speed': '0.0', 'r1_job': '0', 'r2_rob_no': '0', 'r2_weld_line_no': '0', 'r2_electric': '0.0', 'r2_voltage': '0.0', 'r2_speed': '0.0', 'r2_job': '0', 'replace_status': '0', 'part_status': '0', 'r1_protective_gas': '0', 'r1_welding_wire': '0', 'r2_protective_gas': '0', 'r2_welding_wire': '0', 'login_id': '\n\x00\x00\x00\x00\x00\x00\x00\x00\x00', 'login_password': '\n\x00\x00\x00\x00\x00\x00\x00\x00\x00'}
2021-03-02  14:36:12 Tue root INFO ('\n\x00\x00\x00\x00\x00\x00\x00\x00\x00', '0', '0', 19, '0', '0', '0.0', '0.0', '0.0', '0', '0', '0', '0.0', '0.0', '0.0', '0', '0', '0', '0', '0', '0', '\n\x00\x00\x00\x00\x00\x00\x00\x00\x00', '\n\x00\x00\x00\x00\x00\x00\x00\x00\x00', '0', '10', '2021-03-02 14:36:12')
2021-03-02  14:36:12 Tue root INFO 成功添加数据
2021-03-02  14:37:12 Tue root INFO plc连接状态:[1, 1, 1, 1, 1, 1]
2021-03-02  14:37:12 Tue root INFO mes_plc
2021-03-02  14:37:12 Tue root INFO 读取插入数据库数据：{'product_type': '\n\x07250 YDG\x00', 'r1_equipment_status': '7315', 'fail_code': '48', 'recerve': '0', 'prod_num': 44, 'r1_rob_no': '4', 'r1_weld_line_no': '0', 'r1_electric': '184.92477416992188', 'r1_voltage': '13.223380088806152', 'r1_speed': '0.0', 'r1_job': '0', 'r2_rob_no': '104', 'r2_weld_line_no': '0', 'r2_electric': '0.0', 'r2_voltage': '0.0', 'r2_speed': '0.0', 'r2_job': '0', 'replace_status': '0', 'part_status': '0', 'r1_protective_gas': '0', 'r1_welding_wire': '0', 'r2_protective_gas': '0', 'r2_welding_wire': '0', 'login_id': '\n\x00\x00\x00\x00\x00\x00\x00\x00\x00', 'login_password': '\n\x00\x00\x00\x00\x00\x00\x00\x00\x00'}
2021-03-02  14:37:12 Tue root INFO ('\n\x07250 YDG\x00', '7315', '48', 44, '4', '0', '184.92477416992188', '13.223380088806152', '0.0', '0', '104', '0', '0.0', '0.0', '0.0', '0', '0', '0', '0', '0', '0', '\n\x00\x00\x00\x00\x00\x00\x00\x00\x00', '\n\x00\x00\x00\x00\x00\x00\x00\x00\x00', '0', '0', '2021-03-02 14:37:12')
2021-03-02  14:37:12 Tue root INFO 成功添加数据
2021-03-02  14:37:12 Tue root INFO mes_plc_r2
2021-03-02  14:37:12 Tue root INFO 读取插入数据库数据：{'product_type': '\n\x07250 TJ1\x00', 'r1_equipment_status': '5267', 'fail_code': '48', 'recerve': '0', 'prod_num': 240, 'r1_rob_no': '4', 'r1_weld_line_no': '0', 'r1_electric': '181.52488708496094', 'r1_voltage': '13.14742374420166', 'r1_speed': '0.0', 'r1_job': '0', 'r2_rob_no': '104', 'r2_weld_line_no': '0', 'r2_electric': '0.0', 'r2_voltage': '0.0', 'r2_speed': '0.0', 'r2_job': '0', 'replace_status': '0', 'part_status': '0', 'r1_protective_gas': '527', 'r1_welding_wire': '0', 'r2_protective_gas': '0', 'r2_welding_wire': '0', 'login_id': '\n\x00\x00\x00\x00\x00\x00\x00\x00\x00', 'login_password': '\n\x00\x00\x00\x00\x00\x00\x00\x00\x00'}
2021-03-02  14:37:12 Tue root INFO ('\n\x07250 TJ1\x00', '5267', '48', 240, '4', '0', '181.52488708496094', '13.14742374420166', '0.0', '0', '104', '0', '0.0', '0.0', '0.0', '0', '0', '527', '0', '0', '0', '\n\x00\x00\x00\x00\x00\x00\x00\x00\x00', '\n\x00\x00\x00\x00\x00\x00\x00\x00\x00', '0', '0', '2021-03-02 14:37:12')
2021-03-02  14:37:12 Tue root INFO 成功添加数据
2021-03-02  14:37:12 Tue root INFO mes_plc_r3
2021-03-02  14:37:13 Tue root INFO 读取插入数据库数据：{'product_type': '\n\x07250 TJ3\x00', 'r1_equipment_status': '7233', 'fail_code': '48', 'recerve': '0', 'prod_num': 244, 'r1_rob_no': '4', 'r1_weld_line_no': '0', 'r1_electric': '183.9554443359375', 'r1_voltage': '-3.432436227798462', 'r1_speed': '0.0', 'r1_job': '0', 'r2_rob_no': '104', 'r2_weld_line_no': '0', 'r2_electric': '0.0', 'r2_voltage': '0.0', 'r2_speed': '0.0', 'r2_job': '0', 'replace_status': '0', 'part_status': '0', 'r1_protective_gas': '332', 'r1_welding_wire': '0', 'r2_protective_gas': '0', 'r2_welding_wire': '0', 'login_id': '\n\x00\x00\x00\x00\x00\x00\x00\x00\x00', 'login_password': '\n\x00\x00\x00\x00\x00\x00\x00\x00\x00'}
2021-03-02  14:37:13 Tue root INFO ('\n\x07250 TJ3\x00', '7233', '48', 244, '4', '0', '183.9554443359375', '-3.432436227798462', '0.0', '0', '104', '0', '0.0', '0.0', '0.0', '0', '0', '332', '0', '0', '0', '\n\x00\x00\x00\x00\x00\x00\x00\x00\x00', '\n\x00\x00\x00\x00\x00\x00\x00\x00\x00', '0', '0', '2021-03-02 14:37:13')
2021-03-02  14:37:13 Tue root INFO 成功添加数据
2021-03-02  14:37:13 Tue root INFO mes_plc_r4
2021-03-02  14:37:13 Tue root INFO 读取插入数据库数据：{'product_type': '\n\x07250 PCB\x00', 'r1_equipment_status': '7315', 'fail_code': '48', 'recerve': '0', 'prod_num': 15, 'r1_rob_no': '4', 'r1_weld_line_no': '0', 'r1_electric': '183.05845642089844', 'r1_voltage': '13.187210083007812', 'r1_speed': '0.0', 'r1_job': '0', 'r2_rob_no': '104', 'r2_weld_line_no': '0', 'r2_electric': '0.0', 'r2_voltage': '0.0', 'r2_speed': '0.0', 'r2_job': '0', 'replace_status': '0', 'part_status': '0', 'r1_protective_gas': '1131', 'r1_welding_wire': '0', 'r2_protective_gas': '0', 'r2_welding_wire': '0', 'login_id': '\n\x00\x00\x00\x00\x00\x00\x00\x00\x00', 'login_password': '\n\x00\x00\x00\x00\x00\x00\x00\x00\x00'}
2021-03-02  14:37:13 Tue root INFO ('\n\x07250 PCB\x00', '7315', '48', 15, '4', '0', '183.05845642089844', '13.187210083007812', '0.0', '0', '104', '0', '0.0', '0.0', '0.0', '0', '0', '1131', '0', '0', '0', '\n\x00\x00\x00\x00\x00\x00\x00\x00\x00', '\n\x00\x00\x00\x00\x00\x00\x00\x00\x00', '0', '0', '2021-03-02 14:37:13')
2021-03-02  14:37:13 Tue root INFO 成功添加数据
2021-03-02  14:37:13 Tue root INFO mes_plc_r5
2021-03-02  14:37:13 Tue root INFO 读取插入数据库数据：{'product_type': '\n\x00\x00\x00\x00\x00\x00\x00\x00\x00', 'r1_equipment_status': '6162', 'fail_code': '0', 'recerve': '0', 'prod_num': 0, 'r1_rob_no': '0', 'r1_weld_line_no': '0', 'r1_electric': '179.99131774902344', 'r1_voltage': '13.472946166992188', 'r1_speed': '0.0', 'r1_job': '0', 'r2_rob_no': '0', 'r2_weld_line_no': '0', 'r2_electric': '179.35475158691406', 'r2_voltage': '13.411458015441895', 'r2_speed': '0.0', 'r2_job': '0', 'replace_status': '0', 'part_status': '0', 'r1_protective_gas': '0', 'r1_welding_wire': '0', 'r2_protective_gas': '0', 'r2_welding_wire': '0', 'login_id': '\n\x00\x00\x00\x00\x00\x00\x00\x00\x00', 'login_password': '\n\x00\x00\x00\x00\x00\x00\x00\x00\x00'}
2021-03-02  14:37:13 Tue root INFO ('\n\x00\x00\x00\x00\x00\x00\x00\x00\x00', '6162', '0', 0, '0', '0', '179.99131774902344', '13.472946166992188', '0.0', '0', '0', '0', '179.35475158691406', '13.411458015441895', '0.0', '0', '0', '0', '0', '0', '0', '\n\x00\x00\x00\x00\x00\x00\x00\x00\x00', '\n\x00\x00\x00\x00\x00\x00\x00\x00\x00', '0', '0', '2021-03-02 14:37:13')
2021-03-02  14:37:13 Tue root INFO 成功添加数据
2021-03-02  14:37:13 Tue root INFO mes_plc_r6
2021-03-02  14:37:14 Tue root INFO 读取插入数据库数据：{'product_type': '\n\x00\x00\x00\x00\x00\x00\x00\x00\x00', 'r1_equipment_status': '0', 'fail_code': '0', 'recerve': '10', 'prod_num': 19, 'r1_rob_no': '0', 'r1_weld_line_no': '0', 'r1_electric': '0.0', 'r1_voltage': '0.0', 'r1_speed': '0.0', 'r1_job': '0', 'r2_rob_no': '0', 'r2_weld_line_no': '0', 'r2_electric': '0.0', 'r2_voltage': '0.0', 'r2_speed': '0.0', 'r2_job': '0', 'replace_status': '0', 'part_status': '0', 'r1_protective_gas': '0', 'r1_welding_wire': '0', 'r2_protective_gas': '0', 'r2_welding_wire': '0', 'login_id': '\n\x00\x00\x00\x00\x00\x00\x00\x00\x00', 'login_password': '\n\x00\x00\x00\x00\x00\x00\x00\x00\x00'}
2021-03-02  14:37:14 Tue root INFO ('\n\x00\x00\x00\x00\x00\x00\x00\x00\x00', '0', '0', 19, '0', '0', '0.0', '0.0', '0.0', '0', '0', '0', '0.0', '0.0', '0.0', '0', '0', '0', '0', '0', '0', '\n\x00\x00\x00\x00\x00\x00\x00\x00\x00', '\n\x00\x00\x00\x00\x00\x00\x00\x00\x00', '0', '10', '2021-03-02 14:37:14')
2021-03-02  14:37:14 Tue root INFO 成功添加数据
2021-03-02  14:38:14 Tue root INFO plc连接状态:[1, 1, 1, 1, 1, 1]
2021-03-02  14:38:14 Tue root INFO mes_plc
2021-03-02  14:38:15 Tue root INFO 读取插入数据库数据：{'product_type': '\n\x07250 YDG\x00', 'r1_equipment_status': '7315', 'fail_code': '0', 'recerve': '0', 'prod_num': 44, 'r1_rob_no': '4', 'r1_weld_line_no': '0', 'r1_electric': '184.64988708496094', 'r1_voltage': '13.230612754821777', 'r1_speed': '0.0', 'r1_job': '0', 'r2_rob_no': '104', 'r2_weld_line_no': '0', 'r2_electric': '0.0', 'r2_voltage': '0.0', 'r2_speed': '0.0', 'r2_job': '0', 'replace_status': '0', 'part_status': '0', 'r1_protective_gas': '0', 'r1_welding_wire': '0', 'r2_protective_gas': '0', 'r2_welding_wire': '0', 'login_id': '\n\x00\x00\x00\x00\x00\x00\x00\x00\x00', 'login_password': '\n\x00\x00\x00\x00\x00\x00\x00\x00\x00'}
2021-03-02  14:38:15 Tue root INFO ('\n\x07250 YDG\x00', '7315', '0', 44, '4', '0', '184.64988708496094', '13.230612754821777', '0.0', '0', '104', '0', '0.0', '0.0', '0.0', '0', '0', '0', '0', '0', '0', '\n\x00\x00\x00\x00\x00\x00\x00\x00\x00', '\n\x00\x00\x00\x00\x00\x00\x00\x00\x00', '0', '0', '2021-03-02 14:38:15')
2021-03-02  14:38:15 Tue root INFO 成功添加数据
2021-03-02  14:38:15 Tue root INFO mes_plc_r2
2021-03-02  14:38:15 Tue root INFO 读取插入数据库数据：{'product_type': '\n\x07250 TJ1\x00', 'r1_equipment_status': '5267', 'fail_code': '48', 'recerve': '0', 'prod_num': 240, 'r1_rob_no': '4', 'r1_weld_line_no': '0', 'r1_electric': '181.58274841308594', 'r1_voltage': '13.129340171813965', 'r1_speed': '0.0', 'r1_job': '0', 'r2_rob_no': '104', 'r2_weld_line_no': '0', 'r2_electric': '0.0', 'r2_voltage': '0.0', 'r2_speed': '0.0', 'r2_job': '0', 'replace_status': '0', 'part_status': '0', 'r1_protective_gas': '527', 'r1_welding_wire': '0', 'r2_protective_gas': '0', 'r2_welding_wire': '0', 'login_id': '\n\x00\x00\x00\x00\x00\x00\x00\x00\x00', 'login_password': '\n\x00\x00\x00\x00\x00\x00\x00\x00\x00'}
2021-03-02  14:38:15 Tue root INFO ('\n\x07250 TJ1\x00', '5267', '48', 240, '4', '0', '181.58274841308594', '13.129340171813965', '0.0', '0', '104', '0', '0.0', '0.0', '0.0', '0', '0', '527', '0', '0', '0', '\n\x00\x00\x00\x00\x00\x00\x00\x00\x00', '\n\x00\x00\x00\x00\x00\x00\x00\x00\x00', '0', '0', '2021-03-02 14:38:15')
2021-03-02  14:38:15 Tue root INFO 成功添加数据
2021-03-02  14:38:15 Tue root INFO mes_plc_r3
2021-03-02  14:38:16 Tue root INFO 读取插入数据库数据：{'product_type': '\n\x07250 TJ3\x00', 'r1_equipment_status': '7315', 'fail_code': '48', 'recerve': '0', 'prod_num': 244, 'r1_rob_no': '4', 'r1_weld_line_no': '0', 'r1_electric': '183.8831024169922', 'r1_voltage': '13.87803840637207', 'r1_speed': '0.0', 'r1_job': '0', 'r2_rob_no': '104', 'r2_weld_line_no': '0', 'r2_electric': '0.0', 'r2_voltage': '0.0', 'r2_speed': '0.0', 'r2_job': '0', 'replace_status': '0', 'part_status': '0', 'r1_protective_gas': '353', 'r1_welding_wire': '0', 'r2_protective_gas': '0', 'r2_welding_wire': '0', 'login_id': '\n\x00\x00\x00\x00\x00\x00\x00\x00\x00', 'login_password': '\n\x00\x00\x00\x00\x00\x00\x00\x00\x00'}
2021-03-02  14:38:16 Tue root INFO ('\n\x07250 TJ3\x00', '7315', '48', 244, '4', '0', '183.8831024169922', '13.87803840637207', '0.0', '0', '104', '0', '0.0', '0.0', '0.0', '0', '0', '353', '0', '0', '0', '\n\x00\x00\x00\x00\x00\x00\x00\x00\x00', '\n\x00\x00\x00\x00\x00\x00\x00\x00\x00', '0', '0', '2021-03-02 14:38:16')
2021-03-02  14:38:16 Tue root INFO 成功添加数据
2021-03-02  14:38:16 Tue root INFO mes_plc_r4
2021-03-02  14:38:16 Tue root INFO 读取插入数据库数据：{'product_type': '\n\x07250 PCB\x00', 'r1_equipment_status': '6803', 'fail_code': '0', 'recerve': '0', 'prod_num': 16, 'r1_rob_no': '4', 'r1_weld_line_no': '0', 'r1_electric': '183.02951049804688', 'r1_voltage': '12.434896469116211', 'r1_speed': '0.0', 'r1_job': '0', 'r2_rob_no': '104', 'r2_weld_line_no': '0', 'r2_electric': '0.0', 'r2_voltage': '0.0', 'r2_speed': '0.0', 'r2_job': '0', 'replace_status': '0', 'part_status': '0', 'r1_protective_gas': '1137', 'r1_welding_wire': '0', 'r2_protective_gas': '0', 'r2_welding_wire': '0', 'login_id': '\n\x00\x00\x00\x00\x00\x00\x00\x00\x00', 'login_password': '\n\x00\x00\x00\x00\x00\x00\x00\x00\x00'}
2021-03-02  14:38:16 Tue root INFO ('\n\x07250 PCB\x00', '6803', '0', 16, '4', '0', '183.02951049804688', '12.434896469116211', '0.0', '0', '104', '0', '0.0', '0.0', '0.0', '0', '0', '1137', '0', '0', '0', '\n\x00\x00\x00\x00\x00\x00\x00\x00\x00', '\n\x00\x00\x00\x00\x00\x00\x00\x00\x00', '0', '0', '2021-03-02 14:38:16')
2021-03-02  14:38:16 Tue root INFO 成功添加数据
2021-03-02  14:38:16 Tue root INFO mes_plc_r5
2021-03-02  14:38:16 Tue root INFO 读取插入数据库数据：{'product_type': '\n\x00\x00\x00\x00\x00\x00\x00\x00\x00', 'r1_equipment_status': '6162', 'fail_code': '0', 'recerve': '0', 'prod_num': 0, 'r1_rob_no': '0', 'r1_weld_line_no': '0', 'r1_electric': '179.90451049804688', 'r1_voltage': '13.422308921813965', 'r1_speed': '0.0', 'r1_job': '0', 'r2_rob_no': '0', 'r2_weld_line_no': '0', 'r2_electric': '179.3692169189453', 'r2_voltage': '13.40060806274414', 'r2_speed': '0.0', 'r2_job': '0', 'replace_status': '0', 'part_status': '0', 'r1_protective_gas': '0', 'r1_welding_wire': '0', 'r2_protective_gas': '0', 'r2_welding_wire': '0', 'login_id': '\n\x00\x00\x00\x00\x00\x00\x00\x00\x00', 'login_password': '\n\x00\x00\x00\x00\x00\x00\x00\x00\x00'}
2021-03-02  14:38:16 Tue root INFO ('\n\x00\x00\x00\x00\x00\x00\x00\x00\x00', '6162', '0', 0, '0', '0', '179.90451049804688', '13.422308921813965', '0.0', '0', '0', '0', '179.3692169189453', '13.40060806274414', '0.0', '0', '0', '0', '0', '0', '0', '\n\x00\x00\x00\x00\x00\x00\x00\x00\x00', '\n\x00\x00\x00\x00\x00\x00\x00\x00\x00', '0', '0', '2021-03-02 14:38:16')
2021-03-02  14:38:16 Tue root INFO 成功添加数据
2021-03-02  14:38:16 Tue root INFO mes_plc_r6
2021-03-02  14:38:17 Tue root INFO 读取插入数据库数据：{'product_type': '\n\x00\x00\x00\x00\x00\x00\x00\x00\x00', 'r1_equipment_status': '0', 'fail_code': '0', 'recerve': '10', 'prod_num': 19, 'r1_rob_no': '0', 'r1_weld_line_no': '0', 'r1_electric': '0.0', 'r1_voltage': '0.0', 'r1_speed': '0.0', 'r1_job': '0', 'r2_rob_no': '0', 'r2_weld_line_no': '0', 'r2_electric': '0.0', 'r2_voltage': '0.0', 'r2_speed': '0.0', 'r2_job': '0', 'replace_status': '0', 'part_status': '0', 'r1_protective_gas': '0', 'r1_welding_wire': '0', 'r2_protective_gas': '0', 'r2_welding_wire': '0', 'login_id': '\n\x00\x00\x00\x00\x00\x00\x00\x00\x00', 'login_password': '\n\x00\x00\x00\x00\x00\x00\x00\x00\x00'}
2021-03-02  14:38:17 Tue root INFO ('\n\x00\x00\x00\x00\x00\x00\x00\x00\x00', '0', '0', 19, '0', '0', '0.0', '0.0', '0.0', '0', '0', '0', '0.0', '0.0', '0.0', '0', '0', '0', '0', '0', '0', '\n\x00\x00\x00\x00\x00\x00\x00\x00\x00', '\n\x00\x00\x00\x00\x00\x00\x00\x00\x00', '0', '10', '2021-03-02 14:38:17')
2021-03-02  14:38:17 Tue root INFO 成功添加数据
2021-03-02  14:39:17 Tue root INFO plc连接状态:[1, 1, 1, 1, 1, 1]
2021-03-02  14:39:17 Tue root INFO mes_plc
2021-03-02  14:39:17 Tue root INFO 读取插入数据库数据：{'product_type': '\n\x07250 YDG\x00', 'r1_equipment_status': '7315', 'fail_code': '0', 'recerve': '0', 'prod_num': 44, 'r1_rob_no': '4', 'r1_weld_line_no': '0', 'r1_electric': '184.3315887451172', 'r1_voltage': '13.230612754821777', 'r1_speed': '0.0', 'r1_job': '0', 'r2_rob_no': '104', 'r2_weld_line_no': '0', 'r2_electric': '0.0', 'r2_voltage': '0.0', 'r2_speed': '0.0', 'r2_job': '0', 'replace_status': '0', 'part_status': '0', 'r1_protective_gas': '0', 'r1_welding_wire': '0', 'r2_protective_gas': '0', 'r2_welding_wire': '0', 'login_id': '\n\x00\x00\x00\x00\x00\x00\x00\x00\x00', 'login_password': '\n\x00\x00\x00\x00\x00\x00\x00\x00\x00'}
2021-03-02  14:39:17 Tue root INFO ('\n\x07250 YDG\x00', '7315', '0', 44, '4', '0', '184.3315887451172', '13.230612754821777', '0.0', '0', '104', '0', '0.0', '0.0', '0.0', '0', '0', '0', '0', '0', '0', '\n\x00\x00\x00\x00\x00\x00\x00\x00\x00', '\n\x00\x00\x00\x00\x00\x00\x00\x00\x00', '0', '0', '2021-03-02 14:39:17')
2021-03-02  14:39:17 Tue root INFO 成功添加数据
2021-03-02  14:39:17 Tue root INFO mes_plc_r2
2021-03-02  14:39:18 Tue root INFO 读取插入数据库数据：{'product_type': '\n\x07250 TJ1\x00', 'r1_equipment_status': '5267', 'fail_code': '48', 'recerve': '0', 'prod_num': 240, 'r1_rob_no': '4', 'r1_weld_line_no': '0', 'r1_electric': '181.5393524169922', 'r1_voltage': '13.136574745178223', 'r1_speed': '0.0', 'r1_job': '0', 'r2_rob_no': '104', 'r2_weld_line_no': '0', 'r2_electric': '0.0', 'r2_voltage': '0.0', 'r2_speed': '0.0', 'r2_job': '0', 'replace_status': '0', 'part_status': '0', 'r1_protective_gas': '527', 'r1_welding_wire': '0', 'r2_protective_gas': '0', 'r2_welding_wire': '0', 'login_id': '\n\x00\x00\x00\x00\x00\x00\x00\x00\x00', 'login_password': '\n\x00\x00\x00\x00\x00\x00\x00\x00\x00'}
2021-03-02  14:39:18 Tue root INFO ('\n\x07250 TJ1\x00', '5267', '48', 240, '4', '0', '181.5393524169922', '13.136574745178223', '0.0', '0', '104', '0', '0.0', '0.0', '0.0', '0', '0', '527', '0', '0', '0', '\n\x00\x00\x00\x00\x00\x00\x00\x00\x00', '\n\x00\x00\x00\x00\x00\x00\x00\x00\x00', '0', '0', '2021-03-02 14:39:18')
2021-03-02  14:39:18 Tue root INFO 成功添加数据
2021-03-02  14:39:18 Tue root INFO mes_plc_r3
2021-03-02  14:39:18 Tue root INFO 读取插入数据库数据：{'product_type': '\n\x07250 TJ3\x00', 'r1_equipment_status': '7315', 'fail_code': '48', 'recerve': '0', 'prod_num': 244, 'r1_rob_no': '4', 'r1_weld_line_no': '0', 'r1_electric': '183.83970642089844', 'r1_voltage': '13.859952926635742', 'r1_speed': '0.0', 'r1_job': '0', 'r2_rob_no': '104', 'r2_weld_line_no': '0', 'r2_electric': '0.0', 'r2_voltage': '0.0', 'r2_speed': '0.0', 'r2_job': '0', 'replace_status': '0', 'part_status': '0', 'r1_protective_gas': '353', 'r1_welding_wire': '0', 'r2_protective_gas': '0', 'r2_welding_wire': '0', 'login_id': '\n\x00\x00\x00\x00\x00\x00\x00\x00\x00', 'login_password': '\n\x00\x00\x00\x00\x00\x00\x00\x00\x00'}
2021-03-02  14:39:18 Tue root INFO ('\n\x07250 TJ3\x00', '7315', '48', 244, '4', '0', '183.83970642089844', '13.859952926635742', '0.0', '0', '104', '0', '0.0', '0.0', '0.0', '0', '0', '353', '0', '0', '0', '\n\x00\x00\x00\x00\x00\x00\x00\x00\x00', '\n\x00\x00\x00\x00\x00\x00\x00\x00\x00', '0', '0', '2021-03-02 14:39:18')
2021-03-02  14:39:18 Tue root INFO 成功添加数据
2021-03-02  14:39:18 Tue root INFO mes_plc_r4
2021-03-02  14:39:18 Tue root INFO 读取插入数据库数据：{'product_type': '\n\x07250 PCB\x00', 'r1_equipment_status': '6803', 'fail_code': '0', 'recerve': '0', 'prod_num': 16, 'r1_rob_no': '4', 'r1_weld_line_no': '0', 'r1_electric': '183.01504516601562', 'r1_voltage': '-9.675202369689941', 'r1_speed': '0.0', 'r1_job': '0', 'r2_rob_no': '104', 'r2_weld_line_no': '0', 'r2_electric': '0.0', 'r2_voltage': '0.0', 'r2_speed': '0.0', 'r2_job': '0', 'replace_status': '0', 'part_status': '0', 'r1_protective_gas': '1163', 'r1_welding_wire': '0', 'r2_protective_gas': '0', 'r2_welding_wire': '0', 'login_id': '\n\x00\x00\x00\x00\x00\x00\x00\x00\x00', 'login_password': '\n\x00\x00\x00\x00\x00\x00\x00\x00\x00'}
2021-03-02  14:39:18 Tue root INFO ('\n\x07250 PCB\x00', '6803', '0', 16, '4', '0', '183.01504516601562', '-9.675202369689941', '0.0', '0', '104', '0', '0.0', '0.0', '0.0', '0', '0', '1163', '0', '0', '0', '\n\x00\x00\x00\x00\x00\x00\x00\x00\x00', '\n\x00\x00\x00\x00\x00\x00\x00\x00\x00', '0', '0', '2021-03-02 14:39:18')
2021-03-02  14:39:18 Tue root INFO 成功添加数据
2021-03-02  14:39:18 Tue root INFO mes_plc_r5
2021-03-02  14:39:19 Tue root INFO 读取插入数据库数据：{'product_type': '\n\x00\x00\x00\x00\x00\x00\x00\x00\x00', 'r1_equipment_status': '6162', 'fail_code': '0', 'recerve': '0', 'prod_num': 0, 'r1_rob_no': '0', 'r1_weld_line_no': '0', 'r1_electric': '179.87557983398438', 'r1_voltage': '13.447627067565918', 'r1_speed': '0.0', 'r1_job': '0', 'r2_rob_no': '0', 'r2_weld_line_no': '0', 'r2_electric': '179.3692169189453', 'r2_voltage': '13.404224395751953', 'r2_speed': '0.0', 'r2_job': '0', 'replace_status': '0', 'part_status': '0', 'r1_protective_gas': '0', 'r1_welding_wire': '0', 'r2_protective_gas': '0', 'r2_welding_wire': '0', 'login_id': '\n\x00\x00\x00\x00\x00\x00\x00\x00\x00', 'login_password': '\n\x00\x00\x00\x00\x00\x00\x00\x00\x00'}
2021-03-02  14:39:19 Tue root INFO ('\n\x00\x00\x00\x00\x00\x00\x00\x00\x00', '6162', '0', 0, '0', '0', '179.87557983398438', '13.447627067565918', '0.0', '0', '0', '0', '179.3692169189453', '13.404224395751953', '0.0', '0', '0', '0', '0', '0', '0', '\n\x00\x00\x00\x00\x00\x00\x00\x00\x00', '\n\x00\x00\x00\x00\x00\x00\x00\x00\x00', '0', '0', '2021-03-02 14:39:19')
2021-03-02  14:39:19 Tue root INFO 成功添加数据
2021-03-02  14:39:19 Tue root INFO mes_plc_r6
2021-03-02  14:39:19 Tue root INFO 读取插入数据库数据：{'product_type': '\n\x00\x00\x00\x00\x00\x00\x00\x00\x00', 'r1_equipment_status': '0', 'fail_code': '0', 'recerve': '10', 'prod_num': 19, 'r1_rob_no': '0', 'r1_weld_line_no': '0', 'r1_electric': '0.0', 'r1_voltage': '0.0', 'r1_speed': '0.0', 'r1_job': '0', 'r2_rob_no': '0', 'r2_weld_line_no': '0', 'r2_electric': '0.0', 'r2_voltage': '0.0', 'r2_speed': '0.0', 'r2_job': '0', 'replace_status': '0', 'part_status': '0', 'r1_protective_gas': '0', 'r1_welding_wire': '0', 'r2_protective_gas': '0', 'r2_welding_wire': '0', 'login_id': '\n\x00\x00\x00\x00\x00\x00\x00\x00\x00', 'login_password': '\n\x00\x00\x00\x00\x00\x00\x00\x00\x00'}
2021-03-02  14:39:19 Tue root INFO ('\n\x00\x00\x00\x00\x00\x00\x00\x00\x00', '0', '0', 19, '0', '0', '0.0', '0.0', '0.0', '0', '0', '0', '0.0', '0.0', '0.0', '0', '0', '0', '0', '0', '0', '\n\x00\x00\x00\x00\x00\x00\x00\x00\x00', '\n\x00\x00\x00\x00\x00\x00\x00\x00\x00', '0', '10', '2021-03-02 14:39:19')
2021-03-02  14:39:19 Tue root INFO 成功添加数据
2021-03-02  14:40:19 Tue root INFO plc连接状态:[1, 1, 1, 1, 1, 1]
2021-03-02  14:40:19 Tue root INFO mes_plc
2021-03-02  14:40:19 Tue root INFO 读取插入数据库数据：{'product_type': '\n\x07250 YDG\x00', 'r1_equipment_status': '7315', 'fail_code': '0', 'recerve': '0', 'prod_num': 44, 'r1_rob_no': '4', 'r1_weld_line_no': '0', 'r1_electric': '184.0567169189453', 'r1_voltage': '13.237847328186035', 'r1_speed': '0.0', 'r1_job': '0', 'r2_rob_no': '104', 'r2_weld_line_no': '0', 'r2_electric': '0.0', 'r2_voltage': '0.0', 'r2_speed': '0.0', 'r2_job': '0', 'replace_status': '0', 'part_status': '0', 'r1_protective_gas': '0', 'r1_welding_wire': '0', 'r2_protective_gas': '0', 'r2_welding_wire': '0', 'login_id': '\n\x00\x00\x00\x00\x00\x00\x00\x00\x00', 'login_password': '\n\x00\x00\x00\x00\x00\x00\x00\x00\x00'}
2021-03-02  14:40:19 Tue root INFO ('\n\x07250 YDG\x00', '7315', '0', 44, '4', '0', '184.0567169189453', '13.237847328186035', '0.0', '0', '104', '0', '0.0', '0.0', '0.0', '0', '0', '0', '0', '0', '0', '\n\x00\x00\x00\x00\x00\x00\x00\x00\x00', '\n\x00\x00\x00\x00\x00\x00\x00\x00\x00', '0', '0', '2021-03-02 14:40:19')
2021-03-02  14:40:19 Tue root INFO 成功添加数据
2021-03-02  14:40:19 Tue root INFO mes_plc_r2
2021-03-02  14:40:20 Tue root INFO 读取插入数据库数据：{'product_type': '\n\x07250 TJ1\x00', 'r1_equipment_status': '5185', 'fail_code': '48', 'recerve': '0', 'prod_num': 240, 'r1_rob_no': '4', 'r1_weld_line_no': '0', 'r1_electric': '181.46701049804688', 'r1_voltage': '13.165510177612305', 'r1_speed': '0.0', 'r1_job': '0', 'r2_rob_no': '104', 'r2_weld_line_no': '0', 'r2_electric': '0.0', 'r2_voltage': '0.0', 'r2_speed': '0.0', 'r2_job': '0', 'replace_status': '0', 'part_status': '0', 'r1_protective_gas': '552', 'r1_welding_wire': '0', 'r2_protective_gas': '0', 'r2_welding_wire': '0', 'login_id': '\n\x00\x00\x00\x00\x00\x00\x00\x00\x00', 'login_password': '\n\x00\x00\x00\x00\x00\x00\x00\x00\x00'}
2021-03-02  14:40:20 Tue root INFO ('\n\x07250 TJ1\x00', '5185', '48', 240, '4', '0', '181.46701049804688', '13.165510177612305', '0.0', '0', '104', '0', '0.0', '0.0', '0.0', '0', '0', '552', '0', '0', '0', '\n\x00\x00\x00\x00\x00\x00\x00\x00\x00', '\n\x00\x00\x00\x00\x00\x00\x00\x00\x00', '0', '0', '2021-03-02 14:40:20')
2021-03-02  14:40:20 Tue root INFO 成功添加数据
2021-03-02  14:40:20 Tue root INFO mes_plc_r3
2021-03-02  14:40:20 Tue root INFO 读取插入数据库数据：{'product_type': '\n\x07250 TJ3\x00', 'r1_equipment_status': '6785', 'fail_code': '48', 'recerve': '0', 'prod_num': 244, 'r1_rob_no': '4', 'r1_weld_line_no': '0', 'r1_electric': '183.82522583007812', 'r1_voltage': '13.87803840637207', 'r1_speed': '0.0', 'r1_job': '0', 'r2_rob_no': '104', 'r2_weld_line_no': '0', 'r2_electric': '0.0', 'r2_voltage': '0.0', 'r2_speed': '0.0', 'r2_job': '0', 'replace_status': '0', 'part_status': '0', 'r1_protective_gas': '377', 'r1_welding_wire': '0', 'r2_protective_gas': '0', 'r2_welding_wire': '0', 'login_id': '\n\x00\x00\x00\x00\x00\x00\x00\x00\x00', 'login_password': '\n\x00\x00\x00\x00\x00\x00\x00\x00\x00'}
2021-03-02  14:40:20 Tue root INFO ('\n\x07250 TJ3\x00', '6785', '48', 244, '4', '0', '183.82522583007812', '13.87803840637207', '0.0', '0', '104', '0', '0.0', '0.0', '0.0', '0', '0', '377', '0', '0', '0', '\n\x00\x00\x00\x00\x00\x00\x00\x00\x00', '\n\x00\x00\x00\x00\x00\x00\x00\x00\x00', '0', '0', '2021-03-02 14:40:20')
2021-03-02  14:40:20 Tue root INFO 成功添加数据
2021-03-02  14:40:20 Tue root INFO mes_plc_r4
2021-03-02  14:40:20 Tue root INFO 读取插入数据库数据：{'product_type': '\n\x07250 PCB\x00', 'r1_equipment_status': '7315', 'fail_code': '0', 'recerve': '0', 'prod_num': 16, 'r1_rob_no': '4', 'r1_weld_line_no': '0', 'r1_electric': '183.04397583007812', 'r1_voltage': '13.169126510620117', 'r1_speed': '0.0', 'r1_job': '0', 'r2_rob_no': '104', 'r2_weld_line_no': '0', 'r2_electric': '0.0', 'r2_voltage': '0.0', 'r2_speed': '0.0', 'r2_job': '0', 'replace_status': '0', 'part_status': '0', 'r1_protective_gas': '1164', 'r1_welding_wire': '0', 'r2_protective_gas': '0', 'r2_welding_wire': '0', 'login_id': '\n\x00\x00\x00\x00\x00\x00\x00\x00\x00', 'login_password': '\n\x00\x00\x00\x00\x00\x00\x00\x00\x00'}
2021-03-02  14:40:20 Tue root INFO ('\n\x07250 PCB\x00', '7315', '0', 16, '4', '0', '183.04397583007812', '13.169126510620117', '0.0', '0', '104', '0', '0.0', '0.0', '0.0', '0', '0', '1164', '0', '0', '0', '\n\x00\x00\x00\x00\x00\x00\x00\x00\x00', '\n\x00\x00\x00\x00\x00\x00\x00\x00\x00', '0', '0', '2021-03-02 14:40:20')
2021-03-02  14:40:20 Tue root INFO 成功添加数据
2021-03-02  14:40:20 Tue root INFO mes_plc_r5
2021-03-02  14:40:21 Tue root INFO 读取插入数据库数据：{'product_type': '\n\x00\x00\x00\x00\x00\x00\x00\x00\x00', 'r1_equipment_status': '6162', 'fail_code': '0', 'recerve': '0', 'prod_num': 0, 'r1_rob_no': '0', 'r1_weld_line_no': '0', 'r1_electric': '179.99131774902344', 'r1_voltage': '13.444010734558105', 'r1_speed': '0.0', 'r1_job': '0', 'r2_rob_no': '0', 'r2_weld_line_no': '0', 'r2_electric': '179.3981475830078', 'r2_voltage': '13.411458015441895', 'r2_speed': '0.0', 'r2_job': '0', 'replace_status': '0', 'part_status': '0', 'r1_protective_gas': '0', 'r1_welding_wire': '0', 'r2_protective_gas': '0', 'r2_welding_wire': '0', 'login_id': '\n\x00\x00\x00\x00\x00\x00\x00\x00\x00', 'login_password': '\n\x00\x00\x00\x00\x00\x00\x00\x00\x00'}
2021-03-02  14:40:21 Tue root INFO ('\n\x00\x00\x00\x00\x00\x00\x00\x00\x00', '6162', '0', 0, '0', '0', '179.99131774902344', '13.444010734558105', '0.0', '0', '0', '0', '179.3981475830078', '13.411458015441895', '0.0', '0', '0', '0', '0', '0', '0', '\n\x00\x00\x00\x00\x00\x00\x00\x00\x00', '\n\x00\x00\x00\x00\x00\x00\x00\x00\x00', '0', '0', '2021-03-02 14:40:21')
2021-03-02  14:40:21 Tue root INFO 成功添加数据
2021-03-02  14:40:21 Tue root INFO mes_plc_r6
2021-03-02  14:40:21 Tue root INFO 读取插入数据库数据：{'product_type': '\n\x00\x00\x00\x00\x00\x00\x00\x00\x00', 'r1_equipment_status': '0', 'fail_code': '0', 'recerve': '10', 'prod_num': 19, 'r1_rob_no': '0', 'r1_weld_line_no': '0', 'r1_electric': '0.0', 'r1_voltage': '0.0', 'r1_speed': '0.0', 'r1_job': '0', 'r2_rob_no': '0', 'r2_weld_line_no': '0', 'r2_electric': '0.0', 'r2_voltage': '0.0', 'r2_speed': '0.0', 'r2_job': '0', 'replace_status': '0', 'part_status': '0', 'r1_protective_gas': '0', 'r1_welding_wire': '0', 'r2_protective_gas': '0', 'r2_welding_wire': '0', 'login_id': '\n\x00\x00\x00\x00\x00\x00\x00\x00\x00', 'login_password': '\n\x00\x00\x00\x00\x00\x00\x00\x00\x00'}
2021-03-02  14:40:21 Tue root INFO ('\n\x00\x00\x00\x00\x00\x00\x00\x00\x00', '0', '0', 19, '0', '0', '0.0', '0.0', '0.0', '0', '0', '0', '0.0', '0.0', '0.0', '0', '0', '0', '0', '0', '0', '\n\x00\x00\x00\x00\x00\x00\x00\x00\x00', '\n\x00\x00\x00\x00\x00\x00\x00\x00\x00', '0', '10', '2021-03-02 14:40:21')
2021-03-02  14:40:21 Tue root INFO 成功添加数据
2021-03-02  14:41:21 Tue root INFO plc连接状态:[1, 1, 1, 1, 1, 1]
2021-03-02  14:41:21 Tue root INFO mes_plc
2021-03-02  14:41:21 Tue root INFO 读取插入数据库数据：{'product_type': '\n\x07250 YDG\x00', 'r1_equipment_status': '7315', 'fail_code': '0', 'recerve': '0', 'prod_num': 44, 'r1_rob_no': '4', 'r1_weld_line_no': '0', 'r1_electric': '183.89756774902344', 'r1_voltage': '13.24507999420166', 'r1_speed': '0.0', 'r1_job': '0', 'r2_rob_no': '104', 'r2_weld_line_no': '0', 'r2_electric': '0.0', 'r2_voltage': '0.0', 'r2_speed': '0.0', 'r2_job': '0', 'replace_status': '0', 'part_status': '0', 'r1_protective_gas': '0', 'r1_welding_wire': '0', 'r2_protective_gas': '0', 'r2_welding_wire': '0', 'login_id': '\n\x00\x00\x00\x00\x00\x00\x00\x00\x00', 'login_password': '\n\x00\x00\x00\x00\x00\x00\x00\x00\x00'}
2021-03-02  14:41:21 Tue root INFO ('\n\x07250 YDG\x00', '7315', '0', 44, '4', '0', '183.89756774902344', '13.24507999420166', '0.0', '0', '104', '0', '0.0', '0.0', '0.0', '0', '0', '0', '0', '0', '0', '\n\x00\x00\x00\x00\x00\x00\x00\x00\x00', '\n\x00\x00\x00\x00\x00\x00\x00\x00\x00', '0', '0', '2021-03-02 14:41:21')
2021-03-02  14:41:22 Tue root INFO 成功添加数据
2021-03-02  14:41:22 Tue root INFO mes_plc_r2
2021-03-02  14:41:22 Tue root INFO 读取插入数据库数据：{'product_type': '\n\x07250 TJ1\x00', 'r1_equipment_status': '4737', 'fail_code': '48', 'recerve': '0', 'prod_num': 241, 'r1_rob_no': '4', 'r1_weld_line_no': '0', 'r1_electric': '181.39466857910156', 'r1_voltage': '-14.167390823364258', 'r1_speed': '0.0', 'r1_job': '0', 'r2_rob_no': '104', 'r2_weld_line_no': '0', 'r2_electric': '0.0', 'r2_voltage': '0.0', 'r2_speed': '0.0', 'r2_job': '0', 'replace_status': '0', 'part_status': '0', 'r1_protective_gas': '571', 'r1_welding_wire': '0', 'r2_protective_gas': '0', 'r2_welding_wire': '0', 'login_id': '\n\x00\x00\x00\x00\x00\x00\x00\x00\x00', 'login_password': '\n\x00\x00\x00\x00\x00\x00\x00\x00\x00'}
2021-03-02  14:41:22 Tue root INFO ('\n\x07250 TJ1\x00', '4737', '48', 241, '4', '0', '181.39466857910156', '-14.167390823364258', '0.0', '0', '104', '0', '0.0', '0.0', '0.0', '0', '0', '571', '0', '0', '0', '\n\x00\x00\x00\x00\x00\x00\x00\x00\x00', '\n\x00\x00\x00\x00\x00\x00\x00\x00\x00', '0', '0', '2021-03-02 14:41:22')
2021-03-02  14:41:22 Tue root INFO 成功添加数据
2021-03-02  14:41:22 Tue root INFO mes_plc_r3
2021-03-02  14:41:22 Tue root INFO 读取插入数据库数据：{'product_type': '\n\x07250 TJ3\x00', 'r1_equipment_status': '7315', 'fail_code': '48', 'recerve': '0', 'prod_num': 244, 'r1_rob_no': '4', 'r1_weld_line_no': '0', 'r1_electric': '183.73841857910156', 'r1_voltage': '13.863571166992188', 'r1_speed': '0.0', 'r1_job': '0', 'r2_rob_no': '104', 'r2_weld_line_no': '0', 'r2_electric': '0.0', 'r2_voltage': '0.0', 'r2_speed': '0.0', 'r2_job': '0', 'replace_status': '0', 'part_status': '0', 'r1_protective_gas': '381', 'r1_welding_wire': '0', 'r2_protective_gas': '0', 'r2_welding_wire': '0', 'login_id': '\n\x00\x00\x00\x00\x00\x00\x00\x00\x00', 'login_password': '\n\x00\x00\x00\x00\x00\x00\x00\x00\x00'}
2021-03-02  14:41:22 Tue root INFO ('\n\x07250 TJ3\x00', '7315', '48', 244, '4', '0', '183.73841857910156', '13.863571166992188', '0.0', '0', '104', '0', '0.0', '0.0', '0.0', '0', '0', '381', '0', '0', '0', '\n\x00\x00\x00\x00\x00\x00\x00\x00\x00', '\n\x00\x00\x00\x00\x00\x00\x00\x00\x00', '0', '0', '2021-03-02 14:41:22')
2021-03-02  14:41:22 Tue root INFO 成功添加数据
2021-03-02  14:41:22 Tue root INFO mes_plc_r4
2021-03-02  14:41:23 Tue root INFO 读取插入数据库数据：{'product_type': '\n\x07250 PCB\x00', 'r1_equipment_status': '7169', 'fail_code': '0', 'recerve': '0', 'prod_num': 16, 'r1_rob_no': '4', 'r1_weld_line_no': '0', 'r1_electric': '183.04397583007812', 'r1_voltage': '13.151041984558105', 'r1_speed': '0.0', 'r1_job': '0', 'r2_rob_no': '104', 'r2_weld_line_no': '0', 'r2_electric': '0.0', 'r2_voltage': '0.0', 'r2_speed': '0.0', 'r2_job': '0', 'replace_status': '0', 'part_status': '0', 'r1_protective_gas': '1174', 'r1_welding_wire': '0', 'r2_protective_gas': '0', 'r2_welding_wire': '0', 'login_id': '\n\x00\x00\x00\x00\x00\x00\x00\x00\x00', 'login_password': '\n\x00\x00\x00\x00\x00\x00\x00\x00\x00'}
2021-03-02  14:41:23 Tue root INFO ('\n\x07250 PCB\x00', '7169', '0', 16, '4', '0', '183.04397583007812', '13.151041984558105', '0.0', '0', '104', '0', '0.0', '0.0', '0.0', '0', '0', '1174', '0', '0', '0', '\n\x00\x00\x00\x00\x00\x00\x00\x00\x00', '\n\x00\x00\x00\x00\x00\x00\x00\x00\x00', '0', '0', '2021-03-02 14:41:23')
2021-03-02  14:41:23 Tue root INFO 成功添加数据
2021-03-02  14:41:23 Tue root INFO mes_plc_r5
2021-03-02  14:41:23 Tue root INFO 读取插入数据库数据：{'product_type': '\n\x00\x00\x00\x00\x00\x00\x00\x00\x00', 'r1_equipment_status': '6162', 'fail_code': '0', 'recerve': '0', 'prod_num': 0, 'r1_rob_no': '0', 'r1_weld_line_no': '0', 'r1_electric': '179.94790649414062', 'r1_voltage': '13.436776161193848', 'r1_speed': '0.0', 'r1_job': '0', 'r2_rob_no': '0', 'r2_weld_line_no': '0', 'r2_electric': '179.3692169189453', 'r2_voltage': '13.404224395751953', 'r2_speed': '0.0', 'r2_job': '0', 'replace_status': '0', 'part_status': '0', 'r1_protective_gas': '0', 'r1_welding_wire': '0', 'r2_protective_gas': '0', 'r2_welding_wire': '0', 'login_id': '\n\x00\x00\x00\x00\x00\x00\x00\x00\x00', 'login_password': '\n\x00\x00\x00\x00\x00\x00\x00\x00\x00'}
2021-03-02  14:41:23 Tue root INFO ('\n\x00\x00\x00\x00\x00\x00\x00\x00\x00', '6162', '0', 0, '0', '0', '179.94790649414062', '13.436776161193848', '0.0', '0', '0', '0', '179.3692169189453', '13.404224395751953', '0.0', '0', '0', '0', '0', '0', '0', '\n\x00\x00\x00\x00\x00\x00\x00\x00\x00', '\n\x00\x00\x00\x00\x00\x00\x00\x00\x00', '0', '0', '2021-03-02 14:41:23')
2021-03-02  14:41:23 Tue root INFO 成功添加数据
2021-03-02  14:41:23 Tue root INFO mes_plc_r6
2021-03-02  14:41:24 Tue root INFO 读取插入数据库数据：{'product_type': '\n\x00\x00\x00\x00\x00\x00\x00\x00\x00', 'r1_equipment_status': '0', 'fail_code': '0', 'recerve': '10', 'prod_num': 19, 'r1_rob_no': '0', 'r1_weld_line_no': '0', 'r1_electric': '0.0', 'r1_voltage': '0.0', 'r1_speed': '0.0', 'r1_job': '0', 'r2_rob_no': '0', 'r2_weld_line_no': '0', 'r2_electric': '0.0', 'r2_voltage': '0.0', 'r2_speed': '0.0', 'r2_job': '0', 'replace_status': '0', 'part_status': '0', 'r1_protective_gas': '0', 'r1_welding_wire': '0', 'r2_protective_gas': '0', 'r2_welding_wire': '0', 'login_id': '\n\x00\x00\x00\x00\x00\x00\x00\x00\x00', 'login_password': '\n\x00\x00\x00\x00\x00\x00\x00\x00\x00'}
2021-03-02  14:41:24 Tue root INFO ('\n\x00\x00\x00\x00\x00\x00\x00\x00\x00', '0', '0', 19, '0', '0', '0.0', '0.0', '0.0', '0', '0', '0', '0.0', '0.0', '0.0', '0', '0', '0', '0', '0', '0', '\n\x00\x00\x00\x00\x00\x00\x00\x00\x00', '\n\x00\x00\x00\x00\x00\x00\x00\x00\x00', '0', '10', '2021-03-02 14:41:24')
2021-03-02  14:41:24 Tue root INFO 成功添加数据
2021-03-02  14:42:24 Tue root INFO plc连接状态:[1, 1, 1, 1, 1, 1]
2021-03-02  14:42:24 Tue root INFO mes_plc
2021-03-02  14:42:24 Tue root INFO 读取插入数据库数据：{'product_type': '\n\x07250 YDG\x00', 'r1_equipment_status': '7315', 'fail_code': '0', 'recerve': '0', 'prod_num': 44, 'r1_rob_no': '4', 'r1_weld_line_no': '0', 'r1_electric': '183.70948791503906', 'r1_voltage': '13.241463661193848', 'r1_speed': '0.0', 'r1_job': '0', 'r2_rob_no': '104', 'r2_weld_line_no': '0', 'r2_electric': '0.0', 'r2_voltage': '0.0', 'r2_speed': '0.0', 'r2_job': '0', 'replace_status': '0', 'part_status': '0', 'r1_protective_gas': '0', 'r1_welding_wire': '0', 'r2_protective_gas': '0', 'r2_welding_wire': '0', 'login_id': '\n\x00\x00\x00\x00\x00\x00\x00\x00\x00', 'login_password': '\n\x00\x00\x00\x00\x00\x00\x00\x00\x00'}
2021-03-02  14:42:24 Tue root INFO ('\n\x07250 YDG\x00', '7315', '0', 44, '4', '0', '183.70948791503906', '13.241463661193848', '0.0', '0', '104', '0', '0.0', '0.0', '0.0', '0', '0', '0', '0', '0', '0', '\n\x00\x00\x00\x00\x00\x00\x00\x00\x00', '\n\x00\x00\x00\x00\x00\x00\x00\x00\x00', '0', '0', '2021-03-02 14:42:24')
2021-03-02  14:42:24 Tue root INFO 成功添加数据
2021-03-02  14:42:24 Tue root INFO mes_plc_r2
2021-03-02  14:42:24 Tue root INFO 读取插入数据库数据：{'product_type': '\n\x07250 TJ1\x00', 'r1_equipment_status': '5267', 'fail_code': '48', 'recerve': '0', 'prod_num': 241, 'r1_rob_no': '4', 'r1_weld_line_no': '0', 'r1_electric': '181.46701049804688', 'r1_voltage': '13.165510177612305', 'r1_speed': '0.0', 'r1_job': '0', 'r2_rob_no': '104', 'r2_weld_line_no': '0', 'r2_electric': '0.0', 'r2_voltage': '0.0', 'r2_speed': '0.0', 'r2_job': '0', 'replace_status': '0', 'part_status': '0', 'r1_protective_gas': '584', 'r1_welding_wire': '0', 'r2_protective_gas': '0', 'r2_welding_wire': '0', 'login_id': '\n\x00\x00\x00\x00\x00\x00\x00\x00\x00', 'login_password': '\n\x00\x00\x00\x00\x00\x00\x00\x00\x00'}
2021-03-02  14:42:24 Tue root INFO ('\n\x07250 TJ1\x00', '5267', '48', 241, '4', '0', '181.46701049804688', '13.165510177612305', '0.0', '0', '104', '0', '0.0', '0.0', '0.0', '0', '0', '584', '0', '0', '0', '\n\x00\x00\x00\x00\x00\x00\x00\x00\x00', '\n\x00\x00\x00\x00\x00\x00\x00\x00\x00', '0', '0', '2021-03-02 14:42:24')
2021-03-02  14:42:24 Tue root INFO 成功添加数据
2021-03-02  14:42:24 Tue root INFO mes_plc_r3
2021-03-02  14:42:24 Tue root INFO 读取插入数据库数据：{'product_type': '\n\x07250 TJ3\x00', 'r1_equipment_status': '7233', 'fail_code': '48', 'recerve': '0', 'prod_num': 245, 'r1_rob_no': '4', 'r1_weld_line_no': '0', 'r1_electric': '183.70948791503906', 'r1_voltage': '-5.353009223937988', 'r1_speed': '0.0', 'r1_job': '0', 'r2_rob_no': '104', 'r2_weld_line_no': '0', 'r2_electric': '0.0', 'r2_voltage': '0.0', 'r2_speed': '0.0', 'r2_job': '0', 'replace_status': '0', 'part_status': '0', 'r1_protective_gas': '398', 'r1_welding_wire': '0', 'r2_protective_gas': '0', 'r2_welding_wire': '0', 'login_id': '\n\x00\x00\x00\x00\x00\x00\x00\x00\x00', 'login_password': '\n\x00\x00\x00\x00\x00\x00\x00\x00\x00'}
2021-03-02  14:42:24 Tue root INFO ('\n\x07250 TJ3\x00', '7233', '48', 245, '4', '0', '183.70948791503906', '-5.353009223937988', '0.0', '0', '104', '0', '0.0', '0.0', '0.0', '0', '0', '398', '0', '0', '0', '\n\x00\x00\x00\x00\x00\x00\x00\x00\x00', '\n\x00\x00\x00\x00\x00\x00\x00\x00\x00', '0', '0', '2021-03-02 14:42:24')
2021-03-02  14:42:25 Tue root INFO 成功添加数据
2021-03-02  14:42:25 Tue root INFO mes_plc_r4
2021-03-02  14:42:25 Tue root INFO 读取插入数据库数据：{'product_type': '\n\x07250 PCB\x00', 'r1_equipment_status': '7233', 'fail_code': '0', 'recerve': '0', 'prod_num': 16, 'r1_rob_no': '4', 'r1_weld_line_no': '0', 'r1_electric': '183.02951049804688', 'r1_voltage': '118.51490783691406', 'r1_speed': '0.0', 'r1_job': '0', 'r2_rob_no': '104', 'r2_weld_line_no': '0', 'r2_electric': '0.0', 'r2_voltage': '0.0', 'r2_speed': '0.0', 'r2_job': '0', 'replace_status': '0', 'part_status': '0', 'r1_protective_gas': '1200', 'r1_welding_wire': '0', 'r2_protective_gas': '0', 'r2_welding_wire': '0', 'login_id': '\n\x00\x00\x00\x00\x00\x00\x00\x00\x00', 'login_password': '\n\x00\x00\x00\x00\x00\x00\x00\x00\x00'}
2021-03-02  14:42:25 Tue root INFO ('\n\x07250 PCB\x00', '7233', '0', 16, '4', '0', '183.02951049804688', '118.51490783691406', '0.0', '0', '104', '0', '0.0', '0.0', '0.0', '0', '0', '1200', '0', '0', '0', '\n\x00\x00\x00\x00\x00\x00\x00\x00\x00', '\n\x00\x00\x00\x00\x00\x00\x00\x00\x00', '0', '0', '2021-03-02 14:42:25')
2021-03-02  14:42:25 Tue root INFO 成功添加数据
2021-03-02  14:42:25 Tue root INFO mes_plc_r5
2021-03-02  14:42:26 Tue root INFO 读取插入数据库数据：{'product_type': '\n\x00\x00\x00\x00\x00\x00\x00\x00\x00', 'r1_equipment_status': '6162', 'fail_code': '0', 'recerve': '0', 'prod_num': 0, 'r1_rob_no': '0', 'r1_weld_line_no': '0', 'r1_electric': '179.9768524169922', 'r1_voltage': '13.45486068725586', 'r1_speed': '0.0', 'r1_job': '0', 'r2_rob_no': '0', 'r2_weld_line_no': '0', 'r2_electric': '179.41261291503906', 'r2_voltage': '13.411458015441895', 'r2_speed': '0.0', 'r2_job': '0', 'replace_status': '0', 'part_status': '0', 'r1_protective_gas': '0', 'r1_welding_wire': '0', 'r2_protective_gas': '0', 'r2_welding_wire': '0', 'login_id': '\n\x00\x00\x00\x00\x00\x00\x00\x00\x00', 'login_password': '\n\x00\x00\x00\x00\x00\x00\x00\x00\x00'}
2021-03-02  14:42:26 Tue root INFO ('\n\x00\x00\x00\x00\x00\x00\x00\x00\x00', '6162', '0', 0, '0', '0', '179.9768524169922', '13.45486068725586', '0.0', '0', '0', '0', '179.41261291503906', '13.411458015441895', '0.0', '0', '0', '0', '0', '0', '0', '\n\x00\x00\x00\x00\x00\x00\x00\x00\x00', '\n\x00\x00\x00\x00\x00\x00\x00\x00\x00', '0', '0', '2021-03-02 14:42:26')
2021-03-02  14:42:26 Tue root INFO 成功添加数据
2021-03-02  14:42:26 Tue root INFO mes_plc_r6
2021-03-02  14:42:27 Tue root INFO 读取插入数据库数据：{'product_type': '\n\x00\x00\x00\x00\x00\x00\x00\x00\x00', 'r1_equipment_status': '0', 'fail_code': '0', 'recerve': '10', 'prod_num': 19, 'r1_rob_no': '0', 'r1_weld_line_no': '0', 'r1_electric': '0.0', 'r1_voltage': '0.0', 'r1_speed': '0.0', 'r1_job': '0', 'r2_rob_no': '0', 'r2_weld_line_no': '0', 'r2_electric': '0.0', 'r2_voltage': '0.0', 'r2_speed': '0.0', 'r2_job': '0', 'replace_status': '0', 'part_status': '0', 'r1_protective_gas': '0', 'r1_welding_wire': '0', 'r2_protective_gas': '0', 'r2_welding_wire': '0', 'login_id': '\n\x00\x00\x00\x00\x00\x00\x00\x00\x00', 'login_password': '\n\x00\x00\x00\x00\x00\x00\x00\x00\x00'}
2021-03-02  14:42:27 Tue root INFO ('\n\x00\x00\x00\x00\x00\x00\x00\x00\x00', '0', '0', 19, '0', '0', '0.0', '0.0', '0.0', '0', '0', '0', '0.0', '0.0', '0.0', '0', '0', '0', '0', '0', '0', '\n\x00\x00\x00\x00\x00\x00\x00\x00\x00', '\n\x00\x00\x00\x00\x00\x00\x00\x00\x00', '0', '10', '2021-03-02 14:42:27')
2021-03-02  14:42:27 Tue root INFO 成功添加数据
2021-03-02  14:43:27 Tue root INFO plc连接状态:[1, 1, 1, 1, 1, 1]
2021-03-02  14:43:27 Tue root INFO mes_plc
2021-03-02  14:43:27 Tue root INFO 读取插入数据库数据：{'product_type': '\n\x07250 YDG\x00', 'r1_equipment_status': '7315', 'fail_code': '0', 'recerve': '0', 'prod_num': 44, 'r1_rob_no': '4', 'r1_weld_line_no': '0', 'r1_electric': '183.5503387451172', 'r1_voltage': '13.255931854248047', 'r1_speed': '0.0', 'r1_job': '0', 'r2_rob_no': '104', 'r2_weld_line_no': '0', 'r2_electric': '0.0', 'r2_voltage': '0.0', 'r2_speed': '0.0', 'r2_job': '0', 'replace_status': '0', 'part_status': '0', 'r1_protective_gas': '0', 'r1_welding_wire': '0', 'r2_protective_gas': '0', 'r2_welding_wire': '0', 'login_id': '\n\x00\x00\x00\x00\x00\x00\x00\x00\x00', 'login_password': '\n\x00\x00\x00\x00\x00\x00\x00\x00\x00'}
2021-03-02  14:43:27 Tue root INFO ('\n\x07250 YDG\x00', '7315', '0', 44, '4', '0', '183.5503387451172', '13.255931854248047', '0.0', '0', '104', '0', '0.0', '0.0', '0.0', '0', '0', '0', '0', '0', '0', '\n\x00\x00\x00\x00\x00\x00\x00\x00\x00', '\n\x00\x00\x00\x00\x00\x00\x00\x00\x00', '0', '0', '2021-03-02 14:43:27')
2021-03-02  14:43:27 Tue root INFO 成功添加数据
2021-03-02  14:43:27 Tue root INFO mes_plc_r2
2021-03-02  14:43:28 Tue root INFO 读取插入数据库数据：{'product_type': '\n\x07250 TJ1\x00', 'r1_equipment_status': '4737', 'fail_code': '48', 'recerve': '0', 'prod_num': 242, 'r1_rob_no': '4', 'r1_weld_line_no': '0', 'r1_electric': '181.38021850585938', 'r1_voltage': '-9.450955390930176', 'r1_speed': '0.0', 'r1_job': '0', 'r2_rob_no': '104', 'r2_weld_line_no': '0', 'r2_electric': '0.0', 'r2_voltage': '0.0', 'r2_speed': '0.0', 'r2_job': '0', 'replace_status': '0', 'part_status': '0', 'r1_protective_gas': '587', 'r1_welding_wire': '0', 'r2_protective_gas': '0', 'r2_welding_wire': '0', 'login_id': '\n\x00\x00\x00\x00\x00\x00\x00\x00\x00', 'login_password': '\n\x00\x00\x00\x00\x00\x00\x00\x00\x00'}
2021-03-02  14:43:28 Tue root INFO ('\n\x07250 TJ1\x00', '4737', '48', 242, '4', '0', '181.38021850585938', '-9.450955390930176', '0.0', '0', '104', '0', '0.0', '0.0', '0.0', '0', '0', '587', '0', '0', '0', '\n\x00\x00\x00\x00\x00\x00\x00\x00\x00', '\n\x00\x00\x00\x00\x00\x00\x00\x00\x00', '0', '0', '2021-03-02 14:43:28')
2021-03-02  14:43:28 Tue root INFO 成功添加数据
2021-03-02  14:43:28 Tue root INFO mes_plc_r3
2021-03-02  14:43:28 Tue root INFO 读取插入数据库数据：{'product_type': '\n\x07250 TJ3\x00', 'r1_equipment_status': '7315', 'fail_code': '48', 'recerve': '0', 'prod_num': 245, 'r1_rob_no': '4', 'r1_weld_line_no': '0', 'r1_electric': '183.68055725097656', 'r1_voltage': '13.87803840637207', 'r1_speed': '0.0', 'r1_job': '0', 'r2_rob_no': '104', 'r2_weld_line_no': '0', 'r2_electric': '0.0', 'r2_voltage': '0.0', 'r2_speed': '0.0', 'r2_job': '0', 'replace_status': '0', 'part_status': '0', 'r1_protective_gas': '407', 'r1_welding_wire': '0', 'r2_protective_gas': '0', 'r2_welding_wire': '0', 'login_id': '\n\x00\x00\x00\x00\x00\x00\x00\x00\x00', 'login_password': '\n\x00\x00\x00\x00\x00\x00\x00\x00\x00'}
2021-03-02  14:43:28 Tue root INFO ('\n\x07250 TJ3\x00', '7315', '48', 245, '4', '0', '183.68055725097656', '13.87803840637207', '0.0', '0', '104', '0', '0.0', '0.0', '0.0', '0', '0', '407', '0', '0', '0', '\n\x00\x00\x00\x00\x00\x00\x00\x00\x00', '\n\x00\x00\x00\x00\x00\x00\x00\x00\x00', '0', '0', '2021-03-02 14:43:28')
2021-03-02  14:43:28 Tue root INFO 成功添加数据
2021-03-02  14:43:28 Tue root INFO mes_plc_r4
2021-03-02  14:43:28 Tue root INFO 读取插入数据库数据：{'product_type': '\n\x07250 PCB\x00', 'r1_equipment_status': '7315', 'fail_code': '0', 'recerve': '0', 'prod_num': 16, 'r1_rob_no': '4', 'r1_weld_line_no': '0', 'r1_electric': '183.05845642089844', 'r1_voltage': '13.187210083007812', 'r1_speed': '0.0', 'r1_job': '0', 'r2_rob_no': '104', 'r2_weld_line_no': '0', 'r2_electric': '0.0', 'r2_voltage': '0.0', 'r2_speed': '0.0', 'r2_job': '0', 'replace_status': '0', 'part_status': '0', 'r1_protective_gas': '1220', 'r1_welding_wire': '0', 'r2_protective_gas': '0', 'r2_welding_wire': '0', 'login_id': '\n\x00\x00\x00\x00\x00\x00\x00\x00\x00', 'login_password': '\n\x00\x00\x00\x00\x00\x00\x00\x00\x00'}
2021-03-02  14:43:28 Tue root INFO ('\n\x07250 PCB\x00', '7315', '0', 16, '4', '0', '183.05845642089844', '13.187210083007812', '0.0', '0', '104', '0', '0.0', '0.0', '0.0', '0', '0', '1220', '0', '0', '0', '\n\x00\x00\x00\x00\x00\x00\x00\x00\x00', '\n\x00\x00\x00\x00\x00\x00\x00\x00\x00', '0', '0', '2021-03-02 14:43:28')
2021-03-02  14:43:28 Tue root INFO 成功添加数据
2021-03-02  14:43:28 Tue root INFO mes_plc_r5
2021-03-02  14:43:29 Tue root INFO 读取插入数据库数据：{'product_type': '\n\x00\x00\x00\x00\x00\x00\x00\x00\x00', 'r1_equipment_status': '6162', 'fail_code': '0', 'recerve': '0', 'prod_num': 0, 'r1_rob_no': '0', 'r1_weld_line_no': '0', 'r1_electric': '179.91897583007812', 'r1_voltage': '13.458478927612305', 'r1_speed': '0.0', 'r1_job': '0', 'r2_rob_no': '0', 'r2_weld_line_no': '0', 'r2_electric': '179.44154357910156', 'r2_voltage': '13.407841682434082', 'r2_speed': '0.0', 'r2_job': '0', 'replace_status': '0', 'part_status': '0', 'r1_protective_gas': '0', 'r1_welding_wire': '0', 'r2_protective_gas': '0', 'r2_welding_wire': '0', 'login_id': '\n\x00\x00\x00\x00\x00\x00\x00\x00\x00', 'login_password': '\n\x00\x00\x00\x00\x00\x00\x00\x00\x00'}
2021-03-02  14:43:29 Tue root INFO ('\n\x00\x00\x00\x00\x00\x00\x00\x00\x00', '6162', '0', 0, '0', '0', '179.91897583007812', '13.458478927612305', '0.0', '0', '0', '0', '179.44154357910156', '13.407841682434082', '0.0', '0', '0', '0', '0', '0', '0', '\n\x00\x00\x00\x00\x00\x00\x00\x00\x00', '\n\x00\x00\x00\x00\x00\x00\x00\x00\x00', '0', '0', '2021-03-02 14:43:29')
2021-03-02  14:43:29 Tue root INFO 成功添加数据
2021-03-02  14:43:29 Tue root INFO mes_plc_r6
2021-03-02  14:43:29 Tue root INFO 读取插入数据库数据：{'product_type': '\n\x00\x00\x00\x00\x00\x00\x00\x00\x00', 'r1_equipment_status': '0', 'fail_code': '0', 'recerve': '10', 'prod_num': 19, 'r1_rob_no': '0', 'r1_weld_line_no': '0', 'r1_electric': '0.0', 'r1_voltage': '0.0', 'r1_speed': '0.0', 'r1_job': '0', 'r2_rob_no': '0', 'r2_weld_line_no': '0', 'r2_electric': '0.0', 'r2_voltage': '0.0', 'r2_speed': '0.0', 'r2_job': '0', 'replace_status': '0', 'part_status': '0', 'r1_protective_gas': '0', 'r1_welding_wire': '0', 'r2_protective_gas': '0', 'r2_welding_wire': '0', 'login_id': '\n\x00\x00\x00\x00\x00\x00\x00\x00\x00', 'login_password': '\n\x00\x00\x00\x00\x00\x00\x00\x00\x00'}
2021-03-02  14:43:29 Tue root INFO ('\n\x00\x00\x00\x00\x00\x00\x00\x00\x00', '0', '0', 19, '0', '0', '0.0', '0.0', '0.0', '0', '0', '0', '0.0', '0.0', '0.0', '0', '0', '0', '0', '0', '0', '\n\x00\x00\x00\x00\x00\x00\x00\x00\x00', '\n\x00\x00\x00\x00\x00\x00\x00\x00\x00', '0', '10', '2021-03-02 14:43:29')
2021-03-02  14:43:29 Tue root INFO 成功添加数据
2021-03-02  14:44:29 Tue root INFO plc连接状态:[1, 1, 1, 1, 1, 1]
2021-03-02  14:44:29 Tue root INFO mes_plc
2021-03-02  14:44:30 Tue root INFO 读取插入数据库数据：{'product_type': '\n\x07250 YDG\x00', 'r1_equipment_status': '7315', 'fail_code': '0', 'recerve': '0', 'prod_num': 44, 'r1_rob_no': '4', 'r1_weld_line_no': '0', 'r1_electric': '183.40567016601562', 'r1_voltage': '13.255931854248047', 'r1_speed': '0.0', 'r1_job': '0', 'r2_rob_no': '104', 'r2_weld_line_no': '0', 'r2_electric': '0.0', 'r2_voltage': '0.0', 'r2_speed': '0.0', 'r2_job': '0', 'replace_status': '0', 'part_status': '0', 'r1_protective_gas': '0', 'r1_welding_wire': '0', 'r2_protective_gas': '0', 'r2_welding_wire': '0', 'login_id': '\n\x00\x00\x00\x00\x00\x00\x00\x00\x00', 'login_password': '\n\x00\x00\x00\x00\x00\x00\x00\x00\x00'}
2021-03-02  14:44:30 Tue root INFO ('\n\x07250 YDG\x00', '7315', '0', 44, '4', '0', '183.40567016601562', '13.255931854248047', '0.0', '0', '104', '0', '0.0', '0.0', '0.0', '0', '0', '0', '0', '0', '0', '\n\x00\x00\x00\x00\x00\x00\x00\x00\x00', '\n\x00\x00\x00\x00\x00\x00\x00\x00\x00', '0', '0', '2021-03-02 14:44:30')
2021-03-02  14:44:30 Tue root INFO 成功添加数据
2021-03-02  14:44:30 Tue root INFO mes_plc_r2
2021-03-02  14:44:30 Tue root INFO 读取插入数据库数据：{'product_type': '\n\x07250 TJ1\x00', 'r1_equipment_status': '5267', 'fail_code': '48', 'recerve': '0', 'prod_num': 242, 'r1_rob_no': '4', 'r1_weld_line_no': '0', 'r1_electric': '181.46701049804688', 'r1_voltage': '13.169126510620117', 'r1_speed': '0.0', 'r1_job': '0', 'r2_rob_no': '104', 'r2_weld_line_no': '0', 'r2_electric': '0.0', 'r2_voltage': '0.0', 'r2_speed': '0.0', 'r2_job': '0', 'replace_status': '0', 'part_status': '0', 'r1_protective_gas': '610', 'r1_welding_wire': '0', 'r2_protective_gas': '0', 'r2_welding_wire': '0', 'login_id': '\n\x00\x00\x00\x00\x00\x00\x00\x00\x00', 'login_password': '\n\x00\x00\x00\x00\x00\x00\x00\x00\x00'}
2021-03-02  14:44:30 Tue root INFO ('\n\x07250 TJ1\x00', '5267', '48', 242, '4', '0', '181.46701049804688', '13.169126510620117', '0.0', '0', '104', '0', '0.0', '0.0', '0.0', '0', '0', '610', '0', '0', '0', '\n\x00\x00\x00\x00\x00\x00\x00\x00\x00', '\n\x00\x00\x00\x00\x00\x00\x00\x00\x00', '0', '0', '2021-03-02 14:44:30')
2021-03-02  14:44:30 Tue root INFO 成功添加数据
2021-03-02  14:44:30 Tue root INFO mes_plc_r3
2021-03-02  14:44:30 Tue root INFO 读取插入数据库数据：{'product_type': '\n\x07250 TJ3\x00', 'r1_equipment_status': '6785', 'fail_code': '48', 'recerve': '0', 'prod_num': 245, 'r1_rob_no': '4', 'r1_weld_line_no': '0', 'r1_electric': '183.60821533203125', 'r1_voltage': '13.896122932434082', 'r1_speed': '0.0', 'r1_job': '0', 'r2_rob_no': '104', 'r2_weld_line_no': '0', 'r2_electric': '0.0', 'r2_voltage': '0.0', 'r2_speed': '0.0', 'r2_job': '0', 'replace_status': '0', 'part_status': '0', 'r1_protective_gas': '433', 'r1_welding_wire': '0', 'r2_protective_gas': '0', 'r2_welding_wire': '0', 'login_id': '\n\x00\x00\x00\x00\x00\x00\x00\x00\x00', 'login_password': '\n\x00\x00\x00\x00\x00\x00\x00\x00\x00'}
2021-03-02  14:44:30 Tue root INFO ('\n\x07250 TJ3\x00', '6785', '48', 245, '4', '0', '183.60821533203125', '13.896122932434082', '0.0', '0', '104', '0', '0.0', '0.0', '0.0', '0', '0', '433', '0', '0', '0', '\n\x00\x00\x00\x00\x00\x00\x00\x00\x00', '\n\x00\x00\x00\x00\x00\x00\x00\x00\x00', '0', '0', '2021-03-02 14:44:30')
2021-03-02  14:44:30 Tue root INFO 成功添加数据
2021-03-02  14:44:30 Tue root INFO mes_plc_r4
2021-03-02  14:44:31 Tue root INFO 读取插入数据库数据：{'product_type': '\n\x07250 PCB\x00', 'r1_equipment_status': '7315', 'fail_code': '0', 'recerve': '0', 'prod_num': 16, 'r1_rob_no': '4', 'r1_weld_line_no': '0', 'r1_electric': '183.1018524169922', 'r1_voltage': '13.165510177612305', 'r1_speed': '0.0', 'r1_job': '0', 'r2_rob_no': '104', 'r2_weld_line_no': '0', 'r2_electric': '0.0', 'r2_voltage': '0.0', 'r2_speed': '0.0', 'r2_job': '0', 'replace_status': '0', 'part_status': '0', 'r1_protective_gas': '1220', 'r1_welding_wire': '0', 'r2_protective_gas': '0', 'r2_welding_wire': '0', 'login_id': '\n\x00\x00\x00\x00\x00\x00\x00\x00\x00', 'login_password': '\n\x00\x00\x00\x00\x00\x00\x00\x00\x00'}
2021-03-02  14:44:31 Tue root INFO ('\n\x07250 PCB\x00', '7315', '0', 16, '4', '0', '183.1018524169922', '13.165510177612305', '0.0', '0', '104', '0', '0.0', '0.0', '0.0', '0', '0', '1220', '0', '0', '0', '\n\x00\x00\x00\x00\x00\x00\x00\x00\x00', '\n\x00\x00\x00\x00\x00\x00\x00\x00\x00', '0', '0', '2021-03-02 14:44:31')
2021-03-02  14:44:31 Tue root INFO 成功添加数据
2021-03-02  14:44:31 Tue root INFO mes_plc_r5
2021-03-02  14:44:31 Tue root INFO 读取插入数据库数据：{'product_type': '\n\x00\x00\x00\x00\x00\x00\x00\x00\x00', 'r1_equipment_status': '6162', 'fail_code': '0', 'recerve': '0', 'prod_num': 0, 'r1_rob_no': '0', 'r1_weld_line_no': '0', 'r1_electric': '179.87557983398438', 'r1_voltage': '13.422308921813965', 'r1_speed': '0.0', 'r1_job': '0', 'r2_rob_no': '0', 'r2_weld_line_no': '0', 'r2_electric': '179.35475158691406', 'r2_voltage': '13.411458015441895', 'r2_speed': '0.0', 'r2_job': '0', 'replace_status': '0', 'part_status': '0', 'r1_protective_gas': '0', 'r1_welding_wire': '0', 'r2_protective_gas': '0', 'r2_welding_wire': '0', 'login_id': '\n\x00\x00\x00\x00\x00\x00\x00\x00\x00', 'login_password': '\n\x00\x00\x00\x00\x00\x00\x00\x00\x00'}
2021-03-02  14:44:31 Tue root INFO ('\n\x00\x00\x00\x00\x00\x00\x00\x00\x00', '6162', '0', 0, '0', '0', '179.87557983398438', '13.422308921813965', '0.0', '0', '0', '0', '179.35475158691406', '13.411458015441895', '0.0', '0', '0', '0', '0', '0', '0', '\n\x00\x00\x00\x00\x00\x00\x00\x00\x00', '\n\x00\x00\x00\x00\x00\x00\x00\x00\x00', '0', '0', '2021-03-02 14:44:31')
2021-03-02  14:44:31 Tue root INFO 成功添加数据
2021-03-02  14:44:31 Tue root INFO mes_plc_r6
2021-03-02  14:44:32 Tue root INFO 读取插入数据库数据：{'product_type': '\n\x00\x00\x00\x00\x00\x00\x00\x00\x00', 'r1_equipment_status': '0', 'fail_code': '0', 'recerve': '10', 'prod_num': 19, 'r1_rob_no': '0', 'r1_weld_line_no': '0', 'r1_electric': '0.0', 'r1_voltage': '0.0', 'r1_speed': '0.0', 'r1_job': '0', 'r2_rob_no': '0', 'r2_weld_line_no': '0', 'r2_electric': '0.0', 'r2_voltage': '0.0', 'r2_speed': '0.0', 'r2_job': '0', 'replace_status': '0', 'part_status': '0', 'r1_protective_gas': '0', 'r1_welding_wire': '0', 'r2_protective_gas': '0', 'r2_welding_wire': '0', 'login_id': '\n\x00\x00\x00\x00\x00\x00\x00\x00\x00', 'login_password': '\n\x00\x00\x00\x00\x00\x00\x00\x00\x00'}
2021-03-02  14:44:32 Tue root INFO ('\n\x00\x00\x00\x00\x00\x00\x00\x00\x00', '0', '0', 19, '0', '0', '0.0', '0.0', '0.0', '0', '0', '0', '0.0', '0.0', '0.0', '0', '0', '0', '0', '0', '0', '\n\x00\x00\x00\x00\x00\x00\x00\x00\x00', '\n\x00\x00\x00\x00\x00\x00\x00\x00\x00', '0', '10', '2021-03-02 14:44:32')
2021-03-02  14:44:32 Tue root INFO 成功添加数据
2021-03-02  14:45:32 Tue root INFO plc连接状态:[1, 1, 1, 1, 1, 1]
2021-03-02  14:45:32 Tue root INFO mes_plc
2021-03-02  14:45:32 Tue root INFO 读取插入数据库数据：{'product_type': '\n\x07250 YDG\x00', 'r1_equipment_status': '7315', 'fail_code': '0', 'recerve': '0', 'prod_num': 44, 'r1_rob_no': '4', 'r1_weld_line_no': '0', 'r1_electric': '183.26100158691406', 'r1_voltage': '13.266782760620117', 'r1_speed': '0.0', 'r1_job': '0', 'r2_rob_no': '104', 'r2_weld_line_no': '0', 'r2_electric': '0.0', 'r2_voltage': '0.0', 'r2_speed': '0.0', 'r2_job': '0', 'replace_status': '0', 'part_status': '0', 'r1_protective_gas': '0', 'r1_welding_wire': '0', 'r2_protective_gas': '0', 'r2_welding_wire': '0', 'login_id': '\n\x00\x00\x00\x00\x00\x00\x00\x00\x00', 'login_password': '\n\x00\x00\x00\x00\x00\x00\x00\x00\x00'}
2021-03-02  14:45:32 Tue root INFO ('\n\x07250 YDG\x00', '7315', '0', 44, '4', '0', '183.26100158691406', '13.266782760620117', '0.0', '0', '104', '0', '0.0', '0.0', '0.0', '0', '0', '0', '0', '0', '0', '\n\x00\x00\x00\x00\x00\x00\x00\x00\x00', '\n\x00\x00\x00\x00\x00\x00\x00\x00\x00', '0', '0', '2021-03-02 14:45:32')
2021-03-02  14:45:32 Tue root INFO 成功添加数据
2021-03-02  14:45:32 Tue root INFO mes_plc_r2
2021-03-02  14:45:32 Tue root INFO 读取插入数据库数据：{'product_type': '\n\x07250 TJ1\x00', 'r1_equipment_status': '5267', 'fail_code': '48', 'recerve': '0', 'prod_num': 242, 'r1_rob_no': '4', 'r1_weld_line_no': '0', 'r1_electric': '181.46701049804688', 'r1_voltage': '13.14742374420166', 'r1_speed': '0.0', 'r1_job': '0', 'r2_rob_no': '104', 'r2_weld_line_no': '0', 'r2_electric': '0.0', 'r2_voltage': '0.0', 'r2_speed': '0.0', 'r2_job': '0', 'replace_status': '0', 'part_status': '0', 'r1_protective_gas': '610', 'r1_welding_wire': '0', 'r2_protective_gas': '0', 'r2_welding_wire': '0', 'login_id': '\n\x00\x00\x00\x00\x00\x00\x00\x00\x00', 'login_password': '\n\x00\x00\x00\x00\x00\x00\x00\x00\x00'}
2021-03-02  14:45:32 Tue root INFO ('\n\x07250 TJ1\x00', '5267', '48', 242, '4', '0', '181.46701049804688', '13.14742374420166', '0.0', '0', '104', '0', '0.0', '0.0', '0.0', '0', '0', '610', '0', '0', '0', '\n\x00\x00\x00\x00\x00\x00\x00\x00\x00', '\n\x00\x00\x00\x00\x00\x00\x00\x00\x00', '0', '0', '2021-03-02 14:45:32')
2021-03-02  14:45:32 Tue root INFO 成功添加数据
2021-03-02  14:45:32 Tue root INFO mes_plc_r3
2021-03-02  14:45:32 Tue root INFO 读取插入数据库数据：{'product_type': '\n\x07250 TJ3\x00', 'r1_equipment_status': '7315', 'fail_code': '48', 'recerve': '0', 'prod_num': 245, 'r1_rob_no': '4', 'r1_weld_line_no': '0', 'r1_electric': '183.59375', 'r1_voltage': '13.874422073364258', 'r1_speed': '0.0', 'r1_job': '0', 'r2_rob_no': '104', 'r2_weld_line_no': '0', 'r2_electric': '0.0', 'r2_voltage': '0.0', 'r2_speed': '0.0', 'r2_job': '0', 'replace_status': '0', 'part_status': '0', 'r1_protective_gas': '436', 'r1_welding_wire': '0', 'r2_protective_gas': '0', 'r2_welding_wire': '0', 'login_id': '\n\x00\x00\x00\x00\x00\x00\x00\x00\x00', 'login_password': '\n\x00\x00\x00\x00\x00\x00\x00\x00\x00'}
2021-03-02  14:45:32 Tue root INFO ('\n\x07250 TJ3\x00', '7315', '48', 245, '4', '0', '183.59375', '13.874422073364258', '0.0', '0', '104', '0', '0.0', '0.0', '0.0', '0', '0', '436', '0', '0', '0', '\n\x00\x00\x00\x00\x00\x00\x00\x00\x00', '\n\x00\x00\x00\x00\x00\x00\x00\x00\x00', '0', '0', '2021-03-02 14:45:32')
2021-03-02  14:45:32 Tue root INFO 成功添加数据
2021-03-02  14:45:32 Tue root INFO mes_plc_r4
2021-03-02  14:45:33 Tue root INFO 读取插入数据库数据：{'product_type': '\n\x07250 PCB\x00', 'r1_equipment_status': '6803', 'fail_code': '0', 'recerve': '0', 'prod_num': 17, 'r1_rob_no': '4', 'r1_weld_line_no': '0', 'r1_electric': '183.01504516601562', 'r1_voltage': '-15.657551765441895', 'r1_speed': '0.0', 'r1_job': '0', 'r2_rob_no': '104', 'r2_weld_line_no': '0', 'r2_electric': '0.0', 'r2_voltage': '0.0', 'r2_speed': '0.0', 'r2_job': '0', 'replace_status': '0', 'part_status': '0', 'r1_protective_gas': '1246', 'r1_welding_wire': '0', 'r2_protective_gas': '0', 'r2_welding_wire': '0', 'login_id': '\n\x00\x00\x00\x00\x00\x00\x00\x00\x00', 'login_password': '\n\x00\x00\x00\x00\x00\x00\x00\x00\x00'}
2021-03-02  14:45:33 Tue root INFO ('\n\x07250 PCB\x00', '6803', '0', 17, '4', '0', '183.01504516601562', '-15.657551765441895', '0.0', '0', '104', '0', '0.0', '0.0', '0.0', '0', '0', '1246', '0', '0', '0', '\n\x00\x00\x00\x00\x00\x00\x00\x00\x00', '\n\x00\x00\x00\x00\x00\x00\x00\x00\x00', '0', '0', '2021-03-02 14:45:33')
2021-03-02  14:45:33 Tue root INFO 成功添加数据
2021-03-02  14:45:33 Tue root INFO mes_plc_r5
2021-03-02  14:45:34 Tue root INFO 读取插入数据库数据：{'product_type': '\n\x00\x00\x00\x00\x00\x00\x00\x00\x00', 'r1_equipment_status': '6162', 'fail_code': '0', 'recerve': '0', 'prod_num': 0, 'r1_rob_no': '0', 'r1_weld_line_no': '0', 'r1_electric': '179.90451049804688', 'r1_voltage': '13.444010734558105', 'r1_speed': '0.0', 'r1_job': '0', 'r2_rob_no': '0', 'r2_weld_line_no': '0', 'r2_electric': '179.3692169189453', 'r2_voltage': '13.429543495178223', 'r2_speed': '0.0', 'r2_job': '0', 'replace_status': '0', 'part_status': '0', 'r1_protective_gas': '0', 'r1_welding_wire': '0', 'r2_protective_gas': '0', 'r2_welding_wire': '0', 'login_id': '\n\x00\x00\x00\x00\x00\x00\x00\x00\x00', 'login_password': '\n\x00\x00\x00\x00\x00\x00\x00\x00\x00'}
2021-03-02  14:45:34 Tue root INFO ('\n\x00\x00\x00\x00\x00\x00\x00\x00\x00', '6162', '0', 0, '0', '0', '179.90451049804688', '13.444010734558105', '0.0', '0', '0', '0', '179.3692169189453', '13.429543495178223', '0.0', '0', '0', '0', '0', '0', '0', '\n\x00\x00\x00\x00\x00\x00\x00\x00\x00', '\n\x00\x00\x00\x00\x00\x00\x00\x00\x00', '0', '0', '2021-03-02 14:45:34')
2021-03-02  14:45:34 Tue root INFO 成功添加数据
2021-03-02  14:45:34 Tue root INFO mes_plc_r6
2021-03-02  14:45:34 Tue root INFO 读取插入数据库数据：{'product_type': '\n\x00\x00\x00\x00\x00\x00\x00\x00\x00', 'r1_equipment_status': '0', 'fail_code': '0', 'recerve': '10', 'prod_num': 19, 'r1_rob_no': '0', 'r1_weld_line_no': '0', 'r1_electric': '0.0', 'r1_voltage': '0.0', 'r1_speed': '0.0', 'r1_job': '0', 'r2_rob_no': '0', 'r2_weld_line_no': '0', 'r2_electric': '0.0', 'r2_voltage': '0.0', 'r2_speed': '0.0', 'r2_job': '0', 'replace_status': '0', 'part_status': '0', 'r1_protective_gas': '0', 'r1_welding_wire': '0', 'r2_protective_gas': '0', 'r2_welding_wire': '0', 'login_id': '\n\x00\x00\x00\x00\x00\x00\x00\x00\x00', 'login_password': '\n\x00\x00\x00\x00\x00\x00\x00\x00\x00'}
2021-03-02  14:45:34 Tue root INFO ('\n\x00\x00\x00\x00\x00\x00\x00\x00\x00', '0', '0', 19, '0', '0', '0.0', '0.0', '0.0', '0', '0', '0', '0.0', '0.0', '0.0', '0', '0', '0', '0', '0', '0', '\n\x00\x00\x00\x00\x00\x00\x00\x00\x00', '\n\x00\x00\x00\x00\x00\x00\x00\x00\x00', '0', '10', '2021-03-02 14:45:34')
2021-03-02  14:45:34 Tue root INFO 成功添加数据
2021-03-02  14:46:34 Tue root INFO plc连接状态:[1, 1, 1, 1, 1, 1]
2021-03-02  14:46:34 Tue root INFO mes_plc
2021-03-02  14:46:34 Tue root INFO 读取插入数据库数据：{'product_type': '\n\x07250 YDG\x00', 'r1_equipment_status': '7315', 'fail_code': '0', 'recerve': '0', 'prod_num': 44, 'r1_rob_no': '4', 'r1_weld_line_no': '0', 'r1_electric': '183.1307830810547', 'r1_voltage': '13.274015426635742', 'r1_speed': '0.0', 'r1_job': '0', 'r2_rob_no': '104', 'r2_weld_line_no': '0', 'r2_electric': '0.0', 'r2_voltage': '0.0', 'r2_speed': '0.0', 'r2_job': '0', 'replace_status': '0', 'part_status': '0', 'r1_protective_gas': '0', 'r1_welding_wire': '0', 'r2_protective_gas': '0', 'r2_welding_wire': '0', 'login_id': '\n\x00\x00\x00\x00\x00\x00\x00\x00\x00', 'login_password': '\n\x00\x00\x00\x00\x00\x00\x00\x00\x00'}
2021-03-02  14:46:34 Tue root INFO ('\n\x07250 YDG\x00', '7315', '0', 44, '4', '0', '183.1307830810547', '13.274015426635742', '0.0', '0', '104', '0', '0.0', '0.0', '0.0', '0', '0', '0', '0', '0', '0', '\n\x00\x00\x00\x00\x00\x00\x00\x00\x00', '\n\x00\x00\x00\x00\x00\x00\x00\x00\x00', '0', '0', '2021-03-02 14:46:34')
2021-03-02  14:46:34 Tue root INFO 成功添加数据
2021-03-02  14:46:34 Tue root INFO mes_plc_r2
2021-03-02  14:46:35 Tue root INFO 读取插入数据库数据：{'product_type': '\n\x07250 TJ1\x00', 'r1_equipment_status': '5267', 'fail_code': '48', 'recerve': '0', 'prod_num': 242, 'r1_rob_no': '4', 'r1_weld_line_no': '0', 'r1_electric': '181.49595642089844', 'r1_voltage': '13.151041984558105', 'r1_speed': '0.0', 'r1_job': '0', 'r2_rob_no': '104', 'r2_weld_line_no': '0', 'r2_electric': '0.0', 'r2_voltage': '0.0', 'r2_speed': '0.0', 'r2_job': '0', 'replace_status': '0', 'part_status': '0', 'r1_protective_gas': '610', 'r1_welding_wire': '0', 'r2_protective_gas': '0', 'r2_welding_wire': '0', 'login_id': '\n\x00\x00\x00\x00\x00\x00\x00\x00\x00', 'login_password': '\n\x00\x00\x00\x00\x00\x00\x00\x00\x00'}
2021-03-02  14:46:35 Tue root INFO ('\n\x07250 TJ1\x00', '5267', '48', 242, '4', '0', '181.49595642089844', '13.151041984558105', '0.0', '0', '104', '0', '0.0', '0.0', '0.0', '0', '0', '610', '0', '0', '0', '\n\x00\x00\x00\x00\x00\x00\x00\x00\x00', '\n\x00\x00\x00\x00\x00\x00\x00\x00\x00', '0', '0', '2021-03-02 14:46:35')
2021-03-02  14:46:35 Tue root INFO 成功添加数据
2021-03-02  14:46:35 Tue root INFO mes_plc_r3
2021-03-02  14:46:35 Tue root INFO 读取插入数据库数据：{'product_type': '\n\x07250 TJ3\x00', 'r1_equipment_status': '7233', 'fail_code': '48', 'recerve': '0', 'prod_num': 246, 'r1_rob_no': '4', 'r1_weld_line_no': '0', 'r1_electric': '183.6660919189453', 'r1_voltage': '13.863571166992188', 'r1_speed': '0.0', 'r1_job': '0', 'r2_rob_no': '104', 'r2_weld_line_no': '0', 'r2_electric': '0.0', 'r2_voltage': '0.0', 'r2_speed': '0.0', 'r2_job': '0', 'replace_status': '0', 'part_status': '0', 'r1_protective_gas': '448', 'r1_welding_wire': '0', 'r2_protective_gas': '0', 'r2_welding_wire': '0', 'login_id': '\n\x00\x00\x00\x00\x00\x00\x00\x00\x00', 'login_password': '\n\x00\x00\x00\x00\x00\x00\x00\x00\x00'}
2021-03-02  14:46:35 Tue root INFO ('\n\x07250 TJ3\x00', '7233', '48', 246, '4', '0', '183.6660919189453', '13.863571166992188', '0.0', '0', '104', '0', '0.0', '0.0', '0.0', '0', '0', '448', '0', '0', '0', '\n\x00\x00\x00\x00\x00\x00\x00\x00\x00', '\n\x00\x00\x00\x00\x00\x00\x00\x00\x00', '0', '0', '2021-03-02 14:46:35')
2021-03-02  14:46:35 Tue root INFO 成功添加数据
2021-03-02  14:46:35 Tue root INFO mes_plc_r4
2021-03-02  14:46:35 Tue root INFO 读取插入数据库数据：{'product_type': '\n\x07250 PCB\x00', 'r1_equipment_status': '7315', 'fail_code': '0', 'recerve': '0', 'prod_num': 17, 'r1_rob_no': '4', 'r1_weld_line_no': '0', 'r1_electric': '183.08738708496094', 'r1_voltage': '13.165510177612305', 'r1_speed': '0.0', 'r1_job': '0', 'r2_rob_no': '104', 'r2_weld_line_no': '0', 'r2_electric': '0.0', 'r2_voltage': '0.0', 'r2_speed': '0.0', 'r2_job': '0', 'replace_status': '0', 'part_status': '0', 'r1_protective_gas': '1253', 'r1_welding_wire': '0', 'r2_protective_gas': '0', 'r2_welding_wire': '0', 'login_id': '\n\x00\x00\x00\x00\x00\x00\x00\x00\x00', 'login_password': '\n\x00\x00\x00\x00\x00\x00\x00\x00\x00'}
2021-03-02  14:46:35 Tue root INFO ('\n\x07250 PCB\x00', '7315', '0', 17, '4', '0', '183.08738708496094', '13.165510177612305', '0.0', '0', '104', '0', '0.0', '0.0', '0.0', '0', '0', '1253', '0', '0', '0', '\n\x00\x00\x00\x00\x00\x00\x00\x00\x00', '\n\x00\x00\x00\x00\x00\x00\x00\x00\x00', '0', '0', '2021-03-02 14:46:35')
2021-03-02  14:46:35 Tue root INFO 成功添加数据
2021-03-02  14:46:35 Tue root INFO mes_plc_r5
2021-03-02  14:46:36 Tue root INFO 读取插入数据库数据：{'product_type': '\n\x00\x00\x00\x00\x00\x00\x00\x00\x00', 'r1_equipment_status': '6162', 'fail_code': '0', 'recerve': '0', 'prod_num': 0, 'r1_rob_no': '0', 'r1_weld_line_no': '0', 'r1_electric': '179.99131774902344', 'r1_voltage': '13.436776161193848', 'r1_speed': '0.0', 'r1_job': '0', 'r2_rob_no': '0', 'r2_weld_line_no': '0', 'r2_electric': '179.2534637451172', 'r2_voltage': '13.404224395751953', 'r2_speed': '0.0', 'r2_job': '0', 'replace_status': '0', 'part_status': '0', 'r1_protective_gas': '0', 'r1_welding_wire': '0', 'r2_protective_gas': '0', 'r2_welding_wire': '0', 'login_id': '\n\x00\x00\x00\x00\x00\x00\x00\x00\x00', 'login_password': '\n\x00\x00\x00\x00\x00\x00\x00\x00\x00'}
2021-03-02  14:46:36 Tue root INFO ('\n\x00\x00\x00\x00\x00\x00\x00\x00\x00', '6162', '0', 0, '0', '0', '179.99131774902344', '13.436776161193848', '0.0', '0', '0', '0', '179.2534637451172', '13.404224395751953', '0.0', '0', '0', '0', '0', '0', '0', '\n\x00\x00\x00\x00\x00\x00\x00\x00\x00', '\n\x00\x00\x00\x00\x00\x00\x00\x00\x00', '0', '0', '2021-03-02 14:46:36')
2021-03-02  14:46:36 Tue root INFO 成功添加数据
2021-03-02  14:46:36 Tue root INFO mes_plc_r6
2021-03-02  14:46:36 Tue root INFO 读取插入数据库数据：{'product_type': '\n\x00\x00\x00\x00\x00\x00\x00\x00\x00', 'r1_equipment_status': '0', 'fail_code': '0', 'recerve': '10', 'prod_num': 19, 'r1_rob_no': '0', 'r1_weld_line_no': '0', 'r1_electric': '0.0', 'r1_voltage': '0.0', 'r1_speed': '0.0', 'r1_job': '0', 'r2_rob_no': '0', 'r2_weld_line_no': '0', 'r2_electric': '0.0', 'r2_voltage': '0.0', 'r2_speed': '0.0', 'r2_job': '0', 'replace_status': '0', 'part_status': '0', 'r1_protective_gas': '0', 'r1_welding_wire': '0', 'r2_protective_gas': '0', 'r2_welding_wire': '0', 'login_id': '\n\x00\x00\x00\x00\x00\x00\x00\x00\x00', 'login_password': '\n\x00\x00\x00\x00\x00\x00\x00\x00\x00'}
2021-03-02  14:46:36 Tue root INFO ('\n\x00\x00\x00\x00\x00\x00\x00\x00\x00', '0', '0', 19, '0', '0', '0.0', '0.0', '0.0', '0', '0', '0', '0.0', '0.0', '0.0', '0', '0', '0', '0', '0', '0', '\n\x00\x00\x00\x00\x00\x00\x00\x00\x00', '\n\x00\x00\x00\x00\x00\x00\x00\x00\x00', '0', '10', '2021-03-02 14:46:36')
2021-03-02  14:46:36 Tue root INFO 成功添加数据
2021-03-02  14:47:36 Tue root INFO plc连接状态:[1, 1, 1, 1, 1, 1]
2021-03-02  14:47:36 Tue root INFO mes_plc
2021-03-02  14:47:37 Tue root INFO 读取插入数据库数据：{'product_type': '\n\x07250 YDG\x00', 'r1_equipment_status': '7315', 'fail_code': '0', 'recerve': '0', 'prod_num': 44, 'r1_rob_no': '4', 'r1_weld_line_no': '0', 'r1_electric': '183.04397583007812', 'r1_voltage': '13.266782760620117', 'r1_speed': '0.0', 'r1_job': '0', 'r2_rob_no': '104', 'r2_weld_line_no': '0', 'r2_electric': '0.0', 'r2_voltage': '0.0', 'r2_speed': '0.0', 'r2_job': '0', 'replace_status': '0', 'part_status': '0', 'r1_protective_gas': '0', 'r1_welding_wire': '0', 'r2_protective_gas': '0', 'r2_welding_wire': '0', 'login_id': '\n\x00\x00\x00\x00\x00\x00\x00\x00\x00', 'login_password': '\n\x00\x00\x00\x00\x00\x00\x00\x00\x00'}
2021-03-02  14:47:37 Tue root INFO ('\n\x07250 YDG\x00', '7315', '0', 44, '4', '0', '183.04397583007812', '13.266782760620117', '0.0', '0', '104', '0', '0.0', '0.0', '0.0', '0', '0', '0', '0', '0', '0', '\n\x00\x00\x00\x00\x00\x00\x00\x00\x00', '\n\x00\x00\x00\x00\x00\x00\x00\x00\x00', '0', '0', '2021-03-02 14:47:37')
2021-03-02  14:47:37 Tue root INFO 成功添加数据
2021-03-02  14:47:37 Tue root INFO mes_plc_r2
2021-03-02  14:47:37 Tue root INFO 读取插入数据库数据：{'product_type': '\n\x07250 TJ1\x00', 'r1_equipment_status': '5267', 'fail_code': '48', 'recerve': '0', 'prod_num': 242, 'r1_rob_no': '4', 'r1_weld_line_no': '0', 'r1_electric': '181.52488708496094', 'r1_voltage': '13.136574745178223', 'r1_speed': '0.0', 'r1_job': '0', 'r2_rob_no': '104', 'r2_weld_line_no': '0', 'r2_electric': '0.0', 'r2_voltage': '0.0', 'r2_speed': '0.0', 'r2_job': '0', 'replace_status': '0', 'part_status': '0', 'r1_protective_gas': '610', 'r1_welding_wire': '0', 'r2_protective_gas': '0', 'r2_welding_wire': '0', 'login_id': '\n\x00\x00\x00\x00\x00\x00\x00\x00\x00', 'login_password': '\n\x00\x00\x00\x00\x00\x00\x00\x00\x00'}
2021-03-02  14:47:37 Tue root INFO ('\n\x07250 TJ1\x00', '5267', '48', 242, '4', '0', '181.52488708496094', '13.136574745178223', '0.0', '0', '104', '0', '0.0', '0.0', '0.0', '0', '0', '610', '0', '0', '0', '\n\x00\x00\x00\x00\x00\x00\x00\x00\x00', '\n\x00\x00\x00\x00\x00\x00\x00\x00\x00', '0', '0', '2021-03-02 14:47:37')
2021-03-02  14:47:37 Tue root INFO 成功添加数据
2021-03-02  14:47:37 Tue root INFO mes_plc_r3
2021-03-02  14:47:37 Tue root INFO 读取插入数据库数据：{'product_type': '\n\x07250 TJ3\x00', 'r1_equipment_status': '7315', 'fail_code': '48', 'recerve': '0', 'prod_num': 246, 'r1_rob_no': '4', 'r1_weld_line_no': '0', 'r1_electric': '183.5648193359375', 'r1_voltage': '13.88888931274414', 'r1_speed': '0.0', 'r1_job': '0', 'r2_rob_no': '104', 'r2_weld_line_no': '0', 'r2_electric': '0.0', 'r2_voltage': '0.0', 'r2_speed': '0.0', 'r2_job': '0', 'replace_status': '0', 'part_status': '0', 'r1_protective_gas': '462', 'r1_welding_wire': '0', 'r2_protective_gas': '0', 'r2_welding_wire': '0', 'login_id': '\n\x00\x00\x00\x00\x00\x00\x00\x00\x00', 'login_password': '\n\x00\x00\x00\x00\x00\x00\x00\x00\x00'}
2021-03-02  14:47:37 Tue root INFO ('\n\x07250 TJ3\x00', '7315', '48', 246, '4', '0', '183.5648193359375', '13.88888931274414', '0.0', '0', '104', '0', '0.0', '0.0', '0.0', '0', '0', '462', '0', '0', '0', '\n\x00\x00\x00\x00\x00\x00\x00\x00\x00', '\n\x00\x00\x00\x00\x00\x00\x00\x00\x00', '0', '0', '2021-03-02 14:47:37')
2021-03-02  14:47:37 Tue root INFO 成功添加数据
2021-03-02  14:47:37 Tue root INFO mes_plc_r4
2021-03-02  14:47:38 Tue root INFO 读取插入数据库数据：{'product_type': '\n\x07250 PCB\x00', 'r1_equipment_status': '7233', 'fail_code': '0', 'recerve': '0', 'prod_num': 17, 'r1_rob_no': '4', 'r1_weld_line_no': '0', 'r1_electric': '182.97164916992188', 'r1_voltage': '-13.35720443725586', 'r1_speed': '0.0', 'r1_job': '0', 'r2_rob_no': '104', 'r2_weld_line_no': '0', 'r2_electric': '0.0', 'r2_voltage': '0.0', 'r2_speed': '0.0', 'r2_job': '0', 'replace_status': '0', 'part_status': '0', 'r1_protective_gas': '1262', 'r1_welding_wire': '0', 'r2_protective_gas': '0', 'r2_welding_wire': '0', 'login_id': '\n\x00\x00\x00\x00\x00\x00\x00\x00\x00', 'login_password': '\n\x00\x00\x00\x00\x00\x00\x00\x00\x00'}
2021-03-02  14:47:38 Tue root INFO ('\n\x07250 PCB\x00', '7233', '0', 17, '4', '0', '182.97164916992188', '-13.35720443725586', '0.0', '0', '104', '0', '0.0', '0.0', '0.0', '0', '0', '1262', '0', '0', '0', '\n\x00\x00\x00\x00\x00\x00\x00\x00\x00', '\n\x00\x00\x00\x00\x00\x00\x00\x00\x00', '0', '0', '2021-03-02 14:47:38')
2021-03-02  14:47:38 Tue root INFO 成功添加数据
2021-03-02  14:47:38 Tue root INFO mes_plc_r5
2021-03-02  14:47:38 Tue root INFO 读取插入数据库数据：{'product_type': '\n\x00\x00\x00\x00\x00\x00\x00\x00\x00', 'r1_equipment_status': '6162', 'fail_code': '0', 'recerve': '0', 'prod_num': 0, 'r1_rob_no': '0', 'r1_weld_line_no': '0', 'r1_electric': '179.91897583007812', 'r1_voltage': '13.462095260620117', 'r1_speed': '0.0', 'r1_job': '0', 'r2_rob_no': '0', 'r2_weld_line_no': '0', 'r2_electric': '179.41261291503906', 'r2_voltage': '13.40060806274414', 'r2_speed': '0.0', 'r2_job': '0', 'replace_status': '0', 'part_status': '0', 'r1_protective_gas': '0', 'r1_welding_wire': '0', 'r2_protective_gas': '0', 'r2_welding_wire': '0', 'login_id': '\n\x00\x00\x00\x00\x00\x00\x00\x00\x00', 'login_password': '\n\x00\x00\x00\x00\x00\x00\x00\x00\x00'}
2021-03-02  14:47:38 Tue root INFO ('\n\x00\x00\x00\x00\x00\x00\x00\x00\x00', '6162', '0', 0, '0', '0', '179.91897583007812', '13.462095260620117', '0.0', '0', '0', '0', '179.41261291503906', '13.40060806274414', '0.0', '0', '0', '0', '0', '0', '0', '\n\x00\x00\x00\x00\x00\x00\x00\x00\x00', '\n\x00\x00\x00\x00\x00\x00\x00\x00\x00', '0', '0', '2021-03-02 14:47:38')
2021-03-02  14:47:38 Tue root INFO 成功添加数据
2021-03-02  14:47:38 Tue root INFO mes_plc_r6
2021-03-02  14:47:38 Tue root INFO 读取插入数据库数据：{'product_type': '\n\x00\x00\x00\x00\x00\x00\x00\x00\x00', 'r1_equipment_status': '0', 'fail_code': '0', 'recerve': '10', 'prod_num': 19, 'r1_rob_no': '0', 'r1_weld_line_no': '0', 'r1_electric': '0.0', 'r1_voltage': '0.0', 'r1_speed': '0.0', 'r1_job': '0', 'r2_rob_no': '0', 'r2_weld_line_no': '0', 'r2_electric': '0.0', 'r2_voltage': '0.0', 'r2_speed': '0.0', 'r2_job': '0', 'replace_status': '0', 'part_status': '0', 'r1_protective_gas': '0', 'r1_welding_wire': '0', 'r2_protective_gas': '0', 'r2_welding_wire': '0', 'login_id': '\n\x00\x00\x00\x00\x00\x00\x00\x00\x00', 'login_password': '\n\x00\x00\x00\x00\x00\x00\x00\x00\x00'}
2021-03-02  14:47:38 Tue root INFO ('\n\x00\x00\x00\x00\x00\x00\x00\x00\x00', '0', '0', 19, '0', '0', '0.0', '0.0', '0.0', '0', '0', '0', '0.0', '0.0', '0.0', '0', '0', '0', '0', '0', '0', '\n\x00\x00\x00\x00\x00\x00\x00\x00\x00', '\n\x00\x00\x00\x00\x00\x00\x00\x00\x00', '0', '10', '2021-03-02 14:47:38')
2021-03-02  14:47:39 Tue root INFO 成功添加数据
2021-03-02  14:48:39 Tue root INFO plc连接状态:[1, 1, 1, 1, 1, 1]
2021-03-02  14:48:39 Tue root INFO mes_plc
2021-03-02  14:48:39 Tue root INFO 读取插入数据库数据：{'product_type': '\n\x07250 YDG\x00', 'r1_equipment_status': '7315', 'fail_code': '0', 'recerve': '0', 'prod_num': 44, 'r1_rob_no': '4', 'r1_weld_line_no': '0', 'r1_electric': '182.89930725097656', 'r1_voltage': '13.277633666992188', 'r1_speed': '0.0', 'r1_job': '0', 'r2_rob_no': '104', 'r2_weld_line_no': '0', 'r2_electric': '0.0', 'r2_voltage': '0.0', 'r2_speed': '0.0', 'r2_job': '0', 'replace_status': '0', 'part_status': '0', 'r1_protective_gas': '0', 'r1_welding_wire': '0', 'r2_protective_gas': '0', 'r2_welding_wire': '0', 'login_id': '\n\x00\x00\x00\x00\x00\x00\x00\x00\x00', 'login_password': '\n\x00\x00\x00\x00\x00\x00\x00\x00\x00'}
2021-03-02  14:48:39 Tue root INFO ('\n\x07250 YDG\x00', '7315', '0', 44, '4', '0', '182.89930725097656', '13.277633666992188', '0.0', '0', '104', '0', '0.0', '0.0', '0.0', '0', '0', '0', '0', '0', '0', '\n\x00\x00\x00\x00\x00\x00\x00\x00\x00', '\n\x00\x00\x00\x00\x00\x00\x00\x00\x00', '0', '0', '2021-03-02 14:48:39')
2021-03-02  14:48:39 Tue root INFO 成功添加数据
2021-03-02  14:48:39 Tue root INFO mes_plc_r2
2021-03-02  14:48:39 Tue root INFO 读取插入数据库数据：{'product_type': '\n\x07250 TJ1\x00', 'r1_equipment_status': '5267', 'fail_code': '48', 'recerve': '0', 'prod_num': 242, 'r1_rob_no': '4', 'r1_weld_line_no': '0', 'r1_electric': '181.52488708496094', 'r1_voltage': '13.140191078186035', 'r1_speed': '0.0', 'r1_job': '0', 'r2_rob_no': '104', 'r2_weld_line_no': '0', 'r2_electric': '0.0', 'r2_voltage': '0.0', 'r2_speed': '0.0', 'r2_job': '0', 'replace_status': '0', 'part_status': '0', 'r1_protective_gas': '610', 'r1_welding_wire': '0', 'r2_protective_gas': '0', 'r2_welding_wire': '0', 'login_id': '\n\x00\x00\x00\x00\x00\x00\x00\x00\x00', 'login_password': '\n\x00\x00\x00\x00\x00\x00\x00\x00\x00'}
2021-03-02  14:48:39 Tue root INFO ('\n\x07250 TJ1\x00', '5267', '48', 242, '4', '0', '181.52488708496094', '13.140191078186035', '0.0', '0', '104', '0', '0.0', '0.0', '0.0', '0', '0', '610', '0', '0', '0', '\n\x00\x00\x00\x00\x00\x00\x00\x00\x00', '\n\x00\x00\x00\x00\x00\x00\x00\x00\x00', '0', '0', '2021-03-02 14:48:39')
2021-03-02  14:48:39 Tue root INFO 成功添加数据
2021-03-02  14:48:39 Tue root INFO mes_plc_r3
2021-03-02  14:48:39 Tue root INFO 读取插入数据库数据：{'product_type': '\n\x07250 TJ3\x00', 'r1_equipment_status': '7315', 'fail_code': '48', 'recerve': '0', 'prod_num': 246, 'r1_rob_no': '4', 'r1_weld_line_no': '0', 'r1_electric': '183.6226806640625', 'r1_voltage': '13.85633659362793', 'r1_speed': '0.0', 'r1_job': '0', 'r2_rob_no': '104', 'r2_weld_line_no': '0', 'r2_electric': '0.0', 'r2_voltage': '0.0', 'r2_speed': '0.0', 'r2_job': '0', 'replace_status': '0', 'part_status': '0', 'r1_protective_gas': '462', 'r1_welding_wire': '0', 'r2_protective_gas': '0', 'r2_welding_wire': '0', 'login_id': '\n\x00\x00\x00\x00\x00\x00\x00\x00\x00', 'login_password': '\n\x00\x00\x00\x00\x00\x00\x00\x00\x00'}
2021-03-02  14:48:39 Tue root INFO ('\n\x07250 TJ3\x00', '7315', '48', 246, '4', '0', '183.6226806640625', '13.85633659362793', '0.0', '0', '104', '0', '0.0', '0.0', '0.0', '0', '0', '462', '0', '0', '0', '\n\x00\x00\x00\x00\x00\x00\x00\x00\x00', '\n\x00\x00\x00\x00\x00\x00\x00\x00\x00', '0', '0', '2021-03-02 14:48:39')
2021-03-02  14:48:39 Tue root INFO 成功添加数据
2021-03-02  14:48:39 Tue root INFO mes_plc_r4
2021-03-02  14:48:40 Tue root INFO 读取插入数据库数据：{'product_type': '\n\x07250 PCB\x00', 'r1_equipment_status': '7233', 'fail_code': '0', 'recerve': '0', 'prod_num': 17, 'r1_rob_no': '4', 'r1_weld_line_no': '0', 'r1_electric': '183.1018524169922', 'r1_voltage': '-15.44053840637207', 'r1_speed': '0.0', 'r1_job': '0', 'r2_rob_no': '104', 'r2_weld_line_no': '0', 'r2_electric': '0.0', 'r2_voltage': '0.0', 'r2_speed': '0.0', 'r2_job': '0', 'replace_status': '0', 'part_status': '0', 'r1_protective_gas': '1288', 'r1_welding_wire': '0', 'r2_protective_gas': '0', 'r2_welding_wire': '0', 'login_id': '\n\x00\x00\x00\x00\x00\x00\x00\x00\x00', 'login_password': '\n\x00\x00\x00\x00\x00\x00\x00\x00\x00'}
2021-03-02  14:48:40 Tue root INFO ('\n\x07250 PCB\x00', '7233', '0', 17, '4', '0', '183.1018524169922', '-15.44053840637207', '0.0', '0', '104', '0', '0.0', '0.0', '0.0', '0', '0', '1288', '0', '0', '0', '\n\x00\x00\x00\x00\x00\x00\x00\x00\x00', '\n\x00\x00\x00\x00\x00\x00\x00\x00\x00', '0', '0', '2021-03-02 14:48:40')
2021-03-02  14:48:40 Tue root INFO 成功添加数据
2021-03-02  14:48:40 Tue root INFO mes_plc_r5
2021-03-02  14:48:40 Tue root INFO 读取插入数据库数据：{'product_type': '\n\x00\x00\x00\x00\x00\x00\x00\x00\x00', 'r1_equipment_status': '6162', 'fail_code': '0', 'recerve': '0', 'prod_num': 0, 'r1_rob_no': '0', 'r1_weld_line_no': '0', 'r1_electric': '179.93345642089844', 'r1_voltage': '13.436776161193848', 'r1_speed': '0.0', 'r1_job': '0', 'r2_rob_no': '0', 'r2_weld_line_no': '0', 'r2_electric': '179.35475158691406', 'r2_voltage': '13.422308921813965', 'r2_speed': '0.0', 'r2_job': '0', 'replace_status': '0', 'part_status': '0', 'r1_protective_gas': '0', 'r1_welding_wire': '0', 'r2_protective_gas': '0', 'r2_welding_wire': '0', 'login_id': '\n\x00\x00\x00\x00\x00\x00\x00\x00\x00', 'login_password': '\n\x00\x00\x00\x00\x00\x00\x00\x00\x00'}
2021-03-02  14:48:40 Tue root INFO ('\n\x00\x00\x00\x00\x00\x00\x00\x00\x00', '6162', '0', 0, '0', '0', '179.93345642089844', '13.436776161193848', '0.0', '0', '0', '0', '179.35475158691406', '13.422308921813965', '0.0', '0', '0', '0', '0', '0', '0', '\n\x00\x00\x00\x00\x00\x00\x00\x00\x00', '\n\x00\x00\x00\x00\x00\x00\x00\x00\x00', '0', '0', '2021-03-02 14:48:40')
2021-03-02  14:48:40 Tue root INFO 成功添加数据
2021-03-02  14:48:40 Tue root INFO mes_plc_r6
2021-03-02  14:48:41 Tue root INFO 读取插入数据库数据：{'product_type': '\n\x00\x00\x00\x00\x00\x00\x00\x00\x00', 'r1_equipment_status': '0', 'fail_code': '0', 'recerve': '10', 'prod_num': 19, 'r1_rob_no': '0', 'r1_weld_line_no': '0', 'r1_electric': '0.0', 'r1_voltage': '0.0', 'r1_speed': '0.0', 'r1_job': '0', 'r2_rob_no': '0', 'r2_weld_line_no': '0', 'r2_electric': '0.0', 'r2_voltage': '0.0', 'r2_speed': '0.0', 'r2_job': '0', 'replace_status': '0', 'part_status': '0', 'r1_protective_gas': '0', 'r1_welding_wire': '0', 'r2_protective_gas': '0', 'r2_welding_wire': '0', 'login_id': '\n\x00\x00\x00\x00\x00\x00\x00\x00\x00', 'login_password': '\n\x00\x00\x00\x00\x00\x00\x00\x00\x00'}
2021-03-02  14:48:41 Tue root INFO ('\n\x00\x00\x00\x00\x00\x00\x00\x00\x00', '0', '0', 19, '0', '0', '0.0', '0.0', '0.0', '0', '0', '0', '0.0', '0.0', '0.0', '0', '0', '0', '0', '0', '0', '\n\x00\x00\x00\x00\x00\x00\x00\x00\x00', '\n\x00\x00\x00\x00\x00\x00\x00\x00\x00', '0', '10', '2021-03-02 14:48:41')
2021-03-02  14:48:41 Tue root INFO 成功添加数据
2021-03-02  14:49:41 Tue root INFO plc连接状态:[1, 1, 1, 1, 1, 1]
2021-03-02  14:49:41 Tue root INFO mes_plc
2021-03-02  14:49:41 Tue root INFO 读取插入数据库数据：{'product_type': '\n\x07250 YDG\x00', 'r1_equipment_status': '7315', 'fail_code': '0', 'recerve': '0', 'prod_num': 44, 'r1_rob_no': '4', 'r1_weld_line_no': '0', 'r1_electric': '182.8848419189453', 'r1_voltage': '13.274015426635742', 'r1_speed': '0.0', 'r1_job': '0', 'r2_rob_no': '104', 'r2_weld_line_no': '0', 'r2_electric': '0.0', 'r2_voltage': '0.0', 'r2_speed': '0.0', 'r2_job': '0', 'replace_status': '0', 'part_status': '0', 'r1_protective_gas': '0', 'r1_welding_wire': '0', 'r2_protective_gas': '0', 'r2_welding_wire': '0', 'login_id': '\n\x00\x00\x00\x00\x00\x00\x00\x00\x00', 'login_password': '\n\x00\x00\x00\x00\x00\x00\x00\x00\x00'}
2021-03-02  14:49:41 Tue root INFO ('\n\x07250 YDG\x00', '7315', '0', 44, '4', '0', '182.8848419189453', '13.274015426635742', '0.0', '0', '104', '0', '0.0', '0.0', '0.0', '0', '0', '0', '0', '0', '0', '\n\x00\x00\x00\x00\x00\x00\x00\x00\x00', '\n\x00\x00\x00\x00\x00\x00\x00\x00\x00', '0', '0', '2021-03-02 14:49:41')
2021-03-02  14:49:41 Tue root INFO 成功添加数据
2021-03-02  14:49:41 Tue root INFO mes_plc_r2
2021-03-02  14:49:42 Tue root INFO 读取插入数据库数据：{'product_type': '\n\x07250 TJ1\x00', 'r1_equipment_status': '5267', 'fail_code': '48', 'recerve': '0', 'prod_num': 242, 'r1_rob_no': '4', 'r1_weld_line_no': '0', 'r1_electric': '181.5682830810547', 'r1_voltage': '13.129340171813965', 'r1_speed': '0.0', 'r1_job': '0', 'r2_rob_no': '104', 'r2_weld_line_no': '0', 'r2_electric': '0.0', 'r2_voltage': '0.0', 'r2_speed': '0.0', 'r2_job': '0', 'replace_status': '0', 'part_status': '0', 'r1_protective_gas': '610', 'r1_welding_wire': '0', 'r2_protective_gas': '0', 'r2_welding_wire': '0', 'login_id': '\n\x00\x00\x00\x00\x00\x00\x00\x00\x00', 'login_password': '\n\x00\x00\x00\x00\x00\x00\x00\x00\x00'}
2021-03-02  14:49:42 Tue root INFO ('\n\x07250 TJ1\x00', '5267', '48', 242, '4', '0', '181.5682830810547', '13.129340171813965', '0.0', '0', '104', '0', '0.0', '0.0', '0.0', '0', '0', '610', '0', '0', '0', '\n\x00\x00\x00\x00\x00\x00\x00\x00\x00', '\n\x00\x00\x00\x00\x00\x00\x00\x00\x00', '0', '0', '2021-03-02 14:49:42')
2021-03-02  14:49:42 Tue root INFO 成功添加数据
2021-03-02  14:49:42 Tue root INFO mes_plc_r3
2021-03-02  14:49:42 Tue root INFO 读取插入数据库数据：{'product_type': '\n\x07250 TJ3\x00', 'r1_equipment_status': '6785', 'fail_code': '48', 'recerve': '0', 'prod_num': 246, 'r1_rob_no': '4', 'r1_weld_line_no': '0', 'r1_electric': '183.59375', 'r1_voltage': '13.874422073364258', 'r1_speed': '0.0', 'r1_job': '0', 'r2_rob_no': '104', 'r2_weld_line_no': '0', 'r2_electric': '0.0', 'r2_voltage': '0.0', 'r2_speed': '0.0', 'r2_job': '0', 'replace_status': '0', 'part_status': '0', 'r1_protective_gas': '484', 'r1_welding_wire': '0', 'r2_protective_gas': '0', 'r2_welding_wire': '0', 'login_id': '\n\x00\x00\x00\x00\x00\x00\x00\x00\x00', 'login_password': '\n\x00\x00\x00\x00\x00\x00\x00\x00\x00'}
2021-03-02  14:49:42 Tue root INFO ('\n\x07250 TJ3\x00', '6785', '48', 246, '4', '0', '183.59375', '13.874422073364258', '0.0', '0', '104', '0', '0.0', '0.0', '0.0', '0', '0', '484', '0', '0', '0', '\n\x00\x00\x00\x00\x00\x00\x00\x00\x00', '\n\x00\x00\x00\x00\x00\x00\x00\x00\x00', '0', '0', '2021-03-02 14:49:42')
2021-03-02  14:49:42 Tue root INFO 成功添加数据
2021-03-02  14:49:42 Tue root INFO mes_plc_r4
2021-03-02  14:49:42 Tue root INFO 读取插入数据库数据：{'product_type': '\n\x07250 PCB\x00', 'r1_equipment_status': '7315', 'fail_code': '0', 'recerve': '0', 'prod_num': 17, 'r1_rob_no': '4', 'r1_weld_line_no': '0', 'r1_electric': '183.04397583007812', 'r1_voltage': '13.176359176635742', 'r1_speed': '0.0', 'r1_job': '0', 'r2_rob_no': '104', 'r2_weld_line_no': '0', 'r2_electric': '0.0', 'r2_voltage': '0.0', 'r2_speed': '0.0', 'r2_job': '0', 'replace_status': '0', 'part_status': '0', 'r1_protective_gas': '1298', 'r1_welding_wire': '0', 'r2_protective_gas': '0', 'r2_welding_wire': '0', 'login_id': '\n\x00\x00\x00\x00\x00\x00\x00\x00\x00', 'login_password': '\n\x00\x00\x00\x00\x00\x00\x00\x00\x00'}
2021-03-02  14:49:42 Tue root INFO ('\n\x07250 PCB\x00', '7315', '0', 17, '4', '0', '183.04397583007812', '13.176359176635742', '0.0', '0', '104', '0', '0.0', '0.0', '0.0', '0', '0', '1298', '0', '0', '0', '\n\x00\x00\x00\x00\x00\x00\x00\x00\x00', '\n\x00\x00\x00\x00\x00\x00\x00\x00\x00', '0', '0', '2021-03-02 14:49:42')
2021-03-02  14:49:42 Tue root INFO 成功添加数据
2021-03-02  14:49:42 Tue root INFO mes_plc_r5
2021-03-02  14:49:43 Tue root INFO 读取插入数据库数据：{'product_type': '\n\x00\x00\x00\x00\x00\x00\x00\x00\x00', 'r1_equipment_status': '6162', 'fail_code': '0', 'recerve': '0', 'prod_num': 0, 'r1_rob_no': '0', 'r1_weld_line_no': '0', 'r1_electric': '180.02024841308594', 'r1_voltage': '13.444010734558105', 'r1_speed': '0.0', 'r1_job': '0', 'r2_rob_no': '0', 'r2_weld_line_no': '0', 'r2_electric': '179.3402862548828', 'r2_voltage': '13.407841682434082', 'r2_speed': '0.0', 'r2_job': '0', 'replace_status': '0', 'part_status': '0', 'r1_protective_gas': '0', 'r1_welding_wire': '0', 'r2_protective_gas': '0', 'r2_welding_wire': '0', 'login_id': '\n\x00\x00\x00\x00\x00\x00\x00\x00\x00', 'login_password': '\n\x00\x00\x00\x00\x00\x00\x00\x00\x00'}
2021-03-02  14:49:43 Tue root INFO ('\n\x00\x00\x00\x00\x00\x00\x00\x00\x00', '6162', '0', 0, '0', '0', '180.02024841308594', '13.444010734558105', '0.0', '0', '0', '0', '179.3402862548828', '13.407841682434082', '0.0', '0', '0', '0', '0', '0', '0', '\n\x00\x00\x00\x00\x00\x00\x00\x00\x00', '\n\x00\x00\x00\x00\x00\x00\x00\x00\x00', '0', '0', '2021-03-02 14:49:43')
2021-03-02  14:49:43 Tue root INFO 成功添加数据
2021-03-02  14:49:43 Tue root INFO mes_plc_r6
2021-03-02  14:49:43 Tue root INFO 读取插入数据库数据：{'product_type': '\n\x00\x00\x00\x00\x00\x00\x00\x00\x00', 'r1_equipment_status': '0', 'fail_code': '0', 'recerve': '10', 'prod_num': 19, 'r1_rob_no': '0', 'r1_weld_line_no': '0', 'r1_electric': '0.0', 'r1_voltage': '0.0', 'r1_speed': '0.0', 'r1_job': '0', 'r2_rob_no': '0', 'r2_weld_line_no': '0', 'r2_electric': '0.0', 'r2_voltage': '0.0', 'r2_speed': '0.0', 'r2_job': '0', 'replace_status': '0', 'part_status': '0', 'r1_protective_gas': '0', 'r1_welding_wire': '0', 'r2_protective_gas': '0', 'r2_welding_wire': '0', 'login_id': '\n\x00\x00\x00\x00\x00\x00\x00\x00\x00', 'login_password': '\n\x00\x00\x00\x00\x00\x00\x00\x00\x00'}
2021-03-02  14:49:43 Tue root INFO ('\n\x00\x00\x00\x00\x00\x00\x00\x00\x00', '0', '0', 19, '0', '0', '0.0', '0.0', '0.0', '0', '0', '0', '0.0', '0.0', '0.0', '0', '0', '0', '0', '0', '0', '\n\x00\x00\x00\x00\x00\x00\x00\x00\x00', '\n\x00\x00\x00\x00\x00\x00\x00\x00\x00', '0', '10', '2021-03-02 14:49:43')
2021-03-02  14:49:43 Tue root INFO 成功添加数据
2021-03-02  14:50:43 Tue root INFO plc连接状态:[1, 1, 1, 1, 1, 1]
2021-03-02  14:50:43 Tue root INFO mes_plc
2021-03-02  14:50:44 Tue root INFO 读取插入数据库数据：{'product_type': '\n\x07250 YDG\x00', 'r1_equipment_status': '7315', 'fail_code': '0', 'recerve': '0', 'prod_num': 44, 'r1_rob_no': '4', 'r1_weld_line_no': '0', 'r1_electric': '182.8414306640625', 'r1_voltage': '13.274015426635742', 'r1_speed': '0.0', 'r1_job': '0', 'r2_rob_no': '104', 'r2_weld_line_no': '0', 'r2_electric': '0.0', 'r2_voltage': '0.0', 'r2_speed': '0.0', 'r2_job': '0', 'replace_status': '0', 'part_status': '0', 'r1_protective_gas': '0', 'r1_welding_wire': '0', 'r2_protective_gas': '0', 'r2_welding_wire': '0', 'login_id': '\n\x00\x00\x00\x00\x00\x00\x00\x00\x00', 'login_password': '\n\x00\x00\x00\x00\x00\x00\x00\x00\x00'}
2021-03-02  14:50:44 Tue root INFO ('\n\x07250 YDG\x00', '7315', '0', 44, '4', '0', '182.8414306640625', '13.274015426635742', '0.0', '0', '104', '0', '0.0', '0.0', '0.0', '0', '0', '0', '0', '0', '0', '\n\x00\x00\x00\x00\x00\x00\x00\x00\x00', '\n\x00\x00\x00\x00\x00\x00\x00\x00\x00', '0', '0', '2021-03-02 14:50:44')
2021-03-02  14:50:44 Tue root INFO 成功添加数据
2021-03-02  14:50:44 Tue root INFO mes_plc_r2
2021-03-02  14:50:44 Tue root INFO 读取插入数据库数据：{'product_type': '\n\x07250 TJ1\x00', 'r1_equipment_status': '5267', 'fail_code': '48', 'recerve': '0', 'prod_num': 242, 'r1_rob_no': '4', 'r1_weld_line_no': '0', 'r1_electric': '181.5682830810547', 'r1_voltage': '13.129340171813965', 'r1_speed': '0.0', 'r1_job': '0', 'r2_rob_no': '104', 'r2_weld_line_no': '0', 'r2_electric': '0.0', 'r2_voltage': '0.0', 'r2_speed': '0.0', 'r2_job': '0', 'replace_status': '0', 'part_status': '0', 'r1_protective_gas': '610', 'r1_welding_wire': '0', 'r2_protective_gas': '0', 'r2_welding_wire': '0', 'login_id': '\n\x00\x00\x00\x00\x00\x00\x00\x00\x00', 'login_password': '\n\x00\x00\x00\x00\x00\x00\x00\x00\x00'}
2021-03-02  14:50:44 Tue root INFO ('\n\x07250 TJ1\x00', '5267', '48', 242, '4', '0', '181.5682830810547', '13.129340171813965', '0.0', '0', '104', '0', '0.0', '0.0', '0.0', '0', '0', '610', '0', '0', '0', '\n\x00\x00\x00\x00\x00\x00\x00\x00\x00', '\n\x00\x00\x00\x00\x00\x00\x00\x00\x00', '0', '0', '2021-03-02 14:50:44')
2021-03-02  14:50:44 Tue root INFO 成功添加数据
2021-03-02  14:50:44 Tue root INFO mes_plc_r3
2021-03-02  14:50:44 Tue root INFO 读取插入数据库数据：{'product_type': '\n\x07250 TJ3\x00', 'r1_equipment_status': '7315', 'fail_code': '48', 'recerve': '0', 'prod_num': 246, 'r1_rob_no': '4', 'r1_weld_line_no': '0', 'r1_electric': '183.59375', 'r1_voltage': '13.870803833007812', 'r1_speed': '0.0', 'r1_job': '0', 'r2_rob_no': '104', 'r2_weld_line_no': '0', 'r2_electric': '0.0', 'r2_voltage': '0.0', 'r2_speed': '0.0', 'r2_job': '0', 'replace_status': '0', 'part_status': '0', 'r1_protective_gas': '490', 'r1_welding_wire': '0', 'r2_protective_gas': '0', 'r2_welding_wire': '0', 'login_id': '\n\x00\x00\x00\x00\x00\x00\x00\x00\x00', 'login_password': '\n\x00\x00\x00\x00\x00\x00\x00\x00\x00'}
2021-03-02  14:50:44 Tue root INFO ('\n\x07250 TJ3\x00', '7315', '48', 246, '4', '0', '183.59375', '13.870803833007812', '0.0', '0', '104', '0', '0.0', '0.0', '0.0', '0', '0', '490', '0', '0', '0', '\n\x00\x00\x00\x00\x00\x00\x00\x00\x00', '\n\x00\x00\x00\x00\x00\x00\x00\x00\x00', '0', '0', '2021-03-02 14:50:44')
2021-03-02  14:50:44 Tue root INFO 成功添加数据
2021-03-02  14:50:44 Tue root INFO mes_plc_r4
2021-03-02  14:50:45 Tue root INFO 读取插入数据库数据：{'product_type': '\n\x07250 PCB\x00', 'r1_equipment_status': '6803', 'fail_code': '0', 'recerve': '0', 'prod_num': 18, 'r1_rob_no': '4', 'r1_weld_line_no': '0', 'r1_electric': '183.1307830810547', 'r1_voltage': '11.982783317565918', 'r1_speed': '0.0', 'r1_job': '0', 'r2_rob_no': '104', 'r2_weld_line_no': '0', 'r2_electric': '0.0', 'r2_voltage': '0.0', 'r2_speed': '0.0', 'r2_job': '0', 'replace_status': '0', 'part_status': '0', 'r1_protective_gas': '1304', 'r1_welding_wire': '0', 'r2_protective_gas': '0', 'r2_welding_wire': '0', 'login_id': '\n\x00\x00\x00\x00\x00\x00\x00\x00\x00', 'login_password': '\n\x00\x00\x00\x00\x00\x00\x00\x00\x00'}
2021-03-02  14:50:45 Tue root INFO ('\n\x07250 PCB\x00', '6803', '0', 18, '4', '0', '183.1307830810547', '11.982783317565918', '0.0', '0', '104', '0', '0.0', '0.0', '0.0', '0', '0', '1304', '0', '0', '0', '\n\x00\x00\x00\x00\x00\x00\x00\x00\x00', '\n\x00\x00\x00\x00\x00\x00\x00\x00\x00', '0', '0', '2021-03-02 14:50:45')
2021-03-02  14:50:45 Tue root INFO 成功添加数据
2021-03-02  14:50:45 Tue root INFO mes_plc_r5
2021-03-02  14:50:45 Tue root INFO 读取插入数据库数据：{'product_type': '\n\x00\x00\x00\x00\x00\x00\x00\x00\x00', 'r1_equipment_status': '6226', 'fail_code': '0', 'recerve': '0', 'prod_num': 0, 'r1_rob_no': '0', 'r1_weld_line_no': '0', 'r1_electric': '180.02024841308594', 'r1_voltage': '13.429543495178223', 'r1_speed': '0.0', 'r1_job': '0', 'r2_rob_no': '0', 'r2_weld_line_no': '0', 'r2_electric': '179.35475158691406', 'r2_voltage': '13.393373489379883', 'r2_speed': '0.0', 'r2_job': '0', 'replace_status': '0', 'part_status': '0', 'r1_protective_gas': '0', 'r1_welding_wire': '0', 'r2_protective_gas': '0', 'r2_welding_wire': '0', 'login_id': '\n\x00\x00\x00\x00\x00\x00\x00\x00\x00', 'login_password': '\n\x00\x00\x00\x00\x00\x00\x00\x00\x00'}
2021-03-02  14:50:45 Tue root INFO ('\n\x00\x00\x00\x00\x00\x00\x00\x00\x00', '6226', '0', 0, '0', '0', '180.02024841308594', '13.429543495178223', '0.0', '0', '0', '0', '179.35475158691406', '13.393373489379883', '0.0', '0', '0', '0', '0', '0', '0', '\n\x00\x00\x00\x00\x00\x00\x00\x00\x00', '\n\x00\x00\x00\x00\x00\x00\x00\x00\x00', '0', '0', '2021-03-02 14:50:45')
2021-03-02  14:50:45 Tue root INFO 成功添加数据
2021-03-02  14:50:45 Tue root INFO mes_plc_r6
2021-03-02  14:50:46 Tue root INFO 读取插入数据库数据：{'product_type': '\n\x00\x00\x00\x00\x00\x00\x00\x00\x00', 'r1_equipment_status': '0', 'fail_code': '0', 'recerve': '10', 'prod_num': 19, 'r1_rob_no': '0', 'r1_weld_line_no': '0', 'r1_electric': '0.0', 'r1_voltage': '0.0', 'r1_speed': '0.0', 'r1_job': '0', 'r2_rob_no': '0', 'r2_weld_line_no': '0', 'r2_electric': '0.0', 'r2_voltage': '0.0', 'r2_speed': '0.0', 'r2_job': '0', 'replace_status': '0', 'part_status': '0', 'r1_protective_gas': '0', 'r1_welding_wire': '0', 'r2_protective_gas': '0', 'r2_welding_wire': '0', 'login_id': '\n\x00\x00\x00\x00\x00\x00\x00\x00\x00', 'login_password': '\n\x00\x00\x00\x00\x00\x00\x00\x00\x00'}
2021-03-02  14:50:46 Tue root INFO ('\n\x00\x00\x00\x00\x00\x00\x00\x00\x00', '0', '0', 19, '0', '0', '0.0', '0.0', '0.0', '0', '0', '0', '0.0', '0.0', '0.0', '0', '0', '0', '0', '0', '0', '\n\x00\x00\x00\x00\x00\x00\x00\x00\x00', '\n\x00\x00\x00\x00\x00\x00\x00\x00\x00', '0', '10', '2021-03-02 14:50:46')
2021-03-02  14:50:46 Tue root INFO 成功添加数据
2021-03-02  14:51:46 Tue root INFO plc连接状态:[1, 1, 1, 1, 1, 1]
2021-03-02  14:51:46 Tue root INFO mes_plc
2021-03-02  14:51:46 Tue root INFO 读取插入数据库数据：{'product_type': '\n\x07250 YDG\x00', 'r1_equipment_status': '7315', 'fail_code': '0', 'recerve': '0', 'prod_num': 44, 'r1_rob_no': '4', 'r1_weld_line_no': '0', 'r1_electric': '182.75462341308594', 'r1_voltage': '13.28125', 'r1_speed': '0.0', 'r1_job': '0', 'r2_rob_no': '104', 'r2_weld_line_no': '0', 'r2_electric': '0.0', 'r2_voltage': '0.0', 'r2_speed': '0.0', 'r2_job': '0', 'replace_status': '0', 'part_status': '0', 'r1_protective_gas': '0', 'r1_welding_wire': '0', 'r2_protective_gas': '0', 'r2_welding_wire': '0', 'login_id': '\n\x00\x00\x00\x00\x00\x00\x00\x00\x00', 'login_password': '\n\x00\x00\x00\x00\x00\x00\x00\x00\x00'}
2021-03-02  14:51:46 Tue root INFO ('\n\x07250 YDG\x00', '7315', '0', 44, '4', '0', '182.75462341308594', '13.28125', '0.0', '0', '104', '0', '0.0', '0.0', '0.0', '0', '0', '0', '0', '0', '0', '\n\x00\x00\x00\x00\x00\x00\x00\x00\x00', '\n\x00\x00\x00\x00\x00\x00\x00\x00\x00', '0', '0', '2021-03-02 14:51:46')
2021-03-02  14:51:46 Tue root INFO 成功添加数据
2021-03-02  14:51:46 Tue root INFO mes_plc_r2
2021-03-02  14:51:46 Tue root INFO 读取插入数据库数据：{'product_type': '\n\x07250 TJ1\x00', 'r1_equipment_status': '5267', 'fail_code': '48', 'recerve': '0', 'prod_num': 242, 'r1_rob_no': '4', 'r1_weld_line_no': '0', 'r1_electric': '181.5393524169922', 'r1_voltage': '13.129340171813965', 'r1_speed': '0.0', 'r1_job': '0', 'r2_rob_no': '104', 'r2_weld_line_no': '0', 'r2_electric': '0.0', 'r2_voltage': '0.0', 'r2_speed': '0.0', 'r2_job': '0', 'replace_status': '0', 'part_status': '0', 'r1_protective_gas': '610', 'r1_welding_wire': '0', 'r2_protective_gas': '0', 'r2_welding_wire': '0', 'login_id': '\n\x00\x00\x00\x00\x00\x00\x00\x00\x00', 'login_password': '\n\x00\x00\x00\x00\x00\x00\x00\x00\x00'}
2021-03-02  14:51:46 Tue root INFO ('\n\x07250 TJ1\x00', '5267', '48', 242, '4', '0', '181.5393524169922', '13.129340171813965', '0.0', '0', '104', '0', '0.0', '0.0', '0.0', '0', '0', '610', '0', '0', '0', '\n\x00\x00\x00\x00\x00\x00\x00\x00\x00', '\n\x00\x00\x00\x00\x00\x00\x00\x00\x00', '0', '0', '2021-03-02 14:51:46')
2021-03-02  14:51:46 Tue root INFO 成功添加数据
2021-03-02  14:51:46 Tue root INFO mes_plc_r3
2021-03-02  14:51:47 Tue root INFO 读取插入数据库数据：{'product_type': '\n\x07250 TJ3\x00', 'r1_equipment_status': '6785', 'fail_code': '48', 'recerve': '0', 'prod_num': 246, 'r1_rob_no': '4', 'r1_weld_line_no': '0', 'r1_electric': '183.59375', 'r1_voltage': '-14.803963661193848', 'r1_speed': '0.0', 'r1_job': '0', 'r2_rob_no': '104', 'r2_weld_line_no': '0', 'r2_electric': '0.0', 'r2_voltage': '0.0', 'r2_speed': '0.0', 'r2_job': '0', 'replace_status': '0', 'part_status': '0', 'r1_protective_gas': '497', 'r1_welding_wire': '0', 'r2_protective_gas': '0', 'r2_welding_wire': '0', 'login_id': '\n\x00\x00\x00\x00\x00\x00\x00\x00\x00', 'login_password': '\n\x00\x00\x00\x00\x00\x00\x00\x00\x00'}
2021-03-02  14:51:47 Tue root INFO ('\n\x07250 TJ3\x00', '6785', '48', 246, '4', '0', '183.59375', '-14.803963661193848', '0.0', '0', '104', '0', '0.0', '0.0', '0.0', '0', '0', '497', '0', '0', '0', '\n\x00\x00\x00\x00\x00\x00\x00\x00\x00', '\n\x00\x00\x00\x00\x00\x00\x00\x00\x00', '0', '0', '2021-03-02 14:51:47')
2021-03-02  14:51:47 Tue root INFO 成功添加数据
2021-03-02  14:51:47 Tue root INFO mes_plc_r4
2021-03-02  14:51:47 Tue root INFO 读取插入数据库数据：{'product_type': '\n\x07250 PCB\x00', 'r1_equipment_status': '6803', 'fail_code': '0', 'recerve': '0', 'prod_num': 18, 'r1_rob_no': '4', 'r1_weld_line_no': '0', 'r1_electric': '182.8848419189453', 'r1_voltage': '-13.939525604248047', 'r1_speed': '0.0', 'r1_job': '0', 'r2_rob_no': '104', 'r2_weld_line_no': '0', 'r2_electric': '0.0', 'r2_voltage': '0.0', 'r2_speed': '0.0', 'r2_job': '0', 'replace_status': '0', 'part_status': '0', 'r1_protective_gas': '1330', 'r1_welding_wire': '0', 'r2_protective_gas': '0', 'r2_welding_wire': '0', 'login_id': '\n\x00\x00\x00\x00\x00\x00\x00\x00\x00', 'login_password': '\n\x00\x00\x00\x00\x00\x00\x00\x00\x00'}
2021-03-02  14:51:47 Tue root INFO ('\n\x07250 PCB\x00', '6803', '0', 18, '4', '0', '182.8848419189453', '-13.939525604248047', '0.0', '0', '104', '0', '0.0', '0.0', '0.0', '0', '0', '1330', '0', '0', '0', '\n\x00\x00\x00\x00\x00\x00\x00\x00\x00', '\n\x00\x00\x00\x00\x00\x00\x00\x00\x00', '0', '0', '2021-03-02 14:51:47')
2021-03-02  14:51:47 Tue root INFO 成功添加数据
2021-03-02  14:51:47 Tue root INFO mes_plc_r5
2021-03-02  14:51:48 Tue root INFO 读取插入数据库数据：{'product_type': '\n\x00\x00\x00\x00\x00\x00\x00\x00\x00', 'r1_equipment_status': '6162', 'fail_code': '0', 'recerve': '0', 'prod_num': 0, 'r1_rob_no': '0', 'r1_weld_line_no': '0', 'r1_electric': '179.93345642089844', 'r1_voltage': '13.425925254821777', 'r1_speed': '0.0', 'r1_job': '0', 'r2_rob_no': '0', 'r2_weld_line_no': '0', 'r2_electric': '179.3402862548828', 'r2_voltage': '13.411458015441895', 'r2_speed': '0.0', 'r2_job': '0', 'replace_status': '0', 'part_status': '0', 'r1_protective_gas': '0', 'r1_welding_wire': '0', 'r2_protective_gas': '0', 'r2_welding_wire': '0', 'login_id': '\n\x00\x00\x00\x00\x00\x00\x00\x00\x00', 'login_password': '\n\x00\x00\x00\x00\x00\x00\x00\x00\x00'}
2021-03-02  14:51:48 Tue root INFO ('\n\x00\x00\x00\x00\x00\x00\x00\x00\x00', '6162', '0', 0, '0', '0', '179.93345642089844', '13.425925254821777', '0.0', '0', '0', '0', '179.3402862548828', '13.411458015441895', '0.0', '0', '0', '0', '0', '0', '0', '\n\x00\x00\x00\x00\x00\x00\x00\x00\x00', '\n\x00\x00\x00\x00\x00\x00\x00\x00\x00', '0', '0', '2021-03-02 14:51:48')
2021-03-02  14:51:48 Tue root INFO 成功添加数据
2021-03-02  14:51:48 Tue root INFO mes_plc_r6
2021-03-02  14:51:48 Tue root INFO 读取插入数据库数据：{'product_type': '\n\x00\x00\x00\x00\x00\x00\x00\x00\x00', 'r1_equipment_status': '0', 'fail_code': '0', 'recerve': '10', 'prod_num': 19, 'r1_rob_no': '0', 'r1_weld_line_no': '0', 'r1_electric': '0.0', 'r1_voltage': '0.0', 'r1_speed': '0.0', 'r1_job': '0', 'r2_rob_no': '0', 'r2_weld_line_no': '0', 'r2_electric': '0.0', 'r2_voltage': '0.0', 'r2_speed': '0.0', 'r2_job': '0', 'replace_status': '0', 'part_status': '0', 'r1_protective_gas': '0', 'r1_welding_wire': '0', 'r2_protective_gas': '0', 'r2_welding_wire': '0', 'login_id': '\n\x00\x00\x00\x00\x00\x00\x00\x00\x00', 'login_password': '\n\x00\x00\x00\x00\x00\x00\x00\x00\x00'}
2021-03-02  14:51:48 Tue root INFO ('\n\x00\x00\x00\x00\x00\x00\x00\x00\x00', '0', '0', 19, '0', '0', '0.0', '0.0', '0.0', '0', '0', '0', '0.0', '0.0', '0.0', '0', '0', '0', '0', '0', '0', '\n\x00\x00\x00\x00\x00\x00\x00\x00\x00', '\n\x00\x00\x00\x00\x00\x00\x00\x00\x00', '0', '10', '2021-03-02 14:51:48')
2021-03-02  14:51:48 Tue root INFO 成功添加数据
2021-03-02  14:52:48 Tue root INFO plc连接状态:[1, 1, 1, 1, 1, 1]
2021-03-02  14:52:48 Tue root INFO mes_plc
2021-03-02  14:52:48 Tue root INFO 读取插入数据库数据：{'product_type': '\n\x07250 YDG\x00', 'r1_equipment_status': '7315', 'fail_code': '0', 'recerve': '0', 'prod_num': 44, 'r1_rob_no': '4', 'r1_weld_line_no': '0', 'r1_electric': '182.72569274902344', 'r1_voltage': '13.277633666992188', 'r1_speed': '0.0', 'r1_job': '0', 'r2_rob_no': '104', 'r2_weld_line_no': '0', 'r2_electric': '0.0', 'r2_voltage': '0.0', 'r2_speed': '0.0', 'r2_job': '0', 'replace_status': '0', 'part_status': '0', 'r1_protective_gas': '0', 'r1_welding_wire': '0', 'r2_protective_gas': '0', 'r2_welding_wire': '0', 'login_id': '\n\x00\x00\x00\x00\x00\x00\x00\x00\x00', 'login_password': '\n\x00\x00\x00\x00\x00\x00\x00\x00\x00'}
2021-03-02  14:52:48 Tue root INFO ('\n\x07250 YDG\x00', '7315', '0', 44, '4', '0', '182.72569274902344', '13.277633666992188', '0.0', '0', '104', '0', '0.0', '0.0', '0.0', '0', '0', '0', '0', '0', '0', '\n\x00\x00\x00\x00\x00\x00\x00\x00\x00', '\n\x00\x00\x00\x00\x00\x00\x00\x00\x00', '0', '0', '2021-03-02 14:52:48')
2021-03-02  14:52:48 Tue root INFO 成功添加数据
2021-03-02  14:52:48 Tue root INFO mes_plc_r2
2021-03-02  14:52:49 Tue root INFO 读取插入数据库数据：{'product_type': '\n\x07250 TJ1\x00', 'r1_equipment_status': '5267', 'fail_code': '48', 'recerve': '0', 'prod_num': 242, 'r1_rob_no': '4', 'r1_weld_line_no': '0', 'r1_electric': '181.5972137451172', 'r1_voltage': '13.129340171813965', 'r1_speed': '0.0', 'r1_job': '0', 'r2_rob_no': '104', 'r2_weld_line_no': '0', 'r2_electric': '0.0', 'r2_voltage': '0.0', 'r2_speed': '0.0', 'r2_job': '0', 'replace_status': '0', 'part_status': '0', 'r1_protective_gas': '610', 'r1_welding_wire': '0', 'r2_protective_gas': '0', 'r2_welding_wire': '0', 'login_id': '\n\x00\x00\x00\x00\x00\x00\x00\x00\x00', 'login_password': '\n\x00\x00\x00\x00\x00\x00\x00\x00\x00'}
2021-03-02  14:52:49 Tue root INFO ('\n\x07250 TJ1\x00', '5267', '48', 242, '4', '0', '181.5972137451172', '13.129340171813965', '0.0', '0', '104', '0', '0.0', '0.0', '0.0', '0', '0', '610', '0', '0', '0', '\n\x00\x00\x00\x00\x00\x00\x00\x00\x00', '\n\x00\x00\x00\x00\x00\x00\x00\x00\x00', '0', '0', '2021-03-02 14:52:49')
2021-03-02  14:52:49 Tue root INFO 成功添加数据
2021-03-02  14:52:49 Tue root INFO mes_plc_r3
2021-03-02  14:52:49 Tue root INFO 读取插入数据库数据：{'product_type': '\n\x07250 TJ3\x00', 'r1_equipment_status': '7315', 'fail_code': '48', 'recerve': '0', 'prod_num': 246, 'r1_rob_no': '4', 'r1_weld_line_no': '0', 'r1_electric': '183.59375', 'r1_voltage': '13.881654739379883', 'r1_speed': '0.0', 'r1_job': '0', 'r2_rob_no': '104', 'r2_weld_line_no': '0', 'r2_electric': '0.0', 'r2_voltage': '0.0', 'r2_speed': '0.0', 'r2_job': '0', 'replace_status': '0', 'part_status': '0', 'r1_protective_gas': '518', 'r1_welding_wire': '0', 'r2_protective_gas': '0', 'r2_welding_wire': '0', 'login_id': '\n\x00\x00\x00\x00\x00\x00\x00\x00\x00', 'login_password': '\n\x00\x00\x00\x00\x00\x00\x00\x00\x00'}
2021-03-02  14:52:49 Tue root INFO ('\n\x07250 TJ3\x00', '7315', '48', 246, '4', '0', '183.59375', '13.881654739379883', '0.0', '0', '104', '0', '0.0', '0.0', '0.0', '0', '0', '518', '0', '0', '0', '\n\x00\x00\x00\x00\x00\x00\x00\x00\x00', '\n\x00\x00\x00\x00\x00\x00\x00\x00\x00', '0', '0', '2021-03-02 14:52:49')
2021-03-02  14:52:49 Tue root INFO 成功添加数据
2021-03-02  14:52:49 Tue root INFO mes_plc_r4
2021-03-02  14:52:49 Tue root INFO 读取插入数据库数据：{'product_type': '\n\x07250 PCB\x00', 'r1_equipment_status': '7315', 'fail_code': '0', 'recerve': '0', 'prod_num': 18, 'r1_rob_no': '4', 'r1_weld_line_no': '0', 'r1_electric': '183.01504516601562', 'r1_voltage': '13.154658317565918', 'r1_speed': '0.0', 'r1_job': '0', 'r2_rob_no': '104', 'r2_weld_line_no': '0', 'r2_electric': '0.0', 'r2_voltage': '0.0', 'r2_speed': '0.0', 'r2_job': '0', 'replace_status': '0', 'part_status': '0', 'r1_protective_gas': '1331', 'r1_welding_wire': '0', 'r2_protective_gas': '0', 'r2_welding_wire': '0', 'login_id': '\n\x00\x00\x00\x00\x00\x00\x00\x00\x00', 'login_password': '\n\x00\x00\x00\x00\x00\x00\x00\x00\x00'}
2021-03-02  14:52:49 Tue root INFO ('\n\x07250 PCB\x00', '7315', '0', 18, '4', '0', '183.01504516601562', '13.154658317565918', '0.0', '0', '104', '0', '0.0', '0.0', '0.0', '0', '0', '1331', '0', '0', '0', '\n\x00\x00\x00\x00\x00\x00\x00\x00\x00', '\n\x00\x00\x00\x00\x00\x00\x00\x00\x00', '0', '0', '2021-03-02 14:52:49')
2021-03-02  14:52:49 Tue root INFO 成功添加数据
2021-03-02  14:52:49 Tue root INFO mes_plc_r5
2021-03-02  14:52:50 Tue root INFO 读取插入数据库数据：{'product_type': '\n\x00\x00\x00\x00\x00\x00\x00\x00\x00', 'r1_equipment_status': '6162', 'fail_code': '0', 'recerve': '0', 'prod_num': 0, 'r1_rob_no': '0', 'r1_weld_line_no': '0', 'r1_electric': '179.9768524169922', 'r1_voltage': '13.491029739379883', 'r1_speed': '0.0', 'r1_job': '0', 'r2_rob_no': '0', 'r2_weld_line_no': '0', 'r2_electric': '179.47048950195312', 'r2_voltage': '13.40060806274414', 'r2_speed': '0.0', 'r2_job': '0', 'replace_status': '0', 'part_status': '0', 'r1_protective_gas': '0', 'r1_welding_wire': '0', 'r2_protective_gas': '0', 'r2_welding_wire': '0', 'login_id': '\n\x00\x00\x00\x00\x00\x00\x00\x00\x00', 'login_password': '\n\x00\x00\x00\x00\x00\x00\x00\x00\x00'}
2021-03-02  14:52:50 Tue root INFO ('\n\x00\x00\x00\x00\x00\x00\x00\x00\x00', '6162', '0', 0, '0', '0', '179.9768524169922', '13.491029739379883', '0.0', '0', '0', '0', '179.47048950195312', '13.40060806274414', '0.0', '0', '0', '0', '0', '0', '0', '\n\x00\x00\x00\x00\x00\x00\x00\x00\x00', '\n\x00\x00\x00\x00\x00\x00\x00\x00\x00', '0', '0', '2021-03-02 14:52:50')
2021-03-02  14:52:50 Tue root INFO 成功添加数据
2021-03-02  14:52:50 Tue root INFO mes_plc_r6
2021-03-02  14:52:50 Tue root INFO 读取插入数据库数据：{'product_type': '\n\x00\x00\x00\x00\x00\x00\x00\x00\x00', 'r1_equipment_status': '0', 'fail_code': '0', 'recerve': '10', 'prod_num': 19, 'r1_rob_no': '0', 'r1_weld_line_no': '0', 'r1_electric': '0.0', 'r1_voltage': '0.0', 'r1_speed': '0.0', 'r1_job': '0', 'r2_rob_no': '0', 'r2_weld_line_no': '0', 'r2_electric': '0.0', 'r2_voltage': '0.0', 'r2_speed': '0.0', 'r2_job': '0', 'replace_status': '0', 'part_status': '0', 'r1_protective_gas': '0', 'r1_welding_wire': '0', 'r2_protective_gas': '0', 'r2_welding_wire': '0', 'login_id': '\n\x00\x00\x00\x00\x00\x00\x00\x00\x00', 'login_password': '\n\x00\x00\x00\x00\x00\x00\x00\x00\x00'}
2021-03-02  14:52:50 Tue root INFO ('\n\x00\x00\x00\x00\x00\x00\x00\x00\x00', '0', '0', 19, '0', '0', '0.0', '0.0', '0.0', '0', '0', '0', '0.0', '0.0', '0.0', '0', '0', '0', '0', '0', '0', '\n\x00\x00\x00\x00\x00\x00\x00\x00\x00', '\n\x00\x00\x00\x00\x00\x00\x00\x00\x00', '0', '10', '2021-03-02 14:52:50')
2021-03-02  14:52:50 Tue root INFO 成功添加数据
2021-03-02  14:53:50 Tue root INFO plc连接状态:[1, 1, 1, 1, 1, 1]
2021-03-02  14:53:50 Tue root INFO mes_plc
2021-03-02  14:53:51 Tue root INFO 读取插入数据库数据：{'product_type': '\n\x07250 YDG\x00', 'r1_equipment_status': '7315', 'fail_code': '0', 'recerve': '0', 'prod_num': 44, 'r1_rob_no': '4', 'r1_weld_line_no': '0', 'r1_electric': '182.66783142089844', 'r1_voltage': '13.284866333007812', 'r1_speed': '0.0', 'r1_job': '0', 'r2_rob_no': '104', 'r2_weld_line_no': '0', 'r2_electric': '0.0', 'r2_voltage': '0.0', 'r2_speed': '0.0', 'r2_job': '0', 'replace_status': '0', 'part_status': '0', 'r1_protective_gas': '0', 'r1_welding_wire': '0', 'r2_protective_gas': '0', 'r2_welding_wire': '0', 'login_id': '\n\x00\x00\x00\x00\x00\x00\x00\x00\x00', 'login_password': '\n\x00\x00\x00\x00\x00\x00\x00\x00\x00'}
2021-03-02  14:53:51 Tue root INFO ('\n\x07250 YDG\x00', '7315', '0', 44, '4', '0', '182.66783142089844', '13.284866333007812', '0.0', '0', '104', '0', '0.0', '0.0', '0.0', '0', '0', '0', '0', '0', '0', '\n\x00\x00\x00\x00\x00\x00\x00\x00\x00', '\n\x00\x00\x00\x00\x00\x00\x00\x00\x00', '0', '0', '2021-03-02 14:53:51')
2021-03-02  14:53:51 Tue root INFO 成功添加数据
2021-03-02  14:53:51 Tue root INFO mes_plc_r2
2021-03-02  14:53:51 Tue root INFO 读取插入数据库数据：{'product_type': '\n\x07250 TJ1\x00', 'r1_equipment_status': '5267', 'fail_code': '48', 'recerve': '0', 'prod_num': 242, 'r1_rob_no': '4', 'r1_weld_line_no': '0', 'r1_electric': '181.5972137451172', 'r1_voltage': '13.132956504821777', 'r1_speed': '0.0', 'r1_job': '0', 'r2_rob_no': '104', 'r2_weld_line_no': '0', 'r2_electric': '0.0', 'r2_voltage': '0.0', 'r2_speed': '0.0', 'r2_job': '0', 'replace_status': '0', 'part_status': '0', 'r1_protective_gas': '610', 'r1_welding_wire': '0', 'r2_protective_gas': '0', 'r2_welding_wire': '0', 'login_id': '\n\x00\x00\x00\x00\x00\x00\x00\x00\x00', 'login_password': '\n\x00\x00\x00\x00\x00\x00\x00\x00\x00'}
2021-03-02  14:53:51 Tue root INFO ('\n\x07250 TJ1\x00', '5267', '48', 242, '4', '0', '181.5972137451172', '13.132956504821777', '0.0', '0', '104', '0', '0.0', '0.0', '0.0', '0', '0', '610', '0', '0', '0', '\n\x00\x00\x00\x00\x00\x00\x00\x00\x00', '\n\x00\x00\x00\x00\x00\x00\x00\x00\x00', '0', '0', '2021-03-02 14:53:51')
2021-03-02  14:53:51 Tue root INFO 成功添加数据
2021-03-02  14:53:51 Tue root INFO mes_plc_r3
2021-03-02  14:53:51 Tue root INFO 读取插入数据库数据：{'product_type': '\n\x07250 TJ3\x00', 'r1_equipment_status': '7315', 'fail_code': '48', 'recerve': '0', 'prod_num': 246, 'r1_rob_no': '4', 'r1_weld_line_no': '0', 'r1_electric': '183.60821533203125', 'r1_voltage': '13.84548568725586', 'r1_speed': '0.0', 'r1_job': '0', 'r2_rob_no': '104', 'r2_weld_line_no': '0', 'r2_electric': '0.0', 'r2_voltage': '0.0', 'r2_speed': '0.0', 'r2_job': '0', 'replace_status': '0', 'part_status': '0', 'r1_protective_gas': '518', 'r1_welding_wire': '0', 'r2_protective_gas': '0', 'r2_welding_wire': '0', 'login_id': '\n\x00\x00\x00\x00\x00\x00\x00\x00\x00', 'login_password': '\n\x00\x00\x00\x00\x00\x00\x00\x00\x00'}
2021-03-02  14:53:51 Tue root INFO ('\n\x07250 TJ3\x00', '7315', '48', 246, '4', '0', '183.60821533203125', '13.84548568725586', '0.0', '0', '104', '0', '0.0', '0.0', '0.0', '0', '0', '518', '0', '0', '0', '\n\x00\x00\x00\x00\x00\x00\x00\x00\x00', '\n\x00\x00\x00\x00\x00\x00\x00\x00\x00', '0', '0', '2021-03-02 14:53:51')
2021-03-02  14:53:51 Tue root INFO 成功添加数据
2021-03-02  14:53:51 Tue root INFO mes_plc_r4
2021-03-02  14:53:52 Tue root INFO 读取插入数据库数据：{'product_type': '\n\x07250 PCB\x00', 'r1_equipment_status': '7233', 'fail_code': '0', 'recerve': '0', 'prod_num': 18, 'r1_rob_no': '4', 'r1_weld_line_no': '0', 'r1_electric': '183.01504516601562', 'r1_voltage': '118.51490783691406', 'r1_speed': '0.0', 'r1_job': '0', 'r2_rob_no': '104', 'r2_weld_line_no': '0', 'r2_electric': '0.0', 'r2_voltage': '0.0', 'r2_speed': '0.0', 'r2_job': '0', 'replace_status': '0', 'part_status': '0', 'r1_protective_gas': '1346', 'r1_welding_wire': '0', 'r2_protective_gas': '0', 'r2_welding_wire': '0', 'login_id': '\n\x00\x00\x00\x00\x00\x00\x00\x00\x00', 'login_password': '\n\x00\x00\x00\x00\x00\x00\x00\x00\x00'}
2021-03-02  14:53:52 Tue root INFO ('\n\x07250 PCB\x00', '7233', '0', 18, '4', '0', '183.01504516601562', '118.51490783691406', '0.0', '0', '104', '0', '0.0', '0.0', '0.0', '0', '0', '1346', '0', '0', '0', '\n\x00\x00\x00\x00\x00\x00\x00\x00\x00', '\n\x00\x00\x00\x00\x00\x00\x00\x00\x00', '0', '0', '2021-03-02 14:53:52')
2021-03-02  14:53:52 Tue root INFO 成功添加数据
2021-03-02  14:53:52 Tue root INFO mes_plc_r5
2021-03-02  14:53:52 Tue root INFO 读取插入数据库数据：{'product_type': '\n\x00\x00\x00\x00\x00\x00\x00\x00\x00', 'r1_equipment_status': '6162', 'fail_code': '0', 'recerve': '0', 'prod_num': 0, 'r1_rob_no': '0', 'r1_weld_line_no': '0', 'r1_electric': '179.93345642089844', 'r1_voltage': '13.480178833007812', 'r1_speed': '0.0', 'r1_job': '0', 'r2_rob_no': '0', 'r2_weld_line_no': '0', 'r2_electric': '179.3692169189453', 'r2_voltage': '13.411458015441895', 'r2_speed': '0.0', 'r2_job': '0', 'replace_status': '0', 'part_status': '0', 'r1_protective_gas': '0', 'r1_welding_wire': '0', 'r2_protective_gas': '0', 'r2_welding_wire': '0', 'login_id': '\n\x00\x00\x00\x00\x00\x00\x00\x00\x00', 'login_password': '\n\x00\x00\x00\x00\x00\x00\x00\x00\x00'}
2021-03-02  14:53:52 Tue root INFO ('\n\x00\x00\x00\x00\x00\x00\x00\x00\x00', '6162', '0', 0, '0', '0', '179.93345642089844', '13.480178833007812', '0.0', '0', '0', '0', '179.3692169189453', '13.411458015441895', '0.0', '0', '0', '0', '0', '0', '0', '\n\x00\x00\x00\x00\x00\x00\x00\x00\x00', '\n\x00\x00\x00\x00\x00\x00\x00\x00\x00', '0', '0', '2021-03-02 14:53:52')
2021-03-02  14:53:52 Tue root INFO 成功添加数据
2021-03-02  14:53:52 Tue root INFO mes_plc_r6
2021-03-02  14:53:53 Tue root INFO 读取插入数据库数据：{'product_type': '\n\x00\x00\x00\x00\x00\x00\x00\x00\x00', 'r1_equipment_status': '0', 'fail_code': '0', 'recerve': '10', 'prod_num': 19, 'r1_rob_no': '0', 'r1_weld_line_no': '0', 'r1_electric': '0.0', 'r1_voltage': '0.0', 'r1_speed': '0.0', 'r1_job': '0', 'r2_rob_no': '0', 'r2_weld_line_no': '0', 'r2_electric': '0.0', 'r2_voltage': '0.0', 'r2_speed': '0.0', 'r2_job': '0', 'replace_status': '0', 'part_status': '0', 'r1_protective_gas': '0', 'r1_welding_wire': '0', 'r2_protective_gas': '0', 'r2_welding_wire': '0', 'login_id': '\n\x00\x00\x00\x00\x00\x00\x00\x00\x00', 'login_password': '\n\x00\x00\x00\x00\x00\x00\x00\x00\x00'}
2021-03-02  14:53:53 Tue root INFO ('\n\x00\x00\x00\x00\x00\x00\x00\x00\x00', '0', '0', 19, '0', '0', '0.0', '0.0', '0.0', '0', '0', '0', '0.0', '0.0', '0.0', '0', '0', '0', '0', '0', '0', '\n\x00\x00\x00\x00\x00\x00\x00\x00\x00', '\n\x00\x00\x00\x00\x00\x00\x00\x00\x00', '0', '10', '2021-03-02 14:53:53')
2021-03-02  14:53:53 Tue root INFO 成功添加数据
2021-03-02  14:54:53 Tue root INFO plc连接状态:[1, 1, 1, 1, 1, 1]
2021-03-02  14:54:53 Tue root INFO mes_plc
2021-03-02  14:54:53 Tue root INFO 读取插入数据库数据：{'product_type': '\n\x07250 YDG\x00', 'r1_equipment_status': '7315', 'fail_code': '0', 'recerve': '0', 'prod_num': 44, 'r1_rob_no': '4', 'r1_weld_line_no': '0', 'r1_electric': '182.60995483398438', 'r1_voltage': '13.284866333007812', 'r1_speed': '0.0', 'r1_job': '0', 'r2_rob_no': '104', 'r2_weld_line_no': '0', 'r2_electric': '0.0', 'r2_voltage': '0.0', 'r2_speed': '0.0', 'r2_job': '0', 'replace_status': '0', 'part_status': '0', 'r1_protective_gas': '0', 'r1_welding_wire': '0', 'r2_protective_gas': '0', 'r2_welding_wire': '0', 'login_id': '\n\x00\x00\x00\x00\x00\x00\x00\x00\x00', 'login_password': '\n\x00\x00\x00\x00\x00\x00\x00\x00\x00'}
2021-03-02  14:54:53 Tue root INFO ('\n\x07250 YDG\x00', '7315', '0', 44, '4', '0', '182.60995483398438', '13.284866333007812', '0.0', '0', '104', '0', '0.0', '0.0', '0.0', '0', '0', '0', '0', '0', '0', '\n\x00\x00\x00\x00\x00\x00\x00\x00\x00', '\n\x00\x00\x00\x00\x00\x00\x00\x00\x00', '0', '0', '2021-03-02 14:54:53')
2021-03-02  14:54:53 Tue root INFO 成功添加数据
2021-03-02  14:54:53 Tue root INFO mes_plc_r2
2021-03-02  14:54:53 Tue root INFO 读取插入数据库数据：{'product_type': '\n\x07250 TJ1\x00', 'r1_equipment_status': '5267', 'fail_code': '48', 'recerve': '0', 'prod_num': 242, 'r1_rob_no': '4', 'r1_weld_line_no': '0', 'r1_electric': '181.58274841308594', 'r1_voltage': '13.136574745178223', 'r1_speed': '0.0', 'r1_job': '0', 'r2_rob_no': '104', 'r2_weld_line_no': '0', 'r2_electric': '0.0', 'r2_voltage': '0.0', 'r2_speed': '0.0', 'r2_job': '0', 'replace_status': '0', 'part_status': '0', 'r1_protective_gas': '610', 'r1_welding_wire': '0', 'r2_protective_gas': '0', 'r2_welding_wire': '0', 'login_id': '\n\x00\x00\x00\x00\x00\x00\x00\x00\x00', 'login_password': '\n\x00\x00\x00\x00\x00\x00\x00\x00\x00'}
2021-03-02  14:54:53 Tue root INFO ('\n\x07250 TJ1\x00', '5267', '48', 242, '4', '0', '181.58274841308594', '13.136574745178223', '0.0', '0', '104', '0', '0.0', '0.0', '0.0', '0', '0', '610', '0', '0', '0', '\n\x00\x00\x00\x00\x00\x00\x00\x00\x00', '\n\x00\x00\x00\x00\x00\x00\x00\x00\x00', '0', '0', '2021-03-02 14:54:53')
2021-03-02  14:54:53 Tue root INFO 成功添加数据
2021-03-02  14:54:53 Tue root INFO mes_plc_r3
2021-03-02  14:54:54 Tue root INFO 读取插入数据库数据：{'product_type': '\n\x07250 TJ3\x00', 'r1_equipment_status': '7315', 'fail_code': '48', 'recerve': '0', 'prod_num': 246, 'r1_rob_no': '4', 'r1_weld_line_no': '0', 'r1_electric': '183.6371612548828', 'r1_voltage': '13.852720260620117', 'r1_speed': '0.0', 'r1_job': '0', 'r2_rob_no': '104', 'r2_weld_line_no': '0', 'r2_electric': '0.0', 'r2_voltage': '0.0', 'r2_speed': '0.0', 'r2_job': '0', 'replace_status': '0', 'part_status': '0', 'r1_protective_gas': '518', 'r1_welding_wire': '0', 'r2_protective_gas': '0', 'r2_welding_wire': '0', 'login_id': '\n\x00\x00\x00\x00\x00\x00\x00\x00\x00', 'login_password': '\n\x00\x00\x00\x00\x00\x00\x00\x00\x00'}
2021-03-02  14:54:54 Tue root INFO ('\n\x07250 TJ3\x00', '7315', '48', 246, '4', '0', '183.6371612548828', '13.852720260620117', '0.0', '0', '104', '0', '0.0', '0.0', '0.0', '0', '0', '518', '0', '0', '0', '\n\x00\x00\x00\x00\x00\x00\x00\x00\x00', '\n\x00\x00\x00\x00\x00\x00\x00\x00\x00', '0', '0', '2021-03-02 14:54:54')
2021-03-02  14:54:54 Tue root INFO 成功添加数据
2021-03-02  14:54:54 Tue root INFO mes_plc_r4
2021-03-02  14:54:54 Tue root INFO 读取插入数据库数据：{'product_type': '\n\x07250 PCB\x00', 'r1_equipment_status': '7233', 'fail_code': '0', 'recerve': '0', 'prod_num': 18, 'r1_rob_no': '4', 'r1_weld_line_no': '0', 'r1_electric': '182.95716857910156', 'r1_voltage': '-15.364583015441895', 'r1_speed': '0.0', 'r1_job': '0', 'r2_rob_no': '104', 'r2_weld_line_no': '0', 'r2_electric': '0.0', 'r2_voltage': '0.0', 'r2_speed': '0.0', 'r2_job': '0', 'replace_status': '0', 'part_status': '0', 'r1_protective_gas': '1372', 'r1_welding_wire': '0', 'r2_protective_gas': '0', 'r2_welding_wire': '0', 'login_id': '\n\x00\x00\x00\x00\x00\x00\x00\x00\x00', 'login_password': '\n\x00\x00\x00\x00\x00\x00\x00\x00\x00'}
2021-03-02  14:54:54 Tue root INFO ('\n\x07250 PCB\x00', '7233', '0', 18, '4', '0', '182.95716857910156', '-15.364583015441895', '0.0', '0', '104', '0', '0.0', '0.0', '0.0', '0', '0', '1372', '0', '0', '0', '\n\x00\x00\x00\x00\x00\x00\x00\x00\x00', '\n\x00\x00\x00\x00\x00\x00\x00\x00\x00', '0', '0', '2021-03-02 14:54:54')
2021-03-02  14:54:54 Tue root INFO 成功添加数据
2021-03-02  14:54:54 Tue root INFO mes_plc_r5
2021-03-02  14:54:55 Tue root INFO 读取插入数据库数据：{'product_type': '\n\x00\x00\x00\x00\x00\x00\x00\x00\x00', 'r1_equipment_status': '6162', 'fail_code': '0', 'recerve': '0', 'prod_num': 0, 'r1_rob_no': '0', 'r1_weld_line_no': '0', 'r1_electric': '179.94790649414062', 'r1_voltage': '13.458478927612305', 'r1_speed': '0.0', 'r1_job': '0', 'r2_rob_no': '0', 'r2_weld_line_no': '0', 'r2_electric': '179.3692169189453', 'r2_voltage': '13.422308921813965', 'r2_speed': '0.0', 'r2_job': '0', 'replace_status': '0', 'part_status': '0', 'r1_protective_gas': '0', 'r1_welding_wire': '0', 'r2_protective_gas': '0', 'r2_welding_wire': '0', 'login_id': '\n\x00\x00\x00\x00\x00\x00\x00\x00\x00', 'login_password': '\n\x00\x00\x00\x00\x00\x00\x00\x00\x00'}
2021-03-02  14:54:55 Tue root INFO ('\n\x00\x00\x00\x00\x00\x00\x00\x00\x00', '6162', '0', 0, '0', '0', '179.94790649414062', '13.458478927612305', '0.0', '0', '0', '0', '179.3692169189453', '13.422308921813965', '0.0', '0', '0', '0', '0', '0', '0', '\n\x00\x00\x00\x00\x00\x00\x00\x00\x00', '\n\x00\x00\x00\x00\x00\x00\x00\x00\x00', '0', '0', '2021-03-02 14:54:55')
2021-03-02  14:54:55 Tue root INFO 成功添加数据
2021-03-02  14:54:55 Tue root INFO mes_plc_r6
2021-03-02  14:54:55 Tue root INFO 读取插入数据库数据：{'product_type': '\n\x00\x00\x00\x00\x00\x00\x00\x00\x00', 'r1_equipment_status': '0', 'fail_code': '0', 'recerve': '10', 'prod_num': 19, 'r1_rob_no': '0', 'r1_weld_line_no': '0', 'r1_electric': '0.0', 'r1_voltage': '0.0', 'r1_speed': '0.0', 'r1_job': '0', 'r2_rob_no': '0', 'r2_weld_line_no': '0', 'r2_electric': '0.0', 'r2_voltage': '0.0', 'r2_speed': '0.0', 'r2_job': '0', 'replace_status': '0', 'part_status': '0', 'r1_protective_gas': '0', 'r1_welding_wire': '0', 'r2_protective_gas': '0', 'r2_welding_wire': '0', 'login_id': '\n\x00\x00\x00\x00\x00\x00\x00\x00\x00', 'login_password': '\n\x00\x00\x00\x00\x00\x00\x00\x00\x00'}
2021-03-02  14:54:55 Tue root INFO ('\n\x00\x00\x00\x00\x00\x00\x00\x00\x00', '0', '0', 19, '0', '0', '0.0', '0.0', '0.0', '0', '0', '0', '0.0', '0.0', '0.0', '0', '0', '0', '0', '0', '0', '\n\x00\x00\x00\x00\x00\x00\x00\x00\x00', '\n\x00\x00\x00\x00\x00\x00\x00\x00\x00', '0', '10', '2021-03-02 14:54:55')
2021-03-02  14:54:55 Tue root INFO 成功添加数据
2021-03-02  14:55:55 Tue root INFO plc连接状态:[1, 1, 1, 1, 1, 1]
2021-03-02  14:55:55 Tue root INFO mes_plc
2021-03-02  14:55:55 Tue root INFO 读取插入数据库数据：{'product_type': '\n\x07250 YDG\x00', 'r1_equipment_status': '7315', 'fail_code': '0', 'recerve': '0', 'prod_num': 44, 'r1_rob_no': '4', 'r1_weld_line_no': '0', 'r1_electric': '182.58102416992188', 'r1_voltage': '13.277633666992188', 'r1_speed': '0.0', 'r1_job': '0', 'r2_rob_no': '104', 'r2_weld_line_no': '0', 'r2_electric': '0.0', 'r2_voltage': '0.0', 'r2_speed': '0.0', 'r2_job': '0', 'replace_status': '0', 'part_status': '0', 'r1_protective_gas': '0', 'r1_welding_wire': '0', 'r2_protective_gas': '0', 'r2_welding_wire': '0', 'login_id': '\n\x00\x00\x00\x00\x00\x00\x00\x00\x00', 'login_password': '\n\x00\x00\x00\x00\x00\x00\x00\x00\x00'}
2021-03-02  14:55:55 Tue root INFO ('\n\x07250 YDG\x00', '7315', '0', 44, '4', '0', '182.58102416992188', '13.277633666992188', '0.0', '0', '104', '0', '0.0', '0.0', '0.0', '0', '0', '0', '0', '0', '0', '\n\x00\x00\x00\x00\x00\x00\x00\x00\x00', '\n\x00\x00\x00\x00\x00\x00\x00\x00\x00', '0', '0', '2021-03-02 14:55:55')
2021-03-02  14:55:55 Tue root INFO 成功添加数据
2021-03-02  14:55:55 Tue root INFO mes_plc_r2
2021-03-02  14:55:56 Tue root INFO 读取插入数据库数据：{'product_type': '\n\x07250 TJ1\x00', 'r1_equipment_status': '5267', 'fail_code': '48', 'recerve': '0', 'prod_num': 242, 'r1_rob_no': '4', 'r1_weld_line_no': '0', 'r1_electric': '181.6116943359375', 'r1_voltage': '13.129340171813965', 'r1_speed': '0.0', 'r1_job': '0', 'r2_rob_no': '104', 'r2_weld_line_no': '0', 'r2_electric': '0.0', 'r2_voltage': '0.0', 'r2_speed': '0.0', 'r2_job': '0', 'replace_status': '0', 'part_status': '0', 'r1_protective_gas': '610', 'r1_welding_wire': '0', 'r2_protective_gas': '0', 'r2_welding_wire': '0', 'login_id': '\n\x00\x00\x00\x00\x00\x00\x00\x00\x00', 'login_password': '\n\x00\x00\x00\x00\x00\x00\x00\x00\x00'}
2021-03-02  14:55:56 Tue root INFO ('\n\x07250 TJ1\x00', '5267', '48', 242, '4', '0', '181.6116943359375', '13.129340171813965', '0.0', '0', '104', '0', '0.0', '0.0', '0.0', '0', '0', '610', '0', '0', '0', '\n\x00\x00\x00\x00\x00\x00\x00\x00\x00', '\n\x00\x00\x00\x00\x00\x00\x00\x00\x00', '0', '0', '2021-03-02 14:55:56')
2021-03-02  14:55:56 Tue root INFO 成功添加数据
2021-03-02  14:55:56 Tue root INFO mes_plc_r3
2021-03-02  14:55:56 Tue root INFO 读取插入数据库数据：{'product_type': '\n\x07250 TJ3\x00', 'r1_equipment_status': '7315', 'fail_code': '48', 'recerve': '0', 'prod_num': 246, 'r1_rob_no': '4', 'r1_weld_line_no': '0', 'r1_electric': '183.73841857910156', 'r1_voltage': '13.841869354248047', 'r1_speed': '0.0', 'r1_job': '0', 'r2_rob_no': '104', 'r2_weld_line_no': '0', 'r2_electric': '0.0', 'r2_voltage': '0.0', 'r2_speed': '0.0', 'r2_job': '0', 'replace_status': '0', 'part_status': '0', 'r1_protective_gas': '518', 'r1_welding_wire': '0', 'r2_protective_gas': '0', 'r2_welding_wire': '0', 'login_id': '\n\x00\x00\x00\x00\x00\x00\x00\x00\x00', 'login_password': '\n\x00\x00\x00\x00\x00\x00\x00\x00\x00'}
2021-03-02  14:55:56 Tue root INFO ('\n\x07250 TJ3\x00', '7315', '48', 246, '4', '0', '183.73841857910156', '13.841869354248047', '0.0', '0', '104', '0', '0.0', '0.0', '0.0', '0', '0', '518', '0', '0', '0', '\n\x00\x00\x00\x00\x00\x00\x00\x00\x00', '\n\x00\x00\x00\x00\x00\x00\x00\x00\x00', '0', '0', '2021-03-02 14:55:56')
2021-03-02  14:55:56 Tue root INFO 成功添加数据
2021-03-02  14:55:56 Tue root INFO mes_plc_r4
2021-03-02  14:55:56 Tue root INFO 读取插入数据库数据：{'product_type': '\n\x07250 PCB\x00', 'r1_equipment_status': '7315', 'fail_code': '0', 'recerve': '0', 'prod_num': 18, 'r1_rob_no': '4', 'r1_weld_line_no': '0', 'r1_electric': '183.05845642089844', 'r1_voltage': '13.169126510620117', 'r1_speed': '0.0', 'r1_job': '0', 'r2_rob_no': '104', 'r2_weld_line_no': '0', 'r2_electric': '0.0', 'r2_voltage': '0.0', 'r2_speed': '0.0', 'r2_job': '0', 'replace_status': '0', 'part_status': '0', 'r1_protective_gas': '1375', 'r1_welding_wire': '0', 'r2_protective_gas': '0', 'r2_welding_wire': '0', 'login_id': '\n\x00\x00\x00\x00\x00\x00\x00\x00\x00', 'login_password': '\n\x00\x00\x00\x00\x00\x00\x00\x00\x00'}
2021-03-02  14:55:56 Tue root INFO ('\n\x07250 PCB\x00', '7315', '0', 18, '4', '0', '183.05845642089844', '13.169126510620117', '0.0', '0', '104', '0', '0.0', '0.0', '0.0', '0', '0', '1375', '0', '0', '0', '\n\x00\x00\x00\x00\x00\x00\x00\x00\x00', '\n\x00\x00\x00\x00\x00\x00\x00\x00\x00', '0', '0', '2021-03-02 14:55:56')
2021-03-02  14:55:56 Tue root INFO 成功添加数据
2021-03-02  14:55:56 Tue root INFO mes_plc_r5
2021-03-02  14:55:57 Tue root INFO 读取插入数据库数据：{'product_type': '\n\x00\x00\x00\x00\x00\x00\x00\x00\x00', 'r1_equipment_status': '6162', 'fail_code': '0', 'recerve': '0', 'prod_num': 0, 'r1_rob_no': '0', 'r1_weld_line_no': '0', 'r1_electric': '179.91897583007812', 'r1_voltage': '13.436776161193848', 'r1_speed': '0.0', 'r1_job': '0', 'r2_rob_no': '0', 'r2_weld_line_no': '0', 'r2_electric': '179.47048950195312', 'r2_voltage': '13.407841682434082', 'r2_speed': '0.0', 'r2_job': '0', 'replace_status': '0', 'part_status': '0', 'r1_protective_gas': '0', 'r1_welding_wire': '0', 'r2_protective_gas': '0', 'r2_welding_wire': '0', 'login_id': '\n\x00\x00\x00\x00\x00\x00\x00\x00\x00', 'login_password': '\n\x00\x00\x00\x00\x00\x00\x00\x00\x00'}
2021-03-02  14:55:57 Tue root INFO ('\n\x00\x00\x00\x00\x00\x00\x00\x00\x00', '6162', '0', 0, '0', '0', '179.91897583007812', '13.436776161193848', '0.0', '0', '0', '0', '179.47048950195312', '13.407841682434082', '0.0', '0', '0', '0', '0', '0', '0', '\n\x00\x00\x00\x00\x00\x00\x00\x00\x00', '\n\x00\x00\x00\x00\x00\x00\x00\x00\x00', '0', '0', '2021-03-02 14:55:57')
2021-03-02  14:55:57 Tue root INFO 成功添加数据
2021-03-02  14:55:57 Tue root INFO mes_plc_r6
2021-03-02  14:55:57 Tue root INFO 读取插入数据库数据：{'product_type': '\n\x00\x00\x00\x00\x00\x00\x00\x00\x00', 'r1_equipment_status': '0', 'fail_code': '0', 'recerve': '10', 'prod_num': 19, 'r1_rob_no': '0', 'r1_weld_line_no': '0', 'r1_electric': '0.0', 'r1_voltage': '0.0', 'r1_speed': '0.0', 'r1_job': '0', 'r2_rob_no': '0', 'r2_weld_line_no': '0', 'r2_electric': '0.0', 'r2_voltage': '0.0', 'r2_speed': '0.0', 'r2_job': '0', 'replace_status': '0', 'part_status': '0', 'r1_protective_gas': '0', 'r1_welding_wire': '0', 'r2_protective_gas': '0', 'r2_welding_wire': '0', 'login_id': '\n\x00\x00\x00\x00\x00\x00\x00\x00\x00', 'login_password': '\n\x00\x00\x00\x00\x00\x00\x00\x00\x00'}
2021-03-02  14:55:57 Tue root INFO ('\n\x00\x00\x00\x00\x00\x00\x00\x00\x00', '0', '0', 19, '0', '0', '0.0', '0.0', '0.0', '0', '0', '0', '0.0', '0.0', '0.0', '0', '0', '0', '0', '0', '0', '\n\x00\x00\x00\x00\x00\x00\x00\x00\x00', '\n\x00\x00\x00\x00\x00\x00\x00\x00\x00', '0', '10', '2021-03-02 14:55:57')
2021-03-02  14:55:57 Tue root INFO 成功添加数据
2021-03-02  14:56:57 Tue root INFO plc连接状态:[1, 1, 1, 1, 1, 1]
2021-03-02  14:56:57 Tue root INFO mes_plc
2021-03-02  14:56:58 Tue root INFO 读取插入数据库数据：{'product_type': '\n\x07250 YDG\x00', 'r1_equipment_status': '7315', 'fail_code': '0', 'recerve': '0', 'prod_num': 44, 'r1_rob_no': '4', 'r1_weld_line_no': '0', 'r1_electric': '182.55209350585938', 'r1_voltage': '13.28125', 'r1_speed': '0.0', 'r1_job': '0', 'r2_rob_no': '104', 'r2_weld_line_no': '0', 'r2_electric': '0.0', 'r2_voltage': '0.0', 'r2_speed': '0.0', 'r2_job': '0', 'replace_status': '0', 'part_status': '0', 'r1_protective_gas': '0', 'r1_welding_wire': '0', 'r2_protective_gas': '0', 'r2_welding_wire': '0', 'login_id': '\n\x00\x00\x00\x00\x00\x00\x00\x00\x00', 'login_password': '\n\x00\x00\x00\x00\x00\x00\x00\x00\x00'}
2021-03-02  14:56:58 Tue root INFO ('\n\x07250 YDG\x00', '7315', '0', 44, '4', '0', '182.55209350585938', '13.28125', '0.0', '0', '104', '0', '0.0', '0.0', '0.0', '0', '0', '0', '0', '0', '0', '\n\x00\x00\x00\x00\x00\x00\x00\x00\x00', '\n\x00\x00\x00\x00\x00\x00\x00\x00\x00', '0', '0', '2021-03-02 14:56:58')
2021-03-02  14:56:58 Tue root INFO 成功添加数据
2021-03-02  14:56:58 Tue root INFO mes_plc_r2
2021-03-02  14:56:58 Tue root INFO 读取插入数据库数据：{'product_type': '\n\x07250 TJ1\x00', 'r1_equipment_status': '5267', 'fail_code': '48', 'recerve': '0', 'prod_num': 242, 'r1_rob_no': '4', 'r1_weld_line_no': '0', 'r1_electric': '181.6116943359375', 'r1_voltage': '13.129340171813965', 'r1_speed': '0.0', 'r1_job': '0', 'r2_rob_no': '104', 'r2_weld_line_no': '0', 'r2_electric': '0.0', 'r2_voltage': '0.0', 'r2_speed': '0.0', 'r2_job': '0', 'replace_status': '0', 'part_status': '0', 'r1_protective_gas': '610', 'r1_welding_wire': '0', 'r2_protective_gas': '0', 'r2_welding_wire': '0', 'login_id': '\n\x00\x00\x00\x00\x00\x00\x00\x00\x00', 'login_password': '\n\x00\x00\x00\x00\x00\x00\x00\x00\x00'}
2021-03-02  14:56:58 Tue root INFO ('\n\x07250 TJ1\x00', '5267', '48', 242, '4', '0', '181.6116943359375', '13.129340171813965', '0.0', '0', '104', '0', '0.0', '0.0', '0.0', '0', '0', '610', '0', '0', '0', '\n\x00\x00\x00\x00\x00\x00\x00\x00\x00', '\n\x00\x00\x00\x00\x00\x00\x00\x00\x00', '0', '0', '2021-03-02 14:56:58')
2021-03-02  14:56:58 Tue root INFO 成功添加数据
2021-03-02  14:56:58 Tue root INFO mes_plc_r3
2021-03-02  14:56:58 Tue root INFO 读取插入数据库数据：{'product_type': '\n\x07250 TJ3\x00', 'r1_equipment_status': '7315', 'fail_code': '48', 'recerve': '0', 'prod_num': 246, 'r1_rob_no': '4', 'r1_weld_line_no': '0', 'r1_electric': '183.81076049804688', 'r1_voltage': '13.834635734558105', 'r1_speed': '0.0', 'r1_job': '0', 'r2_rob_no': '104', 'r2_weld_line_no': '0', 'r2_electric': '0.0', 'r2_voltage': '0.0', 'r2_speed': '0.0', 'r2_job': '0', 'replace_status': '0', 'part_status': '0', 'r1_protective_gas': '518', 'r1_welding_wire': '0', 'r2_protective_gas': '0', 'r2_welding_wire': '0', 'login_id': '\n\x00\x00\x00\x00\x00\x00\x00\x00\x00', 'login_password': '\n\x00\x00\x00\x00\x00\x00\x00\x00\x00'}
2021-03-02  14:56:58 Tue root INFO ('\n\x07250 TJ3\x00', '7315', '48', 246, '4', '0', '183.81076049804688', '13.834635734558105', '0.0', '0', '104', '0', '0.0', '0.0', '0.0', '0', '0', '518', '0', '0', '0', '\n\x00\x00\x00\x00\x00\x00\x00\x00\x00', '\n\x00\x00\x00\x00\x00\x00\x00\x00\x00', '0', '0', '2021-03-02 14:56:58')
2021-03-02  14:56:58 Tue root INFO 成功添加数据
2021-03-02  14:56:58 Tue root INFO mes_plc_r4
2021-03-02  14:56:59 Tue root INFO 读取插入数据库数据：{'product_type': '\n\x07250 PCB\x00', 'r1_equipment_status': '6803', 'fail_code': '0', 'recerve': '0', 'prod_num': 19, 'r1_rob_no': '4', 'r1_weld_line_no': '0', 'r1_electric': '183.02951049804688', 'r1_voltage': '-14.713541984558105', 'r1_speed': '0.0', 'r1_job': '0', 'r2_rob_no': '104', 'r2_weld_line_no': '0', 'r2_electric': '0.0', 'r2_voltage': '0.0', 'r2_speed': '0.0', 'r2_job': '0', 'replace_status': '0', 'part_status': '0', 'r1_protective_gas': '1394', 'r1_welding_wire': '0', 'r2_protective_gas': '0', 'r2_welding_wire': '0', 'login_id': '\n\x00\x00\x00\x00\x00\x00\x00\x00\x00', 'login_password': '\n\x00\x00\x00\x00\x00\x00\x00\x00\x00'}
2021-03-02  14:56:59 Tue root INFO ('\n\x07250 PCB\x00', '6803', '0', 19, '4', '0', '183.02951049804688', '-14.713541984558105', '0.0', '0', '104', '0', '0.0', '0.0', '0.0', '0', '0', '1394', '0', '0', '0', '\n\x00\x00\x00\x00\x00\x00\x00\x00\x00', '\n\x00\x00\x00\x00\x00\x00\x00\x00\x00', '0', '0', '2021-03-02 14:56:59')
2021-03-02  14:56:59 Tue root INFO 成功添加数据
2021-03-02  14:56:59 Tue root INFO mes_plc_r5
2021-03-02  14:56:59 Tue root INFO 读取插入数据库数据：{'product_type': '\n\x00\x00\x00\x00\x00\x00\x00\x00\x00', 'r1_equipment_status': '6226', 'fail_code': '0', 'recerve': '0', 'prod_num': 0, 'r1_rob_no': '0', 'r1_weld_line_no': '0', 'r1_electric': '179.9768524169922', 'r1_voltage': '13.46571159362793', 'r1_speed': '0.0', 'r1_job': '0', 'r2_rob_no': '0', 'r2_weld_line_no': '0', 'r2_electric': '179.35475158691406', 'r2_voltage': '13.407841682434082', 'r2_speed': '0.0', 'r2_job': '0', 'replace_status': '0', 'part_status': '0', 'r1_protective_gas': '0', 'r1_welding_wire': '0', 'r2_protective_gas': '0', 'r2_welding_wire': '0', 'login_id': '\n\x00\x00\x00\x00\x00\x00\x00\x00\x00', 'login_password': '\n\x00\x00\x00\x00\x00\x00\x00\x00\x00'}
2021-03-02  14:56:59 Tue root INFO ('\n\x00\x00\x00\x00\x00\x00\x00\x00\x00', '6226', '0', 0, '0', '0', '179.9768524169922', '13.46571159362793', '0.0', '0', '0', '0', '179.35475158691406', '13.407841682434082', '0.0', '0', '0', '0', '0', '0', '0', '\n\x00\x00\x00\x00\x00\x00\x00\x00\x00', '\n\x00\x00\x00\x00\x00\x00\x00\x00\x00', '0', '0', '2021-03-02 14:56:59')
2021-03-02  14:56:59 Tue root INFO 成功添加数据
2021-03-02  14:56:59 Tue root INFO mes_plc_r6
2021-03-02  14:57:00 Tue root INFO 读取插入数据库数据：{'product_type': '\n\x00\x00\x00\x00\x00\x00\x00\x00\x00', 'r1_equipment_status': '0', 'fail_code': '0', 'recerve': '10', 'prod_num': 19, 'r1_rob_no': '0', 'r1_weld_line_no': '0', 'r1_electric': '0.0', 'r1_voltage': '0.0', 'r1_speed': '0.0', 'r1_job': '0', 'r2_rob_no': '0', 'r2_weld_line_no': '0', 'r2_electric': '0.0', 'r2_voltage': '0.0', 'r2_speed': '0.0', 'r2_job': '0', 'replace_status': '0', 'part_status': '0', 'r1_protective_gas': '0', 'r1_welding_wire': '0', 'r2_protective_gas': '0', 'r2_welding_wire': '0', 'login_id': '\n\x00\x00\x00\x00\x00\x00\x00\x00\x00', 'login_password': '\n\x00\x00\x00\x00\x00\x00\x00\x00\x00'}
2021-03-02  14:57:00 Tue root INFO ('\n\x00\x00\x00\x00\x00\x00\x00\x00\x00', '0', '0', 19, '0', '0', '0.0', '0.0', '0.0', '0', '0', '0', '0.0', '0.0', '0.0', '0', '0', '0', '0', '0', '0', '\n\x00\x00\x00\x00\x00\x00\x00\x00\x00', '\n\x00\x00\x00\x00\x00\x00\x00\x00\x00', '0', '10', '2021-03-02 14:57:00')
2021-03-02  14:57:00 Tue root INFO 成功添加数据
2021-03-02  14:58:00 Tue root INFO plc连接状态:[1, 1, 1, 1, 1, 1]
2021-03-02  14:58:00 Tue root INFO mes_plc
2021-03-02  14:58:00 Tue root INFO 读取插入数据库数据：{'product_type': '\n\x07250 YDG\x00', 'r1_equipment_status': '7315', 'fail_code': '0', 'recerve': '0', 'prod_num': 44, 'r1_rob_no': '4', 'r1_weld_line_no': '0', 'r1_electric': '182.4652862548828', 'r1_voltage': '13.284866333007812', 'r1_speed': '0.0', 'r1_job': '0', 'r2_rob_no': '104', 'r2_weld_line_no': '0', 'r2_electric': '0.0', 'r2_voltage': '0.0', 'r2_speed': '0.0', 'r2_job': '0', 'replace_status': '0', 'part_status': '0', 'r1_protective_gas': '0', 'r1_welding_wire': '0', 'r2_protective_gas': '0', 'r2_welding_wire': '0', 'login_id': '\n\x00\x00\x00\x00\x00\x00\x00\x00\x00', 'login_password': '\n\x00\x00\x00\x00\x00\x00\x00\x00\x00'}
2021-03-02  14:58:00 Tue root INFO ('\n\x07250 YDG\x00', '7315', '0', 44, '4', '0', '182.4652862548828', '13.284866333007812', '0.0', '0', '104', '0', '0.0', '0.0', '0.0', '0', '0', '0', '0', '0', '0', '\n\x00\x00\x00\x00\x00\x00\x00\x00\x00', '\n\x00\x00\x00\x00\x00\x00\x00\x00\x00', '0', '0', '2021-03-02 14:58:00')
2021-03-02  14:58:00 Tue root INFO 成功添加数据
2021-03-02  14:58:00 Tue root INFO mes_plc_r2
2021-03-02  14:58:00 Tue root INFO 读取插入数据库数据：{'product_type': '\n\x07250 TJ1\x00', 'r1_equipment_status': '5267', 'fail_code': '48', 'recerve': '0', 'prod_num': 242, 'r1_rob_no': '4', 'r1_weld_line_no': '0', 'r1_electric': '181.6116943359375', 'r1_voltage': '13.12210750579834', 'r1_speed': '0.0', 'r1_job': '0', 'r2_rob_no': '104', 'r2_weld_line_no': '0', 'r2_electric': '0.0', 'r2_voltage': '0.0', 'r2_speed': '0.0', 'r2_job': '0', 'replace_status': '0', 'part_status': '0', 'r1_protective_gas': '610', 'r1_welding_wire': '0', 'r2_protective_gas': '0', 'r2_welding_wire': '0', 'login_id': '\n\x00\x00\x00\x00\x00\x00\x00\x00\x00', 'login_password': '\n\x00\x00\x00\x00\x00\x00\x00\x00\x00'}
2021-03-02  14:58:00 Tue root INFO ('\n\x07250 TJ1\x00', '5267', '48', 242, '4', '0', '181.6116943359375', '13.12210750579834', '0.0', '0', '104', '0', '0.0', '0.0', '0.0', '0', '0', '610', '0', '0', '0', '\n\x00\x00\x00\x00\x00\x00\x00\x00\x00', '\n\x00\x00\x00\x00\x00\x00\x00\x00\x00', '0', '0', '2021-03-02 14:58:00')
2021-03-02  14:58:00 Tue root INFO 成功添加数据
2021-03-02  14:58:00 Tue root INFO mes_plc_r3
2021-03-02  14:58:01 Tue root INFO 读取插入数据库数据：{'product_type': '\n\x07250 TJ3\x00', 'r1_equipment_status': '7315', 'fail_code': '48', 'recerve': '0', 'prod_num': 246, 'r1_rob_no': '4', 'r1_weld_line_no': '0', 'r1_electric': '183.83970642089844', 'r1_voltage': '13.827401161193848', 'r1_speed': '0.0', 'r1_job': '0', 'r2_rob_no': '104', 'r2_weld_line_no': '0', 'r2_electric': '0.0', 'r2_voltage': '0.0', 'r2_speed': '0.0', 'r2_job': '0', 'replace_status': '0', 'part_status': '0', 'r1_protective_gas': '518', 'r1_welding_wire': '0', 'r2_protective_gas': '0', 'r2_welding_wire': '0', 'login_id': '\n\x00\x00\x00\x00\x00\x00\x00\x00\x00', 'login_password': '\n\x00\x00\x00\x00\x00\x00\x00\x00\x00'}
2021-03-02  14:58:01 Tue root INFO ('\n\x07250 TJ3\x00', '7315', '48', 246, '4', '0', '183.83970642089844', '13.827401161193848', '0.0', '0', '104', '0', '0.0', '0.0', '0.0', '0', '0', '518', '0', '0', '0', '\n\x00\x00\x00\x00\x00\x00\x00\x00\x00', '\n\x00\x00\x00\x00\x00\x00\x00\x00\x00', '0', '0', '2021-03-02 14:58:01')
2021-03-02  14:58:01 Tue root INFO 成功添加数据
2021-03-02  14:58:01 Tue root INFO mes_plc_r4
2021-03-02  14:58:01 Tue root INFO 读取插入数据库数据：{'product_type': '\n\x07250 PCB\x00', 'r1_equipment_status': '7315', 'fail_code': '0', 'recerve': '0', 'prod_num': 19, 'r1_rob_no': '4', 'r1_weld_line_no': '0', 'r1_electric': '183.02951049804688', 'r1_voltage': '13.169126510620117', 'r1_speed': '0.0', 'r1_job': '0', 'r2_rob_no': '104', 'r2_weld_line_no': '0', 'r2_electric': '0.0', 'r2_voltage': '0.0', 'r2_speed': '0.0', 'r2_job': '0', 'replace_status': '0', 'part_status': '0', 'r1_protective_gas': '1408', 'r1_welding_wire': '0', 'r2_protective_gas': '0', 'r2_welding_wire': '0', 'login_id': '\n\x00\x00\x00\x00\x00\x00\x00\x00\x00', 'login_password': '\n\x00\x00\x00\x00\x00\x00\x00\x00\x00'}
2021-03-02  14:58:01 Tue root INFO ('\n\x07250 PCB\x00', '7315', '0', 19, '4', '0', '183.02951049804688', '13.169126510620117', '0.0', '0', '104', '0', '0.0', '0.0', '0.0', '0', '0', '1408', '0', '0', '0', '\n\x00\x00\x00\x00\x00\x00\x00\x00\x00', '\n\x00\x00\x00\x00\x00\x00\x00\x00\x00', '0', '0', '2021-03-02 14:58:01')
2021-03-02  14:58:01 Tue root INFO 成功添加数据
2021-03-02  14:58:01 Tue root INFO mes_plc_r5
2021-03-02  14:58:02 Tue root INFO 读取插入数据库数据：{'product_type': '\n\x00\x00\x00\x00\x00\x00\x00\x00\x00', 'r1_equipment_status': '6162', 'fail_code': '0', 'recerve': '0', 'prod_num': 0, 'r1_rob_no': '0', 'r1_weld_line_no': '0', 'r1_electric': '179.90451049804688', 'r1_voltage': '13.429543495178223', 'r1_speed': '0.0', 'r1_job': '0', 'r2_rob_no': '0', 'r2_weld_line_no': '0', 'r2_electric': '179.3402862548828', 'r2_voltage': '13.411458015441895', 'r2_speed': '0.0', 'r2_job': '0', 'replace_status': '0', 'part_status': '0', 'r1_protective_gas': '0', 'r1_welding_wire': '0', 'r2_protective_gas': '0', 'r2_welding_wire': '0', 'login_id': '\n\x00\x00\x00\x00\x00\x00\x00\x00\x00', 'login_password': '\n\x00\x00\x00\x00\x00\x00\x00\x00\x00'}
2021-03-02  14:58:02 Tue root INFO ('\n\x00\x00\x00\x00\x00\x00\x00\x00\x00', '6162', '0', 0, '0', '0', '179.90451049804688', '13.429543495178223', '0.0', '0', '0', '0', '179.3402862548828', '13.411458015441895', '0.0', '0', '0', '0', '0', '0', '0', '\n\x00\x00\x00\x00\x00\x00\x00\x00\x00', '\n\x00\x00\x00\x00\x00\x00\x00\x00\x00', '0', '0', '2021-03-02 14:58:02')
2021-03-02  14:58:02 Tue root INFO 成功添加数据
2021-03-02  14:58:02 Tue root INFO mes_plc_r6
2021-03-02  14:58:02 Tue root INFO 读取插入数据库数据：{'product_type': '\n\x00\x00\x00\x00\x00\x00\x00\x00\x00', 'r1_equipment_status': '0', 'fail_code': '0', 'recerve': '10', 'prod_num': 19, 'r1_rob_no': '0', 'r1_weld_line_no': '0', 'r1_electric': '0.0', 'r1_voltage': '0.0', 'r1_speed': '0.0', 'r1_job': '0', 'r2_rob_no': '0', 'r2_weld_line_no': '0', 'r2_electric': '0.0', 'r2_voltage': '0.0', 'r2_speed': '0.0', 'r2_job': '0', 'replace_status': '0', 'part_status': '0', 'r1_protective_gas': '0', 'r1_welding_wire': '0', 'r2_protective_gas': '0', 'r2_welding_wire': '0', 'login_id': '\n\x00\x00\x00\x00\x00\x00\x00\x00\x00', 'login_password': '\n\x00\x00\x00\x00\x00\x00\x00\x00\x00'}
2021-03-02  14:58:02 Tue root INFO ('\n\x00\x00\x00\x00\x00\x00\x00\x00\x00', '0', '0', 19, '0', '0', '0.0', '0.0', '0.0', '0', '0', '0', '0.0', '0.0', '0.0', '0', '0', '0', '0', '0', '0', '\n\x00\x00\x00\x00\x00\x00\x00\x00\x00', '\n\x00\x00\x00\x00\x00\x00\x00\x00\x00', '0', '10', '2021-03-02 14:58:02')
2021-03-02  14:58:02 Tue root INFO 成功添加数据
2021-03-02  14:59:02 Tue root INFO plc连接状态:[1, 1, 1, 1, 1, 1]
2021-03-02  14:59:02 Tue root INFO mes_plc
2021-03-02  14:59:02 Tue root INFO 读取插入数据库数据：{'product_type': '\n\x07250 YDG\x00', 'r1_equipment_status': '7315', 'fail_code': '0', 'recerve': '0', 'prod_num': 44, 'r1_rob_no': '4', 'r1_weld_line_no': '0', 'r1_electric': '182.4652862548828', 'r1_voltage': '13.284866333007812', 'r1_speed': '0.0', 'r1_job': '0', 'r2_rob_no': '104', 'r2_weld_line_no': '0', 'r2_electric': '0.0', 'r2_voltage': '0.0', 'r2_speed': '0.0', 'r2_job': '0', 'replace_status': '0', 'part_status': '0', 'r1_protective_gas': '0', 'r1_welding_wire': '0', 'r2_protective_gas': '0', 'r2_welding_wire': '0', 'login_id': '\n\x00\x00\x00\x00\x00\x00\x00\x00\x00', 'login_password': '\n\x00\x00\x00\x00\x00\x00\x00\x00\x00'}
2021-03-02  14:59:02 Tue root INFO ('\n\x07250 YDG\x00', '7315', '0', 44, '4', '0', '182.4652862548828', '13.284866333007812', '0.0', '0', '104', '0', '0.0', '0.0', '0.0', '0', '0', '0', '0', '0', '0', '\n\x00\x00\x00\x00\x00\x00\x00\x00\x00', '\n\x00\x00\x00\x00\x00\x00\x00\x00\x00', '0', '0', '2021-03-02 14:59:02')
2021-03-02  14:59:02 Tue root INFO 成功添加数据
2021-03-02  14:59:02 Tue root INFO mes_plc_r2
2021-03-02  14:59:03 Tue root INFO 读取插入数据库数据：{'product_type': '\n\x07250 TJ1\x00', 'r1_equipment_status': '5267', 'fail_code': '48', 'recerve': '0', 'prod_num': 242, 'r1_rob_no': '4', 'r1_weld_line_no': '0', 'r1_electric': '181.65509033203125', 'r1_voltage': '13.132956504821777', 'r1_speed': '0.0', 'r1_job': '0', 'r2_rob_no': '104', 'r2_weld_line_no': '0', 'r2_electric': '0.0', 'r2_voltage': '0.0', 'r2_speed': '0.0', 'r2_job': '0', 'replace_status': '0', 'part_status': '0', 'r1_protective_gas': '610', 'r1_welding_wire': '0', 'r2_protective_gas': '0', 'r2_welding_wire': '0', 'login_id': '\n\x00\x00\x00\x00\x00\x00\x00\x00\x00', 'login_password': '\n\x00\x00\x00\x00\x00\x00\x00\x00\x00'}
2021-03-02  14:59:03 Tue root INFO ('\n\x07250 TJ1\x00', '5267', '48', 242, '4', '0', '181.65509033203125', '13.132956504821777', '0.0', '0', '104', '0', '0.0', '0.0', '0.0', '0', '0', '610', '0', '0', '0', '\n\x00\x00\x00\x00\x00\x00\x00\x00\x00', '\n\x00\x00\x00\x00\x00\x00\x00\x00\x00', '0', '0', '2021-03-02 14:59:03')
2021-03-02  14:59:03 Tue root INFO 成功添加数据
2021-03-02  14:59:03 Tue root INFO mes_plc_r3
2021-03-02  14:59:03 Tue root INFO 读取插入数据库数据：{'product_type': '\n\x07250 TJ3\x00', 'r1_equipment_status': '7315', 'fail_code': '48', 'recerve': '0', 'prod_num': 246, 'r1_rob_no': '4', 'r1_weld_line_no': '0', 'r1_electric': '183.89756774902344', 'r1_voltage': '13.838252067565918', 'r1_speed': '0.0', 'r1_job': '0', 'r2_rob_no': '104', 'r2_weld_line_no': '0', 'r2_electric': '0.0', 'r2_voltage': '0.0', 'r2_speed': '0.0', 'r2_job': '0', 'replace_status': '0', 'part_status': '0', 'r1_protective_gas': '518', 'r1_welding_wire': '0', 'r2_protective_gas': '0', 'r2_welding_wire': '0', 'login_id': '\n\x00\x00\x00\x00\x00\x00\x00\x00\x00', 'login_password': '\n\x00\x00\x00\x00\x00\x00\x00\x00\x00'}
2021-03-02  14:59:03 Tue root INFO ('\n\x07250 TJ3\x00', '7315', '48', 246, '4', '0', '183.89756774902344', '13.838252067565918', '0.0', '0', '104', '0', '0.0', '0.0', '0.0', '0', '0', '518', '0', '0', '0', '\n\x00\x00\x00\x00\x00\x00\x00\x00\x00', '\n\x00\x00\x00\x00\x00\x00\x00\x00\x00', '0', '0', '2021-03-02 14:59:03')
2021-03-02  14:59:03 Tue root INFO 成功添加数据
2021-03-02  14:59:03 Tue root INFO mes_plc_r4
2021-03-02  14:59:03 Tue root INFO 读取插入数据库数据：{'product_type': '\n\x07250 PCB\x00', 'r1_equipment_status': '7315', 'fail_code': '0', 'recerve': '0', 'prod_num': 19, 'r1_rob_no': '4', 'r1_weld_line_no': '0', 'r1_electric': '183.05845642089844', 'r1_voltage': '13.169126510620117', 'r1_speed': '0.0', 'r1_job': '0', 'r2_rob_no': '104', 'r2_weld_line_no': '0', 'r2_electric': '0.0', 'r2_voltage': '0.0', 'r2_speed': '0.0', 'r2_job': '0', 'replace_status': '0', 'part_status': '0', 'r1_protective_gas': '1408', 'r1_welding_wire': '0', 'r2_protective_gas': '0', 'r2_welding_wire': '0', 'login_id': '\n\x00\x00\x00\x00\x00\x00\x00\x00\x00', 'login_password': '\n\x00\x00\x00\x00\x00\x00\x00\x00\x00'}
2021-03-02  14:59:03 Tue root INFO ('\n\x07250 PCB\x00', '7315', '0', 19, '4', '0', '183.05845642089844', '13.169126510620117', '0.0', '0', '104', '0', '0.0', '0.0', '0.0', '0', '0', '1408', '0', '0', '0', '\n\x00\x00\x00\x00\x00\x00\x00\x00\x00', '\n\x00\x00\x00\x00\x00\x00\x00\x00\x00', '0', '0', '2021-03-02 14:59:03')
2021-03-02  14:59:03 Tue root INFO 成功添加数据
2021-03-02  14:59:03 Tue root INFO mes_plc_r5
2021-03-02  14:59:04 Tue root INFO 读取插入数据库数据：{'product_type': '\n\x00\x00\x00\x00\x00\x00\x00\x00\x00', 'r1_equipment_status': '6162', 'fail_code': '0', 'recerve': '0', 'prod_num': 0, 'r1_rob_no': '0', 'r1_weld_line_no': '0', 'r1_electric': '179.91897583007812', 'r1_voltage': '13.46571159362793', 'r1_speed': '0.0', 'r1_job': '0', 'r2_rob_no': '0', 'r2_weld_line_no': '0', 'r2_electric': '179.3258056640625', 'r2_voltage': '13.422308921813965', 'r2_speed': '0.0', 'r2_job': '0', 'replace_status': '0', 'part_status': '0', 'r1_protective_gas': '0', 'r1_welding_wire': '0', 'r2_protective_gas': '0', 'r2_welding_wire': '0', 'login_id': '\n\x00\x00\x00\x00\x00\x00\x00\x00\x00', 'login_password': '\n\x00\x00\x00\x00\x00\x00\x00\x00\x00'}
2021-03-02  14:59:04 Tue root INFO ('\n\x00\x00\x00\x00\x00\x00\x00\x00\x00', '6162', '0', 0, '0', '0', '179.91897583007812', '13.46571159362793', '0.0', '0', '0', '0', '179.3258056640625', '13.422308921813965', '0.0', '0', '0', '0', '0', '0', '0', '\n\x00\x00\x00\x00\x00\x00\x00\x00\x00', '\n\x00\x00\x00\x00\x00\x00\x00\x00\x00', '0', '0', '2021-03-02 14:59:04')
2021-03-02  14:59:04 Tue root INFO 成功添加数据
2021-03-02  14:59:04 Tue root INFO mes_plc_r6
2021-03-02  14:59:04 Tue root INFO 读取插入数据库数据：{'product_type': '\n\x00\x00\x00\x00\x00\x00\x00\x00\x00', 'r1_equipment_status': '0', 'fail_code': '0', 'recerve': '10', 'prod_num': 19, 'r1_rob_no': '0', 'r1_weld_line_no': '0', 'r1_electric': '0.0', 'r1_voltage': '0.0', 'r1_speed': '0.0', 'r1_job': '0', 'r2_rob_no': '0', 'r2_weld_line_no': '0', 'r2_electric': '0.0', 'r2_voltage': '0.0', 'r2_speed': '0.0', 'r2_job': '0', 'replace_status': '0', 'part_status': '0', 'r1_protective_gas': '0', 'r1_welding_wire': '0', 'r2_protective_gas': '0', 'r2_welding_wire': '0', 'login_id': '\n\x00\x00\x00\x00\x00\x00\x00\x00\x00', 'login_password': '\n\x00\x00\x00\x00\x00\x00\x00\x00\x00'}
2021-03-02  14:59:04 Tue root INFO ('\n\x00\x00\x00\x00\x00\x00\x00\x00\x00', '0', '0', 19, '0', '0', '0.0', '0.0', '0.0', '0', '0', '0', '0.0', '0.0', '0.0', '0', '0', '0', '0', '0', '0', '\n\x00\x00\x00\x00\x00\x00\x00\x00\x00', '\n\x00\x00\x00\x00\x00\x00\x00\x00\x00', '0', '10', '2021-03-02 14:59:04')
2021-03-02  14:59:04 Tue root INFO 成功添加数据
2021-03-02  15:00:04 Tue root INFO plc连接状态:[1, 1, 1, 1, 1, 1]
2021-03-02  15:00:04 Tue root INFO mes_plc
2021-03-02  15:00:05 Tue root INFO 读取插入数据库数据：{'product_type': '\n\x07250 YDG\x00', 'r1_equipment_status': '7315', 'fail_code': '0', 'recerve': '0', 'prod_num': 44, 'r1_rob_no': '4', 'r1_weld_line_no': '0', 'r1_electric': '182.4652862548828', 'r1_voltage': '13.28125', 'r1_speed': '0.0', 'r1_job': '0', 'r2_rob_no': '104', 'r2_weld_line_no': '0', 'r2_electric': '0.0', 'r2_voltage': '0.0', 'r2_speed': '0.0', 'r2_job': '0', 'replace_status': '0', 'part_status': '0', 'r1_protective_gas': '0', 'r1_welding_wire': '0', 'r2_protective_gas': '0', 'r2_welding_wire': '0', 'login_id': '\n\x00\x00\x00\x00\x00\x00\x00\x00\x00', 'login_password': '\n\x00\x00\x00\x00\x00\x00\x00\x00\x00'}
2021-03-02  15:00:05 Tue root INFO ('\n\x07250 YDG\x00', '7315', '0', 44, '4', '0', '182.4652862548828', '13.28125', '0.0', '0', '104', '0', '0.0', '0.0', '0.0', '0', '0', '0', '0', '0', '0', '\n\x00\x00\x00\x00\x00\x00\x00\x00\x00', '\n\x00\x00\x00\x00\x00\x00\x00\x00\x00', '0', '0', '2021-03-02 15:00:05')
2021-03-02  15:00:05 Tue root INFO 成功添加数据
2021-03-02  15:00:05 Tue root INFO mes_plc_r2
2021-03-02  15:00:05 Tue root INFO 读取插入数据库数据：{'product_type': '\n\x07250 TJ1\x00', 'r1_equipment_status': '5267', 'fail_code': '48', 'recerve': '0', 'prod_num': 242, 'r1_rob_no': '4', 'r1_weld_line_no': '0', 'r1_electric': '181.5972137451172', 'r1_voltage': '13.132956504821777', 'r1_speed': '0.0', 'r1_job': '0', 'r2_rob_no': '104', 'r2_weld_line_no': '0', 'r2_electric': '0.0', 'r2_voltage': '0.0', 'r2_speed': '0.0', 'r2_job': '0', 'replace_status': '0', 'part_status': '0', 'r1_protective_gas': '610', 'r1_welding_wire': '0', 'r2_protective_gas': '0', 'r2_welding_wire': '0', 'login_id': '\n\x00\x00\x00\x00\x00\x00\x00\x00\x00', 'login_password': '\n\x00\x00\x00\x00\x00\x00\x00\x00\x00'}
2021-03-02  15:00:05 Tue root INFO ('\n\x07250 TJ1\x00', '5267', '48', 242, '4', '0', '181.5972137451172', '13.132956504821777', '0.0', '0', '104', '0', '0.0', '0.0', '0.0', '0', '0', '610', '0', '0', '0', '\n\x00\x00\x00\x00\x00\x00\x00\x00\x00', '\n\x00\x00\x00\x00\x00\x00\x00\x00\x00', '0', '0', '2021-03-02 15:00:05')
2021-03-02  15:00:05 Tue root INFO 成功添加数据
2021-03-02  15:00:05 Tue root INFO mes_plc_r3
2021-03-02  15:00:05 Tue root INFO 读取插入数据库数据：{'product_type': '\n\x07250 TJ3\x00', 'r1_equipment_status': '7315', 'fail_code': '48', 'recerve': '0', 'prod_num': 246, 'r1_rob_no': '4', 'r1_weld_line_no': '0', 'r1_electric': '183.96990966796875', 'r1_voltage': '13.827401161193848', 'r1_speed': '0.0', 'r1_job': '0', 'r2_rob_no': '104', 'r2_weld_line_no': '0', 'r2_electric': '0.0', 'r2_voltage': '0.0', 'r2_speed': '0.0', 'r2_job': '0', 'replace_status': '0', 'part_status': '0', 'r1_protective_gas': '518', 'r1_welding_wire': '0', 'r2_protective_gas': '0', 'r2_welding_wire': '0', 'login_id': '\n\x00\x00\x00\x00\x00\x00\x00\x00\x00', 'login_password': '\n\x00\x00\x00\x00\x00\x00\x00\x00\x00'}
2021-03-02  15:00:05 Tue root INFO ('\n\x07250 TJ3\x00', '7315', '48', 246, '4', '0', '183.96990966796875', '13.827401161193848', '0.0', '0', '104', '0', '0.0', '0.0', '0.0', '0', '0', '518', '0', '0', '0', '\n\x00\x00\x00\x00\x00\x00\x00\x00\x00', '\n\x00\x00\x00\x00\x00\x00\x00\x00\x00', '0', '0', '2021-03-02 15:00:05')
2021-03-02  15:00:05 Tue root INFO 成功添加数据
2021-03-02  15:00:05 Tue root INFO mes_plc_r4
2021-03-02  15:00:06 Tue root INFO 读取插入数据库数据：{'product_type': '\n\x07250 PCB\x00', 'r1_equipment_status': '7233', 'fail_code': '0', 'recerve': '0', 'prod_num': 19, 'r1_rob_no': '4', 'r1_weld_line_no': '0', 'r1_electric': '183.18865966796875', 'r1_voltage': '12.79296875', 'r1_speed': '0.0', 'r1_job': '0', 'r2_rob_no': '104', 'r2_weld_line_no': '0', 'r2_electric': '0.0', 'r2_voltage': '0.0', 'r2_speed': '0.0', 'r2_job': '0', 'replace_status': '0', 'part_status': '0', 'r1_protective_gas': '1427', 'r1_welding_wire': '0', 'r2_protective_gas': '0', 'r2_welding_wire': '0', 'login_id': '\n\x00\x00\x00\x00\x00\x00\x00\x00\x00', 'login_password': '\n\x00\x00\x00\x00\x00\x00\x00\x00\x00'}
2021-03-02  15:00:06 Tue root INFO ('\n\x07250 PCB\x00', '7233', '0', 19, '4', '0', '183.18865966796875', '12.79296875', '0.0', '0', '104', '0', '0.0', '0.0', '0.0', '0', '0', '1427', '0', '0', '0', '\n\x00\x00\x00\x00\x00\x00\x00\x00\x00', '\n\x00\x00\x00\x00\x00\x00\x00\x00\x00', '0', '0', '2021-03-02 15:00:06')
2021-03-02  15:00:06 Tue root INFO 成功添加数据
2021-03-02  15:00:06 Tue root INFO mes_plc_r5
2021-03-02  15:00:06 Tue root INFO 读取插入数据库数据：{'product_type': '\n\x00\x00\x00\x00\x00\x00\x00\x00\x00', 'r1_equipment_status': '6162', 'fail_code': '0', 'recerve': '0', 'prod_num': 0, 'r1_rob_no': '0', 'r1_weld_line_no': '0', 'r1_electric': '179.91897583007812', 'r1_voltage': '13.425925254821777', 'r1_speed': '0.0', 'r1_job': '0', 'r2_rob_no': '0', 'r2_weld_line_no': '0', 'r2_electric': '179.3981475830078', 'r2_voltage': '13.407841682434082', 'r2_speed': '0.0', 'r2_job': '0', 'replace_status': '0', 'part_status': '0', 'r1_protective_gas': '0', 'r1_welding_wire': '0', 'r2_protective_gas': '0', 'r2_welding_wire': '0', 'login_id': '\n\x00\x00\x00\x00\x00\x00\x00\x00\x00', 'login_password': '\n\x00\x00\x00\x00\x00\x00\x00\x00\x00'}
2021-03-02  15:00:06 Tue root INFO ('\n\x00\x00\x00\x00\x00\x00\x00\x00\x00', '6162', '0', 0, '0', '0', '179.91897583007812', '13.425925254821777', '0.0', '0', '0', '0', '179.3981475830078', '13.407841682434082', '0.0', '0', '0', '0', '0', '0', '0', '\n\x00\x00\x00\x00\x00\x00\x00\x00\x00', '\n\x00\x00\x00\x00\x00\x00\x00\x00\x00', '0', '0', '2021-03-02 15:00:06')
2021-03-02  15:00:06 Tue root INFO 成功添加数据
2021-03-02  15:00:06 Tue root INFO mes_plc_r6
2021-03-02  15:00:07 Tue root INFO 读取插入数据库数据：{'product_type': '\n\x00\x00\x00\x00\x00\x00\x00\x00\x00', 'r1_equipment_status': '0', 'fail_code': '0', 'recerve': '10', 'prod_num': 19, 'r1_rob_no': '0', 'r1_weld_line_no': '0', 'r1_electric': '0.0', 'r1_voltage': '0.0', 'r1_speed': '0.0', 'r1_job': '0', 'r2_rob_no': '0', 'r2_weld_line_no': '0', 'r2_electric': '0.0', 'r2_voltage': '0.0', 'r2_speed': '0.0', 'r2_job': '0', 'replace_status': '0', 'part_status': '0', 'r1_protective_gas': '0', 'r1_welding_wire': '0', 'r2_protective_gas': '0', 'r2_welding_wire': '0', 'login_id': '\n\x00\x00\x00\x00\x00\x00\x00\x00\x00', 'login_password': '\n\x00\x00\x00\x00\x00\x00\x00\x00\x00'}
2021-03-02  15:00:07 Tue root INFO ('\n\x00\x00\x00\x00\x00\x00\x00\x00\x00', '0', '0', 19, '0', '0', '0.0', '0.0', '0.0', '0', '0', '0', '0.0', '0.0', '0.0', '0', '0', '0', '0', '0', '0', '\n\x00\x00\x00\x00\x00\x00\x00\x00\x00', '\n\x00\x00\x00\x00\x00\x00\x00\x00\x00', '0', '10', '2021-03-02 15:00:07')
2021-03-02  15:00:07 Tue root INFO 成功添加数据
2021-03-02  15:01:07 Tue root INFO plc连接状态:[1, 1, 1, 1, 1, 1]
2021-03-02  15:01:07 Tue root INFO mes_plc
2021-03-02  15:01:07 Tue root INFO 读取插入数据库数据：{'product_type': '\n\x07250 YDG\x00', 'r1_equipment_status': '7315', 'fail_code': '0', 'recerve': '0', 'prod_num': 44, 'r1_rob_no': '4', 'r1_weld_line_no': '0', 'r1_electric': '182.4508056640625', 'r1_voltage': '13.28125', 'r1_speed': '0.0', 'r1_job': '0', 'r2_rob_no': '104', 'r2_weld_line_no': '0', 'r2_electric': '0.0', 'r2_voltage': '0.0', 'r2_speed': '0.0', 'r2_job': '0', 'replace_status': '0', 'part_status': '0', 'r1_protective_gas': '0', 'r1_welding_wire': '0', 'r2_protective_gas': '0', 'r2_welding_wire': '0', 'login_id': '\n\x00\x00\x00\x00\x00\x00\x00\x00\x00', 'login_password': '\n\x00\x00\x00\x00\x00\x00\x00\x00\x00'}
2021-03-02  15:01:07 Tue root INFO ('\n\x07250 YDG\x00', '7315', '0', 44, '4', '0', '182.4508056640625', '13.28125', '0.0', '0', '104', '0', '0.0', '0.0', '0.0', '0', '0', '0', '0', '0', '0', '\n\x00\x00\x00\x00\x00\x00\x00\x00\x00', '\n\x00\x00\x00\x00\x00\x00\x00\x00\x00', '0', '0', '2021-03-02 15:01:07')
2021-03-02  15:01:07 Tue root INFO 成功添加数据
2021-03-02  15:01:07 Tue root INFO mes_plc_r2
2021-03-02  15:01:07 Tue root INFO 读取插入数据库数据：{'product_type': '\n\x07250 TJ1\x00', 'r1_equipment_status': '5267', 'fail_code': '48', 'recerve': '0', 'prod_num': 242, 'r1_rob_no': '4', 'r1_weld_line_no': '0', 'r1_electric': '181.640625', 'r1_voltage': '13.129340171813965', 'r1_speed': '0.0', 'r1_job': '0', 'r2_rob_no': '104', 'r2_weld_line_no': '0', 'r2_electric': '0.0', 'r2_voltage': '0.0', 'r2_speed': '0.0', 'r2_job': '0', 'replace_status': '0', 'part_status': '0', 'r1_protective_gas': '610', 'r1_welding_wire': '0', 'r2_protective_gas': '0', 'r2_welding_wire': '0', 'login_id': '\n\x00\x00\x00\x00\x00\x00\x00\x00\x00', 'login_password': '\n\x00\x00\x00\x00\x00\x00\x00\x00\x00'}
2021-03-02  15:01:07 Tue root INFO ('\n\x07250 TJ1\x00', '5267', '48', 242, '4', '0', '181.640625', '13.129340171813965', '0.0', '0', '104', '0', '0.0', '0.0', '0.0', '0', '0', '610', '0', '0', '0', '\n\x00\x00\x00\x00\x00\x00\x00\x00\x00', '\n\x00\x00\x00\x00\x00\x00\x00\x00\x00', '0', '0', '2021-03-02 15:01:07')
2021-03-02  15:01:07 Tue root INFO 成功添加数据
2021-03-02  15:01:07 Tue root INFO mes_plc_r3
2021-03-02  15:01:08 Tue root INFO 读取插入数据库数据：{'product_type': '\n\x07250 TJ3\x00', 'r1_equipment_status': '7315', 'fail_code': '48', 'recerve': '0', 'prod_num': 246, 'r1_rob_no': '4', 'r1_weld_line_no': '0', 'r1_electric': '183.99884033203125', 'r1_voltage': '13.827401161193848', 'r1_speed': '0.0', 'r1_job': '0', 'r2_rob_no': '104', 'r2_weld_line_no': '0', 'r2_electric': '0.0', 'r2_voltage': '0.0', 'r2_speed': '0.0', 'r2_job': '0', 'replace_status': '0', 'part_status': '0', 'r1_protective_gas': '518', 'r1_welding_wire': '0', 'r2_protective_gas': '0', 'r2_welding_wire': '0', 'login_id': '\n\x00\x00\x00\x00\x00\x00\x00\x00\x00', 'login_password': '\n\x00\x00\x00\x00\x00\x00\x00\x00\x00'}
2021-03-02  15:01:08 Tue root INFO ('\n\x07250 TJ3\x00', '7315', '48', 246, '4', '0', '183.99884033203125', '13.827401161193848', '0.0', '0', '104', '0', '0.0', '0.0', '0.0', '0', '0', '518', '0', '0', '0', '\n\x00\x00\x00\x00\x00\x00\x00\x00\x00', '\n\x00\x00\x00\x00\x00\x00\x00\x00\x00', '0', '0', '2021-03-02 15:01:08')
2021-03-02  15:01:08 Tue root INFO 成功添加数据
2021-03-02  15:01:08 Tue root INFO mes_plc_r4
2021-03-02  15:01:08 Tue root INFO 读取插入数据库数据：{'product_type': '\n\x07250 PCB\x00', 'r1_equipment_status': '7315', 'fail_code': '0', 'recerve': '0', 'prod_num': 19, 'r1_rob_no': '4', 'r1_weld_line_no': '0', 'r1_electric': '183.05845642089844', 'r1_voltage': '13.20529556274414', 'r1_speed': '0.0', 'r1_job': '0', 'r2_rob_no': '104', 'r2_weld_line_no': '0', 'r2_electric': '0.0', 'r2_voltage': '0.0', 'r2_speed': '0.0', 'r2_job': '0', 'replace_status': '0', 'part_status': '0', 'r1_protective_gas': '1452', 'r1_welding_wire': '0', 'r2_protective_gas': '0', 'r2_welding_wire': '0', 'login_id': '\n\x00\x00\x00\x00\x00\x00\x00\x00\x00', 'login_password': '\n\x00\x00\x00\x00\x00\x00\x00\x00\x00'}
2021-03-02  15:01:08 Tue root INFO ('\n\x07250 PCB\x00', '7315', '0', 19, '4', '0', '183.05845642089844', '13.20529556274414', '0.0', '0', '104', '0', '0.0', '0.0', '0.0', '0', '0', '1452', '0', '0', '0', '\n\x00\x00\x00\x00\x00\x00\x00\x00\x00', '\n\x00\x00\x00\x00\x00\x00\x00\x00\x00', '0', '0', '2021-03-02 15:01:08')
2021-03-02  15:01:08 Tue root INFO 成功添加数据
2021-03-02  15:01:08 Tue root INFO mes_plc_r5
2021-03-02  15:01:08 Tue root INFO 读取插入数据库数据：{'product_type': '\n\x00\x00\x00\x00\x00\x00\x00\x00\x00', 'r1_equipment_status': '6162', 'fail_code': '0', 'recerve': '0', 'prod_num': 0, 'r1_rob_no': '0', 'r1_weld_line_no': '0', 'r1_electric': '179.90451049804688', 'r1_voltage': '13.46571159362793', 'r1_speed': '0.0', 'r1_job': '0', 'r2_rob_no': '0', 'r2_weld_line_no': '0', 'r2_electric': '179.3402862548828', 'r2_voltage': '13.411458015441895', 'r2_speed': '0.0', 'r2_job': '0', 'replace_status': '0', 'part_status': '0', 'r1_protective_gas': '0', 'r1_welding_wire': '0', 'r2_protective_gas': '0', 'r2_welding_wire': '0', 'login_id': '\n\x00\x00\x00\x00\x00\x00\x00\x00\x00', 'login_password': '\n\x00\x00\x00\x00\x00\x00\x00\x00\x00'}
2021-03-02  15:01:08 Tue root INFO ('\n\x00\x00\x00\x00\x00\x00\x00\x00\x00', '6162', '0', 0, '0', '0', '179.90451049804688', '13.46571159362793', '0.0', '0', '0', '0', '179.3402862548828', '13.411458015441895', '0.0', '0', '0', '0', '0', '0', '0', '\n\x00\x00\x00\x00\x00\x00\x00\x00\x00', '\n\x00\x00\x00\x00\x00\x00\x00\x00\x00', '0', '0', '2021-03-02 15:01:08')
2021-03-02  15:01:09 Tue root INFO 成功添加数据
2021-03-02  15:01:09 Tue root INFO mes_plc_r6
2021-03-02  15:01:09 Tue root INFO 读取插入数据库数据：{'product_type': '\n\x00\x00\x00\x00\x00\x00\x00\x00\x00', 'r1_equipment_status': '0', 'fail_code': '0', 'recerve': '10', 'prod_num': 19, 'r1_rob_no': '0', 'r1_weld_line_no': '0', 'r1_electric': '0.0', 'r1_voltage': '0.0', 'r1_speed': '0.0', 'r1_job': '0', 'r2_rob_no': '0', 'r2_weld_line_no': '0', 'r2_electric': '0.0', 'r2_voltage': '0.0', 'r2_speed': '0.0', 'r2_job': '0', 'replace_status': '0', 'part_status': '0', 'r1_protective_gas': '0', 'r1_welding_wire': '0', 'r2_protective_gas': '0', 'r2_welding_wire': '0', 'login_id': '\n\x00\x00\x00\x00\x00\x00\x00\x00\x00', 'login_password': '\n\x00\x00\x00\x00\x00\x00\x00\x00\x00'}
2021-03-02  15:01:09 Tue root INFO ('\n\x00\x00\x00\x00\x00\x00\x00\x00\x00', '0', '0', 19, '0', '0', '0.0', '0.0', '0.0', '0', '0', '0', '0.0', '0.0', '0.0', '0', '0', '0', '0', '0', '0', '\n\x00\x00\x00\x00\x00\x00\x00\x00\x00', '\n\x00\x00\x00\x00\x00\x00\x00\x00\x00', '0', '10', '2021-03-02 15:01:09')
2021-03-02  15:01:09 Tue root INFO 成功添加数据
2021-03-02  15:02:09 Tue root INFO plc连接状态:[1, 1, 1, 1, 1, 1]
2021-03-02  15:02:09 Tue root INFO mes_plc
2021-03-02  15:02:09 Tue root INFO 读取插入数据库数据：{'product_type': '\n\x07250 YDG\x00', 'r1_equipment_status': '7315', 'fail_code': '0', 'recerve': '0', 'prod_num': 44, 'r1_rob_no': '4', 'r1_weld_line_no': '0', 'r1_electric': '182.4508056640625', 'r1_voltage': '13.295717239379883', 'r1_speed': '0.0', 'r1_job': '0', 'r2_rob_no': '104', 'r2_weld_line_no': '0', 'r2_electric': '0.0', 'r2_voltage': '0.0', 'r2_speed': '0.0', 'r2_job': '0', 'replace_status': '0', 'part_status': '0', 'r1_protective_gas': '0', 'r1_welding_wire': '0', 'r2_protective_gas': '0', 'r2_welding_wire': '0', 'login_id': '\n\x00\x00\x00\x00\x00\x00\x00\x00\x00', 'login_password': '\n\x00\x00\x00\x00\x00\x00\x00\x00\x00'}
2021-03-02  15:02:09 Tue root INFO ('\n\x07250 YDG\x00', '7315', '0', 44, '4', '0', '182.4508056640625', '13.295717239379883', '0.0', '0', '104', '0', '0.0', '0.0', '0.0', '0', '0', '0', '0', '0', '0', '\n\x00\x00\x00\x00\x00\x00\x00\x00\x00', '\n\x00\x00\x00\x00\x00\x00\x00\x00\x00', '0', '0', '2021-03-02 15:02:09')
2021-03-02  15:02:09 Tue root INFO 成功添加数据
2021-03-02  15:02:09 Tue root INFO mes_plc_r2
2021-03-02  15:02:10 Tue root INFO 读取插入数据库数据：{'product_type': '\n\x07250 TJ1\x00', 'r1_equipment_status': '5267', 'fail_code': '48', 'recerve': '0', 'prod_num': 242, 'r1_rob_no': '4', 'r1_weld_line_no': '0', 'r1_electric': '181.6116943359375', 'r1_voltage': '13.118489265441895', 'r1_speed': '0.0', 'r1_job': '0', 'r2_rob_no': '104', 'r2_weld_line_no': '0', 'r2_electric': '0.0', 'r2_voltage': '0.0', 'r2_speed': '0.0', 'r2_job': '0', 'replace_status': '0', 'part_status': '0', 'r1_protective_gas': '610', 'r1_welding_wire': '0', 'r2_protective_gas': '0', 'r2_welding_wire': '0', 'login_id': '\n\x00\x00\x00\x00\x00\x00\x00\x00\x00', 'login_password': '\n\x00\x00\x00\x00\x00\x00\x00\x00\x00'}
2021-03-02  15:02:10 Tue root INFO ('\n\x07250 TJ1\x00', '5267', '48', 242, '4', '0', '181.6116943359375', '13.118489265441895', '0.0', '0', '104', '0', '0.0', '0.0', '0.0', '0', '0', '610', '0', '0', '0', '\n\x00\x00\x00\x00\x00\x00\x00\x00\x00', '\n\x00\x00\x00\x00\x00\x00\x00\x00\x00', '0', '0', '2021-03-02 15:02:10')
2021-03-02  15:02:10 Tue root INFO 成功添加数据
2021-03-02  15:02:10 Tue root INFO mes_plc_r3
2021-03-02  15:02:10 Tue root INFO 读取插入数据库数据：{'product_type': '\n\x07250 TJ3\x00', 'r1_equipment_status': '7233', 'fail_code': '48', 'recerve': '0', 'prod_num': 247, 'r1_rob_no': '4', 'r1_weld_line_no': '0', 'r1_electric': '184.07118225097656', 'r1_voltage': '-4.123263835906982', 'r1_speed': '0.0', 'r1_job': '0', 'r2_rob_no': '104', 'r2_weld_line_no': '0', 'r2_electric': '0.0', 'r2_voltage': '0.0', 'r2_speed': '0.0', 'r2_job': '0', 'replace_status': '0', 'part_status': '0', 'r1_protective_gas': '523', 'r1_welding_wire': '0', 'r2_protective_gas': '0', 'r2_welding_wire': '0', 'login_id': '\n\x00\x00\x00\x00\x00\x00\x00\x00\x00', 'login_password': '\n\x00\x00\x00\x00\x00\x00\x00\x00\x00'}
2021-03-02  15:02:10 Tue root INFO ('\n\x07250 TJ3\x00', '7233', '48', 247, '4', '0', '184.07118225097656', '-4.123263835906982', '0.0', '0', '104', '0', '0.0', '0.0', '0.0', '0', '0', '523', '0', '0', '0', '\n\x00\x00\x00\x00\x00\x00\x00\x00\x00', '\n\x00\x00\x00\x00\x00\x00\x00\x00\x00', '0', '0', '2021-03-02 15:02:10')
2021-03-02  15:02:10 Tue root INFO 成功添加数据
2021-03-02  15:02:10 Tue root INFO mes_plc_r4
2021-03-02  15:02:10 Tue root INFO 读取插入数据库数据：{'product_type': '\n\x07250 PCB\x00', 'r1_equipment_status': '7315', 'fail_code': '0', 'recerve': '0', 'prod_num': 19, 'r1_rob_no': '4', 'r1_weld_line_no': '0', 'r1_electric': '183.05845642089844', 'r1_voltage': '13.169126510620117', 'r1_speed': '0.0', 'r1_job': '0', 'r2_rob_no': '104', 'r2_weld_line_no': '0', 'r2_electric': '0.0', 'r2_voltage': '0.0', 'r2_speed': '0.0', 'r2_job': '0', 'replace_status': '0', 'part_status': '0', 'r1_protective_gas': '1452', 'r1_welding_wire': '0', 'r2_protective_gas': '0', 'r2_welding_wire': '0', 'login_id': '\n\x00\x00\x00\x00\x00\x00\x00\x00\x00', 'login_password': '\n\x00\x00\x00\x00\x00\x00\x00\x00\x00'}
2021-03-02  15:02:10 Tue root INFO ('\n\x07250 PCB\x00', '7315', '0', 19, '4', '0', '183.05845642089844', '13.169126510620117', '0.0', '0', '104', '0', '0.0', '0.0', '0.0', '0', '0', '1452', '0', '0', '0', '\n\x00\x00\x00\x00\x00\x00\x00\x00\x00', '\n\x00\x00\x00\x00\x00\x00\x00\x00\x00', '0', '0', '2021-03-02 15:02:10')
2021-03-02  15:02:10 Tue root INFO 成功添加数据
2021-03-02  15:02:10 Tue root INFO mes_plc_r5
2021-03-02  15:02:11 Tue root INFO 读取插入数据库数据：{'product_type': '\n\x00\x00\x00\x00\x00\x00\x00\x00\x00', 'r1_equipment_status': '6162', 'fail_code': '0', 'recerve': '0', 'prod_num': 0, 'r1_rob_no': '0', 'r1_weld_line_no': '0', 'r1_electric': '179.90451049804688', 'r1_voltage': '13.46571159362793', 'r1_speed': '0.0', 'r1_job': '0', 'r2_rob_no': '0', 'r2_weld_line_no': '0', 'r2_electric': '179.3692169189453', 'r2_voltage': '13.407841682434082', 'r2_speed': '0.0', 'r2_job': '0', 'replace_status': '0', 'part_status': '0', 'r1_protective_gas': '0', 'r1_welding_wire': '0', 'r2_protective_gas': '0', 'r2_welding_wire': '0', 'login_id': '\n\x00\x00\x00\x00\x00\x00\x00\x00\x00', 'login_password': '\n\x00\x00\x00\x00\x00\x00\x00\x00\x00'}
2021-03-02  15:02:11 Tue root INFO ('\n\x00\x00\x00\x00\x00\x00\x00\x00\x00', '6162', '0', 0, '0', '0', '179.90451049804688', '13.46571159362793', '0.0', '0', '0', '0', '179.3692169189453', '13.407841682434082', '0.0', '0', '0', '0', '0', '0', '0', '\n\x00\x00\x00\x00\x00\x00\x00\x00\x00', '\n\x00\x00\x00\x00\x00\x00\x00\x00\x00', '0', '0', '2021-03-02 15:02:11')
2021-03-02  15:02:11 Tue root INFO 成功添加数据
2021-03-02  15:02:11 Tue root INFO mes_plc_r6
2021-03-02  15:02:11 Tue root INFO 读取插入数据库数据：{'product_type': '\n\x00\x00\x00\x00\x00\x00\x00\x00\x00', 'r1_equipment_status': '0', 'fail_code': '0', 'recerve': '10', 'prod_num': 19, 'r1_rob_no': '0', 'r1_weld_line_no': '0', 'r1_electric': '0.0', 'r1_voltage': '0.0', 'r1_speed': '0.0', 'r1_job': '0', 'r2_rob_no': '0', 'r2_weld_line_no': '0', 'r2_electric': '0.0', 'r2_voltage': '0.0', 'r2_speed': '0.0', 'r2_job': '0', 'replace_status': '0', 'part_status': '0', 'r1_protective_gas': '0', 'r1_welding_wire': '0', 'r2_protective_gas': '0', 'r2_welding_wire': '0', 'login_id': '\n\x00\x00\x00\x00\x00\x00\x00\x00\x00', 'login_password': '\n\x00\x00\x00\x00\x00\x00\x00\x00\x00'}
2021-03-02  15:02:11 Tue root INFO ('\n\x00\x00\x00\x00\x00\x00\x00\x00\x00', '0', '0', 19, '0', '0', '0.0', '0.0', '0.0', '0', '0', '0', '0.0', '0.0', '0.0', '0', '0', '0', '0', '0', '0', '\n\x00\x00\x00\x00\x00\x00\x00\x00\x00', '\n\x00\x00\x00\x00\x00\x00\x00\x00\x00', '0', '10', '2021-03-02 15:02:11')
2021-03-02  15:02:11 Tue root INFO 成功添加数据
2021-03-02  15:03:11 Tue root INFO plc连接状态:[1, 1, 1, 1, 1, 1]
2021-03-02  15:03:11 Tue root INFO mes_plc
2021-03-02  15:03:12 Tue root INFO 读取插入数据库数据：{'product_type': '\n\x07250 YDG\x00', 'r1_equipment_status': '7315', 'fail_code': '0', 'recerve': '0', 'prod_num': 44, 'r1_rob_no': '4', 'r1_weld_line_no': '0', 'r1_electric': '182.43634033203125', 'r1_voltage': '13.284866333007812', 'r1_speed': '0.0', 'r1_job': '0', 'r2_rob_no': '104', 'r2_weld_line_no': '0', 'r2_electric': '0.0', 'r2_voltage': '0.0', 'r2_speed': '0.0', 'r2_job': '0', 'replace_status': '0', 'part_status': '0', 'r1_protective_gas': '0', 'r1_welding_wire': '0', 'r2_protective_gas': '0', 'r2_welding_wire': '0', 'login_id': '\n\x00\x00\x00\x00\x00\x00\x00\x00\x00', 'login_password': '\n\x00\x00\x00\x00\x00\x00\x00\x00\x00'}
2021-03-02  15:03:12 Tue root INFO ('\n\x07250 YDG\x00', '7315', '0', 44, '4', '0', '182.43634033203125', '13.284866333007812', '0.0', '0', '104', '0', '0.0', '0.0', '0.0', '0', '0', '0', '0', '0', '0', '\n\x00\x00\x00\x00\x00\x00\x00\x00\x00', '\n\x00\x00\x00\x00\x00\x00\x00\x00\x00', '0', '0', '2021-03-02 15:03:12')
2021-03-02  15:03:12 Tue root INFO 成功添加数据
2021-03-02  15:03:12 Tue root INFO mes_plc_r2
2021-03-02  15:03:12 Tue root INFO 读取插入数据库数据：{'product_type': '\n\x07250 TJ1\x00', 'r1_equipment_status': '5267', 'fail_code': '48', 'recerve': '0', 'prod_num': 242, 'r1_rob_no': '4', 'r1_weld_line_no': '0', 'r1_electric': '181.640625', 'r1_voltage': '13.129340171813965', 'r1_speed': '0.0', 'r1_job': '0', 'r2_rob_no': '104', 'r2_weld_line_no': '0', 'r2_electric': '0.0', 'r2_voltage': '0.0', 'r2_speed': '0.0', 'r2_job': '0', 'replace_status': '0', 'part_status': '0', 'r1_protective_gas': '610', 'r1_welding_wire': '0', 'r2_protective_gas': '0', 'r2_welding_wire': '0', 'login_id': '\n\x00\x00\x00\x00\x00\x00\x00\x00\x00', 'login_password': '\n\x00\x00\x00\x00\x00\x00\x00\x00\x00'}
2021-03-02  15:03:12 Tue root INFO ('\n\x07250 TJ1\x00', '5267', '48', 242, '4', '0', '181.640625', '13.129340171813965', '0.0', '0', '104', '0', '0.0', '0.0', '0.0', '0', '0', '610', '0', '0', '0', '\n\x00\x00\x00\x00\x00\x00\x00\x00\x00', '\n\x00\x00\x00\x00\x00\x00\x00\x00\x00', '0', '0', '2021-03-02 15:03:12')
2021-03-02  15:03:12 Tue root INFO 成功添加数据
2021-03-02  15:03:12 Tue root INFO mes_plc_r3
2021-03-02  15:03:12 Tue root INFO 读取插入数据库数据：{'product_type': '\n\x07250 TJ3\x00', 'r1_equipment_status': '7315', 'fail_code': '48', 'recerve': '0', 'prod_num': 247, 'r1_rob_no': '4', 'r1_weld_line_no': '0', 'r1_electric': '183.92649841308594', 'r1_voltage': '13.874422073364258', 'r1_speed': '0.0', 'r1_job': '0', 'r2_rob_no': '104', 'r2_weld_line_no': '0', 'r2_electric': '0.0', 'r2_voltage': '0.0', 'r2_speed': '0.0', 'r2_job': '0', 'replace_status': '0', 'part_status': '0', 'r1_protective_gas': '544', 'r1_welding_wire': '0', 'r2_protective_gas': '0', 'r2_welding_wire': '0', 'login_id': '\n\x00\x00\x00\x00\x00\x00\x00\x00\x00', 'login_password': '\n\x00\x00\x00\x00\x00\x00\x00\x00\x00'}
2021-03-02  15:03:12 Tue root INFO ('\n\x07250 TJ3\x00', '7315', '48', 247, '4', '0', '183.92649841308594', '13.874422073364258', '0.0', '0', '104', '0', '0.0', '0.0', '0.0', '0', '0', '544', '0', '0', '0', '\n\x00\x00\x00\x00\x00\x00\x00\x00\x00', '\n\x00\x00\x00\x00\x00\x00\x00\x00\x00', '0', '0', '2021-03-02 15:03:12')
2021-03-02  15:03:12 Tue root INFO 成功添加数据
2021-03-02  15:03:12 Tue root INFO mes_plc_r4
2021-03-02  15:03:13 Tue root INFO 读取插入数据库数据：{'product_type': '\n\x07250 PCB\x00', 'r1_equipment_status': '7315', 'fail_code': '0', 'recerve': '0', 'prod_num': 19, 'r1_rob_no': '4', 'r1_weld_line_no': '0', 'r1_electric': '183.08738708496094', 'r1_voltage': '13.154658317565918', 'r1_speed': '0.0', 'r1_job': '0', 'r2_rob_no': '104', 'r2_weld_line_no': '0', 'r2_electric': '0.0', 'r2_voltage': '0.0', 'r2_speed': '0.0', 'r2_job': '0', 'replace_status': '0', 'part_status': '0', 'r1_protective_gas': '1452', 'r1_welding_wire': '0', 'r2_protective_gas': '0', 'r2_welding_wire': '0', 'login_id': '\n\x00\x00\x00\x00\x00\x00\x00\x00\x00', 'login_password': '\n\x00\x00\x00\x00\x00\x00\x00\x00\x00'}
2021-03-02  15:03:13 Tue root INFO ('\n\x07250 PCB\x00', '7315', '0', 19, '4', '0', '183.08738708496094', '13.154658317565918', '0.0', '0', '104', '0', '0.0', '0.0', '0.0', '0', '0', '1452', '0', '0', '0', '\n\x00\x00\x00\x00\x00\x00\x00\x00\x00', '\n\x00\x00\x00\x00\x00\x00\x00\x00\x00', '0', '0', '2021-03-02 15:03:13')
2021-03-02  15:03:13 Tue root INFO 成功添加数据
2021-03-02  15:03:13 Tue root INFO mes_plc_r5
2021-03-02  15:03:14 Tue root INFO 读取插入数据库数据：{'product_type': '\n\x00\x00\x00\x00\x00\x00\x00\x00\x00', 'r1_equipment_status': '6162', 'fail_code': '0', 'recerve': '0', 'prod_num': 0, 'r1_rob_no': '0', 'r1_weld_line_no': '0', 'r1_electric': '179.94790649414062', 'r1_voltage': '13.429543495178223', 'r1_speed': '0.0', 'r1_job': '0', 'r2_rob_no': '0', 'r2_weld_line_no': '0', 'r2_electric': '179.35475158691406', 'r2_voltage': '13.407841682434082', 'r2_speed': '0.0', 'r2_job': '0', 'replace_status': '0', 'part_status': '0', 'r1_protective_gas': '0', 'r1_welding_wire': '0', 'r2_protective_gas': '0', 'r2_welding_wire': '0', 'login_id': '\n\x00\x00\x00\x00\x00\x00\x00\x00\x00', 'login_password': '\n\x00\x00\x00\x00\x00\x00\x00\x00\x00'}
2021-03-02  15:03:14 Tue root INFO ('\n\x00\x00\x00\x00\x00\x00\x00\x00\x00', '6162', '0', 0, '0', '0', '179.94790649414062', '13.429543495178223', '0.0', '0', '0', '0', '179.35475158691406', '13.407841682434082', '0.0', '0', '0', '0', '0', '0', '0', '\n\x00\x00\x00\x00\x00\x00\x00\x00\x00', '\n\x00\x00\x00\x00\x00\x00\x00\x00\x00', '0', '0', '2021-03-02 15:03:14')
2021-03-02  15:03:14 Tue root INFO 成功添加数据
2021-03-02  15:03:14 Tue root INFO mes_plc_r6
2021-03-02  15:03:14 Tue root INFO 读取插入数据库数据：{'product_type': '\n\x00\x00\x00\x00\x00\x00\x00\x00\x00', 'r1_equipment_status': '0', 'fail_code': '0', 'recerve': '10', 'prod_num': 19, 'r1_rob_no': '0', 'r1_weld_line_no': '0', 'r1_electric': '0.0', 'r1_voltage': '0.0', 'r1_speed': '0.0', 'r1_job': '0', 'r2_rob_no': '0', 'r2_weld_line_no': '0', 'r2_electric': '0.0', 'r2_voltage': '0.0', 'r2_speed': '0.0', 'r2_job': '0', 'replace_status': '0', 'part_status': '0', 'r1_protective_gas': '0', 'r1_welding_wire': '0', 'r2_protective_gas': '0', 'r2_welding_wire': '0', 'login_id': '\n\x00\x00\x00\x00\x00\x00\x00\x00\x00', 'login_password': '\n\x00\x00\x00\x00\x00\x00\x00\x00\x00'}
2021-03-02  15:03:14 Tue root INFO ('\n\x00\x00\x00\x00\x00\x00\x00\x00\x00', '0', '0', 19, '0', '0', '0.0', '0.0', '0.0', '0', '0', '0', '0.0', '0.0', '0.0', '0', '0', '0', '0', '0', '0', '\n\x00\x00\x00\x00\x00\x00\x00\x00\x00', '\n\x00\x00\x00\x00\x00\x00\x00\x00\x00', '0', '10', '2021-03-02 15:03:14')
2021-03-02  15:03:14 Tue root INFO 成功添加数据
2021-03-02  15:04:14 Tue root INFO plc连接状态:[1, 1, 1, 1, 1, 1]
2021-03-02  15:04:14 Tue root INFO mes_plc
2021-03-02  15:04:14 Tue root INFO 读取插入数据库数据：{'product_type': '\n\x07250 YDG\x00', 'r1_equipment_status': '7315', 'fail_code': '0', 'recerve': '0', 'prod_num': 44, 'r1_rob_no': '4', 'r1_weld_line_no': '0', 'r1_electric': '182.40740966796875', 'r1_voltage': '13.284866333007812', 'r1_speed': '0.0', 'r1_job': '0', 'r2_rob_no': '104', 'r2_weld_line_no': '0', 'r2_electric': '0.0', 'r2_voltage': '0.0', 'r2_speed': '0.0', 'r2_job': '0', 'replace_status': '0', 'part_status': '0', 'r1_protective_gas': '0', 'r1_welding_wire': '0', 'r2_protective_gas': '0', 'r2_welding_wire': '0', 'login_id': '\n\x00\x00\x00\x00\x00\x00\x00\x00\x00', 'login_password': '\n\x00\x00\x00\x00\x00\x00\x00\x00\x00'}
2021-03-02  15:04:14 Tue root INFO ('\n\x07250 YDG\x00', '7315', '0', 44, '4', '0', '182.40740966796875', '13.284866333007812', '0.0', '0', '104', '0', '0.0', '0.0', '0.0', '0', '0', '0', '0', '0', '0', '\n\x00\x00\x00\x00\x00\x00\x00\x00\x00', '\n\x00\x00\x00\x00\x00\x00\x00\x00\x00', '0', '0', '2021-03-02 15:04:14')
2021-03-02  15:04:14 Tue root INFO 成功添加数据
2021-03-02  15:04:14 Tue root INFO mes_plc_r2
2021-03-02  15:04:15 Tue root INFO 读取插入数据库数据：{'product_type': '\n\x07250 TJ1\x00', 'r1_equipment_status': '5267', 'fail_code': '48', 'recerve': '0', 'prod_num': 242, 'r1_rob_no': '4', 'r1_weld_line_no': '0', 'r1_electric': '181.6695556640625', 'r1_voltage': '13.129340171813965', 'r1_speed': '0.0', 'r1_job': '0', 'r2_rob_no': '104', 'r2_weld_line_no': '0', 'r2_electric': '0.0', 'r2_voltage': '0.0', 'r2_speed': '0.0', 'r2_job': '0', 'replace_status': '0', 'part_status': '0', 'r1_protective_gas': '610', 'r1_welding_wire': '0', 'r2_protective_gas': '0', 'r2_welding_wire': '0', 'login_id': '\n\x00\x00\x00\x00\x00\x00\x00\x00\x00', 'login_password': '\n\x00\x00\x00\x00\x00\x00\x00\x00\x00'}
2021-03-02  15:04:15 Tue root INFO ('\n\x07250 TJ1\x00', '5267', '48', 242, '4', '0', '181.6695556640625', '13.129340171813965', '0.0', '0', '104', '0', '0.0', '0.0', '0.0', '0', '0', '610', '0', '0', '0', '\n\x00\x00\x00\x00\x00\x00\x00\x00\x00', '\n\x00\x00\x00\x00\x00\x00\x00\x00\x00', '0', '0', '2021-03-02 15:04:15')
2021-03-02  15:04:15 Tue root INFO 成功添加数据
2021-03-02  15:04:15 Tue root INFO mes_plc_r3
2021-03-02  15:04:15 Tue root INFO 读取插入数据库数据：{'product_type': '\n\x07250 TJ3\x00', 'r1_equipment_status': '7315', 'fail_code': '48', 'recerve': '0', 'prod_num': 247, 'r1_rob_no': '4', 'r1_weld_line_no': '0', 'r1_electric': '183.83970642089844', 'r1_voltage': '13.852720260620117', 'r1_speed': '0.0', 'r1_job': '0', 'r2_rob_no': '104', 'r2_weld_line_no': '0', 'r2_electric': '0.0', 'r2_voltage': '0.0', 'r2_speed': '0.0', 'r2_job': '0', 'replace_status': '0', 'part_status': '0', 'r1_protective_gas': '544', 'r1_welding_wire': '0', 'r2_protective_gas': '0', 'r2_welding_wire': '0', 'login_id': '\n\x00\x00\x00\x00\x00\x00\x00\x00\x00', 'login_password': '\n\x00\x00\x00\x00\x00\x00\x00\x00\x00'}
2021-03-02  15:04:15 Tue root INFO ('\n\x07250 TJ3\x00', '7315', '48', 247, '4', '0', '183.83970642089844', '13.852720260620117', '0.0', '0', '104', '0', '0.0', '0.0', '0.0', '0', '0', '544', '0', '0', '0', '\n\x00\x00\x00\x00\x00\x00\x00\x00\x00', '\n\x00\x00\x00\x00\x00\x00\x00\x00\x00', '0', '0', '2021-03-02 15:04:15')
2021-03-02  15:04:15 Tue root INFO 成功添加数据
2021-03-02  15:04:15 Tue root INFO mes_plc_r4
2021-03-02  15:04:15 Tue root INFO 读取插入数据库数据：{'product_type': '\n\x07250 PCB\x00', 'r1_equipment_status': '6803', 'fail_code': '0', 'recerve': '0', 'prod_num': 20, 'r1_rob_no': '4', 'r1_weld_line_no': '0', 'r1_electric': '183.1018524169922', 'r1_voltage': '-15.111400604248047', 'r1_speed': '0.0', 'r1_job': '0', 'r2_rob_no': '104', 'r2_weld_line_no': '0', 'r2_electric': '0.0', 'r2_voltage': '0.0', 'r2_speed': '0.0', 'r2_job': '0', 'replace_status': '0', 'part_status': '0', 'r1_protective_gas': '1470', 'r1_welding_wire': '0', 'r2_protective_gas': '0', 'r2_welding_wire': '0', 'login_id': '\n\x00\x00\x00\x00\x00\x00\x00\x00\x00', 'login_password': '\n\x00\x00\x00\x00\x00\x00\x00\x00\x00'}
2021-03-02  15:04:15 Tue root INFO ('\n\x07250 PCB\x00', '6803', '0', 20, '4', '0', '183.1018524169922', '-15.111400604248047', '0.0', '0', '104', '0', '0.0', '0.0', '0.0', '0', '0', '1470', '0', '0', '0', '\n\x00\x00\x00\x00\x00\x00\x00\x00\x00', '\n\x00\x00\x00\x00\x00\x00\x00\x00\x00', '0', '0', '2021-03-02 15:04:15')
2021-03-02  15:04:15 Tue root INFO 成功添加数据
2021-03-02  15:04:15 Tue root INFO mes_plc_r5
2021-03-02  15:04:16 Tue root INFO 读取插入数据库数据：{'product_type': '\n\x00\x00\x00\x00\x00\x00\x00\x00\x00', 'r1_equipment_status': '6162', 'fail_code': '16', 'recerve': '0', 'prod_num': 0, 'r1_rob_no': '0', 'r1_weld_line_no': '0', 'r1_electric': '179.87557983398438', 'r1_voltage': '13.422308921813965', 'r1_speed': '0.0', 'r1_job': '0', 'r2_rob_no': '0', 'r2_weld_line_no': '0', 'r2_electric': '179.3258056640625', 'r2_voltage': '13.407841682434082', 'r2_speed': '0.0', 'r2_job': '0', 'replace_status': '0', 'part_status': '0', 'r1_protective_gas': '0', 'r1_welding_wire': '0', 'r2_protective_gas': '0', 'r2_welding_wire': '0', 'login_id': '\n\x00\x00\x00\x00\x00\x00\x00\x00\x00', 'login_password': '\n\x00\x00\x00\x00\x00\x00\x00\x00\x00'}
2021-03-02  15:04:16 Tue root INFO ('\n\x00\x00\x00\x00\x00\x00\x00\x00\x00', '6162', '16', 0, '0', '0', '179.87557983398438', '13.422308921813965', '0.0', '0', '0', '0', '179.3258056640625', '13.407841682434082', '0.0', '0', '0', '0', '0', '0', '0', '\n\x00\x00\x00\x00\x00\x00\x00\x00\x00', '\n\x00\x00\x00\x00\x00\x00\x00\x00\x00', '0', '0', '2021-03-02 15:04:16')
2021-03-02  15:04:16 Tue root INFO 成功添加数据
2021-03-02  15:04:16 Tue root INFO mes_plc_r6
2021-03-02  15:04:16 Tue root INFO 读取插入数据库数据：{'product_type': '\n\x00\x00\x00\x00\x00\x00\x00\x00\x00', 'r1_equipment_status': '0', 'fail_code': '0', 'recerve': '10', 'prod_num': 19, 'r1_rob_no': '0', 'r1_weld_line_no': '0', 'r1_electric': '0.0', 'r1_voltage': '0.0', 'r1_speed': '0.0', 'r1_job': '0', 'r2_rob_no': '0', 'r2_weld_line_no': '0', 'r2_electric': '0.0', 'r2_voltage': '0.0', 'r2_speed': '0.0', 'r2_job': '0', 'replace_status': '0', 'part_status': '0', 'r1_protective_gas': '0', 'r1_welding_wire': '0', 'r2_protective_gas': '0', 'r2_welding_wire': '0', 'login_id': '\n\x00\x00\x00\x00\x00\x00\x00\x00\x00', 'login_password': '\n\x00\x00\x00\x00\x00\x00\x00\x00\x00'}
2021-03-02  15:04:16 Tue root INFO ('\n\x00\x00\x00\x00\x00\x00\x00\x00\x00', '0', '0', 19, '0', '0', '0.0', '0.0', '0.0', '0', '0', '0', '0.0', '0.0', '0.0', '0', '0', '0', '0', '0', '0', '\n\x00\x00\x00\x00\x00\x00\x00\x00\x00', '\n\x00\x00\x00\x00\x00\x00\x00\x00\x00', '0', '10', '2021-03-02 15:04:16')
2021-03-02  15:04:16 Tue root INFO 成功添加数据
2021-03-02  15:05:16 Tue root INFO plc连接状态:[1, 1, 1, 1, 1, 1]
2021-03-02  15:05:16 Tue root INFO mes_plc
2021-03-02  15:05:17 Tue root INFO 读取插入数据库数据：{'product_type': '\n\x07250 YDG\x00', 'r1_equipment_status': '7315', 'fail_code': '0', 'recerve': '0', 'prod_num': 44, 'r1_rob_no': '4', 'r1_weld_line_no': '0', 'r1_electric': '182.3929443359375', 'r1_voltage': '13.299333572387695', 'r1_speed': '0.0', 'r1_job': '0', 'r2_rob_no': '104', 'r2_weld_line_no': '0', 'r2_electric': '0.0', 'r2_voltage': '0.0', 'r2_speed': '0.0', 'r2_job': '0', 'replace_status': '0', 'part_status': '0', 'r1_protective_gas': '0', 'r1_welding_wire': '0', 'r2_protective_gas': '0', 'r2_welding_wire': '0', 'login_id': '\n\x00\x00\x00\x00\x00\x00\x00\x00\x00', 'login_password': '\n\x00\x00\x00\x00\x00\x00\x00\x00\x00'}
2021-03-02  15:05:17 Tue root INFO ('\n\x07250 YDG\x00', '7315', '0', 44, '4', '0', '182.3929443359375', '13.299333572387695', '0.0', '0', '104', '0', '0.0', '0.0', '0.0', '0', '0', '0', '0', '0', '0', '\n\x00\x00\x00\x00\x00\x00\x00\x00\x00', '\n\x00\x00\x00\x00\x00\x00\x00\x00\x00', '0', '0', '2021-03-02 15:05:17')
2021-03-02  15:05:17 Tue root INFO 成功添加数据
2021-03-02  15:05:17 Tue root INFO mes_plc_r2
2021-03-02  15:05:17 Tue root INFO 读取插入数据库数据：{'product_type': '\n\x07250 TJ1\x00', 'r1_equipment_status': '5267', 'fail_code': '48', 'recerve': '0', 'prod_num': 242, 'r1_rob_no': '4', 'r1_weld_line_no': '0', 'r1_electric': '181.640625', 'r1_voltage': '13.129340171813965', 'r1_speed': '0.0', 'r1_job': '0', 'r2_rob_no': '104', 'r2_weld_line_no': '0', 'r2_electric': '0.0', 'r2_voltage': '0.0', 'r2_speed': '0.0', 'r2_job': '0', 'replace_status': '0', 'part_status': '0', 'r1_protective_gas': '610', 'r1_welding_wire': '0', 'r2_protective_gas': '0', 'r2_welding_wire': '0', 'login_id': '\n\x00\x00\x00\x00\x00\x00\x00\x00\x00', 'login_password': '\n\x00\x00\x00\x00\x00\x00\x00\x00\x00'}
2021-03-02  15:05:17 Tue root INFO ('\n\x07250 TJ1\x00', '5267', '48', 242, '4', '0', '181.640625', '13.129340171813965', '0.0', '0', '104', '0', '0.0', '0.0', '0.0', '0', '0', '610', '0', '0', '0', '\n\x00\x00\x00\x00\x00\x00\x00\x00\x00', '\n\x00\x00\x00\x00\x00\x00\x00\x00\x00', '0', '0', '2021-03-02 15:05:17')
2021-03-02  15:05:17 Tue root INFO 成功添加数据
2021-03-02  15:05:17 Tue root INFO mes_plc_r3
2021-03-02  15:05:17 Tue root INFO 读取插入数据库数据：{'product_type': '\n\x07250 TJ3\x00', 'r1_equipment_status': '7315', 'fail_code': '48', 'recerve': '0', 'prod_num': 247, 'r1_rob_no': '4', 'r1_weld_line_no': '0', 'r1_electric': '183.9120330810547', 'r1_voltage': '13.838252067565918', 'r1_speed': '0.0', 'r1_job': '0', 'r2_rob_no': '104', 'r2_weld_line_no': '0', 'r2_electric': '0.0', 'r2_voltage': '0.0', 'r2_speed': '0.0', 'r2_job': '0', 'replace_status': '0', 'part_status': '0', 'r1_protective_gas': '544', 'r1_welding_wire': '0', 'r2_protective_gas': '0', 'r2_welding_wire': '0', 'login_id': '\n\x00\x00\x00\x00\x00\x00\x00\x00\x00', 'login_password': '\n\x00\x00\x00\x00\x00\x00\x00\x00\x00'}
2021-03-02  15:05:17 Tue root INFO ('\n\x07250 TJ3\x00', '7315', '48', 247, '4', '0', '183.9120330810547', '13.838252067565918', '0.0', '0', '104', '0', '0.0', '0.0', '0.0', '0', '0', '544', '0', '0', '0', '\n\x00\x00\x00\x00\x00\x00\x00\x00\x00', '\n\x00\x00\x00\x00\x00\x00\x00\x00\x00', '0', '0', '2021-03-02 15:05:17')
2021-03-02  15:05:17 Tue root INFO 成功添加数据
2021-03-02  15:05:17 Tue root INFO mes_plc_r4
2021-03-02  15:05:18 Tue root INFO 读取插入数据库数据：{'product_type': '\n\x07250 PCB\x00', 'r1_equipment_status': '7315', 'fail_code': '0', 'recerve': '0', 'prod_num': 20, 'r1_rob_no': '4', 'r1_weld_line_no': '0', 'r1_electric': '183.1307830810547', 'r1_voltage': '13.17274284362793', 'r1_speed': '0.0', 'r1_job': '0', 'r2_rob_no': '104', 'r2_weld_line_no': '0', 'r2_electric': '0.0', 'r2_voltage': '0.0', 'r2_speed': '0.0', 'r2_job': '0', 'replace_status': '0', 'part_status': '0', 'r1_protective_gas': '1485', 'r1_welding_wire': '0', 'r2_protective_gas': '0', 'r2_welding_wire': '0', 'login_id': '\n\x00\x00\x00\x00\x00\x00\x00\x00\x00', 'login_password': '\n\x00\x00\x00\x00\x00\x00\x00\x00\x00'}
2021-03-02  15:05:18 Tue root INFO ('\n\x07250 PCB\x00', '7315', '0', 20, '4', '0', '183.1307830810547', '13.17274284362793', '0.0', '0', '104', '0', '0.0', '0.0', '0.0', '0', '0', '1485', '0', '0', '0', '\n\x00\x00\x00\x00\x00\x00\x00\x00\x00', '\n\x00\x00\x00\x00\x00\x00\x00\x00\x00', '0', '0', '2021-03-02 15:05:18')
2021-03-02  15:05:18 Tue root INFO 成功添加数据
2021-03-02  15:05:18 Tue root INFO mes_plc_r5
2021-03-02  15:05:18 Tue root INFO 读取插入数据库数据：{'product_type': '\n\x00\x00\x00\x00\x00\x00\x00\x00\x00', 'r1_equipment_status': '6162', 'fail_code': '16', 'recerve': '0', 'prod_num': 0, 'r1_rob_no': '0', 'r1_weld_line_no': '0', 'r1_electric': '179.87557983398438', 'r1_voltage': '13.422308921813965', 'r1_speed': '0.0', 'r1_job': '0', 'r2_rob_no': '0', 'r2_weld_line_no': '0', 'r2_electric': '179.3258056640625', 'r2_voltage': '13.411458015441895', 'r2_speed': '0.0', 'r2_job': '0', 'replace_status': '0', 'part_status': '0', 'r1_protective_gas': '0', 'r1_welding_wire': '0', 'r2_protective_gas': '0', 'r2_welding_wire': '0', 'login_id': '\n\x00\x00\x00\x00\x00\x00\x00\x00\x00', 'login_password': '\n\x00\x00\x00\x00\x00\x00\x00\x00\x00'}
2021-03-02  15:05:18 Tue root INFO ('\n\x00\x00\x00\x00\x00\x00\x00\x00\x00', '6162', '16', 0, '0', '0', '179.87557983398438', '13.422308921813965', '0.0', '0', '0', '0', '179.3258056640625', '13.411458015441895', '0.0', '0', '0', '0', '0', '0', '0', '\n\x00\x00\x00\x00\x00\x00\x00\x00\x00', '\n\x00\x00\x00\x00\x00\x00\x00\x00\x00', '0', '0', '2021-03-02 15:05:18')
2021-03-02  15:05:19 Tue root INFO 成功添加数据
2021-03-02  15:05:19 Tue root INFO mes_plc_r6
2021-03-02  15:05:19 Tue root INFO 读取插入数据库数据：{'product_type': '\n\x00\x00\x00\x00\x00\x00\x00\x00\x00', 'r1_equipment_status': '0', 'fail_code': '0', 'recerve': '10', 'prod_num': 19, 'r1_rob_no': '0', 'r1_weld_line_no': '0', 'r1_electric': '0.0', 'r1_voltage': '0.0', 'r1_speed': '0.0', 'r1_job': '0', 'r2_rob_no': '0', 'r2_weld_line_no': '0', 'r2_electric': '0.0', 'r2_voltage': '0.0', 'r2_speed': '0.0', 'r2_job': '0', 'replace_status': '0', 'part_status': '0', 'r1_protective_gas': '0', 'r1_welding_wire': '0', 'r2_protective_gas': '0', 'r2_welding_wire': '0', 'login_id': '\n\x00\x00\x00\x00\x00\x00\x00\x00\x00', 'login_password': '\n\x00\x00\x00\x00\x00\x00\x00\x00\x00'}
2021-03-02  15:05:19 Tue root INFO ('\n\x00\x00\x00\x00\x00\x00\x00\x00\x00', '0', '0', 19, '0', '0', '0.0', '0.0', '0.0', '0', '0', '0', '0.0', '0.0', '0.0', '0', '0', '0', '0', '0', '0', '\n\x00\x00\x00\x00\x00\x00\x00\x00\x00', '\n\x00\x00\x00\x00\x00\x00\x00\x00\x00', '0', '10', '2021-03-02 15:05:19')
2021-03-02  15:05:19 Tue root INFO 成功添加数据
2021-03-02  15:06:19 Tue root INFO plc连接状态:[1, 1, 1, 1, 1, 1]
2021-03-02  15:06:19 Tue root INFO mes_plc
2021-03-02  15:06:19 Tue root INFO 读取插入数据库数据：{'product_type': '\n\x07250 YDG\x00', 'r1_equipment_status': '7315', 'fail_code': '0', 'recerve': '0', 'prod_num': 44, 'r1_rob_no': '4', 'r1_weld_line_no': '0', 'r1_electric': '182.43634033203125', 'r1_voltage': '13.284866333007812', 'r1_speed': '0.0', 'r1_job': '0', 'r2_rob_no': '104', 'r2_weld_line_no': '0', 'r2_electric': '0.0', 'r2_voltage': '0.0', 'r2_speed': '0.0', 'r2_job': '0', 'replace_status': '0', 'part_status': '0', 'r1_protective_gas': '0', 'r1_welding_wire': '0', 'r2_protective_gas': '0', 'r2_welding_wire': '0', 'login_id': '\n\x00\x00\x00\x00\x00\x00\x00\x00\x00', 'login_password': '\n\x00\x00\x00\x00\x00\x00\x00\x00\x00'}
2021-03-02  15:06:19 Tue root INFO ('\n\x07250 YDG\x00', '7315', '0', 44, '4', '0', '182.43634033203125', '13.284866333007812', '0.0', '0', '104', '0', '0.0', '0.0', '0.0', '0', '0', '0', '0', '0', '0', '\n\x00\x00\x00\x00\x00\x00\x00\x00\x00', '\n\x00\x00\x00\x00\x00\x00\x00\x00\x00', '0', '0', '2021-03-02 15:06:19')
2021-03-02  15:06:19 Tue root INFO 成功添加数据
2021-03-02  15:06:19 Tue root INFO mes_plc_r2
2021-03-02  15:06:20 Tue root INFO 读取插入数据库数据：{'product_type': '\n\x07250 TJ1\x00', 'r1_equipment_status': '5267', 'fail_code': '48', 'recerve': '0', 'prod_num': 242, 'r1_rob_no': '4', 'r1_weld_line_no': '0', 'r1_electric': '181.6695556640625', 'r1_voltage': '13.12210750579834', 'r1_speed': '0.0', 'r1_job': '0', 'r2_rob_no': '104', 'r2_weld_line_no': '0', 'r2_electric': '0.0', 'r2_voltage': '0.0', 'r2_speed': '0.0', 'r2_job': '0', 'replace_status': '0', 'part_status': '0', 'r1_protective_gas': '610', 'r1_welding_wire': '0', 'r2_protective_gas': '0', 'r2_welding_wire': '0', 'login_id': '\n\x00\x00\x00\x00\x00\x00\x00\x00\x00', 'login_password': '\n\x00\x00\x00\x00\x00\x00\x00\x00\x00'}
2021-03-02  15:06:20 Tue root INFO ('\n\x07250 TJ1\x00', '5267', '48', 242, '4', '0', '181.6695556640625', '13.12210750579834', '0.0', '0', '104', '0', '0.0', '0.0', '0.0', '0', '0', '610', '0', '0', '0', '\n\x00\x00\x00\x00\x00\x00\x00\x00\x00', '\n\x00\x00\x00\x00\x00\x00\x00\x00\x00', '0', '0', '2021-03-02 15:06:20')
2021-03-02  15:06:20 Tue root INFO 成功添加数据
2021-03-02  15:06:20 Tue root INFO mes_plc_r3
2021-03-02  15:06:20 Tue root INFO 读取插入数据库数据：{'product_type': '\n\x07250 TJ3\x00', 'r1_equipment_status': '7315', 'fail_code': '48', 'recerve': '0', 'prod_num': 247, 'r1_rob_no': '4', 'r1_weld_line_no': '0', 'r1_electric': '183.92649841308594', 'r1_voltage': '13.834635734558105', 'r1_speed': '0.0', 'r1_job': '0', 'r2_rob_no': '104', 'r2_weld_line_no': '0', 'r2_electric': '0.0', 'r2_voltage': '0.0', 'r2_speed': '0.0', 'r2_job': '0', 'replace_status': '0', 'part_status': '0', 'r1_protective_gas': '544', 'r1_welding_wire': '0', 'r2_protective_gas': '0', 'r2_welding_wire': '0', 'login_id': '\n\x00\x00\x00\x00\x00\x00\x00\x00\x00', 'login_password': '\n\x00\x00\x00\x00\x00\x00\x00\x00\x00'}
2021-03-02  15:06:20 Tue root INFO ('\n\x07250 TJ3\x00', '7315', '48', 247, '4', '0', '183.92649841308594', '13.834635734558105', '0.0', '0', '104', '0', '0.0', '0.0', '0.0', '0', '0', '544', '0', '0', '0', '\n\x00\x00\x00\x00\x00\x00\x00\x00\x00', '\n\x00\x00\x00\x00\x00\x00\x00\x00\x00', '0', '0', '2021-03-02 15:06:20')
2021-03-02  15:06:20 Tue root INFO 成功添加数据
2021-03-02  15:06:20 Tue root INFO mes_plc_r4
2021-03-02  15:06:20 Tue root INFO 读取插入数据库数据：{'product_type': '\n\x07250 PCB\x00', 'r1_equipment_status': '7329', 'fail_code': '0', 'recerve': '0', 'prod_num': 20, 'r1_rob_no': '4', 'r1_weld_line_no': '0', 'r1_electric': '183.1018524169922', 'r1_voltage': '13.14742374420166', 'r1_speed': '0.0', 'r1_job': '0', 'r2_rob_no': '104', 'r2_weld_line_no': '0', 'r2_electric': '0.0', 'r2_voltage': '0.0', 'r2_speed': '0.0', 'r2_job': '0', 'replace_status': '0', 'part_status': '0', 'r1_protective_gas': '1485', 'r1_welding_wire': '0', 'r2_protective_gas': '0', 'r2_welding_wire': '0', 'login_id': '\n\x00\x00\x00\x00\x00\x00\x00\x00\x00', 'login_password': '\n\x00\x00\x00\x00\x00\x00\x00\x00\x00'}
2021-03-02  15:06:20 Tue root INFO ('\n\x07250 PCB\x00', '7329', '0', 20, '4', '0', '183.1018524169922', '13.14742374420166', '0.0', '0', '104', '0', '0.0', '0.0', '0.0', '0', '0', '1485', '0', '0', '0', '\n\x00\x00\x00\x00\x00\x00\x00\x00\x00', '\n\x00\x00\x00\x00\x00\x00\x00\x00\x00', '0', '0', '2021-03-02 15:06:20')
2021-03-02  15:06:20 Tue root INFO 成功添加数据
2021-03-02  15:06:20 Tue root INFO mes_plc_r5
2021-03-02  15:06:21 Tue root INFO 读取插入数据库数据：{'product_type': '\n\x00\x00\x00\x00\x00\x00\x00\x00\x00', 'r1_equipment_status': '6162', 'fail_code': '16', 'recerve': '0', 'prod_num': 0, 'r1_rob_no': '0', 'r1_weld_line_no': '0', 'r1_electric': '179.90451049804688', 'r1_voltage': '13.46571159362793', 'r1_speed': '0.0', 'r1_job': '0', 'r2_rob_no': '0', 'r2_weld_line_no': '0', 'r2_electric': '179.3402862548828', 'r2_voltage': '13.407841682434082', 'r2_speed': '0.0', 'r2_job': '0', 'replace_status': '0', 'part_status': '0', 'r1_protective_gas': '0', 'r1_welding_wire': '0', 'r2_protective_gas': '0', 'r2_welding_wire': '0', 'login_id': '\n\x00\x00\x00\x00\x00\x00\x00\x00\x00', 'login_password': '\n\x00\x00\x00\x00\x00\x00\x00\x00\x00'}
2021-03-02  15:06:21 Tue root INFO ('\n\x00\x00\x00\x00\x00\x00\x00\x00\x00', '6162', '16', 0, '0', '0', '179.90451049804688', '13.46571159362793', '0.0', '0', '0', '0', '179.3402862548828', '13.407841682434082', '0.0', '0', '0', '0', '0', '0', '0', '\n\x00\x00\x00\x00\x00\x00\x00\x00\x00', '\n\x00\x00\x00\x00\x00\x00\x00\x00\x00', '0', '0', '2021-03-02 15:06:21')
2021-03-02  15:06:21 Tue root INFO 成功添加数据
2021-03-02  15:06:21 Tue root INFO mes_plc_r6
2021-03-02  15:06:22 Tue root INFO 读取插入数据库数据：{'product_type': '\n\x00\x00\x00\x00\x00\x00\x00\x00\x00', 'r1_equipment_status': '0', 'fail_code': '0', 'recerve': '10', 'prod_num': 19, 'r1_rob_no': '0', 'r1_weld_line_no': '0', 'r1_electric': '0.0', 'r1_voltage': '0.0', 'r1_speed': '0.0', 'r1_job': '0', 'r2_rob_no': '0', 'r2_weld_line_no': '0', 'r2_electric': '0.0', 'r2_voltage': '0.0', 'r2_speed': '0.0', 'r2_job': '0', 'replace_status': '0', 'part_status': '0', 'r1_protective_gas': '0', 'r1_welding_wire': '0', 'r2_protective_gas': '0', 'r2_welding_wire': '0', 'login_id': '\n\x00\x00\x00\x00\x00\x00\x00\x00\x00', 'login_password': '\n\x00\x00\x00\x00\x00\x00\x00\x00\x00'}
2021-03-02  15:06:22 Tue root INFO ('\n\x00\x00\x00\x00\x00\x00\x00\x00\x00', '0', '0', 19, '0', '0', '0.0', '0.0', '0.0', '0', '0', '0', '0.0', '0.0', '0.0', '0', '0', '0', '0', '0', '0', '\n\x00\x00\x00\x00\x00\x00\x00\x00\x00', '\n\x00\x00\x00\x00\x00\x00\x00\x00\x00', '0', '10', '2021-03-02 15:06:22')
2021-03-02  15:06:22 Tue root INFO 成功添加数据
2021-03-02  15:06:31 Tue werkzeug INFO 127.0.0.1 - - [02/Mar/2021 15:06:31] "[33mGET /plc/4/ HTTP/1.1[0m" 404 -
2021-03-02  15:07:22 Tue root INFO plc连接状态:[1, 1, 1, 1, 1, 1]
2021-03-02  15:07:22 Tue root INFO mes_plc
2021-03-02  15:07:22 Tue root INFO 读取插入数据库数据：{'product_type': '\n\x07250 YDG\x00', 'r1_equipment_status': '7315', 'fail_code': '0', 'recerve': '0', 'prod_num': 44, 'r1_rob_no': '4', 'r1_weld_line_no': '0', 'r1_electric': '182.3929443359375', 'r1_voltage': '13.284866333007812', 'r1_speed': '0.0', 'r1_job': '0', 'r2_rob_no': '104', 'r2_weld_line_no': '0', 'r2_electric': '0.0', 'r2_voltage': '0.0', 'r2_speed': '0.0', 'r2_job': '0', 'replace_status': '0', 'part_status': '0', 'r1_protective_gas': '0', 'r1_welding_wire': '0', 'r2_protective_gas': '0', 'r2_welding_wire': '0', 'login_id': '\n\x00\x00\x00\x00\x00\x00\x00\x00\x00', 'login_password': '\n\x00\x00\x00\x00\x00\x00\x00\x00\x00'}
2021-03-02  15:07:22 Tue root INFO ('\n\x07250 YDG\x00', '7315', '0', 44, '4', '0', '182.3929443359375', '13.284866333007812', '0.0', '0', '104', '0', '0.0', '0.0', '0.0', '0', '0', '0', '0', '0', '0', '\n\x00\x00\x00\x00\x00\x00\x00\x00\x00', '\n\x00\x00\x00\x00\x00\x00\x00\x00\x00', '0', '0', '2021-03-02 15:07:22')
2021-03-02  15:07:22 Tue root INFO 成功添加数据
2021-03-02  15:07:22 Tue root INFO mes_plc_r2
2021-03-02  15:07:23 Tue root INFO 读取插入数据库数据：{'product_type': '\n\x07250 TJ1\x00', 'r1_equipment_status': '5267', 'fail_code': '48', 'recerve': '0', 'prod_num': 242, 'r1_rob_no': '4', 'r1_weld_line_no': '0', 'r1_electric': '181.6695556640625', 'r1_voltage': '13.132956504821777', 'r1_speed': '0.0', 'r1_job': '0', 'r2_rob_no': '104', 'r2_weld_line_no': '0', 'r2_electric': '0.0', 'r2_voltage': '0.0', 'r2_speed': '0.0', 'r2_job': '0', 'replace_status': '0', 'part_status': '0', 'r1_protective_gas': '610', 'r1_welding_wire': '0', 'r2_protective_gas': '0', 'r2_welding_wire': '0', 'login_id': '\n\x00\x00\x00\x00\x00\x00\x00\x00\x00', 'login_password': '\n\x00\x00\x00\x00\x00\x00\x00\x00\x00'}
2021-03-02  15:07:23 Tue root INFO ('\n\x07250 TJ1\x00', '5267', '48', 242, '4', '0', '181.6695556640625', '13.132956504821777', '0.0', '0', '104', '0', '0.0', '0.0', '0.0', '0', '0', '610', '0', '0', '0', '\n\x00\x00\x00\x00\x00\x00\x00\x00\x00', '\n\x00\x00\x00\x00\x00\x00\x00\x00\x00', '0', '0', '2021-03-02 15:07:23')
2021-03-02  15:07:23 Tue root INFO 成功添加数据
2021-03-02  15:07:23 Tue root INFO mes_plc_r3
2021-03-02  15:07:23 Tue root INFO 读取插入数据库数据：{'product_type': '\n\x07250 TJ3\x00', 'r1_equipment_status': '6785', 'fail_code': '48', 'recerve': '0', 'prod_num': 247, 'r1_rob_no': '4', 'r1_weld_line_no': '0', 'r1_electric': '183.9120330810547', 'r1_voltage': '13.863571166992188', 'r1_speed': '0.0', 'r1_job': '0', 'r2_rob_no': '104', 'r2_weld_line_no': '0', 'r2_electric': '0.0', 'r2_voltage': '0.0', 'r2_speed': '0.0', 'r2_job': '0', 'replace_status': '0', 'part_status': '0', 'r1_protective_gas': '568', 'r1_welding_wire': '0', 'r2_protective_gas': '0', 'r2_welding_wire': '0', 'login_id': '\n\x00\x00\x00\x00\x00\x00\x00\x00\x00', 'login_password': '\n\x00\x00\x00\x00\x00\x00\x00\x00\x00'}
2021-03-02  15:07:23 Tue root INFO ('\n\x07250 TJ3\x00', '6785', '48', 247, '4', '0', '183.9120330810547', '13.863571166992188', '0.0', '0', '104', '0', '0.0', '0.0', '0.0', '0', '0', '568', '0', '0', '0', '\n\x00\x00\x00\x00\x00\x00\x00\x00\x00', '\n\x00\x00\x00\x00\x00\x00\x00\x00\x00', '0', '0', '2021-03-02 15:07:23')
2021-03-02  15:07:23 Tue root INFO 成功添加数据
2021-03-02  15:07:23 Tue root INFO mes_plc_r4
2021-03-02  15:07:23 Tue root INFO 读取插入数据库数据：{'product_type': '\n\x07250 PCB\x00', 'r1_equipment_status': '7329', 'fail_code': '0', 'recerve': '0', 'prod_num': 20, 'r1_rob_no': '4', 'r1_weld_line_no': '0', 'r1_electric': '183.1597137451172', 'r1_voltage': '13.132956504821777', 'r1_speed': '0.0', 'r1_job': '0', 'r2_rob_no': '104', 'r2_weld_line_no': '0', 'r2_electric': '0.0', 'r2_voltage': '0.0', 'r2_speed': '0.0', 'r2_job': '0', 'replace_status': '0', 'part_status': '0', 'r1_protective_gas': '1485', 'r1_welding_wire': '0', 'r2_protective_gas': '0', 'r2_welding_wire': '0', 'login_id': '\n\x00\x00\x00\x00\x00\x00\x00\x00\x00', 'login_password': '\n\x00\x00\x00\x00\x00\x00\x00\x00\x00'}
2021-03-02  15:07:23 Tue root INFO ('\n\x07250 PCB\x00', '7329', '0', 20, '4', '0', '183.1597137451172', '13.132956504821777', '0.0', '0', '104', '0', '0.0', '0.0', '0.0', '0', '0', '1485', '0', '0', '0', '\n\x00\x00\x00\x00\x00\x00\x00\x00\x00', '\n\x00\x00\x00\x00\x00\x00\x00\x00\x00', '0', '0', '2021-03-02 15:07:23')
2021-03-02  15:07:23 Tue root INFO 成功添加数据
2021-03-02  15:07:23 Tue root INFO mes_plc_r5
2021-03-02  15:07:24 Tue root INFO 读取插入数据库数据：{'product_type': '\n\x00\x00\x00\x00\x00\x00\x00\x00\x00', 'r1_equipment_status': '6162', 'fail_code': '16', 'recerve': '0', 'prod_num': 0, 'r1_rob_no': '0', 'r1_weld_line_no': '0', 'r1_electric': '179.86111450195312', 'r1_voltage': '13.447627067565918', 'r1_speed': '0.0', 'r1_job': '0', 'r2_rob_no': '0', 'r2_weld_line_no': '0', 'r2_electric': '179.3402862548828', 'r2_voltage': '13.40060806274414', 'r2_speed': '0.0', 'r2_job': '0', 'replace_status': '0', 'part_status': '0', 'r1_protective_gas': '0', 'r1_welding_wire': '0', 'r2_protective_gas': '0', 'r2_welding_wire': '0', 'login_id': '\n\x00\x00\x00\x00\x00\x00\x00\x00\x00', 'login_password': '\n\x00\x00\x00\x00\x00\x00\x00\x00\x00'}
2021-03-02  15:07:24 Tue root INFO ('\n\x00\x00\x00\x00\x00\x00\x00\x00\x00', '6162', '16', 0, '0', '0', '179.86111450195312', '13.447627067565918', '0.0', '0', '0', '0', '179.3402862548828', '13.40060806274414', '0.0', '0', '0', '0', '0', '0', '0', '\n\x00\x00\x00\x00\x00\x00\x00\x00\x00', '\n\x00\x00\x00\x00\x00\x00\x00\x00\x00', '0', '0', '2021-03-02 15:07:24')
2021-03-02  15:07:24 Tue root INFO 成功添加数据
2021-03-02  15:07:24 Tue root INFO mes_plc_r6
2021-03-02  15:07:25 Tue root INFO 读取插入数据库数据：{'product_type': '\n\x00\x00\x00\x00\x00\x00\x00\x00\x00', 'r1_equipment_status': '0', 'fail_code': '0', 'recerve': '10', 'prod_num': 19, 'r1_rob_no': '0', 'r1_weld_line_no': '0', 'r1_electric': '0.0', 'r1_voltage': '0.0', 'r1_speed': '0.0', 'r1_job': '0', 'r2_rob_no': '0', 'r2_weld_line_no': '0', 'r2_electric': '0.0', 'r2_voltage': '0.0', 'r2_speed': '0.0', 'r2_job': '0', 'replace_status': '0', 'part_status': '0', 'r1_protective_gas': '0', 'r1_welding_wire': '0', 'r2_protective_gas': '0', 'r2_welding_wire': '0', 'login_id': '\n\x00\x00\x00\x00\x00\x00\x00\x00\x00', 'login_password': '\n\x00\x00\x00\x00\x00\x00\x00\x00\x00'}
2021-03-02  15:07:25 Tue root INFO ('\n\x00\x00\x00\x00\x00\x00\x00\x00\x00', '0', '0', 19, '0', '0', '0.0', '0.0', '0.0', '0', '0', '0', '0.0', '0.0', '0.0', '0', '0', '0', '0', '0', '0', '\n\x00\x00\x00\x00\x00\x00\x00\x00\x00', '\n\x00\x00\x00\x00\x00\x00\x00\x00\x00', '0', '10', '2021-03-02 15:07:25')
2021-03-02  15:07:25 Tue root INFO 成功添加数据
2021-03-02  15:08:25 Tue root INFO plc连接状态:[1, 1, 1, 1, 1, 1]
2021-03-02  15:08:25 Tue root INFO mes_plc
2021-03-02  15:08:25 Tue root INFO 读取插入数据库数据：{'product_type': '\n\x07250 YDG\x00', 'r1_equipment_status': '7315', 'fail_code': '0', 'recerve': '0', 'prod_num': 44, 'r1_rob_no': '4', 'r1_weld_line_no': '0', 'r1_electric': '182.36399841308594', 'r1_voltage': '13.29210090637207', 'r1_speed': '0.0', 'r1_job': '0', 'r2_rob_no': '104', 'r2_weld_line_no': '0', 'r2_electric': '0.0', 'r2_voltage': '0.0', 'r2_speed': '0.0', 'r2_job': '0', 'replace_status': '0', 'part_status': '0', 'r1_protective_gas': '0', 'r1_welding_wire': '0', 'r2_protective_gas': '0', 'r2_welding_wire': '0', 'login_id': '\n\x00\x00\x00\x00\x00\x00\x00\x00\x00', 'login_password': '\n\x00\x00\x00\x00\x00\x00\x00\x00\x00'}
2021-03-02  15:08:25 Tue root INFO ('\n\x07250 YDG\x00', '7315', '0', 44, '4', '0', '182.36399841308594', '13.29210090637207', '0.0', '0', '104', '0', '0.0', '0.0', '0.0', '0', '0', '0', '0', '0', '0', '\n\x00\x00\x00\x00\x00\x00\x00\x00\x00', '\n\x00\x00\x00\x00\x00\x00\x00\x00\x00', '0', '0', '2021-03-02 15:08:25')
2021-03-02  15:08:25 Tue root INFO 成功添加数据
2021-03-02  15:08:25 Tue root INFO mes_plc_r2
2021-03-02  15:08:25 Tue root INFO 读取插入数据库数据：{'product_type': '\n\x07250 TJ1\x00', 'r1_equipment_status': '5267', 'fail_code': '48', 'recerve': '0', 'prod_num': 242, 'r1_rob_no': '4', 'r1_weld_line_no': '0', 'r1_electric': '181.6840362548828', 'r1_voltage': '13.129340171813965', 'r1_speed': '0.0', 'r1_job': '0', 'r2_rob_no': '104', 'r2_weld_line_no': '0', 'r2_electric': '0.0', 'r2_voltage': '0.0', 'r2_speed': '0.0', 'r2_job': '0', 'replace_status': '0', 'part_status': '0', 'r1_protective_gas': '610', 'r1_welding_wire': '0', 'r2_protective_gas': '0', 'r2_welding_wire': '0', 'login_id': '\n\x00\x00\x00\x00\x00\x00\x00\x00\x00', 'login_password': '\n\x00\x00\x00\x00\x00\x00\x00\x00\x00'}
2021-03-02  15:08:25 Tue root INFO ('\n\x07250 TJ1\x00', '5267', '48', 242, '4', '0', '181.6840362548828', '13.129340171813965', '0.0', '0', '104', '0', '0.0', '0.0', '0.0', '0', '0', '610', '0', '0', '0', '\n\x00\x00\x00\x00\x00\x00\x00\x00\x00', '\n\x00\x00\x00\x00\x00\x00\x00\x00\x00', '0', '0', '2021-03-02 15:08:25')
2021-03-02  15:08:25 Tue root INFO 成功添加数据
2021-03-02  15:08:25 Tue root INFO mes_plc_r3
2021-03-02  15:08:25 Tue root INFO 读取插入数据库数据：{'product_type': '\n\x07250 TJ3\x00', 'r1_equipment_status': '7315', 'fail_code': '48', 'recerve': '0', 'prod_num': 247, 'r1_rob_no': '4', 'r1_weld_line_no': '0', 'r1_electric': '183.85415649414062', 'r1_voltage': '13.852720260620117', 'r1_speed': '0.0', 'r1_job': '0', 'r2_rob_no': '104', 'r2_weld_line_no': '0', 'r2_electric': '0.0', 'r2_voltage': '0.0', 'r2_speed': '0.0', 'r2_job': '0', 'replace_status': '0', 'part_status': '0', 'r1_protective_gas': '572', 'r1_welding_wire': '0', 'r2_protective_gas': '0', 'r2_welding_wire': '0', 'login_id': '\n\x00\x00\x00\x00\x00\x00\x00\x00\x00', 'login_password': '\n\x00\x00\x00\x00\x00\x00\x00\x00\x00'}
2021-03-02  15:08:25 Tue root INFO ('\n\x07250 TJ3\x00', '7315', '48', 247, '4', '0', '183.85415649414062', '13.852720260620117', '0.0', '0', '104', '0', '0.0', '0.0', '0.0', '0', '0', '572', '0', '0', '0', '\n\x00\x00\x00\x00\x00\x00\x00\x00\x00', '\n\x00\x00\x00\x00\x00\x00\x00\x00\x00', '0', '0', '2021-03-02 15:08:25')
2021-03-02  15:08:25 Tue root INFO 成功添加数据
2021-03-02  15:08:25 Tue root INFO mes_plc_r4
2021-03-02  15:08:26 Tue root INFO 读取插入数据库数据：{'product_type': '\n\x07250 PCB\x00', 'r1_equipment_status': '7315', 'fail_code': '0', 'recerve': '0', 'prod_num': 20, 'r1_rob_no': '4', 'r1_weld_line_no': '0', 'r1_electric': '183.1597137451172', 'r1_voltage': '13.136574745178223', 'r1_speed': '0.0', 'r1_job': '0', 'r2_rob_no': '104', 'r2_weld_line_no': '0', 'r2_electric': '0.0', 'r2_voltage': '0.0', 'r2_speed': '0.0', 'r2_job': '0', 'replace_status': '0', 'part_status': '0', 'r1_protective_gas': '1485', 'r1_welding_wire': '0', 'r2_protective_gas': '0', 'r2_welding_wire': '0', 'login_id': '\n\x00\x00\x00\x00\x00\x00\x00\x00\x00', 'login_password': '\n\x00\x00\x00\x00\x00\x00\x00\x00\x00'}
2021-03-02  15:08:26 Tue root INFO ('\n\x07250 PCB\x00', '7315', '0', 20, '4', '0', '183.1597137451172', '13.136574745178223', '0.0', '0', '104', '0', '0.0', '0.0', '0.0', '0', '0', '1485', '0', '0', '0', '\n\x00\x00\x00\x00\x00\x00\x00\x00\x00', '\n\x00\x00\x00\x00\x00\x00\x00\x00\x00', '0', '0', '2021-03-02 15:08:26')
2021-03-02  15:08:26 Tue root INFO 成功添加数据
2021-03-02  15:08:26 Tue root INFO mes_plc_r5
2021-03-02  15:08:27 Tue root INFO 读取插入数据库数据：{'product_type': '\n\x00\x00\x00\x00\x00\x00\x00\x00\x00', 'r1_equipment_status': '6162', 'fail_code': '16', 'recerve': '0', 'prod_num': 0, 'r1_rob_no': '0', 'r1_weld_line_no': '0', 'r1_electric': '179.99131774902344', 'r1_voltage': '13.46571159362793', 'r1_speed': '0.0', 'r1_job': '0', 'r2_rob_no': '0', 'r2_weld_line_no': '0', 'r2_electric': '179.3981475830078', 'r2_voltage': '13.407841682434082', 'r2_speed': '0.0', 'r2_job': '0', 'replace_status': '0', 'part_status': '0', 'r1_protective_gas': '0', 'r1_welding_wire': '0', 'r2_protective_gas': '0', 'r2_welding_wire': '0', 'login_id': '\n\x00\x00\x00\x00\x00\x00\x00\x00\x00', 'login_password': '\n\x00\x00\x00\x00\x00\x00\x00\x00\x00'}
2021-03-02  15:08:27 Tue root INFO ('\n\x00\x00\x00\x00\x00\x00\x00\x00\x00', '6162', '16', 0, '0', '0', '179.99131774902344', '13.46571159362793', '0.0', '0', '0', '0', '179.3981475830078', '13.407841682434082', '0.0', '0', '0', '0', '0', '0', '0', '\n\x00\x00\x00\x00\x00\x00\x00\x00\x00', '\n\x00\x00\x00\x00\x00\x00\x00\x00\x00', '0', '0', '2021-03-02 15:08:27')
2021-03-02  15:08:27 Tue root INFO 成功添加数据
2021-03-02  15:08:27 Tue root INFO mes_plc_r6
2021-03-02  15:08:27 Tue root INFO 读取插入数据库数据：{'product_type': '\n\x00\x00\x00\x00\x00\x00\x00\x00\x00', 'r1_equipment_status': '0', 'fail_code': '0', 'recerve': '10', 'prod_num': 19, 'r1_rob_no': '0', 'r1_weld_line_no': '0', 'r1_electric': '0.0', 'r1_voltage': '0.0', 'r1_speed': '0.0', 'r1_job': '0', 'r2_rob_no': '0', 'r2_weld_line_no': '0', 'r2_electric': '0.0', 'r2_voltage': '0.0', 'r2_speed': '0.0', 'r2_job': '0', 'replace_status': '0', 'part_status': '0', 'r1_protective_gas': '0', 'r1_welding_wire': '0', 'r2_protective_gas': '0', 'r2_welding_wire': '0', 'login_id': '\n\x00\x00\x00\x00\x00\x00\x00\x00\x00', 'login_password': '\n\x00\x00\x00\x00\x00\x00\x00\x00\x00'}
2021-03-02  15:08:27 Tue root INFO ('\n\x00\x00\x00\x00\x00\x00\x00\x00\x00', '0', '0', 19, '0', '0', '0.0', '0.0', '0.0', '0', '0', '0', '0.0', '0.0', '0.0', '0', '0', '0', '0', '0', '0', '\n\x00\x00\x00\x00\x00\x00\x00\x00\x00', '\n\x00\x00\x00\x00\x00\x00\x00\x00\x00', '0', '10', '2021-03-02 15:08:27')
2021-03-02  15:08:27 Tue root INFO 成功添加数据
2021-03-02  15:09:27 Tue root INFO plc连接状态:[1, 1, 1, 1, 1, 1]
2021-03-02  15:09:27 Tue root INFO mes_plc
2021-03-02  15:09:28 Tue root INFO 读取插入数据库数据：{'product_type': '\n\x07250 YDG\x00', 'r1_equipment_status': '7315', 'fail_code': '0', 'recerve': '0', 'prod_num': 44, 'r1_rob_no': '4', 'r1_weld_line_no': '0', 'r1_electric': '182.3784637451172', 'r1_voltage': '13.28125', 'r1_speed': '0.0', 'r1_job': '0', 'r2_rob_no': '104', 'r2_weld_line_no': '0', 'r2_electric': '0.0', 'r2_voltage': '0.0', 'r2_speed': '0.0', 'r2_job': '0', 'replace_status': '0', 'part_status': '0', 'r1_protective_gas': '0', 'r1_welding_wire': '0', 'r2_protective_gas': '0', 'r2_welding_wire': '0', 'login_id': '\n\x00\x00\x00\x00\x00\x00\x00\x00\x00', 'login_password': '\n\x00\x00\x00\x00\x00\x00\x00\x00\x00'}
2021-03-02  15:09:28 Tue root INFO ('\n\x07250 YDG\x00', '7315', '0', 44, '4', '0', '182.3784637451172', '13.28125', '0.0', '0', '104', '0', '0.0', '0.0', '0.0', '0', '0', '0', '0', '0', '0', '\n\x00\x00\x00\x00\x00\x00\x00\x00\x00', '\n\x00\x00\x00\x00\x00\x00\x00\x00\x00', '0', '0', '2021-03-02 15:09:28')
2021-03-02  15:09:28 Tue root INFO 成功添加数据
2021-03-02  15:09:28 Tue root INFO mes_plc_r2
2021-03-02  15:09:28 Tue root INFO 读取插入数据库数据：{'product_type': '\n\x07250 TJ1\x00', 'r1_equipment_status': '5267', 'fail_code': '48', 'recerve': '0', 'prod_num': 242, 'r1_rob_no': '4', 'r1_weld_line_no': '0', 'r1_electric': '181.65509033203125', 'r1_voltage': '13.12210750579834', 'r1_speed': '0.0', 'r1_job': '0', 'r2_rob_no': '104', 'r2_weld_line_no': '0', 'r2_electric': '0.0', 'r2_voltage': '0.0', 'r2_speed': '0.0', 'r2_job': '0', 'replace_status': '0', 'part_status': '0', 'r1_protective_gas': '610', 'r1_welding_wire': '0', 'r2_protective_gas': '0', 'r2_welding_wire': '0', 'login_id': '\n\x00\x00\x00\x00\x00\x00\x00\x00\x00', 'login_password': '\n\x00\x00\x00\x00\x00\x00\x00\x00\x00'}
2021-03-02  15:09:28 Tue root INFO ('\n\x07250 TJ1\x00', '5267', '48', 242, '4', '0', '181.65509033203125', '13.12210750579834', '0.0', '0', '104', '0', '0.0', '0.0', '0.0', '0', '0', '610', '0', '0', '0', '\n\x00\x00\x00\x00\x00\x00\x00\x00\x00', '\n\x00\x00\x00\x00\x00\x00\x00\x00\x00', '0', '0', '2021-03-02 15:09:28')
2021-03-02  15:09:28 Tue root INFO 成功添加数据
2021-03-02  15:09:28 Tue root INFO mes_plc_r3
2021-03-02  15:09:28 Tue root INFO 读取插入数据库数据：{'product_type': '\n\x07250 TJ3\x00', 'r1_equipment_status': '7315', 'fail_code': '48', 'recerve': '0', 'prod_num': 247, 'r1_rob_no': '4', 'r1_weld_line_no': '0', 'r1_electric': '183.85415649414062', 'r1_voltage': '13.84548568725586', 'r1_speed': '0.0', 'r1_job': '0', 'r2_rob_no': '104', 'r2_weld_line_no': '0', 'r2_electric': '0.0', 'r2_voltage': '0.0', 'r2_speed': '0.0', 'r2_job': '0', 'replace_status': '0', 'part_status': '0', 'r1_protective_gas': '572', 'r1_welding_wire': '0', 'r2_protective_gas': '0', 'r2_welding_wire': '0', 'login_id': '\n\x00\x00\x00\x00\x00\x00\x00\x00\x00', 'login_password': '\n\x00\x00\x00\x00\x00\x00\x00\x00\x00'}
2021-03-02  15:09:28 Tue root INFO ('\n\x07250 TJ3\x00', '7315', '48', 247, '4', '0', '183.85415649414062', '13.84548568725586', '0.0', '0', '104', '0', '0.0', '0.0', '0.0', '0', '0', '572', '0', '0', '0', '\n\x00\x00\x00\x00\x00\x00\x00\x00\x00', '\n\x00\x00\x00\x00\x00\x00\x00\x00\x00', '0', '0', '2021-03-02 15:09:28')
2021-03-02  15:09:28 Tue root INFO 成功添加数据
2021-03-02  15:09:28 Tue root INFO mes_plc_r4
2021-03-02  15:09:29 Tue root INFO 读取插入数据库数据：{'product_type': '\n\x07250 PCB\x00', 'r1_equipment_status': '7315', 'fail_code': '0', 'recerve': '0', 'prod_num': 20, 'r1_rob_no': '4', 'r1_weld_line_no': '0', 'r1_electric': '183.203125', 'r1_voltage': '13.14742374420166', 'r1_speed': '0.0', 'r1_job': '0', 'r2_rob_no': '104', 'r2_weld_line_no': '0', 'r2_electric': '0.0', 'r2_voltage': '0.0', 'r2_speed': '0.0', 'r2_job': '0', 'replace_status': '0', 'part_status': '0', 'r1_protective_gas': '1485', 'r1_welding_wire': '0', 'r2_protective_gas': '0', 'r2_welding_wire': '0', 'login_id': '\n\x00\x00\x00\x00\x00\x00\x00\x00\x00', 'login_password': '\n\x00\x00\x00\x00\x00\x00\x00\x00\x00'}
2021-03-02  15:09:29 Tue root INFO ('\n\x07250 PCB\x00', '7315', '0', 20, '4', '0', '183.203125', '13.14742374420166', '0.0', '0', '104', '0', '0.0', '0.0', '0.0', '0', '0', '1485', '0', '0', '0', '\n\x00\x00\x00\x00\x00\x00\x00\x00\x00', '\n\x00\x00\x00\x00\x00\x00\x00\x00\x00', '0', '0', '2021-03-02 15:09:29')
2021-03-02  15:09:29 Tue root INFO 成功添加数据
2021-03-02  15:09:29 Tue root INFO mes_plc_r5
2021-03-02  15:09:29 Tue root INFO 读取插入数据库数据：{'product_type': '\n\x00\x00\x00\x00\x00\x00\x00\x00\x00', 'r1_equipment_status': '6162', 'fail_code': '16', 'recerve': '0', 'prod_num': 0, 'r1_rob_no': '0', 'r1_weld_line_no': '0', 'r1_electric': '179.86111450195312', 'r1_voltage': '13.447627067565918', 'r1_speed': '0.0', 'r1_job': '0', 'r2_rob_no': '0', 'r2_weld_line_no': '0', 'r2_electric': '179.3258056640625', 'r2_voltage': '13.407841682434082', 'r2_speed': '0.0', 'r2_job': '0', 'replace_status': '0', 'part_status': '0', 'r1_protective_gas': '0', 'r1_welding_wire': '0', 'r2_protective_gas': '0', 'r2_welding_wire': '0', 'login_id': '\n\x00\x00\x00\x00\x00\x00\x00\x00\x00', 'login_password': '\n\x00\x00\x00\x00\x00\x00\x00\x00\x00'}
2021-03-02  15:09:29 Tue root INFO ('\n\x00\x00\x00\x00\x00\x00\x00\x00\x00', '6162', '16', 0, '0', '0', '179.86111450195312', '13.447627067565918', '0.0', '0', '0', '0', '179.3258056640625', '13.407841682434082', '0.0', '0', '0', '0', '0', '0', '0', '\n\x00\x00\x00\x00\x00\x00\x00\x00\x00', '\n\x00\x00\x00\x00\x00\x00\x00\x00\x00', '0', '0', '2021-03-02 15:09:29')
2021-03-02  15:09:29 Tue root INFO 成功添加数据
2021-03-02  15:09:29 Tue root INFO mes_plc_r6
2021-03-02  15:09:29 Tue root INFO 读取插入数据库数据：{'product_type': '\n\x00\x00\x00\x00\x00\x00\x00\x00\x00', 'r1_equipment_status': '0', 'fail_code': '0', 'recerve': '10', 'prod_num': 19, 'r1_rob_no': '0', 'r1_weld_line_no': '0', 'r1_electric': '0.0', 'r1_voltage': '0.0', 'r1_speed': '0.0', 'r1_job': '0', 'r2_rob_no': '0', 'r2_weld_line_no': '0', 'r2_electric': '0.0', 'r2_voltage': '0.0', 'r2_speed': '0.0', 'r2_job': '0', 'replace_status': '0', 'part_status': '0', 'r1_protective_gas': '0', 'r1_welding_wire': '0', 'r2_protective_gas': '0', 'r2_welding_wire': '0', 'login_id': '\n\x00\x00\x00\x00\x00\x00\x00\x00\x00', 'login_password': '\n\x00\x00\x00\x00\x00\x00\x00\x00\x00'}
2021-03-02  15:09:29 Tue root INFO ('\n\x00\x00\x00\x00\x00\x00\x00\x00\x00', '0', '0', 19, '0', '0', '0.0', '0.0', '0.0', '0', '0', '0', '0.0', '0.0', '0.0', '0', '0', '0', '0', '0', '0', '\n\x00\x00\x00\x00\x00\x00\x00\x00\x00', '\n\x00\x00\x00\x00\x00\x00\x00\x00\x00', '0', '10', '2021-03-02 15:09:29')
2021-03-02  15:09:29 Tue root INFO 成功添加数据
2021-03-02  15:10:29 Tue root INFO plc连接状态:[1, 1, 1, 1, 1, 1]
2021-03-02  15:10:29 Tue root INFO mes_plc
2021-03-02  15:10:30 Tue root INFO 读取插入数据库数据：{'product_type': '\n\x07250 YDG\x00', 'r1_equipment_status': '7315', 'fail_code': '0', 'recerve': '0', 'prod_num': 44, 'r1_rob_no': '4', 'r1_weld_line_no': '0', 'r1_electric': '182.3929443359375', 'r1_voltage': '13.28125', 'r1_speed': '0.0', 'r1_job': '0', 'r2_rob_no': '104', 'r2_weld_line_no': '0', 'r2_electric': '0.0', 'r2_voltage': '0.0', 'r2_speed': '0.0', 'r2_job': '0', 'replace_status': '0', 'part_status': '0', 'r1_protective_gas': '0', 'r1_welding_wire': '0', 'r2_protective_gas': '0', 'r2_welding_wire': '0', 'login_id': '\n\x00\x00\x00\x00\x00\x00\x00\x00\x00', 'login_password': '\n\x00\x00\x00\x00\x00\x00\x00\x00\x00'}
2021-03-02  15:10:30 Tue root INFO ('\n\x07250 YDG\x00', '7315', '0', 44, '4', '0', '182.3929443359375', '13.28125', '0.0', '0', '104', '0', '0.0', '0.0', '0.0', '0', '0', '0', '0', '0', '0', '\n\x00\x00\x00\x00\x00\x00\x00\x00\x00', '\n\x00\x00\x00\x00\x00\x00\x00\x00\x00', '0', '0', '2021-03-02 15:10:30')
2021-03-02  15:10:30 Tue root INFO 成功添加数据
2021-03-02  15:10:30 Tue root INFO mes_plc_r2
2021-03-02  15:10:30 Tue root INFO 读取插入数据库数据：{'product_type': '\n\x07250 TJ1\x00', 'r1_equipment_status': '5267', 'fail_code': '48', 'recerve': '0', 'prod_num': 242, 'r1_rob_no': '4', 'r1_weld_line_no': '0', 'r1_electric': '181.6840362548828', 'r1_voltage': '13.114872932434082', 'r1_speed': '0.0', 'r1_job': '0', 'r2_rob_no': '104', 'r2_weld_line_no': '0', 'r2_electric': '0.0', 'r2_voltage': '0.0', 'r2_speed': '0.0', 'r2_job': '0', 'replace_status': '0', 'part_status': '0', 'r1_protective_gas': '610', 'r1_welding_wire': '0', 'r2_protective_gas': '0', 'r2_welding_wire': '0', 'login_id': '\n\x00\x00\x00\x00\x00\x00\x00\x00\x00', 'login_password': '\n\x00\x00\x00\x00\x00\x00\x00\x00\x00'}
2021-03-02  15:10:30 Tue root INFO ('\n\x07250 TJ1\x00', '5267', '48', 242, '4', '0', '181.6840362548828', '13.114872932434082', '0.0', '0', '104', '0', '0.0', '0.0', '0.0', '0', '0', '610', '0', '0', '0', '\n\x00\x00\x00\x00\x00\x00\x00\x00\x00', '\n\x00\x00\x00\x00\x00\x00\x00\x00\x00', '0', '0', '2021-03-02 15:10:30')
2021-03-02  15:10:30 Tue root INFO 成功添加数据
2021-03-02  15:10:30 Tue root INFO mes_plc_r3
2021-03-02  15:10:30 Tue root INFO 读取插入数据库数据：{'product_type': '\n\x07250 TJ3\x00', 'r1_equipment_status': '7315', 'fail_code': '48', 'recerve': '0', 'prod_num': 247, 'r1_rob_no': '4', 'r1_weld_line_no': '0', 'r1_electric': '183.9120330810547', 'r1_voltage': '13.827401161193848', 'r1_speed': '0.0', 'r1_job': '0', 'r2_rob_no': '104', 'r2_weld_line_no': '0', 'r2_electric': '0.0', 'r2_voltage': '0.0', 'r2_speed': '0.0', 'r2_job': '0', 'replace_status': '0', 'part_status': '0', 'r1_protective_gas': '572', 'r1_welding_wire': '0', 'r2_protective_gas': '0', 'r2_welding_wire': '0', 'login_id': '\n\x00\x00\x00\x00\x00\x00\x00\x00\x00', 'login_password': '\n\x00\x00\x00\x00\x00\x00\x00\x00\x00'}
2021-03-02  15:10:30 Tue root INFO ('\n\x07250 TJ3\x00', '7315', '48', 247, '4', '0', '183.9120330810547', '13.827401161193848', '0.0', '0', '104', '0', '0.0', '0.0', '0.0', '0', '0', '572', '0', '0', '0', '\n\x00\x00\x00\x00\x00\x00\x00\x00\x00', '\n\x00\x00\x00\x00\x00\x00\x00\x00\x00', '0', '0', '2021-03-02 15:10:30')
2021-03-02  15:10:30 Tue root INFO 成功添加数据
2021-03-02  15:10:30 Tue root INFO mes_plc_r4
2021-03-02  15:10:31 Tue root INFO 读取插入数据库数据：{'product_type': '\n\x07250 PCB\x00', 'r1_equipment_status': '7233', 'fail_code': '0', 'recerve': '0', 'prod_num': 20, 'r1_rob_no': '4', 'r1_weld_line_no': '0', 'r1_electric': '183.08738708496094', 'r1_voltage': '-16.583478927612305', 'r1_speed': '0.0', 'r1_job': '0', 'r2_rob_no': '104', 'r2_weld_line_no': '0', 'r2_electric': '0.0', 'r2_voltage': '0.0', 'r2_speed': '0.0', 'r2_job': '0', 'replace_status': '0', 'part_status': '0', 'r1_protective_gas': '1501', 'r1_welding_wire': '0', 'r2_protective_gas': '0', 'r2_welding_wire': '0', 'login_id': '\n\x00\x00\x00\x00\x00\x00\x00\x00\x00', 'login_password': '\n\x00\x00\x00\x00\x00\x00\x00\x00\x00'}
2021-03-02  15:10:31 Tue root INFO ('\n\x07250 PCB\x00', '7233', '0', 20, '4', '0', '183.08738708496094', '-16.583478927612305', '0.0', '0', '104', '0', '0.0', '0.0', '0.0', '0', '0', '1501', '0', '0', '0', '\n\x00\x00\x00\x00\x00\x00\x00\x00\x00', '\n\x00\x00\x00\x00\x00\x00\x00\x00\x00', '0', '0', '2021-03-02 15:10:31')
2021-03-02  15:10:31 Tue root INFO 成功添加数据
2021-03-02  15:10:31 Tue root INFO mes_plc_r5
2021-03-02  15:10:31 Tue root INFO 读取插入数据库数据：{'product_type': '\n\x00\x00\x00\x00\x00\x00\x00\x00\x00', 'r1_equipment_status': '6162', 'fail_code': '16', 'recerve': '0', 'prod_num': 0, 'r1_rob_no': '0', 'r1_weld_line_no': '0', 'r1_electric': '179.90451049804688', 'r1_voltage': '13.46571159362793', 'r1_speed': '0.0', 'r1_job': '0', 'r2_rob_no': '0', 'r2_weld_line_no': '0', 'r2_electric': '179.3692169189453', 'r2_voltage': '13.418692588806152', 'r2_speed': '0.0', 'r2_job': '0', 'replace_status': '0', 'part_status': '0', 'r1_protective_gas': '0', 'r1_welding_wire': '0', 'r2_protective_gas': '0', 'r2_welding_wire': '0', 'login_id': '\n\x00\x00\x00\x00\x00\x00\x00\x00\x00', 'login_password': '\n\x00\x00\x00\x00\x00\x00\x00\x00\x00'}
2021-03-02  15:10:31 Tue root INFO ('\n\x00\x00\x00\x00\x00\x00\x00\x00\x00', '6162', '16', 0, '0', '0', '179.90451049804688', '13.46571159362793', '0.0', '0', '0', '0', '179.3692169189453', '13.418692588806152', '0.0', '0', '0', '0', '0', '0', '0', '\n\x00\x00\x00\x00\x00\x00\x00\x00\x00', '\n\x00\x00\x00\x00\x00\x00\x00\x00\x00', '0', '0', '2021-03-02 15:10:31')
2021-03-02  15:10:31 Tue root INFO 成功添加数据
2021-03-02  15:10:31 Tue root INFO mes_plc_r6
2021-03-02  15:10:32 Tue root INFO 读取插入数据库数据：{'product_type': '\n\x00\x00\x00\x00\x00\x00\x00\x00\x00', 'r1_equipment_status': '0', 'fail_code': '0', 'recerve': '10', 'prod_num': 19, 'r1_rob_no': '0', 'r1_weld_line_no': '0', 'r1_electric': '0.0', 'r1_voltage': '0.0', 'r1_speed': '0.0', 'r1_job': '0', 'r2_rob_no': '0', 'r2_weld_line_no': '0', 'r2_electric': '0.0', 'r2_voltage': '0.0', 'r2_speed': '0.0', 'r2_job': '0', 'replace_status': '0', 'part_status': '0', 'r1_protective_gas': '0', 'r1_welding_wire': '0', 'r2_protective_gas': '0', 'r2_welding_wire': '0', 'login_id': '\n\x00\x00\x00\x00\x00\x00\x00\x00\x00', 'login_password': '\n\x00\x00\x00\x00\x00\x00\x00\x00\x00'}
2021-03-02  15:10:32 Tue root INFO ('\n\x00\x00\x00\x00\x00\x00\x00\x00\x00', '0', '0', 19, '0', '0', '0.0', '0.0', '0.0', '0', '0', '0', '0.0', '0.0', '0.0', '0', '0', '0', '0', '0', '0', '\n\x00\x00\x00\x00\x00\x00\x00\x00\x00', '\n\x00\x00\x00\x00\x00\x00\x00\x00\x00', '0', '10', '2021-03-02 15:10:32')
2021-03-02  15:10:32 Tue root INFO 成功添加数据
2021-03-02  15:11:32 Tue root INFO plc连接状态:[1, 1, 1, 1, 1, 1]
2021-03-02  15:11:32 Tue root INFO mes_plc
2021-03-02  15:11:32 Tue root INFO 读取插入数据库数据：{'product_type': '\n\x07250 YDG\x00', 'r1_equipment_status': '7315', 'fail_code': '0', 'recerve': '0', 'prod_num': 44, 'r1_rob_no': '4', 'r1_weld_line_no': '0', 'r1_electric': '182.3784637451172', 'r1_voltage': '13.295717239379883', 'r1_speed': '0.0', 'r1_job': '0', 'r2_rob_no': '104', 'r2_weld_line_no': '0', 'r2_electric': '0.0', 'r2_voltage': '0.0', 'r2_speed': '0.0', 'r2_job': '0', 'replace_status': '0', 'part_status': '0', 'r1_protective_gas': '0', 'r1_welding_wire': '0', 'r2_protective_gas': '0', 'r2_welding_wire': '0', 'login_id': '\n\x00\x00\x00\x00\x00\x00\x00\x00\x00', 'login_password': '\n\x00\x00\x00\x00\x00\x00\x00\x00\x00'}
2021-03-02  15:11:32 Tue root INFO ('\n\x07250 YDG\x00', '7315', '0', 44, '4', '0', '182.3784637451172', '13.295717239379883', '0.0', '0', '104', '0', '0.0', '0.0', '0.0', '0', '0', '0', '0', '0', '0', '\n\x00\x00\x00\x00\x00\x00\x00\x00\x00', '\n\x00\x00\x00\x00\x00\x00\x00\x00\x00', '0', '0', '2021-03-02 15:11:32')
2021-03-02  15:11:32 Tue root INFO 成功添加数据
2021-03-02  15:11:32 Tue root INFO mes_plc_r2
2021-03-02  15:11:32 Tue root INFO 读取插入数据库数据：{'product_type': '\n\x07250 TJ1\x00', 'r1_equipment_status': '5267', 'fail_code': '48', 'recerve': '0', 'prod_num': 242, 'r1_rob_no': '4', 'r1_weld_line_no': '0', 'r1_electric': '181.6695556640625', 'r1_voltage': '13.132956504821777', 'r1_speed': '0.0', 'r1_job': '0', 'r2_rob_no': '104', 'r2_weld_line_no': '0', 'r2_electric': '0.0', 'r2_voltage': '0.0', 'r2_speed': '0.0', 'r2_job': '0', 'replace_status': '0', 'part_status': '0', 'r1_protective_gas': '610', 'r1_welding_wire': '0', 'r2_protective_gas': '0', 'r2_welding_wire': '0', 'login_id': '\n\x00\x00\x00\x00\x00\x00\x00\x00\x00', 'login_password': '\n\x00\x00\x00\x00\x00\x00\x00\x00\x00'}
2021-03-02  15:11:32 Tue root INFO ('\n\x07250 TJ1\x00', '5267', '48', 242, '4', '0', '181.6695556640625', '13.132956504821777', '0.0', '0', '104', '0', '0.0', '0.0', '0.0', '0', '0', '610', '0', '0', '0', '\n\x00\x00\x00\x00\x00\x00\x00\x00\x00', '\n\x00\x00\x00\x00\x00\x00\x00\x00\x00', '0', '0', '2021-03-02 15:11:32')
2021-03-02  15:11:32 Tue root INFO 成功添加数据
2021-03-02  15:11:32 Tue root INFO mes_plc_r3
2021-03-02  15:11:33 Tue root INFO 读取插入数据库数据：{'product_type': '\n\x07250 TJ3\x00', 'r1_equipment_status': '7315', 'fail_code': '48', 'recerve': '0', 'prod_num': 247, 'r1_rob_no': '4', 'r1_weld_line_no': '0', 'r1_electric': '183.92649841308594', 'r1_voltage': '13.834635734558105', 'r1_speed': '0.0', 'r1_job': '0', 'r2_rob_no': '104', 'r2_weld_line_no': '0', 'r2_electric': '0.0', 'r2_voltage': '0.0', 'r2_speed': '0.0', 'r2_job': '0', 'replace_status': '0', 'part_status': '0', 'r1_protective_gas': '572', 'r1_welding_wire': '0', 'r2_protective_gas': '0', 'r2_welding_wire': '0', 'login_id': '\n\x00\x00\x00\x00\x00\x00\x00\x00\x00', 'login_password': '\n\x00\x00\x00\x00\x00\x00\x00\x00\x00'}
2021-03-02  15:11:33 Tue root INFO ('\n\x07250 TJ3\x00', '7315', '48', 247, '4', '0', '183.92649841308594', '13.834635734558105', '0.0', '0', '104', '0', '0.0', '0.0', '0.0', '0', '0', '572', '0', '0', '0', '\n\x00\x00\x00\x00\x00\x00\x00\x00\x00', '\n\x00\x00\x00\x00\x00\x00\x00\x00\x00', '0', '0', '2021-03-02 15:11:33')
2021-03-02  15:11:33 Tue root INFO 成功添加数据
2021-03-02  15:11:33 Tue root INFO mes_plc_r4
2021-03-02  15:11:33 Tue root INFO 读取插入数据库数据：{'product_type': '\n\x07250 PCB\x00', 'r1_equipment_status': '7233', 'fail_code': '0', 'recerve': '0', 'prod_num': 20, 'r1_rob_no': '4', 'r1_weld_line_no': '0', 'r1_electric': '183.11631774902344', 'r1_voltage': '118.51490783691406', 'r1_speed': '0.0', 'r1_job': '0', 'r2_rob_no': '104', 'r2_weld_line_no': '0', 'r2_electric': '0.0', 'r2_voltage': '0.0', 'r2_speed': '0.0', 'r2_job': '0', 'replace_status': '0', 'part_status': '0', 'r1_protective_gas': '1527', 'r1_welding_wire': '0', 'r2_protective_gas': '0', 'r2_welding_wire': '0', 'login_id': '\n\x00\x00\x00\x00\x00\x00\x00\x00\x00', 'login_password': '\n\x00\x00\x00\x00\x00\x00\x00\x00\x00'}
2021-03-02  15:11:33 Tue root INFO ('\n\x07250 PCB\x00', '7233', '0', 20, '4', '0', '183.11631774902344', '118.51490783691406', '0.0', '0', '104', '0', '0.0', '0.0', '0.0', '0', '0', '1527', '0', '0', '0', '\n\x00\x00\x00\x00\x00\x00\x00\x00\x00', '\n\x00\x00\x00\x00\x00\x00\x00\x00\x00', '0', '0', '2021-03-02 15:11:33')
2021-03-02  15:11:33 Tue root INFO 成功添加数据
2021-03-02  15:11:33 Tue root INFO mes_plc_r5
2021-03-02  15:11:34 Tue root INFO 读取插入数据库数据：{'product_type': '\n\x00\x00\x00\x00\x00\x00\x00\x00\x00', 'r1_equipment_status': '6162', 'fail_code': '16', 'recerve': '0', 'prod_num': 0, 'r1_rob_no': '0', 'r1_weld_line_no': '0', 'r1_electric': '179.86111450195312', 'r1_voltage': '13.436776161193848', 'r1_speed': '0.0', 'r1_job': '0', 'r2_rob_no': '0', 'r2_weld_line_no': '0', 'r2_electric': '179.3692169189453', 'r2_voltage': '13.404224395751953', 'r2_speed': '0.0', 'r2_job': '0', 'replace_status': '0', 'part_status': '0', 'r1_protective_gas': '0', 'r1_welding_wire': '0', 'r2_protective_gas': '0', 'r2_welding_wire': '0', 'login_id': '\n\x00\x00\x00\x00\x00\x00\x00\x00\x00', 'login_password': '\n\x00\x00\x00\x00\x00\x00\x00\x00\x00'}
2021-03-02  15:11:34 Tue root INFO ('\n\x00\x00\x00\x00\x00\x00\x00\x00\x00', '6162', '16', 0, '0', '0', '179.86111450195312', '13.436776161193848', '0.0', '0', '0', '0', '179.3692169189453', '13.404224395751953', '0.0', '0', '0', '0', '0', '0', '0', '\n\x00\x00\x00\x00\x00\x00\x00\x00\x00', '\n\x00\x00\x00\x00\x00\x00\x00\x00\x00', '0', '0', '2021-03-02 15:11:34')
2021-03-02  15:11:34 Tue root INFO 成功添加数据
2021-03-02  15:11:34 Tue root INFO mes_plc_r6
2021-03-02  15:11:34 Tue root INFO 读取插入数据库数据：{'product_type': '\n\x00\x00\x00\x00\x00\x00\x00\x00\x00', 'r1_equipment_status': '0', 'fail_code': '0', 'recerve': '10', 'prod_num': 19, 'r1_rob_no': '0', 'r1_weld_line_no': '0', 'r1_electric': '0.0', 'r1_voltage': '0.0', 'r1_speed': '0.0', 'r1_job': '0', 'r2_rob_no': '0', 'r2_weld_line_no': '0', 'r2_electric': '0.0', 'r2_voltage': '0.0', 'r2_speed': '0.0', 'r2_job': '0', 'replace_status': '0', 'part_status': '0', 'r1_protective_gas': '0', 'r1_welding_wire': '0', 'r2_protective_gas': '0', 'r2_welding_wire': '0', 'login_id': '\n\x00\x00\x00\x00\x00\x00\x00\x00\x00', 'login_password': '\n\x00\x00\x00\x00\x00\x00\x00\x00\x00'}
2021-03-02  15:11:34 Tue root INFO ('\n\x00\x00\x00\x00\x00\x00\x00\x00\x00', '0', '0', 19, '0', '0', '0.0', '0.0', '0.0', '0', '0', '0', '0.0', '0.0', '0.0', '0', '0', '0', '0', '0', '0', '\n\x00\x00\x00\x00\x00\x00\x00\x00\x00', '\n\x00\x00\x00\x00\x00\x00\x00\x00\x00', '0', '10', '2021-03-02 15:11:34')
2021-03-02  15:11:34 Tue root INFO 成功添加数据
2021-03-02  15:12:34 Tue root INFO plc连接状态:[1, 1, 1, 1, 1, 1]
2021-03-02  15:12:34 Tue root INFO mes_plc
2021-03-02  15:12:35 Tue root INFO 读取插入数据库数据：{'product_type': '\n\x07250 YDG\x00', 'r1_equipment_status': '7315', 'fail_code': '0', 'recerve': '0', 'prod_num': 44, 'r1_rob_no': '4', 'r1_weld_line_no': '0', 'r1_electric': '182.36399841308594', 'r1_voltage': '13.28125', 'r1_speed': '0.0', 'r1_job': '0', 'r2_rob_no': '104', 'r2_weld_line_no': '0', 'r2_electric': '0.0', 'r2_voltage': '0.0', 'r2_speed': '0.0', 'r2_job': '0', 'replace_status': '0', 'part_status': '0', 'r1_protective_gas': '0', 'r1_welding_wire': '0', 'r2_protective_gas': '0', 'r2_welding_wire': '0', 'login_id': '\n\x00\x00\x00\x00\x00\x00\x00\x00\x00', 'login_password': '\n\x00\x00\x00\x00\x00\x00\x00\x00\x00'}
2021-03-02  15:12:35 Tue root INFO ('\n\x07250 YDG\x00', '7315', '0', 44, '4', '0', '182.36399841308594', '13.28125', '0.0', '0', '104', '0', '0.0', '0.0', '0.0', '0', '0', '0', '0', '0', '0', '\n\x00\x00\x00\x00\x00\x00\x00\x00\x00', '\n\x00\x00\x00\x00\x00\x00\x00\x00\x00', '0', '0', '2021-03-02 15:12:35')
2021-03-02  15:12:35 Tue root INFO 成功添加数据
2021-03-02  15:12:35 Tue root INFO mes_plc_r2
2021-03-02  15:12:35 Tue root INFO 读取插入数据库数据：{'product_type': '\n\x07250 TJ1\x00', 'r1_equipment_status': '5267', 'fail_code': '48', 'recerve': '0', 'prod_num': 242, 'r1_rob_no': '4', 'r1_weld_line_no': '0', 'r1_electric': '181.6840362548828', 'r1_voltage': '13.12210750579834', 'r1_speed': '0.0', 'r1_job': '0', 'r2_rob_no': '104', 'r2_weld_line_no': '0', 'r2_electric': '0.0', 'r2_voltage': '0.0', 'r2_speed': '0.0', 'r2_job': '0', 'replace_status': '0', 'part_status': '0', 'r1_protective_gas': '610', 'r1_welding_wire': '0', 'r2_protective_gas': '0', 'r2_welding_wire': '0', 'login_id': '\n\x00\x00\x00\x00\x00\x00\x00\x00\x00', 'login_password': '\n\x00\x00\x00\x00\x00\x00\x00\x00\x00'}
2021-03-02  15:12:35 Tue root INFO ('\n\x07250 TJ1\x00', '5267', '48', 242, '4', '0', '181.6840362548828', '13.12210750579834', '0.0', '0', '104', '0', '0.0', '0.0', '0.0', '0', '0', '610', '0', '0', '0', '\n\x00\x00\x00\x00\x00\x00\x00\x00\x00', '\n\x00\x00\x00\x00\x00\x00\x00\x00\x00', '0', '0', '2021-03-02 15:12:35')
2021-03-02  15:12:35 Tue root INFO 成功添加数据
2021-03-02  15:12:35 Tue root INFO mes_plc_r3
2021-03-02  15:12:35 Tue root INFO 读取插入数据库数据：{'product_type': '\n\x07250 TJ3\x00', 'r1_equipment_status': '7315', 'fail_code': '48', 'recerve': '0', 'prod_num': 247, 'r1_rob_no': '4', 'r1_weld_line_no': '0', 'r1_electric': '183.96990966796875', 'r1_voltage': '13.838252067565918', 'r1_speed': '0.0', 'r1_job': '0', 'r2_rob_no': '104', 'r2_weld_line_no': '0', 'r2_electric': '0.0', 'r2_voltage': '0.0', 'r2_speed': '0.0', 'r2_job': '0', 'replace_status': '0', 'part_status': '0', 'r1_protective_gas': '572', 'r1_welding_wire': '0', 'r2_protective_gas': '0', 'r2_welding_wire': '0', 'login_id': '\n\x00\x00\x00\x00\x00\x00\x00\x00\x00', 'login_password': '\n\x00\x00\x00\x00\x00\x00\x00\x00\x00'}
2021-03-02  15:12:35 Tue root INFO ('\n\x07250 TJ3\x00', '7315', '48', 247, '4', '0', '183.96990966796875', '13.838252067565918', '0.0', '0', '104', '0', '0.0', '0.0', '0.0', '0', '0', '572', '0', '0', '0', '\n\x00\x00\x00\x00\x00\x00\x00\x00\x00', '\n\x00\x00\x00\x00\x00\x00\x00\x00\x00', '0', '0', '2021-03-02 15:12:35')
2021-03-02  15:12:35 Tue root INFO 成功添加数据
2021-03-02  15:12:35 Tue root INFO mes_plc_r4
2021-03-02  15:12:36 Tue root INFO 读取插入数据库数据：{'product_type': '\n\x07250 PCB\x00', 'r1_equipment_status': '6803', 'fail_code': '0', 'recerve': '0', 'prod_num': 21, 'r1_rob_no': '4', 'r1_weld_line_no': '0', 'r1_electric': '182.8848419189453', 'r1_voltage': '118.51490783691406', 'r1_speed': '0.0', 'r1_job': '0', 'r2_rob_no': '104', 'r2_weld_line_no': '0', 'r2_electric': '0.0', 'r2_voltage': '0.0', 'r2_speed': '0.0', 'r2_job': '0', 'replace_status': '0', 'part_status': '0', 'r1_protective_gas': '1550', 'r1_welding_wire': '0', 'r2_protective_gas': '0', 'r2_welding_wire': '0', 'login_id': '\n\x00\x00\x00\x00\x00\x00\x00\x00\x00', 'login_password': '\n\x00\x00\x00\x00\x00\x00\x00\x00\x00'}
2021-03-02  15:12:36 Tue root INFO ('\n\x07250 PCB\x00', '6803', '0', 21, '4', '0', '182.8848419189453', '118.51490783691406', '0.0', '0', '104', '0', '0.0', '0.0', '0.0', '0', '0', '1550', '0', '0', '0', '\n\x00\x00\x00\x00\x00\x00\x00\x00\x00', '\n\x00\x00\x00\x00\x00\x00\x00\x00\x00', '0', '0', '2021-03-02 15:12:36')
2021-03-02  15:12:36 Tue root INFO 成功添加数据
2021-03-02  15:12:36 Tue root INFO mes_plc_r5
2021-03-02  15:12:36 Tue root INFO 读取插入数据库数据：{'product_type': '\n\x00\x00\x00\x00\x00\x00\x00\x00\x00', 'r1_equipment_status': '6162', 'fail_code': '16', 'recerve': '0', 'prod_num': 0, 'r1_rob_no': '0', 'r1_weld_line_no': '0', 'r1_electric': '179.91897583007812', 'r1_voltage': '13.422308921813965', 'r1_speed': '0.0', 'r1_job': '0', 'r2_rob_no': '0', 'r2_weld_line_no': '0', 'r2_electric': '179.2679443359375', 'r2_voltage': '13.404224395751953', 'r2_speed': '0.0', 'r2_job': '0', 'replace_status': '0', 'part_status': '0', 'r1_protective_gas': '0', 'r1_welding_wire': '0', 'r2_protective_gas': '0', 'r2_welding_wire': '0', 'login_id': '\n\x00\x00\x00\x00\x00\x00\x00\x00\x00', 'login_password': '\n\x00\x00\x00\x00\x00\x00\x00\x00\x00'}
2021-03-02  15:12:36 Tue root INFO ('\n\x00\x00\x00\x00\x00\x00\x00\x00\x00', '6162', '16', 0, '0', '0', '179.91897583007812', '13.422308921813965', '0.0', '0', '0', '0', '179.2679443359375', '13.404224395751953', '0.0', '0', '0', '0', '0', '0', '0', '\n\x00\x00\x00\x00\x00\x00\x00\x00\x00', '\n\x00\x00\x00\x00\x00\x00\x00\x00\x00', '0', '0', '2021-03-02 15:12:36')
2021-03-02  15:12:36 Tue root INFO 成功添加数据
2021-03-02  15:12:36 Tue root INFO mes_plc_r6
2021-03-02  15:12:37 Tue root INFO 读取插入数据库数据：{'product_type': '\n\x00\x00\x00\x00\x00\x00\x00\x00\x00', 'r1_equipment_status': '0', 'fail_code': '0', 'recerve': '10', 'prod_num': 19, 'r1_rob_no': '0', 'r1_weld_line_no': '0', 'r1_electric': '0.0', 'r1_voltage': '0.0', 'r1_speed': '0.0', 'r1_job': '0', 'r2_rob_no': '0', 'r2_weld_line_no': '0', 'r2_electric': '0.0', 'r2_voltage': '0.0', 'r2_speed': '0.0', 'r2_job': '0', 'replace_status': '0', 'part_status': '0', 'r1_protective_gas': '0', 'r1_welding_wire': '0', 'r2_protective_gas': '0', 'r2_welding_wire': '0', 'login_id': '\n\x00\x00\x00\x00\x00\x00\x00\x00\x00', 'login_password': '\n\x00\x00\x00\x00\x00\x00\x00\x00\x00'}
2021-03-02  15:12:37 Tue root INFO ('\n\x00\x00\x00\x00\x00\x00\x00\x00\x00', '0', '0', 19, '0', '0', '0.0', '0.0', '0.0', '0', '0', '0', '0.0', '0.0', '0.0', '0', '0', '0', '0', '0', '0', '\n\x00\x00\x00\x00\x00\x00\x00\x00\x00', '\n\x00\x00\x00\x00\x00\x00\x00\x00\x00', '0', '10', '2021-03-02 15:12:37')
2021-03-02  15:12:37 Tue root INFO 成功添加数据
2021-03-02  15:13:37 Tue root INFO plc连接状态:[1, 1, 1, 1, 1, 1]
2021-03-02  15:13:37 Tue root INFO mes_plc
2021-03-02  15:13:37 Tue root INFO 读取插入数据库数据：{'product_type': '\n\x07250 YDG\x00', 'r1_equipment_status': '7315', 'fail_code': '0', 'recerve': '0', 'prod_num': 44, 'r1_rob_no': '4', 'r1_weld_line_no': '0', 'r1_electric': '182.3784637451172', 'r1_voltage': '13.28125', 'r1_speed': '0.0', 'r1_job': '0', 'r2_rob_no': '104', 'r2_weld_line_no': '0', 'r2_electric': '0.0', 'r2_voltage': '0.0', 'r2_speed': '0.0', 'r2_job': '0', 'replace_status': '0', 'part_status': '0', 'r1_protective_gas': '0', 'r1_welding_wire': '0', 'r2_protective_gas': '0', 'r2_welding_wire': '0', 'login_id': '\n\x00\x00\x00\x00\x00\x00\x00\x00\x00', 'login_password': '\n\x00\x00\x00\x00\x00\x00\x00\x00\x00'}
2021-03-02  15:13:37 Tue root INFO ('\n\x07250 YDG\x00', '7315', '0', 44, '4', '0', '182.3784637451172', '13.28125', '0.0', '0', '104', '0', '0.0', '0.0', '0.0', '0', '0', '0', '0', '0', '0', '\n\x00\x00\x00\x00\x00\x00\x00\x00\x00', '\n\x00\x00\x00\x00\x00\x00\x00\x00\x00', '0', '0', '2021-03-02 15:13:37')
2021-03-02  15:13:37 Tue root INFO 成功添加数据
2021-03-02  15:13:37 Tue root INFO mes_plc_r2
2021-03-02  15:13:37 Tue root INFO 读取插入数据库数据：{'product_type': '\n\x07250 TJ1\x00', 'r1_equipment_status': '5267', 'fail_code': '48', 'recerve': '0', 'prod_num': 242, 'r1_rob_no': '4', 'r1_weld_line_no': '0', 'r1_electric': '181.6840362548828', 'r1_voltage': '13.129340171813965', 'r1_speed': '0.0', 'r1_job': '0', 'r2_rob_no': '104', 'r2_weld_line_no': '0', 'r2_electric': '0.0', 'r2_voltage': '0.0', 'r2_speed': '0.0', 'r2_job': '0', 'replace_status': '0', 'part_status': '0', 'r1_protective_gas': '610', 'r1_welding_wire': '0', 'r2_protective_gas': '0', 'r2_welding_wire': '0', 'login_id': '\n\x00\x00\x00\x00\x00\x00\x00\x00\x00', 'login_password': '\n\x00\x00\x00\x00\x00\x00\x00\x00\x00'}
2021-03-02  15:13:37 Tue root INFO ('\n\x07250 TJ1\x00', '5267', '48', 242, '4', '0', '181.6840362548828', '13.129340171813965', '0.0', '0', '104', '0', '0.0', '0.0', '0.0', '0', '0', '610', '0', '0', '0', '\n\x00\x00\x00\x00\x00\x00\x00\x00\x00', '\n\x00\x00\x00\x00\x00\x00\x00\x00\x00', '0', '0', '2021-03-02 15:13:37')
2021-03-02  15:13:37 Tue root INFO 成功添加数据
2021-03-02  15:13:37 Tue root INFO mes_plc_r3
2021-03-02  15:13:38 Tue root INFO 读取插入数据库数据：{'product_type': '\n\x07250 TJ3\x00', 'r1_equipment_status': '7315', 'fail_code': '48', 'recerve': '0', 'prod_num': 247, 'r1_rob_no': '4', 'r1_weld_line_no': '0', 'r1_electric': '184.0277862548828', 'r1_voltage': '13.838252067565918', 'r1_speed': '0.0', 'r1_job': '0', 'r2_rob_no': '104', 'r2_weld_line_no': '0', 'r2_electric': '0.0', 'r2_voltage': '0.0', 'r2_speed': '0.0', 'r2_job': '0', 'replace_status': '0', 'part_status': '0', 'r1_protective_gas': '572', 'r1_welding_wire': '0', 'r2_protective_gas': '0', 'r2_welding_wire': '0', 'login_id': '\n\x00\x00\x00\x00\x00\x00\x00\x00\x00', 'login_password': '\n\x00\x00\x00\x00\x00\x00\x00\x00\x00'}
2021-03-02  15:13:38 Tue root INFO ('\n\x07250 TJ3\x00', '7315', '48', 247, '4', '0', '184.0277862548828', '13.838252067565918', '0.0', '0', '104', '0', '0.0', '0.0', '0.0', '0', '0', '572', '0', '0', '0', '\n\x00\x00\x00\x00\x00\x00\x00\x00\x00', '\n\x00\x00\x00\x00\x00\x00\x00\x00\x00', '0', '0', '2021-03-02 15:13:38')
2021-03-02  15:13:38 Tue root INFO 成功添加数据
2021-03-02  15:13:38 Tue root INFO mes_plc_r4
2021-03-02  15:13:38 Tue root INFO 读取插入数据库数据：{'product_type': '\n\x07250 PCB\x00', 'r1_equipment_status': '7315', 'fail_code': '0', 'recerve': '0', 'prod_num': 21, 'r1_rob_no': '4', 'r1_weld_line_no': '0', 'r1_electric': '183.1307830810547', 'r1_voltage': '13.17274284362793', 'r1_speed': '0.0', 'r1_job': '0', 'r2_rob_no': '104', 'r2_weld_line_no': '0', 'r2_electric': '0.0', 'r2_voltage': '0.0', 'r2_speed': '0.0', 'r2_job': '0', 'replace_status': '0', 'part_status': '0', 'r1_protective_gas': '1563', 'r1_welding_wire': '0', 'r2_protective_gas': '0', 'r2_welding_wire': '0', 'login_id': '\n\x00\x00\x00\x00\x00\x00\x00\x00\x00', 'login_password': '\n\x00\x00\x00\x00\x00\x00\x00\x00\x00'}
2021-03-02  15:13:38 Tue root INFO ('\n\x07250 PCB\x00', '7315', '0', 21, '4', '0', '183.1307830810547', '13.17274284362793', '0.0', '0', '104', '0', '0.0', '0.0', '0.0', '0', '0', '1563', '0', '0', '0', '\n\x00\x00\x00\x00\x00\x00\x00\x00\x00', '\n\x00\x00\x00\x00\x00\x00\x00\x00\x00', '0', '0', '2021-03-02 15:13:38')
2021-03-02  15:13:38 Tue root INFO 成功添加数据
2021-03-02  15:13:38 Tue root INFO mes_plc_r5
2021-03-02  15:13:38 Tue root INFO 读取插入数据库数据：{'product_type': '\n\x00\x00\x00\x00\x00\x00\x00\x00\x00', 'r1_equipment_status': '6162', 'fail_code': '16', 'recerve': '0', 'prod_num': 0, 'r1_rob_no': '0', 'r1_weld_line_no': '0', 'r1_electric': '179.90451049804688', 'r1_voltage': '13.429543495178223', 'r1_speed': '0.0', 'r1_job': '0', 'r2_rob_no': '0', 'r2_weld_line_no': '0', 'r2_electric': '179.3981475830078', 'r2_voltage': '13.407841682434082', 'r2_speed': '0.0', 'r2_job': '0', 'replace_status': '0', 'part_status': '0', 'r1_protective_gas': '0', 'r1_welding_wire': '0', 'r2_protective_gas': '0', 'r2_welding_wire': '0', 'login_id': '\n\x00\x00\x00\x00\x00\x00\x00\x00\x00', 'login_password': '\n\x00\x00\x00\x00\x00\x00\x00\x00\x00'}
2021-03-02  15:13:38 Tue root INFO ('\n\x00\x00\x00\x00\x00\x00\x00\x00\x00', '6162', '16', 0, '0', '0', '179.90451049804688', '13.429543495178223', '0.0', '0', '0', '0', '179.3981475830078', '13.407841682434082', '0.0', '0', '0', '0', '0', '0', '0', '\n\x00\x00\x00\x00\x00\x00\x00\x00\x00', '\n\x00\x00\x00\x00\x00\x00\x00\x00\x00', '0', '0', '2021-03-02 15:13:38')
2021-03-02  15:13:39 Tue root INFO 成功添加数据
2021-03-02  15:13:39 Tue root INFO mes_plc_r6
2021-03-02  15:13:39 Tue root INFO 读取插入数据库数据：{'product_type': '\n\x00\x00\x00\x00\x00\x00\x00\x00\x00', 'r1_equipment_status': '0', 'fail_code': '0', 'recerve': '10', 'prod_num': 19, 'r1_rob_no': '0', 'r1_weld_line_no': '0', 'r1_electric': '0.0', 'r1_voltage': '0.0', 'r1_speed': '0.0', 'r1_job': '0', 'r2_rob_no': '0', 'r2_weld_line_no': '0', 'r2_electric': '0.0', 'r2_voltage': '0.0', 'r2_speed': '0.0', 'r2_job': '0', 'replace_status': '0', 'part_status': '0', 'r1_protective_gas': '0', 'r1_welding_wire': '0', 'r2_protective_gas': '0', 'r2_welding_wire': '0', 'login_id': '\n\x00\x00\x00\x00\x00\x00\x00\x00\x00', 'login_password': '\n\x00\x00\x00\x00\x00\x00\x00\x00\x00'}
2021-03-02  15:13:39 Tue root INFO ('\n\x00\x00\x00\x00\x00\x00\x00\x00\x00', '0', '0', 19, '0', '0', '0.0', '0.0', '0.0', '0', '0', '0', '0.0', '0.0', '0.0', '0', '0', '0', '0', '0', '0', '\n\x00\x00\x00\x00\x00\x00\x00\x00\x00', '\n\x00\x00\x00\x00\x00\x00\x00\x00\x00', '0', '10', '2021-03-02 15:13:39')
2021-03-02  15:13:39 Tue root INFO 成功添加数据
2021-03-02  15:14:39 Tue root INFO plc连接状态:[1, 1, 1, 1, 1, 1]
2021-03-02  15:14:39 Tue root INFO mes_plc
2021-03-02  15:14:39 Tue root INFO 读取插入数据库数据：{'product_type': '\n\x07250 YDG\x00', 'r1_equipment_status': '7315', 'fail_code': '0', 'recerve': '0', 'prod_num': 44, 'r1_rob_no': '4', 'r1_weld_line_no': '0', 'r1_electric': '182.36399841308594', 'r1_voltage': '13.284866333007812', 'r1_speed': '0.0', 'r1_job': '0', 'r2_rob_no': '104', 'r2_weld_line_no': '0', 'r2_electric': '0.0', 'r2_voltage': '0.0', 'r2_speed': '0.0', 'r2_job': '0', 'replace_status': '0', 'part_status': '0', 'r1_protective_gas': '0', 'r1_welding_wire': '0', 'r2_protective_gas': '0', 'r2_welding_wire': '0', 'login_id': '\n\x00\x00\x00\x00\x00\x00\x00\x00\x00', 'login_password': '\n\x00\x00\x00\x00\x00\x00\x00\x00\x00'}
2021-03-02  15:14:39 Tue root INFO ('\n\x07250 YDG\x00', '7315', '0', 44, '4', '0', '182.36399841308594', '13.284866333007812', '0.0', '0', '104', '0', '0.0', '0.0', '0.0', '0', '0', '0', '0', '0', '0', '\n\x00\x00\x00\x00\x00\x00\x00\x00\x00', '\n\x00\x00\x00\x00\x00\x00\x00\x00\x00', '0', '0', '2021-03-02 15:14:39')
2021-03-02  15:14:39 Tue root INFO 成功添加数据
2021-03-02  15:14:39 Tue root INFO mes_plc_r2
2021-03-02  15:14:40 Tue root INFO 读取插入数据库数据：{'product_type': '\n\x07250 TJ1\x00', 'r1_equipment_status': '5267', 'fail_code': '48', 'recerve': '0', 'prod_num': 242, 'r1_rob_no': '4', 'r1_weld_line_no': '0', 'r1_electric': '181.6695556640625', 'r1_voltage': '13.12210750579834', 'r1_speed': '0.0', 'r1_job': '0', 'r2_rob_no': '104', 'r2_weld_line_no': '0', 'r2_electric': '0.0', 'r2_voltage': '0.0', 'r2_speed': '0.0', 'r2_job': '0', 'replace_status': '0', 'part_status': '0', 'r1_protective_gas': '610', 'r1_welding_wire': '0', 'r2_protective_gas': '0', 'r2_welding_wire': '0', 'login_id': '\n\x00\x00\x00\x00\x00\x00\x00\x00\x00', 'login_password': '\n\x00\x00\x00\x00\x00\x00\x00\x00\x00'}
2021-03-02  15:14:40 Tue root INFO ('\n\x07250 TJ1\x00', '5267', '48', 242, '4', '0', '181.6695556640625', '13.12210750579834', '0.0', '0', '104', '0', '0.0', '0.0', '0.0', '0', '0', '610', '0', '0', '0', '\n\x00\x00\x00\x00\x00\x00\x00\x00\x00', '\n\x00\x00\x00\x00\x00\x00\x00\x00\x00', '0', '0', '2021-03-02 15:14:40')
2021-03-02  15:14:40 Tue root INFO 成功添加数据
2021-03-02  15:14:40 Tue root INFO mes_plc_r3
2021-03-02  15:14:40 Tue root INFO 读取插入数据库数据：{'product_type': '\n\x07250 TJ3\x00', 'r1_equipment_status': '7315', 'fail_code': '48', 'recerve': '0', 'prod_num': 247, 'r1_rob_no': '4', 'r1_weld_line_no': '0', 'r1_electric': '184.0567169189453', 'r1_voltage': '13.827401161193848', 'r1_speed': '0.0', 'r1_job': '0', 'r2_rob_no': '104', 'r2_weld_line_no': '0', 'r2_electric': '0.0', 'r2_voltage': '0.0', 'r2_speed': '0.0', 'r2_job': '0', 'replace_status': '0', 'part_status': '0', 'r1_protective_gas': '572', 'r1_welding_wire': '0', 'r2_protective_gas': '0', 'r2_welding_wire': '0', 'login_id': '\n\x00\x00\x00\x00\x00\x00\x00\x00\x00', 'login_password': '\n\x00\x00\x00\x00\x00\x00\x00\x00\x00'}
2021-03-02  15:14:40 Tue root INFO ('\n\x07250 TJ3\x00', '7315', '48', 247, '4', '0', '184.0567169189453', '13.827401161193848', '0.0', '0', '104', '0', '0.0', '0.0', '0.0', '0', '0', '572', '0', '0', '0', '\n\x00\x00\x00\x00\x00\x00\x00\x00\x00', '\n\x00\x00\x00\x00\x00\x00\x00\x00\x00', '0', '0', '2021-03-02 15:14:40')
2021-03-02  15:14:40 Tue root INFO 成功添加数据
2021-03-02  15:14:40 Tue root INFO mes_plc_r4
2021-03-02  15:14:40 Tue root INFO 读取插入数据库数据：{'product_type': '\n\x07250 PCB\x00', 'r1_equipment_status': '7233', 'fail_code': '0', 'recerve': '0', 'prod_num': 21, 'r1_rob_no': '4', 'r1_weld_line_no': '0', 'r1_electric': '183.05845642089844', 'r1_voltage': '13.187210083007812', 'r1_speed': '0.0', 'r1_job': '0', 'r2_rob_no': '104', 'r2_weld_line_no': '0', 'r2_electric': '0.0', 'r2_voltage': '0.0', 'r2_speed': '0.0', 'r2_job': '0', 'replace_status': '0', 'part_status': '0', 'r1_protective_gas': '1582', 'r1_welding_wire': '0', 'r2_protective_gas': '0', 'r2_welding_wire': '0', 'login_id': '\n\x00\x00\x00\x00\x00\x00\x00\x00\x00', 'login_password': '\n\x00\x00\x00\x00\x00\x00\x00\x00\x00'}
2021-03-02  15:14:40 Tue root INFO ('\n\x07250 PCB\x00', '7233', '0', 21, '4', '0', '183.05845642089844', '13.187210083007812', '0.0', '0', '104', '0', '0.0', '0.0', '0.0', '0', '0', '1582', '0', '0', '0', '\n\x00\x00\x00\x00\x00\x00\x00\x00\x00', '\n\x00\x00\x00\x00\x00\x00\x00\x00\x00', '0', '0', '2021-03-02 15:14:40')
2021-03-02  15:14:40 Tue root INFO 成功添加数据
2021-03-02  15:14:40 Tue root INFO mes_plc_r5
2021-03-02  15:14:41 Tue root INFO 读取插入数据库数据：{'product_type': '\n\x00\x00\x00\x00\x00\x00\x00\x00\x00', 'r1_equipment_status': '6162', 'fail_code': '16', 'recerve': '0', 'prod_num': 0, 'r1_rob_no': '0', 'r1_weld_line_no': '0', 'r1_electric': '179.87557983398438', 'r1_voltage': '13.436776161193848', 'r1_speed': '0.0', 'r1_job': '0', 'r2_rob_no': '0', 'r2_weld_line_no': '0', 'r2_electric': '179.3402862548828', 'r2_voltage': '13.404224395751953', 'r2_speed': '0.0', 'r2_job': '0', 'replace_status': '0', 'part_status': '0', 'r1_protective_gas': '0', 'r1_welding_wire': '0', 'r2_protective_gas': '0', 'r2_welding_wire': '0', 'login_id': '\n\x00\x00\x00\x00\x00\x00\x00\x00\x00', 'login_password': '\n\x00\x00\x00\x00\x00\x00\x00\x00\x00'}
2021-03-02  15:14:41 Tue root INFO ('\n\x00\x00\x00\x00\x00\x00\x00\x00\x00', '6162', '16', 0, '0', '0', '179.87557983398438', '13.436776161193848', '0.0', '0', '0', '0', '179.3402862548828', '13.404224395751953', '0.0', '0', '0', '0', '0', '0', '0', '\n\x00\x00\x00\x00\x00\x00\x00\x00\x00', '\n\x00\x00\x00\x00\x00\x00\x00\x00\x00', '0', '0', '2021-03-02 15:14:41')
2021-03-02  15:14:41 Tue root INFO 成功添加数据
2021-03-02  15:14:41 Tue root INFO mes_plc_r6
2021-03-02  15:14:41 Tue root INFO 读取插入数据库数据：{'product_type': '\n\x00\x00\x00\x00\x00\x00\x00\x00\x00', 'r1_equipment_status': '0', 'fail_code': '0', 'recerve': '10', 'prod_num': 19, 'r1_rob_no': '0', 'r1_weld_line_no': '0', 'r1_electric': '0.0', 'r1_voltage': '0.0', 'r1_speed': '0.0', 'r1_job': '0', 'r2_rob_no': '0', 'r2_weld_line_no': '0', 'r2_electric': '0.0', 'r2_voltage': '0.0', 'r2_speed': '0.0', 'r2_job': '0', 'replace_status': '0', 'part_status': '0', 'r1_protective_gas': '0', 'r1_welding_wire': '0', 'r2_protective_gas': '0', 'r2_welding_wire': '0', 'login_id': '\n\x00\x00\x00\x00\x00\x00\x00\x00\x00', 'login_password': '\n\x00\x00\x00\x00\x00\x00\x00\x00\x00'}
2021-03-02  15:14:41 Tue root INFO ('\n\x00\x00\x00\x00\x00\x00\x00\x00\x00', '0', '0', 19, '0', '0', '0.0', '0.0', '0.0', '0', '0', '0', '0.0', '0.0', '0.0', '0', '0', '0', '0', '0', '0', '\n\x00\x00\x00\x00\x00\x00\x00\x00\x00', '\n\x00\x00\x00\x00\x00\x00\x00\x00\x00', '0', '10', '2021-03-02 15:14:41')
2021-03-02  15:14:41 Tue root INFO 成功添加数据
2021-03-02  15:15:41 Tue root INFO plc连接状态:[1, 1, 1, 1, 1, 1]
2021-03-02  15:15:41 Tue root INFO mes_plc
2021-03-02  15:15:42 Tue root INFO 读取插入数据库数据：{'product_type': '\n\x07250 YDG\x00', 'r1_equipment_status': '7315', 'fail_code': '0', 'recerve': '0', 'prod_num': 44, 'r1_rob_no': '4', 'r1_weld_line_no': '0', 'r1_electric': '182.33506774902344', 'r1_voltage': '13.295717239379883', 'r1_speed': '0.0', 'r1_job': '0', 'r2_rob_no': '104', 'r2_weld_line_no': '0', 'r2_electric': '0.0', 'r2_voltage': '0.0', 'r2_speed': '0.0', 'r2_job': '0', 'replace_status': '0', 'part_status': '0', 'r1_protective_gas': '0', 'r1_welding_wire': '0', 'r2_protective_gas': '0', 'r2_welding_wire': '0', 'login_id': '\n\x00\x00\x00\x00\x00\x00\x00\x00\x00', 'login_password': '\n\x00\x00\x00\x00\x00\x00\x00\x00\x00'}
2021-03-02  15:15:42 Tue root INFO ('\n\x07250 YDG\x00', '7315', '0', 44, '4', '0', '182.33506774902344', '13.295717239379883', '0.0', '0', '104', '0', '0.0', '0.0', '0.0', '0', '0', '0', '0', '0', '0', '\n\x00\x00\x00\x00\x00\x00\x00\x00\x00', '\n\x00\x00\x00\x00\x00\x00\x00\x00\x00', '0', '0', '2021-03-02 15:15:42')
2021-03-02  15:15:42 Tue root INFO 成功添加数据
2021-03-02  15:15:42 Tue root INFO mes_plc_r2
2021-03-02  15:15:42 Tue root INFO 读取插入数据库数据：{'product_type': '\n\x07250 TJ1\x00', 'r1_equipment_status': '5267', 'fail_code': '48', 'recerve': '0', 'prod_num': 242, 'r1_rob_no': '4', 'r1_weld_line_no': '0', 'r1_electric': '181.6840362548828', 'r1_voltage': '13.129340171813965', 'r1_speed': '0.0', 'r1_job': '0', 'r2_rob_no': '104', 'r2_weld_line_no': '0', 'r2_electric': '0.0', 'r2_voltage': '0.0', 'r2_speed': '0.0', 'r2_job': '0', 'replace_status': '0', 'part_status': '0', 'r1_protective_gas': '610', 'r1_welding_wire': '0', 'r2_protective_gas': '0', 'r2_welding_wire': '0', 'login_id': '\n\x00\x00\x00\x00\x00\x00\x00\x00\x00', 'login_password': '\n\x00\x00\x00\x00\x00\x00\x00\x00\x00'}
2021-03-02  15:15:42 Tue root INFO ('\n\x07250 TJ1\x00', '5267', '48', 242, '4', '0', '181.6840362548828', '13.129340171813965', '0.0', '0', '104', '0', '0.0', '0.0', '0.0', '0', '0', '610', '0', '0', '0', '\n\x00\x00\x00\x00\x00\x00\x00\x00\x00', '\n\x00\x00\x00\x00\x00\x00\x00\x00\x00', '0', '0', '2021-03-02 15:15:42')
2021-03-02  15:15:42 Tue root INFO 成功添加数据
2021-03-02  15:15:42 Tue root INFO mes_plc_r3
2021-03-02  15:15:42 Tue root INFO 读取插入数据库数据：{'product_type': '\n\x07250 TJ3\x00', 'r1_equipment_status': '7315', 'fail_code': '48', 'recerve': '0', 'prod_num': 247, 'r1_rob_no': '4', 'r1_weld_line_no': '0', 'r1_electric': '184.04225158691406', 'r1_voltage': '13.834635734558105', 'r1_speed': '0.0', 'r1_job': '0', 'r2_rob_no': '104', 'r2_weld_line_no': '0', 'r2_electric': '0.0', 'r2_voltage': '0.0', 'r2_speed': '0.0', 'r2_job': '0', 'replace_status': '0', 'part_status': '0', 'r1_protective_gas': '572', 'r1_welding_wire': '0', 'r2_protective_gas': '0', 'r2_welding_wire': '0', 'login_id': '\n\x00\x00\x00\x00\x00\x00\x00\x00\x00', 'login_password': '\n\x00\x00\x00\x00\x00\x00\x00\x00\x00'}
2021-03-02  15:15:42 Tue root INFO ('\n\x07250 TJ3\x00', '7315', '48', 247, '4', '0', '184.04225158691406', '13.834635734558105', '0.0', '0', '104', '0', '0.0', '0.0', '0.0', '0', '0', '572', '0', '0', '0', '\n\x00\x00\x00\x00\x00\x00\x00\x00\x00', '\n\x00\x00\x00\x00\x00\x00\x00\x00\x00', '0', '0', '2021-03-02 15:15:42')
2021-03-02  15:15:42 Tue root INFO 成功添加数据
2021-03-02  15:15:42 Tue root INFO mes_plc_r4
2021-03-02  15:15:43 Tue root INFO 读取插入数据库数据：{'product_type': '\n\x07250 PCB\x00', 'r1_equipment_status': '7315', 'fail_code': '0', 'recerve': '0', 'prod_num': 21, 'r1_rob_no': '4', 'r1_weld_line_no': '0', 'r1_electric': '183.08738708496094', 'r1_voltage': '13.20529556274414', 'r1_speed': '0.0', 'r1_job': '0', 'r2_rob_no': '104', 'r2_weld_line_no': '0', 'r2_electric': '0.0', 'r2_voltage': '0.0', 'r2_speed': '0.0', 'r2_job': '0', 'replace_status': '0', 'part_status': '0', 'r1_protective_gas': '1607', 'r1_welding_wire': '0', 'r2_protective_gas': '0', 'r2_welding_wire': '0', 'login_id': '\n\x00\x00\x00\x00\x00\x00\x00\x00\x00', 'login_password': '\n\x00\x00\x00\x00\x00\x00\x00\x00\x00'}
2021-03-02  15:15:43 Tue root INFO ('\n\x07250 PCB\x00', '7315', '0', 21, '4', '0', '183.08738708496094', '13.20529556274414', '0.0', '0', '104', '0', '0.0', '0.0', '0.0', '0', '0', '1607', '0', '0', '0', '\n\x00\x00\x00\x00\x00\x00\x00\x00\x00', '\n\x00\x00\x00\x00\x00\x00\x00\x00\x00', '0', '0', '2021-03-02 15:15:43')
2021-03-02  15:15:43 Tue root INFO 成功添加数据
2021-03-02  15:15:43 Tue root INFO mes_plc_r5
2021-03-02  15:15:43 Tue root INFO 读取插入数据库数据：{'product_type': '\n\x00\x00\x00\x00\x00\x00\x00\x00\x00', 'r1_equipment_status': '6162', 'fail_code': '16', 'recerve': '0', 'prod_num': 0, 'r1_rob_no': '0', 'r1_weld_line_no': '0', 'r1_electric': '179.90451049804688', 'r1_voltage': '13.46571159362793', 'r1_speed': '0.0', 'r1_job': '0', 'r2_rob_no': '0', 'r2_weld_line_no': '0', 'r2_electric': '179.3402862548828', 'r2_voltage': '13.407841682434082', 'r2_speed': '0.0', 'r2_job': '0', 'replace_status': '0', 'part_status': '0', 'r1_protective_gas': '0', 'r1_welding_wire': '0', 'r2_protective_gas': '0', 'r2_welding_wire': '0', 'login_id': '\n\x00\x00\x00\x00\x00\x00\x00\x00\x00', 'login_password': '\n\x00\x00\x00\x00\x00\x00\x00\x00\x00'}
2021-03-02  15:15:43 Tue root INFO ('\n\x00\x00\x00\x00\x00\x00\x00\x00\x00', '6162', '16', 0, '0', '0', '179.90451049804688', '13.46571159362793', '0.0', '0', '0', '0', '179.3402862548828', '13.407841682434082', '0.0', '0', '0', '0', '0', '0', '0', '\n\x00\x00\x00\x00\x00\x00\x00\x00\x00', '\n\x00\x00\x00\x00\x00\x00\x00\x00\x00', '0', '0', '2021-03-02 15:15:43')
2021-03-02  15:15:43 Tue root INFO 成功添加数据
2021-03-02  15:15:43 Tue root INFO mes_plc_r6
2021-03-02  15:15:44 Tue root INFO 读取插入数据库数据：{'product_type': '\n\x00\x00\x00\x00\x00\x00\x00\x00\x00', 'r1_equipment_status': '0', 'fail_code': '0', 'recerve': '10', 'prod_num': 19, 'r1_rob_no': '0', 'r1_weld_line_no': '0', 'r1_electric': '0.0', 'r1_voltage': '0.0', 'r1_speed': '0.0', 'r1_job': '0', 'r2_rob_no': '0', 'r2_weld_line_no': '0', 'r2_electric': '0.0', 'r2_voltage': '0.0', 'r2_speed': '0.0', 'r2_job': '0', 'replace_status': '0', 'part_status': '0', 'r1_protective_gas': '0', 'r1_welding_wire': '0', 'r2_protective_gas': '0', 'r2_welding_wire': '0', 'login_id': '\n\x00\x00\x00\x00\x00\x00\x00\x00\x00', 'login_password': '\n\x00\x00\x00\x00\x00\x00\x00\x00\x00'}
2021-03-02  15:15:44 Tue root INFO ('\n\x00\x00\x00\x00\x00\x00\x00\x00\x00', '0', '0', 19, '0', '0', '0.0', '0.0', '0.0', '0', '0', '0', '0.0', '0.0', '0.0', '0', '0', '0', '0', '0', '0', '\n\x00\x00\x00\x00\x00\x00\x00\x00\x00', '\n\x00\x00\x00\x00\x00\x00\x00\x00\x00', '0', '10', '2021-03-02 15:15:44')
2021-03-02  15:15:44 Tue root INFO 成功添加数据
2021-03-02  15:16:44 Tue root INFO plc连接状态:[1, 1, 1, 1, 1, 1]
2021-03-02  15:16:44 Tue root INFO mes_plc
2021-03-02  15:16:44 Tue root INFO 读取插入数据库数据：{'product_type': '\n\x07250 YDG\x00', 'r1_equipment_status': '7315', 'fail_code': '0', 'recerve': '0', 'prod_num': 44, 'r1_rob_no': '4', 'r1_weld_line_no': '0', 'r1_electric': '182.3206024169922', 'r1_voltage': '13.28125', 'r1_speed': '0.0', 'r1_job': '0', 'r2_rob_no': '104', 'r2_weld_line_no': '0', 'r2_electric': '0.0', 'r2_voltage': '0.0', 'r2_speed': '0.0', 'r2_job': '0', 'replace_status': '0', 'part_status': '0', 'r1_protective_gas': '0', 'r1_welding_wire': '0', 'r2_protective_gas': '0', 'r2_welding_wire': '0', 'login_id': '\n\x00\x00\x00\x00\x00\x00\x00\x00\x00', 'login_password': '\n\x00\x00\x00\x00\x00\x00\x00\x00\x00'}
2021-03-02  15:16:44 Tue root INFO ('\n\x07250 YDG\x00', '7315', '0', 44, '4', '0', '182.3206024169922', '13.28125', '0.0', '0', '104', '0', '0.0', '0.0', '0.0', '0', '0', '0', '0', '0', '0', '\n\x00\x00\x00\x00\x00\x00\x00\x00\x00', '\n\x00\x00\x00\x00\x00\x00\x00\x00\x00', '0', '0', '2021-03-02 15:16:44')
2021-03-02  15:16:44 Tue root INFO 成功添加数据
2021-03-02  15:16:44 Tue root INFO mes_plc_r2
2021-03-02  15:16:45 Tue root INFO 读取插入数据库数据：{'product_type': '\n\x07250 TJ1\x00', 'r1_equipment_status': '5267', 'fail_code': '48', 'recerve': '0', 'prod_num': 242, 'r1_rob_no': '4', 'r1_weld_line_no': '0', 'r1_electric': '181.65509033203125', 'r1_voltage': '13.12210750579834', 'r1_speed': '0.0', 'r1_job': '0', 'r2_rob_no': '104', 'r2_weld_line_no': '0', 'r2_electric': '0.0', 'r2_voltage': '0.0', 'r2_speed': '0.0', 'r2_job': '0', 'replace_status': '0', 'part_status': '0', 'r1_protective_gas': '610', 'r1_welding_wire': '0', 'r2_protective_gas': '0', 'r2_welding_wire': '0', 'login_id': '\n\x00\x00\x00\x00\x00\x00\x00\x00\x00', 'login_password': '\n\x00\x00\x00\x00\x00\x00\x00\x00\x00'}
2021-03-02  15:16:45 Tue root INFO ('\n\x07250 TJ1\x00', '5267', '48', 242, '4', '0', '181.65509033203125', '13.12210750579834', '0.0', '0', '104', '0', '0.0', '0.0', '0.0', '0', '0', '610', '0', '0', '0', '\n\x00\x00\x00\x00\x00\x00\x00\x00\x00', '\n\x00\x00\x00\x00\x00\x00\x00\x00\x00', '0', '0', '2021-03-02 15:16:45')
2021-03-02  15:16:45 Tue root INFO 成功添加数据
2021-03-02  15:16:45 Tue root INFO mes_plc_r3
2021-03-02  15:16:45 Tue root INFO 读取插入数据库数据：{'product_type': '\n\x07250 TJ3\x00', 'r1_equipment_status': '7315', 'fail_code': '48', 'recerve': '0', 'prod_num': 247, 'r1_rob_no': '4', 'r1_weld_line_no': '0', 'r1_electric': '184.04225158691406', 'r1_voltage': '13.823784828186035', 'r1_speed': '0.0', 'r1_job': '0', 'r2_rob_no': '104', 'r2_weld_line_no': '0', 'r2_electric': '0.0', 'r2_voltage': '0.0', 'r2_speed': '0.0', 'r2_job': '0', 'replace_status': '0', 'part_status': '0', 'r1_protective_gas': '572', 'r1_welding_wire': '0', 'r2_protective_gas': '0', 'r2_welding_wire': '0', 'login_id': '\n\x00\x00\x00\x00\x00\x00\x00\x00\x00', 'login_password': '\n\x00\x00\x00\x00\x00\x00\x00\x00\x00'}
2021-03-02  15:16:45 Tue root INFO ('\n\x07250 TJ3\x00', '7315', '48', 247, '4', '0', '184.04225158691406', '13.823784828186035', '0.0', '0', '104', '0', '0.0', '0.0', '0.0', '0', '0', '572', '0', '0', '0', '\n\x00\x00\x00\x00\x00\x00\x00\x00\x00', '\n\x00\x00\x00\x00\x00\x00\x00\x00\x00', '0', '0', '2021-03-02 15:16:45')
2021-03-02  15:16:45 Tue root INFO 成功添加数据
2021-03-02  15:16:45 Tue root INFO mes_plc_r4
2021-03-02  15:16:45 Tue root INFO 读取插入数据库数据：{'product_type': '\n\x07250 PCB\x00', 'r1_equipment_status': '6803', 'fail_code': '0', 'recerve': '0', 'prod_num': 22, 'r1_rob_no': '4', 'r1_weld_line_no': '0', 'r1_electric': '183.04397583007812', 'r1_voltage': '12.789352416992188', 'r1_speed': '0.0', 'r1_job': '0', 'r2_rob_no': '104', 'r2_weld_line_no': '0', 'r2_electric': '0.0', 'r2_voltage': '0.0', 'r2_speed': '0.0', 'r2_job': '0', 'replace_status': '0', 'part_status': '0', 'r1_protective_gas': '1619', 'r1_welding_wire': '0', 'r2_protective_gas': '0', 'r2_welding_wire': '0', 'login_id': '\n\x00\x00\x00\x00\x00\x00\x00\x00\x00', 'login_password': '\n\x00\x00\x00\x00\x00\x00\x00\x00\x00'}
2021-03-02  15:16:45 Tue root INFO ('\n\x07250 PCB\x00', '6803', '0', 22, '4', '0', '183.04397583007812', '12.789352416992188', '0.0', '0', '104', '0', '0.0', '0.0', '0.0', '0', '0', '1619', '0', '0', '0', '\n\x00\x00\x00\x00\x00\x00\x00\x00\x00', '\n\x00\x00\x00\x00\x00\x00\x00\x00\x00', '0', '0', '2021-03-02 15:16:45')
2021-03-02  15:16:45 Tue root INFO 成功添加数据
2021-03-02  15:16:45 Tue root INFO mes_plc_r5
2021-03-02  15:16:46 Tue root INFO 读取插入数据库数据：{'product_type': '\n\x00\x00\x00\x00\x00\x00\x00\x00\x00', 'r1_equipment_status': '6162', 'fail_code': '16', 'recerve': '0', 'prod_num': 0, 'r1_rob_no': '0', 'r1_weld_line_no': '0', 'r1_electric': '179.86111450195312', 'r1_voltage': '13.44039249420166', 'r1_speed': '0.0', 'r1_job': '0', 'r2_rob_no': '0', 'r2_weld_line_no': '0', 'r2_electric': '179.3692169189453', 'r2_voltage': '13.411458015441895', 'r2_speed': '0.0', 'r2_job': '0', 'replace_status': '0', 'part_status': '0', 'r1_protective_gas': '0', 'r1_welding_wire': '0', 'r2_protective_gas': '0', 'r2_welding_wire': '0', 'login_id': '\n\x00\x00\x00\x00\x00\x00\x00\x00\x00', 'login_password': '\n\x00\x00\x00\x00\x00\x00\x00\x00\x00'}
2021-03-02  15:16:46 Tue root INFO ('\n\x00\x00\x00\x00\x00\x00\x00\x00\x00', '6162', '16', 0, '0', '0', '179.86111450195312', '13.44039249420166', '0.0', '0', '0', '0', '179.3692169189453', '13.411458015441895', '0.0', '0', '0', '0', '0', '0', '0', '\n\x00\x00\x00\x00\x00\x00\x00\x00\x00', '\n\x00\x00\x00\x00\x00\x00\x00\x00\x00', '0', '0', '2021-03-02 15:16:46')
2021-03-02  15:16:46 Tue root INFO 成功添加数据
2021-03-02  15:16:46 Tue root INFO mes_plc_r6
2021-03-02  15:16:46 Tue root INFO 读取插入数据库数据：{'product_type': '\n\x00\x00\x00\x00\x00\x00\x00\x00\x00', 'r1_equipment_status': '0', 'fail_code': '0', 'recerve': '10', 'prod_num': 19, 'r1_rob_no': '0', 'r1_weld_line_no': '0', 'r1_electric': '0.0', 'r1_voltage': '0.0', 'r1_speed': '0.0', 'r1_job': '0', 'r2_rob_no': '0', 'r2_weld_line_no': '0', 'r2_electric': '0.0', 'r2_voltage': '0.0', 'r2_speed': '0.0', 'r2_job': '0', 'replace_status': '0', 'part_status': '0', 'r1_protective_gas': '0', 'r1_welding_wire': '0', 'r2_protective_gas': '0', 'r2_welding_wire': '0', 'login_id': '\n\x00\x00\x00\x00\x00\x00\x00\x00\x00', 'login_password': '\n\x00\x00\x00\x00\x00\x00\x00\x00\x00'}
2021-03-02  15:16:46 Tue root INFO ('\n\x00\x00\x00\x00\x00\x00\x00\x00\x00', '0', '0', 19, '0', '0', '0.0', '0.0', '0.0', '0', '0', '0', '0.0', '0.0', '0.0', '0', '0', '0', '0', '0', '0', '\n\x00\x00\x00\x00\x00\x00\x00\x00\x00', '\n\x00\x00\x00\x00\x00\x00\x00\x00\x00', '0', '10', '2021-03-02 15:16:46')
2021-03-02  15:16:46 Tue root INFO 成功添加数据
2021-03-02  15:17:46 Tue root INFO plc连接状态:[1, 1, 1, 1, 1, 1]
2021-03-02  15:17:46 Tue root INFO mes_plc
2021-03-02  15:17:48 Tue root INFO 读取插入数据库数据：{'product_type': '\n\x07250 YDG\x00', 'r1_equipment_status': '7315', 'fail_code': '0', 'recerve': '0', 'prod_num': 44, 'r1_rob_no': '4', 'r1_weld_line_no': '0', 'r1_electric': '182.30613708496094', 'r1_voltage': '13.295717239379883', 'r1_speed': '0.0', 'r1_job': '0', 'r2_rob_no': '104', 'r2_weld_line_no': '0', 'r2_electric': '0.0', 'r2_voltage': '0.0', 'r2_speed': '0.0', 'r2_job': '0', 'replace_status': '0', 'part_status': '0', 'r1_protective_gas': '0', 'r1_welding_wire': '0', 'r2_protective_gas': '0', 'r2_welding_wire': '0', 'login_id': '\n\x00\x00\x00\x00\x00\x00\x00\x00\x00', 'login_password': '\n\x00\x00\x00\x00\x00\x00\x00\x00\x00'}
2021-03-02  15:17:48 Tue root INFO ('\n\x07250 YDG\x00', '7315', '0', 44, '4', '0', '182.30613708496094', '13.295717239379883', '0.0', '0', '104', '0', '0.0', '0.0', '0.0', '0', '0', '0', '0', '0', '0', '\n\x00\x00\x00\x00\x00\x00\x00\x00\x00', '\n\x00\x00\x00\x00\x00\x00\x00\x00\x00', '0', '0', '2021-03-02 15:17:48')
2021-03-02  15:17:48 Tue root INFO 成功添加数据
2021-03-02  15:17:48 Tue root INFO mes_plc_r2
2021-03-02  15:17:48 Tue root INFO 读取插入数据库数据：{'product_type': '\n\x07250 TJ1\x00', 'r1_equipment_status': '5267', 'fail_code': '48', 'recerve': '0', 'prod_num': 242, 'r1_rob_no': '4', 'r1_weld_line_no': '0', 'r1_electric': '181.6695556640625', 'r1_voltage': '13.12210750579834', 'r1_speed': '0.0', 'r1_job': '0', 'r2_rob_no': '104', 'r2_weld_line_no': '0', 'r2_electric': '0.0', 'r2_voltage': '0.0', 'r2_speed': '0.0', 'r2_job': '0', 'replace_status': '0', 'part_status': '0', 'r1_protective_gas': '610', 'r1_welding_wire': '0', 'r2_protective_gas': '0', 'r2_welding_wire': '0', 'login_id': '\n\x00\x00\x00\x00\x00\x00\x00\x00\x00', 'login_password': '\n\x00\x00\x00\x00\x00\x00\x00\x00\x00'}
2021-03-02  15:17:48 Tue root INFO ('\n\x07250 TJ1\x00', '5267', '48', 242, '4', '0', '181.6695556640625', '13.12210750579834', '0.0', '0', '104', '0', '0.0', '0.0', '0.0', '0', '0', '610', '0', '0', '0', '\n\x00\x00\x00\x00\x00\x00\x00\x00\x00', '\n\x00\x00\x00\x00\x00\x00\x00\x00\x00', '0', '0', '2021-03-02 15:17:48')
2021-03-02  15:17:48 Tue root INFO 成功添加数据
2021-03-02  15:17:48 Tue root INFO mes_plc_r3
2021-03-02  15:17:48 Tue root INFO 读取插入数据库数据：{'product_type': '\n\x07250 TJ3\x00', 'r1_equipment_status': '7315', 'fail_code': '48', 'recerve': '0', 'prod_num': 247, 'r1_rob_no': '4', 'r1_weld_line_no': '0', 'r1_electric': '184.12904357910156', 'r1_voltage': '13.823784828186035', 'r1_speed': '0.0', 'r1_job': '0', 'r2_rob_no': '104', 'r2_weld_line_no': '0', 'r2_electric': '0.0', 'r2_voltage': '0.0', 'r2_speed': '0.0', 'r2_job': '0', 'replace_status': '0', 'part_status': '0', 'r1_protective_gas': '572', 'r1_welding_wire': '0', 'r2_protective_gas': '0', 'r2_welding_wire': '0', 'login_id': '\n\x00\x00\x00\x00\x00\x00\x00\x00\x00', 'login_password': '\n\x00\x00\x00\x00\x00\x00\x00\x00\x00'}
2021-03-02  15:17:48 Tue root INFO ('\n\x07250 TJ3\x00', '7315', '48', 247, '4', '0', '184.12904357910156', '13.823784828186035', '0.0', '0', '104', '0', '0.0', '0.0', '0.0', '0', '0', '572', '0', '0', '0', '\n\x00\x00\x00\x00\x00\x00\x00\x00\x00', '\n\x00\x00\x00\x00\x00\x00\x00\x00\x00', '0', '0', '2021-03-02 15:17:48')
2021-03-02  15:17:48 Tue root INFO 成功添加数据
2021-03-02  15:17:48 Tue root INFO mes_plc_r4
2021-03-02  15:17:49 Tue root INFO 读取插入数据库数据：{'product_type': '\n\x07250 PCB\x00', 'r1_equipment_status': '7315', 'fail_code': '0', 'recerve': '0', 'prod_num': 22, 'r1_rob_no': '4', 'r1_weld_line_no': '0', 'r1_electric': '183.02951049804688', 'r1_voltage': '13.190828323364258', 'r1_speed': '0.0', 'r1_job': '0', 'r2_rob_no': '104', 'r2_weld_line_no': '0', 'r2_electric': '0.0', 'r2_voltage': '0.0', 'r2_speed': '0.0', 'r2_job': '0', 'replace_status': '0', 'part_status': '0', 'r1_protective_gas': '1640', 'r1_welding_wire': '0', 'r2_protective_gas': '0', 'r2_welding_wire': '0', 'login_id': '\n\x00\x00\x00\x00\x00\x00\x00\x00\x00', 'login_password': '\n\x00\x00\x00\x00\x00\x00\x00\x00\x00'}
2021-03-02  15:17:49 Tue root INFO ('\n\x07250 PCB\x00', '7315', '0', 22, '4', '0', '183.02951049804688', '13.190828323364258', '0.0', '0', '104', '0', '0.0', '0.0', '0.0', '0', '0', '1640', '0', '0', '0', '\n\x00\x00\x00\x00\x00\x00\x00\x00\x00', '\n\x00\x00\x00\x00\x00\x00\x00\x00\x00', '0', '0', '2021-03-02 15:17:49')
2021-03-02  15:17:49 Tue root INFO 成功添加数据
2021-03-02  15:17:49 Tue root INFO mes_plc_r5
2021-03-02  15:17:49 Tue root INFO 读取插入数据库数据：{'product_type': '\n\x00\x00\x00\x00\x00\x00\x00\x00\x00', 'r1_equipment_status': '6162', 'fail_code': '16', 'recerve': '0', 'prod_num': 0, 'r1_rob_no': '0', 'r1_weld_line_no': '0', 'r1_electric': '179.84664916992188', 'r1_voltage': '13.447627067565918', 'r1_speed': '0.0', 'r1_job': '0', 'r2_rob_no': '0', 'r2_weld_line_no': '0', 'r2_electric': '179.3258056640625', 'r2_voltage': '13.664640426635742', 'r2_speed': '0.0', 'r2_job': '0', 'replace_status': '0', 'part_status': '0', 'r1_protective_gas': '0', 'r1_welding_wire': '0', 'r2_protective_gas': '0', 'r2_welding_wire': '0', 'login_id': '\n\x00\x00\x00\x00\x00\x00\x00\x00\x00', 'login_password': '\n\x00\x00\x00\x00\x00\x00\x00\x00\x00'}
2021-03-02  15:17:49 Tue root INFO ('\n\x00\x00\x00\x00\x00\x00\x00\x00\x00', '6162', '16', 0, '0', '0', '179.84664916992188', '13.447627067565918', '0.0', '0', '0', '0', '179.3258056640625', '13.664640426635742', '0.0', '0', '0', '0', '0', '0', '0', '\n\x00\x00\x00\x00\x00\x00\x00\x00\x00', '\n\x00\x00\x00\x00\x00\x00\x00\x00\x00', '0', '0', '2021-03-02 15:17:49')
2021-03-02  15:17:49 Tue root INFO 成功添加数据
2021-03-02  15:17:49 Tue root INFO mes_plc_r6
2021-03-02  15:17:49 Tue root INFO 读取插入数据库数据：{'product_type': '\n\x00\x00\x00\x00\x00\x00\x00\x00\x00', 'r1_equipment_status': '0', 'fail_code': '0', 'recerve': '10', 'prod_num': 19, 'r1_rob_no': '0', 'r1_weld_line_no': '0', 'r1_electric': '0.0', 'r1_voltage': '0.0', 'r1_speed': '0.0', 'r1_job': '0', 'r2_rob_no': '0', 'r2_weld_line_no': '0', 'r2_electric': '0.0', 'r2_voltage': '0.0', 'r2_speed': '0.0', 'r2_job': '0', 'replace_status': '0', 'part_status': '0', 'r1_protective_gas': '0', 'r1_welding_wire': '0', 'r2_protective_gas': '0', 'r2_welding_wire': '0', 'login_id': '\n\x00\x00\x00\x00\x00\x00\x00\x00\x00', 'login_password': '\n\x00\x00\x00\x00\x00\x00\x00\x00\x00'}
2021-03-02  15:17:49 Tue root INFO ('\n\x00\x00\x00\x00\x00\x00\x00\x00\x00', '0', '0', 19, '0', '0', '0.0', '0.0', '0.0', '0', '0', '0', '0.0', '0.0', '0.0', '0', '0', '0', '0', '0', '0', '\n\x00\x00\x00\x00\x00\x00\x00\x00\x00', '\n\x00\x00\x00\x00\x00\x00\x00\x00\x00', '0', '10', '2021-03-02 15:17:49')
2021-03-02  15:17:50 Tue root INFO 成功添加数据
2021-03-02  15:18:50 Tue root INFO plc连接状态:[1, 1, 1, 1, 1, 1]
2021-03-02  15:18:50 Tue root INFO mes_plc
2021-03-02  15:18:50 Tue root INFO 读取插入数据库数据：{'product_type': '\n\x07250 YDG\x00', 'r1_equipment_status': '7315', 'fail_code': '0', 'recerve': '0', 'prod_num': 44, 'r1_rob_no': '4', 'r1_weld_line_no': '0', 'r1_electric': '182.29165649414062', 'r1_voltage': '13.284866333007812', 'r1_speed': '0.0', 'r1_job': '0', 'r2_rob_no': '104', 'r2_weld_line_no': '0', 'r2_electric': '0.0', 'r2_voltage': '0.0', 'r2_speed': '0.0', 'r2_job': '0', 'replace_status': '0', 'part_status': '0', 'r1_protective_gas': '0', 'r1_welding_wire': '0', 'r2_protective_gas': '0', 'r2_welding_wire': '0', 'login_id': '\n\x00\x00\x00\x00\x00\x00\x00\x00\x00', 'login_password': '\n\x00\x00\x00\x00\x00\x00\x00\x00\x00'}
2021-03-02  15:18:50 Tue root INFO ('\n\x07250 YDG\x00', '7315', '0', 44, '4', '0', '182.29165649414062', '13.284866333007812', '0.0', '0', '104', '0', '0.0', '0.0', '0.0', '0', '0', '0', '0', '0', '0', '\n\x00\x00\x00\x00\x00\x00\x00\x00\x00', '\n\x00\x00\x00\x00\x00\x00\x00\x00\x00', '0', '0', '2021-03-02 15:18:50')
2021-03-02  15:18:50 Tue root INFO 成功添加数据
2021-03-02  15:18:50 Tue root INFO mes_plc_r2
2021-03-02  15:18:50 Tue root INFO 读取插入数据库数据：{'product_type': '\n\x07250 TJ1\x00', 'r1_equipment_status': '5267', 'fail_code': '48', 'recerve': '0', 'prod_num': 242, 'r1_rob_no': '4', 'r1_weld_line_no': '0', 'r1_electric': '181.65509033203125', 'r1_voltage': '13.132956504821777', 'r1_speed': '0.0', 'r1_job': '0', 'r2_rob_no': '104', 'r2_weld_line_no': '0', 'r2_electric': '0.0', 'r2_voltage': '0.0', 'r2_speed': '0.0', 'r2_job': '0', 'replace_status': '0', 'part_status': '0', 'r1_protective_gas': '610', 'r1_welding_wire': '0', 'r2_protective_gas': '0', 'r2_welding_wire': '0', 'login_id': '\n\x00\x00\x00\x00\x00\x00\x00\x00\x00', 'login_password': '\n\x00\x00\x00\x00\x00\x00\x00\x00\x00'}
2021-03-02  15:18:50 Tue root INFO ('\n\x07250 TJ1\x00', '5267', '48', 242, '4', '0', '181.65509033203125', '13.132956504821777', '0.0', '0', '104', '0', '0.0', '0.0', '0.0', '0', '0', '610', '0', '0', '0', '\n\x00\x00\x00\x00\x00\x00\x00\x00\x00', '\n\x00\x00\x00\x00\x00\x00\x00\x00\x00', '0', '0', '2021-03-02 15:18:50')
2021-03-02  15:18:50 Tue root INFO 成功添加数据
2021-03-02  15:18:50 Tue root INFO mes_plc_r3
2021-03-02  15:18:51 Tue root INFO 读取插入数据库数据：{'product_type': '\n\x07250 TJ3\x00', 'r1_equipment_status': '7315', 'fail_code': '48', 'recerve': '0', 'prod_num': 247, 'r1_rob_no': '4', 'r1_weld_line_no': '0', 'r1_electric': '184.07118225097656', 'r1_voltage': '13.823784828186035', 'r1_speed': '0.0', 'r1_job': '0', 'r2_rob_no': '104', 'r2_weld_line_no': '0', 'r2_electric': '0.0', 'r2_voltage': '0.0', 'r2_speed': '0.0', 'r2_job': '0', 'replace_status': '0', 'part_status': '0', 'r1_protective_gas': '572', 'r1_welding_wire': '0', 'r2_protective_gas': '0', 'r2_welding_wire': '0', 'login_id': '\n\x00\x00\x00\x00\x00\x00\x00\x00\x00', 'login_password': '\n\x00\x00\x00\x00\x00\x00\x00\x00\x00'}
2021-03-02  15:18:51 Tue root INFO ('\n\x07250 TJ3\x00', '7315', '48', 247, '4', '0', '184.07118225097656', '13.823784828186035', '0.0', '0', '104', '0', '0.0', '0.0', '0.0', '0', '0', '572', '0', '0', '0', '\n\x00\x00\x00\x00\x00\x00\x00\x00\x00', '\n\x00\x00\x00\x00\x00\x00\x00\x00\x00', '0', '0', '2021-03-02 15:18:51')
2021-03-02  15:18:51 Tue root INFO 成功添加数据
2021-03-02  15:18:51 Tue root INFO mes_plc_r4
2021-03-02  15:18:51 Tue root INFO 读取插入数据库数据：{'product_type': '\n\x07250 PCB\x00', 'r1_equipment_status': '7233', 'fail_code': '0', 'recerve': '0', 'prod_num': 22, 'r1_rob_no': '4', 'r1_weld_line_no': '0', 'r1_electric': '182.98611450195312', 'r1_voltage': '-16.073495864868164', 'r1_speed': '0.0', 'r1_job': '0', 'r2_rob_no': '104', 'r2_weld_line_no': '0', 'r2_electric': '0.0', 'r2_voltage': '0.0', 'r2_speed': '0.0', 'r2_job': '0', 'replace_status': '0', 'part_status': '0', 'r1_protective_gas': '1659', 'r1_welding_wire': '0', 'r2_protective_gas': '0', 'r2_welding_wire': '0', 'login_id': '\n\x00\x00\x00\x00\x00\x00\x00\x00\x00', 'login_password': '\n\x00\x00\x00\x00\x00\x00\x00\x00\x00'}
2021-03-02  15:18:51 Tue root INFO ('\n\x07250 PCB\x00', '7233', '0', 22, '4', '0', '182.98611450195312', '-16.073495864868164', '0.0', '0', '104', '0', '0.0', '0.0', '0.0', '0', '0', '1659', '0', '0', '0', '\n\x00\x00\x00\x00\x00\x00\x00\x00\x00', '\n\x00\x00\x00\x00\x00\x00\x00\x00\x00', '0', '0', '2021-03-02 15:18:51')
2021-03-02  15:18:51 Tue root INFO 成功添加数据
2021-03-02  15:18:51 Tue root INFO mes_plc_r5
2021-03-02  15:18:51 Tue root INFO 读取插入数据库数据：{'product_type': '\n\x00\x00\x00\x00\x00\x00\x00\x00\x00', 'r1_equipment_status': '6226', 'fail_code': '0', 'recerve': '0', 'prod_num': 0, 'r1_rob_no': '0', 'r1_weld_line_no': '0', 'r1_electric': '179.80323791503906', 'r1_voltage': '13.45486068725586', 'r1_speed': '0.0', 'r1_job': '0', 'r2_rob_no': '0', 'r2_weld_line_no': '0', 'r2_electric': '179.296875', 'r2_voltage': '13.404224395751953', 'r2_speed': '0.0', 'r2_job': '0', 'replace_status': '0', 'part_status': '0', 'r1_protective_gas': '0', 'r1_welding_wire': '0', 'r2_protective_gas': '0', 'r2_welding_wire': '0', 'login_id': '\n\x00\x00\x00\x00\x00\x00\x00\x00\x00', 'login_password': '\n\x00\x00\x00\x00\x00\x00\x00\x00\x00'}
2021-03-02  15:18:51 Tue root INFO ('\n\x00\x00\x00\x00\x00\x00\x00\x00\x00', '6226', '0', 0, '0', '0', '179.80323791503906', '13.45486068725586', '0.0', '0', '0', '0', '179.296875', '13.404224395751953', '0.0', '0', '0', '0', '0', '0', '0', '\n\x00\x00\x00\x00\x00\x00\x00\x00\x00', '\n\x00\x00\x00\x00\x00\x00\x00\x00\x00', '0', '0', '2021-03-02 15:18:51')
2021-03-02  15:18:51 Tue root INFO 成功添加数据
2021-03-02  15:18:51 Tue root INFO mes_plc_r6
2021-03-02  15:18:52 Tue root INFO 读取插入数据库数据：{'product_type': '\n\x00\x00\x00\x00\x00\x00\x00\x00\x00', 'r1_equipment_status': '0', 'fail_code': '0', 'recerve': '10', 'prod_num': 19, 'r1_rob_no': '0', 'r1_weld_line_no': '0', 'r1_electric': '0.0', 'r1_voltage': '0.0', 'r1_speed': '0.0', 'r1_job': '0', 'r2_rob_no': '0', 'r2_weld_line_no': '0', 'r2_electric': '0.0', 'r2_voltage': '0.0', 'r2_speed': '0.0', 'r2_job': '0', 'replace_status': '0', 'part_status': '0', 'r1_protective_gas': '0', 'r1_welding_wire': '0', 'r2_protective_gas': '0', 'r2_welding_wire': '0', 'login_id': '\n\x00\x00\x00\x00\x00\x00\x00\x00\x00', 'login_password': '\n\x00\x00\x00\x00\x00\x00\x00\x00\x00'}
2021-03-02  15:18:52 Tue root INFO ('\n\x00\x00\x00\x00\x00\x00\x00\x00\x00', '0', '0', 19, '0', '0', '0.0', '0.0', '0.0', '0', '0', '0', '0.0', '0.0', '0.0', '0', '0', '0', '0', '0', '0', '\n\x00\x00\x00\x00\x00\x00\x00\x00\x00', '\n\x00\x00\x00\x00\x00\x00\x00\x00\x00', '0', '10', '2021-03-02 15:18:52')
2021-03-02  15:18:52 Tue root INFO 成功添加数据
2021-03-02  15:19:52 Tue root INFO plc连接状态:[1, 1, 1, 1, 1, 1]
2021-03-02  15:19:52 Tue root INFO mes_plc
2021-03-02  15:19:53 Tue root INFO 读取插入数据库数据：{'product_type': '\n\x07250 YDG\x00', 'r1_equipment_status': '7315', 'fail_code': '0', 'recerve': '0', 'prod_num': 44, 'r1_rob_no': '4', 'r1_weld_line_no': '0', 'r1_electric': '182.3206024169922', 'r1_voltage': '13.28125', 'r1_speed': '0.0', 'r1_job': '0', 'r2_rob_no': '104', 'r2_weld_line_no': '0', 'r2_electric': '0.0', 'r2_voltage': '0.0', 'r2_speed': '0.0', 'r2_job': '0', 'replace_status': '0', 'part_status': '0', 'r1_protective_gas': '0', 'r1_welding_wire': '0', 'r2_protective_gas': '0', 'r2_welding_wire': '0', 'login_id': '\n\x00\x00\x00\x00\x00\x00\x00\x00\x00', 'login_password': '\n\x00\x00\x00\x00\x00\x00\x00\x00\x00'}
2021-03-02  15:19:53 Tue root INFO ('\n\x07250 YDG\x00', '7315', '0', 44, '4', '0', '182.3206024169922', '13.28125', '0.0', '0', '104', '0', '0.0', '0.0', '0.0', '0', '0', '0', '0', '0', '0', '\n\x00\x00\x00\x00\x00\x00\x00\x00\x00', '\n\x00\x00\x00\x00\x00\x00\x00\x00\x00', '0', '0', '2021-03-02 15:19:53')
2021-03-02  15:19:53 Tue root INFO 成功添加数据
2021-03-02  15:19:53 Tue root INFO mes_plc_r2
2021-03-02  15:19:53 Tue root INFO 读取插入数据库数据：{'product_type': '\n\x07250 TJ1\x00', 'r1_equipment_status': '5267', 'fail_code': '48', 'recerve': '0', 'prod_num': 242, 'r1_rob_no': '4', 'r1_weld_line_no': '0', 'r1_electric': '181.6840362548828', 'r1_voltage': '13.132956504821777', 'r1_speed': '0.0', 'r1_job': '0', 'r2_rob_no': '104', 'r2_weld_line_no': '0', 'r2_electric': '0.0', 'r2_voltage': '0.0', 'r2_speed': '0.0', 'r2_job': '0', 'replace_status': '0', 'part_status': '0', 'r1_protective_gas': '610', 'r1_welding_wire': '0', 'r2_protective_gas': '0', 'r2_welding_wire': '0', 'login_id': '\n\x00\x00\x00\x00\x00\x00\x00\x00\x00', 'login_password': '\n\x00\x00\x00\x00\x00\x00\x00\x00\x00'}
2021-03-02  15:19:53 Tue root INFO ('\n\x07250 TJ1\x00', '5267', '48', 242, '4', '0', '181.6840362548828', '13.132956504821777', '0.0', '0', '104', '0', '0.0', '0.0', '0.0', '0', '0', '610', '0', '0', '0', '\n\x00\x00\x00\x00\x00\x00\x00\x00\x00', '\n\x00\x00\x00\x00\x00\x00\x00\x00\x00', '0', '0', '2021-03-02 15:19:53')
2021-03-02  15:19:53 Tue root INFO 成功添加数据
2021-03-02  15:19:53 Tue root INFO mes_plc_r3
2021-03-02  15:19:53 Tue root INFO 读取插入数据库数据：{'product_type': '\n\x07250 TJ3\x00', 'r1_equipment_status': '7315', 'fail_code': '48', 'recerve': '0', 'prod_num': 247, 'r1_rob_no': '4', 'r1_weld_line_no': '0', 'r1_electric': '184.12904357910156', 'r1_voltage': '13.823784828186035', 'r1_speed': '0.0', 'r1_job': '0', 'r2_rob_no': '104', 'r2_weld_line_no': '0', 'r2_electric': '0.0', 'r2_voltage': '0.0', 'r2_speed': '0.0', 'r2_job': '0', 'replace_status': '0', 'part_status': '0', 'r1_protective_gas': '572', 'r1_welding_wire': '0', 'r2_protective_gas': '0', 'r2_welding_wire': '0', 'login_id': '\n\x00\x00\x00\x00\x00\x00\x00\x00\x00', 'login_password': '\n\x00\x00\x00\x00\x00\x00\x00\x00\x00'}
2021-03-02  15:19:53 Tue root INFO ('\n\x07250 TJ3\x00', '7315', '48', 247, '4', '0', '184.12904357910156', '13.823784828186035', '0.0', '0', '104', '0', '0.0', '0.0', '0.0', '0', '0', '572', '0', '0', '0', '\n\x00\x00\x00\x00\x00\x00\x00\x00\x00', '\n\x00\x00\x00\x00\x00\x00\x00\x00\x00', '0', '0', '2021-03-02 15:19:53')
2021-03-02  15:19:53 Tue root INFO 成功添加数据
2021-03-02  15:19:53 Tue root INFO mes_plc_r4
2021-03-02  15:19:54 Tue root INFO 读取插入数据库数据：{'product_type': '\n\x07250 PCB\x00', 'r1_equipment_status': '7315', 'fail_code': '0', 'recerve': '0', 'prod_num': 22, 'r1_rob_no': '4', 'r1_weld_line_no': '0', 'r1_electric': '182.98611450195312', 'r1_voltage': '13.21976375579834', 'r1_speed': '0.0', 'r1_job': '0', 'r2_rob_no': '104', 'r2_weld_line_no': '0', 'r2_electric': '0.0', 'r2_voltage': '0.0', 'r2_speed': '0.0', 'r2_job': '0', 'replace_status': '0', 'part_status': '0', 'r1_protective_gas': '1685', 'r1_welding_wire': '0', 'r2_protective_gas': '0', 'r2_welding_wire': '0', 'login_id': '\n\x00\x00\x00\x00\x00\x00\x00\x00\x00', 'login_password': '\n\x00\x00\x00\x00\x00\x00\x00\x00\x00'}
2021-03-02  15:19:54 Tue root INFO ('\n\x07250 PCB\x00', '7315', '0', 22, '4', '0', '182.98611450195312', '13.21976375579834', '0.0', '0', '104', '0', '0.0', '0.0', '0.0', '0', '0', '1685', '0', '0', '0', '\n\x00\x00\x00\x00\x00\x00\x00\x00\x00', '\n\x00\x00\x00\x00\x00\x00\x00\x00\x00', '0', '0', '2021-03-02 15:19:54')
2021-03-02  15:19:54 Tue root INFO 成功添加数据
2021-03-02  15:19:54 Tue root INFO mes_plc_r5
2021-03-02  15:19:54 Tue root INFO 读取插入数据库数据：{'product_type': '\n\x00\x00\x00\x00\x00\x00\x00\x00\x00', 'r1_equipment_status': '6162', 'fail_code': '0', 'recerve': '0', 'prod_num': 0, 'r1_rob_no': '0', 'r1_weld_line_no': '0', 'r1_electric': '179.90451049804688', 'r1_voltage': '13.422308921813965', 'r1_speed': '0.0', 'r1_job': '0', 'r2_rob_no': '0', 'r2_weld_line_no': '0', 'r2_electric': '179.3258056640625', 'r2_voltage': '13.422308921813965', 'r2_speed': '0.0', 'r2_job': '0', 'replace_status': '0', 'part_status': '0', 'r1_protective_gas': '0', 'r1_welding_wire': '0', 'r2_protective_gas': '0', 'r2_welding_wire': '0', 'login_id': '\n\x00\x00\x00\x00\x00\x00\x00\x00\x00', 'login_password': '\n\x00\x00\x00\x00\x00\x00\x00\x00\x00'}
2021-03-02  15:19:54 Tue root INFO ('\n\x00\x00\x00\x00\x00\x00\x00\x00\x00', '6162', '0', 0, '0', '0', '179.90451049804688', '13.422308921813965', '0.0', '0', '0', '0', '179.3258056640625', '13.422308921813965', '0.0', '0', '0', '0', '0', '0', '0', '\n\x00\x00\x00\x00\x00\x00\x00\x00\x00', '\n\x00\x00\x00\x00\x00\x00\x00\x00\x00', '0', '0', '2021-03-02 15:19:54')
2021-03-02  15:19:54 Tue root INFO 成功添加数据
2021-03-02  15:19:54 Tue root INFO mes_plc_r6
2021-03-02  15:19:55 Tue root INFO 读取插入数据库数据：{'product_type': '\n\x00\x00\x00\x00\x00\x00\x00\x00\x00', 'r1_equipment_status': '0', 'fail_code': '0', 'recerve': '10', 'prod_num': 19, 'r1_rob_no': '0', 'r1_weld_line_no': '0', 'r1_electric': '0.0', 'r1_voltage': '0.0', 'r1_speed': '0.0', 'r1_job': '0', 'r2_rob_no': '0', 'r2_weld_line_no': '0', 'r2_electric': '0.0', 'r2_voltage': '0.0', 'r2_speed': '0.0', 'r2_job': '0', 'replace_status': '0', 'part_status': '0', 'r1_protective_gas': '0', 'r1_welding_wire': '0', 'r2_protective_gas': '0', 'r2_welding_wire': '0', 'login_id': '\n\x00\x00\x00\x00\x00\x00\x00\x00\x00', 'login_password': '\n\x00\x00\x00\x00\x00\x00\x00\x00\x00'}
2021-03-02  15:19:55 Tue root INFO ('\n\x00\x00\x00\x00\x00\x00\x00\x00\x00', '0', '0', 19, '0', '0', '0.0', '0.0', '0.0', '0', '0', '0', '0.0', '0.0', '0.0', '0', '0', '0', '0', '0', '0', '\n\x00\x00\x00\x00\x00\x00\x00\x00\x00', '\n\x00\x00\x00\x00\x00\x00\x00\x00\x00', '0', '10', '2021-03-02 15:19:55')
2021-03-02  15:19:55 Tue root INFO 成功添加数据
2021-03-02  15:20:55 Tue root INFO plc连接状态:[1, 1, 1, 1, 1, 1]
2021-03-02  15:20:55 Tue root INFO mes_plc
2021-03-02  15:20:55 Tue root INFO 读取插入数据库数据：{'product_type': '\n\x07250 YDG\x00', 'r1_equipment_status': '7315', 'fail_code': '0', 'recerve': '0', 'prod_num': 44, 'r1_rob_no': '4', 'r1_weld_line_no': '0', 'r1_electric': '182.30613708496094', 'r1_voltage': '13.284866333007812', 'r1_speed': '0.0', 'r1_job': '0', 'r2_rob_no': '104', 'r2_weld_line_no': '0', 'r2_electric': '0.0', 'r2_voltage': '0.0', 'r2_speed': '0.0', 'r2_job': '0', 'replace_status': '0', 'part_status': '0', 'r1_protective_gas': '0', 'r1_welding_wire': '0', 'r2_protective_gas': '0', 'r2_welding_wire': '0', 'login_id': '\n\x00\x00\x00\x00\x00\x00\x00\x00\x00', 'login_password': '\n\x00\x00\x00\x00\x00\x00\x00\x00\x00'}
2021-03-02  15:20:55 Tue root INFO ('\n\x07250 YDG\x00', '7315', '0', 44, '4', '0', '182.30613708496094', '13.284866333007812', '0.0', '0', '104', '0', '0.0', '0.0', '0.0', '0', '0', '0', '0', '0', '0', '\n\x00\x00\x00\x00\x00\x00\x00\x00\x00', '\n\x00\x00\x00\x00\x00\x00\x00\x00\x00', '0', '0', '2021-03-02 15:20:55')
2021-03-02  15:20:55 Tue root INFO 成功添加数据
2021-03-02  15:20:55 Tue root INFO mes_plc_r2
2021-03-02  15:20:56 Tue root INFO 读取插入数据库数据：{'product_type': '\n\x07250 TJ1\x00', 'r1_equipment_status': '5267', 'fail_code': '48', 'recerve': '0', 'prod_num': 242, 'r1_rob_no': '4', 'r1_weld_line_no': '0', 'r1_electric': '181.6695556640625', 'r1_voltage': '13.118489265441895', 'r1_speed': '0.0', 'r1_job': '0', 'r2_rob_no': '104', 'r2_weld_line_no': '0', 'r2_electric': '0.0', 'r2_voltage': '0.0', 'r2_speed': '0.0', 'r2_job': '0', 'replace_status': '0', 'part_status': '0', 'r1_protective_gas': '610', 'r1_welding_wire': '0', 'r2_protective_gas': '0', 'r2_welding_wire': '0', 'login_id': '\n\x00\x00\x00\x00\x00\x00\x00\x00\x00', 'login_password': '\n\x00\x00\x00\x00\x00\x00\x00\x00\x00'}
2021-03-02  15:20:56 Tue root INFO ('\n\x07250 TJ1\x00', '5267', '48', 242, '4', '0', '181.6695556640625', '13.118489265441895', '0.0', '0', '104', '0', '0.0', '0.0', '0.0', '0', '0', '610', '0', '0', '0', '\n\x00\x00\x00\x00\x00\x00\x00\x00\x00', '\n\x00\x00\x00\x00\x00\x00\x00\x00\x00', '0', '0', '2021-03-02 15:20:56')
2021-03-02  15:20:56 Tue root INFO 成功添加数据
2021-03-02  15:20:56 Tue root INFO mes_plc_r3
2021-03-02  15:20:56 Tue root INFO 读取插入数据库数据：{'product_type': '\n\x07250 TJ3\x00', 'r1_equipment_status': '7315', 'fail_code': '48', 'recerve': '0', 'prod_num': 247, 'r1_rob_no': '4', 'r1_weld_line_no': '0', 'r1_electric': '184.12904357910156', 'r1_voltage': '13.820168495178223', 'r1_speed': '0.0', 'r1_job': '0', 'r2_rob_no': '104', 'r2_weld_line_no': '0', 'r2_electric': '0.0', 'r2_voltage': '0.0', 'r2_speed': '0.0', 'r2_job': '0', 'replace_status': '0', 'part_status': '0', 'r1_protective_gas': '572', 'r1_welding_wire': '0', 'r2_protective_gas': '0', 'r2_welding_wire': '0', 'login_id': '\n\x00\x00\x00\x00\x00\x00\x00\x00\x00', 'login_password': '\n\x00\x00\x00\x00\x00\x00\x00\x00\x00'}
2021-03-02  15:20:56 Tue root INFO ('\n\x07250 TJ3\x00', '7315', '48', 247, '4', '0', '184.12904357910156', '13.820168495178223', '0.0', '0', '104', '0', '0.0', '0.0', '0.0', '0', '0', '572', '0', '0', '0', '\n\x00\x00\x00\x00\x00\x00\x00\x00\x00', '\n\x00\x00\x00\x00\x00\x00\x00\x00\x00', '0', '0', '2021-03-02 15:20:56')
2021-03-02  15:20:56 Tue root INFO 成功添加数据
2021-03-02  15:20:56 Tue root INFO mes_plc_r4
2021-03-02  15:20:56 Tue root INFO 读取插入数据库数据：{'product_type': '\n\x07250 PCB\x00', 'r1_equipment_status': '6803', 'fail_code': '0', 'recerve': '0', 'prod_num': 23, 'r1_rob_no': '4', 'r1_weld_line_no': '0', 'r1_electric': '182.8414306640625', 'r1_voltage': '-11.61024284362793', 'r1_speed': '0.0', 'r1_job': '0', 'r2_rob_no': '104', 'r2_weld_line_no': '0', 'r2_electric': '0.0', 'r2_voltage': '0.0', 'r2_speed': '0.0', 'r2_job': '0', 'replace_status': '0', 'part_status': '0', 'r1_protective_gas': '1688', 'r1_welding_wire': '0', 'r2_protective_gas': '0', 'r2_welding_wire': '0', 'login_id': '\n\x00\x00\x00\x00\x00\x00\x00\x00\x00', 'login_password': '\n\x00\x00\x00\x00\x00\x00\x00\x00\x00'}
2021-03-02  15:20:56 Tue root INFO ('\n\x07250 PCB\x00', '6803', '0', 23, '4', '0', '182.8414306640625', '-11.61024284362793', '0.0', '0', '104', '0', '0.0', '0.0', '0.0', '0', '0', '1688', '0', '0', '0', '\n\x00\x00\x00\x00\x00\x00\x00\x00\x00', '\n\x00\x00\x00\x00\x00\x00\x00\x00\x00', '0', '0', '2021-03-02 15:20:56')
2021-03-02  15:20:56 Tue root INFO 成功添加数据
2021-03-02  15:20:56 Tue root INFO mes_plc_r5
2021-03-02  15:20:57 Tue root INFO 读取插入数据库数据：{'product_type': '\n\x00\x00\x00\x00\x00\x00\x00\x00\x00', 'r1_equipment_status': '6226', 'fail_code': '0', 'recerve': '0', 'prod_num': 0, 'r1_rob_no': '0', 'r1_weld_line_no': '0', 'r1_electric': '179.86111450195312', 'r1_voltage': '13.458478927612305', 'r1_speed': '0.0', 'r1_job': '0', 'r2_rob_no': '0', 'r2_weld_line_no': '0', 'r2_electric': '179.35475158691406', 'r2_voltage': '13.404224395751953', 'r2_speed': '0.0', 'r2_job': '0', 'replace_status': '0', 'part_status': '0', 'r1_protective_gas': '0', 'r1_welding_wire': '0', 'r2_protective_gas': '0', 'r2_welding_wire': '0', 'login_id': '\n\x00\x00\x00\x00\x00\x00\x00\x00\x00', 'login_password': '\n\x00\x00\x00\x00\x00\x00\x00\x00\x00'}
2021-03-02  15:20:57 Tue root INFO ('\n\x00\x00\x00\x00\x00\x00\x00\x00\x00', '6226', '0', 0, '0', '0', '179.86111450195312', '13.458478927612305', '0.0', '0', '0', '0', '179.35475158691406', '13.404224395751953', '0.0', '0', '0', '0', '0', '0', '0', '\n\x00\x00\x00\x00\x00\x00\x00\x00\x00', '\n\x00\x00\x00\x00\x00\x00\x00\x00\x00', '0', '0', '2021-03-02 15:20:57')
2021-03-02  15:20:57 Tue root INFO 成功添加数据
2021-03-02  15:20:57 Tue root INFO mes_plc_r6
2021-03-02  15:20:57 Tue root INFO 读取插入数据库数据：{'product_type': '\n\x00\x00\x00\x00\x00\x00\x00\x00\x00', 'r1_equipment_status': '0', 'fail_code': '0', 'recerve': '10', 'prod_num': 19, 'r1_rob_no': '0', 'r1_weld_line_no': '0', 'r1_electric': '0.0', 'r1_voltage': '0.0', 'r1_speed': '0.0', 'r1_job': '0', 'r2_rob_no': '0', 'r2_weld_line_no': '0', 'r2_electric': '0.0', 'r2_voltage': '0.0', 'r2_speed': '0.0', 'r2_job': '0', 'replace_status': '0', 'part_status': '0', 'r1_protective_gas': '0', 'r1_welding_wire': '0', 'r2_protective_gas': '0', 'r2_welding_wire': '0', 'login_id': '\n\x00\x00\x00\x00\x00\x00\x00\x00\x00', 'login_password': '\n\x00\x00\x00\x00\x00\x00\x00\x00\x00'}
2021-03-02  15:20:57 Tue root INFO ('\n\x00\x00\x00\x00\x00\x00\x00\x00\x00', '0', '0', 19, '0', '0', '0.0', '0.0', '0.0', '0', '0', '0', '0.0', '0.0', '0.0', '0', '0', '0', '0', '0', '0', '\n\x00\x00\x00\x00\x00\x00\x00\x00\x00', '\n\x00\x00\x00\x00\x00\x00\x00\x00\x00', '0', '10', '2021-03-02 15:20:57')
2021-03-02  15:20:57 Tue root INFO 成功添加数据
2021-03-02  15:21:57 Tue root INFO plc连接状态:[1, 1, 1, 1, 1, 1]
2021-03-02  15:21:57 Tue root INFO mes_plc
2021-03-02  15:21:58 Tue root INFO 读取插入数据库数据：{'product_type': '\n\x07250 YDG\x00', 'r1_equipment_status': '7315', 'fail_code': '0', 'recerve': '0', 'prod_num': 44, 'r1_rob_no': '4', 'r1_weld_line_no': '0', 'r1_electric': '182.30613708496094', 'r1_voltage': '13.29210090637207', 'r1_speed': '0.0', 'r1_job': '0', 'r2_rob_no': '104', 'r2_weld_line_no': '0', 'r2_electric': '0.0', 'r2_voltage': '0.0', 'r2_speed': '0.0', 'r2_job': '0', 'replace_status': '0', 'part_status': '0', 'r1_protective_gas': '0', 'r1_welding_wire': '0', 'r2_protective_gas': '0', 'r2_welding_wire': '0', 'login_id': '\n\x00\x00\x00\x00\x00\x00\x00\x00\x00', 'login_password': '\n\x00\x00\x00\x00\x00\x00\x00\x00\x00'}
2021-03-02  15:21:58 Tue root INFO ('\n\x07250 YDG\x00', '7315', '0', 44, '4', '0', '182.30613708496094', '13.29210090637207', '0.0', '0', '104', '0', '0.0', '0.0', '0.0', '0', '0', '0', '0', '0', '0', '\n\x00\x00\x00\x00\x00\x00\x00\x00\x00', '\n\x00\x00\x00\x00\x00\x00\x00\x00\x00', '0', '0', '2021-03-02 15:21:58')
2021-03-02  15:21:58 Tue root INFO 成功添加数据
2021-03-02  15:21:58 Tue root INFO mes_plc_r2
2021-03-02  15:21:58 Tue root INFO 读取插入数据库数据：{'product_type': '\n\x07250 TJ1\x00', 'r1_equipment_status': '5267', 'fail_code': '48', 'recerve': '0', 'prod_num': 242, 'r1_rob_no': '4', 'r1_weld_line_no': '0', 'r1_electric': '181.6840362548828', 'r1_voltage': '13.132956504821777', 'r1_speed': '0.0', 'r1_job': '0', 'r2_rob_no': '104', 'r2_weld_line_no': '0', 'r2_electric': '0.0', 'r2_voltage': '0.0', 'r2_speed': '0.0', 'r2_job': '0', 'replace_status': '0', 'part_status': '0', 'r1_protective_gas': '610', 'r1_welding_wire': '0', 'r2_protective_gas': '0', 'r2_welding_wire': '0', 'login_id': '\n\x00\x00\x00\x00\x00\x00\x00\x00\x00', 'login_password': '\n\x00\x00\x00\x00\x00\x00\x00\x00\x00'}
2021-03-02  15:21:58 Tue root INFO ('\n\x07250 TJ1\x00', '5267', '48', 242, '4', '0', '181.6840362548828', '13.132956504821777', '0.0', '0', '104', '0', '0.0', '0.0', '0.0', '0', '0', '610', '0', '0', '0', '\n\x00\x00\x00\x00\x00\x00\x00\x00\x00', '\n\x00\x00\x00\x00\x00\x00\x00\x00\x00', '0', '0', '2021-03-02 15:21:58')
2021-03-02  15:21:59 Tue root INFO 成功添加数据
2021-03-02  15:21:59 Tue root INFO mes_plc_r3
2021-03-02  15:21:59 Tue root INFO 读取插入数据库数据：{'product_type': '\n\x07250 TJ3\x00', 'r1_equipment_status': '7315', 'fail_code': '48', 'recerve': '0', 'prod_num': 247, 'r1_rob_no': '4', 'r1_weld_line_no': '0', 'r1_electric': '184.11459350585938', 'r1_voltage': '13.820168495178223', 'r1_speed': '0.0', 'r1_job': '0', 'r2_rob_no': '104', 'r2_weld_line_no': '0', 'r2_electric': '0.0', 'r2_voltage': '0.0', 'r2_speed': '0.0', 'r2_job': '0', 'replace_status': '0', 'part_status': '0', 'r1_protective_gas': '572', 'r1_welding_wire': '0', 'r2_protective_gas': '0', 'r2_welding_wire': '0', 'login_id': '\n\x00\x00\x00\x00\x00\x00\x00\x00\x00', 'login_password': '\n\x00\x00\x00\x00\x00\x00\x00\x00\x00'}
2021-03-02  15:21:59 Tue root INFO ('\n\x07250 TJ3\x00', '7315', '48', 247, '4', '0', '184.11459350585938', '13.820168495178223', '0.0', '0', '104', '0', '0.0', '0.0', '0.0', '0', '0', '572', '0', '0', '0', '\n\x00\x00\x00\x00\x00\x00\x00\x00\x00', '\n\x00\x00\x00\x00\x00\x00\x00\x00\x00', '0', '0', '2021-03-02 15:21:59')
2021-03-02  15:21:59 Tue root INFO 成功添加数据
2021-03-02  15:21:59 Tue root INFO mes_plc_r4
2021-03-02  15:21:59 Tue root INFO 读取插入数据库数据：{'product_type': '\n\x07250 PCB\x00', 'r1_equipment_status': '6803', 'fail_code': '0', 'recerve': '0', 'prod_num': 23, 'r1_rob_no': '4', 'r1_weld_line_no': '0', 'r1_electric': '183.11631774902344', 'r1_voltage': '118.51490783691406', 'r1_speed': '0.0', 'r1_job': '0', 'r2_rob_no': '104', 'r2_weld_line_no': '0', 'r2_electric': '0.0', 'r2_voltage': '0.0', 'r2_speed': '0.0', 'r2_job': '0', 'replace_status': '0', 'part_status': '0', 'r1_protective_gas': '1714', 'r1_welding_wire': '0', 'r2_protective_gas': '0', 'r2_welding_wire': '0', 'login_id': '\n\x00\x00\x00\x00\x00\x00\x00\x00\x00', 'login_password': '\n\x00\x00\x00\x00\x00\x00\x00\x00\x00'}
2021-03-02  15:21:59 Tue root INFO ('\n\x07250 PCB\x00', '6803', '0', 23, '4', '0', '183.11631774902344', '118.51490783691406', '0.0', '0', '104', '0', '0.0', '0.0', '0.0', '0', '0', '1714', '0', '0', '0', '\n\x00\x00\x00\x00\x00\x00\x00\x00\x00', '\n\x00\x00\x00\x00\x00\x00\x00\x00\x00', '0', '0', '2021-03-02 15:21:59')
2021-03-02  15:21:59 Tue root INFO 成功添加数据
2021-03-02  15:21:59 Tue root INFO mes_plc_r5
2021-03-02  15:22:00 Tue root INFO 读取插入数据库数据：{'product_type': '\n\x00\x00\x00\x00\x00\x00\x00\x00\x00', 'r1_equipment_status': '6162', 'fail_code': '0', 'recerve': '0', 'prod_num': 0, 'r1_rob_no': '0', 'r1_weld_line_no': '0', 'r1_electric': '179.84664916992188', 'r1_voltage': '13.429543495178223', 'r1_speed': '0.0', 'r1_job': '0', 'r2_rob_no': '0', 'r2_weld_line_no': '0', 'r2_electric': '179.296875', 'r2_voltage': '13.404224395751953', 'r2_speed': '0.0', 'r2_job': '0', 'replace_status': '0', 'part_status': '0', 'r1_protective_gas': '0', 'r1_welding_wire': '0', 'r2_protective_gas': '0', 'r2_welding_wire': '0', 'login_id': '\n\x00\x00\x00\x00\x00\x00\x00\x00\x00', 'login_password': '\n\x00\x00\x00\x00\x00\x00\x00\x00\x00'}
2021-03-02  15:22:00 Tue root INFO ('\n\x00\x00\x00\x00\x00\x00\x00\x00\x00', '6162', '0', 0, '0', '0', '179.84664916992188', '13.429543495178223', '0.0', '0', '0', '0', '179.296875', '13.404224395751953', '0.0', '0', '0', '0', '0', '0', '0', '\n\x00\x00\x00\x00\x00\x00\x00\x00\x00', '\n\x00\x00\x00\x00\x00\x00\x00\x00\x00', '0', '0', '2021-03-02 15:22:00')
2021-03-02  15:22:00 Tue root INFO 成功添加数据
2021-03-02  15:22:00 Tue root INFO mes_plc_r6
2021-03-02  15:22:00 Tue root INFO 读取插入数据库数据：{'product_type': '\n\x00\x00\x00\x00\x00\x00\x00\x00\x00', 'r1_equipment_status': '0', 'fail_code': '0', 'recerve': '10', 'prod_num': 19, 'r1_rob_no': '0', 'r1_weld_line_no': '0', 'r1_electric': '0.0', 'r1_voltage': '0.0', 'r1_speed': '0.0', 'r1_job': '0', 'r2_rob_no': '0', 'r2_weld_line_no': '0', 'r2_electric': '0.0', 'r2_voltage': '0.0', 'r2_speed': '0.0', 'r2_job': '0', 'replace_status': '0', 'part_status': '0', 'r1_protective_gas': '0', 'r1_welding_wire': '0', 'r2_protective_gas': '0', 'r2_welding_wire': '0', 'login_id': '\n\x00\x00\x00\x00\x00\x00\x00\x00\x00', 'login_password': '\n\x00\x00\x00\x00\x00\x00\x00\x00\x00'}
2021-03-02  15:22:00 Tue root INFO ('\n\x00\x00\x00\x00\x00\x00\x00\x00\x00', '0', '0', 19, '0', '0', '0.0', '0.0', '0.0', '0', '0', '0', '0.0', '0.0', '0.0', '0', '0', '0', '0', '0', '0', '\n\x00\x00\x00\x00\x00\x00\x00\x00\x00', '\n\x00\x00\x00\x00\x00\x00\x00\x00\x00', '0', '10', '2021-03-02 15:22:00')
2021-03-02  15:22:00 Tue root INFO 成功添加数据
2021-03-02  15:23:00 Tue root INFO plc连接状态:[1, 1, 1, 1, 1, 1]
2021-03-02  15:23:00 Tue root INFO mes_plc
2021-03-02  15:23:01 Tue root INFO 读取插入数据库数据：{'product_type': '\n\x07250 YDG\x00', 'r1_equipment_status': '7315', 'fail_code': '0', 'recerve': '0', 'prod_num': 44, 'r1_rob_no': '4', 'r1_weld_line_no': '0', 'r1_electric': '182.30613708496094', 'r1_voltage': '13.295717239379883', 'r1_speed': '0.0', 'r1_job': '0', 'r2_rob_no': '104', 'r2_weld_line_no': '0', 'r2_electric': '0.0', 'r2_voltage': '0.0', 'r2_speed': '0.0', 'r2_job': '0', 'replace_status': '0', 'part_status': '0', 'r1_protective_gas': '0', 'r1_welding_wire': '0', 'r2_protective_gas': '0', 'r2_welding_wire': '0', 'login_id': '\n\x00\x00\x00\x00\x00\x00\x00\x00\x00', 'login_password': '\n\x00\x00\x00\x00\x00\x00\x00\x00\x00'}
2021-03-02  15:23:01 Tue root INFO ('\n\x07250 YDG\x00', '7315', '0', 44, '4', '0', '182.30613708496094', '13.295717239379883', '0.0', '0', '104', '0', '0.0', '0.0', '0.0', '0', '0', '0', '0', '0', '0', '\n\x00\x00\x00\x00\x00\x00\x00\x00\x00', '\n\x00\x00\x00\x00\x00\x00\x00\x00\x00', '0', '0', '2021-03-02 15:23:01')
2021-03-02  15:23:01 Tue root INFO 成功添加数据
2021-03-02  15:23:01 Tue root INFO mes_plc_r2
2021-03-02  15:23:01 Tue root INFO 读取插入数据库数据：{'product_type': '\n\x07250 TJ1\x00', 'r1_equipment_status': '5267', 'fail_code': '48', 'recerve': '0', 'prod_num': 242, 'r1_rob_no': '4', 'r1_weld_line_no': '0', 'r1_electric': '181.6695556640625', 'r1_voltage': '13.118489265441895', 'r1_speed': '0.0', 'r1_job': '0', 'r2_rob_no': '104', 'r2_weld_line_no': '0', 'r2_electric': '0.0', 'r2_voltage': '0.0', 'r2_speed': '0.0', 'r2_job': '0', 'replace_status': '0', 'part_status': '0', 'r1_protective_gas': '610', 'r1_welding_wire': '0', 'r2_protective_gas': '0', 'r2_welding_wire': '0', 'login_id': '\n\x00\x00\x00\x00\x00\x00\x00\x00\x00', 'login_password': '\n\x00\x00\x00\x00\x00\x00\x00\x00\x00'}
2021-03-02  15:23:01 Tue root INFO ('\n\x07250 TJ1\x00', '5267', '48', 242, '4', '0', '181.6695556640625', '13.118489265441895', '0.0', '0', '104', '0', '0.0', '0.0', '0.0', '0', '0', '610', '0', '0', '0', '\n\x00\x00\x00\x00\x00\x00\x00\x00\x00', '\n\x00\x00\x00\x00\x00\x00\x00\x00\x00', '0', '0', '2021-03-02 15:23:01')
2021-03-02  15:23:01 Tue root INFO 成功添加数据
2021-03-02  15:23:01 Tue root INFO mes_plc_r3
2021-03-02  15:23:02 Tue root INFO 读取插入数据库数据：{'product_type': '\n\x07250 TJ3\x00', 'r1_equipment_status': '7315', 'fail_code': '48', 'recerve': '0', 'prod_num': 247, 'r1_rob_no': '4', 'r1_weld_line_no': '0', 'r1_electric': '184.12904357910156', 'r1_voltage': '13.820168495178223', 'r1_speed': '0.0', 'r1_job': '0', 'r2_rob_no': '104', 'r2_weld_line_no': '0', 'r2_electric': '0.0', 'r2_voltage': '0.0', 'r2_speed': '0.0', 'r2_job': '0', 'replace_status': '0', 'part_status': '0', 'r1_protective_gas': '572', 'r1_welding_wire': '0', 'r2_protective_gas': '0', 'r2_welding_wire': '0', 'login_id': '\n\x00\x00\x00\x00\x00\x00\x00\x00\x00', 'login_password': '\n\x00\x00\x00\x00\x00\x00\x00\x00\x00'}
2021-03-02  15:23:02 Tue root INFO ('\n\x07250 TJ3\x00', '7315', '48', 247, '4', '0', '184.12904357910156', '13.820168495178223', '0.0', '0', '104', '0', '0.0', '0.0', '0.0', '0', '0', '572', '0', '0', '0', '\n\x00\x00\x00\x00\x00\x00\x00\x00\x00', '\n\x00\x00\x00\x00\x00\x00\x00\x00\x00', '0', '0', '2021-03-02 15:23:02')
2021-03-02  15:23:02 Tue root INFO 成功添加数据
2021-03-02  15:23:02 Tue root INFO mes_plc_r4
2021-03-02  15:23:02 Tue root INFO 读取插入数据库数据：{'product_type': '\n\x07250 PCB\x00', 'r1_equipment_status': '7233', 'fail_code': '0', 'recerve': '0', 'prod_num': 23, 'r1_rob_no': '4', 'r1_weld_line_no': '0', 'r1_electric': '182.9137725830078', 'r1_voltage': '-15.24522590637207', 'r1_speed': '0.0', 'r1_job': '0', 'r2_rob_no': '104', 'r2_weld_line_no': '0', 'r2_electric': '0.0', 'r2_voltage': '0.0', 'r2_speed': '0.0', 'r2_job': '0', 'replace_status': '0', 'part_status': '0', 'r1_protective_gas': '1725', 'r1_welding_wire': '0', 'r2_protective_gas': '0', 'r2_welding_wire': '0', 'login_id': '\n\x00\x00\x00\x00\x00\x00\x00\x00\x00', 'login_password': '\n\x00\x00\x00\x00\x00\x00\x00\x00\x00'}
2021-03-02  15:23:02 Tue root INFO ('\n\x07250 PCB\x00', '7233', '0', 23, '4', '0', '182.9137725830078', '-15.24522590637207', '0.0', '0', '104', '0', '0.0', '0.0', '0.0', '0', '0', '1725', '0', '0', '0', '\n\x00\x00\x00\x00\x00\x00\x00\x00\x00', '\n\x00\x00\x00\x00\x00\x00\x00\x00\x00', '0', '0', '2021-03-02 15:23:02')
2021-03-02  15:23:02 Tue root INFO 成功添加数据
2021-03-02  15:23:02 Tue root INFO mes_plc_r5
2021-03-02  15:23:02 Tue root INFO 读取插入数据库数据：{'product_type': '\n\x00\x00\x00\x00\x00\x00\x00\x00\x00', 'r1_equipment_status': '6162', 'fail_code': '0', 'recerve': '0', 'prod_num': 0, 'r1_rob_no': '0', 'r1_weld_line_no': '0', 'r1_electric': '179.90451049804688', 'r1_voltage': '13.429543495178223', 'r1_speed': '0.0', 'r1_job': '0', 'r2_rob_no': '0', 'r2_weld_line_no': '0', 'r2_electric': '179.3402862548828', 'r2_voltage': '13.407841682434082', 'r2_speed': '0.0', 'r2_job': '0', 'replace_status': '0', 'part_status': '0', 'r1_protective_gas': '0', 'r1_welding_wire': '0', 'r2_protective_gas': '0', 'r2_welding_wire': '0', 'login_id': '\n\x00\x00\x00\x00\x00\x00\x00\x00\x00', 'login_password': '\n\x00\x00\x00\x00\x00\x00\x00\x00\x00'}
2021-03-02  15:23:02 Tue root INFO ('\n\x00\x00\x00\x00\x00\x00\x00\x00\x00', '6162', '0', 0, '0', '0', '179.90451049804688', '13.429543495178223', '0.0', '0', '0', '0', '179.3402862548828', '13.407841682434082', '0.0', '0', '0', '0', '0', '0', '0', '\n\x00\x00\x00\x00\x00\x00\x00\x00\x00', '\n\x00\x00\x00\x00\x00\x00\x00\x00\x00', '0', '0', '2021-03-02 15:23:02')
2021-03-02  15:23:02 Tue root INFO 成功添加数据
2021-03-02  15:23:02 Tue root INFO mes_plc_r6
2021-03-02  15:23:03 Tue root INFO 读取插入数据库数据：{'product_type': '\n\x00\x00\x00\x00\x00\x00\x00\x00\x00', 'r1_equipment_status': '0', 'fail_code': '0', 'recerve': '10', 'prod_num': 19, 'r1_rob_no': '0', 'r1_weld_line_no': '0', 'r1_electric': '0.0', 'r1_voltage': '0.0', 'r1_speed': '0.0', 'r1_job': '0', 'r2_rob_no': '0', 'r2_weld_line_no': '0', 'r2_electric': '0.0', 'r2_voltage': '0.0', 'r2_speed': '0.0', 'r2_job': '0', 'replace_status': '0', 'part_status': '0', 'r1_protective_gas': '0', 'r1_welding_wire': '0', 'r2_protective_gas': '0', 'r2_welding_wire': '0', 'login_id': '\n\x00\x00\x00\x00\x00\x00\x00\x00\x00', 'login_password': '\n\x00\x00\x00\x00\x00\x00\x00\x00\x00'}
2021-03-02  15:23:03 Tue root INFO ('\n\x00\x00\x00\x00\x00\x00\x00\x00\x00', '0', '0', 19, '0', '0', '0.0', '0.0', '0.0', '0', '0', '0', '0.0', '0.0', '0.0', '0', '0', '0', '0', '0', '0', '\n\x00\x00\x00\x00\x00\x00\x00\x00\x00', '\n\x00\x00\x00\x00\x00\x00\x00\x00\x00', '0', '10', '2021-03-02 15:23:03')
2021-03-02  15:23:03 Tue root INFO 成功添加数据
2021-03-02  15:24:03 Tue root INFO plc连接状态:[1, 1, 1, 1, 1, 1]
2021-03-02  15:24:03 Tue root INFO mes_plc
2021-03-02  15:24:04 Tue root INFO 读取插入数据库数据：{'product_type': '\n\x07250 YDG\x00', 'r1_equipment_status': '7315', 'fail_code': '0', 'recerve': '0', 'prod_num': 44, 'r1_rob_no': '4', 'r1_weld_line_no': '0', 'r1_electric': '182.26272583007812', 'r1_voltage': '13.299333572387695', 'r1_speed': '0.0', 'r1_job': '0', 'r2_rob_no': '104', 'r2_weld_line_no': '0', 'r2_electric': '0.0', 'r2_voltage': '0.0', 'r2_speed': '0.0', 'r2_job': '0', 'replace_status': '0', 'part_status': '0', 'r1_protective_gas': '0', 'r1_welding_wire': '0', 'r2_protective_gas': '0', 'r2_welding_wire': '0', 'login_id': '\n\x00\x00\x00\x00\x00\x00\x00\x00\x00', 'login_password': '\n\x00\x00\x00\x00\x00\x00\x00\x00\x00'}
2021-03-02  15:24:04 Tue root INFO ('\n\x07250 YDG\x00', '7315', '0', 44, '4', '0', '182.26272583007812', '13.299333572387695', '0.0', '0', '104', '0', '0.0', '0.0', '0.0', '0', '0', '0', '0', '0', '0', '\n\x00\x00\x00\x00\x00\x00\x00\x00\x00', '\n\x00\x00\x00\x00\x00\x00\x00\x00\x00', '0', '0', '2021-03-02 15:24:04')
2021-03-02  15:24:04 Tue root INFO 成功添加数据
2021-03-02  15:24:04 Tue root INFO mes_plc_r2
2021-03-02  15:24:04 Tue root INFO 读取插入数据库数据：{'product_type': '\n\x07250 TJ1\x00', 'r1_equipment_status': '5267', 'fail_code': '48', 'recerve': '0', 'prod_num': 242, 'r1_rob_no': '4', 'r1_weld_line_no': '0', 'r1_electric': '181.7129669189453', 'r1_voltage': '13.12210750579834', 'r1_speed': '0.0', 'r1_job': '0', 'r2_rob_no': '104', 'r2_weld_line_no': '0', 'r2_electric': '0.0', 'r2_voltage': '0.0', 'r2_speed': '0.0', 'r2_job': '0', 'replace_status': '0', 'part_status': '0', 'r1_protective_gas': '610', 'r1_welding_wire': '0', 'r2_protective_gas': '0', 'r2_welding_wire': '0', 'login_id': '\n\x00\x00\x00\x00\x00\x00\x00\x00\x00', 'login_password': '\n\x00\x00\x00\x00\x00\x00\x00\x00\x00'}
2021-03-02  15:24:04 Tue root INFO ('\n\x07250 TJ1\x00', '5267', '48', 242, '4', '0', '181.7129669189453', '13.12210750579834', '0.0', '0', '104', '0', '0.0', '0.0', '0.0', '0', '0', '610', '0', '0', '0', '\n\x00\x00\x00\x00\x00\x00\x00\x00\x00', '\n\x00\x00\x00\x00\x00\x00\x00\x00\x00', '0', '0', '2021-03-02 15:24:04')
2021-03-02  15:24:04 Tue root INFO 成功添加数据
2021-03-02  15:24:04 Tue root INFO mes_plc_r3
2021-03-02  15:24:04 Tue root INFO 读取插入数据库数据：{'product_type': '\n\x07250 TJ3\x00', 'r1_equipment_status': '7315', 'fail_code': '48', 'recerve': '0', 'prod_num': 247, 'r1_rob_no': '4', 'r1_weld_line_no': '0', 'r1_electric': '184.17245483398438', 'r1_voltage': '13.823784828186035', 'r1_speed': '0.0', 'r1_job': '0', 'r2_rob_no': '104', 'r2_weld_line_no': '0', 'r2_electric': '0.0', 'r2_voltage': '0.0', 'r2_speed': '0.0', 'r2_job': '0', 'replace_status': '0', 'part_status': '0', 'r1_protective_gas': '572', 'r1_welding_wire': '0', 'r2_protective_gas': '0', 'r2_welding_wire': '0', 'login_id': '\n\x00\x00\x00\x00\x00\x00\x00\x00\x00', 'login_password': '\n\x00\x00\x00\x00\x00\x00\x00\x00\x00'}
2021-03-02  15:24:04 Tue root INFO ('\n\x07250 TJ3\x00', '7315', '48', 247, '4', '0', '184.17245483398438', '13.823784828186035', '0.0', '0', '104', '0', '0.0', '0.0', '0.0', '0', '0', '572', '0', '0', '0', '\n\x00\x00\x00\x00\x00\x00\x00\x00\x00', '\n\x00\x00\x00\x00\x00\x00\x00\x00\x00', '0', '0', '2021-03-02 15:24:04')
2021-03-02  15:24:04 Tue root INFO 成功添加数据
2021-03-02  15:24:04 Tue root INFO mes_plc_r4
2021-03-02  15:24:05 Tue root INFO 读取插入数据库数据：{'product_type': '\n\x07250 PCB\x00', 'r1_equipment_status': '7169', 'fail_code': '0', 'recerve': '0', 'prod_num': 23, 'r1_rob_no': '4', 'r1_weld_line_no': '0', 'r1_electric': '182.98611450195312', 'r1_voltage': '13.169126510620117', 'r1_speed': '0.0', 'r1_job': '0', 'r2_rob_no': '104', 'r2_weld_line_no': '0', 'r2_electric': '0.0', 'r2_voltage': '0.0', 'r2_speed': '0.0', 'r2_job': '0', 'replace_status': '0', 'part_status': '0', 'r1_protective_gas': '1751', 'r1_welding_wire': '0', 'r2_protective_gas': '0', 'r2_welding_wire': '0', 'login_id': '\n\x00\x00\x00\x00\x00\x00\x00\x00\x00', 'login_password': '\n\x00\x00\x00\x00\x00\x00\x00\x00\x00'}
2021-03-02  15:24:05 Tue root INFO ('\n\x07250 PCB\x00', '7169', '0', 23, '4', '0', '182.98611450195312', '13.169126510620117', '0.0', '0', '104', '0', '0.0', '0.0', '0.0', '0', '0', '1751', '0', '0', '0', '\n\x00\x00\x00\x00\x00\x00\x00\x00\x00', '\n\x00\x00\x00\x00\x00\x00\x00\x00\x00', '0', '0', '2021-03-02 15:24:05')
2021-03-02  15:24:05 Tue root INFO 成功添加数据
2021-03-02  15:24:05 Tue root INFO mes_plc_r5
2021-03-02  15:24:05 Tue root INFO 读取插入数据库数据：{'product_type': '\n\x00\x00\x00\x00\x00\x00\x00\x00\x00', 'r1_equipment_status': '6162', 'fail_code': '0', 'recerve': '0', 'prod_num': 0, 'r1_rob_no': '0', 'r1_weld_line_no': '0', 'r1_electric': '179.84664916992188', 'r1_voltage': '13.447627067565918', 'r1_speed': '0.0', 'r1_job': '0', 'r2_rob_no': '0', 'r2_weld_line_no': '0', 'r2_electric': '179.28240966796875', 'r2_voltage': '13.393373489379883', 'r2_speed': '0.0', 'r2_job': '0', 'replace_status': '0', 'part_status': '0', 'r1_protective_gas': '0', 'r1_welding_wire': '0', 'r2_protective_gas': '0', 'r2_welding_wire': '0', 'login_id': '\n\x00\x00\x00\x00\x00\x00\x00\x00\x00', 'login_password': '\n\x00\x00\x00\x00\x00\x00\x00\x00\x00'}
2021-03-02  15:24:05 Tue root INFO ('\n\x00\x00\x00\x00\x00\x00\x00\x00\x00', '6162', '0', 0, '0', '0', '179.84664916992188', '13.447627067565918', '0.0', '0', '0', '0', '179.28240966796875', '13.393373489379883', '0.0', '0', '0', '0', '0', '0', '0', '\n\x00\x00\x00\x00\x00\x00\x00\x00\x00', '\n\x00\x00\x00\x00\x00\x00\x00\x00\x00', '0', '0', '2021-03-02 15:24:05')
2021-03-02  15:24:05 Tue root INFO 成功添加数据
2021-03-02  15:24:05 Tue root INFO mes_plc_r6
2021-03-02  15:24:05 Tue root INFO 读取插入数据库数据：{'product_type': '\n\x00\x00\x00\x00\x00\x00\x00\x00\x00', 'r1_equipment_status': '0', 'fail_code': '0', 'recerve': '10', 'prod_num': 19, 'r1_rob_no': '0', 'r1_weld_line_no': '0', 'r1_electric': '0.0', 'r1_voltage': '0.0', 'r1_speed': '0.0', 'r1_job': '0', 'r2_rob_no': '0', 'r2_weld_line_no': '0', 'r2_electric': '0.0', 'r2_voltage': '0.0', 'r2_speed': '0.0', 'r2_job': '0', 'replace_status': '0', 'part_status': '0', 'r1_protective_gas': '0', 'r1_welding_wire': '0', 'r2_protective_gas': '0', 'r2_welding_wire': '0', 'login_id': '\n\x00\x00\x00\x00\x00\x00\x00\x00\x00', 'login_password': '\n\x00\x00\x00\x00\x00\x00\x00\x00\x00'}
2021-03-02  15:24:05 Tue root INFO ('\n\x00\x00\x00\x00\x00\x00\x00\x00\x00', '0', '0', 19, '0', '0', '0.0', '0.0', '0.0', '0', '0', '0', '0.0', '0.0', '0.0', '0', '0', '0', '0', '0', '0', '\n\x00\x00\x00\x00\x00\x00\x00\x00\x00', '\n\x00\x00\x00\x00\x00\x00\x00\x00\x00', '0', '10', '2021-03-02 15:24:05')
2021-03-02  15:24:06 Tue root INFO 成功添加数据
2021-03-02  15:25:06 Tue root INFO plc连接状态:[1, 1, 1, 1, 1, 1]
2021-03-02  15:25:06 Tue root INFO mes_plc
2021-03-02  15:25:06 Tue root INFO 读取插入数据库数据：{'product_type': '\n\x07250 YDG\x00', 'r1_equipment_status': '7315', 'fail_code': '0', 'recerve': '0', 'prod_num': 44, 'r1_rob_no': '4', 'r1_weld_line_no': '0', 'r1_electric': '182.26272583007812', 'r1_voltage': '13.284866333007812', 'r1_speed': '0.0', 'r1_job': '0', 'r2_rob_no': '104', 'r2_weld_line_no': '0', 'r2_electric': '0.0', 'r2_voltage': '0.0', 'r2_speed': '0.0', 'r2_job': '0', 'replace_status': '0', 'part_status': '0', 'r1_protective_gas': '0', 'r1_welding_wire': '0', 'r2_protective_gas': '0', 'r2_welding_wire': '0', 'login_id': '\n\x00\x00\x00\x00\x00\x00\x00\x00\x00', 'login_password': '\n\x00\x00\x00\x00\x00\x00\x00\x00\x00'}
2021-03-02  15:25:06 Tue root INFO ('\n\x07250 YDG\x00', '7315', '0', 44, '4', '0', '182.26272583007812', '13.284866333007812', '0.0', '0', '104', '0', '0.0', '0.0', '0.0', '0', '0', '0', '0', '0', '0', '\n\x00\x00\x00\x00\x00\x00\x00\x00\x00', '\n\x00\x00\x00\x00\x00\x00\x00\x00\x00', '0', '0', '2021-03-02 15:25:06')
2021-03-02  15:25:06 Tue root INFO 成功添加数据
2021-03-02  15:25:06 Tue root INFO mes_plc_r2
2021-03-02  15:25:07 Tue root INFO 读取插入数据库数据：{'product_type': '\n\x07250 TJ1\x00', 'r1_equipment_status': '5267', 'fail_code': '48', 'recerve': '0', 'prod_num': 242, 'r1_rob_no': '4', 'r1_weld_line_no': '0', 'r1_electric': '181.6695556640625', 'r1_voltage': '13.129340171813965', 'r1_speed': '0.0', 'r1_job': '0', 'r2_rob_no': '104', 'r2_weld_line_no': '0', 'r2_electric': '0.0', 'r2_voltage': '0.0', 'r2_speed': '0.0', 'r2_job': '0', 'replace_status': '0', 'part_status': '0', 'r1_protective_gas': '610', 'r1_welding_wire': '0', 'r2_protective_gas': '0', 'r2_welding_wire': '0', 'login_id': '\n\x00\x00\x00\x00\x00\x00\x00\x00\x00', 'login_password': '\n\x00\x00\x00\x00\x00\x00\x00\x00\x00'}
2021-03-02  15:25:07 Tue root INFO ('\n\x07250 TJ1\x00', '5267', '48', 242, '4', '0', '181.6695556640625', '13.129340171813965', '0.0', '0', '104', '0', '0.0', '0.0', '0.0', '0', '0', '610', '0', '0', '0', '\n\x00\x00\x00\x00\x00\x00\x00\x00\x00', '\n\x00\x00\x00\x00\x00\x00\x00\x00\x00', '0', '0', '2021-03-02 15:25:07')
2021-03-02  15:25:07 Tue root INFO 成功添加数据
2021-03-02  15:25:07 Tue root INFO mes_plc_r3
2021-03-02  15:25:07 Tue root INFO 读取插入数据库数据：{'product_type': '\n\x07250 TJ3\x00', 'r1_equipment_status': '7315', 'fail_code': '48', 'recerve': '0', 'prod_num': 247, 'r1_rob_no': '4', 'r1_weld_line_no': '0', 'r1_electric': '184.17245483398438', 'r1_voltage': '13.820168495178223', 'r1_speed': '0.0', 'r1_job': '0', 'r2_rob_no': '104', 'r2_weld_line_no': '0', 'r2_electric': '0.0', 'r2_voltage': '0.0', 'r2_speed': '0.0', 'r2_job': '0', 'replace_status': '0', 'part_status': '0', 'r1_protective_gas': '572', 'r1_welding_wire': '0', 'r2_protective_gas': '0', 'r2_welding_wire': '0', 'login_id': '\n\x00\x00\x00\x00\x00\x00\x00\x00\x00', 'login_password': '\n\x00\x00\x00\x00\x00\x00\x00\x00\x00'}
2021-03-02  15:25:07 Tue root INFO ('\n\x07250 TJ3\x00', '7315', '48', 247, '4', '0', '184.17245483398438', '13.820168495178223', '0.0', '0', '104', '0', '0.0', '0.0', '0.0', '0', '0', '572', '0', '0', '0', '\n\x00\x00\x00\x00\x00\x00\x00\x00\x00', '\n\x00\x00\x00\x00\x00\x00\x00\x00\x00', '0', '0', '2021-03-02 15:25:07')
2021-03-02  15:25:07 Tue root INFO 成功添加数据
2021-03-02  15:25:07 Tue root INFO mes_plc_r4
2021-03-02  15:25:07 Tue root INFO 读取插入数据库数据：{'product_type': '\n\x07250 PCB\x00', 'r1_equipment_status': '7233', 'fail_code': '0', 'recerve': '0', 'prod_num': 23, 'r1_rob_no': '4', 'r1_weld_line_no': '0', 'r1_electric': '182.8848419189453', 'r1_voltage': '118.51490783691406', 'r1_speed': '0.0', 'r1_job': '0', 'r2_rob_no': '104', 'r2_weld_line_no': '0', 'r2_electric': '0.0', 'r2_voltage': '0.0', 'r2_speed': '0.0', 'r2_job': '0', 'replace_status': '0', 'part_status': '0', 'r1_protective_gas': '1777', 'r1_welding_wire': '0', 'r2_protective_gas': '0', 'r2_welding_wire': '0', 'login_id': '\n\x00\x00\x00\x00\x00\x00\x00\x00\x00', 'login_password': '\n\x00\x00\x00\x00\x00\x00\x00\x00\x00'}
2021-03-02  15:25:07 Tue root INFO ('\n\x07250 PCB\x00', '7233', '0', 23, '4', '0', '182.8848419189453', '118.51490783691406', '0.0', '0', '104', '0', '0.0', '0.0', '0.0', '0', '0', '1777', '0', '0', '0', '\n\x00\x00\x00\x00\x00\x00\x00\x00\x00', '\n\x00\x00\x00\x00\x00\x00\x00\x00\x00', '0', '0', '2021-03-02 15:25:07')
2021-03-02  15:25:07 Tue root INFO 成功添加数据
2021-03-02  15:25:07 Tue root INFO mes_plc_r5
2021-03-02  15:25:08 Tue root INFO 读取插入数据库数据：{'product_type': '\n\x00\x00\x00\x00\x00\x00\x00\x00\x00', 'r1_equipment_status': '6162', 'fail_code': '0', 'recerve': '0', 'prod_num': 0, 'r1_rob_no': '0', 'r1_weld_line_no': '0', 'r1_electric': '179.86111450195312', 'r1_voltage': '13.429543495178223', 'r1_speed': '0.0', 'r1_job': '0', 'r2_rob_no': '0', 'r2_weld_line_no': '0', 'r2_electric': '179.2679443359375', 'r2_voltage': '13.40060806274414', 'r2_speed': '0.0', 'r2_job': '0', 'replace_status': '0', 'part_status': '0', 'r1_protective_gas': '0', 'r1_welding_wire': '0', 'r2_protective_gas': '0', 'r2_welding_wire': '0', 'login_id': '\n\x00\x00\x00\x00\x00\x00\x00\x00\x00', 'login_password': '\n\x00\x00\x00\x00\x00\x00\x00\x00\x00'}
2021-03-02  15:25:08 Tue root INFO ('\n\x00\x00\x00\x00\x00\x00\x00\x00\x00', '6162', '0', 0, '0', '0', '179.86111450195312', '13.429543495178223', '0.0', '0', '0', '0', '179.2679443359375', '13.40060806274414', '0.0', '0', '0', '0', '0', '0', '0', '\n\x00\x00\x00\x00\x00\x00\x00\x00\x00', '\n\x00\x00\x00\x00\x00\x00\x00\x00\x00', '0', '0', '2021-03-02 15:25:08')
2021-03-02  15:25:08 Tue root INFO 成功添加数据
2021-03-02  15:25:08 Tue root INFO mes_plc_r6
2021-03-02  15:25:08 Tue root INFO 读取插入数据库数据：{'product_type': '\n\x00\x00\x00\x00\x00\x00\x00\x00\x00', 'r1_equipment_status': '0', 'fail_code': '0', 'recerve': '10', 'prod_num': 19, 'r1_rob_no': '0', 'r1_weld_line_no': '0', 'r1_electric': '0.0', 'r1_voltage': '0.0', 'r1_speed': '0.0', 'r1_job': '0', 'r2_rob_no': '0', 'r2_weld_line_no': '0', 'r2_electric': '0.0', 'r2_voltage': '0.0', 'r2_speed': '0.0', 'r2_job': '0', 'replace_status': '0', 'part_status': '0', 'r1_protective_gas': '0', 'r1_welding_wire': '0', 'r2_protective_gas': '0', 'r2_welding_wire': '0', 'login_id': '\n\x00\x00\x00\x00\x00\x00\x00\x00\x00', 'login_password': '\n\x00\x00\x00\x00\x00\x00\x00\x00\x00'}
2021-03-02  15:25:08 Tue root INFO ('\n\x00\x00\x00\x00\x00\x00\x00\x00\x00', '0', '0', 19, '0', '0', '0.0', '0.0', '0.0', '0', '0', '0', '0.0', '0.0', '0.0', '0', '0', '0', '0', '0', '0', '\n\x00\x00\x00\x00\x00\x00\x00\x00\x00', '\n\x00\x00\x00\x00\x00\x00\x00\x00\x00', '0', '10', '2021-03-02 15:25:08')
2021-03-02  15:25:08 Tue root INFO 成功添加数据
2021-03-02  15:26:08 Tue root INFO plc连接状态:[1, 1, 1, 1, 1, 1]
2021-03-02  15:26:08 Tue root INFO mes_plc
2021-03-02  15:26:09 Tue root INFO 读取插入数据库数据：{'product_type': '\n\x07250 YDG\x00', 'r1_equipment_status': '7315', 'fail_code': '0', 'recerve': '0', 'prod_num': 44, 'r1_rob_no': '4', 'r1_weld_line_no': '0', 'r1_electric': '182.29165649414062', 'r1_voltage': '13.28125', 'r1_speed': '0.0', 'r1_job': '0', 'r2_rob_no': '104', 'r2_weld_line_no': '0', 'r2_electric': '0.0', 'r2_voltage': '0.0', 'r2_speed': '0.0', 'r2_job': '0', 'replace_status': '0', 'part_status': '0', 'r1_protective_gas': '0', 'r1_welding_wire': '0', 'r2_protective_gas': '0', 'r2_welding_wire': '0', 'login_id': '\n\x00\x00\x00\x00\x00\x00\x00\x00\x00', 'login_password': '\n\x00\x00\x00\x00\x00\x00\x00\x00\x00'}
2021-03-02  15:26:09 Tue root INFO ('\n\x07250 YDG\x00', '7315', '0', 44, '4', '0', '182.29165649414062', '13.28125', '0.0', '0', '104', '0', '0.0', '0.0', '0.0', '0', '0', '0', '0', '0', '0', '\n\x00\x00\x00\x00\x00\x00\x00\x00\x00', '\n\x00\x00\x00\x00\x00\x00\x00\x00\x00', '0', '0', '2021-03-02 15:26:09')
2021-03-02  15:26:09 Tue root INFO 成功添加数据
2021-03-02  15:26:09 Tue root INFO mes_plc_r2
2021-03-02  15:26:09 Tue root INFO 读取插入数据库数据：{'product_type': '\n\x07250 TJ1\x00', 'r1_equipment_status': '5267', 'fail_code': '48', 'recerve': '0', 'prod_num': 242, 'r1_rob_no': '4', 'r1_weld_line_no': '0', 'r1_electric': '181.7129669189453', 'r1_voltage': '13.136574745178223', 'r1_speed': '0.0', 'r1_job': '0', 'r2_rob_no': '104', 'r2_weld_line_no': '0', 'r2_electric': '0.0', 'r2_voltage': '0.0', 'r2_speed': '0.0', 'r2_job': '0', 'replace_status': '0', 'part_status': '0', 'r1_protective_gas': '610', 'r1_welding_wire': '0', 'r2_protective_gas': '0', 'r2_welding_wire': '0', 'login_id': '\n\x00\x00\x00\x00\x00\x00\x00\x00\x00', 'login_password': '\n\x00\x00\x00\x00\x00\x00\x00\x00\x00'}
2021-03-02  15:26:09 Tue root INFO ('\n\x07250 TJ1\x00', '5267', '48', 242, '4', '0', '181.7129669189453', '13.136574745178223', '0.0', '0', '104', '0', '0.0', '0.0', '0.0', '0', '0', '610', '0', '0', '0', '\n\x00\x00\x00\x00\x00\x00\x00\x00\x00', '\n\x00\x00\x00\x00\x00\x00\x00\x00\x00', '0', '0', '2021-03-02 15:26:09')
2021-03-02  15:26:10 Tue root INFO 成功添加数据
2021-03-02  15:26:10 Tue root INFO mes_plc_r3
2021-03-02  15:26:10 Tue root INFO 读取插入数据库数据：{'product_type': '\n\x07250 TJ3\x00', 'r1_equipment_status': '7315', 'fail_code': '48', 'recerve': '0', 'prod_num': 247, 'r1_rob_no': '4', 'r1_weld_line_no': '0', 'r1_electric': '184.17245483398438', 'r1_voltage': '13.816550254821777', 'r1_speed': '0.0', 'r1_job': '0', 'r2_rob_no': '104', 'r2_weld_line_no': '0', 'r2_electric': '0.0', 'r2_voltage': '0.0', 'r2_speed': '0.0', 'r2_job': '0', 'replace_status': '0', 'part_status': '0', 'r1_protective_gas': '572', 'r1_welding_wire': '0', 'r2_protective_gas': '0', 'r2_welding_wire': '0', 'login_id': '\n\x00\x00\x00\x00\x00\x00\x00\x00\x00', 'login_password': '\n\x00\x00\x00\x00\x00\x00\x00\x00\x00'}
2021-03-02  15:26:10 Tue root INFO ('\n\x07250 TJ3\x00', '7315', '48', 247, '4', '0', '184.17245483398438', '13.816550254821777', '0.0', '0', '104', '0', '0.0', '0.0', '0.0', '0', '0', '572', '0', '0', '0', '\n\x00\x00\x00\x00\x00\x00\x00\x00\x00', '\n\x00\x00\x00\x00\x00\x00\x00\x00\x00', '0', '0', '2021-03-02 15:26:10')
2021-03-02  15:26:10 Tue root INFO 成功添加数据
2021-03-02  15:26:10 Tue root INFO mes_plc_r4
2021-03-02  15:26:10 Tue root INFO 读取插入数据库数据：{'product_type': '\n\x07250 PCB\x00', 'r1_equipment_status': '7315', 'fail_code': '0', 'recerve': '0', 'prod_num': 23, 'r1_rob_no': '4', 'r1_weld_line_no': '0', 'r1_electric': '183.01504516601562', 'r1_voltage': '13.169126510620117', 'r1_speed': '0.0', 'r1_job': '0', 'r2_rob_no': '104', 'r2_weld_line_no': '0', 'r2_electric': '0.0', 'r2_voltage': '0.0', 'r2_speed': '0.0', 'r2_job': '0', 'replace_status': '0', 'part_status': '0', 'r1_protective_gas': '1782', 'r1_welding_wire': '0', 'r2_protective_gas': '0', 'r2_welding_wire': '0', 'login_id': '\n\x00\x00\x00\x00\x00\x00\x00\x00\x00', 'login_password': '\n\x00\x00\x00\x00\x00\x00\x00\x00\x00'}
2021-03-02  15:26:10 Tue root INFO ('\n\x07250 PCB\x00', '7315', '0', 23, '4', '0', '183.01504516601562', '13.169126510620117', '0.0', '0', '104', '0', '0.0', '0.0', '0.0', '0', '0', '1782', '0', '0', '0', '\n\x00\x00\x00\x00\x00\x00\x00\x00\x00', '\n\x00\x00\x00\x00\x00\x00\x00\x00\x00', '0', '0', '2021-03-02 15:26:10')
2021-03-02  15:26:10 Tue root INFO 成功添加数据
2021-03-02  15:26:10 Tue root INFO mes_plc_r5
2021-03-02  15:26:11 Tue root INFO 读取插入数据库数据：{'product_type': '\n\x00\x00\x00\x00\x00\x00\x00\x00\x00', 'r1_equipment_status': '6226', 'fail_code': '0', 'recerve': '0', 'prod_num': 0, 'r1_rob_no': '0', 'r1_weld_line_no': '0', 'r1_electric': '179.86111450195312', 'r1_voltage': '13.425925254821777', 'r1_speed': '0.0', 'r1_job': '0', 'r2_rob_no': '0', 'r2_weld_line_no': '0', 'r2_electric': '179.2534637451172', 'r2_voltage': '13.422308921813965', 'r2_speed': '0.0', 'r2_job': '0', 'replace_status': '0', 'part_status': '0', 'r1_protective_gas': '0', 'r1_welding_wire': '0', 'r2_protective_gas': '0', 'r2_welding_wire': '0', 'login_id': '\n\x00\x00\x00\x00\x00\x00\x00\x00\x00', 'login_password': '\n\x00\x00\x00\x00\x00\x00\x00\x00\x00'}
2021-03-02  15:26:11 Tue root INFO ('\n\x00\x00\x00\x00\x00\x00\x00\x00\x00', '6226', '0', 0, '0', '0', '179.86111450195312', '13.425925254821777', '0.0', '0', '0', '0', '179.2534637451172', '13.422308921813965', '0.0', '0', '0', '0', '0', '0', '0', '\n\x00\x00\x00\x00\x00\x00\x00\x00\x00', '\n\x00\x00\x00\x00\x00\x00\x00\x00\x00', '0', '0', '2021-03-02 15:26:11')
2021-03-02  15:26:11 Tue root INFO 成功添加数据
2021-03-02  15:26:11 Tue root INFO mes_plc_r6
2021-03-02  15:26:11 Tue root INFO 读取插入数据库数据：{'product_type': '\n\x00\x00\x00\x00\x00\x00\x00\x00\x00', 'r1_equipment_status': '0', 'fail_code': '0', 'recerve': '10', 'prod_num': 19, 'r1_rob_no': '0', 'r1_weld_line_no': '0', 'r1_electric': '0.0', 'r1_voltage': '0.0', 'r1_speed': '0.0', 'r1_job': '0', 'r2_rob_no': '0', 'r2_weld_line_no': '0', 'r2_electric': '0.0', 'r2_voltage': '0.0', 'r2_speed': '0.0', 'r2_job': '0', 'replace_status': '0', 'part_status': '0', 'r1_protective_gas': '0', 'r1_welding_wire': '0', 'r2_protective_gas': '0', 'r2_welding_wire': '0', 'login_id': '\n\x00\x00\x00\x00\x00\x00\x00\x00\x00', 'login_password': '\n\x00\x00\x00\x00\x00\x00\x00\x00\x00'}
2021-03-02  15:26:11 Tue root INFO ('\n\x00\x00\x00\x00\x00\x00\x00\x00\x00', '0', '0', 19, '0', '0', '0.0', '0.0', '0.0', '0', '0', '0', '0.0', '0.0', '0.0', '0', '0', '0', '0', '0', '0', '\n\x00\x00\x00\x00\x00\x00\x00\x00\x00', '\n\x00\x00\x00\x00\x00\x00\x00\x00\x00', '0', '10', '2021-03-02 15:26:11')
2021-03-02  15:26:11 Tue root INFO 成功添加数据
2021-03-02  15:27:11 Tue root INFO plc连接状态:[1, 1, 1, 1, 1, 1]
2021-03-02  15:27:11 Tue root INFO mes_plc
2021-03-02  15:27:12 Tue root INFO 读取插入数据库数据：{'product_type': '\n\x07250 YDG\x00', 'r1_equipment_status': '7315', 'fail_code': '0', 'recerve': '0', 'prod_num': 44, 'r1_rob_no': '4', 'r1_weld_line_no': '0', 'r1_electric': '182.26272583007812', 'r1_voltage': '13.29210090637207', 'r1_speed': '0.0', 'r1_job': '0', 'r2_rob_no': '104', 'r2_weld_line_no': '0', 'r2_electric': '0.0', 'r2_voltage': '0.0', 'r2_speed': '0.0', 'r2_job': '0', 'replace_status': '0', 'part_status': '0', 'r1_protective_gas': '0', 'r1_welding_wire': '0', 'r2_protective_gas': '0', 'r2_welding_wire': '0', 'login_id': '\n\x00\x00\x00\x00\x00\x00\x00\x00\x00', 'login_password': '\n\x00\x00\x00\x00\x00\x00\x00\x00\x00'}
2021-03-02  15:27:12 Tue root INFO ('\n\x07250 YDG\x00', '7315', '0', 44, '4', '0', '182.26272583007812', '13.29210090637207', '0.0', '0', '104', '0', '0.0', '0.0', '0.0', '0', '0', '0', '0', '0', '0', '\n\x00\x00\x00\x00\x00\x00\x00\x00\x00', '\n\x00\x00\x00\x00\x00\x00\x00\x00\x00', '0', '0', '2021-03-02 15:27:12')
2021-03-02  15:27:12 Tue root INFO 成功添加数据
2021-03-02  15:27:12 Tue root INFO mes_plc_r2
2021-03-02  15:27:12 Tue root INFO 读取插入数据库数据：{'product_type': '\n\x07250 TJ1\x00', 'r1_equipment_status': '5267', 'fail_code': '48', 'recerve': '0', 'prod_num': 242, 'r1_rob_no': '4', 'r1_weld_line_no': '0', 'r1_electric': '181.65509033203125', 'r1_voltage': '13.136574745178223', 'r1_speed': '0.0', 'r1_job': '0', 'r2_rob_no': '104', 'r2_weld_line_no': '0', 'r2_electric': '0.0', 'r2_voltage': '0.0', 'r2_speed': '0.0', 'r2_job': '0', 'replace_status': '0', 'part_status': '0', 'r1_protective_gas': '610', 'r1_welding_wire': '0', 'r2_protective_gas': '0', 'r2_welding_wire': '0', 'login_id': '\n\x00\x00\x00\x00\x00\x00\x00\x00\x00', 'login_password': '\n\x00\x00\x00\x00\x00\x00\x00\x00\x00'}
2021-03-02  15:27:12 Tue root INFO ('\n\x07250 TJ1\x00', '5267', '48', 242, '4', '0', '181.65509033203125', '13.136574745178223', '0.0', '0', '104', '0', '0.0', '0.0', '0.0', '0', '0', '610', '0', '0', '0', '\n\x00\x00\x00\x00\x00\x00\x00\x00\x00', '\n\x00\x00\x00\x00\x00\x00\x00\x00\x00', '0', '0', '2021-03-02 15:27:12')
2021-03-02  15:27:12 Tue root INFO 成功添加数据
2021-03-02  15:27:12 Tue root INFO mes_plc_r3
2021-03-02  15:27:13 Tue root INFO 读取插入数据库数据：{'product_type': '\n\x07250 TJ3\x00', 'r1_equipment_status': '7315', 'fail_code': '48', 'recerve': '0', 'prod_num': 247, 'r1_rob_no': '4', 'r1_weld_line_no': '0', 'r1_electric': '184.17245483398438', 'r1_voltage': '13.816550254821777', 'r1_speed': '0.0', 'r1_job': '0', 'r2_rob_no': '104', 'r2_weld_line_no': '0', 'r2_electric': '0.0', 'r2_voltage': '0.0', 'r2_speed': '0.0', 'r2_job': '0', 'replace_status': '0', 'part_status': '0', 'r1_protective_gas': '572', 'r1_welding_wire': '0', 'r2_protective_gas': '0', 'r2_welding_wire': '0', 'login_id': '\n\x00\x00\x00\x00\x00\x00\x00\x00\x00', 'login_password': '\n\x00\x00\x00\x00\x00\x00\x00\x00\x00'}
2021-03-02  15:27:13 Tue root INFO ('\n\x07250 TJ3\x00', '7315', '48', 247, '4', '0', '184.17245483398438', '13.816550254821777', '0.0', '0', '104', '0', '0.0', '0.0', '0.0', '0', '0', '572', '0', '0', '0', '\n\x00\x00\x00\x00\x00\x00\x00\x00\x00', '\n\x00\x00\x00\x00\x00\x00\x00\x00\x00', '0', '0', '2021-03-02 15:27:13')
2021-03-02  15:27:13 Tue root INFO 成功添加数据
2021-03-02  15:27:13 Tue root INFO mes_plc_r4
2021-03-02  15:27:13 Tue root INFO 读取插入数据库数据：{'product_type': '\n\x07250 PCB\x00', 'r1_equipment_status': '6803', 'fail_code': '0', 'recerve': '0', 'prod_num': 24, 'r1_rob_no': '4', 'r1_weld_line_no': '0', 'r1_electric': '182.95716857910156', 'r1_voltage': '118.51490783691406', 'r1_speed': '0.0', 'r1_job': '0', 'r2_rob_no': '104', 'r2_weld_line_no': '0', 'r2_electric': '0.0', 'r2_voltage': '0.0', 'r2_speed': '0.0', 'r2_job': '0', 'replace_status': '0', 'part_status': '0', 'r1_protective_gas': '1790', 'r1_welding_wire': '0', 'r2_protective_gas': '0', 'r2_welding_wire': '0', 'login_id': '\n\x00\x00\x00\x00\x00\x00\x00\x00\x00', 'login_password': '\n\x00\x00\x00\x00\x00\x00\x00\x00\x00'}
2021-03-02  15:27:13 Tue root INFO ('\n\x07250 PCB\x00', '6803', '0', 24, '4', '0', '182.95716857910156', '118.51490783691406', '0.0', '0', '104', '0', '0.0', '0.0', '0.0', '0', '0', '1790', '0', '0', '0', '\n\x00\x00\x00\x00\x00\x00\x00\x00\x00', '\n\x00\x00\x00\x00\x00\x00\x00\x00\x00', '0', '0', '2021-03-02 15:27:13')
2021-03-02  15:27:13 Tue root INFO 成功添加数据
2021-03-02  15:27:13 Tue root INFO mes_plc_r5
2021-03-02  15:27:13 Tue root INFO 读取插入数据库数据：{'product_type': '\n\x00\x00\x00\x00\x00\x00\x00\x00\x00', 'r1_equipment_status': '6162', 'fail_code': '0', 'recerve': '0', 'prod_num': 0, 'r1_rob_no': '0', 'r1_weld_line_no': '0', 'r1_electric': '179.84664916992188', 'r1_voltage': '13.444010734558105', 'r1_speed': '0.0', 'r1_job': '0', 'r2_rob_no': '0', 'r2_weld_line_no': '0', 'r2_electric': '179.3402862548828', 'r2_voltage': '13.407841682434082', 'r2_speed': '0.0', 'r2_job': '0', 'replace_status': '0', 'part_status': '0', 'r1_protective_gas': '0', 'r1_welding_wire': '0', 'r2_protective_gas': '0', 'r2_welding_wire': '0', 'login_id': '\n\x00\x00\x00\x00\x00\x00\x00\x00\x00', 'login_password': '\n\x00\x00\x00\x00\x00\x00\x00\x00\x00'}
2021-03-02  15:27:13 Tue root INFO ('\n\x00\x00\x00\x00\x00\x00\x00\x00\x00', '6162', '0', 0, '0', '0', '179.84664916992188', '13.444010734558105', '0.0', '0', '0', '0', '179.3402862548828', '13.407841682434082', '0.0', '0', '0', '0', '0', '0', '0', '\n\x00\x00\x00\x00\x00\x00\x00\x00\x00', '\n\x00\x00\x00\x00\x00\x00\x00\x00\x00', '0', '0', '2021-03-02 15:27:13')
2021-03-02  15:27:13 Tue root INFO 成功添加数据
2021-03-02  15:27:13 Tue root INFO mes_plc_r6
2021-03-02  15:27:14 Tue root INFO 读取插入数据库数据：{'product_type': '\n\x00\x00\x00\x00\x00\x00\x00\x00\x00', 'r1_equipment_status': '0', 'fail_code': '0', 'recerve': '10', 'prod_num': 19, 'r1_rob_no': '0', 'r1_weld_line_no': '0', 'r1_electric': '0.0', 'r1_voltage': '0.0', 'r1_speed': '0.0', 'r1_job': '0', 'r2_rob_no': '0', 'r2_weld_line_no': '0', 'r2_electric': '0.0', 'r2_voltage': '0.0', 'r2_speed': '0.0', 'r2_job': '0', 'replace_status': '0', 'part_status': '0', 'r1_protective_gas': '0', 'r1_welding_wire': '0', 'r2_protective_gas': '0', 'r2_welding_wire': '0', 'login_id': '\n\x00\x00\x00\x00\x00\x00\x00\x00\x00', 'login_password': '\n\x00\x00\x00\x00\x00\x00\x00\x00\x00'}
2021-03-02  15:27:14 Tue root INFO ('\n\x00\x00\x00\x00\x00\x00\x00\x00\x00', '0', '0', 19, '0', '0', '0.0', '0.0', '0.0', '0', '0', '0', '0.0', '0.0', '0.0', '0', '0', '0', '0', '0', '0', '\n\x00\x00\x00\x00\x00\x00\x00\x00\x00', '\n\x00\x00\x00\x00\x00\x00\x00\x00\x00', '0', '10', '2021-03-02 15:27:14')
2021-03-02  15:27:14 Tue root INFO 成功添加数据
2021-03-02  15:28:14 Tue root INFO plc连接状态:[1, 1, 1, 1, 1, 1]
2021-03-02  15:28:14 Tue root INFO mes_plc
2021-03-02  15:28:15 Tue root INFO 读取插入数据库数据：{'product_type': '\n\x07250 YDG\x00', 'r1_equipment_status': '7315', 'fail_code': '0', 'recerve': '0', 'prod_num': 44, 'r1_rob_no': '4', 'r1_weld_line_no': '0', 'r1_electric': '182.19039916992188', 'r1_voltage': '13.295717239379883', 'r1_speed': '0.0', 'r1_job': '0', 'r2_rob_no': '104', 'r2_weld_line_no': '0', 'r2_electric': '0.0', 'r2_voltage': '0.0', 'r2_speed': '0.0', 'r2_job': '0', 'replace_status': '0', 'part_status': '0', 'r1_protective_gas': '0', 'r1_welding_wire': '0', 'r2_protective_gas': '0', 'r2_welding_wire': '0', 'login_id': '\n\x00\x00\x00\x00\x00\x00\x00\x00\x00', 'login_password': '\n\x00\x00\x00\x00\x00\x00\x00\x00\x00'}
2021-03-02  15:28:15 Tue root INFO ('\n\x07250 YDG\x00', '7315', '0', 44, '4', '0', '182.19039916992188', '13.295717239379883', '0.0', '0', '104', '0', '0.0', '0.0', '0.0', '0', '0', '0', '0', '0', '0', '\n\x00\x00\x00\x00\x00\x00\x00\x00\x00', '\n\x00\x00\x00\x00\x00\x00\x00\x00\x00', '0', '0', '2021-03-02 15:28:15')
2021-03-02  15:28:15 Tue root INFO 成功添加数据
2021-03-02  15:28:15 Tue root INFO mes_plc_r2
2021-03-02  15:28:15 Tue root INFO 读取插入数据库数据：{'product_type': '\n\x07250 TJ1\x00', 'r1_equipment_status': '5267', 'fail_code': '48', 'recerve': '0', 'prod_num': 242, 'r1_rob_no': '4', 'r1_weld_line_no': '0', 'r1_electric': '181.6695556640625', 'r1_voltage': '13.118489265441895', 'r1_speed': '0.0', 'r1_job': '0', 'r2_rob_no': '104', 'r2_weld_line_no': '0', 'r2_electric': '0.0', 'r2_voltage': '0.0', 'r2_speed': '0.0', 'r2_job': '0', 'replace_status': '0', 'part_status': '0', 'r1_protective_gas': '610', 'r1_welding_wire': '0', 'r2_protective_gas': '0', 'r2_welding_wire': '0', 'login_id': '\n\x00\x00\x00\x00\x00\x00\x00\x00\x00', 'login_password': '\n\x00\x00\x00\x00\x00\x00\x00\x00\x00'}
2021-03-02  15:28:15 Tue root INFO ('\n\x07250 TJ1\x00', '5267', '48', 242, '4', '0', '181.6695556640625', '13.118489265441895', '0.0', '0', '104', '0', '0.0', '0.0', '0.0', '0', '0', '610', '0', '0', '0', '\n\x00\x00\x00\x00\x00\x00\x00\x00\x00', '\n\x00\x00\x00\x00\x00\x00\x00\x00\x00', '0', '0', '2021-03-02 15:28:15')
2021-03-02  15:28:15 Tue root INFO 成功添加数据
2021-03-02  15:28:15 Tue root INFO mes_plc_r3
2021-03-02  15:28:15 Tue root INFO 读取插入数据库数据：{'product_type': '\n\x07250 TJ3\x00', 'r1_equipment_status': '7315', 'fail_code': '48', 'recerve': '0', 'prod_num': 247, 'r1_rob_no': '4', 'r1_weld_line_no': '0', 'r1_electric': '184.20138549804688', 'r1_voltage': '13.823784828186035', 'r1_speed': '0.0', 'r1_job': '0', 'r2_rob_no': '104', 'r2_weld_line_no': '0', 'r2_electric': '0.0', 'r2_voltage': '0.0', 'r2_speed': '0.0', 'r2_job': '0', 'replace_status': '0', 'part_status': '0', 'r1_protective_gas': '572', 'r1_welding_wire': '0', 'r2_protective_gas': '0', 'r2_welding_wire': '0', 'login_id': '\n\x00\x00\x00\x00\x00\x00\x00\x00\x00', 'login_password': '\n\x00\x00\x00\x00\x00\x00\x00\x00\x00'}
2021-03-02  15:28:15 Tue root INFO ('\n\x07250 TJ3\x00', '7315', '48', 247, '4', '0', '184.20138549804688', '13.823784828186035', '0.0', '0', '104', '0', '0.0', '0.0', '0.0', '0', '0', '572', '0', '0', '0', '\n\x00\x00\x00\x00\x00\x00\x00\x00\x00', '\n\x00\x00\x00\x00\x00\x00\x00\x00\x00', '0', '0', '2021-03-02 15:28:15')
2021-03-02  15:28:15 Tue root INFO 成功添加数据
2021-03-02  15:28:15 Tue root INFO mes_plc_r4
2021-03-02  15:28:16 Tue root INFO 读取插入数据库数据：{'product_type': '\n\x07250 PCB\x00', 'r1_equipment_status': '7315', 'fail_code': '0', 'recerve': '0', 'prod_num': 24, 'r1_rob_no': '4', 'r1_weld_line_no': '0', 'r1_electric': '182.97164916992188', 'r1_voltage': '13.190828323364258', 'r1_speed': '0.0', 'r1_job': '0', 'r2_rob_no': '104', 'r2_weld_line_no': '0', 'r2_electric': '0.0', 'r2_voltage': '0.0', 'r2_speed': '0.0', 'r2_job': '0', 'replace_status': '0', 'part_status': '0', 'r1_protective_gas': '1816', 'r1_welding_wire': '0', 'r2_protective_gas': '0', 'r2_welding_wire': '0', 'login_id': '\n\x00\x00\x00\x00\x00\x00\x00\x00\x00', 'login_password': '\n\x00\x00\x00\x00\x00\x00\x00\x00\x00'}
2021-03-02  15:28:16 Tue root INFO ('\n\x07250 PCB\x00', '7315', '0', 24, '4', '0', '182.97164916992188', '13.190828323364258', '0.0', '0', '104', '0', '0.0', '0.0', '0.0', '0', '0', '1816', '0', '0', '0', '\n\x00\x00\x00\x00\x00\x00\x00\x00\x00', '\n\x00\x00\x00\x00\x00\x00\x00\x00\x00', '0', '0', '2021-03-02 15:28:16')
2021-03-02  15:28:16 Tue root INFO 成功添加数据
2021-03-02  15:28:16 Tue root INFO mes_plc_r5
2021-03-02  15:28:16 Tue root INFO 读取插入数据库数据：{'product_type': '\n\x00\x00\x00\x00\x00\x00\x00\x00\x00', 'r1_equipment_status': '6162', 'fail_code': '0', 'recerve': '0', 'prod_num': 0, 'r1_rob_no': '0', 'r1_weld_line_no': '0', 'r1_electric': '179.83216857910156', 'r1_voltage': '13.462095260620117', 'r1_speed': '0.0', 'r1_job': '0', 'r2_rob_no': '0', 'r2_weld_line_no': '0', 'r2_electric': '179.35475158691406', 'r2_voltage': '13.407841682434082', 'r2_speed': '0.0', 'r2_job': '0', 'replace_status': '0', 'part_status': '0', 'r1_protective_gas': '0', 'r1_welding_wire': '0', 'r2_protective_gas': '0', 'r2_welding_wire': '0', 'login_id': '\n\x00\x00\x00\x00\x00\x00\x00\x00\x00', 'login_password': '\n\x00\x00\x00\x00\x00\x00\x00\x00\x00'}
2021-03-02  15:28:16 Tue root INFO ('\n\x00\x00\x00\x00\x00\x00\x00\x00\x00', '6162', '0', 0, '0', '0', '179.83216857910156', '13.462095260620117', '0.0', '0', '0', '0', '179.35475158691406', '13.407841682434082', '0.0', '0', '0', '0', '0', '0', '0', '\n\x00\x00\x00\x00\x00\x00\x00\x00\x00', '\n\x00\x00\x00\x00\x00\x00\x00\x00\x00', '0', '0', '2021-03-02 15:28:16')
2021-03-02  15:28:16 Tue root INFO 成功添加数据
2021-03-02  15:28:16 Tue root INFO mes_plc_r6
2021-03-02  15:28:17 Tue root INFO 读取插入数据库数据：{'product_type': '\n\x00\x00\x00\x00\x00\x00\x00\x00\x00', 'r1_equipment_status': '0', 'fail_code': '0', 'recerve': '10', 'prod_num': 19, 'r1_rob_no': '0', 'r1_weld_line_no': '0', 'r1_electric': '0.0', 'r1_voltage': '0.0', 'r1_speed': '0.0', 'r1_job': '0', 'r2_rob_no': '0', 'r2_weld_line_no': '0', 'r2_electric': '0.0', 'r2_voltage': '0.0', 'r2_speed': '0.0', 'r2_job': '0', 'replace_status': '0', 'part_status': '0', 'r1_protective_gas': '0', 'r1_welding_wire': '0', 'r2_protective_gas': '0', 'r2_welding_wire': '0', 'login_id': '\n\x00\x00\x00\x00\x00\x00\x00\x00\x00', 'login_password': '\n\x00\x00\x00\x00\x00\x00\x00\x00\x00'}
2021-03-02  15:28:17 Tue root INFO ('\n\x00\x00\x00\x00\x00\x00\x00\x00\x00', '0', '0', 19, '0', '0', '0.0', '0.0', '0.0', '0', '0', '0', '0.0', '0.0', '0.0', '0', '0', '0', '0', '0', '0', '\n\x00\x00\x00\x00\x00\x00\x00\x00\x00', '\n\x00\x00\x00\x00\x00\x00\x00\x00\x00', '0', '10', '2021-03-02 15:28:17')
2021-03-02  15:28:17 Tue root INFO 成功添加数据
2021-03-02  15:29:17 Tue root INFO plc连接状态:[1, 1, 1, 1, 1, 1]
2021-03-02  15:29:17 Tue root INFO mes_plc
2021-03-02  15:29:17 Tue root INFO 读取插入数据库数据：{'product_type': '\n\x07250 YDG\x00', 'r1_equipment_status': '7315', 'fail_code': '0', 'recerve': '0', 'prod_num': 44, 'r1_rob_no': '4', 'r1_weld_line_no': '0', 'r1_electric': '182.21932983398438', 'r1_voltage': '13.29210090637207', 'r1_speed': '0.0', 'r1_job': '0', 'r2_rob_no': '104', 'r2_weld_line_no': '0', 'r2_electric': '0.0', 'r2_voltage': '0.0', 'r2_speed': '0.0', 'r2_job': '0', 'replace_status': '0', 'part_status': '0', 'r1_protective_gas': '0', 'r1_welding_wire': '0', 'r2_protective_gas': '0', 'r2_welding_wire': '0', 'login_id': '\n\x00\x00\x00\x00\x00\x00\x00\x00\x00', 'login_password': '\n\x00\x00\x00\x00\x00\x00\x00\x00\x00'}
2021-03-02  15:29:17 Tue root INFO ('\n\x07250 YDG\x00', '7315', '0', 44, '4', '0', '182.21932983398438', '13.29210090637207', '0.0', '0', '104', '0', '0.0', '0.0', '0.0', '0', '0', '0', '0', '0', '0', '\n\x00\x00\x00\x00\x00\x00\x00\x00\x00', '\n\x00\x00\x00\x00\x00\x00\x00\x00\x00', '0', '0', '2021-03-02 15:29:17')
2021-03-02  15:29:17 Tue root INFO 成功添加数据
2021-03-02  15:29:17 Tue root INFO mes_plc_r2
2021-03-02  15:29:17 Tue root INFO 读取插入数据库数据：{'product_type': '\n\x07250 TJ1\x00', 'r1_equipment_status': '5267', 'fail_code': '48', 'recerve': '0', 'prod_num': 242, 'r1_rob_no': '4', 'r1_weld_line_no': '0', 'r1_electric': '181.6695556640625', 'r1_voltage': '13.129340171813965', 'r1_speed': '0.0', 'r1_job': '0', 'r2_rob_no': '104', 'r2_weld_line_no': '0', 'r2_electric': '0.0', 'r2_voltage': '0.0', 'r2_speed': '0.0', 'r2_job': '0', 'replace_status': '0', 'part_status': '0', 'r1_protective_gas': '610', 'r1_welding_wire': '0', 'r2_protective_gas': '0', 'r2_welding_wire': '0', 'login_id': '\n\x00\x00\x00\x00\x00\x00\x00\x00\x00', 'login_password': '\n\x00\x00\x00\x00\x00\x00\x00\x00\x00'}
2021-03-02  15:29:17 Tue root INFO ('\n\x07250 TJ1\x00', '5267', '48', 242, '4', '0', '181.6695556640625', '13.129340171813965', '0.0', '0', '104', '0', '0.0', '0.0', '0.0', '0', '0', '610', '0', '0', '0', '\n\x00\x00\x00\x00\x00\x00\x00\x00\x00', '\n\x00\x00\x00\x00\x00\x00\x00\x00\x00', '0', '0', '2021-03-02 15:29:17')
2021-03-02  15:29:17 Tue root INFO 成功添加数据
2021-03-02  15:29:17 Tue root INFO mes_plc_r3
2021-03-02  15:29:17 Tue root INFO 读取插入数据库数据：{'product_type': '\n\x07250 TJ3\x00', 'r1_equipment_status': '7315', 'fail_code': '48', 'recerve': '0', 'prod_num': 247, 'r1_rob_no': '4', 'r1_weld_line_no': '0', 'r1_electric': '184.17245483398438', 'r1_voltage': '13.823784828186035', 'r1_speed': '0.0', 'r1_job': '0', 'r2_rob_no': '104', 'r2_weld_line_no': '0', 'r2_electric': '0.0', 'r2_voltage': '0.0', 'r2_speed': '0.0', 'r2_job': '0', 'replace_status': '0', 'part_status': '0', 'r1_protective_gas': '572', 'r1_welding_wire': '0', 'r2_protective_gas': '0', 'r2_welding_wire': '0', 'login_id': '\n\x00\x00\x00\x00\x00\x00\x00\x00\x00', 'login_password': '\n\x00\x00\x00\x00\x00\x00\x00\x00\x00'}
2021-03-02  15:29:17 Tue root INFO ('\n\x07250 TJ3\x00', '7315', '48', 247, '4', '0', '184.17245483398438', '13.823784828186035', '0.0', '0', '104', '0', '0.0', '0.0', '0.0', '0', '0', '572', '0', '0', '0', '\n\x00\x00\x00\x00\x00\x00\x00\x00\x00', '\n\x00\x00\x00\x00\x00\x00\x00\x00\x00', '0', '0', '2021-03-02 15:29:17')
2021-03-02  15:29:18 Tue root INFO 成功添加数据
2021-03-02  15:29:18 Tue root INFO mes_plc_r4
2021-03-02  15:29:18 Tue root INFO 读取插入数据库数据：{'product_type': '\n\x07250 PCB\x00', 'r1_equipment_status': '7233', 'fail_code': '0', 'recerve': '0', 'prod_num': 24, 'r1_rob_no': '4', 'r1_weld_line_no': '0', 'r1_electric': '182.7690887451172', 'r1_voltage': '118.51490783691406', 'r1_speed': '0.0', 'r1_job': '0', 'r2_rob_no': '104', 'r2_weld_line_no': '0', 'r2_electric': '0.0', 'r2_voltage': '0.0', 'r2_speed': '0.0', 'r2_job': '0', 'replace_status': '0', 'part_status': '0', 'r1_protective_gas': '1828', 'r1_welding_wire': '0', 'r2_protective_gas': '0', 'r2_welding_wire': '0', 'login_id': '\n\x00\x00\x00\x00\x00\x00\x00\x00\x00', 'login_password': '\n\x00\x00\x00\x00\x00\x00\x00\x00\x00'}
2021-03-02  15:29:18 Tue root INFO ('\n\x07250 PCB\x00', '7233', '0', 24, '4', '0', '182.7690887451172', '118.51490783691406', '0.0', '0', '104', '0', '0.0', '0.0', '0.0', '0', '0', '1828', '0', '0', '0', '\n\x00\x00\x00\x00\x00\x00\x00\x00\x00', '\n\x00\x00\x00\x00\x00\x00\x00\x00\x00', '0', '0', '2021-03-02 15:29:18')
2021-03-02  15:29:18 Tue root INFO 成功添加数据
2021-03-02  15:29:18 Tue root INFO mes_plc_r5
2021-03-02  15:29:18 Tue root INFO 读取插入数据库数据：{'product_type': '\n\x00\x00\x00\x00\x00\x00\x00\x00\x00', 'r1_equipment_status': '6226', 'fail_code': '0', 'recerve': '0', 'prod_num': 0, 'r1_rob_no': '0', 'r1_weld_line_no': '0', 'r1_electric': '179.84664916992188', 'r1_voltage': '13.436776161193848', 'r1_speed': '0.0', 'r1_job': '0', 'r2_rob_no': '0', 'r2_weld_line_no': '0', 'r2_electric': '179.3402862548828', 'r2_voltage': '13.38975715637207', 'r2_speed': '0.0', 'r2_job': '0', 'replace_status': '0', 'part_status': '0', 'r1_protective_gas': '0', 'r1_welding_wire': '0', 'r2_protective_gas': '0', 'r2_welding_wire': '0', 'login_id': '\n\x00\x00\x00\x00\x00\x00\x00\x00\x00', 'login_password': '\n\x00\x00\x00\x00\x00\x00\x00\x00\x00'}
2021-03-02  15:29:18 Tue root INFO ('\n\x00\x00\x00\x00\x00\x00\x00\x00\x00', '6226', '0', 0, '0', '0', '179.84664916992188', '13.436776161193848', '0.0', '0', '0', '0', '179.3402862548828', '13.38975715637207', '0.0', '0', '0', '0', '0', '0', '0', '\n\x00\x00\x00\x00\x00\x00\x00\x00\x00', '\n\x00\x00\x00\x00\x00\x00\x00\x00\x00', '0', '0', '2021-03-02 15:29:18')
2021-03-02  15:29:18 Tue root INFO 成功添加数据
2021-03-02  15:29:18 Tue root INFO mes_plc_r6
2021-03-02  15:29:19 Tue root INFO 读取插入数据库数据：{'product_type': '\n\x00\x00\x00\x00\x00\x00\x00\x00\x00', 'r1_equipment_status': '0', 'fail_code': '0', 'recerve': '10', 'prod_num': 19, 'r1_rob_no': '0', 'r1_weld_line_no': '0', 'r1_electric': '0.0', 'r1_voltage': '0.0', 'r1_speed': '0.0', 'r1_job': '0', 'r2_rob_no': '0', 'r2_weld_line_no': '0', 'r2_electric': '0.0', 'r2_voltage': '0.0', 'r2_speed': '0.0', 'r2_job': '0', 'replace_status': '0', 'part_status': '0', 'r1_protective_gas': '0', 'r1_welding_wire': '0', 'r2_protective_gas': '0', 'r2_welding_wire': '0', 'login_id': '\n\x00\x00\x00\x00\x00\x00\x00\x00\x00', 'login_password': '\n\x00\x00\x00\x00\x00\x00\x00\x00\x00'}
2021-03-02  15:29:19 Tue root INFO ('\n\x00\x00\x00\x00\x00\x00\x00\x00\x00', '0', '0', 19, '0', '0', '0.0', '0.0', '0.0', '0', '0', '0', '0.0', '0.0', '0.0', '0', '0', '0', '0', '0', '0', '\n\x00\x00\x00\x00\x00\x00\x00\x00\x00', '\n\x00\x00\x00\x00\x00\x00\x00\x00\x00', '0', '10', '2021-03-02 15:29:19')
2021-03-02  15:29:19 Tue root INFO 成功添加数据
2021-03-02  15:30:19 Tue root INFO plc连接状态:[1, 1, 1, 1, 1, 1]
2021-03-02  15:30:19 Tue root INFO mes_plc
2021-03-02  15:30:19 Tue root INFO 读取插入数据库数据：{'product_type': '\n\x07250 YDG\x00', 'r1_equipment_status': '7315', 'fail_code': '0', 'recerve': '0', 'prod_num': 44, 'r1_rob_no': '4', 'r1_weld_line_no': '0', 'r1_electric': '182.17591857910156', 'r1_voltage': '13.284866333007812', 'r1_speed': '0.0', 'r1_job': '0', 'r2_rob_no': '104', 'r2_weld_line_no': '0', 'r2_electric': '0.0', 'r2_voltage': '0.0', 'r2_speed': '0.0', 'r2_job': '0', 'replace_status': '0', 'part_status': '0', 'r1_protective_gas': '0', 'r1_welding_wire': '0', 'r2_protective_gas': '0', 'r2_welding_wire': '0', 'login_id': '\n\x00\x00\x00\x00\x00\x00\x00\x00\x00', 'login_password': '\n\x00\x00\x00\x00\x00\x00\x00\x00\x00'}
2021-03-02  15:30:19 Tue root INFO ('\n\x07250 YDG\x00', '7315', '0', 44, '4', '0', '182.17591857910156', '13.284866333007812', '0.0', '0', '104', '0', '0.0', '0.0', '0.0', '0', '0', '0', '0', '0', '0', '\n\x00\x00\x00\x00\x00\x00\x00\x00\x00', '\n\x00\x00\x00\x00\x00\x00\x00\x00\x00', '0', '0', '2021-03-02 15:30:19')
2021-03-02  15:30:19 Tue root INFO 成功添加数据
2021-03-02  15:30:19 Tue root INFO mes_plc_r2
2021-03-02  15:30:20 Tue root INFO 读取插入数据库数据：{'product_type': '\n\x07250 TJ1\x00', 'r1_equipment_status': '5267', 'fail_code': '48', 'recerve': '0', 'prod_num': 242, 'r1_rob_no': '4', 'r1_weld_line_no': '0', 'r1_electric': '181.65509033203125', 'r1_voltage': '13.12210750579834', 'r1_speed': '0.0', 'r1_job': '0', 'r2_rob_no': '104', 'r2_weld_line_no': '0', 'r2_electric': '0.0', 'r2_voltage': '0.0', 'r2_speed': '0.0', 'r2_job': '0', 'replace_status': '0', 'part_status': '0', 'r1_protective_gas': '610', 'r1_welding_wire': '0', 'r2_protective_gas': '0', 'r2_welding_wire': '0', 'login_id': '\n\x00\x00\x00\x00\x00\x00\x00\x00\x00', 'login_password': '\n\x00\x00\x00\x00\x00\x00\x00\x00\x00'}
2021-03-02  15:30:20 Tue root INFO ('\n\x07250 TJ1\x00', '5267', '48', 242, '4', '0', '181.65509033203125', '13.12210750579834', '0.0', '0', '104', '0', '0.0', '0.0', '0.0', '0', '0', '610', '0', '0', '0', '\n\x00\x00\x00\x00\x00\x00\x00\x00\x00', '\n\x00\x00\x00\x00\x00\x00\x00\x00\x00', '0', '0', '2021-03-02 15:30:20')
2021-03-02  15:30:20 Tue root INFO 成功添加数据
2021-03-02  15:30:20 Tue root INFO mes_plc_r3
2021-03-02  15:30:20 Tue root INFO 读取插入数据库数据：{'product_type': '\n\x07250 TJ3\x00', 'r1_equipment_status': '7315', 'fail_code': '48', 'recerve': '0', 'prod_num': 247, 'r1_rob_no': '4', 'r1_weld_line_no': '0', 'r1_electric': '184.20138549804688', 'r1_voltage': '13.823784828186035', 'r1_speed': '0.0', 'r1_job': '0', 'r2_rob_no': '104', 'r2_weld_line_no': '0', 'r2_electric': '0.0', 'r2_voltage': '0.0', 'r2_speed': '0.0', 'r2_job': '0', 'replace_status': '0', 'part_status': '0', 'r1_protective_gas': '572', 'r1_welding_wire': '0', 'r2_protective_gas': '0', 'r2_welding_wire': '0', 'login_id': '\n\x00\x00\x00\x00\x00\x00\x00\x00\x00', 'login_password': '\n\x00\x00\x00\x00\x00\x00\x00\x00\x00'}
2021-03-02  15:30:20 Tue root INFO ('\n\x07250 TJ3\x00', '7315', '48', 247, '4', '0', '184.20138549804688', '13.823784828186035', '0.0', '0', '104', '0', '0.0', '0.0', '0.0', '0', '0', '572', '0', '0', '0', '\n\x00\x00\x00\x00\x00\x00\x00\x00\x00', '\n\x00\x00\x00\x00\x00\x00\x00\x00\x00', '0', '0', '2021-03-02 15:30:20')
2021-03-02  15:30:20 Tue root INFO 成功添加数据
2021-03-02  15:30:20 Tue root INFO mes_plc_r4
2021-03-02  15:30:20 Tue root INFO 读取插入数据库数据：{'product_type': '\n\x07250 PCB\x00', 'r1_equipment_status': '7233', 'fail_code': '0', 'recerve': '0', 'prod_num': 24, 'r1_rob_no': '4', 'r1_weld_line_no': '0', 'r1_electric': '182.9137725830078', 'r1_voltage': '118.51490783691406', 'r1_speed': '0.0', 'r1_job': '0', 'r2_rob_no': '104', 'r2_weld_line_no': '0', 'r2_electric': '0.0', 'r2_voltage': '0.0', 'r2_speed': '0.0', 'r2_job': '0', 'replace_status': '0', 'part_status': '0', 'r1_protective_gas': '1854', 'r1_welding_wire': '0', 'r2_protective_gas': '0', 'r2_welding_wire': '0', 'login_id': '\n\x00\x00\x00\x00\x00\x00\x00\x00\x00', 'login_password': '\n\x00\x00\x00\x00\x00\x00\x00\x00\x00'}
2021-03-02  15:30:20 Tue root INFO ('\n\x07250 PCB\x00', '7233', '0', 24, '4', '0', '182.9137725830078', '118.51490783691406', '0.0', '0', '104', '0', '0.0', '0.0', '0.0', '0', '0', '1854', '0', '0', '0', '\n\x00\x00\x00\x00\x00\x00\x00\x00\x00', '\n\x00\x00\x00\x00\x00\x00\x00\x00\x00', '0', '0', '2021-03-02 15:30:20')
2021-03-02  15:30:20 Tue root INFO 成功添加数据
2021-03-02  15:30:20 Tue root INFO mes_plc_r5
2021-03-02  15:30:21 Tue root INFO 读取插入数据库数据：{'product_type': '\n\x00\x00\x00\x00\x00\x00\x00\x00\x00', 'r1_equipment_status': '6226', 'fail_code': '0', 'recerve': '0', 'prod_num': 0, 'r1_rob_no': '0', 'r1_weld_line_no': '0', 'r1_electric': '179.86111450195312', 'r1_voltage': '13.45486068725586', 'r1_speed': '0.0', 'r1_job': '0', 'r2_rob_no': '0', 'r2_weld_line_no': '0', 'r2_electric': '179.2679443359375', 'r2_voltage': '13.411458015441895', 'r2_speed': '0.0', 'r2_job': '0', 'replace_status': '0', 'part_status': '0', 'r1_protective_gas': '0', 'r1_welding_wire': '0', 'r2_protective_gas': '0', 'r2_welding_wire': '0', 'login_id': '\n\x00\x00\x00\x00\x00\x00\x00\x00\x00', 'login_password': '\n\x00\x00\x00\x00\x00\x00\x00\x00\x00'}
2021-03-02  15:30:21 Tue root INFO ('\n\x00\x00\x00\x00\x00\x00\x00\x00\x00', '6226', '0', 0, '0', '0', '179.86111450195312', '13.45486068725586', '0.0', '0', '0', '0', '179.2679443359375', '13.411458015441895', '0.0', '0', '0', '0', '0', '0', '0', '\n\x00\x00\x00\x00\x00\x00\x00\x00\x00', '\n\x00\x00\x00\x00\x00\x00\x00\x00\x00', '0', '0', '2021-03-02 15:30:21')
2021-03-02  15:30:21 Tue root INFO 成功添加数据
2021-03-02  15:30:21 Tue root INFO mes_plc_r6
2021-03-02  15:30:21 Tue root INFO 读取插入数据库数据：{'product_type': '\n\x00\x00\x00\x00\x00\x00\x00\x00\x00', 'r1_equipment_status': '0', 'fail_code': '0', 'recerve': '10', 'prod_num': 19, 'r1_rob_no': '0', 'r1_weld_line_no': '0', 'r1_electric': '0.0', 'r1_voltage': '0.0', 'r1_speed': '0.0', 'r1_job': '0', 'r2_rob_no': '0', 'r2_weld_line_no': '0', 'r2_electric': '0.0', 'r2_voltage': '0.0', 'r2_speed': '0.0', 'r2_job': '0', 'replace_status': '0', 'part_status': '0', 'r1_protective_gas': '0', 'r1_welding_wire': '0', 'r2_protective_gas': '0', 'r2_welding_wire': '0', 'login_id': '\n\x00\x00\x00\x00\x00\x00\x00\x00\x00', 'login_password': '\n\x00\x00\x00\x00\x00\x00\x00\x00\x00'}
2021-03-02  15:30:21 Tue root INFO ('\n\x00\x00\x00\x00\x00\x00\x00\x00\x00', '0', '0', 19, '0', '0', '0.0', '0.0', '0.0', '0', '0', '0', '0.0', '0.0', '0.0', '0', '0', '0', '0', '0', '0', '\n\x00\x00\x00\x00\x00\x00\x00\x00\x00', '\n\x00\x00\x00\x00\x00\x00\x00\x00\x00', '0', '10', '2021-03-02 15:30:21')
2021-03-02  15:30:21 Tue root INFO 成功添加数据
2021-03-02  15:31:21 Tue root INFO plc连接状态:[1, 1, 1, 1, 1, 1]
2021-03-02  15:31:21 Tue root INFO mes_plc
2021-03-02  15:31:21 Tue root INFO 读取插入数据库数据：{'product_type': '\n\x07250 YDG\x00', 'r1_equipment_status': '7315', 'fail_code': '0', 'recerve': '0', 'prod_num': 44, 'r1_rob_no': '4', 'r1_weld_line_no': '0', 'r1_electric': '182.19039916992188', 'r1_voltage': '13.284866333007812', 'r1_speed': '0.0', 'r1_job': '0', 'r2_rob_no': '104', 'r2_weld_line_no': '0', 'r2_electric': '0.0', 'r2_voltage': '0.0', 'r2_speed': '0.0', 'r2_job': '0', 'replace_status': '0', 'part_status': '0', 'r1_protective_gas': '0', 'r1_welding_wire': '0', 'r2_protective_gas': '0', 'r2_welding_wire': '0', 'login_id': '\n\x00\x00\x00\x00\x00\x00\x00\x00\x00', 'login_password': '\n\x00\x00\x00\x00\x00\x00\x00\x00\x00'}
2021-03-02  15:31:21 Tue root INFO ('\n\x07250 YDG\x00', '7315', '0', 44, '4', '0', '182.19039916992188', '13.284866333007812', '0.0', '0', '104', '0', '0.0', '0.0', '0.0', '0', '0', '0', '0', '0', '0', '\n\x00\x00\x00\x00\x00\x00\x00\x00\x00', '\n\x00\x00\x00\x00\x00\x00\x00\x00\x00', '0', '0', '2021-03-02 15:31:21')
2021-03-02  15:31:21 Tue root INFO 成功添加数据
2021-03-02  15:31:21 Tue root INFO mes_plc_r2
2021-03-02  15:31:22 Tue root INFO 读取插入数据库数据：{'product_type': '\n\x07250 TJ1\x00', 'r1_equipment_status': '5267', 'fail_code': '48', 'recerve': '0', 'prod_num': 242, 'r1_rob_no': '4', 'r1_weld_line_no': '0', 'r1_electric': '181.7418975830078', 'r1_voltage': '13.129340171813965', 'r1_speed': '0.0', 'r1_job': '0', 'r2_rob_no': '104', 'r2_weld_line_no': '0', 'r2_electric': '0.0', 'r2_voltage': '0.0', 'r2_speed': '0.0', 'r2_job': '0', 'replace_status': '0', 'part_status': '0', 'r1_protective_gas': '610', 'r1_welding_wire': '0', 'r2_protective_gas': '0', 'r2_welding_wire': '0', 'login_id': '\n\x00\x00\x00\x00\x00\x00\x00\x00\x00', 'login_password': '\n\x00\x00\x00\x00\x00\x00\x00\x00\x00'}
2021-03-02  15:31:22 Tue root INFO ('\n\x07250 TJ1\x00', '5267', '48', 242, '4', '0', '181.7418975830078', '13.129340171813965', '0.0', '0', '104', '0', '0.0', '0.0', '0.0', '0', '0', '610', '0', '0', '0', '\n\x00\x00\x00\x00\x00\x00\x00\x00\x00', '\n\x00\x00\x00\x00\x00\x00\x00\x00\x00', '0', '0', '2021-03-02 15:31:22')
2021-03-02  15:31:22 Tue root INFO 成功添加数据
2021-03-02  15:31:22 Tue root INFO mes_plc_r3
2021-03-02  15:31:22 Tue root INFO 读取插入数据库数据：{'product_type': '\n\x07250 TJ3\x00', 'r1_equipment_status': '7315', 'fail_code': '48', 'recerve': '0', 'prod_num': 247, 'r1_rob_no': '4', 'r1_weld_line_no': '0', 'r1_electric': '184.21585083007812', 'r1_voltage': '13.827401161193848', 'r1_speed': '0.0', 'r1_job': '0', 'r2_rob_no': '104', 'r2_weld_line_no': '0', 'r2_electric': '0.0', 'r2_voltage': '0.0', 'r2_speed': '0.0', 'r2_job': '0', 'replace_status': '0', 'part_status': '0', 'r1_protective_gas': '572', 'r1_welding_wire': '0', 'r2_protective_gas': '0', 'r2_welding_wire': '0', 'login_id': '\n\x00\x00\x00\x00\x00\x00\x00\x00\x00', 'login_password': '\n\x00\x00\x00\x00\x00\x00\x00\x00\x00'}
2021-03-02  15:31:22 Tue root INFO ('\n\x07250 TJ3\x00', '7315', '48', 247, '4', '0', '184.21585083007812', '13.827401161193848', '0.0', '0', '104', '0', '0.0', '0.0', '0.0', '0', '0', '572', '0', '0', '0', '\n\x00\x00\x00\x00\x00\x00\x00\x00\x00', '\n\x00\x00\x00\x00\x00\x00\x00\x00\x00', '0', '0', '2021-03-02 15:31:22')
2021-03-02  15:31:22 Tue root INFO 成功添加数据
2021-03-02  15:31:22 Tue root INFO mes_plc_r4
2021-03-02  15:31:22 Tue root INFO 读取插入数据库数据：{'product_type': '\n\x07250 PCB\x00', 'r1_equipment_status': '7315', 'fail_code': '0', 'recerve': '0', 'prod_num': 24, 'r1_rob_no': '4', 'r1_weld_line_no': '0', 'r1_electric': '182.9137725830078', 'r1_voltage': '13.165510177612305', 'r1_speed': '0.0', 'r1_job': '0', 'r2_rob_no': '104', 'r2_weld_line_no': '0', 'r2_electric': '0.0', 'r2_voltage': '0.0', 'r2_speed': '0.0', 'r2_job': '0', 'replace_status': '0', 'part_status': '0', 'r1_protective_gas': '1860', 'r1_welding_wire': '0', 'r2_protective_gas': '0', 'r2_welding_wire': '0', 'login_id': '\n\x00\x00\x00\x00\x00\x00\x00\x00\x00', 'login_password': '\n\x00\x00\x00\x00\x00\x00\x00\x00\x00'}
2021-03-02  15:31:22 Tue root INFO ('\n\x07250 PCB\x00', '7315', '0', 24, '4', '0', '182.9137725830078', '13.165510177612305', '0.0', '0', '104', '0', '0.0', '0.0', '0.0', '0', '0', '1860', '0', '0', '0', '\n\x00\x00\x00\x00\x00\x00\x00\x00\x00', '\n\x00\x00\x00\x00\x00\x00\x00\x00\x00', '0', '0', '2021-03-02 15:31:22')
2021-03-02  15:31:22 Tue root INFO 成功添加数据
2021-03-02  15:31:22 Tue root INFO mes_plc_r5
2021-03-02  15:31:23 Tue root INFO 读取插入数据库数据：{'product_type': '\n\x00\x00\x00\x00\x00\x00\x00\x00\x00', 'r1_equipment_status': '6162', 'fail_code': '0', 'recerve': '0', 'prod_num': 0, 'r1_rob_no': '0', 'r1_weld_line_no': '0', 'r1_electric': '179.86111450195312', 'r1_voltage': '13.462095260620117', 'r1_speed': '0.0', 'r1_job': '0', 'r2_rob_no': '0', 'r2_weld_line_no': '0', 'r2_electric': '179.2245330810547', 'r2_voltage': '13.418692588806152', 'r2_speed': '0.0', 'r2_job': '0', 'replace_status': '0', 'part_status': '0', 'r1_protective_gas': '0', 'r1_welding_wire': '0', 'r2_protective_gas': '0', 'r2_welding_wire': '0', 'login_id': '\n\x00\x00\x00\x00\x00\x00\x00\x00\x00', 'login_password': '\n\x00\x00\x00\x00\x00\x00\x00\x00\x00'}
2021-03-02  15:31:23 Tue root INFO ('\n\x00\x00\x00\x00\x00\x00\x00\x00\x00', '6162', '0', 0, '0', '0', '179.86111450195312', '13.462095260620117', '0.0', '0', '0', '0', '179.2245330810547', '13.418692588806152', '0.0', '0', '0', '0', '0', '0', '0', '\n\x00\x00\x00\x00\x00\x00\x00\x00\x00', '\n\x00\x00\x00\x00\x00\x00\x00\x00\x00', '0', '0', '2021-03-02 15:31:23')
2021-03-02  15:31:23 Tue root INFO 成功添加数据
2021-03-02  15:31:23 Tue root INFO mes_plc_r6
2021-03-02  15:31:23 Tue root INFO 读取插入数据库数据：{'product_type': '\n\x00\x00\x00\x00\x00\x00\x00\x00\x00', 'r1_equipment_status': '0', 'fail_code': '0', 'recerve': '10', 'prod_num': 19, 'r1_rob_no': '0', 'r1_weld_line_no': '0', 'r1_electric': '0.0', 'r1_voltage': '0.0', 'r1_speed': '0.0', 'r1_job': '0', 'r2_rob_no': '0', 'r2_weld_line_no': '0', 'r2_electric': '0.0', 'r2_voltage': '0.0', 'r2_speed': '0.0', 'r2_job': '0', 'replace_status': '0', 'part_status': '0', 'r1_protective_gas': '0', 'r1_welding_wire': '0', 'r2_protective_gas': '0', 'r2_welding_wire': '0', 'login_id': '\n\x00\x00\x00\x00\x00\x00\x00\x00\x00', 'login_password': '\n\x00\x00\x00\x00\x00\x00\x00\x00\x00'}
2021-03-02  15:31:23 Tue root INFO ('\n\x00\x00\x00\x00\x00\x00\x00\x00\x00', '0', '0', 19, '0', '0', '0.0', '0.0', '0.0', '0', '0', '0', '0.0', '0.0', '0.0', '0', '0', '0', '0', '0', '0', '\n\x00\x00\x00\x00\x00\x00\x00\x00\x00', '\n\x00\x00\x00\x00\x00\x00\x00\x00\x00', '0', '10', '2021-03-02 15:31:23')
2021-03-02  15:31:23 Tue root INFO 成功添加数据
2021-03-02  15:32:23 Tue root INFO plc连接状态:[1, 1, 1, 1, 1, 1]
2021-03-02  15:32:23 Tue root INFO mes_plc
2021-03-02  15:32:24 Tue root INFO 读取插入数据库数据：{'product_type': '\n\x07250 YDG\x00', 'r1_equipment_status': '7315', 'fail_code': '0', 'recerve': '0', 'prod_num': 44, 'r1_rob_no': '4', 'r1_weld_line_no': '0', 'r1_electric': '182.21932983398438', 'r1_voltage': '13.29210090637207', 'r1_speed': '0.0', 'r1_job': '0', 'r2_rob_no': '104', 'r2_weld_line_no': '0', 'r2_electric': '0.0', 'r2_voltage': '0.0', 'r2_speed': '0.0', 'r2_job': '0', 'replace_status': '0', 'part_status': '0', 'r1_protective_gas': '0', 'r1_welding_wire': '0', 'r2_protective_gas': '0', 'r2_welding_wire': '0', 'login_id': '\n\x00\x00\x00\x00\x00\x00\x00\x00\x00', 'login_password': '\n\x00\x00\x00\x00\x00\x00\x00\x00\x00'}
2021-03-02  15:32:24 Tue root INFO ('\n\x07250 YDG\x00', '7315', '0', 44, '4', '0', '182.21932983398438', '13.29210090637207', '0.0', '0', '104', '0', '0.0', '0.0', '0.0', '0', '0', '0', '0', '0', '0', '\n\x00\x00\x00\x00\x00\x00\x00\x00\x00', '\n\x00\x00\x00\x00\x00\x00\x00\x00\x00', '0', '0', '2021-03-02 15:32:24')
2021-03-02  15:32:24 Tue root INFO 成功添加数据
2021-03-02  15:32:24 Tue root INFO mes_plc_r2
2021-03-02  15:32:24 Tue root INFO 读取插入数据库数据：{'product_type': '\n\x07250 TJ1\x00', 'r1_equipment_status': '5267', 'fail_code': '48', 'recerve': '0', 'prod_num': 242, 'r1_rob_no': '4', 'r1_weld_line_no': '0', 'r1_electric': '181.640625', 'r1_voltage': '13.129340171813965', 'r1_speed': '0.0', 'r1_job': '0', 'r2_rob_no': '104', 'r2_weld_line_no': '0', 'r2_electric': '0.0', 'r2_voltage': '0.0', 'r2_speed': '0.0', 'r2_job': '0', 'replace_status': '0', 'part_status': '0', 'r1_protective_gas': '610', 'r1_welding_wire': '0', 'r2_protective_gas': '0', 'r2_welding_wire': '0', 'login_id': '\n\x00\x00\x00\x00\x00\x00\x00\x00\x00', 'login_password': '\n\x00\x00\x00\x00\x00\x00\x00\x00\x00'}
2021-03-02  15:32:24 Tue root INFO ('\n\x07250 TJ1\x00', '5267', '48', 242, '4', '0', '181.640625', '13.129340171813965', '0.0', '0', '104', '0', '0.0', '0.0', '0.0', '0', '0', '610', '0', '0', '0', '\n\x00\x00\x00\x00\x00\x00\x00\x00\x00', '\n\x00\x00\x00\x00\x00\x00\x00\x00\x00', '0', '0', '2021-03-02 15:32:24')
2021-03-02  15:32:24 Tue root INFO 成功添加数据
2021-03-02  15:32:24 Tue root INFO mes_plc_r3
2021-03-02  15:32:24 Tue root INFO 读取插入数据库数据：{'product_type': '\n\x07250 TJ3\x00', 'r1_equipment_status': '7315', 'fail_code': '48', 'recerve': '0', 'prod_num': 247, 'r1_rob_no': '4', 'r1_weld_line_no': '0', 'r1_electric': '184.28819274902344', 'r1_voltage': '13.816550254821777', 'r1_speed': '0.0', 'r1_job': '0', 'r2_rob_no': '104', 'r2_weld_line_no': '0', 'r2_electric': '0.0', 'r2_voltage': '0.0', 'r2_speed': '0.0', 'r2_job': '0', 'replace_status': '0', 'part_status': '0', 'r1_protective_gas': '572', 'r1_welding_wire': '0', 'r2_protective_gas': '0', 'r2_welding_wire': '0', 'login_id': '\n\x00\x00\x00\x00\x00\x00\x00\x00\x00', 'login_password': '\n\x00\x00\x00\x00\x00\x00\x00\x00\x00'}
2021-03-02  15:32:24 Tue root INFO ('\n\x07250 TJ3\x00', '7315', '48', 247, '4', '0', '184.28819274902344', '13.816550254821777', '0.0', '0', '104', '0', '0.0', '0.0', '0.0', '0', '0', '572', '0', '0', '0', '\n\x00\x00\x00\x00\x00\x00\x00\x00\x00', '\n\x00\x00\x00\x00\x00\x00\x00\x00\x00', '0', '0', '2021-03-02 15:32:24')
2021-03-02  15:32:24 Tue root INFO 成功添加数据
2021-03-02  15:32:24 Tue root INFO mes_plc_r4
2021-03-02  15:32:25 Tue root INFO 读取插入数据库数据：{'product_type': '\n\x07250 PCB\x00', 'r1_equipment_status': '7315', 'fail_code': '0', 'recerve': '0', 'prod_num': 24, 'r1_rob_no': '4', 'r1_weld_line_no': '0', 'r1_electric': '182.95716857910156', 'r1_voltage': '13.151041984558105', 'r1_speed': '0.0', 'r1_job': '0', 'r2_rob_no': '104', 'r2_weld_line_no': '0', 'r2_electric': '0.0', 'r2_voltage': '0.0', 'r2_speed': '0.0', 'r2_job': '0', 'replace_status': '0', 'part_status': '0', 'r1_protective_gas': '1860', 'r1_welding_wire': '0', 'r2_protective_gas': '0', 'r2_welding_wire': '0', 'login_id': '\n\x00\x00\x00\x00\x00\x00\x00\x00\x00', 'login_password': '\n\x00\x00\x00\x00\x00\x00\x00\x00\x00'}
2021-03-02  15:32:25 Tue root INFO ('\n\x07250 PCB\x00', '7315', '0', 24, '4', '0', '182.95716857910156', '13.151041984558105', '0.0', '0', '104', '0', '0.0', '0.0', '0.0', '0', '0', '1860', '0', '0', '0', '\n\x00\x00\x00\x00\x00\x00\x00\x00\x00', '\n\x00\x00\x00\x00\x00\x00\x00\x00\x00', '0', '0', '2021-03-02 15:32:25')
2021-03-02  15:32:25 Tue root INFO 成功添加数据
2021-03-02  15:32:25 Tue root INFO mes_plc_r5
2021-03-02  15:32:25 Tue root INFO 读取插入数据库数据：{'product_type': '\n\x00\x00\x00\x00\x00\x00\x00\x00\x00', 'r1_equipment_status': '6226', 'fail_code': '0', 'recerve': '0', 'prod_num': 0, 'r1_rob_no': '0', 'r1_weld_line_no': '0', 'r1_electric': '179.90451049804688', 'r1_voltage': '13.444010734558105', 'r1_speed': '0.0', 'r1_job': '0', 'r2_rob_no': '0', 'r2_weld_line_no': '0', 'r2_electric': '179.28240966796875', 'r2_voltage': '13.38975715637207', 'r2_speed': '0.0', 'r2_job': '0', 'replace_status': '0', 'part_status': '0', 'r1_protective_gas': '0', 'r1_welding_wire': '0', 'r2_protective_gas': '0', 'r2_welding_wire': '0', 'login_id': '\n\x00\x00\x00\x00\x00\x00\x00\x00\x00', 'login_password': '\n\x00\x00\x00\x00\x00\x00\x00\x00\x00'}
2021-03-02  15:32:25 Tue root INFO ('\n\x00\x00\x00\x00\x00\x00\x00\x00\x00', '6226', '0', 0, '0', '0', '179.90451049804688', '13.444010734558105', '0.0', '0', '0', '0', '179.28240966796875', '13.38975715637207', '0.0', '0', '0', '0', '0', '0', '0', '\n\x00\x00\x00\x00\x00\x00\x00\x00\x00', '\n\x00\x00\x00\x00\x00\x00\x00\x00\x00', '0', '0', '2021-03-02 15:32:25')
2021-03-02  15:32:25 Tue root INFO 成功添加数据
2021-03-02  15:32:25 Tue root INFO mes_plc_r6
2021-03-02  15:32:25 Tue root INFO 读取插入数据库数据：{'product_type': '\n\x00\x00\x00\x00\x00\x00\x00\x00\x00', 'r1_equipment_status': '0', 'fail_code': '0', 'recerve': '10', 'prod_num': 19, 'r1_rob_no': '0', 'r1_weld_line_no': '0', 'r1_electric': '0.0', 'r1_voltage': '0.0', 'r1_speed': '0.0', 'r1_job': '0', 'r2_rob_no': '0', 'r2_weld_line_no': '0', 'r2_electric': '0.0', 'r2_voltage': '0.0', 'r2_speed': '0.0', 'r2_job': '0', 'replace_status': '0', 'part_status': '0', 'r1_protective_gas': '0', 'r1_welding_wire': '0', 'r2_protective_gas': '0', 'r2_welding_wire': '0', 'login_id': '\n\x00\x00\x00\x00\x00\x00\x00\x00\x00', 'login_password': '\n\x00\x00\x00\x00\x00\x00\x00\x00\x00'}
2021-03-02  15:32:25 Tue root INFO ('\n\x00\x00\x00\x00\x00\x00\x00\x00\x00', '0', '0', 19, '0', '0', '0.0', '0.0', '0.0', '0', '0', '0', '0.0', '0.0', '0.0', '0', '0', '0', '0', '0', '0', '\n\x00\x00\x00\x00\x00\x00\x00\x00\x00', '\n\x00\x00\x00\x00\x00\x00\x00\x00\x00', '0', '10', '2021-03-02 15:32:25')
2021-03-02  15:32:25 Tue root INFO 成功添加数据
2021-03-02  15:33:25 Tue root INFO plc连接状态:[1, 1, 1, 1, 1, 1]
2021-03-02  15:33:25 Tue root INFO mes_plc
2021-03-02  15:33:26 Tue root INFO 读取插入数据库数据：{'product_type': '\n\x07250 YDG\x00', 'r1_equipment_status': '7315', 'fail_code': '0', 'recerve': '0', 'prod_num': 44, 'r1_rob_no': '4', 'r1_weld_line_no': '0', 'r1_electric': '182.23379516601562', 'r1_voltage': '13.284866333007812', 'r1_speed': '0.0', 'r1_job': '0', 'r2_rob_no': '104', 'r2_weld_line_no': '0', 'r2_electric': '0.0', 'r2_voltage': '0.0', 'r2_speed': '0.0', 'r2_job': '0', 'replace_status': '0', 'part_status': '0', 'r1_protective_gas': '0', 'r1_welding_wire': '0', 'r2_protective_gas': '0', 'r2_welding_wire': '0', 'login_id': '\n\x00\x00\x00\x00\x00\x00\x00\x00\x00', 'login_password': '\n\x00\x00\x00\x00\x00\x00\x00\x00\x00'}
2021-03-02  15:33:26 Tue root INFO ('\n\x07250 YDG\x00', '7315', '0', 44, '4', '0', '182.23379516601562', '13.284866333007812', '0.0', '0', '104', '0', '0.0', '0.0', '0.0', '0', '0', '0', '0', '0', '0', '\n\x00\x00\x00\x00\x00\x00\x00\x00\x00', '\n\x00\x00\x00\x00\x00\x00\x00\x00\x00', '0', '0', '2021-03-02 15:33:26')
2021-03-02  15:33:26 Tue root INFO 成功添加数据
2021-03-02  15:33:26 Tue root INFO mes_plc_r2
2021-03-02  15:33:26 Tue root INFO 读取插入数据库数据：{'product_type': '\n\x07250 TJ1\x00', 'r1_equipment_status': '5267', 'fail_code': '48', 'recerve': '0', 'prod_num': 242, 'r1_rob_no': '4', 'r1_weld_line_no': '0', 'r1_electric': '181.640625', 'r1_voltage': '13.132956504821777', 'r1_speed': '0.0', 'r1_job': '0', 'r2_rob_no': '104', 'r2_weld_line_no': '0', 'r2_electric': '0.0', 'r2_voltage': '0.0', 'r2_speed': '0.0', 'r2_job': '0', 'replace_status': '0', 'part_status': '0', 'r1_protective_gas': '610', 'r1_welding_wire': '0', 'r2_protective_gas': '0', 'r2_welding_wire': '0', 'login_id': '\n\x00\x00\x00\x00\x00\x00\x00\x00\x00', 'login_password': '\n\x00\x00\x00\x00\x00\x00\x00\x00\x00'}
2021-03-02  15:33:26 Tue root INFO ('\n\x07250 TJ1\x00', '5267', '48', 242, '4', '0', '181.640625', '13.132956504821777', '0.0', '0', '104', '0', '0.0', '0.0', '0.0', '0', '0', '610', '0', '0', '0', '\n\x00\x00\x00\x00\x00\x00\x00\x00\x00', '\n\x00\x00\x00\x00\x00\x00\x00\x00\x00', '0', '0', '2021-03-02 15:33:26')
2021-03-02  15:33:26 Tue root INFO 成功添加数据
2021-03-02  15:33:26 Tue root INFO mes_plc_r3
2021-03-02  15:33:26 Tue root INFO 读取插入数据库数据：{'product_type': '\n\x07250 TJ3\x00', 'r1_equipment_status': '7315', 'fail_code': '48', 'recerve': '0', 'prod_num': 247, 'r1_rob_no': '4', 'r1_weld_line_no': '0', 'r1_electric': '184.25926208496094', 'r1_voltage': '13.816550254821777', 'r1_speed': '0.0', 'r1_job': '0', 'r2_rob_no': '104', 'r2_weld_line_no': '0', 'r2_electric': '0.0', 'r2_voltage': '0.0', 'r2_speed': '0.0', 'r2_job': '0', 'replace_status': '0', 'part_status': '0', 'r1_protective_gas': '572', 'r1_welding_wire': '0', 'r2_protective_gas': '0', 'r2_welding_wire': '0', 'login_id': '\n\x00\x00\x00\x00\x00\x00\x00\x00\x00', 'login_password': '\n\x00\x00\x00\x00\x00\x00\x00\x00\x00'}
2021-03-02  15:33:26 Tue root INFO ('\n\x07250 TJ3\x00', '7315', '48', 247, '4', '0', '184.25926208496094', '13.816550254821777', '0.0', '0', '104', '0', '0.0', '0.0', '0.0', '0', '0', '572', '0', '0', '0', '\n\x00\x00\x00\x00\x00\x00\x00\x00\x00', '\n\x00\x00\x00\x00\x00\x00\x00\x00\x00', '0', '0', '2021-03-02 15:33:26')
2021-03-02  15:33:26 Tue root INFO 成功添加数据
2021-03-02  15:33:26 Tue root INFO mes_plc_r4
2021-03-02  15:33:27 Tue root INFO 读取插入数据库数据：{'product_type': '\n\x07250 PCB\x00', 'r1_equipment_status': '6803', 'fail_code': '0', 'recerve': '0', 'prod_num': 25, 'r1_rob_no': '4', 'r1_weld_line_no': '0', 'r1_electric': '182.9137725830078', 'r1_voltage': '12.75679874420166', 'r1_speed': '0.0', 'r1_job': '0', 'r2_rob_no': '104', 'r2_weld_line_no': '0', 'r2_electric': '0.0', 'r2_voltage': '0.0', 'r2_speed': '0.0', 'r2_job': '0', 'replace_status': '0', 'part_status': '0', 'r1_protective_gas': '1879', 'r1_welding_wire': '0', 'r2_protective_gas': '0', 'r2_welding_wire': '0', 'login_id': '\n\x00\x00\x00\x00\x00\x00\x00\x00\x00', 'login_password': '\n\x00\x00\x00\x00\x00\x00\x00\x00\x00'}
2021-03-02  15:33:27 Tue root INFO ('\n\x07250 PCB\x00', '6803', '0', 25, '4', '0', '182.9137725830078', '12.75679874420166', '0.0', '0', '104', '0', '0.0', '0.0', '0.0', '0', '0', '1879', '0', '0', '0', '\n\x00\x00\x00\x00\x00\x00\x00\x00\x00', '\n\x00\x00\x00\x00\x00\x00\x00\x00\x00', '0', '0', '2021-03-02 15:33:27')
2021-03-02  15:33:27 Tue root INFO 成功添加数据
2021-03-02  15:33:27 Tue root INFO mes_plc_r5
2021-03-02  15:33:27 Tue root INFO 读取插入数据库数据：{'product_type': '\n\x00\x00\x00\x00\x00\x00\x00\x00\x00', 'r1_equipment_status': '6162', 'fail_code': '0', 'recerve': '0', 'prod_num': 0, 'r1_rob_no': '0', 'r1_weld_line_no': '0', 'r1_electric': '179.87557983398438', 'r1_voltage': '13.418692588806152', 'r1_speed': '0.0', 'r1_job': '0', 'r2_rob_no': '0', 'r2_weld_line_no': '0', 'r2_electric': '179.2679443359375', 'r2_voltage': '13.411458015441895', 'r2_speed': '0.0', 'r2_job': '0', 'replace_status': '0', 'part_status': '0', 'r1_protective_gas': '0', 'r1_welding_wire': '0', 'r2_protective_gas': '0', 'r2_welding_wire': '0', 'login_id': '\n\x00\x00\x00\x00\x00\x00\x00\x00\x00', 'login_password': '\n\x00\x00\x00\x00\x00\x00\x00\x00\x00'}
2021-03-02  15:33:27 Tue root INFO ('\n\x00\x00\x00\x00\x00\x00\x00\x00\x00', '6162', '0', 0, '0', '0', '179.87557983398438', '13.418692588806152', '0.0', '0', '0', '0', '179.2679443359375', '13.411458015441895', '0.0', '0', '0', '0', '0', '0', '0', '\n\x00\x00\x00\x00\x00\x00\x00\x00\x00', '\n\x00\x00\x00\x00\x00\x00\x00\x00\x00', '0', '0', '2021-03-02 15:33:27')
2021-03-02  15:33:27 Tue root INFO 成功添加数据
2021-03-02  15:33:27 Tue root INFO mes_plc_r6
2021-03-02  15:33:27 Tue root INFO 读取插入数据库数据：{'product_type': '\n\x00\x00\x00\x00\x00\x00\x00\x00\x00', 'r1_equipment_status': '0', 'fail_code': '0', 'recerve': '10', 'prod_num': 19, 'r1_rob_no': '0', 'r1_weld_line_no': '0', 'r1_electric': '0.0', 'r1_voltage': '0.0', 'r1_speed': '0.0', 'r1_job': '0', 'r2_rob_no': '0', 'r2_weld_line_no': '0', 'r2_electric': '0.0', 'r2_voltage': '0.0', 'r2_speed': '0.0', 'r2_job': '0', 'replace_status': '0', 'part_status': '0', 'r1_protective_gas': '0', 'r1_welding_wire': '0', 'r2_protective_gas': '0', 'r2_welding_wire': '0', 'login_id': '\n\x00\x00\x00\x00\x00\x00\x00\x00\x00', 'login_password': '\n\x00\x00\x00\x00\x00\x00\x00\x00\x00'}
2021-03-02  15:33:27 Tue root INFO ('\n\x00\x00\x00\x00\x00\x00\x00\x00\x00', '0', '0', 19, '0', '0', '0.0', '0.0', '0.0', '0', '0', '0', '0.0', '0.0', '0.0', '0', '0', '0', '0', '0', '0', '\n\x00\x00\x00\x00\x00\x00\x00\x00\x00', '\n\x00\x00\x00\x00\x00\x00\x00\x00\x00', '0', '10', '2021-03-02 15:33:27')
2021-03-02  15:33:28 Tue root INFO 成功添加数据
2021-03-02  15:34:28 Tue root INFO plc连接状态:[1, 1, 1, 1, 1, 1]
2021-03-02  15:34:28 Tue root INFO mes_plc
2021-03-02  15:34:28 Tue root INFO 读取插入数据库数据：{'product_type': '\n\x07250 YDG\x00', 'r1_equipment_status': '7315', 'fail_code': '0', 'recerve': '0', 'prod_num': 44, 'r1_rob_no': '4', 'r1_weld_line_no': '0', 'r1_electric': '182.26272583007812', 'r1_voltage': '13.295717239379883', 'r1_speed': '0.0', 'r1_job': '0', 'r2_rob_no': '104', 'r2_weld_line_no': '0', 'r2_electric': '0.0', 'r2_voltage': '0.0', 'r2_speed': '0.0', 'r2_job': '0', 'replace_status': '0', 'part_status': '0', 'r1_protective_gas': '0', 'r1_welding_wire': '0', 'r2_protective_gas': '0', 'r2_welding_wire': '0', 'login_id': '\n\x00\x00\x00\x00\x00\x00\x00\x00\x00', 'login_password': '\n\x00\x00\x00\x00\x00\x00\x00\x00\x00'}
2021-03-02  15:34:28 Tue root INFO ('\n\x07250 YDG\x00', '7315', '0', 44, '4', '0', '182.26272583007812', '13.295717239379883', '0.0', '0', '104', '0', '0.0', '0.0', '0.0', '0', '0', '0', '0', '0', '0', '\n\x00\x00\x00\x00\x00\x00\x00\x00\x00', '\n\x00\x00\x00\x00\x00\x00\x00\x00\x00', '0', '0', '2021-03-02 15:34:28')
2021-03-02  15:34:28 Tue root INFO 成功添加数据
2021-03-02  15:34:28 Tue root INFO mes_plc_r2
2021-03-02  15:34:28 Tue root INFO 读取插入数据库数据：{'product_type': '\n\x07250 TJ1\x00', 'r1_equipment_status': '5267', 'fail_code': '48', 'recerve': '0', 'prod_num': 242, 'r1_rob_no': '4', 'r1_weld_line_no': '0', 'r1_electric': '181.6695556640625', 'r1_voltage': '13.129340171813965', 'r1_speed': '0.0', 'r1_job': '0', 'r2_rob_no': '104', 'r2_weld_line_no': '0', 'r2_electric': '0.0', 'r2_voltage': '0.0', 'r2_speed': '0.0', 'r2_job': '0', 'replace_status': '0', 'part_status': '0', 'r1_protective_gas': '610', 'r1_welding_wire': '0', 'r2_protective_gas': '0', 'r2_welding_wire': '0', 'login_id': '\n\x00\x00\x00\x00\x00\x00\x00\x00\x00', 'login_password': '\n\x00\x00\x00\x00\x00\x00\x00\x00\x00'}
2021-03-02  15:34:28 Tue root INFO ('\n\x07250 TJ1\x00', '5267', '48', 242, '4', '0', '181.6695556640625', '13.129340171813965', '0.0', '0', '104', '0', '0.0', '0.0', '0.0', '0', '0', '610', '0', '0', '0', '\n\x00\x00\x00\x00\x00\x00\x00\x00\x00', '\n\x00\x00\x00\x00\x00\x00\x00\x00\x00', '0', '0', '2021-03-02 15:34:28')
2021-03-02  15:34:28 Tue root INFO 成功添加数据
2021-03-02  15:34:28 Tue root INFO mes_plc_r3
2021-03-02  15:34:28 Tue root INFO 读取插入数据库数据：{'product_type': '\n\x07250 TJ3\x00', 'r1_equipment_status': '7315', 'fail_code': '48', 'recerve': '0', 'prod_num': 247, 'r1_rob_no': '4', 'r1_weld_line_no': '0', 'r1_electric': '184.21585083007812', 'r1_voltage': '13.816550254821777', 'r1_speed': '0.0', 'r1_job': '0', 'r2_rob_no': '104', 'r2_weld_line_no': '0', 'r2_electric': '0.0', 'r2_voltage': '0.0', 'r2_speed': '0.0', 'r2_job': '0', 'replace_status': '0', 'part_status': '0', 'r1_protective_gas': '572', 'r1_welding_wire': '0', 'r2_protective_gas': '0', 'r2_welding_wire': '0', 'login_id': '\n\x00\x00\x00\x00\x00\x00\x00\x00\x00', 'login_password': '\n\x00\x00\x00\x00\x00\x00\x00\x00\x00'}
2021-03-02  15:34:28 Tue root INFO ('\n\x07250 TJ3\x00', '7315', '48', 247, '4', '0', '184.21585083007812', '13.816550254821777', '0.0', '0', '104', '0', '0.0', '0.0', '0.0', '0', '0', '572', '0', '0', '0', '\n\x00\x00\x00\x00\x00\x00\x00\x00\x00', '\n\x00\x00\x00\x00\x00\x00\x00\x00\x00', '0', '0', '2021-03-02 15:34:28')
2021-03-02  15:34:29 Tue root INFO 成功添加数据
2021-03-02  15:34:29 Tue root INFO mes_plc_r4
2021-03-02  15:34:29 Tue root INFO 读取插入数据库数据：{'product_type': '\n\x07250 PCB\x00', 'r1_equipment_status': '7315', 'fail_code': '0', 'recerve': '0', 'prod_num': 25, 'r1_rob_no': '4', 'r1_weld_line_no': '0', 'r1_electric': '182.9137725830078', 'r1_voltage': '13.176359176635742', 'r1_speed': '0.0', 'r1_job': '0', 'r2_rob_no': '104', 'r2_weld_line_no': '0', 'r2_electric': '0.0', 'r2_voltage': '0.0', 'r2_speed': '0.0', 'r2_job': '0', 'replace_status': '0', 'part_status': '0', 'r1_protective_gas': '1893', 'r1_welding_wire': '0', 'r2_protective_gas': '0', 'r2_welding_wire': '0', 'login_id': '\n\x00\x00\x00\x00\x00\x00\x00\x00\x00', 'login_password': '\n\x00\x00\x00\x00\x00\x00\x00\x00\x00'}
2021-03-02  15:34:29 Tue root INFO ('\n\x07250 PCB\x00', '7315', '0', 25, '4', '0', '182.9137725830078', '13.176359176635742', '0.0', '0', '104', '0', '0.0', '0.0', '0.0', '0', '0', '1893', '0', '0', '0', '\n\x00\x00\x00\x00\x00\x00\x00\x00\x00', '\n\x00\x00\x00\x00\x00\x00\x00\x00\x00', '0', '0', '2021-03-02 15:34:29')
2021-03-02  15:34:29 Tue root INFO 成功添加数据
2021-03-02  15:34:29 Tue root INFO mes_plc_r5
2021-03-02  15:34:29 Tue root INFO 读取插入数据库数据：{'product_type': '\n\x00\x00\x00\x00\x00\x00\x00\x00\x00', 'r1_equipment_status': '6162', 'fail_code': '0', 'recerve': '0', 'prod_num': 0, 'r1_rob_no': '0', 'r1_weld_line_no': '0', 'r1_electric': '179.80323791503906', 'r1_voltage': '13.429543495178223', 'r1_speed': '0.0', 'r1_job': '0', 'r2_rob_no': '0', 'r2_weld_line_no': '0', 'r2_electric': '179.296875', 'r2_voltage': '13.418692588806152', 'r2_speed': '0.0', 'r2_job': '0', 'replace_status': '0', 'part_status': '0', 'r1_protective_gas': '0', 'r1_welding_wire': '0', 'r2_protective_gas': '0', 'r2_welding_wire': '0', 'login_id': '\n\x00\x00\x00\x00\x00\x00\x00\x00\x00', 'login_password': '\n\x00\x00\x00\x00\x00\x00\x00\x00\x00'}
2021-03-02  15:34:29 Tue root INFO ('\n\x00\x00\x00\x00\x00\x00\x00\x00\x00', '6162', '0', 0, '0', '0', '179.80323791503906', '13.429543495178223', '0.0', '0', '0', '0', '179.296875', '13.418692588806152', '0.0', '0', '0', '0', '0', '0', '0', '\n\x00\x00\x00\x00\x00\x00\x00\x00\x00', '\n\x00\x00\x00\x00\x00\x00\x00\x00\x00', '0', '0', '2021-03-02 15:34:29')
2021-03-02  15:34:29 Tue root INFO 成功添加数据
2021-03-02  15:34:29 Tue root INFO mes_plc_r6
2021-03-02  15:34:30 Tue root INFO 读取插入数据库数据：{'product_type': '\n\x00\x00\x00\x00\x00\x00\x00\x00\x00', 'r1_equipment_status': '0', 'fail_code': '0', 'recerve': '10', 'prod_num': 19, 'r1_rob_no': '0', 'r1_weld_line_no': '0', 'r1_electric': '0.0', 'r1_voltage': '0.0', 'r1_speed': '0.0', 'r1_job': '0', 'r2_rob_no': '0', 'r2_weld_line_no': '0', 'r2_electric': '0.0', 'r2_voltage': '0.0', 'r2_speed': '0.0', 'r2_job': '0', 'replace_status': '0', 'part_status': '0', 'r1_protective_gas': '0', 'r1_welding_wire': '0', 'r2_protective_gas': '0', 'r2_welding_wire': '0', 'login_id': '\n\x00\x00\x00\x00\x00\x00\x00\x00\x00', 'login_password': '\n\x00\x00\x00\x00\x00\x00\x00\x00\x00'}
2021-03-02  15:34:30 Tue root INFO ('\n\x00\x00\x00\x00\x00\x00\x00\x00\x00', '0', '0', 19, '0', '0', '0.0', '0.0', '0.0', '0', '0', '0', '0.0', '0.0', '0.0', '0', '0', '0', '0', '0', '0', '\n\x00\x00\x00\x00\x00\x00\x00\x00\x00', '\n\x00\x00\x00\x00\x00\x00\x00\x00\x00', '0', '10', '2021-03-02 15:34:30')
2021-03-02  15:34:30 Tue root INFO 成功添加数据
2021-03-02  15:35:30 Tue root INFO plc连接状态:[1, 1, 1, 1, 1, 1]
2021-03-02  15:35:30 Tue root INFO mes_plc
2021-03-02  15:35:30 Tue root INFO 读取插入数据库数据：{'product_type': '\n\x07250 YDG\x00', 'r1_equipment_status': '7315', 'fail_code': '0', 'recerve': '0', 'prod_num': 44, 'r1_rob_no': '4', 'r1_weld_line_no': '0', 'r1_electric': '182.17591857910156', 'r1_voltage': '13.295717239379883', 'r1_speed': '0.0', 'r1_job': '0', 'r2_rob_no': '104', 'r2_weld_line_no': '0', 'r2_electric': '0.0', 'r2_voltage': '0.0', 'r2_speed': '0.0', 'r2_job': '0', 'replace_status': '0', 'part_status': '0', 'r1_protective_gas': '0', 'r1_welding_wire': '0', 'r2_protective_gas': '0', 'r2_welding_wire': '0', 'login_id': '\n\x00\x00\x00\x00\x00\x00\x00\x00\x00', 'login_password': '\n\x00\x00\x00\x00\x00\x00\x00\x00\x00'}
2021-03-02  15:35:30 Tue root INFO ('\n\x07250 YDG\x00', '7315', '0', 44, '4', '0', '182.17591857910156', '13.295717239379883', '0.0', '0', '104', '0', '0.0', '0.0', '0.0', '0', '0', '0', '0', '0', '0', '\n\x00\x00\x00\x00\x00\x00\x00\x00\x00', '\n\x00\x00\x00\x00\x00\x00\x00\x00\x00', '0', '0', '2021-03-02 15:35:30')
2021-03-02  15:35:30 Tue root INFO 成功添加数据
2021-03-02  15:35:30 Tue root INFO mes_plc_r2
2021-03-02  15:35:30 Tue root INFO 读取插入数据库数据：{'product_type': '\n\x07250 TJ1\x00', 'r1_equipment_status': '5267', 'fail_code': '48', 'recerve': '0', 'prod_num': 242, 'r1_rob_no': '4', 'r1_weld_line_no': '0', 'r1_electric': '181.6695556640625', 'r1_voltage': '13.132956504821777', 'r1_speed': '0.0', 'r1_job': '0', 'r2_rob_no': '104', 'r2_weld_line_no': '0', 'r2_electric': '0.0', 'r2_voltage': '0.0', 'r2_speed': '0.0', 'r2_job': '0', 'replace_status': '0', 'part_status': '0', 'r1_protective_gas': '610', 'r1_welding_wire': '0', 'r2_protective_gas': '0', 'r2_welding_wire': '0', 'login_id': '\n\x00\x00\x00\x00\x00\x00\x00\x00\x00', 'login_password': '\n\x00\x00\x00\x00\x00\x00\x00\x00\x00'}
2021-03-02  15:35:30 Tue root INFO ('\n\x07250 TJ1\x00', '5267', '48', 242, '4', '0', '181.6695556640625', '13.132956504821777', '0.0', '0', '104', '0', '0.0', '0.0', '0.0', '0', '0', '610', '0', '0', '0', '\n\x00\x00\x00\x00\x00\x00\x00\x00\x00', '\n\x00\x00\x00\x00\x00\x00\x00\x00\x00', '0', '0', '2021-03-02 15:35:30')
2021-03-02  15:35:30 Tue root INFO 成功添加数据
2021-03-02  15:35:30 Tue root INFO mes_plc_r3
2021-03-02  15:35:31 Tue root INFO 读取插入数据库数据：{'product_type': '\n\x07250 TJ3\x00', 'r1_equipment_status': '7315', 'fail_code': '48', 'recerve': '0', 'prod_num': 247, 'r1_rob_no': '4', 'r1_weld_line_no': '0', 'r1_electric': '184.24478149414062', 'r1_voltage': '13.827401161193848', 'r1_speed': '0.0', 'r1_job': '0', 'r2_rob_no': '104', 'r2_weld_line_no': '0', 'r2_electric': '0.0', 'r2_voltage': '0.0', 'r2_speed': '0.0', 'r2_job': '0', 'replace_status': '0', 'part_status': '0', 'r1_protective_gas': '572', 'r1_welding_wire': '0', 'r2_protective_gas': '0', 'r2_welding_wire': '0', 'login_id': '\n\x00\x00\x00\x00\x00\x00\x00\x00\x00', 'login_password': '\n\x00\x00\x00\x00\x00\x00\x00\x00\x00'}
2021-03-02  15:35:31 Tue root INFO ('\n\x07250 TJ3\x00', '7315', '48', 247, '4', '0', '184.24478149414062', '13.827401161193848', '0.0', '0', '104', '0', '0.0', '0.0', '0.0', '0', '0', '572', '0', '0', '0', '\n\x00\x00\x00\x00\x00\x00\x00\x00\x00', '\n\x00\x00\x00\x00\x00\x00\x00\x00\x00', '0', '0', '2021-03-02 15:35:31')
2021-03-02  15:35:31 Tue root INFO 成功添加数据
2021-03-02  15:35:31 Tue root INFO mes_plc_r4
2021-03-02  15:35:31 Tue root INFO 读取插入数据库数据：{'product_type': '\n\x07250 PCB\x00', 'r1_equipment_status': '7233', 'fail_code': '0', 'recerve': '0', 'prod_num': 25, 'r1_rob_no': '4', 'r1_weld_line_no': '0', 'r1_electric': '182.97164916992188', 'r1_voltage': '13.12210750579834', 'r1_speed': '0.0', 'r1_job': '0', 'r2_rob_no': '104', 'r2_weld_line_no': '0', 'r2_electric': '0.0', 'r2_voltage': '0.0', 'r2_speed': '0.0', 'r2_job': '0', 'replace_status': '0', 'part_status': '0', 'r1_protective_gas': '1898', 'r1_welding_wire': '0', 'r2_protective_gas': '0', 'r2_welding_wire': '0', 'login_id': '\n\x00\x00\x00\x00\x00\x00\x00\x00\x00', 'login_password': '\n\x00\x00\x00\x00\x00\x00\x00\x00\x00'}
2021-03-02  15:35:31 Tue root INFO ('\n\x07250 PCB\x00', '7233', '0', 25, '4', '0', '182.97164916992188', '13.12210750579834', '0.0', '0', '104', '0', '0.0', '0.0', '0.0', '0', '0', '1898', '0', '0', '0', '\n\x00\x00\x00\x00\x00\x00\x00\x00\x00', '\n\x00\x00\x00\x00\x00\x00\x00\x00\x00', '0', '0', '2021-03-02 15:35:31')
2021-03-02  15:35:31 Tue root INFO 成功添加数据
2021-03-02  15:35:31 Tue root INFO mes_plc_r5
2021-03-02  15:35:31 Tue root INFO 读取插入数据库数据：{'product_type': '\n\x00\x00\x00\x00\x00\x00\x00\x00\x00', 'r1_equipment_status': '6162', 'fail_code': '0', 'recerve': '0', 'prod_num': 0, 'r1_rob_no': '0', 'r1_weld_line_no': '0', 'r1_electric': '179.87557983398438', 'r1_voltage': '13.444010734558105', 'r1_speed': '0.0', 'r1_job': '0', 'r2_rob_no': '0', 'r2_weld_line_no': '0', 'r2_electric': '179.2679443359375', 'r2_voltage': '13.407841682434082', 'r2_speed': '0.0', 'r2_job': '0', 'replace_status': '0', 'part_status': '0', 'r1_protective_gas': '0', 'r1_welding_wire': '0', 'r2_protective_gas': '0', 'r2_welding_wire': '0', 'login_id': '\n\x00\x00\x00\x00\x00\x00\x00\x00\x00', 'login_password': '\n\x00\x00\x00\x00\x00\x00\x00\x00\x00'}
2021-03-02  15:35:31 Tue root INFO ('\n\x00\x00\x00\x00\x00\x00\x00\x00\x00', '6162', '0', 0, '0', '0', '179.87557983398438', '13.444010734558105', '0.0', '0', '0', '0', '179.2679443359375', '13.407841682434082', '0.0', '0', '0', '0', '0', '0', '0', '\n\x00\x00\x00\x00\x00\x00\x00\x00\x00', '\n\x00\x00\x00\x00\x00\x00\x00\x00\x00', '0', '0', '2021-03-02 15:35:31')
2021-03-02  15:35:31 Tue root INFO 成功添加数据
2021-03-02  15:35:31 Tue root INFO mes_plc_r6
2021-03-02  15:35:32 Tue root INFO 读取插入数据库数据：{'product_type': '\n\x00\x00\x00\x00\x00\x00\x00\x00\x00', 'r1_equipment_status': '0', 'fail_code': '0', 'recerve': '10', 'prod_num': 19, 'r1_rob_no': '0', 'r1_weld_line_no': '0', 'r1_electric': '0.0', 'r1_voltage': '0.0', 'r1_speed': '0.0', 'r1_job': '0', 'r2_rob_no': '0', 'r2_weld_line_no': '0', 'r2_electric': '0.0', 'r2_voltage': '0.0', 'r2_speed': '0.0', 'r2_job': '0', 'replace_status': '0', 'part_status': '0', 'r1_protective_gas': '0', 'r1_welding_wire': '0', 'r2_protective_gas': '0', 'r2_welding_wire': '0', 'login_id': '\n\x00\x00\x00\x00\x00\x00\x00\x00\x00', 'login_password': '\n\x00\x00\x00\x00\x00\x00\x00\x00\x00'}
2021-03-02  15:35:32 Tue root INFO ('\n\x00\x00\x00\x00\x00\x00\x00\x00\x00', '0', '0', 19, '0', '0', '0.0', '0.0', '0.0', '0', '0', '0', '0.0', '0.0', '0.0', '0', '0', '0', '0', '0', '0', '\n\x00\x00\x00\x00\x00\x00\x00\x00\x00', '\n\x00\x00\x00\x00\x00\x00\x00\x00\x00', '0', '10', '2021-03-02 15:35:32')
2021-03-02  15:35:32 Tue root INFO 成功添加数据
2021-03-02  15:36:32 Tue root INFO plc连接状态:[1, 1, 1, 1, 1, 1]
2021-03-02  15:36:32 Tue root INFO mes_plc
2021-03-02  15:36:32 Tue root INFO 读取插入数据库数据：{'product_type': '\n\x07250 YDG\x00', 'r1_equipment_status': '7315', 'fail_code': '48', 'recerve': '0', 'prod_num': 44, 'r1_rob_no': '4', 'r1_weld_line_no': '0', 'r1_electric': '182.21932983398438', 'r1_voltage': '13.284866333007812', 'r1_speed': '0.0', 'r1_job': '0', 'r2_rob_no': '104', 'r2_weld_line_no': '0', 'r2_electric': '0.0', 'r2_voltage': '0.0', 'r2_speed': '0.0', 'r2_job': '0', 'replace_status': '0', 'part_status': '0', 'r1_protective_gas': '0', 'r1_welding_wire': '0', 'r2_protective_gas': '0', 'r2_welding_wire': '0', 'login_id': '\n\x00\x00\x00\x00\x00\x00\x00\x00\x00', 'login_password': '\n\x00\x00\x00\x00\x00\x00\x00\x00\x00'}
2021-03-02  15:36:32 Tue root INFO ('\n\x07250 YDG\x00', '7315', '48', 44, '4', '0', '182.21932983398438', '13.284866333007812', '0.0', '0', '104', '0', '0.0', '0.0', '0.0', '0', '0', '0', '0', '0', '0', '\n\x00\x00\x00\x00\x00\x00\x00\x00\x00', '\n\x00\x00\x00\x00\x00\x00\x00\x00\x00', '0', '0', '2021-03-02 15:36:32')
2021-03-02  15:36:32 Tue root INFO 成功添加数据
2021-03-02  15:36:32 Tue root INFO mes_plc_r2
2021-03-02  15:36:32 Tue root INFO 读取插入数据库数据：{'product_type': '\n\x07250 TJ1\x00', 'r1_equipment_status': '5267', 'fail_code': '48', 'recerve': '0', 'prod_num': 242, 'r1_rob_no': '4', 'r1_weld_line_no': '0', 'r1_electric': '181.6840362548828', 'r1_voltage': '13.132956504821777', 'r1_speed': '0.0', 'r1_job': '0', 'r2_rob_no': '104', 'r2_weld_line_no': '0', 'r2_electric': '0.0', 'r2_voltage': '0.0', 'r2_speed': '0.0', 'r2_job': '0', 'replace_status': '0', 'part_status': '0', 'r1_protective_gas': '610', 'r1_welding_wire': '0', 'r2_protective_gas': '0', 'r2_welding_wire': '0', 'login_id': '\n\x00\x00\x00\x00\x00\x00\x00\x00\x00', 'login_password': '\n\x00\x00\x00\x00\x00\x00\x00\x00\x00'}
2021-03-02  15:36:32 Tue root INFO ('\n\x07250 TJ1\x00', '5267', '48', 242, '4', '0', '181.6840362548828', '13.132956504821777', '0.0', '0', '104', '0', '0.0', '0.0', '0.0', '0', '0', '610', '0', '0', '0', '\n\x00\x00\x00\x00\x00\x00\x00\x00\x00', '\n\x00\x00\x00\x00\x00\x00\x00\x00\x00', '0', '0', '2021-03-02 15:36:32')
2021-03-02  15:36:32 Tue root INFO 成功添加数据
2021-03-02  15:36:32 Tue root INFO mes_plc_r3
2021-03-02  15:36:33 Tue root INFO 读取插入数据库数据：{'product_type': '\n\x07250 TJ3\x00', 'r1_equipment_status': '7315', 'fail_code': '48', 'recerve': '0', 'prod_num': 247, 'r1_rob_no': '4', 'r1_weld_line_no': '0', 'r1_electric': '184.21585083007812', 'r1_voltage': '13.823784828186035', 'r1_speed': '0.0', 'r1_job': '0', 'r2_rob_no': '104', 'r2_weld_line_no': '0', 'r2_electric': '0.0', 'r2_voltage': '0.0', 'r2_speed': '0.0', 'r2_job': '0', 'replace_status': '0', 'part_status': '0', 'r1_protective_gas': '572', 'r1_welding_wire': '0', 'r2_protective_gas': '0', 'r2_welding_wire': '0', 'login_id': '\n\x00\x00\x00\x00\x00\x00\x00\x00\x00', 'login_password': '\n\x00\x00\x00\x00\x00\x00\x00\x00\x00'}
2021-03-02  15:36:33 Tue root INFO ('\n\x07250 TJ3\x00', '7315', '48', 247, '4', '0', '184.21585083007812', '13.823784828186035', '0.0', '0', '104', '0', '0.0', '0.0', '0.0', '0', '0', '572', '0', '0', '0', '\n\x00\x00\x00\x00\x00\x00\x00\x00\x00', '\n\x00\x00\x00\x00\x00\x00\x00\x00\x00', '0', '0', '2021-03-02 15:36:33')
2021-03-02  15:36:33 Tue root INFO 成功添加数据
2021-03-02  15:36:33 Tue root INFO mes_plc_r4
2021-03-02  15:36:33 Tue root INFO 读取插入数据库数据：{'product_type': '\n\x07250 PCB\x00', 'r1_equipment_status': '7233', 'fail_code': '0', 'recerve': '0', 'prod_num': 25, 'r1_rob_no': '4', 'r1_weld_line_no': '0', 'r1_electric': '182.95716857910156', 'r1_voltage': '13.19444465637207', 'r1_speed': '0.0', 'r1_job': '0', 'r2_rob_no': '104', 'r2_weld_line_no': '0', 'r2_electric': '0.0', 'r2_voltage': '0.0', 'r2_speed': '0.0', 'r2_job': '0', 'replace_status': '0', 'part_status': '0', 'r1_protective_gas': '1924', 'r1_welding_wire': '0', 'r2_protective_gas': '0', 'r2_welding_wire': '0', 'login_id': '\n\x00\x00\x00\x00\x00\x00\x00\x00\x00', 'login_password': '\n\x00\x00\x00\x00\x00\x00\x00\x00\x00'}
2021-03-02  15:36:33 Tue root INFO ('\n\x07250 PCB\x00', '7233', '0', 25, '4', '0', '182.95716857910156', '13.19444465637207', '0.0', '0', '104', '0', '0.0', '0.0', '0.0', '0', '0', '1924', '0', '0', '0', '\n\x00\x00\x00\x00\x00\x00\x00\x00\x00', '\n\x00\x00\x00\x00\x00\x00\x00\x00\x00', '0', '0', '2021-03-02 15:36:33')
2021-03-02  15:36:33 Tue root INFO 成功添加数据
2021-03-02  15:36:33 Tue root INFO mes_plc_r5
2021-03-02  15:36:33 Tue root INFO 读取插入数据库数据：{'product_type': '\n\x00\x00\x00\x00\x00\x00\x00\x00\x00', 'r1_equipment_status': '6162', 'fail_code': '0', 'recerve': '0', 'prod_num': 0, 'r1_rob_no': '0', 'r1_weld_line_no': '0', 'r1_electric': '179.83216857910156', 'r1_voltage': '13.46571159362793', 'r1_speed': '0.0', 'r1_job': '0', 'r2_rob_no': '0', 'r2_weld_line_no': '0', 'r2_electric': '179.3258056640625', 'r2_voltage': '13.407841682434082', 'r2_speed': '0.0', 'r2_job': '0', 'replace_status': '0', 'part_status': '0', 'r1_protective_gas': '0', 'r1_welding_wire': '0', 'r2_protective_gas': '0', 'r2_welding_wire': '0', 'login_id': '\n\x00\x00\x00\x00\x00\x00\x00\x00\x00', 'login_password': '\n\x00\x00\x00\x00\x00\x00\x00\x00\x00'}
2021-03-02  15:36:33 Tue root INFO ('\n\x00\x00\x00\x00\x00\x00\x00\x00\x00', '6162', '0', 0, '0', '0', '179.83216857910156', '13.46571159362793', '0.0', '0', '0', '0', '179.3258056640625', '13.407841682434082', '0.0', '0', '0', '0', '0', '0', '0', '\n\x00\x00\x00\x00\x00\x00\x00\x00\x00', '\n\x00\x00\x00\x00\x00\x00\x00\x00\x00', '0', '0', '2021-03-02 15:36:33')
2021-03-02  15:36:33 Tue root INFO 成功添加数据
2021-03-02  15:36:33 Tue root INFO mes_plc_r6
2021-03-02  15:36:34 Tue root INFO 读取插入数据库数据：{'product_type': '\n\x00\x00\x00\x00\x00\x00\x00\x00\x00', 'r1_equipment_status': '0', 'fail_code': '0', 'recerve': '10', 'prod_num': 19, 'r1_rob_no': '0', 'r1_weld_line_no': '0', 'r1_electric': '0.0', 'r1_voltage': '0.0', 'r1_speed': '0.0', 'r1_job': '0', 'r2_rob_no': '0', 'r2_weld_line_no': '0', 'r2_electric': '0.0', 'r2_voltage': '0.0', 'r2_speed': '0.0', 'r2_job': '0', 'replace_status': '0', 'part_status': '0', 'r1_protective_gas': '0', 'r1_welding_wire': '0', 'r2_protective_gas': '0', 'r2_welding_wire': '0', 'login_id': '\n\x00\x00\x00\x00\x00\x00\x00\x00\x00', 'login_password': '\n\x00\x00\x00\x00\x00\x00\x00\x00\x00'}
2021-03-02  15:36:34 Tue root INFO ('\n\x00\x00\x00\x00\x00\x00\x00\x00\x00', '0', '0', 19, '0', '0', '0.0', '0.0', '0.0', '0', '0', '0', '0.0', '0.0', '0.0', '0', '0', '0', '0', '0', '0', '\n\x00\x00\x00\x00\x00\x00\x00\x00\x00', '\n\x00\x00\x00\x00\x00\x00\x00\x00\x00', '0', '10', '2021-03-02 15:36:34')
2021-03-02  15:36:34 Tue root INFO 成功添加数据
2021-03-02  15:37:34 Tue root INFO plc连接状态:[1, 1, 1, 1, 1, 1]
2021-03-02  15:37:34 Tue root INFO mes_plc
2021-03-02  15:37:34 Tue root INFO 读取插入数据库数据：{'product_type': '\n\x07250 YDG\x00', 'r1_equipment_status': '7315', 'fail_code': '48', 'recerve': '0', 'prod_num': 44, 'r1_rob_no': '4', 'r1_weld_line_no': '0', 'r1_electric': '182.19039916992188', 'r1_voltage': '13.284866333007812', 'r1_speed': '0.0', 'r1_job': '0', 'r2_rob_no': '104', 'r2_weld_line_no': '0', 'r2_electric': '0.0', 'r2_voltage': '0.0', 'r2_speed': '0.0', 'r2_job': '0', 'replace_status': '0', 'part_status': '0', 'r1_protective_gas': '0', 'r1_welding_wire': '0', 'r2_protective_gas': '0', 'r2_welding_wire': '0', 'login_id': '\n\x00\x00\x00\x00\x00\x00\x00\x00\x00', 'login_password': '\n\x00\x00\x00\x00\x00\x00\x00\x00\x00'}
2021-03-02  15:37:34 Tue root INFO ('\n\x07250 YDG\x00', '7315', '48', 44, '4', '0', '182.19039916992188', '13.284866333007812', '0.0', '0', '104', '0', '0.0', '0.0', '0.0', '0', '0', '0', '0', '0', '0', '\n\x00\x00\x00\x00\x00\x00\x00\x00\x00', '\n\x00\x00\x00\x00\x00\x00\x00\x00\x00', '0', '0', '2021-03-02 15:37:34')
2021-03-02  15:37:34 Tue root INFO 成功添加数据
2021-03-02  15:37:34 Tue root INFO mes_plc_r2
2021-03-02  15:37:35 Tue root INFO 读取插入数据库数据：{'product_type': '\n\x07250 TJ1\x00', 'r1_equipment_status': '5267', 'fail_code': '48', 'recerve': '0', 'prod_num': 242, 'r1_rob_no': '4', 'r1_weld_line_no': '0', 'r1_electric': '181.6695556640625', 'r1_voltage': '13.129340171813965', 'r1_speed': '0.0', 'r1_job': '0', 'r2_rob_no': '104', 'r2_weld_line_no': '0', 'r2_electric': '0.0', 'r2_voltage': '0.0', 'r2_speed': '0.0', 'r2_job': '0', 'replace_status': '0', 'part_status': '0', 'r1_protective_gas': '610', 'r1_welding_wire': '0', 'r2_protective_gas': '0', 'r2_welding_wire': '0', 'login_id': '\n\x00\x00\x00\x00\x00\x00\x00\x00\x00', 'login_password': '\n\x00\x00\x00\x00\x00\x00\x00\x00\x00'}
2021-03-02  15:37:35 Tue root INFO ('\n\x07250 TJ1\x00', '5267', '48', 242, '4', '0', '181.6695556640625', '13.129340171813965', '0.0', '0', '104', '0', '0.0', '0.0', '0.0', '0', '0', '610', '0', '0', '0', '\n\x00\x00\x00\x00\x00\x00\x00\x00\x00', '\n\x00\x00\x00\x00\x00\x00\x00\x00\x00', '0', '0', '2021-03-02 15:37:35')
2021-03-02  15:37:35 Tue root INFO 成功添加数据
2021-03-02  15:37:35 Tue root INFO mes_plc_r3
2021-03-02  15:37:35 Tue root INFO 读取插入数据库数据：{'product_type': '\n\x07250 TJ3\x00', 'r1_equipment_status': '7315', 'fail_code': '48', 'recerve': '0', 'prod_num': 247, 'r1_rob_no': '4', 'r1_weld_line_no': '0', 'r1_electric': '184.2737274169922', 'r1_voltage': '13.823784828186035', 'r1_speed': '0.0', 'r1_job': '0', 'r2_rob_no': '104', 'r2_weld_line_no': '0', 'r2_electric': '0.0', 'r2_voltage': '0.0', 'r2_speed': '0.0', 'r2_job': '0', 'replace_status': '0', 'part_status': '0', 'r1_protective_gas': '572', 'r1_welding_wire': '0', 'r2_protective_gas': '0', 'r2_welding_wire': '0', 'login_id': '\n\x00\x00\x00\x00\x00\x00\x00\x00\x00', 'login_password': '\n\x00\x00\x00\x00\x00\x00\x00\x00\x00'}
2021-03-02  15:37:35 Tue root INFO ('\n\x07250 TJ3\x00', '7315', '48', 247, '4', '0', '184.2737274169922', '13.823784828186035', '0.0', '0', '104', '0', '0.0', '0.0', '0.0', '0', '0', '572', '0', '0', '0', '\n\x00\x00\x00\x00\x00\x00\x00\x00\x00', '\n\x00\x00\x00\x00\x00\x00\x00\x00\x00', '0', '0', '2021-03-02 15:37:35')
2021-03-02  15:37:35 Tue root INFO 成功添加数据
2021-03-02  15:37:35 Tue root INFO mes_plc_r4
2021-03-02  15:37:35 Tue root INFO 读取插入数据库数据：{'product_type': '\n\x07250 PCB\x00', 'r1_equipment_status': '7315', 'fail_code': '0', 'recerve': '0', 'prod_num': 25, 'r1_rob_no': '4', 'r1_weld_line_no': '0', 'r1_electric': '182.8848419189453', 'r1_voltage': '13.19444465637207', 'r1_speed': '0.0', 'r1_job': '0', 'r2_rob_no': '104', 'r2_weld_line_no': '0', 'r2_electric': '0.0', 'r2_voltage': '0.0', 'r2_speed': '0.0', 'r2_job': '0', 'replace_status': '0', 'part_status': '0', 'r1_protective_gas': '1937', 'r1_welding_wire': '0', 'r2_protective_gas': '0', 'r2_welding_wire': '0', 'login_id': '\n\x00\x00\x00\x00\x00\x00\x00\x00\x00', 'login_password': '\n\x00\x00\x00\x00\x00\x00\x00\x00\x00'}
2021-03-02  15:37:35 Tue root INFO ('\n\x07250 PCB\x00', '7315', '0', 25, '4', '0', '182.8848419189453', '13.19444465637207', '0.0', '0', '104', '0', '0.0', '0.0', '0.0', '0', '0', '1937', '0', '0', '0', '\n\x00\x00\x00\x00\x00\x00\x00\x00\x00', '\n\x00\x00\x00\x00\x00\x00\x00\x00\x00', '0', '0', '2021-03-02 15:37:35')
2021-03-02  15:37:35 Tue root INFO 成功添加数据
2021-03-02  15:37:35 Tue root INFO mes_plc_r5
2021-03-02  15:37:36 Tue root INFO 读取插入数据库数据：{'product_type': '\n\x00\x00\x00\x00\x00\x00\x00\x00\x00', 'r1_equipment_status': '6162', 'fail_code': '0', 'recerve': '0', 'prod_num': 0, 'r1_rob_no': '0', 'r1_weld_line_no': '0', 'r1_electric': '179.84664916992188', 'r1_voltage': '13.425925254821777', 'r1_speed': '0.0', 'r1_job': '0', 'r2_rob_no': '0', 'r2_weld_line_no': '0', 'r2_electric': '179.28240966796875', 'r2_voltage': '13.418692588806152', 'r2_speed': '0.0', 'r2_job': '0', 'replace_status': '0', 'part_status': '0', 'r1_protective_gas': '0', 'r1_welding_wire': '0', 'r2_protective_gas': '0', 'r2_welding_wire': '0', 'login_id': '\n\x00\x00\x00\x00\x00\x00\x00\x00\x00', 'login_password': '\n\x00\x00\x00\x00\x00\x00\x00\x00\x00'}
2021-03-02  15:37:36 Tue root INFO ('\n\x00\x00\x00\x00\x00\x00\x00\x00\x00', '6162', '0', 0, '0', '0', '179.84664916992188', '13.425925254821777', '0.0', '0', '0', '0', '179.28240966796875', '13.418692588806152', '0.0', '0', '0', '0', '0', '0', '0', '\n\x00\x00\x00\x00\x00\x00\x00\x00\x00', '\n\x00\x00\x00\x00\x00\x00\x00\x00\x00', '0', '0', '2021-03-02 15:37:36')
2021-03-02  15:37:36 Tue root INFO 成功添加数据
2021-03-02  15:37:36 Tue root INFO mes_plc_r6
2021-03-02  15:37:36 Tue root INFO 读取插入数据库数据：{'product_type': '\n\x00\x00\x00\x00\x00\x00\x00\x00\x00', 'r1_equipment_status': '0', 'fail_code': '0', 'recerve': '10', 'prod_num': 19, 'r1_rob_no': '0', 'r1_weld_line_no': '0', 'r1_electric': '0.0', 'r1_voltage': '0.0', 'r1_speed': '0.0', 'r1_job': '0', 'r2_rob_no': '0', 'r2_weld_line_no': '0', 'r2_electric': '0.0', 'r2_voltage': '0.0', 'r2_speed': '0.0', 'r2_job': '0', 'replace_status': '0', 'part_status': '0', 'r1_protective_gas': '0', 'r1_welding_wire': '0', 'r2_protective_gas': '0', 'r2_welding_wire': '0', 'login_id': '\n\x00\x00\x00\x00\x00\x00\x00\x00\x00', 'login_password': '\n\x00\x00\x00\x00\x00\x00\x00\x00\x00'}
2021-03-02  15:37:36 Tue root INFO ('\n\x00\x00\x00\x00\x00\x00\x00\x00\x00', '0', '0', 19, '0', '0', '0.0', '0.0', '0.0', '0', '0', '0', '0.0', '0.0', '0.0', '0', '0', '0', '0', '0', '0', '\n\x00\x00\x00\x00\x00\x00\x00\x00\x00', '\n\x00\x00\x00\x00\x00\x00\x00\x00\x00', '0', '10', '2021-03-02 15:37:36')
2021-03-02  15:37:36 Tue root INFO 成功添加数据
2021-03-02  15:38:36 Tue root INFO plc连接状态:[1, 1, 1, 1, 1, 1]
2021-03-02  15:38:36 Tue root INFO mes_plc
2021-03-02  15:38:37 Tue root INFO 读取插入数据库数据：{'product_type': '\n\x07250 YDG\x00', 'r1_equipment_status': '7315', 'fail_code': '48', 'recerve': '0', 'prod_num': 44, 'r1_rob_no': '4', 'r1_weld_line_no': '0', 'r1_electric': '182.24826049804688', 'r1_voltage': '13.29210090637207', 'r1_speed': '0.0', 'r1_job': '0', 'r2_rob_no': '104', 'r2_weld_line_no': '0', 'r2_electric': '0.0', 'r2_voltage': '0.0', 'r2_speed': '0.0', 'r2_job': '0', 'replace_status': '0', 'part_status': '0', 'r1_protective_gas': '0', 'r1_welding_wire': '0', 'r2_protective_gas': '0', 'r2_welding_wire': '0', 'login_id': '\n\x00\x00\x00\x00\x00\x00\x00\x00\x00', 'login_password': '\n\x00\x00\x00\x00\x00\x00\x00\x00\x00'}
2021-03-02  15:38:37 Tue root INFO ('\n\x07250 YDG\x00', '7315', '48', 44, '4', '0', '182.24826049804688', '13.29210090637207', '0.0', '0', '104', '0', '0.0', '0.0', '0.0', '0', '0', '0', '0', '0', '0', '\n\x00\x00\x00\x00\x00\x00\x00\x00\x00', '\n\x00\x00\x00\x00\x00\x00\x00\x00\x00', '0', '0', '2021-03-02 15:38:37')
2021-03-02  15:38:37 Tue root INFO 成功添加数据
2021-03-02  15:38:37 Tue root INFO mes_plc_r2
2021-03-02  15:38:37 Tue root INFO 读取插入数据库数据：{'product_type': '\n\x07250 TJ1\x00', 'r1_equipment_status': '5267', 'fail_code': '48', 'recerve': '0', 'prod_num': 242, 'r1_rob_no': '4', 'r1_weld_line_no': '0', 'r1_electric': '181.65509033203125', 'r1_voltage': '13.118489265441895', 'r1_speed': '0.0', 'r1_job': '0', 'r2_rob_no': '104', 'r2_weld_line_no': '0', 'r2_electric': '0.0', 'r2_voltage': '0.0', 'r2_speed': '0.0', 'r2_job': '0', 'replace_status': '0', 'part_status': '0', 'r1_protective_gas': '610', 'r1_welding_wire': '0', 'r2_protective_gas': '0', 'r2_welding_wire': '0', 'login_id': '\n\x00\x00\x00\x00\x00\x00\x00\x00\x00', 'login_password': '\n\x00\x00\x00\x00\x00\x00\x00\x00\x00'}
2021-03-02  15:38:37 Tue root INFO ('\n\x07250 TJ1\x00', '5267', '48', 242, '4', '0', '181.65509033203125', '13.118489265441895', '0.0', '0', '104', '0', '0.0', '0.0', '0.0', '0', '0', '610', '0', '0', '0', '\n\x00\x00\x00\x00\x00\x00\x00\x00\x00', '\n\x00\x00\x00\x00\x00\x00\x00\x00\x00', '0', '0', '2021-03-02 15:38:37')
2021-03-02  15:38:37 Tue root INFO 成功添加数据
2021-03-02  15:38:37 Tue root INFO mes_plc_r3
2021-03-02  15:38:37 Tue root INFO 读取插入数据库数据：{'product_type': '\n\x07250 TJ3\x00', 'r1_equipment_status': '7315', 'fail_code': '48', 'recerve': '0', 'prod_num': 247, 'r1_rob_no': '4', 'r1_weld_line_no': '0', 'r1_electric': '184.2737274169922', 'r1_voltage': '13.823784828186035', 'r1_speed': '0.0', 'r1_job': '0', 'r2_rob_no': '104', 'r2_weld_line_no': '0', 'r2_electric': '0.0', 'r2_voltage': '0.0', 'r2_speed': '0.0', 'r2_job': '0', 'replace_status': '0', 'part_status': '0', 'r1_protective_gas': '572', 'r1_welding_wire': '0', 'r2_protective_gas': '0', 'r2_welding_wire': '0', 'login_id': '\n\x00\x00\x00\x00\x00\x00\x00\x00\x00', 'login_password': '\n\x00\x00\x00\x00\x00\x00\x00\x00\x00'}
2021-03-02  15:38:37 Tue root INFO ('\n\x07250 TJ3\x00', '7315', '48', 247, '4', '0', '184.2737274169922', '13.823784828186035', '0.0', '0', '104', '0', '0.0', '0.0', '0.0', '0', '0', '572', '0', '0', '0', '\n\x00\x00\x00\x00\x00\x00\x00\x00\x00', '\n\x00\x00\x00\x00\x00\x00\x00\x00\x00', '0', '0', '2021-03-02 15:38:37')
2021-03-02  15:38:37 Tue root INFO 成功添加数据
2021-03-02  15:38:37 Tue root INFO mes_plc_r4
2021-03-02  15:38:38 Tue root INFO 读取插入数据库数据：{'product_type': '\n\x07250 PCB\x00', 'r1_equipment_status': '7315', 'fail_code': '0', 'recerve': '0', 'prod_num': 25, 'r1_rob_no': '4', 'r1_weld_line_no': '0', 'r1_electric': '182.8848419189453', 'r1_voltage': '13.169126510620117', 'r1_speed': '0.0', 'r1_job': '0', 'r2_rob_no': '104', 'r2_weld_line_no': '0', 'r2_electric': '0.0', 'r2_voltage': '0.0', 'r2_speed': '0.0', 'r2_job': '0', 'replace_status': '0', 'part_status': '0', 'r1_protective_gas': '1937', 'r1_welding_wire': '0', 'r2_protective_gas': '0', 'r2_welding_wire': '0', 'login_id': '\n\x00\x00\x00\x00\x00\x00\x00\x00\x00', 'login_password': '\n\x00\x00\x00\x00\x00\x00\x00\x00\x00'}
2021-03-02  15:38:38 Tue root INFO ('\n\x07250 PCB\x00', '7315', '0', 25, '4', '0', '182.8848419189453', '13.169126510620117', '0.0', '0', '104', '0', '0.0', '0.0', '0.0', '0', '0', '1937', '0', '0', '0', '\n\x00\x00\x00\x00\x00\x00\x00\x00\x00', '\n\x00\x00\x00\x00\x00\x00\x00\x00\x00', '0', '0', '2021-03-02 15:38:38')
2021-03-02  15:38:38 Tue root INFO 成功添加数据
2021-03-02  15:38:38 Tue root INFO mes_plc_r5
2021-03-02  15:38:38 Tue root INFO 读取插入数据库数据：{'product_type': '\n\x00\x00\x00\x00\x00\x00\x00\x00\x00', 'r1_equipment_status': '6226', 'fail_code': '0', 'recerve': '0', 'prod_num': 0, 'r1_rob_no': '0', 'r1_weld_line_no': '0', 'r1_electric': '179.80323791503906', 'r1_voltage': '13.480178833007812', 'r1_speed': '0.0', 'r1_job': '0', 'r2_rob_no': '0', 'r2_weld_line_no': '0', 'r2_electric': '179.2534637451172', 'r2_voltage': '13.407841682434082', 'r2_speed': '0.0', 'r2_job': '0', 'replace_status': '0', 'part_status': '0', 'r1_protective_gas': '0', 'r1_welding_wire': '0', 'r2_protective_gas': '0', 'r2_welding_wire': '0', 'login_id': '\n\x00\x00\x00\x00\x00\x00\x00\x00\x00', 'login_password': '\n\x00\x00\x00\x00\x00\x00\x00\x00\x00'}
2021-03-02  15:38:38 Tue root INFO ('\n\x00\x00\x00\x00\x00\x00\x00\x00\x00', '6226', '0', 0, '0', '0', '179.80323791503906', '13.480178833007812', '0.0', '0', '0', '0', '179.2534637451172', '13.407841682434082', '0.0', '0', '0', '0', '0', '0', '0', '\n\x00\x00\x00\x00\x00\x00\x00\x00\x00', '\n\x00\x00\x00\x00\x00\x00\x00\x00\x00', '0', '0', '2021-03-02 15:38:38')
2021-03-02  15:38:38 Tue root INFO 成功添加数据
2021-03-02  15:38:38 Tue root INFO mes_plc_r6
2021-03-02  15:38:38 Tue root INFO 读取插入数据库数据：{'product_type': '\n\x00\x00\x00\x00\x00\x00\x00\x00\x00', 'r1_equipment_status': '0', 'fail_code': '0', 'recerve': '10', 'prod_num': 19, 'r1_rob_no': '0', 'r1_weld_line_no': '0', 'r1_electric': '0.0', 'r1_voltage': '0.0', 'r1_speed': '0.0', 'r1_job': '0', 'r2_rob_no': '0', 'r2_weld_line_no': '0', 'r2_electric': '0.0', 'r2_voltage': '0.0', 'r2_speed': '0.0', 'r2_job': '0', 'replace_status': '0', 'part_status': '0', 'r1_protective_gas': '0', 'r1_welding_wire': '0', 'r2_protective_gas': '0', 'r2_welding_wire': '0', 'login_id': '\n\x00\x00\x00\x00\x00\x00\x00\x00\x00', 'login_password': '\n\x00\x00\x00\x00\x00\x00\x00\x00\x00'}
2021-03-02  15:38:38 Tue root INFO ('\n\x00\x00\x00\x00\x00\x00\x00\x00\x00', '0', '0', 19, '0', '0', '0.0', '0.0', '0.0', '0', '0', '0', '0.0', '0.0', '0.0', '0', '0', '0', '0', '0', '0', '\n\x00\x00\x00\x00\x00\x00\x00\x00\x00', '\n\x00\x00\x00\x00\x00\x00\x00\x00\x00', '0', '10', '2021-03-02 15:38:38')
2021-03-02  15:38:38 Tue root INFO 成功添加数据
2021-03-02  15:39:38 Tue root INFO plc连接状态:[1, 1, 1, 1, 1, 1]
2021-03-02  15:39:38 Tue root INFO mes_plc
2021-03-02  15:39:39 Tue root INFO 读取插入数据库数据：{'product_type': '\n\x07250 YDG\x00', 'r1_equipment_status': '7315', 'fail_code': '48', 'recerve': '0', 'prod_num': 44, 'r1_rob_no': '4', 'r1_weld_line_no': '0', 'r1_electric': '182.24826049804688', 'r1_voltage': '13.29210090637207', 'r1_speed': '0.0', 'r1_job': '0', 'r2_rob_no': '104', 'r2_weld_line_no': '0', 'r2_electric': '0.0', 'r2_voltage': '0.0', 'r2_speed': '0.0', 'r2_job': '0', 'replace_status': '0', 'part_status': '0', 'r1_protective_gas': '0', 'r1_welding_wire': '0', 'r2_protective_gas': '0', 'r2_welding_wire': '0', 'login_id': '\n\x00\x00\x00\x00\x00\x00\x00\x00\x00', 'login_password': '\n\x00\x00\x00\x00\x00\x00\x00\x00\x00'}
2021-03-02  15:39:39 Tue root INFO ('\n\x07250 YDG\x00', '7315', '48', 44, '4', '0', '182.24826049804688', '13.29210090637207', '0.0', '0', '104', '0', '0.0', '0.0', '0.0', '0', '0', '0', '0', '0', '0', '\n\x00\x00\x00\x00\x00\x00\x00\x00\x00', '\n\x00\x00\x00\x00\x00\x00\x00\x00\x00', '0', '0', '2021-03-02 15:39:39')
2021-03-02  15:39:39 Tue root INFO 成功添加数据
2021-03-02  15:39:39 Tue root INFO mes_plc_r2
2021-03-02  15:39:39 Tue root INFO 读取插入数据库数据：{'product_type': '\n\x07250 TJ1\x00', 'r1_equipment_status': '5267', 'fail_code': '48', 'recerve': '0', 'prod_num': 242, 'r1_rob_no': '4', 'r1_weld_line_no': '0', 'r1_electric': '181.6116943359375', 'r1_voltage': '13.129340171813965', 'r1_speed': '0.0', 'r1_job': '0', 'r2_rob_no': '104', 'r2_weld_line_no': '0', 'r2_electric': '0.0', 'r2_voltage': '0.0', 'r2_speed': '0.0', 'r2_job': '0', 'replace_status': '0', 'part_status': '0', 'r1_protective_gas': '610', 'r1_welding_wire': '0', 'r2_protective_gas': '0', 'r2_welding_wire': '0', 'login_id': '\n\x00\x00\x00\x00\x00\x00\x00\x00\x00', 'login_password': '\n\x00\x00\x00\x00\x00\x00\x00\x00\x00'}
2021-03-02  15:39:39 Tue root INFO ('\n\x07250 TJ1\x00', '5267', '48', 242, '4', '0', '181.6116943359375', '13.129340171813965', '0.0', '0', '104', '0', '0.0', '0.0', '0.0', '0', '0', '610', '0', '0', '0', '\n\x00\x00\x00\x00\x00\x00\x00\x00\x00', '\n\x00\x00\x00\x00\x00\x00\x00\x00\x00', '0', '0', '2021-03-02 15:39:39')
2021-03-02  15:39:39 Tue root INFO 成功添加数据
2021-03-02  15:39:39 Tue root INFO mes_plc_r3
2021-03-02  15:39:40 Tue root INFO 读取插入数据库数据：{'product_type': '\n\x07250 TJ3\x00', 'r1_equipment_status': '7315', 'fail_code': '48', 'recerve': '0', 'prod_num': 247, 'r1_rob_no': '4', 'r1_weld_line_no': '0', 'r1_electric': '184.2737274169922', 'r1_voltage': '13.816550254821777', 'r1_speed': '0.0', 'r1_job': '0', 'r2_rob_no': '104', 'r2_weld_line_no': '0', 'r2_electric': '0.0', 'r2_voltage': '0.0', 'r2_speed': '0.0', 'r2_job': '0', 'replace_status': '0', 'part_status': '0', 'r1_protective_gas': '572', 'r1_welding_wire': '0', 'r2_protective_gas': '0', 'r2_welding_wire': '0', 'login_id': '\n\x00\x00\x00\x00\x00\x00\x00\x00\x00', 'login_password': '\n\x00\x00\x00\x00\x00\x00\x00\x00\x00'}
2021-03-02  15:39:40 Tue root INFO ('\n\x07250 TJ3\x00', '7315', '48', 247, '4', '0', '184.2737274169922', '13.816550254821777', '0.0', '0', '104', '0', '0.0', '0.0', '0.0', '0', '0', '572', '0', '0', '0', '\n\x00\x00\x00\x00\x00\x00\x00\x00\x00', '\n\x00\x00\x00\x00\x00\x00\x00\x00\x00', '0', '0', '2021-03-02 15:39:40')
2021-03-02  15:39:40 Tue root INFO 成功添加数据
2021-03-02  15:39:40 Tue root INFO mes_plc_r4
2021-03-02  15:39:40 Tue root INFO 读取插入数据库数据：{'product_type': '\n\x07250 PCB\x00', 'r1_equipment_status': '7315', 'fail_code': '0', 'recerve': '0', 'prod_num': 25, 'r1_rob_no': '4', 'r1_weld_line_no': '0', 'r1_electric': '182.87037658691406', 'r1_voltage': '13.158275604248047', 'r1_speed': '0.0', 'r1_job': '0', 'r2_rob_no': '104', 'r2_weld_line_no': '0', 'r2_electric': '0.0', 'r2_voltage': '0.0', 'r2_speed': '0.0', 'r2_job': '0', 'replace_status': '0', 'part_status': '0', 'r1_protective_gas': '1937', 'r1_welding_wire': '0', 'r2_protective_gas': '0', 'r2_welding_wire': '0', 'login_id': '\n\x00\x00\x00\x00\x00\x00\x00\x00\x00', 'login_password': '\n\x00\x00\x00\x00\x00\x00\x00\x00\x00'}
2021-03-02  15:39:40 Tue root INFO ('\n\x07250 PCB\x00', '7315', '0', 25, '4', '0', '182.87037658691406', '13.158275604248047', '0.0', '0', '104', '0', '0.0', '0.0', '0.0', '0', '0', '1937', '0', '0', '0', '\n\x00\x00\x00\x00\x00\x00\x00\x00\x00', '\n\x00\x00\x00\x00\x00\x00\x00\x00\x00', '0', '0', '2021-03-02 15:39:40')
2021-03-02  15:39:40 Tue root INFO 成功添加数据
2021-03-02  15:39:40 Tue root INFO mes_plc_r5
2021-03-02  15:39:40 Tue root INFO 读取插入数据库数据：{'product_type': '\n\x00\x00\x00\x00\x00\x00\x00\x00\x00', 'r1_equipment_status': '6162', 'fail_code': '0', 'recerve': '0', 'prod_num': 0, 'r1_rob_no': '0', 'r1_weld_line_no': '0', 'r1_electric': '179.86111450195312', 'r1_voltage': '13.45486068725586', 'r1_speed': '0.0', 'r1_job': '0', 'r2_rob_no': '0', 'r2_weld_line_no': '0', 'r2_electric': '179.35475158691406', 'r2_voltage': '13.40060806274414', 'r2_speed': '0.0', 'r2_job': '0', 'replace_status': '0', 'part_status': '0', 'r1_protective_gas': '0', 'r1_welding_wire': '0', 'r2_protective_gas': '0', 'r2_welding_wire': '0', 'login_id': '\n\x00\x00\x00\x00\x00\x00\x00\x00\x00', 'login_password': '\n\x00\x00\x00\x00\x00\x00\x00\x00\x00'}
2021-03-02  15:39:40 Tue root INFO ('\n\x00\x00\x00\x00\x00\x00\x00\x00\x00', '6162', '0', 0, '0', '0', '179.86111450195312', '13.45486068725586', '0.0', '0', '0', '0', '179.35475158691406', '13.40060806274414', '0.0', '0', '0', '0', '0', '0', '0', '\n\x00\x00\x00\x00\x00\x00\x00\x00\x00', '\n\x00\x00\x00\x00\x00\x00\x00\x00\x00', '0', '0', '2021-03-02 15:39:40')
2021-03-02  15:39:40 Tue root INFO 成功添加数据
2021-03-02  15:39:40 Tue root INFO mes_plc_r6
2021-03-02  15:39:41 Tue root INFO 读取插入数据库数据：{'product_type': '\n\x00\x00\x00\x00\x00\x00\x00\x00\x00', 'r1_equipment_status': '0', 'fail_code': '0', 'recerve': '10', 'prod_num': 19, 'r1_rob_no': '0', 'r1_weld_line_no': '0', 'r1_electric': '0.0', 'r1_voltage': '0.0', 'r1_speed': '0.0', 'r1_job': '0', 'r2_rob_no': '0', 'r2_weld_line_no': '0', 'r2_electric': '0.0', 'r2_voltage': '0.0', 'r2_speed': '0.0', 'r2_job': '0', 'replace_status': '0', 'part_status': '0', 'r1_protective_gas': '0', 'r1_welding_wire': '0', 'r2_protective_gas': '0', 'r2_welding_wire': '0', 'login_id': '\n\x00\x00\x00\x00\x00\x00\x00\x00\x00', 'login_password': '\n\x00\x00\x00\x00\x00\x00\x00\x00\x00'}
2021-03-02  15:39:41 Tue root INFO ('\n\x00\x00\x00\x00\x00\x00\x00\x00\x00', '0', '0', 19, '0', '0', '0.0', '0.0', '0.0', '0', '0', '0', '0.0', '0.0', '0.0', '0', '0', '0', '0', '0', '0', '\n\x00\x00\x00\x00\x00\x00\x00\x00\x00', '\n\x00\x00\x00\x00\x00\x00\x00\x00\x00', '0', '10', '2021-03-02 15:39:41')
2021-03-02  15:39:41 Tue root INFO 成功添加数据
2021-03-02  15:40:41 Tue root INFO plc连接状态:[1, 1, 1, 1, 1, 1]
2021-03-02  15:40:41 Tue root INFO mes_plc
2021-03-02  15:40:41 Tue root INFO 读取插入数据库数据：{'product_type': '\n\x07250 YDG\x00', 'r1_equipment_status': '7315', 'fail_code': '48', 'recerve': '0', 'prod_num': 44, 'r1_rob_no': '4', 'r1_weld_line_no': '0', 'r1_electric': '182.19039916992188', 'r1_voltage': '13.284866333007812', 'r1_speed': '0.0', 'r1_job': '0', 'r2_rob_no': '104', 'r2_weld_line_no': '0', 'r2_electric': '0.0', 'r2_voltage': '0.0', 'r2_speed': '0.0', 'r2_job': '0', 'replace_status': '0', 'part_status': '0', 'r1_protective_gas': '0', 'r1_welding_wire': '0', 'r2_protective_gas': '0', 'r2_welding_wire': '0', 'login_id': '\n\x00\x00\x00\x00\x00\x00\x00\x00\x00', 'login_password': '\n\x00\x00\x00\x00\x00\x00\x00\x00\x00'}
2021-03-02  15:40:41 Tue root INFO ('\n\x07250 YDG\x00', '7315', '48', 44, '4', '0', '182.19039916992188', '13.284866333007812', '0.0', '0', '104', '0', '0.0', '0.0', '0.0', '0', '0', '0', '0', '0', '0', '\n\x00\x00\x00\x00\x00\x00\x00\x00\x00', '\n\x00\x00\x00\x00\x00\x00\x00\x00\x00', '0', '0', '2021-03-02 15:40:41')
2021-03-02  15:40:41 Tue root INFO 成功添加数据
2021-03-02  15:40:41 Tue root INFO mes_plc_r2
2021-03-02  15:40:42 Tue root INFO 读取插入数据库数据：{'product_type': '\n\x07250 TJ1\x00', 'r1_equipment_status': '5267', 'fail_code': '48', 'recerve': '0', 'prod_num': 242, 'r1_rob_no': '4', 'r1_weld_line_no': '0', 'r1_electric': '181.6116943359375', 'r1_voltage': '13.129340171813965', 'r1_speed': '0.0', 'r1_job': '0', 'r2_rob_no': '104', 'r2_weld_line_no': '0', 'r2_electric': '0.0', 'r2_voltage': '0.0', 'r2_speed': '0.0', 'r2_job': '0', 'replace_status': '0', 'part_status': '0', 'r1_protective_gas': '610', 'r1_welding_wire': '0', 'r2_protective_gas': '0', 'r2_welding_wire': '0', 'login_id': '\n\x00\x00\x00\x00\x00\x00\x00\x00\x00', 'login_password': '\n\x00\x00\x00\x00\x00\x00\x00\x00\x00'}
2021-03-02  15:40:42 Tue root INFO ('\n\x07250 TJ1\x00', '5267', '48', 242, '4', '0', '181.6116943359375', '13.129340171813965', '0.0', '0', '104', '0', '0.0', '0.0', '0.0', '0', '0', '610', '0', '0', '0', '\n\x00\x00\x00\x00\x00\x00\x00\x00\x00', '\n\x00\x00\x00\x00\x00\x00\x00\x00\x00', '0', '0', '2021-03-02 15:40:42')
2021-03-02  15:40:42 Tue root INFO 成功添加数据
2021-03-02  15:40:42 Tue root INFO mes_plc_r3
2021-03-02  15:40:42 Tue root INFO 读取插入数据库数据：{'product_type': '\n\x07250 TJ3\x00', 'r1_equipment_status': '7315', 'fail_code': '48', 'recerve': '0', 'prod_num': 247, 'r1_rob_no': '4', 'r1_weld_line_no': '0', 'r1_electric': '184.24478149414062', 'r1_voltage': '13.816550254821777', 'r1_speed': '0.0', 'r1_job': '0', 'r2_rob_no': '104', 'r2_weld_line_no': '0', 'r2_electric': '0.0', 'r2_voltage': '0.0', 'r2_speed': '0.0', 'r2_job': '0', 'replace_status': '0', 'part_status': '0', 'r1_protective_gas': '572', 'r1_welding_wire': '0', 'r2_protective_gas': '0', 'r2_welding_wire': '0', 'login_id': '\n\x00\x00\x00\x00\x00\x00\x00\x00\x00', 'login_password': '\n\x00\x00\x00\x00\x00\x00\x00\x00\x00'}
2021-03-02  15:40:42 Tue root INFO ('\n\x07250 TJ3\x00', '7315', '48', 247, '4', '0', '184.24478149414062', '13.816550254821777', '0.0', '0', '104', '0', '0.0', '0.0', '0.0', '0', '0', '572', '0', '0', '0', '\n\x00\x00\x00\x00\x00\x00\x00\x00\x00', '\n\x00\x00\x00\x00\x00\x00\x00\x00\x00', '0', '0', '2021-03-02 15:40:42')
2021-03-02  15:40:42 Tue root INFO 成功添加数据
2021-03-02  15:40:42 Tue root INFO mes_plc_r4
2021-03-02  15:40:42 Tue root INFO 读取插入数据库数据：{'product_type': '\n\x07250 PCB\x00', 'r1_equipment_status': '7315', 'fail_code': '0', 'recerve': '0', 'prod_num': 25, 'r1_rob_no': '4', 'r1_weld_line_no': '0', 'r1_electric': '182.9137725830078', 'r1_voltage': '13.158275604248047', 'r1_speed': '0.0', 'r1_job': '0', 'r2_rob_no': '104', 'r2_weld_line_no': '0', 'r2_electric': '0.0', 'r2_voltage': '0.0', 'r2_speed': '0.0', 'r2_job': '0', 'replace_status': '0', 'part_status': '0', 'r1_protective_gas': '1937', 'r1_welding_wire': '0', 'r2_protective_gas': '0', 'r2_welding_wire': '0', 'login_id': '\n\x00\x00\x00\x00\x00\x00\x00\x00\x00', 'login_password': '\n\x00\x00\x00\x00\x00\x00\x00\x00\x00'}
2021-03-02  15:40:42 Tue root INFO ('\n\x07250 PCB\x00', '7315', '0', 25, '4', '0', '182.9137725830078', '13.158275604248047', '0.0', '0', '104', '0', '0.0', '0.0', '0.0', '0', '0', '1937', '0', '0', '0', '\n\x00\x00\x00\x00\x00\x00\x00\x00\x00', '\n\x00\x00\x00\x00\x00\x00\x00\x00\x00', '0', '0', '2021-03-02 15:40:42')
2021-03-02  15:40:42 Tue root INFO 成功添加数据
2021-03-02  15:40:42 Tue root INFO mes_plc_r5
2021-03-02  15:40:43 Tue root INFO 读取插入数据库数据：{'product_type': '\n\x00\x00\x00\x00\x00\x00\x00\x00\x00', 'r1_equipment_status': '6162', 'fail_code': '0', 'recerve': '0', 'prod_num': 0, 'r1_rob_no': '0', 'r1_weld_line_no': '0', 'r1_electric': '179.87557983398438', 'r1_voltage': '13.447627067565918', 'r1_speed': '0.0', 'r1_job': '0', 'r2_rob_no': '0', 'r2_weld_line_no': '0', 'r2_electric': '179.296875', 'r2_voltage': '13.418692588806152', 'r2_speed': '0.0', 'r2_job': '0', 'replace_status': '0', 'part_status': '0', 'r1_protective_gas': '0', 'r1_welding_wire': '0', 'r2_protective_gas': '0', 'r2_welding_wire': '0', 'login_id': '\n\x00\x00\x00\x00\x00\x00\x00\x00\x00', 'login_password': '\n\x00\x00\x00\x00\x00\x00\x00\x00\x00'}
2021-03-02  15:40:43 Tue root INFO ('\n\x00\x00\x00\x00\x00\x00\x00\x00\x00', '6162', '0', 0, '0', '0', '179.87557983398438', '13.447627067565918', '0.0', '0', '0', '0', '179.296875', '13.418692588806152', '0.0', '0', '0', '0', '0', '0', '0', '\n\x00\x00\x00\x00\x00\x00\x00\x00\x00', '\n\x00\x00\x00\x00\x00\x00\x00\x00\x00', '0', '0', '2021-03-02 15:40:43')
2021-03-02  15:40:43 Tue root INFO 成功添加数据
2021-03-02  15:40:43 Tue root INFO mes_plc_r6
2021-03-02  15:40:43 Tue root INFO 读取插入数据库数据：{'product_type': '\n\x00\x00\x00\x00\x00\x00\x00\x00\x00', 'r1_equipment_status': '0', 'fail_code': '0', 'recerve': '10', 'prod_num': 19, 'r1_rob_no': '0', 'r1_weld_line_no': '0', 'r1_electric': '0.0', 'r1_voltage': '0.0', 'r1_speed': '0.0', 'r1_job': '0', 'r2_rob_no': '0', 'r2_weld_line_no': '0', 'r2_electric': '0.0', 'r2_voltage': '0.0', 'r2_speed': '0.0', 'r2_job': '0', 'replace_status': '0', 'part_status': '0', 'r1_protective_gas': '0', 'r1_welding_wire': '0', 'r2_protective_gas': '0', 'r2_welding_wire': '0', 'login_id': '\n\x00\x00\x00\x00\x00\x00\x00\x00\x00', 'login_password': '\n\x00\x00\x00\x00\x00\x00\x00\x00\x00'}
2021-03-02  15:40:43 Tue root INFO ('\n\x00\x00\x00\x00\x00\x00\x00\x00\x00', '0', '0', 19, '0', '0', '0.0', '0.0', '0.0', '0', '0', '0', '0.0', '0.0', '0.0', '0', '0', '0', '0', '0', '0', '\n\x00\x00\x00\x00\x00\x00\x00\x00\x00', '\n\x00\x00\x00\x00\x00\x00\x00\x00\x00', '0', '10', '2021-03-02 15:40:43')
2021-03-02  15:40:43 Tue root INFO 成功添加数据
2021-03-02  15:41:43 Tue root INFO plc连接状态:[1, 1, 1, 1, 1, 1]
2021-03-02  15:41:43 Tue root INFO mes_plc
2021-03-02  15:41:44 Tue root INFO 读取插入数据库数据：{'product_type': '\n\x07250 YDG\x00', 'r1_equipment_status': '7315', 'fail_code': '0', 'recerve': '0', 'prod_num': 44, 'r1_rob_no': '4', 'r1_weld_line_no': '0', 'r1_electric': '182.17591857910156', 'r1_voltage': '13.295717239379883', 'r1_speed': '0.0', 'r1_job': '0', 'r2_rob_no': '104', 'r2_weld_line_no': '0', 'r2_electric': '0.0', 'r2_voltage': '0.0', 'r2_speed': '0.0', 'r2_job': '0', 'replace_status': '0', 'part_status': '0', 'r1_protective_gas': '0', 'r1_welding_wire': '0', 'r2_protective_gas': '0', 'r2_welding_wire': '0', 'login_id': '\n\x00\x00\x00\x00\x00\x00\x00\x00\x00', 'login_password': '\n\x00\x00\x00\x00\x00\x00\x00\x00\x00'}
2021-03-02  15:41:44 Tue root INFO ('\n\x07250 YDG\x00', '7315', '0', 44, '4', '0', '182.17591857910156', '13.295717239379883', '0.0', '0', '104', '0', '0.0', '0.0', '0.0', '0', '0', '0', '0', '0', '0', '\n\x00\x00\x00\x00\x00\x00\x00\x00\x00', '\n\x00\x00\x00\x00\x00\x00\x00\x00\x00', '0', '0', '2021-03-02 15:41:44')
2021-03-02  15:41:44 Tue root INFO 成功添加数据
2021-03-02  15:41:44 Tue root INFO mes_plc_r2
2021-03-02  15:41:44 Tue root INFO 读取插入数据库数据：{'product_type': '\n\x07250 TJ1\x00', 'r1_equipment_status': '5267', 'fail_code': '48', 'recerve': '0', 'prod_num': 242, 'r1_rob_no': '4', 'r1_weld_line_no': '0', 'r1_electric': '181.640625', 'r1_voltage': '13.129340171813965', 'r1_speed': '0.0', 'r1_job': '0', 'r2_rob_no': '104', 'r2_weld_line_no': '0', 'r2_electric': '0.0', 'r2_voltage': '0.0', 'r2_speed': '0.0', 'r2_job': '0', 'replace_status': '0', 'part_status': '0', 'r1_protective_gas': '610', 'r1_welding_wire': '0', 'r2_protective_gas': '0', 'r2_welding_wire': '0', 'login_id': '\n\x00\x00\x00\x00\x00\x00\x00\x00\x00', 'login_password': '\n\x00\x00\x00\x00\x00\x00\x00\x00\x00'}
2021-03-02  15:41:44 Tue root INFO ('\n\x07250 TJ1\x00', '5267', '48', 242, '4', '0', '181.640625', '13.129340171813965', '0.0', '0', '104', '0', '0.0', '0.0', '0.0', '0', '0', '610', '0', '0', '0', '\n\x00\x00\x00\x00\x00\x00\x00\x00\x00', '\n\x00\x00\x00\x00\x00\x00\x00\x00\x00', '0', '0', '2021-03-02 15:41:44')
2021-03-02  15:41:44 Tue root INFO 成功添加数据
2021-03-02  15:41:44 Tue root INFO mes_plc_r3
2021-03-02  15:41:45 Tue root INFO 读取插入数据库数据：{'product_type': '\n\x07250 TJ3\x00', 'r1_equipment_status': '7315', 'fail_code': '48', 'recerve': '0', 'prod_num': 247, 'r1_rob_no': '4', 'r1_weld_line_no': '0', 'r1_electric': '184.28819274902344', 'r1_voltage': '13.820168495178223', 'r1_speed': '0.0', 'r1_job': '0', 'r2_rob_no': '104', 'r2_weld_line_no': '0', 'r2_electric': '0.0', 'r2_voltage': '0.0', 'r2_speed': '0.0', 'r2_job': '0', 'replace_status': '0', 'part_status': '0', 'r1_protective_gas': '572', 'r1_welding_wire': '0', 'r2_protective_gas': '0', 'r2_welding_wire': '0', 'login_id': '\n\x00\x00\x00\x00\x00\x00\x00\x00\x00', 'login_password': '\n\x00\x00\x00\x00\x00\x00\x00\x00\x00'}
2021-03-02  15:41:45 Tue root INFO ('\n\x07250 TJ3\x00', '7315', '48', 247, '4', '0', '184.28819274902344', '13.820168495178223', '0.0', '0', '104', '0', '0.0', '0.0', '0.0', '0', '0', '572', '0', '0', '0', '\n\x00\x00\x00\x00\x00\x00\x00\x00\x00', '\n\x00\x00\x00\x00\x00\x00\x00\x00\x00', '0', '0', '2021-03-02 15:41:45')
2021-03-02  15:41:45 Tue root INFO 成功添加数据
2021-03-02  15:41:45 Tue root INFO mes_plc_r4
2021-03-02  15:41:45 Tue root INFO 读取插入数据库数据：{'product_type': '\n\x07250 PCB\x00', 'r1_equipment_status': '7315', 'fail_code': '0', 'recerve': '0', 'prod_num': 25, 'r1_rob_no': '4', 'r1_weld_line_no': '0', 'r1_electric': '182.98611450195312', 'r1_voltage': '13.151041984558105', 'r1_speed': '0.0', 'r1_job': '0', 'r2_rob_no': '104', 'r2_weld_line_no': '0', 'r2_electric': '0.0', 'r2_voltage': '0.0', 'r2_speed': '0.0', 'r2_job': '0', 'replace_status': '0', 'part_status': '0', 'r1_protective_gas': '1937', 'r1_welding_wire': '0', 'r2_protective_gas': '0', 'r2_welding_wire': '0', 'login_id': '\n\x00\x00\x00\x00\x00\x00\x00\x00\x00', 'login_password': '\n\x00\x00\x00\x00\x00\x00\x00\x00\x00'}
2021-03-02  15:41:45 Tue root INFO ('\n\x07250 PCB\x00', '7315', '0', 25, '4', '0', '182.98611450195312', '13.151041984558105', '0.0', '0', '104', '0', '0.0', '0.0', '0.0', '0', '0', '1937', '0', '0', '0', '\n\x00\x00\x00\x00\x00\x00\x00\x00\x00', '\n\x00\x00\x00\x00\x00\x00\x00\x00\x00', '0', '0', '2021-03-02 15:41:45')
2021-03-02  15:41:45 Tue root INFO 成功添加数据
2021-03-02  15:41:45 Tue root INFO mes_plc_r5
2021-03-02  15:41:45 Tue root INFO 读取插入数据库数据：{'product_type': '\n\x00\x00\x00\x00\x00\x00\x00\x00\x00', 'r1_equipment_status': '6162', 'fail_code': '0', 'recerve': '0', 'prod_num': 0, 'r1_rob_no': '0', 'r1_weld_line_no': '0', 'r1_electric': '179.83216857910156', 'r1_voltage': '13.45486068725586', 'r1_speed': '0.0', 'r1_job': '0', 'r2_rob_no': '0', 'r2_weld_line_no': '0', 'r2_electric': '179.3258056640625', 'r2_voltage': '13.418692588806152', 'r2_speed': '0.0', 'r2_job': '0', 'replace_status': '0', 'part_status': '0', 'r1_protective_gas': '0', 'r1_welding_wire': '0', 'r2_protective_gas': '0', 'r2_welding_wire': '0', 'login_id': '\n\x00\x00\x00\x00\x00\x00\x00\x00\x00', 'login_password': '\n\x00\x00\x00\x00\x00\x00\x00\x00\x00'}
2021-03-02  15:41:45 Tue root INFO ('\n\x00\x00\x00\x00\x00\x00\x00\x00\x00', '6162', '0', 0, '0', '0', '179.83216857910156', '13.45486068725586', '0.0', '0', '0', '0', '179.3258056640625', '13.418692588806152', '0.0', '0', '0', '0', '0', '0', '0', '\n\x00\x00\x00\x00\x00\x00\x00\x00\x00', '\n\x00\x00\x00\x00\x00\x00\x00\x00\x00', '0', '0', '2021-03-02 15:41:45')
2021-03-02  15:41:45 Tue root INFO 成功添加数据
2021-03-02  15:41:45 Tue root INFO mes_plc_r6
2021-03-02  15:41:46 Tue root INFO 读取插入数据库数据：{'product_type': '\n\x00\x00\x00\x00\x00\x00\x00\x00\x00', 'r1_equipment_status': '0', 'fail_code': '0', 'recerve': '10', 'prod_num': 19, 'r1_rob_no': '0', 'r1_weld_line_no': '0', 'r1_electric': '0.0', 'r1_voltage': '0.0', 'r1_speed': '0.0', 'r1_job': '0', 'r2_rob_no': '0', 'r2_weld_line_no': '0', 'r2_electric': '0.0', 'r2_voltage': '0.0', 'r2_speed': '0.0', 'r2_job': '0', 'replace_status': '0', 'part_status': '0', 'r1_protective_gas': '0', 'r1_welding_wire': '0', 'r2_protective_gas': '0', 'r2_welding_wire': '0', 'login_id': '\n\x00\x00\x00\x00\x00\x00\x00\x00\x00', 'login_password': '\n\x00\x00\x00\x00\x00\x00\x00\x00\x00'}
2021-03-02  15:41:46 Tue root INFO ('\n\x00\x00\x00\x00\x00\x00\x00\x00\x00', '0', '0', 19, '0', '0', '0.0', '0.0', '0.0', '0', '0', '0', '0.0', '0.0', '0.0', '0', '0', '0', '0', '0', '0', '\n\x00\x00\x00\x00\x00\x00\x00\x00\x00', '\n\x00\x00\x00\x00\x00\x00\x00\x00\x00', '0', '10', '2021-03-02 15:41:46')
2021-03-02  15:41:46 Tue root INFO 成功添加数据
2021-03-02  15:42:46 Tue root INFO plc连接状态:[1, 1, 1, 1, 1, 1]
2021-03-02  15:42:46 Tue root INFO mes_plc
2021-03-02  15:42:47 Tue root INFO 读取插入数据库数据：{'product_type': '\n\x07250 YDG\x00', 'r1_equipment_status': '7315', 'fail_code': '0', 'recerve': '0', 'prod_num': 44, 'r1_rob_no': '4', 'r1_weld_line_no': '0', 'r1_electric': '182.16146850585938', 'r1_voltage': '13.295717239379883', 'r1_speed': '0.0', 'r1_job': '0', 'r2_rob_no': '104', 'r2_weld_line_no': '0', 'r2_electric': '0.0', 'r2_voltage': '0.0', 'r2_speed': '0.0', 'r2_job': '0', 'replace_status': '0', 'part_status': '0', 'r1_protective_gas': '0', 'r1_welding_wire': '0', 'r2_protective_gas': '0', 'r2_welding_wire': '0', 'login_id': '\n\x00\x00\x00\x00\x00\x00\x00\x00\x00', 'login_password': '\n\x00\x00\x00\x00\x00\x00\x00\x00\x00'}
2021-03-02  15:42:47 Tue root INFO ('\n\x07250 YDG\x00', '7315', '0', 44, '4', '0', '182.16146850585938', '13.295717239379883', '0.0', '0', '104', '0', '0.0', '0.0', '0.0', '0', '0', '0', '0', '0', '0', '\n\x00\x00\x00\x00\x00\x00\x00\x00\x00', '\n\x00\x00\x00\x00\x00\x00\x00\x00\x00', '0', '0', '2021-03-02 15:42:47')
2021-03-02  15:42:47 Tue root INFO 成功添加数据
2021-03-02  15:42:47 Tue root INFO mes_plc_r2
2021-03-02  15:42:47 Tue root INFO 读取插入数据库数据：{'product_type': '\n\x07250 TJ1\x00', 'r1_equipment_status': '5267', 'fail_code': '48', 'recerve': '0', 'prod_num': 242, 'r1_rob_no': '4', 'r1_weld_line_no': '0', 'r1_electric': '181.640625', 'r1_voltage': '13.118489265441895', 'r1_speed': '0.0', 'r1_job': '0', 'r2_rob_no': '104', 'r2_weld_line_no': '0', 'r2_electric': '0.0', 'r2_voltage': '0.0', 'r2_speed': '0.0', 'r2_job': '0', 'replace_status': '0', 'part_status': '0', 'r1_protective_gas': '610', 'r1_welding_wire': '0', 'r2_protective_gas': '0', 'r2_welding_wire': '0', 'login_id': '\n\x00\x00\x00\x00\x00\x00\x00\x00\x00', 'login_password': '\n\x00\x00\x00\x00\x00\x00\x00\x00\x00'}
2021-03-02  15:42:47 Tue root INFO ('\n\x07250 TJ1\x00', '5267', '48', 242, '4', '0', '181.640625', '13.118489265441895', '0.0', '0', '104', '0', '0.0', '0.0', '0.0', '0', '0', '610', '0', '0', '0', '\n\x00\x00\x00\x00\x00\x00\x00\x00\x00', '\n\x00\x00\x00\x00\x00\x00\x00\x00\x00', '0', '0', '2021-03-02 15:42:47')
2021-03-02  15:42:47 Tue root INFO 成功添加数据
2021-03-02  15:42:47 Tue root INFO mes_plc_r3
2021-03-02  15:42:47 Tue root INFO 读取插入数据库数据：{'product_type': '\n\x07250 TJ3\x00', 'r1_equipment_status': '7315', 'fail_code': '48', 'recerve': '0', 'prod_num': 247, 'r1_rob_no': '4', 'r1_weld_line_no': '0', 'r1_electric': '184.28819274902344', 'r1_voltage': '13.820168495178223', 'r1_speed': '0.0', 'r1_job': '0', 'r2_rob_no': '104', 'r2_weld_line_no': '0', 'r2_electric': '0.0', 'r2_voltage': '0.0', 'r2_speed': '0.0', 'r2_job': '0', 'replace_status': '0', 'part_status': '0', 'r1_protective_gas': '572', 'r1_welding_wire': '0', 'r2_protective_gas': '0', 'r2_welding_wire': '0', 'login_id': '\n\x00\x00\x00\x00\x00\x00\x00\x00\x00', 'login_password': '\n\x00\x00\x00\x00\x00\x00\x00\x00\x00'}
2021-03-02  15:42:47 Tue root INFO ('\n\x07250 TJ3\x00', '7315', '48', 247, '4', '0', '184.28819274902344', '13.820168495178223', '0.0', '0', '104', '0', '0.0', '0.0', '0.0', '0', '0', '572', '0', '0', '0', '\n\x00\x00\x00\x00\x00\x00\x00\x00\x00', '\n\x00\x00\x00\x00\x00\x00\x00\x00\x00', '0', '0', '2021-03-02 15:42:47')
2021-03-02  15:42:47 Tue root INFO 成功添加数据
2021-03-02  15:42:47 Tue root INFO mes_plc_r4
2021-03-02  15:42:48 Tue root INFO 读取插入数据库数据：{'product_type': '\n\x07250 PCB\x00', 'r1_equipment_status': '7315', 'fail_code': '0', 'recerve': '0', 'prod_num': 25, 'r1_rob_no': '4', 'r1_weld_line_no': '0', 'r1_electric': '182.97164916992188', 'r1_voltage': '13.136574745178223', 'r1_speed': '0.0', 'r1_job': '0', 'r2_rob_no': '104', 'r2_weld_line_no': '0', 'r2_electric': '0.0', 'r2_voltage': '0.0', 'r2_speed': '0.0', 'r2_job': '0', 'replace_status': '0', 'part_status': '0', 'r1_protective_gas': '1937', 'r1_welding_wire': '0', 'r2_protective_gas': '0', 'r2_welding_wire': '0', 'login_id': '\n\x00\x00\x00\x00\x00\x00\x00\x00\x00', 'login_password': '\n\x00\x00\x00\x00\x00\x00\x00\x00\x00'}
2021-03-02  15:42:48 Tue root INFO ('\n\x07250 PCB\x00', '7315', '0', 25, '4', '0', '182.97164916992188', '13.136574745178223', '0.0', '0', '104', '0', '0.0', '0.0', '0.0', '0', '0', '1937', '0', '0', '0', '\n\x00\x00\x00\x00\x00\x00\x00\x00\x00', '\n\x00\x00\x00\x00\x00\x00\x00\x00\x00', '0', '0', '2021-03-02 15:42:48')
2021-03-02  15:42:48 Tue root INFO 成功添加数据
2021-03-02  15:42:48 Tue root INFO mes_plc_r5
2021-03-02  15:42:48 Tue root INFO 读取插入数据库数据：{'product_type': '\n\x00\x00\x00\x00\x00\x00\x00\x00\x00', 'r1_equipment_status': '6162', 'fail_code': '0', 'recerve': '0', 'prod_num': 0, 'r1_rob_no': '0', 'r1_weld_line_no': '0', 'r1_electric': '179.84664916992188', 'r1_voltage': '13.444010734558105', 'r1_speed': '0.0', 'r1_job': '0', 'r2_rob_no': '0', 'r2_weld_line_no': '0', 'r2_electric': '179.28240966796875', 'r2_voltage': '13.411458015441895', 'r2_speed': '0.0', 'r2_job': '0', 'replace_status': '0', 'part_status': '0', 'r1_protective_gas': '0', 'r1_welding_wire': '0', 'r2_protective_gas': '0', 'r2_welding_wire': '0', 'login_id': '\n\x00\x00\x00\x00\x00\x00\x00\x00\x00', 'login_password': '\n\x00\x00\x00\x00\x00\x00\x00\x00\x00'}
2021-03-02  15:42:48 Tue root INFO ('\n\x00\x00\x00\x00\x00\x00\x00\x00\x00', '6162', '0', 0, '0', '0', '179.84664916992188', '13.444010734558105', '0.0', '0', '0', '0', '179.28240966796875', '13.411458015441895', '0.0', '0', '0', '0', '0', '0', '0', '\n\x00\x00\x00\x00\x00\x00\x00\x00\x00', '\n\x00\x00\x00\x00\x00\x00\x00\x00\x00', '0', '0', '2021-03-02 15:42:48')
2021-03-02  15:42:48 Tue root INFO 成功添加数据
2021-03-02  15:42:48 Tue root INFO mes_plc_r6
2021-03-02  15:42:49 Tue root INFO 读取插入数据库数据：{'product_type': '\n\x00\x00\x00\x00\x00\x00\x00\x00\x00', 'r1_equipment_status': '0', 'fail_code': '0', 'recerve': '10', 'prod_num': 19, 'r1_rob_no': '0', 'r1_weld_line_no': '0', 'r1_electric': '0.0', 'r1_voltage': '0.0', 'r1_speed': '0.0', 'r1_job': '0', 'r2_rob_no': '0', 'r2_weld_line_no': '0', 'r2_electric': '0.0', 'r2_voltage': '0.0', 'r2_speed': '0.0', 'r2_job': '0', 'replace_status': '0', 'part_status': '0', 'r1_protective_gas': '0', 'r1_welding_wire': '0', 'r2_protective_gas': '0', 'r2_welding_wire': '0', 'login_id': '\n\x00\x00\x00\x00\x00\x00\x00\x00\x00', 'login_password': '\n\x00\x00\x00\x00\x00\x00\x00\x00\x00'}
2021-03-02  15:42:49 Tue root INFO ('\n\x00\x00\x00\x00\x00\x00\x00\x00\x00', '0', '0', 19, '0', '0', '0.0', '0.0', '0.0', '0', '0', '0', '0.0', '0.0', '0.0', '0', '0', '0', '0', '0', '0', '\n\x00\x00\x00\x00\x00\x00\x00\x00\x00', '\n\x00\x00\x00\x00\x00\x00\x00\x00\x00', '0', '10', '2021-03-02 15:42:49')
2021-03-02  15:42:49 Tue root INFO 成功添加数据
2021-03-02  15:43:49 Tue root INFO plc连接状态:[1, 1, 1, 1, 1, 1]
2021-03-02  15:43:49 Tue root INFO mes_plc
2021-03-02  15:43:49 Tue root INFO 读取插入数据库数据：{'product_type': '\n\x07250 YDG\x00', 'r1_equipment_status': '7315', 'fail_code': '0', 'recerve': '0', 'prod_num': 44, 'r1_rob_no': '4', 'r1_weld_line_no': '0', 'r1_electric': '182.17591857910156', 'r1_voltage': '13.295717239379883', 'r1_speed': '0.0', 'r1_job': '0', 'r2_rob_no': '104', 'r2_weld_line_no': '0', 'r2_electric': '0.0', 'r2_voltage': '0.0', 'r2_speed': '0.0', 'r2_job': '0', 'replace_status': '0', 'part_status': '0', 'r1_protective_gas': '0', 'r1_welding_wire': '0', 'r2_protective_gas': '0', 'r2_welding_wire': '0', 'login_id': '\n\x00\x00\x00\x00\x00\x00\x00\x00\x00', 'login_password': '\n\x00\x00\x00\x00\x00\x00\x00\x00\x00'}
2021-03-02  15:43:49 Tue root INFO ('\n\x07250 YDG\x00', '7315', '0', 44, '4', '0', '182.17591857910156', '13.295717239379883', '0.0', '0', '104', '0', '0.0', '0.0', '0.0', '0', '0', '0', '0', '0', '0', '\n\x00\x00\x00\x00\x00\x00\x00\x00\x00', '\n\x00\x00\x00\x00\x00\x00\x00\x00\x00', '0', '0', '2021-03-02 15:43:49')
2021-03-02  15:43:49 Tue root INFO 成功添加数据
2021-03-02  15:43:49 Tue root INFO mes_plc_r2
2021-03-02  15:43:50 Tue root INFO 读取插入数据库数据：{'product_type': '\n\x07250 TJ1\x00', 'r1_equipment_status': '5267', 'fail_code': '48', 'recerve': '0', 'prod_num': 242, 'r1_rob_no': '4', 'r1_weld_line_no': '0', 'r1_electric': '181.640625', 'r1_voltage': '13.12210750579834', 'r1_speed': '0.0', 'r1_job': '0', 'r2_rob_no': '104', 'r2_weld_line_no': '0', 'r2_electric': '0.0', 'r2_voltage': '0.0', 'r2_speed': '0.0', 'r2_job': '0', 'replace_status': '0', 'part_status': '0', 'r1_protective_gas': '610', 'r1_welding_wire': '0', 'r2_protective_gas': '0', 'r2_welding_wire': '0', 'login_id': '\n\x00\x00\x00\x00\x00\x00\x00\x00\x00', 'login_password': '\n\x00\x00\x00\x00\x00\x00\x00\x00\x00'}
2021-03-02  15:43:50 Tue root INFO ('\n\x07250 TJ1\x00', '5267', '48', 242, '4', '0', '181.640625', '13.12210750579834', '0.0', '0', '104', '0', '0.0', '0.0', '0.0', '0', '0', '610', '0', '0', '0', '\n\x00\x00\x00\x00\x00\x00\x00\x00\x00', '\n\x00\x00\x00\x00\x00\x00\x00\x00\x00', '0', '0', '2021-03-02 15:43:50')
2021-03-02  15:43:50 Tue root INFO 成功添加数据
2021-03-02  15:43:50 Tue root INFO mes_plc_r3
2021-03-02  15:43:50 Tue root INFO 读取插入数据库数据：{'product_type': '\n\x07250 TJ3\x00', 'r1_equipment_status': '7315', 'fail_code': '48', 'recerve': '0', 'prod_num': 247, 'r1_rob_no': '4', 'r1_weld_line_no': '0', 'r1_electric': '184.28819274902344', 'r1_voltage': '13.827401161193848', 'r1_speed': '0.0', 'r1_job': '0', 'r2_rob_no': '104', 'r2_weld_line_no': '0', 'r2_electric': '0.0', 'r2_voltage': '0.0', 'r2_speed': '0.0', 'r2_job': '0', 'replace_status': '0', 'part_status': '0', 'r1_protective_gas': '572', 'r1_welding_wire': '0', 'r2_protective_gas': '0', 'r2_welding_wire': '0', 'login_id': '\n\x00\x00\x00\x00\x00\x00\x00\x00\x00', 'login_password': '\n\x00\x00\x00\x00\x00\x00\x00\x00\x00'}
2021-03-02  15:43:50 Tue root INFO ('\n\x07250 TJ3\x00', '7315', '48', 247, '4', '0', '184.28819274902344', '13.827401161193848', '0.0', '0', '104', '0', '0.0', '0.0', '0.0', '0', '0', '572', '0', '0', '0', '\n\x00\x00\x00\x00\x00\x00\x00\x00\x00', '\n\x00\x00\x00\x00\x00\x00\x00\x00\x00', '0', '0', '2021-03-02 15:43:50')
2021-03-02  15:43:50 Tue root INFO 成功添加数据
2021-03-02  15:43:50 Tue root INFO mes_plc_r4
2021-03-02  15:43:50 Tue root INFO 读取插入数据库数据：{'product_type': '\n\x07250 PCB\x00', 'r1_equipment_status': '6803', 'fail_code': '0', 'recerve': '0', 'prod_num': 26, 'r1_rob_no': '4', 'r1_weld_line_no': '0', 'r1_electric': '182.98611450195312', 'r1_voltage': '13.18359375', 'r1_speed': '0.0', 'r1_job': '0', 'r2_rob_no': '104', 'r2_weld_line_no': '0', 'r2_electric': '0.0', 'r2_voltage': '0.0', 'r2_speed': '0.0', 'r2_job': '0', 'replace_status': '0', 'part_status': '0', 'r1_protective_gas': '1959', 'r1_welding_wire': '0', 'r2_protective_gas': '0', 'r2_welding_wire': '0', 'login_id': '\n\x00\x00\x00\x00\x00\x00\x00\x00\x00', 'login_password': '\n\x00\x00\x00\x00\x00\x00\x00\x00\x00'}
2021-03-02  15:43:50 Tue root INFO ('\n\x07250 PCB\x00', '6803', '0', 26, '4', '0', '182.98611450195312', '13.18359375', '0.0', '0', '104', '0', '0.0', '0.0', '0.0', '0', '0', '1959', '0', '0', '0', '\n\x00\x00\x00\x00\x00\x00\x00\x00\x00', '\n\x00\x00\x00\x00\x00\x00\x00\x00\x00', '0', '0', '2021-03-02 15:43:50')
2021-03-02  15:43:50 Tue root INFO 成功添加数据
2021-03-02  15:43:50 Tue root INFO mes_plc_r5
2021-03-02  15:43:51 Tue root INFO 读取插入数据库数据：{'product_type': '\n\x00\x00\x00\x00\x00\x00\x00\x00\x00', 'r1_equipment_status': '6162', 'fail_code': '0', 'recerve': '0', 'prod_num': 0, 'r1_rob_no': '0', 'r1_weld_line_no': '0', 'r1_electric': '179.7887725830078', 'r1_voltage': '13.429543495178223', 'r1_speed': '0.0', 'r1_job': '0', 'r2_rob_no': '0', 'r2_weld_line_no': '0', 'r2_electric': '179.35475158691406', 'r2_voltage': '13.418692588806152', 'r2_speed': '0.0', 'r2_job': '0', 'replace_status': '0', 'part_status': '0', 'r1_protective_gas': '0', 'r1_welding_wire': '0', 'r2_protective_gas': '0', 'r2_welding_wire': '0', 'login_id': '\n\x00\x00\x00\x00\x00\x00\x00\x00\x00', 'login_password': '\n\x00\x00\x00\x00\x00\x00\x00\x00\x00'}
2021-03-02  15:43:51 Tue root INFO ('\n\x00\x00\x00\x00\x00\x00\x00\x00\x00', '6162', '0', 0, '0', '0', '179.7887725830078', '13.429543495178223', '0.0', '0', '0', '0', '179.35475158691406', '13.418692588806152', '0.0', '0', '0', '0', '0', '0', '0', '\n\x00\x00\x00\x00\x00\x00\x00\x00\x00', '\n\x00\x00\x00\x00\x00\x00\x00\x00\x00', '0', '0', '2021-03-02 15:43:51')
2021-03-02  15:43:51 Tue root INFO 成功添加数据
2021-03-02  15:43:51 Tue root INFO mes_plc_r6
2021-03-02  15:43:51 Tue root INFO 读取插入数据库数据：{'product_type': '\n\x00\x00\x00\x00\x00\x00\x00\x00\x00', 'r1_equipment_status': '0', 'fail_code': '0', 'recerve': '10', 'prod_num': 19, 'r1_rob_no': '0', 'r1_weld_line_no': '0', 'r1_electric': '0.0', 'r1_voltage': '0.0', 'r1_speed': '0.0', 'r1_job': '0', 'r2_rob_no': '0', 'r2_weld_line_no': '0', 'r2_electric': '0.0', 'r2_voltage': '0.0', 'r2_speed': '0.0', 'r2_job': '0', 'replace_status': '0', 'part_status': '0', 'r1_protective_gas': '0', 'r1_welding_wire': '0', 'r2_protective_gas': '0', 'r2_welding_wire': '0', 'login_id': '\n\x00\x00\x00\x00\x00\x00\x00\x00\x00', 'login_password': '\n\x00\x00\x00\x00\x00\x00\x00\x00\x00'}
2021-03-02  15:43:51 Tue root INFO ('\n\x00\x00\x00\x00\x00\x00\x00\x00\x00', '0', '0', 19, '0', '0', '0.0', '0.0', '0.0', '0', '0', '0', '0.0', '0.0', '0.0', '0', '0', '0', '0', '0', '0', '\n\x00\x00\x00\x00\x00\x00\x00\x00\x00', '\n\x00\x00\x00\x00\x00\x00\x00\x00\x00', '0', '10', '2021-03-02 15:43:51')
2021-03-02  15:43:51 Tue root INFO 成功添加数据
2021-03-02  15:44:51 Tue root INFO plc连接状态:[1, 1, 1, 1, 1, 1]
2021-03-02  15:44:51 Tue root INFO mes_plc
2021-03-02  15:44:52 Tue root INFO 读取插入数据库数据：{'product_type': '\n\x07250 YDG\x00', 'r1_equipment_status': '7315', 'fail_code': '0', 'recerve': '0', 'prod_num': 44, 'r1_rob_no': '4', 'r1_weld_line_no': '0', 'r1_electric': '182.21932983398438', 'r1_voltage': '13.29210090637207', 'r1_speed': '0.0', 'r1_job': '0', 'r2_rob_no': '104', 'r2_weld_line_no': '0', 'r2_electric': '0.0', 'r2_voltage': '0.0', 'r2_speed': '0.0', 'r2_job': '0', 'replace_status': '0', 'part_status': '0', 'r1_protective_gas': '0', 'r1_welding_wire': '0', 'r2_protective_gas': '0', 'r2_welding_wire': '0', 'login_id': '\n\x00\x00\x00\x00\x00\x00\x00\x00\x00', 'login_password': '\n\x00\x00\x00\x00\x00\x00\x00\x00\x00'}
2021-03-02  15:44:52 Tue root INFO ('\n\x07250 YDG\x00', '7315', '0', 44, '4', '0', '182.21932983398438', '13.29210090637207', '0.0', '0', '104', '0', '0.0', '0.0', '0.0', '0', '0', '0', '0', '0', '0', '\n\x00\x00\x00\x00\x00\x00\x00\x00\x00', '\n\x00\x00\x00\x00\x00\x00\x00\x00\x00', '0', '0', '2021-03-02 15:44:52')
2021-03-02  15:44:52 Tue root INFO 成功添加数据
2021-03-02  15:44:52 Tue root INFO mes_plc_r2
2021-03-02  15:44:53 Tue root INFO 读取插入数据库数据：{'product_type': '\n\x07250 TJ1\x00', 'r1_equipment_status': '5267', 'fail_code': '48', 'recerve': '0', 'prod_num': 242, 'r1_rob_no': '4', 'r1_weld_line_no': '0', 'r1_electric': '181.65509033203125', 'r1_voltage': '13.132956504821777', 'r1_speed': '0.0', 'r1_job': '0', 'r2_rob_no': '104', 'r2_weld_line_no': '0', 'r2_electric': '0.0', 'r2_voltage': '0.0', 'r2_speed': '0.0', 'r2_job': '0', 'replace_status': '0', 'part_status': '0', 'r1_protective_gas': '610', 'r1_welding_wire': '0', 'r2_protective_gas': '0', 'r2_welding_wire': '0', 'login_id': '\n\x00\x00\x00\x00\x00\x00\x00\x00\x00', 'login_password': '\n\x00\x00\x00\x00\x00\x00\x00\x00\x00'}
2021-03-02  15:44:53 Tue root INFO ('\n\x07250 TJ1\x00', '5267', '48', 242, '4', '0', '181.65509033203125', '13.132956504821777', '0.0', '0', '104', '0', '0.0', '0.0', '0.0', '0', '0', '610', '0', '0', '0', '\n\x00\x00\x00\x00\x00\x00\x00\x00\x00', '\n\x00\x00\x00\x00\x00\x00\x00\x00\x00', '0', '0', '2021-03-02 15:44:53')
2021-03-02  15:44:53 Tue root INFO 成功添加数据
2021-03-02  15:44:53 Tue root INFO mes_plc_r3
2021-03-02  15:44:53 Tue root INFO 读取插入数据库数据：{'product_type': '\n\x07250 TJ3\x00', 'r1_equipment_status': '7315', 'fail_code': '48', 'recerve': '0', 'prod_num': 247, 'r1_rob_no': '4', 'r1_weld_line_no': '0', 'r1_electric': '184.31712341308594', 'r1_voltage': '13.816550254821777', 'r1_speed': '0.0', 'r1_job': '0', 'r2_rob_no': '104', 'r2_weld_line_no': '0', 'r2_electric': '0.0', 'r2_voltage': '0.0', 'r2_speed': '0.0', 'r2_job': '0', 'replace_status': '0', 'part_status': '0', 'r1_protective_gas': '572', 'r1_welding_wire': '0', 'r2_protective_gas': '0', 'r2_welding_wire': '0', 'login_id': '\n\x00\x00\x00\x00\x00\x00\x00\x00\x00', 'login_password': '\n\x00\x00\x00\x00\x00\x00\x00\x00\x00'}
2021-03-02  15:44:53 Tue root INFO ('\n\x07250 TJ3\x00', '7315', '48', 247, '4', '0', '184.31712341308594', '13.816550254821777', '0.0', '0', '104', '0', '0.0', '0.0', '0.0', '0', '0', '572', '0', '0', '0', '\n\x00\x00\x00\x00\x00\x00\x00\x00\x00', '\n\x00\x00\x00\x00\x00\x00\x00\x00\x00', '0', '0', '2021-03-02 15:44:53')
2021-03-02  15:44:53 Tue root INFO 成功添加数据
2021-03-02  15:44:53 Tue root INFO mes_plc_r4
2021-03-02  15:44:53 Tue root INFO 读取插入数据库数据：{'product_type': '\n\x07250 PCB\x00', 'r1_equipment_status': '7315', 'fail_code': '0', 'recerve': '0', 'prod_num': 26, 'r1_rob_no': '4', 'r1_weld_line_no': '0', 'r1_electric': '182.95716857910156', 'r1_voltage': '13.176359176635742', 'r1_speed': '0.0', 'r1_job': '0', 'r2_rob_no': '104', 'r2_weld_line_no': '0', 'r2_electric': '0.0', 'r2_voltage': '0.0', 'r2_speed': '0.0', 'r2_job': '0', 'replace_status': '0', 'part_status': '0', 'r1_protective_gas': '1971', 'r1_welding_wire': '0', 'r2_protective_gas': '0', 'r2_welding_wire': '0', 'login_id': '\n\x00\x00\x00\x00\x00\x00\x00\x00\x00', 'login_password': '\n\x00\x00\x00\x00\x00\x00\x00\x00\x00'}
2021-03-02  15:44:53 Tue root INFO ('\n\x07250 PCB\x00', '7315', '0', 26, '4', '0', '182.95716857910156', '13.176359176635742', '0.0', '0', '104', '0', '0.0', '0.0', '0.0', '0', '0', '1971', '0', '0', '0', '\n\x00\x00\x00\x00\x00\x00\x00\x00\x00', '\n\x00\x00\x00\x00\x00\x00\x00\x00\x00', '0', '0', '2021-03-02 15:44:53')
2021-03-02  15:44:53 Tue root INFO 成功添加数据
2021-03-02  15:44:53 Tue root INFO mes_plc_r5
2021-03-02  15:44:54 Tue root INFO 读取插入数据库数据：{'product_type': '\n\x00\x00\x00\x00\x00\x00\x00\x00\x00', 'r1_equipment_status': '6162', 'fail_code': '0', 'recerve': '0', 'prod_num': 0, 'r1_rob_no': '0', 'r1_weld_line_no': '0', 'r1_electric': '179.83216857910156', 'r1_voltage': '13.425925254821777', 'r1_speed': '0.0', 'r1_job': '0', 'r2_rob_no': '0', 'r2_weld_line_no': '0', 'r2_electric': '179.35475158691406', 'r2_voltage': '13.404224395751953', 'r2_speed': '0.0', 'r2_job': '0', 'replace_status': '0', 'part_status': '0', 'r1_protective_gas': '0', 'r1_welding_wire': '0', 'r2_protective_gas': '0', 'r2_welding_wire': '0', 'login_id': '\n\x00\x00\x00\x00\x00\x00\x00\x00\x00', 'login_password': '\n\x00\x00\x00\x00\x00\x00\x00\x00\x00'}
2021-03-02  15:44:54 Tue root INFO ('\n\x00\x00\x00\x00\x00\x00\x00\x00\x00', '6162', '0', 0, '0', '0', '179.83216857910156', '13.425925254821777', '0.0', '0', '0', '0', '179.35475158691406', '13.404224395751953', '0.0', '0', '0', '0', '0', '0', '0', '\n\x00\x00\x00\x00\x00\x00\x00\x00\x00', '\n\x00\x00\x00\x00\x00\x00\x00\x00\x00', '0', '0', '2021-03-02 15:44:54')
2021-03-02  15:44:54 Tue root INFO 成功添加数据
2021-03-02  15:44:54 Tue root INFO mes_plc_r6
2021-03-02  15:44:54 Tue root INFO 读取插入数据库数据：{'product_type': '\n\x00\x00\x00\x00\x00\x00\x00\x00\x00', 'r1_equipment_status': '0', 'fail_code': '0', 'recerve': '10', 'prod_num': 19, 'r1_rob_no': '0', 'r1_weld_line_no': '0', 'r1_electric': '0.0', 'r1_voltage': '0.0', 'r1_speed': '0.0', 'r1_job': '0', 'r2_rob_no': '0', 'r2_weld_line_no': '0', 'r2_electric': '0.0', 'r2_voltage': '0.0', 'r2_speed': '0.0', 'r2_job': '0', 'replace_status': '0', 'part_status': '0', 'r1_protective_gas': '0', 'r1_welding_wire': '0', 'r2_protective_gas': '0', 'r2_welding_wire': '0', 'login_id': '\n\x00\x00\x00\x00\x00\x00\x00\x00\x00', 'login_password': '\n\x00\x00\x00\x00\x00\x00\x00\x00\x00'}
2021-03-02  15:44:54 Tue root INFO ('\n\x00\x00\x00\x00\x00\x00\x00\x00\x00', '0', '0', 19, '0', '0', '0.0', '0.0', '0.0', '0', '0', '0', '0.0', '0.0', '0.0', '0', '0', '0', '0', '0', '0', '\n\x00\x00\x00\x00\x00\x00\x00\x00\x00', '\n\x00\x00\x00\x00\x00\x00\x00\x00\x00', '0', '10', '2021-03-02 15:44:54')
2021-03-02  15:44:54 Tue root INFO 成功添加数据
2021-03-02  15:45:54 Tue root INFO plc连接状态:[1, 1, 1, 1, 1, 1]
2021-03-02  15:45:54 Tue root INFO mes_plc
2021-03-02  15:45:55 Tue root INFO 读取插入数据库数据：{'product_type': '\n\x07250 YDG\x00', 'r1_equipment_status': '7315', 'fail_code': '0', 'recerve': '0', 'prod_num': 44, 'r1_rob_no': '4', 'r1_weld_line_no': '0', 'r1_electric': '182.17591857910156', 'r1_voltage': '13.284866333007812', 'r1_speed': '0.0', 'r1_job': '0', 'r2_rob_no': '104', 'r2_weld_line_no': '0', 'r2_electric': '0.0', 'r2_voltage': '0.0', 'r2_speed': '0.0', 'r2_job': '0', 'replace_status': '0', 'part_status': '0', 'r1_protective_gas': '0', 'r1_welding_wire': '0', 'r2_protective_gas': '0', 'r2_welding_wire': '0', 'login_id': '\n\x00\x00\x00\x00\x00\x00\x00\x00\x00', 'login_password': '\n\x00\x00\x00\x00\x00\x00\x00\x00\x00'}
2021-03-02  15:45:55 Tue root INFO ('\n\x07250 YDG\x00', '7315', '0', 44, '4', '0', '182.17591857910156', '13.284866333007812', '0.0', '0', '104', '0', '0.0', '0.0', '0.0', '0', '0', '0', '0', '0', '0', '\n\x00\x00\x00\x00\x00\x00\x00\x00\x00', '\n\x00\x00\x00\x00\x00\x00\x00\x00\x00', '0', '0', '2021-03-02 15:45:55')
2021-03-02  15:45:55 Tue root INFO 成功添加数据
2021-03-02  15:45:55 Tue root INFO mes_plc_r2
2021-03-02  15:45:55 Tue root INFO 读取插入数据库数据：{'product_type': '\n\x07250 TJ1\x00', 'r1_equipment_status': '5267', 'fail_code': '48', 'recerve': '0', 'prod_num': 242, 'r1_rob_no': '4', 'r1_weld_line_no': '0', 'r1_electric': '181.65509033203125', 'r1_voltage': '13.132956504821777', 'r1_speed': '0.0', 'r1_job': '0', 'r2_rob_no': '104', 'r2_weld_line_no': '0', 'r2_electric': '0.0', 'r2_voltage': '0.0', 'r2_speed': '0.0', 'r2_job': '0', 'replace_status': '0', 'part_status': '0', 'r1_protective_gas': '610', 'r1_welding_wire': '0', 'r2_protective_gas': '0', 'r2_welding_wire': '0', 'login_id': '\n\x00\x00\x00\x00\x00\x00\x00\x00\x00', 'login_password': '\n\x00\x00\x00\x00\x00\x00\x00\x00\x00'}
2021-03-02  15:45:55 Tue root INFO ('\n\x07250 TJ1\x00', '5267', '48', 242, '4', '0', '181.65509033203125', '13.132956504821777', '0.0', '0', '104', '0', '0.0', '0.0', '0.0', '0', '0', '610', '0', '0', '0', '\n\x00\x00\x00\x00\x00\x00\x00\x00\x00', '\n\x00\x00\x00\x00\x00\x00\x00\x00\x00', '0', '0', '2021-03-02 15:45:55')
2021-03-02  15:45:55 Tue root INFO 成功添加数据
2021-03-02  15:45:55 Tue root INFO mes_plc_r3
2021-03-02  15:45:55 Tue root INFO 读取插入数据库数据：{'product_type': '\n\x07250 TJ3\x00', 'r1_equipment_status': '7315', 'fail_code': '48', 'recerve': '0', 'prod_num': 247, 'r1_rob_no': '4', 'r1_weld_line_no': '0', 'r1_electric': '184.25926208496094', 'r1_voltage': '13.823784828186035', 'r1_speed': '0.0', 'r1_job': '0', 'r2_rob_no': '104', 'r2_weld_line_no': '0', 'r2_electric': '0.0', 'r2_voltage': '0.0', 'r2_speed': '0.0', 'r2_job': '0', 'replace_status': '0', 'part_status': '0', 'r1_protective_gas': '572', 'r1_welding_wire': '0', 'r2_protective_gas': '0', 'r2_welding_wire': '0', 'login_id': '\n\x00\x00\x00\x00\x00\x00\x00\x00\x00', 'login_password': '\n\x00\x00\x00\x00\x00\x00\x00\x00\x00'}
2021-03-02  15:45:55 Tue root INFO ('\n\x07250 TJ3\x00', '7315', '48', 247, '4', '0', '184.25926208496094', '13.823784828186035', '0.0', '0', '104', '0', '0.0', '0.0', '0.0', '0', '0', '572', '0', '0', '0', '\n\x00\x00\x00\x00\x00\x00\x00\x00\x00', '\n\x00\x00\x00\x00\x00\x00\x00\x00\x00', '0', '0', '2021-03-02 15:45:55')
2021-03-02  15:45:55 Tue root INFO 成功添加数据
2021-03-02  15:45:55 Tue root INFO mes_plc_r4
2021-03-02  15:45:56 Tue root INFO 读取插入数据库数据：{'product_type': '\n\x07250 PCB\x00', 'r1_equipment_status': '7315', 'fail_code': '0', 'recerve': '0', 'prod_num': 26, 'r1_rob_no': '4', 'r1_weld_line_no': '0', 'r1_electric': '182.98611450195312', 'r1_voltage': '13.151041984558105', 'r1_speed': '0.0', 'r1_job': '0', 'r2_rob_no': '104', 'r2_weld_line_no': '0', 'r2_electric': '0.0', 'r2_voltage': '0.0', 'r2_speed': '0.0', 'r2_job': '0', 'replace_status': '0', 'part_status': '0', 'r1_protective_gas': '1971', 'r1_welding_wire': '0', 'r2_protective_gas': '0', 'r2_welding_wire': '0', 'login_id': '\n\x00\x00\x00\x00\x00\x00\x00\x00\x00', 'login_password': '\n\x00\x00\x00\x00\x00\x00\x00\x00\x00'}
2021-03-02  15:45:56 Tue root INFO ('\n\x07250 PCB\x00', '7315', '0', 26, '4', '0', '182.98611450195312', '13.151041984558105', '0.0', '0', '104', '0', '0.0', '0.0', '0.0', '0', '0', '1971', '0', '0', '0', '\n\x00\x00\x00\x00\x00\x00\x00\x00\x00', '\n\x00\x00\x00\x00\x00\x00\x00\x00\x00', '0', '0', '2021-03-02 15:45:56')
2021-03-02  15:45:56 Tue root INFO 成功添加数据
2021-03-02  15:45:56 Tue root INFO mes_plc_r5
2021-03-02  15:45:56 Tue root INFO 读取插入数据库数据：{'product_type': '\n\x00\x00\x00\x00\x00\x00\x00\x00\x00', 'r1_equipment_status': '6162', 'fail_code': '0', 'recerve': '0', 'prod_num': 0, 'r1_rob_no': '0', 'r1_weld_line_no': '0', 'r1_electric': '179.86111450195312', 'r1_voltage': '13.447627067565918', 'r1_speed': '0.0', 'r1_job': '0', 'r2_rob_no': '0', 'r2_weld_line_no': '0', 'r2_electric': '179.2534637451172', 'r2_voltage': '13.411458015441895', 'r2_speed': '0.0', 'r2_job': '0', 'replace_status': '0', 'part_status': '0', 'r1_protective_gas': '0', 'r1_welding_wire': '0', 'r2_protective_gas': '0', 'r2_welding_wire': '0', 'login_id': '\n\x00\x00\x00\x00\x00\x00\x00\x00\x00', 'login_password': '\n\x00\x00\x00\x00\x00\x00\x00\x00\x00'}
2021-03-02  15:45:56 Tue root INFO ('\n\x00\x00\x00\x00\x00\x00\x00\x00\x00', '6162', '0', 0, '0', '0', '179.86111450195312', '13.447627067565918', '0.0', '0', '0', '0', '179.2534637451172', '13.411458015441895', '0.0', '0', '0', '0', '0', '0', '0', '\n\x00\x00\x00\x00\x00\x00\x00\x00\x00', '\n\x00\x00\x00\x00\x00\x00\x00\x00\x00', '0', '0', '2021-03-02 15:45:56')
2021-03-02  15:45:56 Tue root INFO 成功添加数据
2021-03-02  15:45:56 Tue root INFO mes_plc_r6
2021-03-02  15:45:57 Tue root INFO 读取插入数据库数据：{'product_type': '\n\x00\x00\x00\x00\x00\x00\x00\x00\x00', 'r1_equipment_status': '0', 'fail_code': '0', 'recerve': '10', 'prod_num': 19, 'r1_rob_no': '0', 'r1_weld_line_no': '0', 'r1_electric': '0.0', 'r1_voltage': '0.0', 'r1_speed': '0.0', 'r1_job': '0', 'r2_rob_no': '0', 'r2_weld_line_no': '0', 'r2_electric': '0.0', 'r2_voltage': '0.0', 'r2_speed': '0.0', 'r2_job': '0', 'replace_status': '0', 'part_status': '0', 'r1_protective_gas': '0', 'r1_welding_wire': '0', 'r2_protective_gas': '0', 'r2_welding_wire': '0', 'login_id': '\n\x00\x00\x00\x00\x00\x00\x00\x00\x00', 'login_password': '\n\x00\x00\x00\x00\x00\x00\x00\x00\x00'}
2021-03-02  15:45:57 Tue root INFO ('\n\x00\x00\x00\x00\x00\x00\x00\x00\x00', '0', '0', 19, '0', '0', '0.0', '0.0', '0.0', '0', '0', '0', '0.0', '0.0', '0.0', '0', '0', '0', '0', '0', '0', '\n\x00\x00\x00\x00\x00\x00\x00\x00\x00', '\n\x00\x00\x00\x00\x00\x00\x00\x00\x00', '0', '10', '2021-03-02 15:45:57')
2021-03-02  15:45:57 Tue root INFO 成功添加数据
2021-03-02  15:46:57 Tue root INFO plc连接状态:[1, 1, 1, 1, 1, 1]
2021-03-02  15:46:57 Tue root INFO mes_plc
2021-03-02  15:46:58 Tue root INFO 读取插入数据库数据：{'product_type': '\n\x07250 YDG\x00', 'r1_equipment_status': '7315', 'fail_code': '0', 'recerve': '0', 'prod_num': 44, 'r1_rob_no': '4', 'r1_weld_line_no': '0', 'r1_electric': '182.21932983398438', 'r1_voltage': '13.29210090637207', 'r1_speed': '0.0', 'r1_job': '0', 'r2_rob_no': '104', 'r2_weld_line_no': '0', 'r2_electric': '0.0', 'r2_voltage': '0.0', 'r2_speed': '0.0', 'r2_job': '0', 'replace_status': '0', 'part_status': '0', 'r1_protective_gas': '0', 'r1_welding_wire': '0', 'r2_protective_gas': '0', 'r2_welding_wire': '0', 'login_id': '\n\x00\x00\x00\x00\x00\x00\x00\x00\x00', 'login_password': '\n\x00\x00\x00\x00\x00\x00\x00\x00\x00'}
2021-03-02  15:46:58 Tue root INFO ('\n\x07250 YDG\x00', '7315', '0', 44, '4', '0', '182.21932983398438', '13.29210090637207', '0.0', '0', '104', '0', '0.0', '0.0', '0.0', '0', '0', '0', '0', '0', '0', '\n\x00\x00\x00\x00\x00\x00\x00\x00\x00', '\n\x00\x00\x00\x00\x00\x00\x00\x00\x00', '0', '0', '2021-03-02 15:46:58')
2021-03-02  15:46:58 Tue root INFO 成功添加数据
2021-03-02  15:46:58 Tue root INFO mes_plc_r2
2021-03-02  15:46:58 Tue root INFO 读取插入数据库数据：{'product_type': '\n\x07250 TJ1\x00', 'r1_equipment_status': '5267', 'fail_code': '48', 'recerve': '0', 'prod_num': 242, 'r1_rob_no': '4', 'r1_weld_line_no': '0', 'r1_electric': '181.6116943359375', 'r1_voltage': '13.118489265441895', 'r1_speed': '0.0', 'r1_job': '0', 'r2_rob_no': '104', 'r2_weld_line_no': '0', 'r2_electric': '0.0', 'r2_voltage': '0.0', 'r2_speed': '0.0', 'r2_job': '0', 'replace_status': '0', 'part_status': '0', 'r1_protective_gas': '610', 'r1_welding_wire': '0', 'r2_protective_gas': '0', 'r2_welding_wire': '0', 'login_id': '\n\x00\x00\x00\x00\x00\x00\x00\x00\x00', 'login_password': '\n\x00\x00\x00\x00\x00\x00\x00\x00\x00'}
2021-03-02  15:46:58 Tue root INFO ('\n\x07250 TJ1\x00', '5267', '48', 242, '4', '0', '181.6116943359375', '13.118489265441895', '0.0', '0', '104', '0', '0.0', '0.0', '0.0', '0', '0', '610', '0', '0', '0', '\n\x00\x00\x00\x00\x00\x00\x00\x00\x00', '\n\x00\x00\x00\x00\x00\x00\x00\x00\x00', '0', '0', '2021-03-02 15:46:58')
2021-03-02  15:46:58 Tue root INFO 成功添加数据
2021-03-02  15:46:58 Tue root INFO mes_plc_r3
2021-03-02  15:46:58 Tue root INFO 读取插入数据库数据：{'product_type': '\n\x07250 TJ3\x00', 'r1_equipment_status': '7315', 'fail_code': '48', 'recerve': '0', 'prod_num': 247, 'r1_rob_no': '4', 'r1_weld_line_no': '0', 'r1_electric': '184.31712341308594', 'r1_voltage': '13.823784828186035', 'r1_speed': '0.0', 'r1_job': '0', 'r2_rob_no': '104', 'r2_weld_line_no': '0', 'r2_electric': '0.0', 'r2_voltage': '0.0', 'r2_speed': '0.0', 'r2_job': '0', 'replace_status': '0', 'part_status': '0', 'r1_protective_gas': '572', 'r1_welding_wire': '0', 'r2_protective_gas': '0', 'r2_welding_wire': '0', 'login_id': '\n\x00\x00\x00\x00\x00\x00\x00\x00\x00', 'login_password': '\n\x00\x00\x00\x00\x00\x00\x00\x00\x00'}
2021-03-02  15:46:58 Tue root INFO ('\n\x07250 TJ3\x00', '7315', '48', 247, '4', '0', '184.31712341308594', '13.823784828186035', '0.0', '0', '104', '0', '0.0', '0.0', '0.0', '0', '0', '572', '0', '0', '0', '\n\x00\x00\x00\x00\x00\x00\x00\x00\x00', '\n\x00\x00\x00\x00\x00\x00\x00\x00\x00', '0', '0', '2021-03-02 15:46:58')
2021-03-02  15:46:58 Tue root INFO 成功添加数据
2021-03-02  15:46:58 Tue root INFO mes_plc_r4
2021-03-02  15:46:59 Tue root INFO 读取插入数据库数据：{'product_type': '\n\x07250 PCB\x00', 'r1_equipment_status': '7315', 'fail_code': '0', 'recerve': '0', 'prod_num': 26, 'r1_rob_no': '4', 'r1_weld_line_no': '0', 'r1_electric': '183.04397583007812', 'r1_voltage': '13.151041984558105', 'r1_speed': '0.0', 'r1_job': '0', 'r2_rob_no': '104', 'r2_weld_line_no': '0', 'r2_electric': '0.0', 'r2_voltage': '0.0', 'r2_speed': '0.0', 'r2_job': '0', 'replace_status': '0', 'part_status': '0', 'r1_protective_gas': '1971', 'r1_welding_wire': '0', 'r2_protective_gas': '0', 'r2_welding_wire': '0', 'login_id': '\n\x00\x00\x00\x00\x00\x00\x00\x00\x00', 'login_password': '\n\x00\x00\x00\x00\x00\x00\x00\x00\x00'}
2021-03-02  15:46:59 Tue root INFO ('\n\x07250 PCB\x00', '7315', '0', 26, '4', '0', '183.04397583007812', '13.151041984558105', '0.0', '0', '104', '0', '0.0', '0.0', '0.0', '0', '0', '1971', '0', '0', '0', '\n\x00\x00\x00\x00\x00\x00\x00\x00\x00', '\n\x00\x00\x00\x00\x00\x00\x00\x00\x00', '0', '0', '2021-03-02 15:46:59')
2021-03-02  15:46:59 Tue root INFO 成功添加数据
2021-03-02  15:46:59 Tue root INFO mes_plc_r5
2021-03-02  15:46:59 Tue root INFO 读取插入数据库数据：{'product_type': '\n\x00\x00\x00\x00\x00\x00\x00\x00\x00', 'r1_equipment_status': '6162', 'fail_code': '0', 'recerve': '0', 'prod_num': 0, 'r1_rob_no': '0', 'r1_weld_line_no': '0', 'r1_electric': '179.87557983398438', 'r1_voltage': '13.45486068725586', 'r1_speed': '0.0', 'r1_job': '0', 'r2_rob_no': '0', 'r2_weld_line_no': '0', 'r2_electric': '179.296875', 'r2_voltage': '13.418692588806152', 'r2_speed': '0.0', 'r2_job': '0', 'replace_status': '0', 'part_status': '0', 'r1_protective_gas': '0', 'r1_welding_wire': '0', 'r2_protective_gas': '0', 'r2_welding_wire': '0', 'login_id': '\n\x00\x00\x00\x00\x00\x00\x00\x00\x00', 'login_password': '\n\x00\x00\x00\x00\x00\x00\x00\x00\x00'}
2021-03-02  15:46:59 Tue root INFO ('\n\x00\x00\x00\x00\x00\x00\x00\x00\x00', '6162', '0', 0, '0', '0', '179.87557983398438', '13.45486068725586', '0.0', '0', '0', '0', '179.296875', '13.418692588806152', '0.0', '0', '0', '0', '0', '0', '0', '\n\x00\x00\x00\x00\x00\x00\x00\x00\x00', '\n\x00\x00\x00\x00\x00\x00\x00\x00\x00', '0', '0', '2021-03-02 15:46:59')
2021-03-02  15:46:59 Tue root INFO 成功添加数据
2021-03-02  15:46:59 Tue root INFO mes_plc_r6
2021-03-02  15:46:59 Tue root INFO 读取插入数据库数据：{'product_type': '\n\x00\x00\x00\x00\x00\x00\x00\x00\x00', 'r1_equipment_status': '0', 'fail_code': '0', 'recerve': '10', 'prod_num': 19, 'r1_rob_no': '0', 'r1_weld_line_no': '0', 'r1_electric': '0.0', 'r1_voltage': '0.0', 'r1_speed': '0.0', 'r1_job': '0', 'r2_rob_no': '0', 'r2_weld_line_no': '0', 'r2_electric': '0.0', 'r2_voltage': '0.0', 'r2_speed': '0.0', 'r2_job': '0', 'replace_status': '0', 'part_status': '0', 'r1_protective_gas': '0', 'r1_welding_wire': '0', 'r2_protective_gas': '0', 'r2_welding_wire': '0', 'login_id': '\n\x00\x00\x00\x00\x00\x00\x00\x00\x00', 'login_password': '\n\x00\x00\x00\x00\x00\x00\x00\x00\x00'}
2021-03-02  15:46:59 Tue root INFO ('\n\x00\x00\x00\x00\x00\x00\x00\x00\x00', '0', '0', 19, '0', '0', '0.0', '0.0', '0.0', '0', '0', '0', '0.0', '0.0', '0.0', '0', '0', '0', '0', '0', '0', '\n\x00\x00\x00\x00\x00\x00\x00\x00\x00', '\n\x00\x00\x00\x00\x00\x00\x00\x00\x00', '0', '10', '2021-03-02 15:46:59')
2021-03-02  15:46:59 Tue root INFO 成功添加数据
2021-03-02  15:47:59 Tue root INFO plc连接状态:[1, 1, 1, 1, 1, 1]
2021-03-02  15:47:59 Tue root INFO mes_plc
2021-03-02  15:48:00 Tue root INFO 读取插入数据库数据：{'product_type': '\n\x07250 YDG\x00', 'r1_equipment_status': '7315', 'fail_code': '0', 'recerve': '0', 'prod_num': 44, 'r1_rob_no': '4', 'r1_weld_line_no': '0', 'r1_electric': '182.21932983398438', 'r1_voltage': '13.284866333007812', 'r1_speed': '0.0', 'r1_job': '0', 'r2_rob_no': '104', 'r2_weld_line_no': '0', 'r2_electric': '0.0', 'r2_voltage': '0.0', 'r2_speed': '0.0', 'r2_job': '0', 'replace_status': '0', 'part_status': '0', 'r1_protective_gas': '0', 'r1_welding_wire': '0', 'r2_protective_gas': '0', 'r2_welding_wire': '0', 'login_id': '\n\x00\x00\x00\x00\x00\x00\x00\x00\x00', 'login_password': '\n\x00\x00\x00\x00\x00\x00\x00\x00\x00'}
2021-03-02  15:48:00 Tue root INFO ('\n\x07250 YDG\x00', '7315', '0', 44, '4', '0', '182.21932983398438', '13.284866333007812', '0.0', '0', '104', '0', '0.0', '0.0', '0.0', '0', '0', '0', '0', '0', '0', '\n\x00\x00\x00\x00\x00\x00\x00\x00\x00', '\n\x00\x00\x00\x00\x00\x00\x00\x00\x00', '0', '0', '2021-03-02 15:48:00')
2021-03-02  15:48:01 Tue root INFO 成功添加数据
2021-03-02  15:48:01 Tue root INFO mes_plc_r2
2021-03-02  15:48:01 Tue root INFO 读取插入数据库数据：{'product_type': '\n\x07250 TJ1\x00', 'r1_equipment_status': '5267', 'fail_code': '48', 'recerve': '0', 'prod_num': 242, 'r1_rob_no': '4', 'r1_weld_line_no': '0', 'r1_electric': '181.640625', 'r1_voltage': '13.132956504821777', 'r1_speed': '0.0', 'r1_job': '0', 'r2_rob_no': '104', 'r2_weld_line_no': '0', 'r2_electric': '0.0', 'r2_voltage': '0.0', 'r2_speed': '0.0', 'r2_job': '0', 'replace_status': '0', 'part_status': '0', 'r1_protective_gas': '610', 'r1_welding_wire': '0', 'r2_protective_gas': '0', 'r2_welding_wire': '0', 'login_id': '\n\x00\x00\x00\x00\x00\x00\x00\x00\x00', 'login_password': '\n\x00\x00\x00\x00\x00\x00\x00\x00\x00'}
2021-03-02  15:48:01 Tue root INFO ('\n\x07250 TJ1\x00', '5267', '48', 242, '4', '0', '181.640625', '13.132956504821777', '0.0', '0', '104', '0', '0.0', '0.0', '0.0', '0', '0', '610', '0', '0', '0', '\n\x00\x00\x00\x00\x00\x00\x00\x00\x00', '\n\x00\x00\x00\x00\x00\x00\x00\x00\x00', '0', '0', '2021-03-02 15:48:01')
2021-03-02  15:48:01 Tue root INFO 成功添加数据
2021-03-02  15:48:01 Tue root INFO mes_plc_r3
2021-03-02  15:48:01 Tue root INFO 读取插入数据库数据：{'product_type': '\n\x07250 TJ3\x00', 'r1_equipment_status': '7315', 'fail_code': '48', 'recerve': '0', 'prod_num': 247, 'r1_rob_no': '4', 'r1_weld_line_no': '0', 'r1_electric': '184.25926208496094', 'r1_voltage': '13.823784828186035', 'r1_speed': '0.0', 'r1_job': '0', 'r2_rob_no': '104', 'r2_weld_line_no': '0', 'r2_electric': '0.0', 'r2_voltage': '0.0', 'r2_speed': '0.0', 'r2_job': '0', 'replace_status': '0', 'part_status': '0', 'r1_protective_gas': '572', 'r1_welding_wire': '0', 'r2_protective_gas': '0', 'r2_welding_wire': '0', 'login_id': '\n\x00\x00\x00\x00\x00\x00\x00\x00\x00', 'login_password': '\n\x00\x00\x00\x00\x00\x00\x00\x00\x00'}
2021-03-02  15:48:01 Tue root INFO ('\n\x07250 TJ3\x00', '7315', '48', 247, '4', '0', '184.25926208496094', '13.823784828186035', '0.0', '0', '104', '0', '0.0', '0.0', '0.0', '0', '0', '572', '0', '0', '0', '\n\x00\x00\x00\x00\x00\x00\x00\x00\x00', '\n\x00\x00\x00\x00\x00\x00\x00\x00\x00', '0', '0', '2021-03-02 15:48:01')
2021-03-02  15:48:01 Tue root INFO 成功添加数据
2021-03-02  15:48:01 Tue root INFO mes_plc_r4
2021-03-02  15:48:01 Tue root INFO 读取插入数据库数据：{'product_type': '\n\x07250 PCB\x00', 'r1_equipment_status': '7315', 'fail_code': '0', 'recerve': '0', 'prod_num': 26, 'r1_rob_no': '4', 'r1_weld_line_no': '0', 'r1_electric': '183.05845642089844', 'r1_voltage': '13.154658317565918', 'r1_speed': '0.0', 'r1_job': '0', 'r2_rob_no': '104', 'r2_weld_line_no': '0', 'r2_electric': '0.0', 'r2_voltage': '0.0', 'r2_speed': '0.0', 'r2_job': '0', 'replace_status': '0', 'part_status': '0', 'r1_protective_gas': '1971', 'r1_welding_wire': '0', 'r2_protective_gas': '0', 'r2_welding_wire': '0', 'login_id': '\n\x00\x00\x00\x00\x00\x00\x00\x00\x00', 'login_password': '\n\x00\x00\x00\x00\x00\x00\x00\x00\x00'}
2021-03-02  15:48:01 Tue root INFO ('\n\x07250 PCB\x00', '7315', '0', 26, '4', '0', '183.05845642089844', '13.154658317565918', '0.0', '0', '104', '0', '0.0', '0.0', '0.0', '0', '0', '1971', '0', '0', '0', '\n\x00\x00\x00\x00\x00\x00\x00\x00\x00', '\n\x00\x00\x00\x00\x00\x00\x00\x00\x00', '0', '0', '2021-03-02 15:48:01')
2021-03-02  15:48:01 Tue root INFO 成功添加数据
2021-03-02  15:48:01 Tue root INFO mes_plc_r5
2021-03-02  15:48:02 Tue root INFO 读取插入数据库数据：{'product_type': '\n\x00\x00\x00\x00\x00\x00\x00\x00\x00', 'r1_equipment_status': '6162', 'fail_code': '0', 'recerve': '0', 'prod_num': 0, 'r1_rob_no': '0', 'r1_weld_line_no': '0', 'r1_electric': '179.80323791503906', 'r1_voltage': '13.418692588806152', 'r1_speed': '0.0', 'r1_job': '0', 'r2_rob_no': '0', 'r2_weld_line_no': '0', 'r2_electric': '179.296875', 'r2_voltage': '13.40060806274414', 'r2_speed': '0.0', 'r2_job': '0', 'replace_status': '0', 'part_status': '0', 'r1_protective_gas': '0', 'r1_welding_wire': '0', 'r2_protective_gas': '0', 'r2_welding_wire': '0', 'login_id': '\n\x00\x00\x00\x00\x00\x00\x00\x00\x00', 'login_password': '\n\x00\x00\x00\x00\x00\x00\x00\x00\x00'}
2021-03-02  15:48:02 Tue root INFO ('\n\x00\x00\x00\x00\x00\x00\x00\x00\x00', '6162', '0', 0, '0', '0', '179.80323791503906', '13.418692588806152', '0.0', '0', '0', '0', '179.296875', '13.40060806274414', '0.0', '0', '0', '0', '0', '0', '0', '\n\x00\x00\x00\x00\x00\x00\x00\x00\x00', '\n\x00\x00\x00\x00\x00\x00\x00\x00\x00', '0', '0', '2021-03-02 15:48:02')
2021-03-02  15:48:02 Tue root INFO 成功添加数据
2021-03-02  15:48:02 Tue root INFO mes_plc_r6
2021-03-02  15:48:02 Tue root INFO 读取插入数据库数据：{'product_type': '\n\x00\x00\x00\x00\x00\x00\x00\x00\x00', 'r1_equipment_status': '0', 'fail_code': '0', 'recerve': '10', 'prod_num': 19, 'r1_rob_no': '0', 'r1_weld_line_no': '0', 'r1_electric': '0.0', 'r1_voltage': '0.0', 'r1_speed': '0.0', 'r1_job': '0', 'r2_rob_no': '0', 'r2_weld_line_no': '0', 'r2_electric': '0.0', 'r2_voltage': '0.0', 'r2_speed': '0.0', 'r2_job': '0', 'replace_status': '0', 'part_status': '0', 'r1_protective_gas': '0', 'r1_welding_wire': '0', 'r2_protective_gas': '0', 'r2_welding_wire': '0', 'login_id': '\n\x00\x00\x00\x00\x00\x00\x00\x00\x00', 'login_password': '\n\x00\x00\x00\x00\x00\x00\x00\x00\x00'}
2021-03-02  15:48:02 Tue root INFO ('\n\x00\x00\x00\x00\x00\x00\x00\x00\x00', '0', '0', 19, '0', '0', '0.0', '0.0', '0.0', '0', '0', '0', '0.0', '0.0', '0.0', '0', '0', '0', '0', '0', '0', '\n\x00\x00\x00\x00\x00\x00\x00\x00\x00', '\n\x00\x00\x00\x00\x00\x00\x00\x00\x00', '0', '10', '2021-03-02 15:48:02')
2021-03-02  15:48:02 Tue root INFO 成功添加数据
2021-03-02  15:49:02 Tue root INFO plc连接状态:[1, 1, 1, 1, 1, 1]
2021-03-02  15:49:02 Tue root INFO mes_plc
2021-03-02  15:49:03 Tue root INFO 读取插入数据库数据：{'product_type': '\n\x07250 YDG\x00', 'r1_equipment_status': '7315', 'fail_code': '0', 'recerve': '0', 'prod_num': 44, 'r1_rob_no': '4', 'r1_weld_line_no': '0', 'r1_electric': '182.19039916992188', 'r1_voltage': '13.284866333007812', 'r1_speed': '0.0', 'r1_job': '0', 'r2_rob_no': '104', 'r2_weld_line_no': '0', 'r2_electric': '0.0', 'r2_voltage': '0.0', 'r2_speed': '0.0', 'r2_job': '0', 'replace_status': '0', 'part_status': '0', 'r1_protective_gas': '0', 'r1_welding_wire': '0', 'r2_protective_gas': '0', 'r2_welding_wire': '0', 'login_id': '\n\x00\x00\x00\x00\x00\x00\x00\x00\x00', 'login_password': '\n\x00\x00\x00\x00\x00\x00\x00\x00\x00'}
2021-03-02  15:49:03 Tue root INFO ('\n\x07250 YDG\x00', '7315', '0', 44, '4', '0', '182.19039916992188', '13.284866333007812', '0.0', '0', '104', '0', '0.0', '0.0', '0.0', '0', '0', '0', '0', '0', '0', '\n\x00\x00\x00\x00\x00\x00\x00\x00\x00', '\n\x00\x00\x00\x00\x00\x00\x00\x00\x00', '0', '0', '2021-03-02 15:49:03')
2021-03-02  15:49:03 Tue root INFO 成功添加数据
2021-03-02  15:49:03 Tue root INFO mes_plc_r2
2021-03-02  15:49:04 Tue root INFO 读取插入数据库数据：{'product_type': '\n\x07250 TJ1\x00', 'r1_equipment_status': '5267', 'fail_code': '48', 'recerve': '0', 'prod_num': 242, 'r1_rob_no': '4', 'r1_weld_line_no': '0', 'r1_electric': '181.65509033203125', 'r1_voltage': '13.129340171813965', 'r1_speed': '0.0', 'r1_job': '0', 'r2_rob_no': '104', 'r2_weld_line_no': '0', 'r2_electric': '0.0', 'r2_voltage': '0.0', 'r2_speed': '0.0', 'r2_job': '0', 'replace_status': '0', 'part_status': '0', 'r1_protective_gas': '610', 'r1_welding_wire': '0', 'r2_protective_gas': '0', 'r2_welding_wire': '0', 'login_id': '\n\x00\x00\x00\x00\x00\x00\x00\x00\x00', 'login_password': '\n\x00\x00\x00\x00\x00\x00\x00\x00\x00'}
2021-03-02  15:49:04 Tue root INFO ('\n\x07250 TJ1\x00', '5267', '48', 242, '4', '0', '181.65509033203125', '13.129340171813965', '0.0', '0', '104', '0', '0.0', '0.0', '0.0', '0', '0', '610', '0', '0', '0', '\n\x00\x00\x00\x00\x00\x00\x00\x00\x00', '\n\x00\x00\x00\x00\x00\x00\x00\x00\x00', '0', '0', '2021-03-02 15:49:04')
2021-03-02  15:49:04 Tue root INFO 成功添加数据
2021-03-02  15:49:04 Tue root INFO mes_plc_r3
2021-03-02  15:49:04 Tue root INFO 读取插入数据库数据：{'product_type': '\n\x07250 TJ3\x00', 'r1_equipment_status': '7315', 'fail_code': '48', 'recerve': '0', 'prod_num': 247, 'r1_rob_no': '4', 'r1_weld_line_no': '0', 'r1_electric': '184.25926208496094', 'r1_voltage': '13.816550254821777', 'r1_speed': '0.0', 'r1_job': '0', 'r2_rob_no': '104', 'r2_weld_line_no': '0', 'r2_electric': '0.0', 'r2_voltage': '0.0', 'r2_speed': '0.0', 'r2_job': '0', 'replace_status': '0', 'part_status': '0', 'r1_protective_gas': '572', 'r1_welding_wire': '0', 'r2_protective_gas': '0', 'r2_welding_wire': '0', 'login_id': '\n\x00\x00\x00\x00\x00\x00\x00\x00\x00', 'login_password': '\n\x00\x00\x00\x00\x00\x00\x00\x00\x00'}
2021-03-02  15:49:04 Tue root INFO ('\n\x07250 TJ3\x00', '7315', '48', 247, '4', '0', '184.25926208496094', '13.816550254821777', '0.0', '0', '104', '0', '0.0', '0.0', '0.0', '0', '0', '572', '0', '0', '0', '\n\x00\x00\x00\x00\x00\x00\x00\x00\x00', '\n\x00\x00\x00\x00\x00\x00\x00\x00\x00', '0', '0', '2021-03-02 15:49:04')
2021-03-02  15:49:04 Tue root INFO 成功添加数据
2021-03-02  15:49:04 Tue root INFO mes_plc_r4
2021-03-02  15:49:04 Tue root INFO 读取插入数据库数据：{'product_type': '\n\x07250 PCB\x00', 'r1_equipment_status': '7315', 'fail_code': '0', 'recerve': '0', 'prod_num': 26, 'r1_rob_no': '4', 'r1_weld_line_no': '0', 'r1_electric': '183.01504516601562', 'r1_voltage': '13.151041984558105', 'r1_speed': '0.0', 'r1_job': '0', 'r2_rob_no': '104', 'r2_weld_line_no': '0', 'r2_electric': '0.0', 'r2_voltage': '0.0', 'r2_speed': '0.0', 'r2_job': '0', 'replace_status': '0', 'part_status': '0', 'r1_protective_gas': '1971', 'r1_welding_wire': '0', 'r2_protective_gas': '0', 'r2_welding_wire': '0', 'login_id': '\n\x00\x00\x00\x00\x00\x00\x00\x00\x00', 'login_password': '\n\x00\x00\x00\x00\x00\x00\x00\x00\x00'}
2021-03-02  15:49:04 Tue root INFO ('\n\x07250 PCB\x00', '7315', '0', 26, '4', '0', '183.01504516601562', '13.151041984558105', '0.0', '0', '104', '0', '0.0', '0.0', '0.0', '0', '0', '1971', '0', '0', '0', '\n\x00\x00\x00\x00\x00\x00\x00\x00\x00', '\n\x00\x00\x00\x00\x00\x00\x00\x00\x00', '0', '0', '2021-03-02 15:49:04')
2021-03-02  15:49:04 Tue root INFO 成功添加数据
2021-03-02  15:49:04 Tue root INFO mes_plc_r5
2021-03-02  15:49:05 Tue root INFO 读取插入数据库数据：{'product_type': '\n\x00\x00\x00\x00\x00\x00\x00\x00\x00', 'r1_equipment_status': '6162', 'fail_code': '0', 'recerve': '0', 'prod_num': 0, 'r1_rob_no': '0', 'r1_weld_line_no': '0', 'r1_electric': '179.83216857910156', 'r1_voltage': '13.4765625', 'r1_speed': '0.0', 'r1_job': '0', 'r2_rob_no': '0', 'r2_weld_line_no': '0', 'r2_electric': '179.3258056640625', 'r2_voltage': '13.411458015441895', 'r2_speed': '0.0', 'r2_job': '0', 'replace_status': '0', 'part_status': '0', 'r1_protective_gas': '0', 'r1_welding_wire': '0', 'r2_protective_gas': '0', 'r2_welding_wire': '0', 'login_id': '\n\x00\x00\x00\x00\x00\x00\x00\x00\x00', 'login_password': '\n\x00\x00\x00\x00\x00\x00\x00\x00\x00'}
2021-03-02  15:49:05 Tue root INFO ('\n\x00\x00\x00\x00\x00\x00\x00\x00\x00', '6162', '0', 0, '0', '0', '179.83216857910156', '13.4765625', '0.0', '0', '0', '0', '179.3258056640625', '13.411458015441895', '0.0', '0', '0', '0', '0', '0', '0', '\n\x00\x00\x00\x00\x00\x00\x00\x00\x00', '\n\x00\x00\x00\x00\x00\x00\x00\x00\x00', '0', '0', '2021-03-02 15:49:05')
2021-03-02  15:49:05 Tue root INFO 成功添加数据
2021-03-02  15:49:05 Tue root INFO mes_plc_r6
2021-03-02  15:49:05 Tue root INFO 读取插入数据库数据：{'product_type': '\n\x00\x00\x00\x00\x00\x00\x00\x00\x00', 'r1_equipment_status': '0', 'fail_code': '0', 'recerve': '10', 'prod_num': 19, 'r1_rob_no': '0', 'r1_weld_line_no': '0', 'r1_electric': '0.0', 'r1_voltage': '0.0', 'r1_speed': '0.0', 'r1_job': '0', 'r2_rob_no': '0', 'r2_weld_line_no': '0', 'r2_electric': '0.0', 'r2_voltage': '0.0', 'r2_speed': '0.0', 'r2_job': '0', 'replace_status': '0', 'part_status': '0', 'r1_protective_gas': '0', 'r1_welding_wire': '0', 'r2_protective_gas': '0', 'r2_welding_wire': '0', 'login_id': '\n\x00\x00\x00\x00\x00\x00\x00\x00\x00', 'login_password': '\n\x00\x00\x00\x00\x00\x00\x00\x00\x00'}
2021-03-02  15:49:05 Tue root INFO ('\n\x00\x00\x00\x00\x00\x00\x00\x00\x00', '0', '0', 19, '0', '0', '0.0', '0.0', '0.0', '0', '0', '0', '0.0', '0.0', '0.0', '0', '0', '0', '0', '0', '0', '\n\x00\x00\x00\x00\x00\x00\x00\x00\x00', '\n\x00\x00\x00\x00\x00\x00\x00\x00\x00', '0', '10', '2021-03-02 15:49:05')
2021-03-02  15:49:05 Tue root INFO 成功添加数据
2021-03-02  15:50:05 Tue root INFO plc连接状态:[1, 1, 1, 1, 1, 1]
2021-03-02  15:50:05 Tue root INFO mes_plc
2021-03-02  15:50:06 Tue root INFO 读取插入数据库数据：{'product_type': '\n\x07250 YDG\x00', 'r1_equipment_status': '7315', 'fail_code': '0', 'recerve': '0', 'prod_num': 44, 'r1_rob_no': '4', 'r1_weld_line_no': '0', 'r1_electric': '182.24826049804688', 'r1_voltage': '13.28125', 'r1_speed': '0.0', 'r1_job': '0', 'r2_rob_no': '104', 'r2_weld_line_no': '0', 'r2_electric': '0.0', 'r2_voltage': '0.0', 'r2_speed': '0.0', 'r2_job': '0', 'replace_status': '0', 'part_status': '0', 'r1_protective_gas': '0', 'r1_welding_wire': '0', 'r2_protective_gas': '0', 'r2_welding_wire': '0', 'login_id': '\n\x00\x00\x00\x00\x00\x00\x00\x00\x00', 'login_password': '\n\x00\x00\x00\x00\x00\x00\x00\x00\x00'}
2021-03-02  15:50:06 Tue root INFO ('\n\x07250 YDG\x00', '7315', '0', 44, '4', '0', '182.24826049804688', '13.28125', '0.0', '0', '104', '0', '0.0', '0.0', '0.0', '0', '0', '0', '0', '0', '0', '\n\x00\x00\x00\x00\x00\x00\x00\x00\x00', '\n\x00\x00\x00\x00\x00\x00\x00\x00\x00', '0', '0', '2021-03-02 15:50:06')
2021-03-02  15:50:06 Tue root INFO 成功添加数据
2021-03-02  15:50:06 Tue root INFO mes_plc_r2
2021-03-02  15:50:06 Tue root INFO 读取插入数据库数据：{'product_type': '\n\x07250 TJ1\x00', 'r1_equipment_status': '5267', 'fail_code': '48', 'recerve': '0', 'prod_num': 242, 'r1_rob_no': '4', 'r1_weld_line_no': '0', 'r1_electric': '181.6695556640625', 'r1_voltage': '13.12210750579834', 'r1_speed': '0.0', 'r1_job': '0', 'r2_rob_no': '104', 'r2_weld_line_no': '0', 'r2_electric': '0.0', 'r2_voltage': '0.0', 'r2_speed': '0.0', 'r2_job': '0', 'replace_status': '0', 'part_status': '0', 'r1_protective_gas': '610', 'r1_welding_wire': '0', 'r2_protective_gas': '0', 'r2_welding_wire': '0', 'login_id': '\n\x00\x00\x00\x00\x00\x00\x00\x00\x00', 'login_password': '\n\x00\x00\x00\x00\x00\x00\x00\x00\x00'}
2021-03-02  15:50:06 Tue root INFO ('\n\x07250 TJ1\x00', '5267', '48', 242, '4', '0', '181.6695556640625', '13.12210750579834', '0.0', '0', '104', '0', '0.0', '0.0', '0.0', '0', '0', '610', '0', '0', '0', '\n\x00\x00\x00\x00\x00\x00\x00\x00\x00', '\n\x00\x00\x00\x00\x00\x00\x00\x00\x00', '0', '0', '2021-03-02 15:50:06')
2021-03-02  15:50:07 Tue root INFO 成功添加数据
2021-03-02  15:50:07 Tue root INFO mes_plc_r3
2021-03-02  15:50:07 Tue root INFO 读取插入数据库数据：{'product_type': '\n\x07250 TJ3\x00', 'r1_equipment_status': '7315', 'fail_code': '48', 'recerve': '0', 'prod_num': 247, 'r1_rob_no': '4', 'r1_weld_line_no': '0', 'r1_electric': '184.25926208496094', 'r1_voltage': '13.820168495178223', 'r1_speed': '0.0', 'r1_job': '0', 'r2_rob_no': '104', 'r2_weld_line_no': '0', 'r2_electric': '0.0', 'r2_voltage': '0.0', 'r2_speed': '0.0', 'r2_job': '0', 'replace_status': '0', 'part_status': '0', 'r1_protective_gas': '572', 'r1_welding_wire': '0', 'r2_protective_gas': '0', 'r2_welding_wire': '0', 'login_id': '\n\x00\x00\x00\x00\x00\x00\x00\x00\x00', 'login_password': '\n\x00\x00\x00\x00\x00\x00\x00\x00\x00'}
2021-03-02  15:50:07 Tue root INFO ('\n\x07250 TJ3\x00', '7315', '48', 247, '4', '0', '184.25926208496094', '13.820168495178223', '0.0', '0', '104', '0', '0.0', '0.0', '0.0', '0', '0', '572', '0', '0', '0', '\n\x00\x00\x00\x00\x00\x00\x00\x00\x00', '\n\x00\x00\x00\x00\x00\x00\x00\x00\x00', '0', '0', '2021-03-02 15:50:07')
2021-03-02  15:50:07 Tue root INFO 成功添加数据
2021-03-02  15:50:07 Tue root INFO mes_plc_r4
2021-03-02  15:50:07 Tue root INFO 读取插入数据库数据：{'product_type': '\n\x07250 PCB\x00', 'r1_equipment_status': '7315', 'fail_code': '0', 'recerve': '0', 'prod_num': 26, 'r1_rob_no': '4', 'r1_weld_line_no': '0', 'r1_electric': '183.05845642089844', 'r1_voltage': '13.140191078186035', 'r1_speed': '0.0', 'r1_job': '0', 'r2_rob_no': '104', 'r2_weld_line_no': '0', 'r2_electric': '0.0', 'r2_voltage': '0.0', 'r2_speed': '0.0', 'r2_job': '0', 'replace_status': '0', 'part_status': '0', 'r1_protective_gas': '1971', 'r1_welding_wire': '0', 'r2_protective_gas': '0', 'r2_welding_wire': '0', 'login_id': '\n\x00\x00\x00\x00\x00\x00\x00\x00\x00', 'login_password': '\n\x00\x00\x00\x00\x00\x00\x00\x00\x00'}
2021-03-02  15:50:07 Tue root INFO ('\n\x07250 PCB\x00', '7315', '0', 26, '4', '0', '183.05845642089844', '13.140191078186035', '0.0', '0', '104', '0', '0.0', '0.0', '0.0', '0', '0', '1971', '0', '0', '0', '\n\x00\x00\x00\x00\x00\x00\x00\x00\x00', '\n\x00\x00\x00\x00\x00\x00\x00\x00\x00', '0', '0', '2021-03-02 15:50:07')
2021-03-02  15:50:07 Tue root INFO 成功添加数据
2021-03-02  15:50:07 Tue root INFO mes_plc_r5
2021-03-02  15:50:08 Tue root INFO 读取插入数据库数据：{'product_type': '\n\x00\x00\x00\x00\x00\x00\x00\x00\x00', 'r1_equipment_status': '6162', 'fail_code': '0', 'recerve': '0', 'prod_num': 0, 'r1_rob_no': '0', 'r1_weld_line_no': '0', 'r1_electric': '179.87557983398438', 'r1_voltage': '13.46571159362793', 'r1_speed': '0.0', 'r1_job': '0', 'r2_rob_no': '0', 'r2_weld_line_no': '0', 'r2_electric': '179.296875', 'r2_voltage': '13.418692588806152', 'r2_speed': '0.0', 'r2_job': '0', 'replace_status': '0', 'part_status': '0', 'r1_protective_gas': '0', 'r1_welding_wire': '0', 'r2_protective_gas': '0', 'r2_welding_wire': '0', 'login_id': '\n\x00\x00\x00\x00\x00\x00\x00\x00\x00', 'login_password': '\n\x00\x00\x00\x00\x00\x00\x00\x00\x00'}
2021-03-02  15:50:08 Tue root INFO ('\n\x00\x00\x00\x00\x00\x00\x00\x00\x00', '6162', '0', 0, '0', '0', '179.87557983398438', '13.46571159362793', '0.0', '0', '0', '0', '179.296875', '13.418692588806152', '0.0', '0', '0', '0', '0', '0', '0', '\n\x00\x00\x00\x00\x00\x00\x00\x00\x00', '\n\x00\x00\x00\x00\x00\x00\x00\x00\x00', '0', '0', '2021-03-02 15:50:08')
2021-03-02  15:50:08 Tue root INFO 成功添加数据
2021-03-02  15:50:08 Tue root INFO mes_plc_r6
2021-03-02  15:50:08 Tue root INFO 读取插入数据库数据：{'product_type': '\n\x00\x00\x00\x00\x00\x00\x00\x00\x00', 'r1_equipment_status': '0', 'fail_code': '0', 'recerve': '10', 'prod_num': 19, 'r1_rob_no': '0', 'r1_weld_line_no': '0', 'r1_electric': '0.0', 'r1_voltage': '0.0', 'r1_speed': '0.0', 'r1_job': '0', 'r2_rob_no': '0', 'r2_weld_line_no': '0', 'r2_electric': '0.0', 'r2_voltage': '0.0', 'r2_speed': '0.0', 'r2_job': '0', 'replace_status': '0', 'part_status': '0', 'r1_protective_gas': '0', 'r1_welding_wire': '0', 'r2_protective_gas': '0', 'r2_welding_wire': '0', 'login_id': '\n\x00\x00\x00\x00\x00\x00\x00\x00\x00', 'login_password': '\n\x00\x00\x00\x00\x00\x00\x00\x00\x00'}
2021-03-02  15:50:08 Tue root INFO ('\n\x00\x00\x00\x00\x00\x00\x00\x00\x00', '0', '0', 19, '0', '0', '0.0', '0.0', '0.0', '0', '0', '0', '0.0', '0.0', '0.0', '0', '0', '0', '0', '0', '0', '\n\x00\x00\x00\x00\x00\x00\x00\x00\x00', '\n\x00\x00\x00\x00\x00\x00\x00\x00\x00', '0', '10', '2021-03-02 15:50:08')
2021-03-02  15:50:08 Tue root INFO 成功添加数据
2021-03-02  15:51:08 Tue root INFO plc连接状态:[1, 1, 1, 1, 1, 1]
2021-03-02  15:51:08 Tue root INFO mes_plc
2021-03-02  15:51:09 Tue root INFO 读取插入数据库数据：{'product_type': '\n\x07250 YDG\x00', 'r1_equipment_status': '7315', 'fail_code': '0', 'recerve': '0', 'prod_num': 44, 'r1_rob_no': '4', 'r1_weld_line_no': '0', 'r1_electric': '182.21932983398438', 'r1_voltage': '13.29210090637207', 'r1_speed': '0.0', 'r1_job': '0', 'r2_rob_no': '104', 'r2_weld_line_no': '0', 'r2_electric': '0.0', 'r2_voltage': '0.0', 'r2_speed': '0.0', 'r2_job': '0', 'replace_status': '0', 'part_status': '0', 'r1_protective_gas': '0', 'r1_welding_wire': '0', 'r2_protective_gas': '0', 'r2_welding_wire': '0', 'login_id': '\n\x00\x00\x00\x00\x00\x00\x00\x00\x00', 'login_password': '\n\x00\x00\x00\x00\x00\x00\x00\x00\x00'}
2021-03-02  15:51:09 Tue root INFO ('\n\x07250 YDG\x00', '7315', '0', 44, '4', '0', '182.21932983398438', '13.29210090637207', '0.0', '0', '104', '0', '0.0', '0.0', '0.0', '0', '0', '0', '0', '0', '0', '\n\x00\x00\x00\x00\x00\x00\x00\x00\x00', '\n\x00\x00\x00\x00\x00\x00\x00\x00\x00', '0', '0', '2021-03-02 15:51:09')
2021-03-02  15:51:09 Tue root INFO 成功添加数据
2021-03-02  15:51:09 Tue root INFO mes_plc_r2
2021-03-02  15:51:09 Tue root INFO 读取插入数据库数据：{'product_type': '\n\x07250 TJ1\x00', 'r1_equipment_status': '5267', 'fail_code': '48', 'recerve': '0', 'prod_num': 242, 'r1_rob_no': '4', 'r1_weld_line_no': '0', 'r1_electric': '181.6116943359375', 'r1_voltage': '13.129340171813965', 'r1_speed': '0.0', 'r1_job': '0', 'r2_rob_no': '104', 'r2_weld_line_no': '0', 'r2_electric': '0.0', 'r2_voltage': '0.0', 'r2_speed': '0.0', 'r2_job': '0', 'replace_status': '0', 'part_status': '0', 'r1_protective_gas': '610', 'r1_welding_wire': '0', 'r2_protective_gas': '0', 'r2_welding_wire': '0', 'login_id': '\n\x00\x00\x00\x00\x00\x00\x00\x00\x00', 'login_password': '\n\x00\x00\x00\x00\x00\x00\x00\x00\x00'}
2021-03-02  15:51:09 Tue root INFO ('\n\x07250 TJ1\x00', '5267', '48', 242, '4', '0', '181.6116943359375', '13.129340171813965', '0.0', '0', '104', '0', '0.0', '0.0', '0.0', '0', '0', '610', '0', '0', '0', '\n\x00\x00\x00\x00\x00\x00\x00\x00\x00', '\n\x00\x00\x00\x00\x00\x00\x00\x00\x00', '0', '0', '2021-03-02 15:51:09')
2021-03-02  15:51:09 Tue root INFO 成功添加数据
2021-03-02  15:51:09 Tue root INFO mes_plc_r3
2021-03-02  15:51:10 Tue root INFO 读取插入数据库数据：{'product_type': '\n\x07250 TJ3\x00', 'r1_equipment_status': '7315', 'fail_code': '48', 'recerve': '0', 'prod_num': 247, 'r1_rob_no': '4', 'r1_weld_line_no': '0', 'r1_electric': '184.2737274169922', 'r1_voltage': '13.816550254821777', 'r1_speed': '0.0', 'r1_job': '0', 'r2_rob_no': '104', 'r2_weld_line_no': '0', 'r2_electric': '0.0', 'r2_voltage': '0.0', 'r2_speed': '0.0', 'r2_job': '0', 'replace_status': '0', 'part_status': '0', 'r1_protective_gas': '572', 'r1_welding_wire': '0', 'r2_protective_gas': '0', 'r2_welding_wire': '0', 'login_id': '\n\x00\x00\x00\x00\x00\x00\x00\x00\x00', 'login_password': '\n\x00\x00\x00\x00\x00\x00\x00\x00\x00'}
2021-03-02  15:51:10 Tue root INFO ('\n\x07250 TJ3\x00', '7315', '48', 247, '4', '0', '184.2737274169922', '13.816550254821777', '0.0', '0', '104', '0', '0.0', '0.0', '0.0', '0', '0', '572', '0', '0', '0', '\n\x00\x00\x00\x00\x00\x00\x00\x00\x00', '\n\x00\x00\x00\x00\x00\x00\x00\x00\x00', '0', '0', '2021-03-02 15:51:10')
2021-03-02  15:51:10 Tue root INFO 成功添加数据
2021-03-02  15:51:10 Tue root INFO mes_plc_r4
2021-03-02  15:51:10 Tue root INFO 读取插入数据库数据：{'product_type': '\n\x07250 PCB\x00', 'r1_equipment_status': '7315', 'fail_code': '0', 'recerve': '0', 'prod_num': 26, 'r1_rob_no': '4', 'r1_weld_line_no': '0', 'r1_electric': '183.1018524169922', 'r1_voltage': '13.154658317565918', 'r1_speed': '0.0', 'r1_job': '0', 'r2_rob_no': '104', 'r2_weld_line_no': '0', 'r2_electric': '0.0', 'r2_voltage': '0.0', 'r2_speed': '0.0', 'r2_job': '0', 'replace_status': '0', 'part_status': '0', 'r1_protective_gas': '1971', 'r1_welding_wire': '0', 'r2_protective_gas': '0', 'r2_welding_wire': '0', 'login_id': '\n\x00\x00\x00\x00\x00\x00\x00\x00\x00', 'login_password': '\n\x00\x00\x00\x00\x00\x00\x00\x00\x00'}
2021-03-02  15:51:10 Tue root INFO ('\n\x07250 PCB\x00', '7315', '0', 26, '4', '0', '183.1018524169922', '13.154658317565918', '0.0', '0', '104', '0', '0.0', '0.0', '0.0', '0', '0', '1971', '0', '0', '0', '\n\x00\x00\x00\x00\x00\x00\x00\x00\x00', '\n\x00\x00\x00\x00\x00\x00\x00\x00\x00', '0', '0', '2021-03-02 15:51:10')
2021-03-02  15:51:10 Tue root INFO 成功添加数据
2021-03-02  15:51:10 Tue root INFO mes_plc_r5
2021-03-02  15:51:10 Tue root INFO 读取插入数据库数据：{'product_type': '\n\x00\x00\x00\x00\x00\x00\x00\x00\x00', 'r1_equipment_status': '6162', 'fail_code': '0', 'recerve': '0', 'prod_num': 0, 'r1_rob_no': '0', 'r1_weld_line_no': '0', 'r1_electric': '179.83216857910156', 'r1_voltage': '13.447627067565918', 'r1_speed': '0.0', 'r1_job': '0', 'r2_rob_no': '0', 'r2_weld_line_no': '0', 'r2_electric': '179.21006774902344', 'r2_voltage': '13.411458015441895', 'r2_speed': '0.0', 'r2_job': '0', 'replace_status': '0', 'part_status': '0', 'r1_protective_gas': '0', 'r1_welding_wire': '0', 'r2_protective_gas': '0', 'r2_welding_wire': '0', 'login_id': '\n\x00\x00\x00\x00\x00\x00\x00\x00\x00', 'login_password': '\n\x00\x00\x00\x00\x00\x00\x00\x00\x00'}
2021-03-02  15:51:10 Tue root INFO ('\n\x00\x00\x00\x00\x00\x00\x00\x00\x00', '6162', '0', 0, '0', '0', '179.83216857910156', '13.447627067565918', '0.0', '0', '0', '0', '179.21006774902344', '13.411458015441895', '0.0', '0', '0', '0', '0', '0', '0', '\n\x00\x00\x00\x00\x00\x00\x00\x00\x00', '\n\x00\x00\x00\x00\x00\x00\x00\x00\x00', '0', '0', '2021-03-02 15:51:10')
2021-03-02  15:51:10 Tue root INFO 成功添加数据
2021-03-02  15:51:10 Tue root INFO mes_plc_r6
2021-03-02  15:51:11 Tue root INFO 读取插入数据库数据：{'product_type': '\n\x00\x00\x00\x00\x00\x00\x00\x00\x00', 'r1_equipment_status': '0', 'fail_code': '0', 'recerve': '10', 'prod_num': 19, 'r1_rob_no': '0', 'r1_weld_line_no': '0', 'r1_electric': '0.0', 'r1_voltage': '0.0', 'r1_speed': '0.0', 'r1_job': '0', 'r2_rob_no': '0', 'r2_weld_line_no': '0', 'r2_electric': '0.0', 'r2_voltage': '0.0', 'r2_speed': '0.0', 'r2_job': '0', 'replace_status': '0', 'part_status': '0', 'r1_protective_gas': '0', 'r1_welding_wire': '0', 'r2_protective_gas': '0', 'r2_welding_wire': '0', 'login_id': '\n\x00\x00\x00\x00\x00\x00\x00\x00\x00', 'login_password': '\n\x00\x00\x00\x00\x00\x00\x00\x00\x00'}
2021-03-02  15:51:11 Tue root INFO ('\n\x00\x00\x00\x00\x00\x00\x00\x00\x00', '0', '0', 19, '0', '0', '0.0', '0.0', '0.0', '0', '0', '0', '0.0', '0.0', '0.0', '0', '0', '0', '0', '0', '0', '\n\x00\x00\x00\x00\x00\x00\x00\x00\x00', '\n\x00\x00\x00\x00\x00\x00\x00\x00\x00', '0', '10', '2021-03-02 15:51:11')
2021-03-02  15:51:11 Tue root INFO 成功添加数据
2021-03-02  15:52:11 Tue root INFO plc连接状态:[1, 1, 1, 1, 1, 1]
2021-03-02  15:52:11 Tue root INFO mes_plc
2021-03-02  15:52:12 Tue root INFO 读取插入数据库数据：{'product_type': '\n\x07250 YDG\x00', 'r1_equipment_status': '7315', 'fail_code': '0', 'recerve': '0', 'prod_num': 44, 'r1_rob_no': '4', 'r1_weld_line_no': '0', 'r1_electric': '182.24826049804688', 'r1_voltage': '13.284866333007812', 'r1_speed': '0.0', 'r1_job': '0', 'r2_rob_no': '104', 'r2_weld_line_no': '0', 'r2_electric': '0.0', 'r2_voltage': '0.0', 'r2_speed': '0.0', 'r2_job': '0', 'replace_status': '0', 'part_status': '0', 'r1_protective_gas': '0', 'r1_welding_wire': '0', 'r2_protective_gas': '0', 'r2_welding_wire': '0', 'login_id': '\n\x00\x00\x00\x00\x00\x00\x00\x00\x00', 'login_password': '\n\x00\x00\x00\x00\x00\x00\x00\x00\x00'}
2021-03-02  15:52:12 Tue root INFO ('\n\x07250 YDG\x00', '7315', '0', 44, '4', '0', '182.24826049804688', '13.284866333007812', '0.0', '0', '104', '0', '0.0', '0.0', '0.0', '0', '0', '0', '0', '0', '0', '\n\x00\x00\x00\x00\x00\x00\x00\x00\x00', '\n\x00\x00\x00\x00\x00\x00\x00\x00\x00', '0', '0', '2021-03-02 15:52:12')
2021-03-02  15:52:12 Tue root INFO 成功添加数据
2021-03-02  15:52:12 Tue root INFO mes_plc_r2
2021-03-02  15:52:12 Tue root INFO 读取插入数据库数据：{'product_type': '\n\x07250 TJ1\x00', 'r1_equipment_status': '5267', 'fail_code': '48', 'recerve': '0', 'prod_num': 242, 'r1_rob_no': '4', 'r1_weld_line_no': '0', 'r1_electric': '181.6116943359375', 'r1_voltage': '13.12210750579834', 'r1_speed': '0.0', 'r1_job': '0', 'r2_rob_no': '104', 'r2_weld_line_no': '0', 'r2_electric': '0.0', 'r2_voltage': '0.0', 'r2_speed': '0.0', 'r2_job': '0', 'replace_status': '0', 'part_status': '0', 'r1_protective_gas': '610', 'r1_welding_wire': '0', 'r2_protective_gas': '0', 'r2_welding_wire': '0', 'login_id': '\n\x00\x00\x00\x00\x00\x00\x00\x00\x00', 'login_password': '\n\x00\x00\x00\x00\x00\x00\x00\x00\x00'}
2021-03-02  15:52:12 Tue root INFO ('\n\x07250 TJ1\x00', '5267', '48', 242, '4', '0', '181.6116943359375', '13.12210750579834', '0.0', '0', '104', '0', '0.0', '0.0', '0.0', '0', '0', '610', '0', '0', '0', '\n\x00\x00\x00\x00\x00\x00\x00\x00\x00', '\n\x00\x00\x00\x00\x00\x00\x00\x00\x00', '0', '0', '2021-03-02 15:52:12')
2021-03-02  15:52:12 Tue root INFO 成功添加数据
2021-03-02  15:52:12 Tue root INFO mes_plc_r3
2021-03-02  15:52:12 Tue root INFO 读取插入数据库数据：{'product_type': '\n\x07250 TJ3\x00', 'r1_equipment_status': '7315', 'fail_code': '48', 'recerve': '0', 'prod_num': 247, 'r1_rob_no': '4', 'r1_weld_line_no': '0', 'r1_electric': '184.28819274902344', 'r1_voltage': '13.820168495178223', 'r1_speed': '0.0', 'r1_job': '0', 'r2_rob_no': '104', 'r2_weld_line_no': '0', 'r2_electric': '0.0', 'r2_voltage': '0.0', 'r2_speed': '0.0', 'r2_job': '0', 'replace_status': '0', 'part_status': '0', 'r1_protective_gas': '572', 'r1_welding_wire': '0', 'r2_protective_gas': '0', 'r2_welding_wire': '0', 'login_id': '\n\x00\x00\x00\x00\x00\x00\x00\x00\x00', 'login_password': '\n\x00\x00\x00\x00\x00\x00\x00\x00\x00'}
2021-03-02  15:52:12 Tue root INFO ('\n\x07250 TJ3\x00', '7315', '48', 247, '4', '0', '184.28819274902344', '13.820168495178223', '0.0', '0', '104', '0', '0.0', '0.0', '0.0', '0', '0', '572', '0', '0', '0', '\n\x00\x00\x00\x00\x00\x00\x00\x00\x00', '\n\x00\x00\x00\x00\x00\x00\x00\x00\x00', '0', '0', '2021-03-02 15:52:12')
2021-03-02  15:52:13 Tue root INFO 成功添加数据
2021-03-02  15:52:13 Tue root INFO mes_plc_r4
2021-03-02  15:52:13 Tue root INFO 读取插入数据库数据：{'product_type': '\n\x07250 PCB\x00', 'r1_equipment_status': '7315', 'fail_code': '0', 'recerve': '0', 'prod_num': 26, 'r1_rob_no': '4', 'r1_weld_line_no': '0', 'r1_electric': '183.1018524169922', 'r1_voltage': '13.151041984558105', 'r1_speed': '0.0', 'r1_job': '0', 'r2_rob_no': '104', 'r2_weld_line_no': '0', 'r2_electric': '0.0', 'r2_voltage': '0.0', 'r2_speed': '0.0', 'r2_job': '0', 'replace_status': '0', 'part_status': '0', 'r1_protective_gas': '1971', 'r1_welding_wire': '0', 'r2_protective_gas': '0', 'r2_welding_wire': '0', 'login_id': '\n\x00\x00\x00\x00\x00\x00\x00\x00\x00', 'login_password': '\n\x00\x00\x00\x00\x00\x00\x00\x00\x00'}
2021-03-02  15:52:13 Tue root INFO ('\n\x07250 PCB\x00', '7315', '0', 26, '4', '0', '183.1018524169922', '13.151041984558105', '0.0', '0', '104', '0', '0.0', '0.0', '0.0', '0', '0', '1971', '0', '0', '0', '\n\x00\x00\x00\x00\x00\x00\x00\x00\x00', '\n\x00\x00\x00\x00\x00\x00\x00\x00\x00', '0', '0', '2021-03-02 15:52:13')
2021-03-02  15:52:13 Tue root INFO 成功添加数据
2021-03-02  15:52:13 Tue root INFO mes_plc_r5
2021-03-02  15:52:13 Tue root INFO 读取插入数据库数据：{'product_type': '\n\x00\x00\x00\x00\x00\x00\x00\x00\x00', 'r1_equipment_status': '6162', 'fail_code': '0', 'recerve': '0', 'prod_num': 0, 'r1_rob_no': '0', 'r1_weld_line_no': '0', 'r1_electric': '179.84664916992188', 'r1_voltage': '13.462095260620117', 'r1_speed': '0.0', 'r1_job': '0', 'r2_rob_no': '0', 'r2_weld_line_no': '0', 'r2_electric': '179.3402862548828', 'r2_voltage': '13.40060806274414', 'r2_speed': '0.0', 'r2_job': '0', 'replace_status': '0', 'part_status': '0', 'r1_protective_gas': '0', 'r1_welding_wire': '0', 'r2_protective_gas': '0', 'r2_welding_wire': '0', 'login_id': '\n\x00\x00\x00\x00\x00\x00\x00\x00\x00', 'login_password': '\n\x00\x00\x00\x00\x00\x00\x00\x00\x00'}
2021-03-02  15:52:13 Tue root INFO ('\n\x00\x00\x00\x00\x00\x00\x00\x00\x00', '6162', '0', 0, '0', '0', '179.84664916992188', '13.462095260620117', '0.0', '0', '0', '0', '179.3402862548828', '13.40060806274414', '0.0', '0', '0', '0', '0', '0', '0', '\n\x00\x00\x00\x00\x00\x00\x00\x00\x00', '\n\x00\x00\x00\x00\x00\x00\x00\x00\x00', '0', '0', '2021-03-02 15:52:13')
2021-03-02  15:52:13 Tue root INFO 成功添加数据
2021-03-02  15:52:13 Tue root INFO mes_plc_r6
2021-03-02  15:52:14 Tue root INFO 读取插入数据库数据：{'product_type': '\n\x00\x00\x00\x00\x00\x00\x00\x00\x00', 'r1_equipment_status': '0', 'fail_code': '0', 'recerve': '10', 'prod_num': 19, 'r1_rob_no': '0', 'r1_weld_line_no': '0', 'r1_electric': '0.0', 'r1_voltage': '0.0', 'r1_speed': '0.0', 'r1_job': '0', 'r2_rob_no': '0', 'r2_weld_line_no': '0', 'r2_electric': '0.0', 'r2_voltage': '0.0', 'r2_speed': '0.0', 'r2_job': '0', 'replace_status': '0', 'part_status': '0', 'r1_protective_gas': '0', 'r1_welding_wire': '0', 'r2_protective_gas': '0', 'r2_welding_wire': '0', 'login_id': '\n\x00\x00\x00\x00\x00\x00\x00\x00\x00', 'login_password': '\n\x00\x00\x00\x00\x00\x00\x00\x00\x00'}
2021-03-02  15:52:14 Tue root INFO ('\n\x00\x00\x00\x00\x00\x00\x00\x00\x00', '0', '0', 19, '0', '0', '0.0', '0.0', '0.0', '0', '0', '0', '0.0', '0.0', '0.0', '0', '0', '0', '0', '0', '0', '\n\x00\x00\x00\x00\x00\x00\x00\x00\x00', '\n\x00\x00\x00\x00\x00\x00\x00\x00\x00', '0', '10', '2021-03-02 15:52:14')
2021-03-02  15:52:14 Tue root INFO 成功添加数据
2021-03-02  15:53:14 Tue root INFO plc连接状态:[1, 1, 1, 1, 1, 1]
2021-03-02  15:53:14 Tue root INFO mes_plc
2021-03-02  15:53:15 Tue root INFO 读取插入数据库数据：{'product_type': '\n\x07250 YDG\x00', 'r1_equipment_status': '7315', 'fail_code': '0', 'recerve': '0', 'prod_num': 44, 'r1_rob_no': '4', 'r1_weld_line_no': '0', 'r1_electric': '182.17591857910156', 'r1_voltage': '13.29210090637207', 'r1_speed': '0.0', 'r1_job': '0', 'r2_rob_no': '104', 'r2_weld_line_no': '0', 'r2_electric': '0.0', 'r2_voltage': '0.0', 'r2_speed': '0.0', 'r2_job': '0', 'replace_status': '0', 'part_status': '0', 'r1_protective_gas': '0', 'r1_welding_wire': '0', 'r2_protective_gas': '0', 'r2_welding_wire': '0', 'login_id': '\n\x00\x00\x00\x00\x00\x00\x00\x00\x00', 'login_password': '\n\x00\x00\x00\x00\x00\x00\x00\x00\x00'}
2021-03-02  15:53:15 Tue root INFO ('\n\x07250 YDG\x00', '7315', '0', 44, '4', '0', '182.17591857910156', '13.29210090637207', '0.0', '0', '104', '0', '0.0', '0.0', '0.0', '0', '0', '0', '0', '0', '0', '\n\x00\x00\x00\x00\x00\x00\x00\x00\x00', '\n\x00\x00\x00\x00\x00\x00\x00\x00\x00', '0', '0', '2021-03-02 15:53:15')
2021-03-02  15:53:15 Tue root INFO 成功添加数据
2021-03-02  15:53:15 Tue root INFO mes_plc_r2
2021-03-02  15:53:15 Tue root INFO 读取插入数据库数据：{'product_type': '\n\x07250 TJ1\x00', 'r1_equipment_status': '5267', 'fail_code': '48', 'recerve': '0', 'prod_num': 242, 'r1_rob_no': '4', 'r1_weld_line_no': '0', 'r1_electric': '181.65509033203125', 'r1_voltage': '13.129340171813965', 'r1_speed': '0.0', 'r1_job': '0', 'r2_rob_no': '104', 'r2_weld_line_no': '0', 'r2_electric': '0.0', 'r2_voltage': '0.0', 'r2_speed': '0.0', 'r2_job': '0', 'replace_status': '0', 'part_status': '0', 'r1_protective_gas': '610', 'r1_welding_wire': '0', 'r2_protective_gas': '0', 'r2_welding_wire': '0', 'login_id': '\n\x00\x00\x00\x00\x00\x00\x00\x00\x00', 'login_password': '\n\x00\x00\x00\x00\x00\x00\x00\x00\x00'}
2021-03-02  15:53:15 Tue root INFO ('\n\x07250 TJ1\x00', '5267', '48', 242, '4', '0', '181.65509033203125', '13.129340171813965', '0.0', '0', '104', '0', '0.0', '0.0', '0.0', '0', '0', '610', '0', '0', '0', '\n\x00\x00\x00\x00\x00\x00\x00\x00\x00', '\n\x00\x00\x00\x00\x00\x00\x00\x00\x00', '0', '0', '2021-03-02 15:53:15')
2021-03-02  15:53:15 Tue root INFO 成功添加数据
2021-03-02  15:53:15 Tue root INFO mes_plc_r3
2021-03-02  15:53:15 Tue root INFO 读取插入数据库数据：{'product_type': '\n\x07250 TJ3\x00', 'r1_equipment_status': '7315', 'fail_code': '48', 'recerve': '0', 'prod_num': 247, 'r1_rob_no': '4', 'r1_weld_line_no': '0', 'r1_electric': '184.28819274902344', 'r1_voltage': '13.816550254821777', 'r1_speed': '0.0', 'r1_job': '0', 'r2_rob_no': '104', 'r2_weld_line_no': '0', 'r2_electric': '0.0', 'r2_voltage': '0.0', 'r2_speed': '0.0', 'r2_job': '0', 'replace_status': '0', 'part_status': '0', 'r1_protective_gas': '572', 'r1_welding_wire': '0', 'r2_protective_gas': '0', 'r2_welding_wire': '0', 'login_id': '\n\x00\x00\x00\x00\x00\x00\x00\x00\x00', 'login_password': '\n\x00\x00\x00\x00\x00\x00\x00\x00\x00'}
2021-03-02  15:53:15 Tue root INFO ('\n\x07250 TJ3\x00', '7315', '48', 247, '4', '0', '184.28819274902344', '13.816550254821777', '0.0', '0', '104', '0', '0.0', '0.0', '0.0', '0', '0', '572', '0', '0', '0', '\n\x00\x00\x00\x00\x00\x00\x00\x00\x00', '\n\x00\x00\x00\x00\x00\x00\x00\x00\x00', '0', '0', '2021-03-02 15:53:15')
2021-03-02  15:53:15 Tue root INFO 成功添加数据
2021-03-02  15:53:15 Tue root INFO mes_plc_r4
2021-03-02  15:53:16 Tue root INFO 读取插入数据库数据：{'product_type': '\n\x07250 PCB\x00', 'r1_equipment_status': '7315', 'fail_code': '0', 'recerve': '0', 'prod_num': 26, 'r1_rob_no': '4', 'r1_weld_line_no': '0', 'r1_electric': '183.05845642089844', 'r1_voltage': '13.14742374420166', 'r1_speed': '0.0', 'r1_job': '0', 'r2_rob_no': '104', 'r2_weld_line_no': '0', 'r2_electric': '0.0', 'r2_voltage': '0.0', 'r2_speed': '0.0', 'r2_job': '0', 'replace_status': '0', 'part_status': '0', 'r1_protective_gas': '1971', 'r1_welding_wire': '0', 'r2_protective_gas': '0', 'r2_welding_wire': '0', 'login_id': '\n\x00\x00\x00\x00\x00\x00\x00\x00\x00', 'login_password': '\n\x00\x00\x00\x00\x00\x00\x00\x00\x00'}
2021-03-02  15:53:16 Tue root INFO ('\n\x07250 PCB\x00', '7315', '0', 26, '4', '0', '183.05845642089844', '13.14742374420166', '0.0', '0', '104', '0', '0.0', '0.0', '0.0', '0', '0', '1971', '0', '0', '0', '\n\x00\x00\x00\x00\x00\x00\x00\x00\x00', '\n\x00\x00\x00\x00\x00\x00\x00\x00\x00', '0', '0', '2021-03-02 15:53:16')
2021-03-02  15:53:16 Tue root INFO 成功添加数据
2021-03-02  15:53:16 Tue root INFO mes_plc_r5
2021-03-02  15:53:16 Tue root INFO 读取插入数据库数据：{'product_type': '\n\x00\x00\x00\x00\x00\x00\x00\x00\x00', 'r1_equipment_status': '6226', 'fail_code': '0', 'recerve': '0', 'prod_num': 0, 'r1_rob_no': '0', 'r1_weld_line_no': '0', 'r1_electric': '179.77430725097656', 'r1_voltage': '13.425925254821777', 'r1_speed': '0.0', 'r1_job': '0', 'r2_rob_no': '0', 'r2_weld_line_no': '0', 'r2_electric': '179.3402862548828', 'r2_voltage': '13.40060806274414', 'r2_speed': '0.0', 'r2_job': '0', 'replace_status': '0', 'part_status': '0', 'r1_protective_gas': '0', 'r1_welding_wire': '0', 'r2_protective_gas': '0', 'r2_welding_wire': '0', 'login_id': '\n\x00\x00\x00\x00\x00\x00\x00\x00\x00', 'login_password': '\n\x00\x00\x00\x00\x00\x00\x00\x00\x00'}
2021-03-02  15:53:16 Tue root INFO ('\n\x00\x00\x00\x00\x00\x00\x00\x00\x00', '6226', '0', 0, '0', '0', '179.77430725097656', '13.425925254821777', '0.0', '0', '0', '0', '179.3402862548828', '13.40060806274414', '0.0', '0', '0', '0', '0', '0', '0', '\n\x00\x00\x00\x00\x00\x00\x00\x00\x00', '\n\x00\x00\x00\x00\x00\x00\x00\x00\x00', '0', '0', '2021-03-02 15:53:16')
2021-03-02  15:53:16 Tue root INFO 成功添加数据
2021-03-02  15:53:16 Tue root INFO mes_plc_r6
2021-03-02  15:53:17 Tue root INFO 读取插入数据库数据：{'product_type': '\n\x00\x00\x00\x00\x00\x00\x00\x00\x00', 'r1_equipment_status': '0', 'fail_code': '0', 'recerve': '10', 'prod_num': 19, 'r1_rob_no': '0', 'r1_weld_line_no': '0', 'r1_electric': '0.0', 'r1_voltage': '0.0', 'r1_speed': '0.0', 'r1_job': '0', 'r2_rob_no': '0', 'r2_weld_line_no': '0', 'r2_electric': '0.0', 'r2_voltage': '0.0', 'r2_speed': '0.0', 'r2_job': '0', 'replace_status': '0', 'part_status': '0', 'r1_protective_gas': '0', 'r1_welding_wire': '0', 'r2_protective_gas': '0', 'r2_welding_wire': '0', 'login_id': '\n\x00\x00\x00\x00\x00\x00\x00\x00\x00', 'login_password': '\n\x00\x00\x00\x00\x00\x00\x00\x00\x00'}
2021-03-02  15:53:17 Tue root INFO ('\n\x00\x00\x00\x00\x00\x00\x00\x00\x00', '0', '0', 19, '0', '0', '0.0', '0.0', '0.0', '0', '0', '0', '0.0', '0.0', '0.0', '0', '0', '0', '0', '0', '0', '\n\x00\x00\x00\x00\x00\x00\x00\x00\x00', '\n\x00\x00\x00\x00\x00\x00\x00\x00\x00', '0', '10', '2021-03-02 15:53:17')
2021-03-02  15:53:17 Tue root INFO 成功添加数据
2021-03-02  15:54:17 Tue root INFO plc连接状态:[1, 1, 1, 1, 1, 1]
2021-03-02  15:54:17 Tue root INFO mes_plc
2021-03-02  15:54:18 Tue root INFO 读取插入数据库数据：{'product_type': '\n\x07250 YDG\x00', 'r1_equipment_status': '7315', 'fail_code': '0', 'recerve': '0', 'prod_num': 44, 'r1_rob_no': '4', 'r1_weld_line_no': '0', 'r1_electric': '182.21932983398438', 'r1_voltage': '13.284866333007812', 'r1_speed': '0.0', 'r1_job': '0', 'r2_rob_no': '104', 'r2_weld_line_no': '0', 'r2_electric': '0.0', 'r2_voltage': '0.0', 'r2_speed': '0.0', 'r2_job': '0', 'replace_status': '0', 'part_status': '0', 'r1_protective_gas': '0', 'r1_welding_wire': '0', 'r2_protective_gas': '0', 'r2_welding_wire': '0', 'login_id': '\n\x00\x00\x00\x00\x00\x00\x00\x00\x00', 'login_password': '\n\x00\x00\x00\x00\x00\x00\x00\x00\x00'}
2021-03-02  15:54:18 Tue root INFO ('\n\x07250 YDG\x00', '7315', '0', 44, '4', '0', '182.21932983398438', '13.284866333007812', '0.0', '0', '104', '0', '0.0', '0.0', '0.0', '0', '0', '0', '0', '0', '0', '\n\x00\x00\x00\x00\x00\x00\x00\x00\x00', '\n\x00\x00\x00\x00\x00\x00\x00\x00\x00', '0', '0', '2021-03-02 15:54:18')
2021-03-02  15:54:18 Tue root INFO 成功添加数据
2021-03-02  15:54:18 Tue root INFO mes_plc_r2
2021-03-02  15:54:18 Tue root INFO 读取插入数据库数据：{'product_type': '\n\x07250 TJ1\x00', 'r1_equipment_status': '5267', 'fail_code': '48', 'recerve': '0', 'prod_num': 242, 'r1_rob_no': '4', 'r1_weld_line_no': '0', 'r1_electric': '181.640625', 'r1_voltage': '13.129340171813965', 'r1_speed': '0.0', 'r1_job': '0', 'r2_rob_no': '104', 'r2_weld_line_no': '0', 'r2_electric': '0.0', 'r2_voltage': '0.0', 'r2_speed': '0.0', 'r2_job': '0', 'replace_status': '0', 'part_status': '0', 'r1_protective_gas': '610', 'r1_welding_wire': '0', 'r2_protective_gas': '0', 'r2_welding_wire': '0', 'login_id': '\n\x00\x00\x00\x00\x00\x00\x00\x00\x00', 'login_password': '\n\x00\x00\x00\x00\x00\x00\x00\x00\x00'}
2021-03-02  15:54:18 Tue root INFO ('\n\x07250 TJ1\x00', '5267', '48', 242, '4', '0', '181.640625', '13.129340171813965', '0.0', '0', '104', '0', '0.0', '0.0', '0.0', '0', '0', '610', '0', '0', '0', '\n\x00\x00\x00\x00\x00\x00\x00\x00\x00', '\n\x00\x00\x00\x00\x00\x00\x00\x00\x00', '0', '0', '2021-03-02 15:54:18')
2021-03-02  15:54:18 Tue root INFO 成功添加数据
2021-03-02  15:54:18 Tue root INFO mes_plc_r3
2021-03-02  15:54:18 Tue root INFO 读取插入数据库数据：{'product_type': '\n\x07250 TJ3\x00', 'r1_equipment_status': '7315', 'fail_code': '48', 'recerve': '0', 'prod_num': 247, 'r1_rob_no': '4', 'r1_weld_line_no': '0', 'r1_electric': '184.28819274902344', 'r1_voltage': '13.816550254821777', 'r1_speed': '0.0', 'r1_job': '0', 'r2_rob_no': '104', 'r2_weld_line_no': '0', 'r2_electric': '0.0', 'r2_voltage': '0.0', 'r2_speed': '0.0', 'r2_job': '0', 'replace_status': '0', 'part_status': '0', 'r1_protective_gas': '572', 'r1_welding_wire': '0', 'r2_protective_gas': '0', 'r2_welding_wire': '0', 'login_id': '\n\x00\x00\x00\x00\x00\x00\x00\x00\x00', 'login_password': '\n\x00\x00\x00\x00\x00\x00\x00\x00\x00'}
2021-03-02  15:54:18 Tue root INFO ('\n\x07250 TJ3\x00', '7315', '48', 247, '4', '0', '184.28819274902344', '13.816550254821777', '0.0', '0', '104', '0', '0.0', '0.0', '0.0', '0', '0', '572', '0', '0', '0', '\n\x00\x00\x00\x00\x00\x00\x00\x00\x00', '\n\x00\x00\x00\x00\x00\x00\x00\x00\x00', '0', '0', '2021-03-02 15:54:18')
2021-03-02  15:54:18 Tue root INFO 成功添加数据
2021-03-02  15:54:18 Tue root INFO mes_plc_r4
2021-03-02  15:54:19 Tue root INFO 读取插入数据库数据：{'product_type': '\n\x07250 PCB\x00', 'r1_equipment_status': '7315', 'fail_code': '0', 'recerve': '0', 'prod_num': 26, 'r1_rob_no': '4', 'r1_weld_line_no': '0', 'r1_electric': '183.1018524169922', 'r1_voltage': '13.14742374420166', 'r1_speed': '0.0', 'r1_job': '0', 'r2_rob_no': '104', 'r2_weld_line_no': '0', 'r2_electric': '0.0', 'r2_voltage': '0.0', 'r2_speed': '0.0', 'r2_job': '0', 'replace_status': '0', 'part_status': '0', 'r1_protective_gas': '1971', 'r1_welding_wire': '0', 'r2_protective_gas': '0', 'r2_welding_wire': '0', 'login_id': '\n\x00\x00\x00\x00\x00\x00\x00\x00\x00', 'login_password': '\n\x00\x00\x00\x00\x00\x00\x00\x00\x00'}
2021-03-02  15:54:19 Tue root INFO ('\n\x07250 PCB\x00', '7315', '0', 26, '4', '0', '183.1018524169922', '13.14742374420166', '0.0', '0', '104', '0', '0.0', '0.0', '0.0', '0', '0', '1971', '0', '0', '0', '\n\x00\x00\x00\x00\x00\x00\x00\x00\x00', '\n\x00\x00\x00\x00\x00\x00\x00\x00\x00', '0', '0', '2021-03-02 15:54:19')
2021-03-02  15:54:19 Tue root INFO 成功添加数据
2021-03-02  15:54:19 Tue root INFO mes_plc_r5
2021-03-02  15:54:19 Tue root INFO 读取插入数据库数据：{'product_type': '\n\x00\x00\x00\x00\x00\x00\x00\x00\x00', 'r1_equipment_status': '6162', 'fail_code': '0', 'recerve': '0', 'prod_num': 0, 'r1_rob_no': '0', 'r1_weld_line_no': '0', 'r1_electric': '179.86111450195312', 'r1_voltage': '13.447627067565918', 'r1_speed': '0.0', 'r1_job': '0', 'r2_rob_no': '0', 'r2_weld_line_no': '0', 'r2_electric': '179.21006774902344', 'r2_voltage': '13.407841682434082', 'r2_speed': '0.0', 'r2_job': '0', 'replace_status': '0', 'part_status': '0', 'r1_protective_gas': '0', 'r1_welding_wire': '0', 'r2_protective_gas': '0', 'r2_welding_wire': '0', 'login_id': '\n\x00\x00\x00\x00\x00\x00\x00\x00\x00', 'login_password': '\n\x00\x00\x00\x00\x00\x00\x00\x00\x00'}
2021-03-02  15:54:19 Tue root INFO ('\n\x00\x00\x00\x00\x00\x00\x00\x00\x00', '6162', '0', 0, '0', '0', '179.86111450195312', '13.447627067565918', '0.0', '0', '0', '0', '179.21006774902344', '13.407841682434082', '0.0', '0', '0', '0', '0', '0', '0', '\n\x00\x00\x00\x00\x00\x00\x00\x00\x00', '\n\x00\x00\x00\x00\x00\x00\x00\x00\x00', '0', '0', '2021-03-02 15:54:19')
2021-03-02  15:54:19 Tue root INFO 成功添加数据
2021-03-02  15:54:19 Tue root INFO mes_plc_r6
2021-03-02  15:54:19 Tue root INFO 读取插入数据库数据：{'product_type': '\n\x00\x00\x00\x00\x00\x00\x00\x00\x00', 'r1_equipment_status': '0', 'fail_code': '0', 'recerve': '10', 'prod_num': 19, 'r1_rob_no': '0', 'r1_weld_line_no': '0', 'r1_electric': '0.0', 'r1_voltage': '0.0', 'r1_speed': '0.0', 'r1_job': '0', 'r2_rob_no': '0', 'r2_weld_line_no': '0', 'r2_electric': '0.0', 'r2_voltage': '0.0', 'r2_speed': '0.0', 'r2_job': '0', 'replace_status': '0', 'part_status': '0', 'r1_protective_gas': '0', 'r1_welding_wire': '0', 'r2_protective_gas': '0', 'r2_welding_wire': '0', 'login_id': '\n\x00\x00\x00\x00\x00\x00\x00\x00\x00', 'login_password': '\n\x00\x00\x00\x00\x00\x00\x00\x00\x00'}
2021-03-02  15:54:19 Tue root INFO ('\n\x00\x00\x00\x00\x00\x00\x00\x00\x00', '0', '0', 19, '0', '0', '0.0', '0.0', '0.0', '0', '0', '0', '0.0', '0.0', '0.0', '0', '0', '0', '0', '0', '0', '\n\x00\x00\x00\x00\x00\x00\x00\x00\x00', '\n\x00\x00\x00\x00\x00\x00\x00\x00\x00', '0', '10', '2021-03-02 15:54:19')
2021-03-02  15:54:19 Tue root INFO 成功添加数据
2021-03-02  15:55:20 Tue root INFO plc连接状态:[1, 1, 1, 1, 1, 1]
2021-03-02  15:55:20 Tue root INFO mes_plc
2021-03-02  15:55:21 Tue root INFO 读取插入数据库数据：{'product_type': '\n\x07250 YDG\x00', 'r1_equipment_status': '7315', 'fail_code': '0', 'recerve': '0', 'prod_num': 44, 'r1_rob_no': '4', 'r1_weld_line_no': '0', 'r1_electric': '182.17591857910156', 'r1_voltage': '13.295717239379883', 'r1_speed': '0.0', 'r1_job': '0', 'r2_rob_no': '104', 'r2_weld_line_no': '0', 'r2_electric': '0.0', 'r2_voltage': '0.0', 'r2_speed': '0.0', 'r2_job': '0', 'replace_status': '0', 'part_status': '0', 'r1_protective_gas': '0', 'r1_welding_wire': '0', 'r2_protective_gas': '0', 'r2_welding_wire': '0', 'login_id': '\n\x00\x00\x00\x00\x00\x00\x00\x00\x00', 'login_password': '\n\x00\x00\x00\x00\x00\x00\x00\x00\x00'}
2021-03-02  15:55:21 Tue root INFO ('\n\x07250 YDG\x00', '7315', '0', 44, '4', '0', '182.17591857910156', '13.295717239379883', '0.0', '0', '104', '0', '0.0', '0.0', '0.0', '0', '0', '0', '0', '0', '0', '\n\x00\x00\x00\x00\x00\x00\x00\x00\x00', '\n\x00\x00\x00\x00\x00\x00\x00\x00\x00', '0', '0', '2021-03-02 15:55:21')
2021-03-02  15:55:21 Tue root INFO 成功添加数据
2021-03-02  15:55:21 Tue root INFO mes_plc_r2
2021-03-02  15:55:21 Tue root INFO 读取插入数据库数据：{'product_type': '\n\x07250 TJ1\x00', 'r1_equipment_status': '5267', 'fail_code': '48', 'recerve': '0', 'prod_num': 242, 'r1_rob_no': '4', 'r1_weld_line_no': '0', 'r1_electric': '181.6695556640625', 'r1_voltage': '13.132956504821777', 'r1_speed': '0.0', 'r1_job': '0', 'r2_rob_no': '104', 'r2_weld_line_no': '0', 'r2_electric': '0.0', 'r2_voltage': '0.0', 'r2_speed': '0.0', 'r2_job': '0', 'replace_status': '0', 'part_status': '0', 'r1_protective_gas': '610', 'r1_welding_wire': '0', 'r2_protective_gas': '0', 'r2_welding_wire': '0', 'login_id': '\n\x00\x00\x00\x00\x00\x00\x00\x00\x00', 'login_password': '\n\x00\x00\x00\x00\x00\x00\x00\x00\x00'}
2021-03-02  15:55:21 Tue root INFO ('\n\x07250 TJ1\x00', '5267', '48', 242, '4', '0', '181.6695556640625', '13.132956504821777', '0.0', '0', '104', '0', '0.0', '0.0', '0.0', '0', '0', '610', '0', '0', '0', '\n\x00\x00\x00\x00\x00\x00\x00\x00\x00', '\n\x00\x00\x00\x00\x00\x00\x00\x00\x00', '0', '0', '2021-03-02 15:55:21')
2021-03-02  15:55:21 Tue root INFO 成功添加数据
2021-03-02  15:55:21 Tue root INFO mes_plc_r3
2021-03-02  15:55:21 Tue root INFO 读取插入数据库数据：{'product_type': '\n\x07250 TJ3\x00', 'r1_equipment_status': '7315', 'fail_code': '48', 'recerve': '0', 'prod_num': 247, 'r1_rob_no': '4', 'r1_weld_line_no': '0', 'r1_electric': '184.2737274169922', 'r1_voltage': '13.820168495178223', 'r1_speed': '0.0', 'r1_job': '0', 'r2_rob_no': '104', 'r2_weld_line_no': '0', 'r2_electric': '0.0', 'r2_voltage': '0.0', 'r2_speed': '0.0', 'r2_job': '0', 'replace_status': '0', 'part_status': '0', 'r1_protective_gas': '572', 'r1_welding_wire': '0', 'r2_protective_gas': '0', 'r2_welding_wire': '0', 'login_id': '\n\x00\x00\x00\x00\x00\x00\x00\x00\x00', 'login_password': '\n\x00\x00\x00\x00\x00\x00\x00\x00\x00'}
2021-03-02  15:55:21 Tue root INFO ('\n\x07250 TJ3\x00', '7315', '48', 247, '4', '0', '184.2737274169922', '13.820168495178223', '0.0', '0', '104', '0', '0.0', '0.0', '0.0', '0', '0', '572', '0', '0', '0', '\n\x00\x00\x00\x00\x00\x00\x00\x00\x00', '\n\x00\x00\x00\x00\x00\x00\x00\x00\x00', '0', '0', '2021-03-02 15:55:21')
2021-03-02  15:55:21 Tue root INFO 成功添加数据
2021-03-02  15:55:21 Tue root INFO mes_plc_r4
2021-03-02  15:55:21 Tue root INFO 读取插入数据库数据：{'product_type': '\n\x07250 PCB\x00', 'r1_equipment_status': '7233', 'fail_code': '0', 'recerve': '0', 'prod_num': 26, 'r1_rob_no': '4', 'r1_weld_line_no': '0', 'r1_electric': '183.11631774902344', 'r1_voltage': '-14.359085083007812', 'r1_speed': '0.0', 'r1_job': '0', 'r2_rob_no': '104', 'r2_weld_line_no': '0', 'r2_electric': '0.0', 'r2_voltage': '0.0', 'r2_speed': '0.0', 'r2_job': '0', 'replace_status': '0', 'part_status': '0', 'r1_protective_gas': '1981', 'r1_welding_wire': '0', 'r2_protective_gas': '0', 'r2_welding_wire': '0', 'login_id': '\n\x00\x00\x00\x00\x00\x00\x00\x00\x00', 'login_password': '\n\x00\x00\x00\x00\x00\x00\x00\x00\x00'}
2021-03-02  15:55:21 Tue root INFO ('\n\x07250 PCB\x00', '7233', '0', 26, '4', '0', '183.11631774902344', '-14.359085083007812', '0.0', '0', '104', '0', '0.0', '0.0', '0.0', '0', '0', '1981', '0', '0', '0', '\n\x00\x00\x00\x00\x00\x00\x00\x00\x00', '\n\x00\x00\x00\x00\x00\x00\x00\x00\x00', '0', '0', '2021-03-02 15:55:21')
2021-03-02  15:55:22 Tue root INFO 成功添加数据
2021-03-02  15:55:22 Tue root INFO mes_plc_r5
2021-03-02  15:55:22 Tue root INFO 读取插入数据库数据：{'product_type': '\n\x00\x00\x00\x00\x00\x00\x00\x00\x00', 'r1_equipment_status': '6162', 'fail_code': '0', 'recerve': '0', 'prod_num': 0, 'r1_rob_no': '0', 'r1_weld_line_no': '0', 'r1_electric': '179.80323791503906', 'r1_voltage': '13.44039249420166', 'r1_speed': '0.0', 'r1_job': '0', 'r2_rob_no': '0', 'r2_weld_line_no': '0', 'r2_electric': '179.28240966796875', 'r2_voltage': '13.411458015441895', 'r2_speed': '0.0', 'r2_job': '0', 'replace_status': '0', 'part_status': '0', 'r1_protective_gas': '0', 'r1_welding_wire': '0', 'r2_protective_gas': '0', 'r2_welding_wire': '0', 'login_id': '\n\x00\x00\x00\x00\x00\x00\x00\x00\x00', 'login_password': '\n\x00\x00\x00\x00\x00\x00\x00\x00\x00'}
2021-03-02  15:55:22 Tue root INFO ('\n\x00\x00\x00\x00\x00\x00\x00\x00\x00', '6162', '0', 0, '0', '0', '179.80323791503906', '13.44039249420166', '0.0', '0', '0', '0', '179.28240966796875', '13.411458015441895', '0.0', '0', '0', '0', '0', '0', '0', '\n\x00\x00\x00\x00\x00\x00\x00\x00\x00', '\n\x00\x00\x00\x00\x00\x00\x00\x00\x00', '0', '0', '2021-03-02 15:55:22')
2021-03-02  15:55:22 Tue root INFO 成功添加数据
2021-03-02  15:55:22 Tue root INFO mes_plc_r6
2021-03-02  15:55:22 Tue root INFO 读取插入数据库数据：{'product_type': '\n\x00\x00\x00\x00\x00\x00\x00\x00\x00', 'r1_equipment_status': '0', 'fail_code': '0', 'recerve': '10', 'prod_num': 19, 'r1_rob_no': '0', 'r1_weld_line_no': '0', 'r1_electric': '0.0', 'r1_voltage': '0.0', 'r1_speed': '0.0', 'r1_job': '0', 'r2_rob_no': '0', 'r2_weld_line_no': '0', 'r2_electric': '0.0', 'r2_voltage': '0.0', 'r2_speed': '0.0', 'r2_job': '0', 'replace_status': '0', 'part_status': '0', 'r1_protective_gas': '0', 'r1_welding_wire': '0', 'r2_protective_gas': '0', 'r2_welding_wire': '0', 'login_id': '\n\x00\x00\x00\x00\x00\x00\x00\x00\x00', 'login_password': '\n\x00\x00\x00\x00\x00\x00\x00\x00\x00'}
2021-03-02  15:55:22 Tue root INFO ('\n\x00\x00\x00\x00\x00\x00\x00\x00\x00', '0', '0', 19, '0', '0', '0.0', '0.0', '0.0', '0', '0', '0', '0.0', '0.0', '0.0', '0', '0', '0', '0', '0', '0', '\n\x00\x00\x00\x00\x00\x00\x00\x00\x00', '\n\x00\x00\x00\x00\x00\x00\x00\x00\x00', '0', '10', '2021-03-02 15:55:22')
2021-03-02  15:55:22 Tue root INFO 成功添加数据
2021-03-02  15:56:22 Tue root INFO plc连接状态:[1, 1, 1, 1, 1, 1]
2021-03-02  15:56:22 Tue root INFO mes_plc
2021-03-02  15:56:23 Tue root INFO 读取插入数据库数据：{'product_type': '\n\x07250 YDG\x00', 'r1_equipment_status': '7315', 'fail_code': '0', 'recerve': '0', 'prod_num': 44, 'r1_rob_no': '4', 'r1_weld_line_no': '0', 'r1_electric': '182.19039916992188', 'r1_voltage': '13.29210090637207', 'r1_speed': '0.0', 'r1_job': '0', 'r2_rob_no': '104', 'r2_weld_line_no': '0', 'r2_electric': '0.0', 'r2_voltage': '0.0', 'r2_speed': '0.0', 'r2_job': '0', 'replace_status': '0', 'part_status': '0', 'r1_protective_gas': '0', 'r1_welding_wire': '0', 'r2_protective_gas': '0', 'r2_welding_wire': '0', 'login_id': '\n\x00\x00\x00\x00\x00\x00\x00\x00\x00', 'login_password': '\n\x00\x00\x00\x00\x00\x00\x00\x00\x00'}
2021-03-02  15:56:23 Tue root INFO ('\n\x07250 YDG\x00', '7315', '0', 44, '4', '0', '182.19039916992188', '13.29210090637207', '0.0', '0', '104', '0', '0.0', '0.0', '0.0', '0', '0', '0', '0', '0', '0', '\n\x00\x00\x00\x00\x00\x00\x00\x00\x00', '\n\x00\x00\x00\x00\x00\x00\x00\x00\x00', '0', '0', '2021-03-02 15:56:23')
2021-03-02  15:56:23 Tue root INFO 成功添加数据
2021-03-02  15:56:23 Tue root INFO mes_plc_r2
2021-03-02  15:56:24 Tue root INFO 读取插入数据库数据：{'product_type': '\n\x07250 TJ1\x00', 'r1_equipment_status': '5267', 'fail_code': '48', 'recerve': '0', 'prod_num': 242, 'r1_rob_no': '4', 'r1_weld_line_no': '0', 'r1_electric': '181.6695556640625', 'r1_voltage': '13.129340171813965', 'r1_speed': '0.0', 'r1_job': '0', 'r2_rob_no': '104', 'r2_weld_line_no': '0', 'r2_electric': '0.0', 'r2_voltage': '0.0', 'r2_speed': '0.0', 'r2_job': '0', 'replace_status': '0', 'part_status': '0', 'r1_protective_gas': '610', 'r1_welding_wire': '0', 'r2_protective_gas': '0', 'r2_welding_wire': '0', 'login_id': '\n\x00\x00\x00\x00\x00\x00\x00\x00\x00', 'login_password': '\n\x00\x00\x00\x00\x00\x00\x00\x00\x00'}
2021-03-02  15:56:24 Tue root INFO ('\n\x07250 TJ1\x00', '5267', '48', 242, '4', '0', '181.6695556640625', '13.129340171813965', '0.0', '0', '104', '0', '0.0', '0.0', '0.0', '0', '0', '610', '0', '0', '0', '\n\x00\x00\x00\x00\x00\x00\x00\x00\x00', '\n\x00\x00\x00\x00\x00\x00\x00\x00\x00', '0', '0', '2021-03-02 15:56:24')
2021-03-02  15:56:24 Tue root INFO 成功添加数据
2021-03-02  15:56:24 Tue root INFO mes_plc_r3
2021-03-02  15:56:24 Tue root INFO 读取插入数据库数据：{'product_type': '\n\x07250 TJ3\x00', 'r1_equipment_status': '7315', 'fail_code': '48', 'recerve': '0', 'prod_num': 247, 'r1_rob_no': '4', 'r1_weld_line_no': '0', 'r1_electric': '184.31712341308594', 'r1_voltage': '13.816550254821777', 'r1_speed': '0.0', 'r1_job': '0', 'r2_rob_no': '104', 'r2_weld_line_no': '0', 'r2_electric': '0.0', 'r2_voltage': '0.0', 'r2_speed': '0.0', 'r2_job': '0', 'replace_status': '0', 'part_status': '0', 'r1_protective_gas': '572', 'r1_welding_wire': '0', 'r2_protective_gas': '0', 'r2_welding_wire': '0', 'login_id': '\n\x00\x00\x00\x00\x00\x00\x00\x00\x00', 'login_password': '\n\x00\x00\x00\x00\x00\x00\x00\x00\x00'}
2021-03-02  15:56:24 Tue root INFO ('\n\x07250 TJ3\x00', '7315', '48', 247, '4', '0', '184.31712341308594', '13.816550254821777', '0.0', '0', '104', '0', '0.0', '0.0', '0.0', '0', '0', '572', '0', '0', '0', '\n\x00\x00\x00\x00\x00\x00\x00\x00\x00', '\n\x00\x00\x00\x00\x00\x00\x00\x00\x00', '0', '0', '2021-03-02 15:56:24')
2021-03-02  15:56:24 Tue root INFO 成功添加数据
2021-03-02  15:56:24 Tue root INFO mes_plc_r4
2021-03-02  15:56:24 Tue root INFO 读取插入数据库数据：{'product_type': '\n\x07250 PCB\x00', 'r1_equipment_status': '7168', 'fail_code': '0', 'recerve': '0', 'prod_num': 26, 'r1_rob_no': '4', 'r1_weld_line_no': '0', 'r1_electric': '183.05845642089844', 'r1_voltage': '13.154658317565918', 'r1_speed': '0.0', 'r1_job': '0', 'r2_rob_no': '104', 'r2_weld_line_no': '0', 'r2_electric': '0.0', 'r2_voltage': '0.0', 'r2_speed': '0.0', 'r2_job': '0', 'replace_status': '0', 'part_status': '0', 'r1_protective_gas': '2007', 'r1_welding_wire': '0', 'r2_protective_gas': '0', 'r2_welding_wire': '0', 'login_id': '\n\x00\x00\x00\x00\x00\x00\x00\x00\x00', 'login_password': '\n\x00\x00\x00\x00\x00\x00\x00\x00\x00'}
2021-03-02  15:56:24 Tue root INFO ('\n\x07250 PCB\x00', '7168', '0', 26, '4', '0', '183.05845642089844', '13.154658317565918', '0.0', '0', '104', '0', '0.0', '0.0', '0.0', '0', '0', '2007', '0', '0', '0', '\n\x00\x00\x00\x00\x00\x00\x00\x00\x00', '\n\x00\x00\x00\x00\x00\x00\x00\x00\x00', '0', '0', '2021-03-02 15:56:24')
2021-03-02  15:56:24 Tue root INFO 成功添加数据
2021-03-02  15:56:24 Tue root INFO mes_plc_r5
2021-03-02  15:56:25 Tue root INFO 读取插入数据库数据：{'product_type': '\n\x00\x00\x00\x00\x00\x00\x00\x00\x00', 'r1_equipment_status': '6162', 'fail_code': '0', 'recerve': '0', 'prod_num': 0, 'r1_rob_no': '0', 'r1_weld_line_no': '0', 'r1_electric': '179.83216857910156', 'r1_voltage': '13.447627067565918', 'r1_speed': '0.0', 'r1_job': '0', 'r2_rob_no': '0', 'r2_weld_line_no': '0', 'r2_electric': '179.2679443359375', 'r2_voltage': '13.418692588806152', 'r2_speed': '0.0', 'r2_job': '0', 'replace_status': '0', 'part_status': '0', 'r1_protective_gas': '0', 'r1_welding_wire': '0', 'r2_protective_gas': '0', 'r2_welding_wire': '0', 'login_id': '\n\x00\x00\x00\x00\x00\x00\x00\x00\x00', 'login_password': '\n\x00\x00\x00\x00\x00\x00\x00\x00\x00'}
2021-03-02  15:56:25 Tue root INFO ('\n\x00\x00\x00\x00\x00\x00\x00\x00\x00', '6162', '0', 0, '0', '0', '179.83216857910156', '13.447627067565918', '0.0', '0', '0', '0', '179.2679443359375', '13.418692588806152', '0.0', '0', '0', '0', '0', '0', '0', '\n\x00\x00\x00\x00\x00\x00\x00\x00\x00', '\n\x00\x00\x00\x00\x00\x00\x00\x00\x00', '0', '0', '2021-03-02 15:56:25')
2021-03-02  15:56:25 Tue root INFO 成功添加数据
2021-03-02  15:56:25 Tue root INFO mes_plc_r6
2021-03-02  15:56:25 Tue root INFO 读取插入数据库数据：{'product_type': '\n\x00\x00\x00\x00\x00\x00\x00\x00\x00', 'r1_equipment_status': '0', 'fail_code': '0', 'recerve': '10', 'prod_num': 19, 'r1_rob_no': '0', 'r1_weld_line_no': '0', 'r1_electric': '0.0', 'r1_voltage': '0.0', 'r1_speed': '0.0', 'r1_job': '0', 'r2_rob_no': '0', 'r2_weld_line_no': '0', 'r2_electric': '0.0', 'r2_voltage': '0.0', 'r2_speed': '0.0', 'r2_job': '0', 'replace_status': '0', 'part_status': '0', 'r1_protective_gas': '0', 'r1_welding_wire': '0', 'r2_protective_gas': '0', 'r2_welding_wire': '0', 'login_id': '\n\x00\x00\x00\x00\x00\x00\x00\x00\x00', 'login_password': '\n\x00\x00\x00\x00\x00\x00\x00\x00\x00'}
2021-03-02  15:56:25 Tue root INFO ('\n\x00\x00\x00\x00\x00\x00\x00\x00\x00', '0', '0', 19, '0', '0', '0.0', '0.0', '0.0', '0', '0', '0', '0.0', '0.0', '0.0', '0', '0', '0', '0', '0', '0', '\n\x00\x00\x00\x00\x00\x00\x00\x00\x00', '\n\x00\x00\x00\x00\x00\x00\x00\x00\x00', '0', '10', '2021-03-02 15:56:25')
2021-03-02  15:56:25 Tue root INFO 成功添加数据
2021-03-02  15:57:25 Tue root INFO plc连接状态:[1, 1, 1, 1, 1, 1]
2021-03-02  15:57:25 Tue root INFO mes_plc
2021-03-02  15:57:26 Tue root INFO 读取插入数据库数据：{'product_type': '\n\x07250 YDG\x00', 'r1_equipment_status': '7315', 'fail_code': '0', 'recerve': '0', 'prod_num': 44, 'r1_rob_no': '4', 'r1_weld_line_no': '0', 'r1_electric': '182.16146850585938', 'r1_voltage': '13.29210090637207', 'r1_speed': '0.0', 'r1_job': '0', 'r2_rob_no': '104', 'r2_weld_line_no': '0', 'r2_electric': '0.0', 'r2_voltage': '0.0', 'r2_speed': '0.0', 'r2_job': '0', 'replace_status': '0', 'part_status': '0', 'r1_protective_gas': '0', 'r1_welding_wire': '0', 'r2_protective_gas': '0', 'r2_welding_wire': '0', 'login_id': '\n\x00\x00\x00\x00\x00\x00\x00\x00\x00', 'login_password': '\n\x00\x00\x00\x00\x00\x00\x00\x00\x00'}
2021-03-02  15:57:26 Tue root INFO ('\n\x07250 YDG\x00', '7315', '0', 44, '4', '0', '182.16146850585938', '13.29210090637207', '0.0', '0', '104', '0', '0.0', '0.0', '0.0', '0', '0', '0', '0', '0', '0', '\n\x00\x00\x00\x00\x00\x00\x00\x00\x00', '\n\x00\x00\x00\x00\x00\x00\x00\x00\x00', '0', '0', '2021-03-02 15:57:26')
2021-03-02  15:57:26 Tue root INFO 成功添加数据
2021-03-02  15:57:26 Tue root INFO mes_plc_r2
2021-03-02  15:57:27 Tue root INFO 读取插入数据库数据：{'product_type': '\n\x07250 TJ1\x00', 'r1_equipment_status': '5267', 'fail_code': '48', 'recerve': '0', 'prod_num': 242, 'r1_rob_no': '4', 'r1_weld_line_no': '0', 'r1_electric': '181.640625', 'r1_voltage': '13.129340171813965', 'r1_speed': '0.0', 'r1_job': '0', 'r2_rob_no': '104', 'r2_weld_line_no': '0', 'r2_electric': '0.0', 'r2_voltage': '0.0', 'r2_speed': '0.0', 'r2_job': '0', 'replace_status': '0', 'part_status': '0', 'r1_protective_gas': '610', 'r1_welding_wire': '0', 'r2_protective_gas': '0', 'r2_welding_wire': '0', 'login_id': '\n\x00\x00\x00\x00\x00\x00\x00\x00\x00', 'login_password': '\n\x00\x00\x00\x00\x00\x00\x00\x00\x00'}
2021-03-02  15:57:27 Tue root INFO ('\n\x07250 TJ1\x00', '5267', '48', 242, '4', '0', '181.640625', '13.129340171813965', '0.0', '0', '104', '0', '0.0', '0.0', '0.0', '0', '0', '610', '0', '0', '0', '\n\x00\x00\x00\x00\x00\x00\x00\x00\x00', '\n\x00\x00\x00\x00\x00\x00\x00\x00\x00', '0', '0', '2021-03-02 15:57:27')
2021-03-02  15:57:27 Tue root INFO 成功添加数据
2021-03-02  15:57:27 Tue root INFO mes_plc_r3
2021-03-02  15:57:27 Tue root INFO 读取插入数据库数据：{'product_type': '\n\x07250 TJ3\x00', 'r1_equipment_status': '7315', 'fail_code': '48', 'recerve': '0', 'prod_num': 247, 'r1_rob_no': '4', 'r1_weld_line_no': '0', 'r1_electric': '184.38946533203125', 'r1_voltage': '13.823784828186035', 'r1_speed': '0.0', 'r1_job': '0', 'r2_rob_no': '104', 'r2_weld_line_no': '0', 'r2_electric': '0.0', 'r2_voltage': '0.0', 'r2_speed': '0.0', 'r2_job': '0', 'replace_status': '0', 'part_status': '0', 'r1_protective_gas': '572', 'r1_welding_wire': '0', 'r2_protective_gas': '0', 'r2_welding_wire': '0', 'login_id': '\n\x00\x00\x00\x00\x00\x00\x00\x00\x00', 'login_password': '\n\x00\x00\x00\x00\x00\x00\x00\x00\x00'}
2021-03-02  15:57:27 Tue root INFO ('\n\x07250 TJ3\x00', '7315', '48', 247, '4', '0', '184.38946533203125', '13.823784828186035', '0.0', '0', '104', '0', '0.0', '0.0', '0.0', '0', '0', '572', '0', '0', '0', '\n\x00\x00\x00\x00\x00\x00\x00\x00\x00', '\n\x00\x00\x00\x00\x00\x00\x00\x00\x00', '0', '0', '2021-03-02 15:57:27')
2021-03-02  15:57:27 Tue root INFO 成功添加数据
2021-03-02  15:57:27 Tue root INFO mes_plc_r4
2021-03-02  15:57:27 Tue root INFO 读取插入数据库数据：{'product_type': '\n\x07250 PCB\x00', 'r1_equipment_status': '7168', 'fail_code': '0', 'recerve': '0', 'prod_num': 26, 'r1_rob_no': '4', 'r1_weld_line_no': '0', 'r1_electric': '183.04397583007812', 'r1_voltage': '13.140191078186035', 'r1_speed': '0.0', 'r1_job': '0', 'r2_rob_no': '104', 'r2_weld_line_no': '0', 'r2_electric': '0.0', 'r2_voltage': '0.0', 'r2_speed': '0.0', 'r2_job': '0', 'replace_status': '0', 'part_status': '0', 'r1_protective_gas': '2034', 'r1_welding_wire': '0', 'r2_protective_gas': '0', 'r2_welding_wire': '0', 'login_id': '\n\x00\x00\x00\x00\x00\x00\x00\x00\x00', 'login_password': '\n\x00\x00\x00\x00\x00\x00\x00\x00\x00'}
2021-03-02  15:57:27 Tue root INFO ('\n\x07250 PCB\x00', '7168', '0', 26, '4', '0', '183.04397583007812', '13.140191078186035', '0.0', '0', '104', '0', '0.0', '0.0', '0.0', '0', '0', '2034', '0', '0', '0', '\n\x00\x00\x00\x00\x00\x00\x00\x00\x00', '\n\x00\x00\x00\x00\x00\x00\x00\x00\x00', '0', '0', '2021-03-02 15:57:27')
2021-03-02  15:57:27 Tue root INFO 成功添加数据
2021-03-02  15:57:27 Tue root INFO mes_plc_r5
2021-03-02  15:57:28 Tue root INFO 读取插入数据库数据：{'product_type': '\n\x00\x00\x00\x00\x00\x00\x00\x00\x00', 'r1_equipment_status': '6162', 'fail_code': '0', 'recerve': '0', 'prod_num': 0, 'r1_rob_no': '0', 'r1_weld_line_no': '0', 'r1_electric': '179.83216857910156', 'r1_voltage': '13.436776161193848', 'r1_speed': '0.0', 'r1_job': '0', 'r2_rob_no': '0', 'r2_weld_line_no': '0', 'r2_electric': '179.296875', 'r2_voltage': '13.40060806274414', 'r2_speed': '0.0', 'r2_job': '0', 'replace_status': '0', 'part_status': '0', 'r1_protective_gas': '0', 'r1_welding_wire': '0', 'r2_protective_gas': '0', 'r2_welding_wire': '0', 'login_id': '\n\x00\x00\x00\x00\x00\x00\x00\x00\x00', 'login_password': '\n\x00\x00\x00\x00\x00\x00\x00\x00\x00'}
2021-03-02  15:57:28 Tue root INFO ('\n\x00\x00\x00\x00\x00\x00\x00\x00\x00', '6162', '0', 0, '0', '0', '179.83216857910156', '13.436776161193848', '0.0', '0', '0', '0', '179.296875', '13.40060806274414', '0.0', '0', '0', '0', '0', '0', '0', '\n\x00\x00\x00\x00\x00\x00\x00\x00\x00', '\n\x00\x00\x00\x00\x00\x00\x00\x00\x00', '0', '0', '2021-03-02 15:57:28')
2021-03-02  15:57:28 Tue root INFO 成功添加数据
2021-03-02  15:57:28 Tue root INFO mes_plc_r6
2021-03-02  15:57:28 Tue root INFO 读取插入数据库数据：{'product_type': '\n\x00\x00\x00\x00\x00\x00\x00\x00\x00', 'r1_equipment_status': '0', 'fail_code': '0', 'recerve': '10', 'prod_num': 19, 'r1_rob_no': '0', 'r1_weld_line_no': '0', 'r1_electric': '0.0', 'r1_voltage': '0.0', 'r1_speed': '0.0', 'r1_job': '0', 'r2_rob_no': '0', 'r2_weld_line_no': '0', 'r2_electric': '0.0', 'r2_voltage': '0.0', 'r2_speed': '0.0', 'r2_job': '0', 'replace_status': '0', 'part_status': '0', 'r1_protective_gas': '0', 'r1_welding_wire': '0', 'r2_protective_gas': '0', 'r2_welding_wire': '0', 'login_id': '\n\x00\x00\x00\x00\x00\x00\x00\x00\x00', 'login_password': '\n\x00\x00\x00\x00\x00\x00\x00\x00\x00'}
2021-03-02  15:57:28 Tue root INFO ('\n\x00\x00\x00\x00\x00\x00\x00\x00\x00', '0', '0', 19, '0', '0', '0.0', '0.0', '0.0', '0', '0', '0', '0.0', '0.0', '0.0', '0', '0', '0', '0', '0', '0', '\n\x00\x00\x00\x00\x00\x00\x00\x00\x00', '\n\x00\x00\x00\x00\x00\x00\x00\x00\x00', '0', '10', '2021-03-02 15:57:28')
2021-03-02  15:57:28 Tue root INFO 成功添加数据
2021-03-02  15:58:28 Tue root INFO plc连接状态:[1, 1, 1, 1, 1, 1]
2021-03-02  15:58:28 Tue root INFO mes_plc
2021-03-02  15:58:29 Tue root INFO 读取插入数据库数据：{'product_type': '\n\x07250 YDG\x00', 'r1_equipment_status': '7315', 'fail_code': '0', 'recerve': '0', 'prod_num': 44, 'r1_rob_no': '4', 'r1_weld_line_no': '0', 'r1_electric': '182.17591857910156', 'r1_voltage': '13.29210090637207', 'r1_speed': '0.0', 'r1_job': '0', 'r2_rob_no': '104', 'r2_weld_line_no': '0', 'r2_electric': '0.0', 'r2_voltage': '0.0', 'r2_speed': '0.0', 'r2_job': '0', 'replace_status': '0', 'part_status': '0', 'r1_protective_gas': '0', 'r1_welding_wire': '0', 'r2_protective_gas': '0', 'r2_welding_wire': '0', 'login_id': '\n\x00\x00\x00\x00\x00\x00\x00\x00\x00', 'login_password': '\n\x00\x00\x00\x00\x00\x00\x00\x00\x00'}
2021-03-02  15:58:29 Tue root INFO ('\n\x07250 YDG\x00', '7315', '0', 44, '4', '0', '182.17591857910156', '13.29210090637207', '0.0', '0', '104', '0', '0.0', '0.0', '0.0', '0', '0', '0', '0', '0', '0', '\n\x00\x00\x00\x00\x00\x00\x00\x00\x00', '\n\x00\x00\x00\x00\x00\x00\x00\x00\x00', '0', '0', '2021-03-02 15:58:29')
2021-03-02  15:58:29 Tue root INFO 成功添加数据
2021-03-02  15:58:29 Tue root INFO mes_plc_r2
2021-03-02  15:58:30 Tue root INFO 读取插入数据库数据：{'product_type': '\n\x07250 TJ1\x00', 'r1_equipment_status': '5267', 'fail_code': '48', 'recerve': '0', 'prod_num': 242, 'r1_rob_no': '4', 'r1_weld_line_no': '0', 'r1_electric': '181.65509033203125', 'r1_voltage': '13.132956504821777', 'r1_speed': '0.0', 'r1_job': '0', 'r2_rob_no': '104', 'r2_weld_line_no': '0', 'r2_electric': '0.0', 'r2_voltage': '0.0', 'r2_speed': '0.0', 'r2_job': '0', 'replace_status': '0', 'part_status': '0', 'r1_protective_gas': '610', 'r1_welding_wire': '0', 'r2_protective_gas': '0', 'r2_welding_wire': '0', 'login_id': '\n\x00\x00\x00\x00\x00\x00\x00\x00\x00', 'login_password': '\n\x00\x00\x00\x00\x00\x00\x00\x00\x00'}
2021-03-02  15:58:30 Tue root INFO ('\n\x07250 TJ1\x00', '5267', '48', 242, '4', '0', '181.65509033203125', '13.132956504821777', '0.0', '0', '104', '0', '0.0', '0.0', '0.0', '0', '0', '610', '0', '0', '0', '\n\x00\x00\x00\x00\x00\x00\x00\x00\x00', '\n\x00\x00\x00\x00\x00\x00\x00\x00\x00', '0', '0', '2021-03-02 15:58:30')
2021-03-02  15:58:30 Tue root INFO 成功添加数据
2021-03-02  15:58:30 Tue root INFO mes_plc_r3
2021-03-02  15:58:30 Tue root INFO 读取插入数据库数据：{'product_type': '\n\x07250 TJ3\x00', 'r1_equipment_status': '7315', 'fail_code': '48', 'recerve': '0', 'prod_num': 247, 'r1_rob_no': '4', 'r1_weld_line_no': '0', 'r1_electric': '184.3460693359375', 'r1_voltage': '13.816550254821777', 'r1_speed': '0.0', 'r1_job': '0', 'r2_rob_no': '104', 'r2_weld_line_no': '0', 'r2_electric': '0.0', 'r2_voltage': '0.0', 'r2_speed': '0.0', 'r2_job': '0', 'replace_status': '0', 'part_status': '0', 'r1_protective_gas': '572', 'r1_welding_wire': '0', 'r2_protective_gas': '0', 'r2_welding_wire': '0', 'login_id': '\n\x00\x00\x00\x00\x00\x00\x00\x00\x00', 'login_password': '\n\x00\x00\x00\x00\x00\x00\x00\x00\x00'}
2021-03-02  15:58:30 Tue root INFO ('\n\x07250 TJ3\x00', '7315', '48', 247, '4', '0', '184.3460693359375', '13.816550254821777', '0.0', '0', '104', '0', '0.0', '0.0', '0.0', '0', '0', '572', '0', '0', '0', '\n\x00\x00\x00\x00\x00\x00\x00\x00\x00', '\n\x00\x00\x00\x00\x00\x00\x00\x00\x00', '0', '0', '2021-03-02 15:58:30')
2021-03-02  15:58:30 Tue root INFO 成功添加数据
2021-03-02  15:58:30 Tue root INFO mes_plc_r4
2021-03-02  15:58:30 Tue root INFO 读取插入数据库数据：{'product_type': '\n\x07250 PCB\x00', 'r1_equipment_status': '7168', 'fail_code': '0', 'recerve': '0', 'prod_num': 26, 'r1_rob_no': '4', 'r1_weld_line_no': '0', 'r1_electric': '183.05845642089844', 'r1_voltage': '13.151041984558105', 'r1_speed': '0.0', 'r1_job': '0', 'r2_rob_no': '104', 'r2_weld_line_no': '0', 'r2_electric': '0.0', 'r2_voltage': '0.0', 'r2_speed': '0.0', 'r2_job': '0', 'replace_status': '0', 'part_status': '0', 'r1_protective_gas': '2060', 'r1_welding_wire': '0', 'r2_protective_gas': '0', 'r2_welding_wire': '0', 'login_id': '\n\x00\x00\x00\x00\x00\x00\x00\x00\x00', 'login_password': '\n\x00\x00\x00\x00\x00\x00\x00\x00\x00'}
2021-03-02  15:58:30 Tue root INFO ('\n\x07250 PCB\x00', '7168', '0', 26, '4', '0', '183.05845642089844', '13.151041984558105', '0.0', '0', '104', '0', '0.0', '0.0', '0.0', '0', '0', '2060', '0', '0', '0', '\n\x00\x00\x00\x00\x00\x00\x00\x00\x00', '\n\x00\x00\x00\x00\x00\x00\x00\x00\x00', '0', '0', '2021-03-02 15:58:30')
2021-03-02  15:58:30 Tue root INFO 成功添加数据
2021-03-02  15:58:30 Tue root INFO mes_plc_r5
2021-03-02  15:58:31 Tue root INFO 读取插入数据库数据：{'product_type': '\n\x00\x00\x00\x00\x00\x00\x00\x00\x00', 'r1_equipment_status': '6162', 'fail_code': '0', 'recerve': '0', 'prod_num': 0, 'r1_rob_no': '0', 'r1_weld_line_no': '0', 'r1_electric': '179.83216857910156', 'r1_voltage': '13.45486068725586', 'r1_speed': '0.0', 'r1_job': '0', 'r2_rob_no': '0', 'r2_weld_line_no': '0', 'r2_electric': '179.28240966796875', 'r2_voltage': '13.407841682434082', 'r2_speed': '0.0', 'r2_job': '0', 'replace_status': '0', 'part_status': '0', 'r1_protective_gas': '0', 'r1_welding_wire': '0', 'r2_protective_gas': '0', 'r2_welding_wire': '0', 'login_id': '\n\x00\x00\x00\x00\x00\x00\x00\x00\x00', 'login_password': '\n\x00\x00\x00\x00\x00\x00\x00\x00\x00'}
2021-03-02  15:58:31 Tue root INFO ('\n\x00\x00\x00\x00\x00\x00\x00\x00\x00', '6162', '0', 0, '0', '0', '179.83216857910156', '13.45486068725586', '0.0', '0', '0', '0', '179.28240966796875', '13.407841682434082', '0.0', '0', '0', '0', '0', '0', '0', '\n\x00\x00\x00\x00\x00\x00\x00\x00\x00', '\n\x00\x00\x00\x00\x00\x00\x00\x00\x00', '0', '0', '2021-03-02 15:58:31')
2021-03-02  15:58:31 Tue root INFO 成功添加数据
2021-03-02  15:58:31 Tue root INFO mes_plc_r6
2021-03-02  15:58:31 Tue root INFO 读取插入数据库数据：{'product_type': '\n\x00\x00\x00\x00\x00\x00\x00\x00\x00', 'r1_equipment_status': '0', 'fail_code': '0', 'recerve': '10', 'prod_num': 19, 'r1_rob_no': '0', 'r1_weld_line_no': '0', 'r1_electric': '0.0', 'r1_voltage': '0.0', 'r1_speed': '0.0', 'r1_job': '0', 'r2_rob_no': '0', 'r2_weld_line_no': '0', 'r2_electric': '0.0', 'r2_voltage': '0.0', 'r2_speed': '0.0', 'r2_job': '0', 'replace_status': '0', 'part_status': '0', 'r1_protective_gas': '0', 'r1_welding_wire': '0', 'r2_protective_gas': '0', 'r2_welding_wire': '0', 'login_id': '\n\x00\x00\x00\x00\x00\x00\x00\x00\x00', 'login_password': '\n\x00\x00\x00\x00\x00\x00\x00\x00\x00'}
2021-03-02  15:58:31 Tue root INFO ('\n\x00\x00\x00\x00\x00\x00\x00\x00\x00', '0', '0', 19, '0', '0', '0.0', '0.0', '0.0', '0', '0', '0', '0.0', '0.0', '0.0', '0', '0', '0', '0', '0', '0', '\n\x00\x00\x00\x00\x00\x00\x00\x00\x00', '\n\x00\x00\x00\x00\x00\x00\x00\x00\x00', '0', '10', '2021-03-02 15:58:31')
2021-03-02  15:58:31 Tue root INFO 成功添加数据
2021-03-02  15:59:31 Tue root INFO plc连接状态:[1, 1, 1, 1, 1, 1]
2021-03-02  15:59:31 Tue root INFO mes_plc
2021-03-02  15:59:32 Tue root INFO 读取插入数据库数据：{'product_type': '\n\x07250 YDG\x00', 'r1_equipment_status': '7315', 'fail_code': '0', 'recerve': '0', 'prod_num': 44, 'r1_rob_no': '4', 'r1_weld_line_no': '0', 'r1_electric': '182.17591857910156', 'r1_voltage': '13.29210090637207', 'r1_speed': '0.0', 'r1_job': '0', 'r2_rob_no': '104', 'r2_weld_line_no': '0', 'r2_electric': '0.0', 'r2_voltage': '0.0', 'r2_speed': '0.0', 'r2_job': '0', 'replace_status': '0', 'part_status': '0', 'r1_protective_gas': '0', 'r1_welding_wire': '0', 'r2_protective_gas': '0', 'r2_welding_wire': '0', 'login_id': '\n\x00\x00\x00\x00\x00\x00\x00\x00\x00', 'login_password': '\n\x00\x00\x00\x00\x00\x00\x00\x00\x00'}
2021-03-02  15:59:32 Tue root INFO ('\n\x07250 YDG\x00', '7315', '0', 44, '4', '0', '182.17591857910156', '13.29210090637207', '0.0', '0', '104', '0', '0.0', '0.0', '0.0', '0', '0', '0', '0', '0', '0', '\n\x00\x00\x00\x00\x00\x00\x00\x00\x00', '\n\x00\x00\x00\x00\x00\x00\x00\x00\x00', '0', '0', '2021-03-02 15:59:32')
2021-03-02  15:59:32 Tue root INFO 成功添加数据
2021-03-02  15:59:32 Tue root INFO mes_plc_r2
2021-03-02  15:59:32 Tue root INFO 读取插入数据库数据：{'product_type': '\n\x07250 TJ1\x00', 'r1_equipment_status': '5267', 'fail_code': '48', 'recerve': '0', 'prod_num': 242, 'r1_rob_no': '4', 'r1_weld_line_no': '0', 'r1_electric': '181.6840362548828', 'r1_voltage': '13.118489265441895', 'r1_speed': '0.0', 'r1_job': '0', 'r2_rob_no': '104', 'r2_weld_line_no': '0', 'r2_electric': '0.0', 'r2_voltage': '0.0', 'r2_speed': '0.0', 'r2_job': '0', 'replace_status': '0', 'part_status': '0', 'r1_protective_gas': '610', 'r1_welding_wire': '0', 'r2_protective_gas': '0', 'r2_welding_wire': '0', 'login_id': '\n\x00\x00\x00\x00\x00\x00\x00\x00\x00', 'login_password': '\n\x00\x00\x00\x00\x00\x00\x00\x00\x00'}
2021-03-02  15:59:32 Tue root INFO ('\n\x07250 TJ1\x00', '5267', '48', 242, '4', '0', '181.6840362548828', '13.118489265441895', '0.0', '0', '104', '0', '0.0', '0.0', '0.0', '0', '0', '610', '0', '0', '0', '\n\x00\x00\x00\x00\x00\x00\x00\x00\x00', '\n\x00\x00\x00\x00\x00\x00\x00\x00\x00', '0', '0', '2021-03-02 15:59:32')
2021-03-02  15:59:32 Tue root INFO 成功添加数据
2021-03-02  15:59:32 Tue root INFO mes_plc_r3
2021-03-02  15:59:33 Tue root INFO 读取插入数据库数据：{'product_type': '\n\x07250 TJ3\x00', 'r1_equipment_status': '7315', 'fail_code': '48', 'recerve': '0', 'prod_num': 247, 'r1_rob_no': '4', 'r1_weld_line_no': '0', 'r1_electric': '184.3460693359375', 'r1_voltage': '13.809317588806152', 'r1_speed': '0.0', 'r1_job': '0', 'r2_rob_no': '104', 'r2_weld_line_no': '0', 'r2_electric': '0.0', 'r2_voltage': '0.0', 'r2_speed': '0.0', 'r2_job': '0', 'replace_status': '0', 'part_status': '0', 'r1_protective_gas': '572', 'r1_welding_wire': '0', 'r2_protective_gas': '0', 'r2_welding_wire': '0', 'login_id': '\n\x00\x00\x00\x00\x00\x00\x00\x00\x00', 'login_password': '\n\x00\x00\x00\x00\x00\x00\x00\x00\x00'}
2021-03-02  15:59:33 Tue root INFO ('\n\x07250 TJ3\x00', '7315', '48', 247, '4', '0', '184.3460693359375', '13.809317588806152', '0.0', '0', '104', '0', '0.0', '0.0', '0.0', '0', '0', '572', '0', '0', '0', '\n\x00\x00\x00\x00\x00\x00\x00\x00\x00', '\n\x00\x00\x00\x00\x00\x00\x00\x00\x00', '0', '0', '2021-03-02 15:59:33')
2021-03-02  15:59:33 Tue root INFO 成功添加数据
2021-03-02  15:59:33 Tue root INFO mes_plc_r4
2021-03-02  15:59:33 Tue root INFO 读取插入数据库数据：{'product_type': '\n\x07250 PCB\x00', 'r1_equipment_status': '7168', 'fail_code': '0', 'recerve': '0', 'prod_num': 26, 'r1_rob_no': '4', 'r1_weld_line_no': '0', 'r1_electric': '183.01504516601562', 'r1_voltage': '13.158275604248047', 'r1_speed': '0.0', 'r1_job': '0', 'r2_rob_no': '104', 'r2_weld_line_no': '0', 'r2_electric': '0.0', 'r2_voltage': '0.0', 'r2_speed': '0.0', 'r2_job': '0', 'replace_status': '0', 'part_status': '0', 'r1_protective_gas': '2086', 'r1_welding_wire': '0', 'r2_protective_gas': '0', 'r2_welding_wire': '0', 'login_id': '\n\x00\x00\x00\x00\x00\x00\x00\x00\x00', 'login_password': '\n\x00\x00\x00\x00\x00\x00\x00\x00\x00'}
2021-03-02  15:59:33 Tue root INFO ('\n\x07250 PCB\x00', '7168', '0', 26, '4', '0', '183.01504516601562', '13.158275604248047', '0.0', '0', '104', '0', '0.0', '0.0', '0.0', '0', '0', '2086', '0', '0', '0', '\n\x00\x00\x00\x00\x00\x00\x00\x00\x00', '\n\x00\x00\x00\x00\x00\x00\x00\x00\x00', '0', '0', '2021-03-02 15:59:33')
2021-03-02  15:59:33 Tue root INFO 成功添加数据
2021-03-02  15:59:33 Tue root INFO mes_plc_r5
2021-03-02  15:59:33 Tue root INFO 读取插入数据库数据：{'product_type': '\n\x00\x00\x00\x00\x00\x00\x00\x00\x00', 'r1_equipment_status': '6162', 'fail_code': '0', 'recerve': '0', 'prod_num': 0, 'r1_rob_no': '0', 'r1_weld_line_no': '0', 'r1_electric': '179.86111450195312', 'r1_voltage': '13.46571159362793', 'r1_speed': '0.0', 'r1_job': '0', 'r2_rob_no': '0', 'r2_weld_line_no': '0', 'r2_electric': '179.2679443359375', 'r2_voltage': '13.407841682434082', 'r2_speed': '0.0', 'r2_job': '0', 'replace_status': '0', 'part_status': '0', 'r1_protective_gas': '0', 'r1_welding_wire': '0', 'r2_protective_gas': '0', 'r2_welding_wire': '0', 'login_id': '\n\x00\x00\x00\x00\x00\x00\x00\x00\x00', 'login_password': '\n\x00\x00\x00\x00\x00\x00\x00\x00\x00'}
2021-03-02  15:59:33 Tue root INFO ('\n\x00\x00\x00\x00\x00\x00\x00\x00\x00', '6162', '0', 0, '0', '0', '179.86111450195312', '13.46571159362793', '0.0', '0', '0', '0', '179.2679443359375', '13.407841682434082', '0.0', '0', '0', '0', '0', '0', '0', '\n\x00\x00\x00\x00\x00\x00\x00\x00\x00', '\n\x00\x00\x00\x00\x00\x00\x00\x00\x00', '0', '0', '2021-03-02 15:59:33')
2021-03-02  15:59:33 Tue root INFO 成功添加数据
2021-03-02  15:59:33 Tue root INFO mes_plc_r6
2021-03-02  15:59:34 Tue root INFO 读取插入数据库数据：{'product_type': '\n\x00\x00\x00\x00\x00\x00\x00\x00\x00', 'r1_equipment_status': '0', 'fail_code': '0', 'recerve': '10', 'prod_num': 19, 'r1_rob_no': '0', 'r1_weld_line_no': '0', 'r1_electric': '0.0', 'r1_voltage': '0.0', 'r1_speed': '0.0', 'r1_job': '0', 'r2_rob_no': '0', 'r2_weld_line_no': '0', 'r2_electric': '0.0', 'r2_voltage': '0.0', 'r2_speed': '0.0', 'r2_job': '0', 'replace_status': '0', 'part_status': '0', 'r1_protective_gas': '0', 'r1_welding_wire': '0', 'r2_protective_gas': '0', 'r2_welding_wire': '0', 'login_id': '\n\x00\x00\x00\x00\x00\x00\x00\x00\x00', 'login_password': '\n\x00\x00\x00\x00\x00\x00\x00\x00\x00'}
2021-03-02  15:59:34 Tue root INFO ('\n\x00\x00\x00\x00\x00\x00\x00\x00\x00', '0', '0', 19, '0', '0', '0.0', '0.0', '0.0', '0', '0', '0', '0.0', '0.0', '0.0', '0', '0', '0', '0', '0', '0', '\n\x00\x00\x00\x00\x00\x00\x00\x00\x00', '\n\x00\x00\x00\x00\x00\x00\x00\x00\x00', '0', '10', '2021-03-02 15:59:34')
2021-03-02  15:59:34 Tue root INFO 成功添加数据
2021-03-02  16:00:34 Tue root INFO plc连接状态:[1, 1, 1, 1, 1, 1]
2021-03-02  16:00:34 Tue root INFO mes_plc
2021-03-02  16:00:35 Tue root INFO 读取插入数据库数据：{'product_type': '\n\x07250 YDG\x00', 'r1_equipment_status': '7315', 'fail_code': '0', 'recerve': '0', 'prod_num': 44, 'r1_rob_no': '4', 'r1_weld_line_no': '0', 'r1_electric': '182.21932983398438', 'r1_voltage': '13.29210090637207', 'r1_speed': '0.0', 'r1_job': '0', 'r2_rob_no': '104', 'r2_weld_line_no': '0', 'r2_electric': '0.0', 'r2_voltage': '0.0', 'r2_speed': '0.0', 'r2_job': '0', 'replace_status': '0', 'part_status': '0', 'r1_protective_gas': '0', 'r1_welding_wire': '0', 'r2_protective_gas': '0', 'r2_welding_wire': '0', 'login_id': '\n\x00\x00\x00\x00\x00\x00\x00\x00\x00', 'login_password': '\n\x00\x00\x00\x00\x00\x00\x00\x00\x00'}
2021-03-02  16:00:35 Tue root INFO ('\n\x07250 YDG\x00', '7315', '0', 44, '4', '0', '182.21932983398438', '13.29210090637207', '0.0', '0', '104', '0', '0.0', '0.0', '0.0', '0', '0', '0', '0', '0', '0', '\n\x00\x00\x00\x00\x00\x00\x00\x00\x00', '\n\x00\x00\x00\x00\x00\x00\x00\x00\x00', '0', '0', '2021-03-02 16:00:35')
2021-03-02  16:00:35 Tue root INFO 成功添加数据
2021-03-02  16:00:35 Tue root INFO mes_plc_r2
2021-03-02  16:00:35 Tue root INFO 读取插入数据库数据：{'product_type': '\n\x07250 TJ1\x00', 'r1_equipment_status': '5267', 'fail_code': '48', 'recerve': '0', 'prod_num': 242, 'r1_rob_no': '4', 'r1_weld_line_no': '0', 'r1_electric': '181.65509033203125', 'r1_voltage': '13.136574745178223', 'r1_speed': '0.0', 'r1_job': '0', 'r2_rob_no': '104', 'r2_weld_line_no': '0', 'r2_electric': '0.0', 'r2_voltage': '0.0', 'r2_speed': '0.0', 'r2_job': '0', 'replace_status': '0', 'part_status': '0', 'r1_protective_gas': '610', 'r1_welding_wire': '0', 'r2_protective_gas': '0', 'r2_welding_wire': '0', 'login_id': '\n\x00\x00\x00\x00\x00\x00\x00\x00\x00', 'login_password': '\n\x00\x00\x00\x00\x00\x00\x00\x00\x00'}
2021-03-02  16:00:35 Tue root INFO ('\n\x07250 TJ1\x00', '5267', '48', 242, '4', '0', '181.65509033203125', '13.136574745178223', '0.0', '0', '104', '0', '0.0', '0.0', '0.0', '0', '0', '610', '0', '0', '0', '\n\x00\x00\x00\x00\x00\x00\x00\x00\x00', '\n\x00\x00\x00\x00\x00\x00\x00\x00\x00', '0', '0', '2021-03-02 16:00:35')
2021-03-02  16:00:35 Tue root INFO 成功添加数据
2021-03-02  16:00:35 Tue root INFO mes_plc_r3
2021-03-02  16:00:35 Tue root INFO 读取插入数据库数据：{'product_type': '\n\x07250 TJ3\x00', 'r1_equipment_status': '7315', 'fail_code': '48', 'recerve': '0', 'prod_num': 247, 'r1_rob_no': '4', 'r1_weld_line_no': '0', 'r1_electric': '184.28819274902344', 'r1_voltage': '13.820168495178223', 'r1_speed': '0.0', 'r1_job': '0', 'r2_rob_no': '104', 'r2_weld_line_no': '0', 'r2_electric': '0.0', 'r2_voltage': '0.0', 'r2_speed': '0.0', 'r2_job': '0', 'replace_status': '0', 'part_status': '0', 'r1_protective_gas': '572', 'r1_welding_wire': '0', 'r2_protective_gas': '0', 'r2_welding_wire': '0', 'login_id': '\n\x00\x00\x00\x00\x00\x00\x00\x00\x00', 'login_password': '\n\x00\x00\x00\x00\x00\x00\x00\x00\x00'}
2021-03-02  16:00:35 Tue root INFO ('\n\x07250 TJ3\x00', '7315', '48', 247, '4', '0', '184.28819274902344', '13.820168495178223', '0.0', '0', '104', '0', '0.0', '0.0', '0.0', '0', '0', '572', '0', '0', '0', '\n\x00\x00\x00\x00\x00\x00\x00\x00\x00', '\n\x00\x00\x00\x00\x00\x00\x00\x00\x00', '0', '0', '2021-03-02 16:00:35')
2021-03-02  16:00:35 Tue root INFO 成功添加数据
2021-03-02  16:00:35 Tue root INFO mes_plc_r4
2021-03-02  16:00:36 Tue root INFO 读取插入数据库数据：{'product_type': '\n\x07250 PCB\x00', 'r1_equipment_status': '7169', 'fail_code': '0', 'recerve': '0', 'prod_num': 26, 'r1_rob_no': '4', 'r1_weld_line_no': '0', 'r1_electric': '183.05845642089844', 'r1_voltage': '13.132956504821777', 'r1_speed': '0.0', 'r1_job': '0', 'r2_rob_no': '104', 'r2_weld_line_no': '0', 'r2_electric': '0.0', 'r2_voltage': '0.0', 'r2_speed': '0.0', 'r2_job': '0', 'replace_status': '0', 'part_status': '0', 'r1_protective_gas': '2112', 'r1_welding_wire': '0', 'r2_protective_gas': '0', 'r2_welding_wire': '0', 'login_id': '\n\x00\x00\x00\x00\x00\x00\x00\x00\x00', 'login_password': '\n\x00\x00\x00\x00\x00\x00\x00\x00\x00'}
2021-03-02  16:00:36 Tue root INFO ('\n\x07250 PCB\x00', '7169', '0', 26, '4', '0', '183.05845642089844', '13.132956504821777', '0.0', '0', '104', '0', '0.0', '0.0', '0.0', '0', '0', '2112', '0', '0', '0', '\n\x00\x00\x00\x00\x00\x00\x00\x00\x00', '\n\x00\x00\x00\x00\x00\x00\x00\x00\x00', '0', '0', '2021-03-02 16:00:36')
2021-03-02  16:00:36 Tue root INFO 成功添加数据
2021-03-02  16:00:36 Tue root INFO mes_plc_r5
2021-03-02  16:00:36 Tue root INFO 读取插入数据库数据：{'product_type': '\n\x00\x00\x00\x00\x00\x00\x00\x00\x00', 'r1_equipment_status': '6162', 'fail_code': '0', 'recerve': '0', 'prod_num': 0, 'r1_rob_no': '0', 'r1_weld_line_no': '0', 'r1_electric': '179.83216857910156', 'r1_voltage': '13.462095260620117', 'r1_speed': '0.0', 'r1_job': '0', 'r2_rob_no': '0', 'r2_weld_line_no': '0', 'r2_electric': '179.28240966796875', 'r2_voltage': '13.411458015441895', 'r2_speed': '0.0', 'r2_job': '0', 'replace_status': '0', 'part_status': '0', 'r1_protective_gas': '0', 'r1_welding_wire': '0', 'r2_protective_gas': '0', 'r2_welding_wire': '0', 'login_id': '\n\x00\x00\x00\x00\x00\x00\x00\x00\x00', 'login_password': '\n\x00\x00\x00\x00\x00\x00\x00\x00\x00'}
2021-03-02  16:00:36 Tue root INFO ('\n\x00\x00\x00\x00\x00\x00\x00\x00\x00', '6162', '0', 0, '0', '0', '179.83216857910156', '13.462095260620117', '0.0', '0', '0', '0', '179.28240966796875', '13.411458015441895', '0.0', '0', '0', '0', '0', '0', '0', '\n\x00\x00\x00\x00\x00\x00\x00\x00\x00', '\n\x00\x00\x00\x00\x00\x00\x00\x00\x00', '0', '0', '2021-03-02 16:00:36')
2021-03-02  16:00:36 Tue root INFO 成功添加数据
2021-03-02  16:00:36 Tue root INFO mes_plc_r6
2021-03-02  16:00:37 Tue root INFO 读取插入数据库数据：{'product_type': '\n\x00\x00\x00\x00\x00\x00\x00\x00\x00', 'r1_equipment_status': '0', 'fail_code': '0', 'recerve': '10', 'prod_num': 19, 'r1_rob_no': '0', 'r1_weld_line_no': '0', 'r1_electric': '0.0', 'r1_voltage': '0.0', 'r1_speed': '0.0', 'r1_job': '0', 'r2_rob_no': '0', 'r2_weld_line_no': '0', 'r2_electric': '0.0', 'r2_voltage': '0.0', 'r2_speed': '0.0', 'r2_job': '0', 'replace_status': '0', 'part_status': '0', 'r1_protective_gas': '0', 'r1_welding_wire': '0', 'r2_protective_gas': '0', 'r2_welding_wire': '0', 'login_id': '\n\x00\x00\x00\x00\x00\x00\x00\x00\x00', 'login_password': '\n\x00\x00\x00\x00\x00\x00\x00\x00\x00'}
2021-03-02  16:00:37 Tue root INFO ('\n\x00\x00\x00\x00\x00\x00\x00\x00\x00', '0', '0', 19, '0', '0', '0.0', '0.0', '0.0', '0', '0', '0', '0.0', '0.0', '0.0', '0', '0', '0', '0', '0', '0', '\n\x00\x00\x00\x00\x00\x00\x00\x00\x00', '\n\x00\x00\x00\x00\x00\x00\x00\x00\x00', '0', '10', '2021-03-02 16:00:37')
2021-03-02  16:00:37 Tue root INFO 成功添加数据
2021-03-02  16:01:37 Tue root INFO plc连接状态:[1, 1, 1, 1, 1, 1]
2021-03-02  16:01:37 Tue root INFO mes_plc
2021-03-02  16:01:37 Tue root INFO 读取插入数据库数据：{'product_type': '\n\x07250 YDG\x00', 'r1_equipment_status': '7315', 'fail_code': '0', 'recerve': '0', 'prod_num': 44, 'r1_rob_no': '4', 'r1_weld_line_no': '0', 'r1_electric': '182.19039916992188', 'r1_voltage': '13.28125', 'r1_speed': '0.0', 'r1_job': '0', 'r2_rob_no': '104', 'r2_weld_line_no': '0', 'r2_electric': '0.0', 'r2_voltage': '0.0', 'r2_speed': '0.0', 'r2_job': '0', 'replace_status': '0', 'part_status': '0', 'r1_protective_gas': '0', 'r1_welding_wire': '0', 'r2_protective_gas': '0', 'r2_welding_wire': '0', 'login_id': '\n\x00\x00\x00\x00\x00\x00\x00\x00\x00', 'login_password': '\n\x00\x00\x00\x00\x00\x00\x00\x00\x00'}
2021-03-02  16:01:37 Tue root INFO ('\n\x07250 YDG\x00', '7315', '0', 44, '4', '0', '182.19039916992188', '13.28125', '0.0', '0', '104', '0', '0.0', '0.0', '0.0', '0', '0', '0', '0', '0', '0', '\n\x00\x00\x00\x00\x00\x00\x00\x00\x00', '\n\x00\x00\x00\x00\x00\x00\x00\x00\x00', '0', '0', '2021-03-02 16:01:37')
2021-03-02  16:01:37 Tue root INFO 成功添加数据
2021-03-02  16:01:37 Tue root INFO mes_plc_r2
2021-03-02  16:01:37 Tue root INFO 读取插入数据库数据：{'product_type': '\n\x07250 TJ1\x00', 'r1_equipment_status': '5267', 'fail_code': '48', 'recerve': '0', 'prod_num': 242, 'r1_rob_no': '4', 'r1_weld_line_no': '0', 'r1_electric': '181.640625', 'r1_voltage': '13.129340171813965', 'r1_speed': '0.0', 'r1_job': '0', 'r2_rob_no': '104', 'r2_weld_line_no': '0', 'r2_electric': '0.0', 'r2_voltage': '0.0', 'r2_speed': '0.0', 'r2_job': '0', 'replace_status': '0', 'part_status': '0', 'r1_protective_gas': '610', 'r1_welding_wire': '0', 'r2_protective_gas': '0', 'r2_welding_wire': '0', 'login_id': '\n\x00\x00\x00\x00\x00\x00\x00\x00\x00', 'login_password': '\n\x00\x00\x00\x00\x00\x00\x00\x00\x00'}
2021-03-02  16:01:37 Tue root INFO ('\n\x07250 TJ1\x00', '5267', '48', 242, '4', '0', '181.640625', '13.129340171813965', '0.0', '0', '104', '0', '0.0', '0.0', '0.0', '0', '0', '610', '0', '0', '0', '\n\x00\x00\x00\x00\x00\x00\x00\x00\x00', '\n\x00\x00\x00\x00\x00\x00\x00\x00\x00', '0', '0', '2021-03-02 16:01:37')
2021-03-02  16:01:37 Tue root INFO 成功添加数据
2021-03-02  16:01:37 Tue root INFO mes_plc_r3
2021-03-02  16:01:38 Tue root INFO 读取插入数据库数据：{'product_type': '\n\x07250 TJ3\x00', 'r1_equipment_status': '7315', 'fail_code': '48', 'recerve': '0', 'prod_num': 247, 'r1_rob_no': '4', 'r1_weld_line_no': '0', 'r1_electric': '184.31712341308594', 'r1_voltage': '13.816550254821777', 'r1_speed': '0.0', 'r1_job': '0', 'r2_rob_no': '104', 'r2_weld_line_no': '0', 'r2_electric': '0.0', 'r2_voltage': '0.0', 'r2_speed': '0.0', 'r2_job': '0', 'replace_status': '0', 'part_status': '0', 'r1_protective_gas': '572', 'r1_welding_wire': '0', 'r2_protective_gas': '0', 'r2_welding_wire': '0', 'login_id': '\n\x00\x00\x00\x00\x00\x00\x00\x00\x00', 'login_password': '\n\x00\x00\x00\x00\x00\x00\x00\x00\x00'}
2021-03-02  16:01:38 Tue root INFO ('\n\x07250 TJ3\x00', '7315', '48', 247, '4', '0', '184.31712341308594', '13.816550254821777', '0.0', '0', '104', '0', '0.0', '0.0', '0.0', '0', '0', '572', '0', '0', '0', '\n\x00\x00\x00\x00\x00\x00\x00\x00\x00', '\n\x00\x00\x00\x00\x00\x00\x00\x00\x00', '0', '0', '2021-03-02 16:01:38')
2021-03-02  16:01:38 Tue root INFO 成功添加数据
2021-03-02  16:01:38 Tue root INFO mes_plc_r4
2021-03-02  16:01:38 Tue root INFO 读取插入数据库数据：{'product_type': '\n\x07250 PCB\x00', 'r1_equipment_status': '7315', 'fail_code': '0', 'recerve': '0', 'prod_num': 26, 'r1_rob_no': '4', 'r1_weld_line_no': '0', 'r1_electric': '183.04397583007812', 'r1_voltage': '13.18359375', 'r1_speed': '0.0', 'r1_job': '0', 'r2_rob_no': '104', 'r2_weld_line_no': '0', 'r2_electric': '0.0', 'r2_voltage': '0.0', 'r2_speed': '0.0', 'r2_job': '0', 'replace_status': '0', 'part_status': '0', 'r1_protective_gas': '2137', 'r1_welding_wire': '0', 'r2_protective_gas': '0', 'r2_welding_wire': '0', 'login_id': '\n\x00\x00\x00\x00\x00\x00\x00\x00\x00', 'login_password': '\n\x00\x00\x00\x00\x00\x00\x00\x00\x00'}
2021-03-02  16:01:38 Tue root INFO ('\n\x07250 PCB\x00', '7315', '0', 26, '4', '0', '183.04397583007812', '13.18359375', '0.0', '0', '104', '0', '0.0', '0.0', '0.0', '0', '0', '2137', '0', '0', '0', '\n\x00\x00\x00\x00\x00\x00\x00\x00\x00', '\n\x00\x00\x00\x00\x00\x00\x00\x00\x00', '0', '0', '2021-03-02 16:01:38')
2021-03-02  16:01:38 Tue root INFO 成功添加数据
2021-03-02  16:01:38 Tue root INFO mes_plc_r5
2021-03-02  16:01:38 Tue root INFO 读取插入数据库数据：{'product_type': '\n\x00\x00\x00\x00\x00\x00\x00\x00\x00', 'r1_equipment_status': '6162', 'fail_code': '0', 'recerve': '0', 'prod_num': 0, 'r1_rob_no': '0', 'r1_weld_line_no': '0', 'r1_electric': '179.80323791503906', 'r1_voltage': '13.418692588806152', 'r1_speed': '0.0', 'r1_job': '0', 'r2_rob_no': '0', 'r2_weld_line_no': '0', 'r2_electric': '179.2679443359375', 'r2_voltage': '13.411458015441895', 'r2_speed': '0.0', 'r2_job': '0', 'replace_status': '0', 'part_status': '0', 'r1_protective_gas': '0', 'r1_welding_wire': '0', 'r2_protective_gas': '0', 'r2_welding_wire': '0', 'login_id': '\n\x00\x00\x00\x00\x00\x00\x00\x00\x00', 'login_password': '\n\x00\x00\x00\x00\x00\x00\x00\x00\x00'}
2021-03-02  16:01:38 Tue root INFO ('\n\x00\x00\x00\x00\x00\x00\x00\x00\x00', '6162', '0', 0, '0', '0', '179.80323791503906', '13.418692588806152', '0.0', '0', '0', '0', '179.2679443359375', '13.411458015441895', '0.0', '0', '0', '0', '0', '0', '0', '\n\x00\x00\x00\x00\x00\x00\x00\x00\x00', '\n\x00\x00\x00\x00\x00\x00\x00\x00\x00', '0', '0', '2021-03-02 16:01:38')
2021-03-02  16:01:38 Tue root INFO 成功添加数据
2021-03-02  16:01:38 Tue root INFO mes_plc_r6
2021-03-02  16:01:39 Tue root INFO 读取插入数据库数据：{'product_type': '\n\x00\x00\x00\x00\x00\x00\x00\x00\x00', 'r1_equipment_status': '0', 'fail_code': '0', 'recerve': '10', 'prod_num': 19, 'r1_rob_no': '0', 'r1_weld_line_no': '0', 'r1_electric': '0.0', 'r1_voltage': '0.0', 'r1_speed': '0.0', 'r1_job': '0', 'r2_rob_no': '0', 'r2_weld_line_no': '0', 'r2_electric': '0.0', 'r2_voltage': '0.0', 'r2_speed': '0.0', 'r2_job': '0', 'replace_status': '0', 'part_status': '0', 'r1_protective_gas': '0', 'r1_welding_wire': '0', 'r2_protective_gas': '0', 'r2_welding_wire': '0', 'login_id': '\n\x00\x00\x00\x00\x00\x00\x00\x00\x00', 'login_password': '\n\x00\x00\x00\x00\x00\x00\x00\x00\x00'}
2021-03-02  16:01:39 Tue root INFO ('\n\x00\x00\x00\x00\x00\x00\x00\x00\x00', '0', '0', 19, '0', '0', '0.0', '0.0', '0.0', '0', '0', '0', '0.0', '0.0', '0.0', '0', '0', '0', '0', '0', '0', '\n\x00\x00\x00\x00\x00\x00\x00\x00\x00', '\n\x00\x00\x00\x00\x00\x00\x00\x00\x00', '0', '10', '2021-03-02 16:01:39')
2021-03-02  16:01:39 Tue root INFO 成功添加数据
2021-03-02  16:02:39 Tue root INFO plc连接状态:[1, 1, 1, 1, 1, 1]
2021-03-02  16:02:39 Tue root INFO mes_plc
2021-03-02  16:02:40 Tue root INFO 读取插入数据库数据：{'product_type': '\n\x07250 YDG\x00', 'r1_equipment_status': '7315', 'fail_code': '0', 'recerve': '0', 'prod_num': 44, 'r1_rob_no': '4', 'r1_weld_line_no': '0', 'r1_electric': '182.23379516601562', 'r1_voltage': '13.29210090637207', 'r1_speed': '0.0', 'r1_job': '0', 'r2_rob_no': '104', 'r2_weld_line_no': '0', 'r2_electric': '0.0', 'r2_voltage': '0.0', 'r2_speed': '0.0', 'r2_job': '0', 'replace_status': '0', 'part_status': '0', 'r1_protective_gas': '0', 'r1_welding_wire': '0', 'r2_protective_gas': '0', 'r2_welding_wire': '0', 'login_id': '\n\x00\x00\x00\x00\x00\x00\x00\x00\x00', 'login_password': '\n\x00\x00\x00\x00\x00\x00\x00\x00\x00'}
2021-03-02  16:02:40 Tue root INFO ('\n\x07250 YDG\x00', '7315', '0', 44, '4', '0', '182.23379516601562', '13.29210090637207', '0.0', '0', '104', '0', '0.0', '0.0', '0.0', '0', '0', '0', '0', '0', '0', '\n\x00\x00\x00\x00\x00\x00\x00\x00\x00', '\n\x00\x00\x00\x00\x00\x00\x00\x00\x00', '0', '0', '2021-03-02 16:02:40')
2021-03-02  16:02:40 Tue root INFO 成功添加数据
2021-03-02  16:02:40 Tue root INFO mes_plc_r2
2021-03-02  16:02:41 Tue root INFO 读取插入数据库数据：{'product_type': '\n\x07250 TJ1\x00', 'r1_equipment_status': '5267', 'fail_code': '48', 'recerve': '0', 'prod_num': 242, 'r1_rob_no': '4', 'r1_weld_line_no': '0', 'r1_electric': '181.6695556640625', 'r1_voltage': '13.12210750579834', 'r1_speed': '0.0', 'r1_job': '0', 'r2_rob_no': '104', 'r2_weld_line_no': '0', 'r2_electric': '0.0', 'r2_voltage': '0.0', 'r2_speed': '0.0', 'r2_job': '0', 'replace_status': '0', 'part_status': '0', 'r1_protective_gas': '610', 'r1_welding_wire': '0', 'r2_protective_gas': '0', 'r2_welding_wire': '0', 'login_id': '\n\x00\x00\x00\x00\x00\x00\x00\x00\x00', 'login_password': '\n\x00\x00\x00\x00\x00\x00\x00\x00\x00'}
2021-03-02  16:02:41 Tue root INFO ('\n\x07250 TJ1\x00', '5267', '48', 242, '4', '0', '181.6695556640625', '13.12210750579834', '0.0', '0', '104', '0', '0.0', '0.0', '0.0', '0', '0', '610', '0', '0', '0', '\n\x00\x00\x00\x00\x00\x00\x00\x00\x00', '\n\x00\x00\x00\x00\x00\x00\x00\x00\x00', '0', '0', '2021-03-02 16:02:41')
2021-03-02  16:02:41 Tue root INFO 成功添加数据
2021-03-02  16:02:41 Tue root INFO mes_plc_r3
2021-03-02  16:02:41 Tue root INFO 读取插入数据库数据：{'product_type': '\n\x07250 TJ3\x00', 'r1_equipment_status': '7315', 'fail_code': '48', 'recerve': '0', 'prod_num': 247, 'r1_rob_no': '4', 'r1_weld_line_no': '0', 'r1_electric': '184.28819274902344', 'r1_voltage': '13.820168495178223', 'r1_speed': '0.0', 'r1_job': '0', 'r2_rob_no': '104', 'r2_weld_line_no': '0', 'r2_electric': '0.0', 'r2_voltage': '0.0', 'r2_speed': '0.0', 'r2_job': '0', 'replace_status': '0', 'part_status': '0', 'r1_protective_gas': '572', 'r1_welding_wire': '0', 'r2_protective_gas': '0', 'r2_welding_wire': '0', 'login_id': '\n\x00\x00\x00\x00\x00\x00\x00\x00\x00', 'login_password': '\n\x00\x00\x00\x00\x00\x00\x00\x00\x00'}
2021-03-02  16:02:41 Tue root INFO ('\n\x07250 TJ3\x00', '7315', '48', 247, '4', '0', '184.28819274902344', '13.820168495178223', '0.0', '0', '104', '0', '0.0', '0.0', '0.0', '0', '0', '572', '0', '0', '0', '\n\x00\x00\x00\x00\x00\x00\x00\x00\x00', '\n\x00\x00\x00\x00\x00\x00\x00\x00\x00', '0', '0', '2021-03-02 16:02:41')
2021-03-02  16:02:41 Tue root INFO 成功添加数据
2021-03-02  16:02:41 Tue root INFO mes_plc_r4
2021-03-02  16:02:41 Tue root INFO 读取插入数据库数据：{'product_type': '\n\x07250 PCB\x00', 'r1_equipment_status': '6675', 'fail_code': '0', 'recerve': '0', 'prod_num': 27, 'r1_rob_no': '4', 'r1_weld_line_no': '0', 'r1_electric': '182.94271850585938', 'r1_voltage': '118.51490783691406', 'r1_speed': '0.0', 'r1_job': '0', 'r2_rob_no': '104', 'r2_weld_line_no': '0', 'r2_electric': '0.0', 'r2_voltage': '0.0', 'r2_speed': '0.0', 'r2_job': '0', 'replace_status': '0', 'part_status': '0', 'r1_protective_gas': '2138', 'r1_welding_wire': '0', 'r2_protective_gas': '0', 'r2_welding_wire': '0', 'login_id': '\n\x00\x00\x00\x00\x00\x00\x00\x00\x00', 'login_password': '\n\x00\x00\x00\x00\x00\x00\x00\x00\x00'}
2021-03-02  16:02:41 Tue root INFO ('\n\x07250 PCB\x00', '6675', '0', 27, '4', '0', '182.94271850585938', '118.51490783691406', '0.0', '0', '104', '0', '0.0', '0.0', '0.0', '0', '0', '2138', '0', '0', '0', '\n\x00\x00\x00\x00\x00\x00\x00\x00\x00', '\n\x00\x00\x00\x00\x00\x00\x00\x00\x00', '0', '0', '2021-03-02 16:02:41')
2021-03-02  16:02:41 Tue root INFO 成功添加数据
2021-03-02  16:02:41 Tue root INFO mes_plc_r5
2021-03-02  16:02:42 Tue root INFO 读取插入数据库数据：{'product_type': '\n\x00\x00\x00\x00\x00\x00\x00\x00\x00', 'r1_equipment_status': '6162', 'fail_code': '0', 'recerve': '0', 'prod_num': 0, 'r1_rob_no': '0', 'r1_weld_line_no': '0', 'r1_electric': '179.80323791503906', 'r1_voltage': '13.425925254821777', 'r1_speed': '0.0', 'r1_job': '0', 'r2_rob_no': '0', 'r2_weld_line_no': '0', 'r2_electric': '179.2534637451172', 'r2_voltage': '13.404224395751953', 'r2_speed': '0.0', 'r2_job': '0', 'replace_status': '0', 'part_status': '0', 'r1_protective_gas': '0', 'r1_welding_wire': '0', 'r2_protective_gas': '0', 'r2_welding_wire': '0', 'login_id': '\n\x00\x00\x00\x00\x00\x00\x00\x00\x00', 'login_password': '\n\x00\x00\x00\x00\x00\x00\x00\x00\x00'}
2021-03-02  16:02:42 Tue root INFO ('\n\x00\x00\x00\x00\x00\x00\x00\x00\x00', '6162', '0', 0, '0', '0', '179.80323791503906', '13.425925254821777', '0.0', '0', '0', '0', '179.2534637451172', '13.404224395751953', '0.0', '0', '0', '0', '0', '0', '0', '\n\x00\x00\x00\x00\x00\x00\x00\x00\x00', '\n\x00\x00\x00\x00\x00\x00\x00\x00\x00', '0', '0', '2021-03-02 16:02:42')
2021-03-02  16:02:42 Tue root INFO 成功添加数据
2021-03-02  16:02:42 Tue root INFO mes_plc_r6
2021-03-02  16:02:42 Tue root INFO 读取插入数据库数据：{'product_type': '\n\x00\x00\x00\x00\x00\x00\x00\x00\x00', 'r1_equipment_status': '0', 'fail_code': '0', 'recerve': '10', 'prod_num': 19, 'r1_rob_no': '0', 'r1_weld_line_no': '0', 'r1_electric': '0.0', 'r1_voltage': '0.0', 'r1_speed': '0.0', 'r1_job': '0', 'r2_rob_no': '0', 'r2_weld_line_no': '0', 'r2_electric': '0.0', 'r2_voltage': '0.0', 'r2_speed': '0.0', 'r2_job': '0', 'replace_status': '0', 'part_status': '0', 'r1_protective_gas': '0', 'r1_welding_wire': '0', 'r2_protective_gas': '0', 'r2_welding_wire': '0', 'login_id': '\n\x00\x00\x00\x00\x00\x00\x00\x00\x00', 'login_password': '\n\x00\x00\x00\x00\x00\x00\x00\x00\x00'}
2021-03-02  16:02:42 Tue root INFO ('\n\x00\x00\x00\x00\x00\x00\x00\x00\x00', '0', '0', 19, '0', '0', '0.0', '0.0', '0.0', '0', '0', '0', '0.0', '0.0', '0.0', '0', '0', '0', '0', '0', '0', '\n\x00\x00\x00\x00\x00\x00\x00\x00\x00', '\n\x00\x00\x00\x00\x00\x00\x00\x00\x00', '0', '10', '2021-03-02 16:02:42')
2021-03-02  16:02:42 Tue root INFO 成功添加数据
2021-03-02  16:03:42 Tue root INFO plc连接状态:[1, 1, 1, 1, 1, 1]
2021-03-02  16:03:42 Tue root INFO mes_plc
2021-03-02  16:03:42 Tue root INFO 读取插入数据库数据：{'product_type': '\n\x07250 YDG\x00', 'r1_equipment_status': '7315', 'fail_code': '32', 'recerve': '0', 'prod_num': 44, 'r1_rob_no': '4', 'r1_weld_line_no': '0', 'r1_electric': '182.23379516601562', 'r1_voltage': '13.284866333007812', 'r1_speed': '0.0', 'r1_job': '0', 'r2_rob_no': '104', 'r2_weld_line_no': '0', 'r2_electric': '0.0', 'r2_voltage': '0.0', 'r2_speed': '0.0', 'r2_job': '0', 'replace_status': '0', 'part_status': '0', 'r1_protective_gas': '0', 'r1_welding_wire': '0', 'r2_protective_gas': '0', 'r2_welding_wire': '0', 'login_id': '\n\x00\x00\x00\x00\x00\x00\x00\x00\x00', 'login_password': '\n\x00\x00\x00\x00\x00\x00\x00\x00\x00'}
2021-03-02  16:03:42 Tue root INFO ('\n\x07250 YDG\x00', '7315', '32', 44, '4', '0', '182.23379516601562', '13.284866333007812', '0.0', '0', '104', '0', '0.0', '0.0', '0.0', '0', '0', '0', '0', '0', '0', '\n\x00\x00\x00\x00\x00\x00\x00\x00\x00', '\n\x00\x00\x00\x00\x00\x00\x00\x00\x00', '0', '0', '2021-03-02 16:03:42')
2021-03-02  16:03:42 Tue root INFO 成功添加数据
2021-03-02  16:03:42 Tue root INFO mes_plc_r2
2021-03-02  16:03:43 Tue root INFO 读取插入数据库数据：{'product_type': '\n\x07250 TJ1\x00', 'r1_equipment_status': '5267', 'fail_code': '48', 'recerve': '0', 'prod_num': 242, 'r1_rob_no': '4', 'r1_weld_line_no': '0', 'r1_electric': '181.6116943359375', 'r1_voltage': '13.129340171813965', 'r1_speed': '0.0', 'r1_job': '0', 'r2_rob_no': '104', 'r2_weld_line_no': '0', 'r2_electric': '0.0', 'r2_voltage': '0.0', 'r2_speed': '0.0', 'r2_job': '0', 'replace_status': '0', 'part_status': '0', 'r1_protective_gas': '610', 'r1_welding_wire': '0', 'r2_protective_gas': '0', 'r2_welding_wire': '0', 'login_id': '\n\x00\x00\x00\x00\x00\x00\x00\x00\x00', 'login_password': '\n\x00\x00\x00\x00\x00\x00\x00\x00\x00'}
2021-03-02  16:03:43 Tue root INFO ('\n\x07250 TJ1\x00', '5267', '48', 242, '4', '0', '181.6116943359375', '13.129340171813965', '0.0', '0', '104', '0', '0.0', '0.0', '0.0', '0', '0', '610', '0', '0', '0', '\n\x00\x00\x00\x00\x00\x00\x00\x00\x00', '\n\x00\x00\x00\x00\x00\x00\x00\x00\x00', '0', '0', '2021-03-02 16:03:43')
2021-03-02  16:03:43 Tue root INFO 成功添加数据
2021-03-02  16:03:43 Tue root INFO mes_plc_r3
2021-03-02  16:03:43 Tue root INFO 读取插入数据库数据：{'product_type': '\n\x07250 TJ3\x00', 'r1_equipment_status': '7315', 'fail_code': '48', 'recerve': '0', 'prod_num': 247, 'r1_rob_no': '4', 'r1_weld_line_no': '0', 'r1_electric': '184.36053466796875', 'r1_voltage': '13.816550254821777', 'r1_speed': '0.0', 'r1_job': '0', 'r2_rob_no': '104', 'r2_weld_line_no': '0', 'r2_electric': '0.0', 'r2_voltage': '0.0', 'r2_speed': '0.0', 'r2_job': '0', 'replace_status': '0', 'part_status': '0', 'r1_protective_gas': '572', 'r1_welding_wire': '0', 'r2_protective_gas': '0', 'r2_welding_wire': '0', 'login_id': '\n\x00\x00\x00\x00\x00\x00\x00\x00\x00', 'login_password': '\n\x00\x00\x00\x00\x00\x00\x00\x00\x00'}
2021-03-02  16:03:43 Tue root INFO ('\n\x07250 TJ3\x00', '7315', '48', 247, '4', '0', '184.36053466796875', '13.816550254821777', '0.0', '0', '104', '0', '0.0', '0.0', '0.0', '0', '0', '572', '0', '0', '0', '\n\x00\x00\x00\x00\x00\x00\x00\x00\x00', '\n\x00\x00\x00\x00\x00\x00\x00\x00\x00', '0', '0', '2021-03-02 16:03:43')
2021-03-02  16:03:43 Tue root INFO 成功添加数据
2021-03-02  16:03:43 Tue root INFO mes_plc_r4
2021-03-02  16:03:43 Tue root INFO 读取插入数据库数据：{'product_type': '\n\x07250 PCB\x00', 'r1_equipment_status': '6675', 'fail_code': '0', 'recerve': '0', 'prod_num': 27, 'r1_rob_no': '4', 'r1_weld_line_no': '0', 'r1_electric': '182.98611450195312', 'r1_voltage': '13.190828323364258', 'r1_speed': '0.0', 'r1_job': '0', 'r2_rob_no': '104', 'r2_weld_line_no': '0', 'r2_electric': '0.0', 'r2_voltage': '0.0', 'r2_speed': '0.0', 'r2_job': '0', 'replace_status': '0', 'part_status': '0', 'r1_protective_gas': '2164', 'r1_welding_wire': '0', 'r2_protective_gas': '0', 'r2_welding_wire': '0', 'login_id': '\n\x00\x00\x00\x00\x00\x00\x00\x00\x00', 'login_password': '\n\x00\x00\x00\x00\x00\x00\x00\x00\x00'}
2021-03-02  16:03:43 Tue root INFO ('\n\x07250 PCB\x00', '6675', '0', 27, '4', '0', '182.98611450195312', '13.190828323364258', '0.0', '0', '104', '0', '0.0', '0.0', '0.0', '0', '0', '2164', '0', '0', '0', '\n\x00\x00\x00\x00\x00\x00\x00\x00\x00', '\n\x00\x00\x00\x00\x00\x00\x00\x00\x00', '0', '0', '2021-03-02 16:03:43')
2021-03-02  16:03:43 Tue root INFO 成功添加数据
2021-03-02  16:03:43 Tue root INFO mes_plc_r5
2021-03-02  16:03:44 Tue root INFO 读取插入数据库数据：{'product_type': '\n\x00\x00\x00\x00\x00\x00\x00\x00\x00', 'r1_equipment_status': '6162', 'fail_code': '0', 'recerve': '0', 'prod_num': 0, 'r1_rob_no': '0', 'r1_weld_line_no': '0', 'r1_electric': '179.77430725097656', 'r1_voltage': '13.436776161193848', 'r1_speed': '0.0', 'r1_job': '0', 'r2_rob_no': '0', 'r2_weld_line_no': '0', 'r2_electric': '179.2245330810547', 'r2_voltage': '13.404224395751953', 'r2_speed': '0.0', 'r2_job': '0', 'replace_status': '0', 'part_status': '0', 'r1_protective_gas': '0', 'r1_welding_wire': '0', 'r2_protective_gas': '0', 'r2_welding_wire': '0', 'login_id': '\n\x00\x00\x00\x00\x00\x00\x00\x00\x00', 'login_password': '\n\x00\x00\x00\x00\x00\x00\x00\x00\x00'}
2021-03-02  16:03:44 Tue root INFO ('\n\x00\x00\x00\x00\x00\x00\x00\x00\x00', '6162', '0', 0, '0', '0', '179.77430725097656', '13.436776161193848', '0.0', '0', '0', '0', '179.2245330810547', '13.404224395751953', '0.0', '0', '0', '0', '0', '0', '0', '\n\x00\x00\x00\x00\x00\x00\x00\x00\x00', '\n\x00\x00\x00\x00\x00\x00\x00\x00\x00', '0', '0', '2021-03-02 16:03:44')
2021-03-02  16:03:44 Tue root INFO 成功添加数据
2021-03-02  16:03:44 Tue root INFO mes_plc_r6
2021-03-02  16:03:44 Tue root INFO 读取插入数据库数据：{'product_type': '\n\x00\x00\x00\x00\x00\x00\x00\x00\x00', 'r1_equipment_status': '0', 'fail_code': '0', 'recerve': '10', 'prod_num': 19, 'r1_rob_no': '0', 'r1_weld_line_no': '0', 'r1_electric': '0.0', 'r1_voltage': '0.0', 'r1_speed': '0.0', 'r1_job': '0', 'r2_rob_no': '0', 'r2_weld_line_no': '0', 'r2_electric': '0.0', 'r2_voltage': '0.0', 'r2_speed': '0.0', 'r2_job': '0', 'replace_status': '0', 'part_status': '0', 'r1_protective_gas': '0', 'r1_welding_wire': '0', 'r2_protective_gas': '0', 'r2_welding_wire': '0', 'login_id': '\n\x00\x00\x00\x00\x00\x00\x00\x00\x00', 'login_password': '\n\x00\x00\x00\x00\x00\x00\x00\x00\x00'}
2021-03-02  16:03:44 Tue root INFO ('\n\x00\x00\x00\x00\x00\x00\x00\x00\x00', '0', '0', 19, '0', '0', '0.0', '0.0', '0.0', '0', '0', '0', '0.0', '0.0', '0.0', '0', '0', '0', '0', '0', '0', '\n\x00\x00\x00\x00\x00\x00\x00\x00\x00', '\n\x00\x00\x00\x00\x00\x00\x00\x00\x00', '0', '10', '2021-03-02 16:03:44')
2021-03-02  16:03:44 Tue root INFO 成功添加数据
2021-03-02  16:04:44 Tue root INFO plc连接状态:[1, 1, 1, 1, 1, 1]
2021-03-02  16:04:44 Tue root INFO mes_plc
2021-03-02  16:04:45 Tue root INFO 读取插入数据库数据：{'product_type': '\n\x07250 YDG\x00', 'r1_equipment_status': '7315', 'fail_code': '0', 'recerve': '0', 'prod_num': 44, 'r1_rob_no': '4', 'r1_weld_line_no': '0', 'r1_electric': '182.24826049804688', 'r1_voltage': '13.284866333007812', 'r1_speed': '0.0', 'r1_job': '0', 'r2_rob_no': '104', 'r2_weld_line_no': '0', 'r2_electric': '0.0', 'r2_voltage': '0.0', 'r2_speed': '0.0', 'r2_job': '0', 'replace_status': '0', 'part_status': '0', 'r1_protective_gas': '0', 'r1_welding_wire': '0', 'r2_protective_gas': '0', 'r2_welding_wire': '0', 'login_id': '\n\x00\x00\x00\x00\x00\x00\x00\x00\x00', 'login_password': '\n\x00\x00\x00\x00\x00\x00\x00\x00\x00'}
2021-03-02  16:04:45 Tue root INFO ('\n\x07250 YDG\x00', '7315', '0', 44, '4', '0', '182.24826049804688', '13.284866333007812', '0.0', '0', '104', '0', '0.0', '0.0', '0.0', '0', '0', '0', '0', '0', '0', '\n\x00\x00\x00\x00\x00\x00\x00\x00\x00', '\n\x00\x00\x00\x00\x00\x00\x00\x00\x00', '0', '0', '2021-03-02 16:04:45')
2021-03-02  16:04:45 Tue root INFO 成功添加数据
2021-03-02  16:04:45 Tue root INFO mes_plc_r2
2021-03-02  16:04:45 Tue root INFO 读取插入数据库数据：{'product_type': '\n\x07250 TJ1\x00', 'r1_equipment_status': '5267', 'fail_code': '48', 'recerve': '0', 'prod_num': 242, 'r1_rob_no': '4', 'r1_weld_line_no': '0', 'r1_electric': '181.640625', 'r1_voltage': '13.129340171813965', 'r1_speed': '0.0', 'r1_job': '0', 'r2_rob_no': '104', 'r2_weld_line_no': '0', 'r2_electric': '0.0', 'r2_voltage': '0.0', 'r2_speed': '0.0', 'r2_job': '0', 'replace_status': '0', 'part_status': '0', 'r1_protective_gas': '610', 'r1_welding_wire': '0', 'r2_protective_gas': '0', 'r2_welding_wire': '0', 'login_id': '\n\x00\x00\x00\x00\x00\x00\x00\x00\x00', 'login_password': '\n\x00\x00\x00\x00\x00\x00\x00\x00\x00'}
2021-03-02  16:04:45 Tue root INFO ('\n\x07250 TJ1\x00', '5267', '48', 242, '4', '0', '181.640625', '13.129340171813965', '0.0', '0', '104', '0', '0.0', '0.0', '0.0', '0', '0', '610', '0', '0', '0', '\n\x00\x00\x00\x00\x00\x00\x00\x00\x00', '\n\x00\x00\x00\x00\x00\x00\x00\x00\x00', '0', '0', '2021-03-02 16:04:45')
2021-03-02  16:04:45 Tue root INFO 成功添加数据
2021-03-02  16:04:45 Tue root INFO mes_plc_r3
2021-03-02  16:04:45 Tue root INFO 读取插入数据库数据：{'product_type': '\n\x07250 TJ3\x00', 'r1_equipment_status': '7315', 'fail_code': '48', 'recerve': '0', 'prod_num': 247, 'r1_rob_no': '4', 'r1_weld_line_no': '0', 'r1_electric': '184.3460693359375', 'r1_voltage': '13.816550254821777', 'r1_speed': '0.0', 'r1_job': '0', 'r2_rob_no': '104', 'r2_weld_line_no': '0', 'r2_electric': '0.0', 'r2_voltage': '0.0', 'r2_speed': '0.0', 'r2_job': '0', 'replace_status': '0', 'part_status': '0', 'r1_protective_gas': '572', 'r1_welding_wire': '0', 'r2_protective_gas': '0', 'r2_welding_wire': '0', 'login_id': '\n\x00\x00\x00\x00\x00\x00\x00\x00\x00', 'login_password': '\n\x00\x00\x00\x00\x00\x00\x00\x00\x00'}
2021-03-02  16:04:45 Tue root INFO ('\n\x07250 TJ3\x00', '7315', '48', 247, '4', '0', '184.3460693359375', '13.816550254821777', '0.0', '0', '104', '0', '0.0', '0.0', '0.0', '0', '0', '572', '0', '0', '0', '\n\x00\x00\x00\x00\x00\x00\x00\x00\x00', '\n\x00\x00\x00\x00\x00\x00\x00\x00\x00', '0', '0', '2021-03-02 16:04:45')
2021-03-02  16:04:45 Tue root INFO 成功添加数据
2021-03-02  16:04:45 Tue root INFO mes_plc_r4
2021-03-02  16:04:46 Tue root INFO 读取插入数据库数据：{'product_type': '\n\x07250 PCB\x00', 'r1_equipment_status': '7187', 'fail_code': '0', 'recerve': '0', 'prod_num': 27, 'r1_rob_no': '4', 'r1_weld_line_no': '0', 'r1_electric': '182.95716857910156', 'r1_voltage': '13.169126510620117', 'r1_speed': '0.0', 'r1_job': '0', 'r2_rob_no': '104', 'r2_weld_line_no': '0', 'r2_electric': '0.0', 'r2_voltage': '0.0', 'r2_speed': '0.0', 'r2_job': '0', 'replace_status': '0', 'part_status': '0', 'r1_protective_gas': '2170', 'r1_welding_wire': '0', 'r2_protective_gas': '0', 'r2_welding_wire': '0', 'login_id': '\n\x00\x00\x00\x00\x00\x00\x00\x00\x00', 'login_password': '\n\x00\x00\x00\x00\x00\x00\x00\x00\x00'}
2021-03-02  16:04:46 Tue root INFO ('\n\x07250 PCB\x00', '7187', '0', 27, '4', '0', '182.95716857910156', '13.169126510620117', '0.0', '0', '104', '0', '0.0', '0.0', '0.0', '0', '0', '2170', '0', '0', '0', '\n\x00\x00\x00\x00\x00\x00\x00\x00\x00', '\n\x00\x00\x00\x00\x00\x00\x00\x00\x00', '0', '0', '2021-03-02 16:04:46')
2021-03-02  16:04:46 Tue root INFO 成功添加数据
2021-03-02  16:04:46 Tue root INFO mes_plc_r5
2021-03-02  16:04:46 Tue root INFO 读取插入数据库数据：{'product_type': '\n\x00\x00\x00\x00\x00\x00\x00\x00\x00', 'r1_equipment_status': '6162', 'fail_code': '0', 'recerve': '0', 'prod_num': 0, 'r1_rob_no': '0', 'r1_weld_line_no': '0', 'r1_electric': '179.86111450195312', 'r1_voltage': '13.45486068725586', 'r1_speed': '0.0', 'r1_job': '0', 'r2_rob_no': '0', 'r2_weld_line_no': '0', 'r2_electric': '179.2534637451172', 'r2_voltage': '13.407841682434082', 'r2_speed': '0.0', 'r2_job': '0', 'replace_status': '0', 'part_status': '0', 'r1_protective_gas': '0', 'r1_welding_wire': '0', 'r2_protective_gas': '0', 'r2_welding_wire': '0', 'login_id': '\n\x00\x00\x00\x00\x00\x00\x00\x00\x00', 'login_password': '\n\x00\x00\x00\x00\x00\x00\x00\x00\x00'}
2021-03-02  16:04:46 Tue root INFO ('\n\x00\x00\x00\x00\x00\x00\x00\x00\x00', '6162', '0', 0, '0', '0', '179.86111450195312', '13.45486068725586', '0.0', '0', '0', '0', '179.2534637451172', '13.407841682434082', '0.0', '0', '0', '0', '0', '0', '0', '\n\x00\x00\x00\x00\x00\x00\x00\x00\x00', '\n\x00\x00\x00\x00\x00\x00\x00\x00\x00', '0', '0', '2021-03-02 16:04:46')
2021-03-02  16:04:46 Tue root INFO 成功添加数据
2021-03-02  16:04:46 Tue root INFO mes_plc_r6
2021-03-02  16:04:46 Tue root INFO 读取插入数据库数据：{'product_type': '\n\x00\x00\x00\x00\x00\x00\x00\x00\x00', 'r1_equipment_status': '0', 'fail_code': '0', 'recerve': '10', 'prod_num': 19, 'r1_rob_no': '0', 'r1_weld_line_no': '0', 'r1_electric': '0.0', 'r1_voltage': '0.0', 'r1_speed': '0.0', 'r1_job': '0', 'r2_rob_no': '0', 'r2_weld_line_no': '0', 'r2_electric': '0.0', 'r2_voltage': '0.0', 'r2_speed': '0.0', 'r2_job': '0', 'replace_status': '0', 'part_status': '0', 'r1_protective_gas': '0', 'r1_welding_wire': '0', 'r2_protective_gas': '0', 'r2_welding_wire': '0', 'login_id': '\n\x00\x00\x00\x00\x00\x00\x00\x00\x00', 'login_password': '\n\x00\x00\x00\x00\x00\x00\x00\x00\x00'}
2021-03-02  16:04:46 Tue root INFO ('\n\x00\x00\x00\x00\x00\x00\x00\x00\x00', '0', '0', 19, '0', '0', '0.0', '0.0', '0.0', '0', '0', '0', '0.0', '0.0', '0.0', '0', '0', '0', '0', '0', '0', '\n\x00\x00\x00\x00\x00\x00\x00\x00\x00', '\n\x00\x00\x00\x00\x00\x00\x00\x00\x00', '0', '10', '2021-03-02 16:04:46')
2021-03-02  16:04:46 Tue root INFO 成功添加数据
2021-03-02  16:05:46 Tue root INFO plc连接状态:[1, 1, 1, 1, 1, 1]
2021-03-02  16:05:46 Tue root INFO mes_plc
2021-03-02  16:05:47 Tue root INFO 读取插入数据库数据：{'product_type': '\n\x07250 YDG\x00', 'r1_equipment_status': '7315', 'fail_code': '0', 'recerve': '0', 'prod_num': 44, 'r1_rob_no': '4', 'r1_weld_line_no': '0', 'r1_electric': '182.23379516601562', 'r1_voltage': '13.295717239379883', 'r1_speed': '0.0', 'r1_job': '0', 'r2_rob_no': '104', 'r2_weld_line_no': '0', 'r2_electric': '0.0', 'r2_voltage': '0.0', 'r2_speed': '0.0', 'r2_job': '0', 'replace_status': '0', 'part_status': '0', 'r1_protective_gas': '0', 'r1_welding_wire': '0', 'r2_protective_gas': '0', 'r2_welding_wire': '0', 'login_id': '\n\x00\x00\x00\x00\x00\x00\x00\x00\x00', 'login_password': '\n\x00\x00\x00\x00\x00\x00\x00\x00\x00'}
2021-03-02  16:05:47 Tue root INFO ('\n\x07250 YDG\x00', '7315', '0', 44, '4', '0', '182.23379516601562', '13.295717239379883', '0.0', '0', '104', '0', '0.0', '0.0', '0.0', '0', '0', '0', '0', '0', '0', '\n\x00\x00\x00\x00\x00\x00\x00\x00\x00', '\n\x00\x00\x00\x00\x00\x00\x00\x00\x00', '0', '0', '2021-03-02 16:05:47')
2021-03-02  16:05:47 Tue root INFO 成功添加数据
2021-03-02  16:05:47 Tue root INFO mes_plc_r2
2021-03-02  16:05:47 Tue root INFO 读取插入数据库数据：{'product_type': '\n\x07250 TJ1\x00', 'r1_equipment_status': '5267', 'fail_code': '48', 'recerve': '0', 'prod_num': 242, 'r1_rob_no': '4', 'r1_weld_line_no': '0', 'r1_electric': '181.65509033203125', 'r1_voltage': '13.129340171813965', 'r1_speed': '0.0', 'r1_job': '0', 'r2_rob_no': '104', 'r2_weld_line_no': '0', 'r2_electric': '0.0', 'r2_voltage': '0.0', 'r2_speed': '0.0', 'r2_job': '0', 'replace_status': '0', 'part_status': '0', 'r1_protective_gas': '610', 'r1_welding_wire': '0', 'r2_protective_gas': '0', 'r2_welding_wire': '0', 'login_id': '\n\x00\x00\x00\x00\x00\x00\x00\x00\x00', 'login_password': '\n\x00\x00\x00\x00\x00\x00\x00\x00\x00'}
2021-03-02  16:05:47 Tue root INFO ('\n\x07250 TJ1\x00', '5267', '48', 242, '4', '0', '181.65509033203125', '13.129340171813965', '0.0', '0', '104', '0', '0.0', '0.0', '0.0', '0', '0', '610', '0', '0', '0', '\n\x00\x00\x00\x00\x00\x00\x00\x00\x00', '\n\x00\x00\x00\x00\x00\x00\x00\x00\x00', '0', '0', '2021-03-02 16:05:47')
2021-03-02  16:05:47 Tue root INFO 成功添加数据
2021-03-02  16:05:47 Tue root INFO mes_plc_r3
2021-03-02  16:05:48 Tue root INFO 读取插入数据库数据：{'product_type': '\n\x07250 TJ3\x00', 'r1_equipment_status': '7315', 'fail_code': '48', 'recerve': '0', 'prod_num': 247, 'r1_rob_no': '4', 'r1_weld_line_no': '0', 'r1_electric': '184.3315887451172', 'r1_voltage': '13.820168495178223', 'r1_speed': '0.0', 'r1_job': '0', 'r2_rob_no': '104', 'r2_weld_line_no': '0', 'r2_electric': '0.0', 'r2_voltage': '0.0', 'r2_speed': '0.0', 'r2_job': '0', 'replace_status': '0', 'part_status': '0', 'r1_protective_gas': '572', 'r1_welding_wire': '0', 'r2_protective_gas': '0', 'r2_welding_wire': '0', 'login_id': '\n\x00\x00\x00\x00\x00\x00\x00\x00\x00', 'login_password': '\n\x00\x00\x00\x00\x00\x00\x00\x00\x00'}
2021-03-02  16:05:48 Tue root INFO ('\n\x07250 TJ3\x00', '7315', '48', 247, '4', '0', '184.3315887451172', '13.820168495178223', '0.0', '0', '104', '0', '0.0', '0.0', '0.0', '0', '0', '572', '0', '0', '0', '\n\x00\x00\x00\x00\x00\x00\x00\x00\x00', '\n\x00\x00\x00\x00\x00\x00\x00\x00\x00', '0', '0', '2021-03-02 16:05:48')
2021-03-02  16:05:48 Tue root INFO 成功添加数据
2021-03-02  16:05:48 Tue root INFO mes_plc_r4
2021-03-02  16:05:48 Tue root INFO 读取插入数据库数据：{'product_type': '\n\x07250 PCB\x00', 'r1_equipment_status': '7233', 'fail_code': '0', 'recerve': '0', 'prod_num': 27, 'r1_rob_no': '4', 'r1_weld_line_no': '0', 'r1_electric': '182.87037658691406', 'r1_voltage': '-17.223669052124023', 'r1_speed': '0.0', 'r1_job': '0', 'r2_rob_no': '104', 'r2_weld_line_no': '0', 'r2_electric': '0.0', 'r2_voltage': '0.0', 'r2_speed': '0.0', 'r2_job': '0', 'replace_status': '0', 'part_status': '0', 'r1_protective_gas': '2187', 'r1_welding_wire': '0', 'r2_protective_gas': '0', 'r2_welding_wire': '0', 'login_id': '\n\x00\x00\x00\x00\x00\x00\x00\x00\x00', 'login_password': '\n\x00\x00\x00\x00\x00\x00\x00\x00\x00'}
2021-03-02  16:05:48 Tue root INFO ('\n\x07250 PCB\x00', '7233', '0', 27, '4', '0', '182.87037658691406', '-17.223669052124023', '0.0', '0', '104', '0', '0.0', '0.0', '0.0', '0', '0', '2187', '0', '0', '0', '\n\x00\x00\x00\x00\x00\x00\x00\x00\x00', '\n\x00\x00\x00\x00\x00\x00\x00\x00\x00', '0', '0', '2021-03-02 16:05:48')
2021-03-02  16:05:48 Tue root INFO 成功添加数据
2021-03-02  16:05:48 Tue root INFO mes_plc_r5
2021-03-02  16:05:48 Tue root INFO 读取插入数据库数据：{'product_type': '\n\x00\x00\x00\x00\x00\x00\x00\x00\x00', 'r1_equipment_status': '6162', 'fail_code': '0', 'recerve': '0', 'prod_num': 0, 'r1_rob_no': '0', 'r1_weld_line_no': '0', 'r1_electric': '179.87557983398438', 'r1_voltage': '13.462095260620117', 'r1_speed': '0.0', 'r1_job': '0', 'r2_rob_no': '0', 'r2_weld_line_no': '0', 'r2_electric': '179.2679443359375', 'r2_voltage': '13.407841682434082', 'r2_speed': '0.0', 'r2_job': '0', 'replace_status': '0', 'part_status': '0', 'r1_protective_gas': '0', 'r1_welding_wire': '0', 'r2_protective_gas': '0', 'r2_welding_wire': '0', 'login_id': '\n\x00\x00\x00\x00\x00\x00\x00\x00\x00', 'login_password': '\n\x00\x00\x00\x00\x00\x00\x00\x00\x00'}
2021-03-02  16:05:48 Tue root INFO ('\n\x00\x00\x00\x00\x00\x00\x00\x00\x00', '6162', '0', 0, '0', '0', '179.87557983398438', '13.462095260620117', '0.0', '0', '0', '0', '179.2679443359375', '13.407841682434082', '0.0', '0', '0', '0', '0', '0', '0', '\n\x00\x00\x00\x00\x00\x00\x00\x00\x00', '\n\x00\x00\x00\x00\x00\x00\x00\x00\x00', '0', '0', '2021-03-02 16:05:48')
2021-03-02  16:05:48 Tue root INFO 成功添加数据
2021-03-02  16:05:48 Tue root INFO mes_plc_r6
2021-03-02  16:05:49 Tue root INFO 读取插入数据库数据：{'product_type': '\n\x00\x00\x00\x00\x00\x00\x00\x00\x00', 'r1_equipment_status': '0', 'fail_code': '0', 'recerve': '10', 'prod_num': 19, 'r1_rob_no': '0', 'r1_weld_line_no': '0', 'r1_electric': '0.0', 'r1_voltage': '0.0', 'r1_speed': '0.0', 'r1_job': '0', 'r2_rob_no': '0', 'r2_weld_line_no': '0', 'r2_electric': '0.0', 'r2_voltage': '0.0', 'r2_speed': '0.0', 'r2_job': '0', 'replace_status': '0', 'part_status': '0', 'r1_protective_gas': '0', 'r1_welding_wire': '0', 'r2_protective_gas': '0', 'r2_welding_wire': '0', 'login_id': '\n\x00\x00\x00\x00\x00\x00\x00\x00\x00', 'login_password': '\n\x00\x00\x00\x00\x00\x00\x00\x00\x00'}
2021-03-02  16:05:49 Tue root INFO ('\n\x00\x00\x00\x00\x00\x00\x00\x00\x00', '0', '0', 19, '0', '0', '0.0', '0.0', '0.0', '0', '0', '0', '0.0', '0.0', '0.0', '0', '0', '0', '0', '0', '0', '\n\x00\x00\x00\x00\x00\x00\x00\x00\x00', '\n\x00\x00\x00\x00\x00\x00\x00\x00\x00', '0', '10', '2021-03-02 16:05:49')
2021-03-02  16:05:49 Tue root INFO 成功添加数据
2021-03-02  16:06:49 Tue root INFO plc连接状态:[1, 1, 1, 1, 1, 1]
2021-03-02  16:06:49 Tue root INFO mes_plc
2021-03-02  16:06:49 Tue root INFO 读取插入数据库数据：{'product_type': '\n\x07250 YDG\x00', 'r1_equipment_status': '7315', 'fail_code': '0', 'recerve': '0', 'prod_num': 44, 'r1_rob_no': '4', 'r1_weld_line_no': '0', 'r1_electric': '182.26272583007812', 'r1_voltage': '13.29210090637207', 'r1_speed': '0.0', 'r1_job': '0', 'r2_rob_no': '104', 'r2_weld_line_no': '0', 'r2_electric': '0.0', 'r2_voltage': '0.0', 'r2_speed': '0.0', 'r2_job': '0', 'replace_status': '0', 'part_status': '0', 'r1_protective_gas': '0', 'r1_welding_wire': '0', 'r2_protective_gas': '0', 'r2_welding_wire': '0', 'login_id': '\n\x00\x00\x00\x00\x00\x00\x00\x00\x00', 'login_password': '\n\x00\x00\x00\x00\x00\x00\x00\x00\x00'}
2021-03-02  16:06:49 Tue root INFO ('\n\x07250 YDG\x00', '7315', '0', 44, '4', '0', '182.26272583007812', '13.29210090637207', '0.0', '0', '104', '0', '0.0', '0.0', '0.0', '0', '0', '0', '0', '0', '0', '\n\x00\x00\x00\x00\x00\x00\x00\x00\x00', '\n\x00\x00\x00\x00\x00\x00\x00\x00\x00', '0', '0', '2021-03-02 16:06:49')
2021-03-02  16:06:49 Tue root INFO 成功添加数据
2021-03-02  16:06:49 Tue root INFO mes_plc_r2
2021-03-02  16:06:50 Tue root INFO 读取插入数据库数据：{'product_type': '\n\x07250 TJ1\x00', 'r1_equipment_status': '5267', 'fail_code': '48', 'recerve': '0', 'prod_num': 242, 'r1_rob_no': '4', 'r1_weld_line_no': '0', 'r1_electric': '181.640625', 'r1_voltage': '13.129340171813965', 'r1_speed': '0.0', 'r1_job': '0', 'r2_rob_no': '104', 'r2_weld_line_no': '0', 'r2_electric': '0.0', 'r2_voltage': '0.0', 'r2_speed': '0.0', 'r2_job': '0', 'replace_status': '0', 'part_status': '0', 'r1_protective_gas': '610', 'r1_welding_wire': '0', 'r2_protective_gas': '0', 'r2_welding_wire': '0', 'login_id': '\n\x00\x00\x00\x00\x00\x00\x00\x00\x00', 'login_password': '\n\x00\x00\x00\x00\x00\x00\x00\x00\x00'}
2021-03-02  16:06:50 Tue root INFO ('\n\x07250 TJ1\x00', '5267', '48', 242, '4', '0', '181.640625', '13.129340171813965', '0.0', '0', '104', '0', '0.0', '0.0', '0.0', '0', '0', '610', '0', '0', '0', '\n\x00\x00\x00\x00\x00\x00\x00\x00\x00', '\n\x00\x00\x00\x00\x00\x00\x00\x00\x00', '0', '0', '2021-03-02 16:06:50')
2021-03-02  16:06:50 Tue root INFO 成功添加数据
2021-03-02  16:06:50 Tue root INFO mes_plc_r3
2021-03-02  16:06:50 Tue root INFO 读取插入数据库数据：{'product_type': '\n\x07250 TJ3\x00', 'r1_equipment_status': '7315', 'fail_code': '48', 'recerve': '0', 'prod_num': 247, 'r1_rob_no': '4', 'r1_weld_line_no': '0', 'r1_electric': '184.28819274902344', 'r1_voltage': '13.820168495178223', 'r1_speed': '0.0', 'r1_job': '0', 'r2_rob_no': '104', 'r2_weld_line_no': '0', 'r2_electric': '0.0', 'r2_voltage': '0.0', 'r2_speed': '0.0', 'r2_job': '0', 'replace_status': '0', 'part_status': '0', 'r1_protective_gas': '572', 'r1_welding_wire': '0', 'r2_protective_gas': '0', 'r2_welding_wire': '0', 'login_id': '\n\x00\x00\x00\x00\x00\x00\x00\x00\x00', 'login_password': '\n\x00\x00\x00\x00\x00\x00\x00\x00\x00'}
2021-03-02  16:06:50 Tue root INFO ('\n\x07250 TJ3\x00', '7315', '48', 247, '4', '0', '184.28819274902344', '13.820168495178223', '0.0', '0', '104', '0', '0.0', '0.0', '0.0', '0', '0', '572', '0', '0', '0', '\n\x00\x00\x00\x00\x00\x00\x00\x00\x00', '\n\x00\x00\x00\x00\x00\x00\x00\x00\x00', '0', '0', '2021-03-02 16:06:50')
2021-03-02  16:06:50 Tue root INFO 成功添加数据
2021-03-02  16:06:50 Tue root INFO mes_plc_r4
2021-03-02  16:06:50 Tue root INFO 读取插入数据库数据：{'product_type': '\n\x07250 PCB\x00', 'r1_equipment_status': '7233', 'fail_code': '0', 'recerve': '0', 'prod_num': 27, 'r1_rob_no': '4', 'r1_weld_line_no': '0', 'r1_electric': '182.75462341308594', 'r1_voltage': '-16.597946166992188', 'r1_speed': '0.0', 'r1_job': '0', 'r2_rob_no': '104', 'r2_weld_line_no': '0', 'r2_electric': '0.0', 'r2_voltage': '0.0', 'r2_speed': '0.0', 'r2_job': '0', 'replace_status': '0', 'part_status': '0', 'r1_protective_gas': '2213', 'r1_welding_wire': '0', 'r2_protective_gas': '0', 'r2_welding_wire': '0', 'login_id': '\n\x00\x00\x00\x00\x00\x00\x00\x00\x00', 'login_password': '\n\x00\x00\x00\x00\x00\x00\x00\x00\x00'}
2021-03-02  16:06:50 Tue root INFO ('\n\x07250 PCB\x00', '7233', '0', 27, '4', '0', '182.75462341308594', '-16.597946166992188', '0.0', '0', '104', '0', '0.0', '0.0', '0.0', '0', '0', '2213', '0', '0', '0', '\n\x00\x00\x00\x00\x00\x00\x00\x00\x00', '\n\x00\x00\x00\x00\x00\x00\x00\x00\x00', '0', '0', '2021-03-02 16:06:50')
2021-03-02  16:06:50 Tue root INFO 成功添加数据
2021-03-02  16:06:50 Tue root INFO mes_plc_r5
2021-03-02  16:06:51 Tue root INFO 读取插入数据库数据：{'product_type': '\n\x00\x00\x00\x00\x00\x00\x00\x00\x00', 'r1_equipment_status': '6162', 'fail_code': '0', 'recerve': '0', 'prod_num': 0, 'r1_rob_no': '0', 'r1_weld_line_no': '0', 'r1_electric': '179.84664916992188', 'r1_voltage': '13.425925254821777', 'r1_speed': '0.0', 'r1_job': '0', 'r2_rob_no': '0', 'r2_weld_line_no': '0', 'r2_electric': '179.2679443359375', 'r2_voltage': '13.407841682434082', 'r2_speed': '0.0', 'r2_job': '0', 'replace_status': '0', 'part_status': '0', 'r1_protective_gas': '0', 'r1_welding_wire': '0', 'r2_protective_gas': '0', 'r2_welding_wire': '0', 'login_id': '\n\x00\x00\x00\x00\x00\x00\x00\x00\x00', 'login_password': '\n\x00\x00\x00\x00\x00\x00\x00\x00\x00'}
2021-03-02  16:06:51 Tue root INFO ('\n\x00\x00\x00\x00\x00\x00\x00\x00\x00', '6162', '0', 0, '0', '0', '179.84664916992188', '13.425925254821777', '0.0', '0', '0', '0', '179.2679443359375', '13.407841682434082', '0.0', '0', '0', '0', '0', '0', '0', '\n\x00\x00\x00\x00\x00\x00\x00\x00\x00', '\n\x00\x00\x00\x00\x00\x00\x00\x00\x00', '0', '0', '2021-03-02 16:06:51')
2021-03-02  16:06:51 Tue root INFO 成功添加数据
2021-03-02  16:06:51 Tue root INFO mes_plc_r6
2021-03-02  16:06:51 Tue root INFO 读取插入数据库数据：{'product_type': '\n\x00\x00\x00\x00\x00\x00\x00\x00\x00', 'r1_equipment_status': '0', 'fail_code': '0', 'recerve': '10', 'prod_num': 19, 'r1_rob_no': '0', 'r1_weld_line_no': '0', 'r1_electric': '0.0', 'r1_voltage': '0.0', 'r1_speed': '0.0', 'r1_job': '0', 'r2_rob_no': '0', 'r2_weld_line_no': '0', 'r2_electric': '0.0', 'r2_voltage': '0.0', 'r2_speed': '0.0', 'r2_job': '0', 'replace_status': '0', 'part_status': '0', 'r1_protective_gas': '0', 'r1_welding_wire': '0', 'r2_protective_gas': '0', 'r2_welding_wire': '0', 'login_id': '\n\x00\x00\x00\x00\x00\x00\x00\x00\x00', 'login_password': '\n\x00\x00\x00\x00\x00\x00\x00\x00\x00'}
2021-03-02  16:06:51 Tue root INFO ('\n\x00\x00\x00\x00\x00\x00\x00\x00\x00', '0', '0', 19, '0', '0', '0.0', '0.0', '0.0', '0', '0', '0', '0.0', '0.0', '0.0', '0', '0', '0', '0', '0', '0', '\n\x00\x00\x00\x00\x00\x00\x00\x00\x00', '\n\x00\x00\x00\x00\x00\x00\x00\x00\x00', '0', '10', '2021-03-02 16:06:51')
2021-03-02  16:06:51 Tue root INFO 成功添加数据
2021-03-02  16:07:51 Tue root INFO plc连接状态:[1, 1, 1, 1, 1, 1]
2021-03-02  16:07:51 Tue root INFO mes_plc
2021-03-02  16:07:52 Tue root INFO 读取插入数据库数据：{'product_type': '\n\x07250 YDG\x00', 'r1_equipment_status': '7315', 'fail_code': '0', 'recerve': '0', 'prod_num': 44, 'r1_rob_no': '4', 'r1_weld_line_no': '0', 'r1_electric': '182.24826049804688', 'r1_voltage': '13.284866333007812', 'r1_speed': '0.0', 'r1_job': '0', 'r2_rob_no': '104', 'r2_weld_line_no': '0', 'r2_electric': '0.0', 'r2_voltage': '0.0', 'r2_speed': '0.0', 'r2_job': '0', 'replace_status': '0', 'part_status': '0', 'r1_protective_gas': '0', 'r1_welding_wire': '0', 'r2_protective_gas': '0', 'r2_welding_wire': '0', 'login_id': '\n\x00\x00\x00\x00\x00\x00\x00\x00\x00', 'login_password': '\n\x00\x00\x00\x00\x00\x00\x00\x00\x00'}
2021-03-02  16:07:52 Tue root INFO ('\n\x07250 YDG\x00', '7315', '0', 44, '4', '0', '182.24826049804688', '13.284866333007812', '0.0', '0', '104', '0', '0.0', '0.0', '0.0', '0', '0', '0', '0', '0', '0', '\n\x00\x00\x00\x00\x00\x00\x00\x00\x00', '\n\x00\x00\x00\x00\x00\x00\x00\x00\x00', '0', '0', '2021-03-02 16:07:52')
2021-03-02  16:07:52 Tue root INFO 成功添加数据
2021-03-02  16:07:52 Tue root INFO mes_plc_r2
2021-03-02  16:07:52 Tue root INFO 读取插入数据库数据：{'product_type': '\n\x07250 TJ1\x00', 'r1_equipment_status': '5267', 'fail_code': '48', 'recerve': '0', 'prod_num': 242, 'r1_rob_no': '4', 'r1_weld_line_no': '0', 'r1_electric': '181.7129669189453', 'r1_voltage': '13.12210750579834', 'r1_speed': '0.0', 'r1_job': '0', 'r2_rob_no': '104', 'r2_weld_line_no': '0', 'r2_electric': '0.0', 'r2_voltage': '0.0', 'r2_speed': '0.0', 'r2_job': '0', 'replace_status': '0', 'part_status': '0', 'r1_protective_gas': '610', 'r1_welding_wire': '0', 'r2_protective_gas': '0', 'r2_welding_wire': '0', 'login_id': '\n\x00\x00\x00\x00\x00\x00\x00\x00\x00', 'login_password': '\n\x00\x00\x00\x00\x00\x00\x00\x00\x00'}
2021-03-02  16:07:52 Tue root INFO ('\n\x07250 TJ1\x00', '5267', '48', 242, '4', '0', '181.7129669189453', '13.12210750579834', '0.0', '0', '104', '0', '0.0', '0.0', '0.0', '0', '0', '610', '0', '0', '0', '\n\x00\x00\x00\x00\x00\x00\x00\x00\x00', '\n\x00\x00\x00\x00\x00\x00\x00\x00\x00', '0', '0', '2021-03-02 16:07:52')
2021-03-02  16:07:52 Tue root INFO 成功添加数据
2021-03-02  16:07:52 Tue root INFO mes_plc_r3
2021-03-02  16:07:52 Tue root INFO 读取插入数据库数据：{'product_type': '\n\x07250 TJ3\x00', 'r1_equipment_status': '7315', 'fail_code': '48', 'recerve': '0', 'prod_num': 247, 'r1_rob_no': '4', 'r1_weld_line_no': '0', 'r1_electric': '184.2737274169922', 'r1_voltage': '13.816550254821777', 'r1_speed': '0.0', 'r1_job': '0', 'r2_rob_no': '104', 'r2_weld_line_no': '0', 'r2_electric': '0.0', 'r2_voltage': '0.0', 'r2_speed': '0.0', 'r2_job': '0', 'replace_status': '0', 'part_status': '0', 'r1_protective_gas': '572', 'r1_welding_wire': '0', 'r2_protective_gas': '0', 'r2_welding_wire': '0', 'login_id': '\n\x00\x00\x00\x00\x00\x00\x00\x00\x00', 'login_password': '\n\x00\x00\x00\x00\x00\x00\x00\x00\x00'}
2021-03-02  16:07:52 Tue root INFO ('\n\x07250 TJ3\x00', '7315', '48', 247, '4', '0', '184.2737274169922', '13.816550254821777', '0.0', '0', '104', '0', '0.0', '0.0', '0.0', '0', '0', '572', '0', '0', '0', '\n\x00\x00\x00\x00\x00\x00\x00\x00\x00', '\n\x00\x00\x00\x00\x00\x00\x00\x00\x00', '0', '0', '2021-03-02 16:07:52')
2021-03-02  16:07:52 Tue root INFO 成功添加数据
2021-03-02  16:07:52 Tue root INFO mes_plc_r4
2021-03-02  16:07:53 Tue root INFO 读取插入数据库数据：{'product_type': '\n\x07250 PCB\x00', 'r1_equipment_status': '6803', 'fail_code': '0', 'recerve': '0', 'prod_num': 28, 'r1_rob_no': '4', 'r1_weld_line_no': '0', 'r1_electric': '182.9137725830078', 'r1_voltage': '11.990017890930176', 'r1_speed': '0.0', 'r1_job': '0', 'r2_rob_no': '104', 'r2_weld_line_no': '0', 'r2_electric': '0.0', 'r2_voltage': '0.0', 'r2_speed': '0.0', 'r2_job': '0', 'replace_status': '0', 'part_status': '0', 'r1_protective_gas': '2218', 'r1_welding_wire': '0', 'r2_protective_gas': '0', 'r2_welding_wire': '0', 'login_id': '\n\x00\x00\x00\x00\x00\x00\x00\x00\x00', 'login_password': '\n\x00\x00\x00\x00\x00\x00\x00\x00\x00'}
2021-03-02  16:07:53 Tue root INFO ('\n\x07250 PCB\x00', '6803', '0', 28, '4', '0', '182.9137725830078', '11.990017890930176', '0.0', '0', '104', '0', '0.0', '0.0', '0.0', '0', '0', '2218', '0', '0', '0', '\n\x00\x00\x00\x00\x00\x00\x00\x00\x00', '\n\x00\x00\x00\x00\x00\x00\x00\x00\x00', '0', '0', '2021-03-02 16:07:53')
2021-03-02  16:07:53 Tue root INFO 成功添加数据
2021-03-02  16:07:53 Tue root INFO mes_plc_r5
2021-03-02  16:07:53 Tue root INFO 读取插入数据库数据：{'product_type': '\n\x00\x00\x00\x00\x00\x00\x00\x00\x00', 'r1_equipment_status': '6162', 'fail_code': '0', 'recerve': '0', 'prod_num': 0, 'r1_rob_no': '0', 'r1_weld_line_no': '0', 'r1_electric': '179.80323791503906', 'r1_voltage': '13.429543495178223', 'r1_speed': '0.0', 'r1_job': '0', 'r2_rob_no': '0', 'r2_weld_line_no': '0', 'r2_electric': '179.21006774902344', 'r2_voltage': '13.418692588806152', 'r2_speed': '0.0', 'r2_job': '0', 'replace_status': '0', 'part_status': '0', 'r1_protective_gas': '0', 'r1_welding_wire': '0', 'r2_protective_gas': '0', 'r2_welding_wire': '0', 'login_id': '\n\x00\x00\x00\x00\x00\x00\x00\x00\x00', 'login_password': '\n\x00\x00\x00\x00\x00\x00\x00\x00\x00'}
2021-03-02  16:07:53 Tue root INFO ('\n\x00\x00\x00\x00\x00\x00\x00\x00\x00', '6162', '0', 0, '0', '0', '179.80323791503906', '13.429543495178223', '0.0', '0', '0', '0', '179.21006774902344', '13.418692588806152', '0.0', '0', '0', '0', '0', '0', '0', '\n\x00\x00\x00\x00\x00\x00\x00\x00\x00', '\n\x00\x00\x00\x00\x00\x00\x00\x00\x00', '0', '0', '2021-03-02 16:07:53')
2021-03-02  16:07:53 Tue root INFO 成功添加数据
2021-03-02  16:07:53 Tue root INFO mes_plc_r6
2021-03-02  16:07:54 Tue root INFO 读取插入数据库数据：{'product_type': '\n\x00\x00\x00\x00\x00\x00\x00\x00\x00', 'r1_equipment_status': '0', 'fail_code': '0', 'recerve': '10', 'prod_num': 19, 'r1_rob_no': '0', 'r1_weld_line_no': '0', 'r1_electric': '0.0', 'r1_voltage': '0.0', 'r1_speed': '0.0', 'r1_job': '0', 'r2_rob_no': '0', 'r2_weld_line_no': '0', 'r2_electric': '0.0', 'r2_voltage': '0.0', 'r2_speed': '0.0', 'r2_job': '0', 'replace_status': '0', 'part_status': '0', 'r1_protective_gas': '0', 'r1_welding_wire': '0', 'r2_protective_gas': '0', 'r2_welding_wire': '0', 'login_id': '\n\x00\x00\x00\x00\x00\x00\x00\x00\x00', 'login_password': '\n\x00\x00\x00\x00\x00\x00\x00\x00\x00'}
2021-03-02  16:07:54 Tue root INFO ('\n\x00\x00\x00\x00\x00\x00\x00\x00\x00', '0', '0', 19, '0', '0', '0.0', '0.0', '0.0', '0', '0', '0', '0.0', '0.0', '0.0', '0', '0', '0', '0', '0', '0', '\n\x00\x00\x00\x00\x00\x00\x00\x00\x00', '\n\x00\x00\x00\x00\x00\x00\x00\x00\x00', '0', '10', '2021-03-02 16:07:54')
2021-03-02  16:07:54 Tue root INFO 成功添加数据
2021-03-02  16:08:54 Tue root INFO plc连接状态:[1, 1, 1, 1, 1, 1]
2021-03-02  16:08:54 Tue root INFO mes_plc
2021-03-02  16:08:54 Tue root INFO 读取插入数据库数据：{'product_type': '\n\x07250 YDG\x00', 'r1_equipment_status': '7315', 'fail_code': '0', 'recerve': '0', 'prod_num': 44, 'r1_rob_no': '4', 'r1_weld_line_no': '0', 'r1_electric': '182.26272583007812', 'r1_voltage': '13.284866333007812', 'r1_speed': '0.0', 'r1_job': '0', 'r2_rob_no': '104', 'r2_weld_line_no': '0', 'r2_electric': '0.0', 'r2_voltage': '0.0', 'r2_speed': '0.0', 'r2_job': '0', 'replace_status': '0', 'part_status': '0', 'r1_protective_gas': '0', 'r1_welding_wire': '0', 'r2_protective_gas': '0', 'r2_welding_wire': '0', 'login_id': '\n\x00\x00\x00\x00\x00\x00\x00\x00\x00', 'login_password': '\n\x00\x00\x00\x00\x00\x00\x00\x00\x00'}
2021-03-02  16:08:54 Tue root INFO ('\n\x07250 YDG\x00', '7315', '0', 44, '4', '0', '182.26272583007812', '13.284866333007812', '0.0', '0', '104', '0', '0.0', '0.0', '0.0', '0', '0', '0', '0', '0', '0', '\n\x00\x00\x00\x00\x00\x00\x00\x00\x00', '\n\x00\x00\x00\x00\x00\x00\x00\x00\x00', '0', '0', '2021-03-02 16:08:54')
2021-03-02  16:08:54 Tue root INFO 成功添加数据
2021-03-02  16:08:54 Tue root INFO mes_plc_r2
2021-03-02  16:08:54 Tue root INFO 读取插入数据库数据：{'product_type': '\n\x07250 TJ1\x00', 'r1_equipment_status': '5267', 'fail_code': '48', 'recerve': '0', 'prod_num': 242, 'r1_rob_no': '4', 'r1_weld_line_no': '0', 'r1_electric': '181.6695556640625', 'r1_voltage': '13.129340171813965', 'r1_speed': '0.0', 'r1_job': '0', 'r2_rob_no': '104', 'r2_weld_line_no': '0', 'r2_electric': '0.0', 'r2_voltage': '0.0', 'r2_speed': '0.0', 'r2_job': '0', 'replace_status': '0', 'part_status': '0', 'r1_protective_gas': '610', 'r1_welding_wire': '0', 'r2_protective_gas': '0', 'r2_welding_wire': '0', 'login_id': '\n\x00\x00\x00\x00\x00\x00\x00\x00\x00', 'login_password': '\n\x00\x00\x00\x00\x00\x00\x00\x00\x00'}
2021-03-02  16:08:54 Tue root INFO ('\n\x07250 TJ1\x00', '5267', '48', 242, '4', '0', '181.6695556640625', '13.129340171813965', '0.0', '0', '104', '0', '0.0', '0.0', '0.0', '0', '0', '610', '0', '0', '0', '\n\x00\x00\x00\x00\x00\x00\x00\x00\x00', '\n\x00\x00\x00\x00\x00\x00\x00\x00\x00', '0', '0', '2021-03-02 16:08:54')
2021-03-02  16:08:54 Tue root INFO 成功添加数据
2021-03-02  16:08:54 Tue root INFO mes_plc_r3
2021-03-02  16:08:55 Tue root INFO 读取插入数据库数据：{'product_type': '\n\x07250 TJ3\x00', 'r1_equipment_status': '7315', 'fail_code': '48', 'recerve': '0', 'prod_num': 247, 'r1_rob_no': '4', 'r1_weld_line_no': '0', 'r1_electric': '184.24478149414062', 'r1_voltage': '13.823784828186035', 'r1_speed': '0.0', 'r1_job': '0', 'r2_rob_no': '104', 'r2_weld_line_no': '0', 'r2_electric': '0.0', 'r2_voltage': '0.0', 'r2_speed': '0.0', 'r2_job': '0', 'replace_status': '0', 'part_status': '0', 'r1_protective_gas': '572', 'r1_welding_wire': '0', 'r2_protective_gas': '0', 'r2_welding_wire': '0', 'login_id': '\n\x00\x00\x00\x00\x00\x00\x00\x00\x00', 'login_password': '\n\x00\x00\x00\x00\x00\x00\x00\x00\x00'}
2021-03-02  16:08:55 Tue root INFO ('\n\x07250 TJ3\x00', '7315', '48', 247, '4', '0', '184.24478149414062', '13.823784828186035', '0.0', '0', '104', '0', '0.0', '0.0', '0.0', '0', '0', '572', '0', '0', '0', '\n\x00\x00\x00\x00\x00\x00\x00\x00\x00', '\n\x00\x00\x00\x00\x00\x00\x00\x00\x00', '0', '0', '2021-03-02 16:08:55')
2021-03-02  16:08:55 Tue root INFO 成功添加数据
2021-03-02  16:08:55 Tue root INFO mes_plc_r4
2021-03-02  16:08:55 Tue root INFO 读取插入数据库数据：{'product_type': '\n\x07250 PCB\x00', 'r1_equipment_status': '6803', 'fail_code': '0', 'recerve': '0', 'prod_num': 28, 'r1_rob_no': '4', 'r1_weld_line_no': '0', 'r1_electric': '182.69676208496094', 'r1_voltage': '118.51490783691406', 'r1_speed': '0.0', 'r1_job': '0', 'r2_rob_no': '104', 'r2_weld_line_no': '0', 'r2_electric': '0.0', 'r2_voltage': '0.0', 'r2_speed': '0.0', 'r2_job': '0', 'replace_status': '0', 'part_status': '0', 'r1_protective_gas': '2244', 'r1_welding_wire': '0', 'r2_protective_gas': '0', 'r2_welding_wire': '0', 'login_id': '\n\x00\x00\x00\x00\x00\x00\x00\x00\x00', 'login_password': '\n\x00\x00\x00\x00\x00\x00\x00\x00\x00'}
2021-03-02  16:08:55 Tue root INFO ('\n\x07250 PCB\x00', '6803', '0', 28, '4', '0', '182.69676208496094', '118.51490783691406', '0.0', '0', '104', '0', '0.0', '0.0', '0.0', '0', '0', '2244', '0', '0', '0', '\n\x00\x00\x00\x00\x00\x00\x00\x00\x00', '\n\x00\x00\x00\x00\x00\x00\x00\x00\x00', '0', '0', '2021-03-02 16:08:55')
2021-03-02  16:08:55 Tue root INFO 成功添加数据
2021-03-02  16:08:55 Tue root INFO mes_plc_r5
2021-03-02  16:08:55 Tue root INFO 读取插入数据库数据：{'product_type': '\n\x00\x00\x00\x00\x00\x00\x00\x00\x00', 'r1_equipment_status': '6162', 'fail_code': '0', 'recerve': '0', 'prod_num': 0, 'r1_rob_no': '0', 'r1_weld_line_no': '0', 'r1_electric': '179.84664916992188', 'r1_voltage': '13.462095260620117', 'r1_speed': '0.0', 'r1_job': '0', 'r2_rob_no': '0', 'r2_weld_line_no': '0', 'r2_electric': '179.21006774902344', 'r2_voltage': '13.411458015441895', 'r2_speed': '0.0', 'r2_job': '0', 'replace_status': '0', 'part_status': '0', 'r1_protective_gas': '0', 'r1_welding_wire': '0', 'r2_protective_gas': '0', 'r2_welding_wire': '0', 'login_id': '\n\x00\x00\x00\x00\x00\x00\x00\x00\x00', 'login_password': '\n\x00\x00\x00\x00\x00\x00\x00\x00\x00'}
2021-03-02  16:08:55 Tue root INFO ('\n\x00\x00\x00\x00\x00\x00\x00\x00\x00', '6162', '0', 0, '0', '0', '179.84664916992188', '13.462095260620117', '0.0', '0', '0', '0', '179.21006774902344', '13.411458015441895', '0.0', '0', '0', '0', '0', '0', '0', '\n\x00\x00\x00\x00\x00\x00\x00\x00\x00', '\n\x00\x00\x00\x00\x00\x00\x00\x00\x00', '0', '0', '2021-03-02 16:08:55')
2021-03-02  16:08:56 Tue root INFO 成功添加数据
2021-03-02  16:08:56 Tue root INFO mes_plc_r6
2021-03-02  16:08:56 Tue root INFO 读取插入数据库数据：{'product_type': '\n\x00\x00\x00\x00\x00\x00\x00\x00\x00', 'r1_equipment_status': '0', 'fail_code': '0', 'recerve': '10', 'prod_num': 19, 'r1_rob_no': '0', 'r1_weld_line_no': '0', 'r1_electric': '0.0', 'r1_voltage': '0.0', 'r1_speed': '0.0', 'r1_job': '0', 'r2_rob_no': '0', 'r2_weld_line_no': '0', 'r2_electric': '0.0', 'r2_voltage': '0.0', 'r2_speed': '0.0', 'r2_job': '0', 'replace_status': '0', 'part_status': '0', 'r1_protective_gas': '0', 'r1_welding_wire': '0', 'r2_protective_gas': '0', 'r2_welding_wire': '0', 'login_id': '\n\x00\x00\x00\x00\x00\x00\x00\x00\x00', 'login_password': '\n\x00\x00\x00\x00\x00\x00\x00\x00\x00'}
2021-03-02  16:08:56 Tue root INFO ('\n\x00\x00\x00\x00\x00\x00\x00\x00\x00', '0', '0', 19, '0', '0', '0.0', '0.0', '0.0', '0', '0', '0', '0.0', '0.0', '0.0', '0', '0', '0', '0', '0', '0', '\n\x00\x00\x00\x00\x00\x00\x00\x00\x00', '\n\x00\x00\x00\x00\x00\x00\x00\x00\x00', '0', '10', '2021-03-02 16:08:56')
2021-03-02  16:08:56 Tue root INFO 成功添加数据
2021-03-02  16:09:56 Tue root INFO plc连接状态:[1, 1, 1, 1, 1, 1]
2021-03-02  16:09:56 Tue root INFO mes_plc
2021-03-02  16:09:56 Tue root INFO 读取插入数据库数据：{'product_type': '\n\x07250 YDG\x00', 'r1_equipment_status': '7315', 'fail_code': '0', 'recerve': '0', 'prod_num': 44, 'r1_rob_no': '4', 'r1_weld_line_no': '0', 'r1_electric': '182.19039916992188', 'r1_voltage': '13.295717239379883', 'r1_speed': '0.0', 'r1_job': '0', 'r2_rob_no': '104', 'r2_weld_line_no': '0', 'r2_electric': '0.0', 'r2_voltage': '0.0', 'r2_speed': '0.0', 'r2_job': '0', 'replace_status': '0', 'part_status': '0', 'r1_protective_gas': '0', 'r1_welding_wire': '0', 'r2_protective_gas': '0', 'r2_welding_wire': '0', 'login_id': '\n\x00\x00\x00\x00\x00\x00\x00\x00\x00', 'login_password': '\n\x00\x00\x00\x00\x00\x00\x00\x00\x00'}
2021-03-02  16:09:56 Tue root INFO ('\n\x07250 YDG\x00', '7315', '0', 44, '4', '0', '182.19039916992188', '13.295717239379883', '0.0', '0', '104', '0', '0.0', '0.0', '0.0', '0', '0', '0', '0', '0', '0', '\n\x00\x00\x00\x00\x00\x00\x00\x00\x00', '\n\x00\x00\x00\x00\x00\x00\x00\x00\x00', '0', '0', '2021-03-02 16:09:56')
2021-03-02  16:09:56 Tue root INFO 成功添加数据
2021-03-02  16:09:56 Tue root INFO mes_plc_r2
2021-03-02  16:09:57 Tue root INFO 读取插入数据库数据：{'product_type': '\n\x07250 TJ1\x00', 'r1_equipment_status': '5267', 'fail_code': '48', 'recerve': '0', 'prod_num': 242, 'r1_rob_no': '4', 'r1_weld_line_no': '0', 'r1_electric': '181.65509033203125', 'r1_voltage': '13.129340171813965', 'r1_speed': '0.0', 'r1_job': '0', 'r2_rob_no': '104', 'r2_weld_line_no': '0', 'r2_electric': '0.0', 'r2_voltage': '0.0', 'r2_speed': '0.0', 'r2_job': '0', 'replace_status': '0', 'part_status': '0', 'r1_protective_gas': '610', 'r1_welding_wire': '0', 'r2_protective_gas': '0', 'r2_welding_wire': '0', 'login_id': '\n\x00\x00\x00\x00\x00\x00\x00\x00\x00', 'login_password': '\n\x00\x00\x00\x00\x00\x00\x00\x00\x00'}
2021-03-02  16:09:57 Tue root INFO ('\n\x07250 TJ1\x00', '5267', '48', 242, '4', '0', '181.65509033203125', '13.129340171813965', '0.0', '0', '104', '0', '0.0', '0.0', '0.0', '0', '0', '610', '0', '0', '0', '\n\x00\x00\x00\x00\x00\x00\x00\x00\x00', '\n\x00\x00\x00\x00\x00\x00\x00\x00\x00', '0', '0', '2021-03-02 16:09:57')
2021-03-02  16:09:57 Tue root INFO 成功添加数据
2021-03-02  16:09:57 Tue root INFO mes_plc_r3
2021-03-02  16:09:57 Tue root INFO 读取插入数据库数据：{'product_type': '\n\x07250 TJ3\x00', 'r1_equipment_status': '7315', 'fail_code': '48', 'recerve': '0', 'prod_num': 247, 'r1_rob_no': '4', 'r1_weld_line_no': '0', 'r1_electric': '184.28819274902344', 'r1_voltage': '13.820168495178223', 'r1_speed': '0.0', 'r1_job': '0', 'r2_rob_no': '104', 'r2_weld_line_no': '0', 'r2_electric': '0.0', 'r2_voltage': '0.0', 'r2_speed': '0.0', 'r2_job': '0', 'replace_status': '0', 'part_status': '0', 'r1_protective_gas': '572', 'r1_welding_wire': '0', 'r2_protective_gas': '0', 'r2_welding_wire': '0', 'login_id': '\n\x00\x00\x00\x00\x00\x00\x00\x00\x00', 'login_password': '\n\x00\x00\x00\x00\x00\x00\x00\x00\x00'}
2021-03-02  16:09:57 Tue root INFO ('\n\x07250 TJ3\x00', '7315', '48', 247, '4', '0', '184.28819274902344', '13.820168495178223', '0.0', '0', '104', '0', '0.0', '0.0', '0.0', '0', '0', '572', '0', '0', '0', '\n\x00\x00\x00\x00\x00\x00\x00\x00\x00', '\n\x00\x00\x00\x00\x00\x00\x00\x00\x00', '0', '0', '2021-03-02 16:09:57')
2021-03-02  16:09:57 Tue root INFO 成功添加数据
2021-03-02  16:09:57 Tue root INFO mes_plc_r4
2021-03-02  16:09:57 Tue root INFO 读取插入数据库数据：{'product_type': '\n\x07250 PCB\x00', 'r1_equipment_status': '7233', 'fail_code': '0', 'recerve': '0', 'prod_num': 28, 'r1_rob_no': '4', 'r1_weld_line_no': '0', 'r1_electric': '182.72569274902344', 'r1_voltage': '-15.49117374420166', 'r1_speed': '0.0', 'r1_job': '0', 'r2_rob_no': '104', 'r2_weld_line_no': '0', 'r2_electric': '0.0', 'r2_voltage': '0.0', 'r2_speed': '0.0', 'r2_job': '0', 'replace_status': '0', 'part_status': '0', 'r1_protective_gas': '2261', 'r1_welding_wire': '0', 'r2_protective_gas': '0', 'r2_welding_wire': '0', 'login_id': '\n\x00\x00\x00\x00\x00\x00\x00\x00\x00', 'login_password': '\n\x00\x00\x00\x00\x00\x00\x00\x00\x00'}
2021-03-02  16:09:57 Tue root INFO ('\n\x07250 PCB\x00', '7233', '0', 28, '4', '0', '182.72569274902344', '-15.49117374420166', '0.0', '0', '104', '0', '0.0', '0.0', '0.0', '0', '0', '2261', '0', '0', '0', '\n\x00\x00\x00\x00\x00\x00\x00\x00\x00', '\n\x00\x00\x00\x00\x00\x00\x00\x00\x00', '0', '0', '2021-03-02 16:09:57')
2021-03-02  16:09:57 Tue root INFO 成功添加数据
2021-03-02  16:09:57 Tue root INFO mes_plc_r5
2021-03-02  16:09:58 Tue root INFO 读取插入数据库数据：{'product_type': '\n\x00\x00\x00\x00\x00\x00\x00\x00\x00', 'r1_equipment_status': '6162', 'fail_code': '0', 'recerve': '0', 'prod_num': 0, 'r1_rob_no': '0', 'r1_weld_line_no': '0', 'r1_electric': '179.83216857910156', 'r1_voltage': '13.462095260620117', 'r1_speed': '0.0', 'r1_job': '0', 'r2_rob_no': '0', 'r2_weld_line_no': '0', 'r2_electric': '179.28240966796875', 'r2_voltage': '13.404224395751953', 'r2_speed': '0.0', 'r2_job': '0', 'replace_status': '0', 'part_status': '0', 'r1_protective_gas': '0', 'r1_welding_wire': '0', 'r2_protective_gas': '0', 'r2_welding_wire': '0', 'login_id': '\n\x00\x00\x00\x00\x00\x00\x00\x00\x00', 'login_password': '\n\x00\x00\x00\x00\x00\x00\x00\x00\x00'}
2021-03-02  16:09:58 Tue root INFO ('\n\x00\x00\x00\x00\x00\x00\x00\x00\x00', '6162', '0', 0, '0', '0', '179.83216857910156', '13.462095260620117', '0.0', '0', '0', '0', '179.28240966796875', '13.404224395751953', '0.0', '0', '0', '0', '0', '0', '0', '\n\x00\x00\x00\x00\x00\x00\x00\x00\x00', '\n\x00\x00\x00\x00\x00\x00\x00\x00\x00', '0', '0', '2021-03-02 16:09:58')
2021-03-02  16:09:58 Tue root INFO 成功添加数据
2021-03-02  16:09:58 Tue root INFO mes_plc_r6
2021-03-02  16:09:58 Tue root INFO 读取插入数据库数据：{'product_type': '\n\x00\x00\x00\x00\x00\x00\x00\x00\x00', 'r1_equipment_status': '0', 'fail_code': '0', 'recerve': '10', 'prod_num': 19, 'r1_rob_no': '0', 'r1_weld_line_no': '0', 'r1_electric': '0.0', 'r1_voltage': '0.0', 'r1_speed': '0.0', 'r1_job': '0', 'r2_rob_no': '0', 'r2_weld_line_no': '0', 'r2_electric': '0.0', 'r2_voltage': '0.0', 'r2_speed': '0.0', 'r2_job': '0', 'replace_status': '0', 'part_status': '0', 'r1_protective_gas': '0', 'r1_welding_wire': '0', 'r2_protective_gas': '0', 'r2_welding_wire': '0', 'login_id': '\n\x00\x00\x00\x00\x00\x00\x00\x00\x00', 'login_password': '\n\x00\x00\x00\x00\x00\x00\x00\x00\x00'}
2021-03-02  16:09:58 Tue root INFO ('\n\x00\x00\x00\x00\x00\x00\x00\x00\x00', '0', '0', 19, '0', '0', '0.0', '0.0', '0.0', '0', '0', '0', '0.0', '0.0', '0.0', '0', '0', '0', '0', '0', '0', '\n\x00\x00\x00\x00\x00\x00\x00\x00\x00', '\n\x00\x00\x00\x00\x00\x00\x00\x00\x00', '0', '10', '2021-03-02 16:09:58')
2021-03-02  16:09:58 Tue root INFO 成功添加数据
2021-03-02  16:10:58 Tue root INFO plc连接状态:[1, 1, 1, 1, 1, 1]
2021-03-02  16:10:58 Tue root INFO mes_plc
2021-03-02  16:10:59 Tue root INFO 读取插入数据库数据：{'product_type': '\n\x07250 YDG\x00', 'r1_equipment_status': '7315', 'fail_code': '32', 'recerve': '0', 'prod_num': 44, 'r1_rob_no': '4', 'r1_weld_line_no': '0', 'r1_electric': '182.23379516601562', 'r1_voltage': '13.284866333007812', 'r1_speed': '0.0', 'r1_job': '0', 'r2_rob_no': '104', 'r2_weld_line_no': '0', 'r2_electric': '0.0', 'r2_voltage': '0.0', 'r2_speed': '0.0', 'r2_job': '0', 'replace_status': '0', 'part_status': '0', 'r1_protective_gas': '0', 'r1_welding_wire': '0', 'r2_protective_gas': '0', 'r2_welding_wire': '0', 'login_id': '\n\x00\x00\x00\x00\x00\x00\x00\x00\x00', 'login_password': '\n\x00\x00\x00\x00\x00\x00\x00\x00\x00'}
2021-03-02  16:10:59 Tue root INFO ('\n\x07250 YDG\x00', '7315', '32', 44, '4', '0', '182.23379516601562', '13.284866333007812', '0.0', '0', '104', '0', '0.0', '0.0', '0.0', '0', '0', '0', '0', '0', '0', '\n\x00\x00\x00\x00\x00\x00\x00\x00\x00', '\n\x00\x00\x00\x00\x00\x00\x00\x00\x00', '0', '0', '2021-03-02 16:10:59')
2021-03-02  16:10:59 Tue root INFO 成功添加数据
2021-03-02  16:10:59 Tue root INFO mes_plc_r2
2021-03-02  16:10:59 Tue root INFO 读取插入数据库数据：{'product_type': '\n\x07250 TJ1\x00', 'r1_equipment_status': '5267', 'fail_code': '48', 'recerve': '0', 'prod_num': 242, 'r1_rob_no': '4', 'r1_weld_line_no': '0', 'r1_electric': '181.640625', 'r1_voltage': '13.132956504821777', 'r1_speed': '0.0', 'r1_job': '0', 'r2_rob_no': '104', 'r2_weld_line_no': '0', 'r2_electric': '0.0', 'r2_voltage': '0.0', 'r2_speed': '0.0', 'r2_job': '0', 'replace_status': '0', 'part_status': '0', 'r1_protective_gas': '610', 'r1_welding_wire': '0', 'r2_protective_gas': '0', 'r2_welding_wire': '0', 'login_id': '\n\x00\x00\x00\x00\x00\x00\x00\x00\x00', 'login_password': '\n\x00\x00\x00\x00\x00\x00\x00\x00\x00'}
2021-03-02  16:10:59 Tue root INFO ('\n\x07250 TJ1\x00', '5267', '48', 242, '4', '0', '181.640625', '13.132956504821777', '0.0', '0', '104', '0', '0.0', '0.0', '0.0', '0', '0', '610', '0', '0', '0', '\n\x00\x00\x00\x00\x00\x00\x00\x00\x00', '\n\x00\x00\x00\x00\x00\x00\x00\x00\x00', '0', '0', '2021-03-02 16:10:59')
2021-03-02  16:10:59 Tue root INFO 成功添加数据
2021-03-02  16:10:59 Tue root INFO mes_plc_r3
2021-03-02  16:10:59 Tue root INFO 读取插入数据库数据：{'product_type': '\n\x07250 TJ3\x00', 'r1_equipment_status': '7315', 'fail_code': '48', 'recerve': '0', 'prod_num': 247, 'r1_rob_no': '4', 'r1_weld_line_no': '0', 'r1_electric': '184.2737274169922', 'r1_voltage': '13.823784828186035', 'r1_speed': '0.0', 'r1_job': '0', 'r2_rob_no': '104', 'r2_weld_line_no': '0', 'r2_electric': '0.0', 'r2_voltage': '0.0', 'r2_speed': '0.0', 'r2_job': '0', 'replace_status': '0', 'part_status': '0', 'r1_protective_gas': '572', 'r1_welding_wire': '0', 'r2_protective_gas': '0', 'r2_welding_wire': '0', 'login_id': '\n\x00\x00\x00\x00\x00\x00\x00\x00\x00', 'login_password': '\n\x00\x00\x00\x00\x00\x00\x00\x00\x00'}
2021-03-02  16:10:59 Tue root INFO ('\n\x07250 TJ3\x00', '7315', '48', 247, '4', '0', '184.2737274169922', '13.823784828186035', '0.0', '0', '104', '0', '0.0', '0.0', '0.0', '0', '0', '572', '0', '0', '0', '\n\x00\x00\x00\x00\x00\x00\x00\x00\x00', '\n\x00\x00\x00\x00\x00\x00\x00\x00\x00', '0', '0', '2021-03-02 16:10:59')
2021-03-02  16:10:59 Tue root INFO 成功添加数据
2021-03-02  16:10:59 Tue root INFO mes_plc_r4
2021-03-02  16:11:00 Tue root INFO 读取插入数据库数据：{'product_type': '\n\x07250 PCB\x00', 'r1_equipment_status': '7233', 'fail_code': '0', 'recerve': '0', 'prod_num': 28, 'r1_rob_no': '4', 'r1_weld_line_no': '0', 'r1_electric': '182.87037658691406', 'r1_voltage': '13.223380088806152', 'r1_speed': '0.0', 'r1_job': '0', 'r2_rob_no': '104', 'r2_weld_line_no': '0', 'r2_electric': '0.0', 'r2_voltage': '0.0', 'r2_speed': '0.0', 'r2_job': '0', 'replace_status': '0', 'part_status': '0', 'r1_protective_gas': '2287', 'r1_welding_wire': '0', 'r2_protective_gas': '0', 'r2_welding_wire': '0', 'login_id': '\n\x00\x00\x00\x00\x00\x00\x00\x00\x00', 'login_password': '\n\x00\x00\x00\x00\x00\x00\x00\x00\x00'}
2021-03-02  16:11:00 Tue root INFO ('\n\x07250 PCB\x00', '7233', '0', 28, '4', '0', '182.87037658691406', '13.223380088806152', '0.0', '0', '104', '0', '0.0', '0.0', '0.0', '0', '0', '2287', '0', '0', '0', '\n\x00\x00\x00\x00\x00\x00\x00\x00\x00', '\n\x00\x00\x00\x00\x00\x00\x00\x00\x00', '0', '0', '2021-03-02 16:11:00')
2021-03-02  16:11:00 Tue root INFO 成功添加数据
2021-03-02  16:11:00 Tue root INFO mes_plc_r5
2021-03-02  16:11:00 Tue root INFO 读取插入数据库数据：{'product_type': '\n\x00\x00\x00\x00\x00\x00\x00\x00\x00', 'r1_equipment_status': '6226', 'fail_code': '0', 'recerve': '0', 'prod_num': 0, 'r1_rob_no': '0', 'r1_weld_line_no': '0', 'r1_electric': '179.80323791503906', 'r1_voltage': '13.472946166992188', 'r1_speed': '0.0', 'r1_job': '0', 'r2_rob_no': '0', 'r2_weld_line_no': '0', 'r2_electric': '179.2679443359375', 'r2_voltage': '13.411458015441895', 'r2_speed': '0.0', 'r2_job': '0', 'replace_status': '0', 'part_status': '0', 'r1_protective_gas': '0', 'r1_welding_wire': '0', 'r2_protective_gas': '0', 'r2_welding_wire': '0', 'login_id': '\n\x00\x00\x00\x00\x00\x00\x00\x00\x00', 'login_password': '\n\x00\x00\x00\x00\x00\x00\x00\x00\x00'}
2021-03-02  16:11:00 Tue root INFO ('\n\x00\x00\x00\x00\x00\x00\x00\x00\x00', '6226', '0', 0, '0', '0', '179.80323791503906', '13.472946166992188', '0.0', '0', '0', '0', '179.2679443359375', '13.411458015441895', '0.0', '0', '0', '0', '0', '0', '0', '\n\x00\x00\x00\x00\x00\x00\x00\x00\x00', '\n\x00\x00\x00\x00\x00\x00\x00\x00\x00', '0', '0', '2021-03-02 16:11:00')
2021-03-02  16:11:00 Tue root INFO 成功添加数据
2021-03-02  16:11:00 Tue root INFO mes_plc_r6
2021-03-02  16:11:00 Tue root INFO 读取插入数据库数据：{'product_type': '\n\x00\x00\x00\x00\x00\x00\x00\x00\x00', 'r1_equipment_status': '0', 'fail_code': '0', 'recerve': '10', 'prod_num': 19, 'r1_rob_no': '0', 'r1_weld_line_no': '0', 'r1_electric': '0.0', 'r1_voltage': '0.0', 'r1_speed': '0.0', 'r1_job': '0', 'r2_rob_no': '0', 'r2_weld_line_no': '0', 'r2_electric': '0.0', 'r2_voltage': '0.0', 'r2_speed': '0.0', 'r2_job': '0', 'replace_status': '0', 'part_status': '0', 'r1_protective_gas': '0', 'r1_welding_wire': '0', 'r2_protective_gas': '0', 'r2_welding_wire': '0', 'login_id': '\n\x00\x00\x00\x00\x00\x00\x00\x00\x00', 'login_password': '\n\x00\x00\x00\x00\x00\x00\x00\x00\x00'}
2021-03-02  16:11:00 Tue root INFO ('\n\x00\x00\x00\x00\x00\x00\x00\x00\x00', '0', '0', 19, '0', '0', '0.0', '0.0', '0.0', '0', '0', '0', '0.0', '0.0', '0.0', '0', '0', '0', '0', '0', '0', '\n\x00\x00\x00\x00\x00\x00\x00\x00\x00', '\n\x00\x00\x00\x00\x00\x00\x00\x00\x00', '0', '10', '2021-03-02 16:11:00')
2021-03-02  16:11:00 Tue root INFO 成功添加数据
2021-03-02  16:12:00 Tue root INFO plc连接状态:[1, 1, 1, 1, 1, 1]
2021-03-02  16:12:00 Tue root INFO mes_plc
2021-03-02  16:12:01 Tue root INFO 读取插入数据库数据：{'product_type': '\n\x07250 YDG\x00', 'r1_equipment_status': '7315', 'fail_code': '32', 'recerve': '0', 'prod_num': 44, 'r1_rob_no': '4', 'r1_weld_line_no': '0', 'r1_electric': '182.21932983398438', 'r1_voltage': '13.29210090637207', 'r1_speed': '0.0', 'r1_job': '0', 'r2_rob_no': '104', 'r2_weld_line_no': '0', 'r2_electric': '0.0', 'r2_voltage': '0.0', 'r2_speed': '0.0', 'r2_job': '0', 'replace_status': '0', 'part_status': '0', 'r1_protective_gas': '0', 'r1_welding_wire': '0', 'r2_protective_gas': '0', 'r2_welding_wire': '0', 'login_id': '\n\x00\x00\x00\x00\x00\x00\x00\x00\x00', 'login_password': '\n\x00\x00\x00\x00\x00\x00\x00\x00\x00'}
2021-03-02  16:12:01 Tue root INFO ('\n\x07250 YDG\x00', '7315', '32', 44, '4', '0', '182.21932983398438', '13.29210090637207', '0.0', '0', '104', '0', '0.0', '0.0', '0.0', '0', '0', '0', '0', '0', '0', '\n\x00\x00\x00\x00\x00\x00\x00\x00\x00', '\n\x00\x00\x00\x00\x00\x00\x00\x00\x00', '0', '0', '2021-03-02 16:12:01')
2021-03-02  16:12:01 Tue root INFO 成功添加数据
2021-03-02  16:12:01 Tue root INFO mes_plc_r2
2021-03-02  16:12:01 Tue root INFO 读取插入数据库数据：{'product_type': '\n\x07250 TJ1\x00', 'r1_equipment_status': '5267', 'fail_code': '48', 'recerve': '0', 'prod_num': 242, 'r1_rob_no': '4', 'r1_weld_line_no': '0', 'r1_electric': '181.65509033203125', 'r1_voltage': '13.132956504821777', 'r1_speed': '0.0', 'r1_job': '0', 'r2_rob_no': '104', 'r2_weld_line_no': '0', 'r2_electric': '0.0', 'r2_voltage': '0.0', 'r2_speed': '0.0', 'r2_job': '0', 'replace_status': '0', 'part_status': '0', 'r1_protective_gas': '610', 'r1_welding_wire': '0', 'r2_protective_gas': '0', 'r2_welding_wire': '0', 'login_id': '\n\x00\x00\x00\x00\x00\x00\x00\x00\x00', 'login_password': '\n\x00\x00\x00\x00\x00\x00\x00\x00\x00'}
2021-03-02  16:12:01 Tue root INFO ('\n\x07250 TJ1\x00', '5267', '48', 242, '4', '0', '181.65509033203125', '13.132956504821777', '0.0', '0', '104', '0', '0.0', '0.0', '0.0', '0', '0', '610', '0', '0', '0', '\n\x00\x00\x00\x00\x00\x00\x00\x00\x00', '\n\x00\x00\x00\x00\x00\x00\x00\x00\x00', '0', '0', '2021-03-02 16:12:01')
2021-03-02  16:12:01 Tue root INFO 成功添加数据
2021-03-02  16:12:01 Tue root INFO mes_plc_r3
2021-03-02  16:12:02 Tue root INFO 读取插入数据库数据：{'product_type': '\n\x07250 TJ3\x00', 'r1_equipment_status': '7315', 'fail_code': '48', 'recerve': '0', 'prod_num': 247, 'r1_rob_no': '4', 'r1_weld_line_no': '0', 'r1_electric': '184.2737274169922', 'r1_voltage': '13.820168495178223', 'r1_speed': '0.0', 'r1_job': '0', 'r2_rob_no': '104', 'r2_weld_line_no': '0', 'r2_electric': '0.0', 'r2_voltage': '0.0', 'r2_speed': '0.0', 'r2_job': '0', 'replace_status': '0', 'part_status': '0', 'r1_protective_gas': '572', 'r1_welding_wire': '0', 'r2_protective_gas': '0', 'r2_welding_wire': '0', 'login_id': '\n\x00\x00\x00\x00\x00\x00\x00\x00\x00', 'login_password': '\n\x00\x00\x00\x00\x00\x00\x00\x00\x00'}
2021-03-02  16:12:02 Tue root INFO ('\n\x07250 TJ3\x00', '7315', '48', 247, '4', '0', '184.2737274169922', '13.820168495178223', '0.0', '0', '104', '0', '0.0', '0.0', '0.0', '0', '0', '572', '0', '0', '0', '\n\x00\x00\x00\x00\x00\x00\x00\x00\x00', '\n\x00\x00\x00\x00\x00\x00\x00\x00\x00', '0', '0', '2021-03-02 16:12:02')
2021-03-02  16:12:02 Tue root INFO 成功添加数据
2021-03-02  16:12:02 Tue root INFO mes_plc_r4
2021-03-02  16:12:02 Tue root INFO 读取插入数据库数据：{'product_type': '\n\x07250 PCB\x00', 'r1_equipment_status': '6803', 'fail_code': '0', 'recerve': '0', 'prod_num': 29, 'r1_rob_no': '4', 'r1_weld_line_no': '0', 'r1_electric': '182.4652862548828', 'r1_voltage': '118.51490783691406', 'r1_speed': '0.0', 'r1_job': '0', 'r2_rob_no': '104', 'r2_weld_line_no': '0', 'r2_electric': '0.0', 'r2_voltage': '0.0', 'r2_speed': '0.0', 'r2_job': '0', 'replace_status': '0', 'part_status': '0', 'r1_protective_gas': '2303', 'r1_welding_wire': '0', 'r2_protective_gas': '0', 'r2_welding_wire': '0', 'login_id': '\n\x00\x00\x00\x00\x00\x00\x00\x00\x00', 'login_password': '\n\x00\x00\x00\x00\x00\x00\x00\x00\x00'}
2021-03-02  16:12:02 Tue root INFO ('\n\x07250 PCB\x00', '6803', '0', 29, '4', '0', '182.4652862548828', '118.51490783691406', '0.0', '0', '104', '0', '0.0', '0.0', '0.0', '0', '0', '2303', '0', '0', '0', '\n\x00\x00\x00\x00\x00\x00\x00\x00\x00', '\n\x00\x00\x00\x00\x00\x00\x00\x00\x00', '0', '0', '2021-03-02 16:12:02')
2021-03-02  16:12:02 Tue root INFO 成功添加数据
2021-03-02  16:12:02 Tue root INFO mes_plc_r5
2021-03-02  16:12:03 Tue root INFO 读取插入数据库数据：{'product_type': '\n\x00\x00\x00\x00\x00\x00\x00\x00\x00', 'r1_equipment_status': '6162', 'fail_code': '0', 'recerve': '0', 'prod_num': 0, 'r1_rob_no': '0', 'r1_weld_line_no': '0', 'r1_electric': '179.84664916992188', 'r1_voltage': '13.44039249420166', 'r1_speed': '0.0', 'r1_job': '0', 'r2_rob_no': '0', 'r2_weld_line_no': '0', 'r2_electric': '179.2534637451172', 'r2_voltage': '13.418692588806152', 'r2_speed': '0.0', 'r2_job': '0', 'replace_status': '0', 'part_status': '0', 'r1_protective_gas': '0', 'r1_welding_wire': '0', 'r2_protective_gas': '0', 'r2_welding_wire': '0', 'login_id': '\n\x00\x00\x00\x00\x00\x00\x00\x00\x00', 'login_password': '\n\x00\x00\x00\x00\x00\x00\x00\x00\x00'}
2021-03-02  16:12:03 Tue root INFO ('\n\x00\x00\x00\x00\x00\x00\x00\x00\x00', '6162', '0', 0, '0', '0', '179.84664916992188', '13.44039249420166', '0.0', '0', '0', '0', '179.2534637451172', '13.418692588806152', '0.0', '0', '0', '0', '0', '0', '0', '\n\x00\x00\x00\x00\x00\x00\x00\x00\x00', '\n\x00\x00\x00\x00\x00\x00\x00\x00\x00', '0', '0', '2021-03-02 16:12:03')
2021-03-02  16:12:03 Tue root INFO 成功添加数据
2021-03-02  16:12:03 Tue root INFO mes_plc_r6
2021-03-02  16:12:03 Tue root INFO 读取插入数据库数据：{'product_type': '\n\x00\x00\x00\x00\x00\x00\x00\x00\x00', 'r1_equipment_status': '0', 'fail_code': '0', 'recerve': '10', 'prod_num': 19, 'r1_rob_no': '0', 'r1_weld_line_no': '0', 'r1_electric': '0.0', 'r1_voltage': '0.0', 'r1_speed': '0.0', 'r1_job': '0', 'r2_rob_no': '0', 'r2_weld_line_no': '0', 'r2_electric': '0.0', 'r2_voltage': '0.0', 'r2_speed': '0.0', 'r2_job': '0', 'replace_status': '0', 'part_status': '0', 'r1_protective_gas': '0', 'r1_welding_wire': '0', 'r2_protective_gas': '0', 'r2_welding_wire': '0', 'login_id': '\n\x00\x00\x00\x00\x00\x00\x00\x00\x00', 'login_password': '\n\x00\x00\x00\x00\x00\x00\x00\x00\x00'}
2021-03-02  16:12:03 Tue root INFO ('\n\x00\x00\x00\x00\x00\x00\x00\x00\x00', '0', '0', 19, '0', '0', '0.0', '0.0', '0.0', '0', '0', '0', '0.0', '0.0', '0.0', '0', '0', '0', '0', '0', '0', '\n\x00\x00\x00\x00\x00\x00\x00\x00\x00', '\n\x00\x00\x00\x00\x00\x00\x00\x00\x00', '0', '10', '2021-03-02 16:12:03')
2021-03-02  16:12:03 Tue root INFO 成功添加数据
2021-03-02  16:13:03 Tue root INFO plc连接状态:[1, 1, 1, 1, 1, 1]
2021-03-02  16:13:03 Tue root INFO mes_plc
2021-03-02  16:13:04 Tue root INFO 读取插入数据库数据：{'product_type': '\n\x07250 YDG\x00', 'r1_equipment_status': '7315', 'fail_code': '32', 'recerve': '0', 'prod_num': 44, 'r1_rob_no': '4', 'r1_weld_line_no': '0', 'r1_electric': '182.19039916992188', 'r1_voltage': '13.29210090637207', 'r1_speed': '0.0', 'r1_job': '0', 'r2_rob_no': '104', 'r2_weld_line_no': '0', 'r2_electric': '0.0', 'r2_voltage': '0.0', 'r2_speed': '0.0', 'r2_job': '0', 'replace_status': '0', 'part_status': '0', 'r1_protective_gas': '0', 'r1_welding_wire': '0', 'r2_protective_gas': '0', 'r2_welding_wire': '0', 'login_id': '\n\x00\x00\x00\x00\x00\x00\x00\x00\x00', 'login_password': '\n\x00\x00\x00\x00\x00\x00\x00\x00\x00'}
2021-03-02  16:13:04 Tue root INFO ('\n\x07250 YDG\x00', '7315', '32', 44, '4', '0', '182.19039916992188', '13.29210090637207', '0.0', '0', '104', '0', '0.0', '0.0', '0.0', '0', '0', '0', '0', '0', '0', '\n\x00\x00\x00\x00\x00\x00\x00\x00\x00', '\n\x00\x00\x00\x00\x00\x00\x00\x00\x00', '0', '0', '2021-03-02 16:13:04')
2021-03-02  16:13:04 Tue root INFO 成功添加数据
2021-03-02  16:13:04 Tue root INFO mes_plc_r2
2021-03-02  16:13:04 Tue root INFO 读取插入数据库数据：{'product_type': '\n\x07250 TJ1\x00', 'r1_equipment_status': '5267', 'fail_code': '48', 'recerve': '0', 'prod_num': 242, 'r1_rob_no': '4', 'r1_weld_line_no': '0', 'r1_electric': '181.65509033203125', 'r1_voltage': '13.12210750579834', 'r1_speed': '0.0', 'r1_job': '0', 'r2_rob_no': '104', 'r2_weld_line_no': '0', 'r2_electric': '0.0', 'r2_voltage': '0.0', 'r2_speed': '0.0', 'r2_job': '0', 'replace_status': '0', 'part_status': '0', 'r1_protective_gas': '610', 'r1_welding_wire': '0', 'r2_protective_gas': '0', 'r2_welding_wire': '0', 'login_id': '\n\x00\x00\x00\x00\x00\x00\x00\x00\x00', 'login_password': '\n\x00\x00\x00\x00\x00\x00\x00\x00\x00'}
2021-03-02  16:13:04 Tue root INFO ('\n\x07250 TJ1\x00', '5267', '48', 242, '4', '0', '181.65509033203125', '13.12210750579834', '0.0', '0', '104', '0', '0.0', '0.0', '0.0', '0', '0', '610', '0', '0', '0', '\n\x00\x00\x00\x00\x00\x00\x00\x00\x00', '\n\x00\x00\x00\x00\x00\x00\x00\x00\x00', '0', '0', '2021-03-02 16:13:04')
2021-03-02  16:13:04 Tue root INFO 成功添加数据
2021-03-02  16:13:04 Tue root INFO mes_plc_r3
2021-03-02  16:13:04 Tue root INFO 读取插入数据库数据：{'product_type': '\n\x07250 TJ3\x00', 'r1_equipment_status': '7315', 'fail_code': '48', 'recerve': '0', 'prod_num': 247, 'r1_rob_no': '4', 'r1_weld_line_no': '0', 'r1_electric': '184.24478149414062', 'r1_voltage': '13.820168495178223', 'r1_speed': '0.0', 'r1_job': '0', 'r2_rob_no': '104', 'r2_weld_line_no': '0', 'r2_electric': '0.0', 'r2_voltage': '0.0', 'r2_speed': '0.0', 'r2_job': '0', 'replace_status': '0', 'part_status': '0', 'r1_protective_gas': '572', 'r1_welding_wire': '0', 'r2_protective_gas': '0', 'r2_welding_wire': '0', 'login_id': '\n\x00\x00\x00\x00\x00\x00\x00\x00\x00', 'login_password': '\n\x00\x00\x00\x00\x00\x00\x00\x00\x00'}
2021-03-02  16:13:04 Tue root INFO ('\n\x07250 TJ3\x00', '7315', '48', 247, '4', '0', '184.24478149414062', '13.820168495178223', '0.0', '0', '104', '0', '0.0', '0.0', '0.0', '0', '0', '572', '0', '0', '0', '\n\x00\x00\x00\x00\x00\x00\x00\x00\x00', '\n\x00\x00\x00\x00\x00\x00\x00\x00\x00', '0', '0', '2021-03-02 16:13:04')
2021-03-02  16:13:04 Tue root INFO 成功添加数据
2021-03-02  16:13:04 Tue root INFO mes_plc_r4
2021-03-02  16:13:05 Tue root INFO 读取插入数据库数据：{'product_type': '\n\x07250 PCB\x00', 'r1_equipment_status': '7315', 'fail_code': '0', 'recerve': '0', 'prod_num': 29, 'r1_rob_no': '4', 'r1_weld_line_no': '0', 'r1_electric': '182.8125', 'r1_voltage': '13.208911895751953', 'r1_speed': '0.0', 'r1_job': '0', 'r2_rob_no': '104', 'r2_weld_line_no': '0', 'r2_electric': '0.0', 'r2_voltage': '0.0', 'r2_speed': '0.0', 'r2_job': '0', 'replace_status': '0', 'part_status': '0', 'r1_protective_gas': '2328', 'r1_welding_wire': '0', 'r2_protective_gas': '0', 'r2_welding_wire': '0', 'login_id': '\n\x00\x00\x00\x00\x00\x00\x00\x00\x00', 'login_password': '\n\x00\x00\x00\x00\x00\x00\x00\x00\x00'}
2021-03-02  16:13:05 Tue root INFO ('\n\x07250 PCB\x00', '7315', '0', 29, '4', '0', '182.8125', '13.208911895751953', '0.0', '0', '104', '0', '0.0', '0.0', '0.0', '0', '0', '2328', '0', '0', '0', '\n\x00\x00\x00\x00\x00\x00\x00\x00\x00', '\n\x00\x00\x00\x00\x00\x00\x00\x00\x00', '0', '0', '2021-03-02 16:13:05')
2021-03-02  16:13:05 Tue root INFO 成功添加数据
2021-03-02  16:13:05 Tue root INFO mes_plc_r5
2021-03-02  16:13:05 Tue root INFO 读取插入数据库数据：{'product_type': '\n\x00\x00\x00\x00\x00\x00\x00\x00\x00', 'r1_equipment_status': '6162', 'fail_code': '0', 'recerve': '0', 'prod_num': 0, 'r1_rob_no': '0', 'r1_weld_line_no': '0', 'r1_electric': '179.80323791503906', 'r1_voltage': '13.444010734558105', 'r1_speed': '0.0', 'r1_job': '0', 'r2_rob_no': '0', 'r2_weld_line_no': '0', 'r2_electric': '179.2534637451172', 'r2_voltage': '13.411458015441895', 'r2_speed': '0.0', 'r2_job': '0', 'replace_status': '0', 'part_status': '0', 'r1_protective_gas': '0', 'r1_welding_wire': '0', 'r2_protective_gas': '0', 'r2_welding_wire': '0', 'login_id': '\n\x00\x00\x00\x00\x00\x00\x00\x00\x00', 'login_password': '\n\x00\x00\x00\x00\x00\x00\x00\x00\x00'}
2021-03-02  16:13:05 Tue root INFO ('\n\x00\x00\x00\x00\x00\x00\x00\x00\x00', '6162', '0', 0, '0', '0', '179.80323791503906', '13.444010734558105', '0.0', '0', '0', '0', '179.2534637451172', '13.411458015441895', '0.0', '0', '0', '0', '0', '0', '0', '\n\x00\x00\x00\x00\x00\x00\x00\x00\x00', '\n\x00\x00\x00\x00\x00\x00\x00\x00\x00', '0', '0', '2021-03-02 16:13:05')
2021-03-02  16:13:05 Tue root INFO 成功添加数据
2021-03-02  16:13:05 Tue root INFO mes_plc_r6
2021-03-02  16:13:05 Tue root INFO 读取插入数据库数据：{'product_type': '\n\x00\x00\x00\x00\x00\x00\x00\x00\x00', 'r1_equipment_status': '0', 'fail_code': '0', 'recerve': '10', 'prod_num': 19, 'r1_rob_no': '0', 'r1_weld_line_no': '0', 'r1_electric': '0.0', 'r1_voltage': '0.0', 'r1_speed': '0.0', 'r1_job': '0', 'r2_rob_no': '0', 'r2_weld_line_no': '0', 'r2_electric': '0.0', 'r2_voltage': '0.0', 'r2_speed': '0.0', 'r2_job': '0', 'replace_status': '0', 'part_status': '0', 'r1_protective_gas': '0', 'r1_welding_wire': '0', 'r2_protective_gas': '0', 'r2_welding_wire': '0', 'login_id': '\n\x00\x00\x00\x00\x00\x00\x00\x00\x00', 'login_password': '\n\x00\x00\x00\x00\x00\x00\x00\x00\x00'}
2021-03-02  16:13:05 Tue root INFO ('\n\x00\x00\x00\x00\x00\x00\x00\x00\x00', '0', '0', 19, '0', '0', '0.0', '0.0', '0.0', '0', '0', '0', '0.0', '0.0', '0.0', '0', '0', '0', '0', '0', '0', '\n\x00\x00\x00\x00\x00\x00\x00\x00\x00', '\n\x00\x00\x00\x00\x00\x00\x00\x00\x00', '0', '10', '2021-03-02 16:13:05')
2021-03-02  16:13:05 Tue root INFO 成功添加数据
2021-03-02  16:14:05 Tue root INFO plc连接状态:[1, 1, 1, 1, 1, 1]
2021-03-02  16:14:05 Tue root INFO mes_plc
2021-03-02  16:14:06 Tue root INFO 读取插入数据库数据：{'product_type': '\n\x07250 YDG\x00', 'r1_equipment_status': '7315', 'fail_code': '32', 'recerve': '0', 'prod_num': 44, 'r1_rob_no': '4', 'r1_weld_line_no': '0', 'r1_electric': '182.14698791503906', 'r1_voltage': '13.284866333007812', 'r1_speed': '0.0', 'r1_job': '0', 'r2_rob_no': '104', 'r2_weld_line_no': '0', 'r2_electric': '0.0', 'r2_voltage': '0.0', 'r2_speed': '0.0', 'r2_job': '0', 'replace_status': '0', 'part_status': '0', 'r1_protective_gas': '0', 'r1_welding_wire': '0', 'r2_protective_gas': '0', 'r2_welding_wire': '0', 'login_id': '\n\x00\x00\x00\x00\x00\x00\x00\x00\x00', 'login_password': '\n\x00\x00\x00\x00\x00\x00\x00\x00\x00'}
2021-03-02  16:14:06 Tue root INFO ('\n\x07250 YDG\x00', '7315', '32', 44, '4', '0', '182.14698791503906', '13.284866333007812', '0.0', '0', '104', '0', '0.0', '0.0', '0.0', '0', '0', '0', '0', '0', '0', '\n\x00\x00\x00\x00\x00\x00\x00\x00\x00', '\n\x00\x00\x00\x00\x00\x00\x00\x00\x00', '0', '0', '2021-03-02 16:14:06')
2021-03-02  16:14:06 Tue root INFO 成功添加数据
2021-03-02  16:14:06 Tue root INFO mes_plc_r2
2021-03-02  16:14:06 Tue root INFO 读取插入数据库数据：{'product_type': '\n\x07250 TJ1\x00', 'r1_equipment_status': '5267', 'fail_code': '48', 'recerve': '0', 'prod_num': 242, 'r1_rob_no': '4', 'r1_weld_line_no': '0', 'r1_electric': '181.6116943359375', 'r1_voltage': '13.129340171813965', 'r1_speed': '0.0', 'r1_job': '0', 'r2_rob_no': '104', 'r2_weld_line_no': '0', 'r2_electric': '0.0', 'r2_voltage': '0.0', 'r2_speed': '0.0', 'r2_job': '0', 'replace_status': '0', 'part_status': '0', 'r1_protective_gas': '610', 'r1_welding_wire': '0', 'r2_protective_gas': '0', 'r2_welding_wire': '0', 'login_id': '\n\x00\x00\x00\x00\x00\x00\x00\x00\x00', 'login_password': '\n\x00\x00\x00\x00\x00\x00\x00\x00\x00'}
2021-03-02  16:14:06 Tue root INFO ('\n\x07250 TJ1\x00', '5267', '48', 242, '4', '0', '181.6116943359375', '13.129340171813965', '0.0', '0', '104', '0', '0.0', '0.0', '0.0', '0', '0', '610', '0', '0', '0', '\n\x00\x00\x00\x00\x00\x00\x00\x00\x00', '\n\x00\x00\x00\x00\x00\x00\x00\x00\x00', '0', '0', '2021-03-02 16:14:06')
2021-03-02  16:14:06 Tue root INFO 成功添加数据
2021-03-02  16:14:06 Tue root INFO mes_plc_r3
2021-03-02  16:14:07 Tue root INFO 读取插入数据库数据：{'product_type': '\n\x07250 TJ3\x00', 'r1_equipment_status': '7315', 'fail_code': '48', 'recerve': '0', 'prod_num': 247, 'r1_rob_no': '4', 'r1_weld_line_no': '0', 'r1_electric': '184.24478149414062', 'r1_voltage': '13.816550254821777', 'r1_speed': '0.0', 'r1_job': '0', 'r2_rob_no': '104', 'r2_weld_line_no': '0', 'r2_electric': '0.0', 'r2_voltage': '0.0', 'r2_speed': '0.0', 'r2_job': '0', 'replace_status': '0', 'part_status': '0', 'r1_protective_gas': '572', 'r1_welding_wire': '0', 'r2_protective_gas': '0', 'r2_welding_wire': '0', 'login_id': '\n\x00\x00\x00\x00\x00\x00\x00\x00\x00', 'login_password': '\n\x00\x00\x00\x00\x00\x00\x00\x00\x00'}
2021-03-02  16:14:07 Tue root INFO ('\n\x07250 TJ3\x00', '7315', '48', 247, '4', '0', '184.24478149414062', '13.816550254821777', '0.0', '0', '104', '0', '0.0', '0.0', '0.0', '0', '0', '572', '0', '0', '0', '\n\x00\x00\x00\x00\x00\x00\x00\x00\x00', '\n\x00\x00\x00\x00\x00\x00\x00\x00\x00', '0', '0', '2021-03-02 16:14:07')
2021-03-02  16:14:07 Tue root INFO 成功添加数据
2021-03-02  16:14:07 Tue root INFO mes_plc_r4
2021-03-02  16:14:07 Tue root INFO 读取插入数据库数据：{'product_type': '\n\x07250 PCB\x00', 'r1_equipment_status': '7233', 'fail_code': '0', 'recerve': '0', 'prod_num': 29, 'r1_rob_no': '4', 'r1_weld_line_no': '0', 'r1_electric': '182.75462341308594', 'r1_voltage': '118.51490783691406', 'r1_speed': '0.0', 'r1_job': '0', 'r2_rob_no': '104', 'r2_weld_line_no': '0', 'r2_electric': '0.0', 'r2_voltage': '0.0', 'r2_speed': '0.0', 'r2_job': '0', 'replace_status': '0', 'part_status': '0', 'r1_protective_gas': '2352', 'r1_welding_wire': '0', 'r2_protective_gas': '0', 'r2_welding_wire': '0', 'login_id': '\n\x00\x00\x00\x00\x00\x00\x00\x00\x00', 'login_password': '\n\x00\x00\x00\x00\x00\x00\x00\x00\x00'}
2021-03-02  16:14:07 Tue root INFO ('\n\x07250 PCB\x00', '7233', '0', 29, '4', '0', '182.75462341308594', '118.51490783691406', '0.0', '0', '104', '0', '0.0', '0.0', '0.0', '0', '0', '2352', '0', '0', '0', '\n\x00\x00\x00\x00\x00\x00\x00\x00\x00', '\n\x00\x00\x00\x00\x00\x00\x00\x00\x00', '0', '0', '2021-03-02 16:14:07')
2021-03-02  16:14:07 Tue root INFO 成功添加数据
2021-03-02  16:14:07 Tue root INFO mes_plc_r5
2021-03-02  16:14:07 Tue root INFO 读取插入数据库数据：{'product_type': '\n\x00\x00\x00\x00\x00\x00\x00\x00\x00', 'r1_equipment_status': '6162', 'fail_code': '0', 'recerve': '0', 'prod_num': 0, 'r1_rob_no': '0', 'r1_weld_line_no': '0', 'r1_electric': '179.7309112548828', 'r1_voltage': '13.45486068725586', 'r1_speed': '0.0', 'r1_job': '0', 'r2_rob_no': '0', 'r2_weld_line_no': '0', 'r2_electric': '179.3402862548828', 'r2_voltage': '13.411458015441895', 'r2_speed': '0.0', 'r2_job': '0', 'replace_status': '0', 'part_status': '0', 'r1_protective_gas': '0', 'r1_welding_wire': '0', 'r2_protective_gas': '0', 'r2_welding_wire': '0', 'login_id': '\n\x00\x00\x00\x00\x00\x00\x00\x00\x00', 'login_password': '\n\x00\x00\x00\x00\x00\x00\x00\x00\x00'}
2021-03-02  16:14:07 Tue root INFO ('\n\x00\x00\x00\x00\x00\x00\x00\x00\x00', '6162', '0', 0, '0', '0', '179.7309112548828', '13.45486068725586', '0.0', '0', '0', '0', '179.3402862548828', '13.411458015441895', '0.0', '0', '0', '0', '0', '0', '0', '\n\x00\x00\x00\x00\x00\x00\x00\x00\x00', '\n\x00\x00\x00\x00\x00\x00\x00\x00\x00', '0', '0', '2021-03-02 16:14:07')
2021-03-02  16:14:07 Tue root INFO 成功添加数据
2021-03-02  16:14:07 Tue root INFO mes_plc_r6
2021-03-02  16:14:08 Tue root INFO 读取插入数据库数据：{'product_type': '\n\x00\x00\x00\x00\x00\x00\x00\x00\x00', 'r1_equipment_status': '0', 'fail_code': '0', 'recerve': '10', 'prod_num': 19, 'r1_rob_no': '0', 'r1_weld_line_no': '0', 'r1_electric': '0.0', 'r1_voltage': '0.0', 'r1_speed': '0.0', 'r1_job': '0', 'r2_rob_no': '0', 'r2_weld_line_no': '0', 'r2_electric': '0.0', 'r2_voltage': '0.0', 'r2_speed': '0.0', 'r2_job': '0', 'replace_status': '0', 'part_status': '0', 'r1_protective_gas': '0', 'r1_welding_wire': '0', 'r2_protective_gas': '0', 'r2_welding_wire': '0', 'login_id': '\n\x00\x00\x00\x00\x00\x00\x00\x00\x00', 'login_password': '\n\x00\x00\x00\x00\x00\x00\x00\x00\x00'}
2021-03-02  16:14:08 Tue root INFO ('\n\x00\x00\x00\x00\x00\x00\x00\x00\x00', '0', '0', 19, '0', '0', '0.0', '0.0', '0.0', '0', '0', '0', '0.0', '0.0', '0.0', '0', '0', '0', '0', '0', '0', '\n\x00\x00\x00\x00\x00\x00\x00\x00\x00', '\n\x00\x00\x00\x00\x00\x00\x00\x00\x00', '0', '10', '2021-03-02 16:14:08')
2021-03-02  16:14:08 Tue root INFO 成功添加数据
2021-03-02  16:15:08 Tue root INFO plc连接状态:[1, 1, 1, 1, 1, 1]
2021-03-02  16:15:08 Tue root INFO mes_plc
2021-03-02  16:15:09 Tue root INFO 读取插入数据库数据：{'product_type': '\n\x07250 YDG\x00', 'r1_equipment_status': '7315', 'fail_code': '32', 'recerve': '0', 'prod_num': 44, 'r1_rob_no': '4', 'r1_weld_line_no': '0', 'r1_electric': '182.17591857910156', 'r1_voltage': '13.29210090637207', 'r1_speed': '0.0', 'r1_job': '0', 'r2_rob_no': '104', 'r2_weld_line_no': '0', 'r2_electric': '0.0', 'r2_voltage': '0.0', 'r2_speed': '0.0', 'r2_job': '0', 'replace_status': '0', 'part_status': '0', 'r1_protective_gas': '0', 'r1_welding_wire': '0', 'r2_protective_gas': '0', 'r2_welding_wire': '0', 'login_id': '\n\x00\x00\x00\x00\x00\x00\x00\x00\x00', 'login_password': '\n\x00\x00\x00\x00\x00\x00\x00\x00\x00'}
2021-03-02  16:15:09 Tue root INFO ('\n\x07250 YDG\x00', '7315', '32', 44, '4', '0', '182.17591857910156', '13.29210090637207', '0.0', '0', '104', '0', '0.0', '0.0', '0.0', '0', '0', '0', '0', '0', '0', '\n\x00\x00\x00\x00\x00\x00\x00\x00\x00', '\n\x00\x00\x00\x00\x00\x00\x00\x00\x00', '0', '0', '2021-03-02 16:15:09')
2021-03-02  16:15:09 Tue root INFO 成功添加数据
2021-03-02  16:15:09 Tue root INFO mes_plc_r2
2021-03-02  16:15:09 Tue root INFO 读取插入数据库数据：{'product_type': '\n\x07250 TJ1\x00', 'r1_equipment_status': '5267', 'fail_code': '48', 'recerve': '0', 'prod_num': 242, 'r1_rob_no': '4', 'r1_weld_line_no': '0', 'r1_electric': '181.65509033203125', 'r1_voltage': '13.12210750579834', 'r1_speed': '0.0', 'r1_job': '0', 'r2_rob_no': '104', 'r2_weld_line_no': '0', 'r2_electric': '0.0', 'r2_voltage': '0.0', 'r2_speed': '0.0', 'r2_job': '0', 'replace_status': '0', 'part_status': '0', 'r1_protective_gas': '610', 'r1_welding_wire': '0', 'r2_protective_gas': '0', 'r2_welding_wire': '0', 'login_id': '\n\x00\x00\x00\x00\x00\x00\x00\x00\x00', 'login_password': '\n\x00\x00\x00\x00\x00\x00\x00\x00\x00'}
2021-03-02  16:15:09 Tue root INFO ('\n\x07250 TJ1\x00', '5267', '48', 242, '4', '0', '181.65509033203125', '13.12210750579834', '0.0', '0', '104', '0', '0.0', '0.0', '0.0', '0', '0', '610', '0', '0', '0', '\n\x00\x00\x00\x00\x00\x00\x00\x00\x00', '\n\x00\x00\x00\x00\x00\x00\x00\x00\x00', '0', '0', '2021-03-02 16:15:09')
2021-03-02  16:15:09 Tue root INFO 成功添加数据
2021-03-02  16:15:09 Tue root INFO mes_plc_r3
2021-03-02  16:15:10 Tue root INFO 读取插入数据库数据：{'product_type': '\n\x07250 TJ3\x00', 'r1_equipment_status': '7315', 'fail_code': '48', 'recerve': '0', 'prod_num': 247, 'r1_rob_no': '4', 'r1_weld_line_no': '0', 'r1_electric': '184.2737274169922', 'r1_voltage': '13.809317588806152', 'r1_speed': '0.0', 'r1_job': '0', 'r2_rob_no': '104', 'r2_weld_line_no': '0', 'r2_electric': '0.0', 'r2_voltage': '0.0', 'r2_speed': '0.0', 'r2_job': '0', 'replace_status': '0', 'part_status': '0', 'r1_protective_gas': '572', 'r1_welding_wire': '0', 'r2_protective_gas': '0', 'r2_welding_wire': '0', 'login_id': '\n\x00\x00\x00\x00\x00\x00\x00\x00\x00', 'login_password': '\n\x00\x00\x00\x00\x00\x00\x00\x00\x00'}
2021-03-02  16:15:10 Tue root INFO ('\n\x07250 TJ3\x00', '7315', '48', 247, '4', '0', '184.2737274169922', '13.809317588806152', '0.0', '0', '104', '0', '0.0', '0.0', '0.0', '0', '0', '572', '0', '0', '0', '\n\x00\x00\x00\x00\x00\x00\x00\x00\x00', '\n\x00\x00\x00\x00\x00\x00\x00\x00\x00', '0', '0', '2021-03-02 16:15:10')
2021-03-02  16:15:10 Tue root INFO 成功添加数据
2021-03-02  16:15:10 Tue root INFO mes_plc_r4
2021-03-02  16:15:10 Tue root INFO 读取插入数据库数据：{'product_type': '\n\x07250 PCB\x00', 'r1_equipment_status': '7315', 'fail_code': '0', 'recerve': '0', 'prod_num': 29, 'r1_rob_no': '4', 'r1_weld_line_no': '0', 'r1_electric': '182.72569274902344', 'r1_voltage': '13.21976375579834', 'r1_speed': '0.0', 'r1_job': '0', 'r2_rob_no': '104', 'r2_weld_line_no': '0', 'r2_electric': '0.0', 'r2_voltage': '0.0', 'r2_speed': '0.0', 'r2_job': '0', 'replace_status': '0', 'part_status': '0', 'r1_protective_gas': '2373', 'r1_welding_wire': '0', 'r2_protective_gas': '0', 'r2_welding_wire': '0', 'login_id': '\n\x00\x00\x00\x00\x00\x00\x00\x00\x00', 'login_password': '\n\x00\x00\x00\x00\x00\x00\x00\x00\x00'}
2021-03-02  16:15:10 Tue root INFO ('\n\x07250 PCB\x00', '7315', '0', 29, '4', '0', '182.72569274902344', '13.21976375579834', '0.0', '0', '104', '0', '0.0', '0.0', '0.0', '0', '0', '2373', '0', '0', '0', '\n\x00\x00\x00\x00\x00\x00\x00\x00\x00', '\n\x00\x00\x00\x00\x00\x00\x00\x00\x00', '0', '0', '2021-03-02 16:15:10')
2021-03-02  16:15:10 Tue root INFO 成功添加数据
2021-03-02  16:15:10 Tue root INFO mes_plc_r5
2021-03-02  16:15:10 Tue root INFO 读取插入数据库数据：{'product_type': '\n\x00\x00\x00\x00\x00\x00\x00\x00\x00', 'r1_equipment_status': '6162', 'fail_code': '0', 'recerve': '0', 'prod_num': 0, 'r1_rob_no': '0', 'r1_weld_line_no': '0', 'r1_electric': '179.7887725830078', 'r1_voltage': '13.462095260620117', 'r1_speed': '0.0', 'r1_job': '0', 'r2_rob_no': '0', 'r2_weld_line_no': '0', 'r2_electric': '179.2679443359375', 'r2_voltage': '13.407841682434082', 'r2_speed': '0.0', 'r2_job': '0', 'replace_status': '0', 'part_status': '0', 'r1_protective_gas': '0', 'r1_welding_wire': '0', 'r2_protective_gas': '0', 'r2_welding_wire': '0', 'login_id': '\n\x00\x00\x00\x00\x00\x00\x00\x00\x00', 'login_password': '\n\x00\x00\x00\x00\x00\x00\x00\x00\x00'}
2021-03-02  16:15:10 Tue root INFO ('\n\x00\x00\x00\x00\x00\x00\x00\x00\x00', '6162', '0', 0, '0', '0', '179.7887725830078', '13.462095260620117', '0.0', '0', '0', '0', '179.2679443359375', '13.407841682434082', '0.0', '0', '0', '0', '0', '0', '0', '\n\x00\x00\x00\x00\x00\x00\x00\x00\x00', '\n\x00\x00\x00\x00\x00\x00\x00\x00\x00', '0', '0', '2021-03-02 16:15:10')
2021-03-02  16:15:10 Tue root INFO 成功添加数据
2021-03-02  16:15:10 Tue root INFO mes_plc_r6
2021-03-02  16:15:11 Tue root INFO 读取插入数据库数据：{'product_type': '\n\x00\x00\x00\x00\x00\x00\x00\x00\x00', 'r1_equipment_status': '0', 'fail_code': '0', 'recerve': '10', 'prod_num': 19, 'r1_rob_no': '0', 'r1_weld_line_no': '0', 'r1_electric': '0.0', 'r1_voltage': '0.0', 'r1_speed': '0.0', 'r1_job': '0', 'r2_rob_no': '0', 'r2_weld_line_no': '0', 'r2_electric': '0.0', 'r2_voltage': '0.0', 'r2_speed': '0.0', 'r2_job': '0', 'replace_status': '0', 'part_status': '0', 'r1_protective_gas': '0', 'r1_welding_wire': '0', 'r2_protective_gas': '0', 'r2_welding_wire': '0', 'login_id': '\n\x00\x00\x00\x00\x00\x00\x00\x00\x00', 'login_password': '\n\x00\x00\x00\x00\x00\x00\x00\x00\x00'}
2021-03-02  16:15:11 Tue root INFO ('\n\x00\x00\x00\x00\x00\x00\x00\x00\x00', '0', '0', 19, '0', '0', '0.0', '0.0', '0.0', '0', '0', '0', '0.0', '0.0', '0.0', '0', '0', '0', '0', '0', '0', '\n\x00\x00\x00\x00\x00\x00\x00\x00\x00', '\n\x00\x00\x00\x00\x00\x00\x00\x00\x00', '0', '10', '2021-03-02 16:15:11')
2021-03-02  16:15:11 Tue root INFO 成功添加数据
2021-03-02  16:16:11 Tue root INFO plc连接状态:[1, 1, 1, 1, 1, 1]
2021-03-02  16:16:11 Tue root INFO mes_plc
2021-03-02  16:16:11 Tue root INFO 读取插入数据库数据：{'product_type': '\n\x07250 YDG\x00', 'r1_equipment_status': '7315', 'fail_code': '0', 'recerve': '0', 'prod_num': 44, 'r1_rob_no': '4', 'r1_weld_line_no': '0', 'r1_electric': '182.16146850585938', 'r1_voltage': '13.284866333007812', 'r1_speed': '0.0', 'r1_job': '0', 'r2_rob_no': '104', 'r2_weld_line_no': '0', 'r2_electric': '0.0', 'r2_voltage': '0.0', 'r2_speed': '0.0', 'r2_job': '0', 'replace_status': '0', 'part_status': '0', 'r1_protective_gas': '0', 'r1_welding_wire': '0', 'r2_protective_gas': '0', 'r2_welding_wire': '0', 'login_id': '\n\x00\x00\x00\x00\x00\x00\x00\x00\x00', 'login_password': '\n\x00\x00\x00\x00\x00\x00\x00\x00\x00'}
2021-03-02  16:16:11 Tue root INFO ('\n\x07250 YDG\x00', '7315', '0', 44, '4', '0', '182.16146850585938', '13.284866333007812', '0.0', '0', '104', '0', '0.0', '0.0', '0.0', '0', '0', '0', '0', '0', '0', '\n\x00\x00\x00\x00\x00\x00\x00\x00\x00', '\n\x00\x00\x00\x00\x00\x00\x00\x00\x00', '0', '0', '2021-03-02 16:16:11')
2021-03-02  16:16:11 Tue root INFO 成功添加数据
2021-03-02  16:16:11 Tue root INFO mes_plc_r2
2021-03-02  16:16:12 Tue root INFO 读取插入数据库数据：{'product_type': '\n\x07250 TJ1\x00', 'r1_equipment_status': '5267', 'fail_code': '48', 'recerve': '0', 'prod_num': 242, 'r1_rob_no': '4', 'r1_weld_line_no': '0', 'r1_electric': '181.6840362548828', 'r1_voltage': '13.129340171813965', 'r1_speed': '0.0', 'r1_job': '0', 'r2_rob_no': '104', 'r2_weld_line_no': '0', 'r2_electric': '0.0', 'r2_voltage': '0.0', 'r2_speed': '0.0', 'r2_job': '0', 'replace_status': '0', 'part_status': '0', 'r1_protective_gas': '610', 'r1_welding_wire': '0', 'r2_protective_gas': '0', 'r2_welding_wire': '0', 'login_id': '\n\x00\x00\x00\x00\x00\x00\x00\x00\x00', 'login_password': '\n\x00\x00\x00\x00\x00\x00\x00\x00\x00'}
2021-03-02  16:16:12 Tue root INFO ('\n\x07250 TJ1\x00', '5267', '48', 242, '4', '0', '181.6840362548828', '13.129340171813965', '0.0', '0', '104', '0', '0.0', '0.0', '0.0', '0', '0', '610', '0', '0', '0', '\n\x00\x00\x00\x00\x00\x00\x00\x00\x00', '\n\x00\x00\x00\x00\x00\x00\x00\x00\x00', '0', '0', '2021-03-02 16:16:12')
2021-03-02  16:16:12 Tue root INFO 成功添加数据
2021-03-02  16:16:12 Tue root INFO mes_plc_r3
2021-03-02  16:16:12 Tue root INFO 读取插入数据库数据：{'product_type': '\n\x07250 TJ3\x00', 'r1_equipment_status': '7315', 'fail_code': '48', 'recerve': '0', 'prod_num': 247, 'r1_rob_no': '4', 'r1_weld_line_no': '0', 'r1_electric': '184.31712341308594', 'r1_voltage': '13.820168495178223', 'r1_speed': '0.0', 'r1_job': '0', 'r2_rob_no': '104', 'r2_weld_line_no': '0', 'r2_electric': '0.0', 'r2_voltage': '0.0', 'r2_speed': '0.0', 'r2_job': '0', 'replace_status': '0', 'part_status': '0', 'r1_protective_gas': '572', 'r1_welding_wire': '0', 'r2_protective_gas': '0', 'r2_welding_wire': '0', 'login_id': '\n\x00\x00\x00\x00\x00\x00\x00\x00\x00', 'login_password': '\n\x00\x00\x00\x00\x00\x00\x00\x00\x00'}
2021-03-02  16:16:12 Tue root INFO ('\n\x07250 TJ3\x00', '7315', '48', 247, '4', '0', '184.31712341308594', '13.820168495178223', '0.0', '0', '104', '0', '0.0', '0.0', '0.0', '0', '0', '572', '0', '0', '0', '\n\x00\x00\x00\x00\x00\x00\x00\x00\x00', '\n\x00\x00\x00\x00\x00\x00\x00\x00\x00', '0', '0', '2021-03-02 16:16:12')
2021-03-02  16:16:12 Tue root INFO 成功添加数据
2021-03-02  16:16:12 Tue root INFO mes_plc_r4
2021-03-02  16:16:12 Tue root INFO 读取插入数据库数据：{'product_type': '\n\x07250 PCB\x00', 'r1_equipment_status': '6803', 'fail_code': '0', 'recerve': '0', 'prod_num': 30, 'r1_rob_no': '4', 'r1_weld_line_no': '0', 'r1_electric': '182.7401580810547', 'r1_voltage': '-13.581453323364258', 'r1_speed': '0.0', 'r1_job': '0', 'r2_rob_no': '104', 'r2_weld_line_no': '0', 'r2_electric': '0.0', 'r2_voltage': '0.0', 'r2_speed': '0.0', 'r2_job': '0', 'replace_status': '0', 'part_status': '0', 'r1_protective_gas': '2393', 'r1_welding_wire': '0', 'r2_protective_gas': '0', 'r2_welding_wire': '0', 'login_id': '\n\x00\x00\x00\x00\x00\x00\x00\x00\x00', 'login_password': '\n\x00\x00\x00\x00\x00\x00\x00\x00\x00'}
2021-03-02  16:16:12 Tue root INFO ('\n\x07250 PCB\x00', '6803', '0', 30, '4', '0', '182.7401580810547', '-13.581453323364258', '0.0', '0', '104', '0', '0.0', '0.0', '0.0', '0', '0', '2393', '0', '0', '0', '\n\x00\x00\x00\x00\x00\x00\x00\x00\x00', '\n\x00\x00\x00\x00\x00\x00\x00\x00\x00', '0', '0', '2021-03-02 16:16:12')
2021-03-02  16:16:12 Tue root INFO 成功添加数据
2021-03-02  16:16:12 Tue root INFO mes_plc_r5
2021-03-02  16:16:13 Tue root INFO 读取插入数据库数据：{'product_type': '\n\x00\x00\x00\x00\x00\x00\x00\x00\x00', 'r1_equipment_status': '6162', 'fail_code': '0', 'recerve': '0', 'prod_num': 0, 'r1_rob_no': '0', 'r1_weld_line_no': '0', 'r1_electric': '179.83216857910156', 'r1_voltage': '13.422308921813965', 'r1_speed': '0.0', 'r1_job': '0', 'r2_rob_no': '0', 'r2_weld_line_no': '0', 'r2_electric': '179.1956024169922', 'r2_voltage': '13.411458015441895', 'r2_speed': '0.0', 'r2_job': '0', 'replace_status': '0', 'part_status': '0', 'r1_protective_gas': '0', 'r1_welding_wire': '0', 'r2_protective_gas': '0', 'r2_welding_wire': '0', 'login_id': '\n\x00\x00\x00\x00\x00\x00\x00\x00\x00', 'login_password': '\n\x00\x00\x00\x00\x00\x00\x00\x00\x00'}
2021-03-02  16:16:13 Tue root INFO ('\n\x00\x00\x00\x00\x00\x00\x00\x00\x00', '6162', '0', 0, '0', '0', '179.83216857910156', '13.422308921813965', '0.0', '0', '0', '0', '179.1956024169922', '13.411458015441895', '0.0', '0', '0', '0', '0', '0', '0', '\n\x00\x00\x00\x00\x00\x00\x00\x00\x00', '\n\x00\x00\x00\x00\x00\x00\x00\x00\x00', '0', '0', '2021-03-02 16:16:13')
2021-03-02  16:16:13 Tue root INFO 成功添加数据
2021-03-02  16:16:13 Tue root INFO mes_plc_r6
2021-03-02  16:16:13 Tue root INFO 读取插入数据库数据：{'product_type': '\n\x00\x00\x00\x00\x00\x00\x00\x00\x00', 'r1_equipment_status': '0', 'fail_code': '0', 'recerve': '10', 'prod_num': 19, 'r1_rob_no': '0', 'r1_weld_line_no': '0', 'r1_electric': '0.0', 'r1_voltage': '0.0', 'r1_speed': '0.0', 'r1_job': '0', 'r2_rob_no': '0', 'r2_weld_line_no': '0', 'r2_electric': '0.0', 'r2_voltage': '0.0', 'r2_speed': '0.0', 'r2_job': '0', 'replace_status': '0', 'part_status': '0', 'r1_protective_gas': '0', 'r1_welding_wire': '0', 'r2_protective_gas': '0', 'r2_welding_wire': '0', 'login_id': '\n\x00\x00\x00\x00\x00\x00\x00\x00\x00', 'login_password': '\n\x00\x00\x00\x00\x00\x00\x00\x00\x00'}
2021-03-02  16:16:13 Tue root INFO ('\n\x00\x00\x00\x00\x00\x00\x00\x00\x00', '0', '0', 19, '0', '0', '0.0', '0.0', '0.0', '0', '0', '0', '0.0', '0.0', '0.0', '0', '0', '0', '0', '0', '0', '\n\x00\x00\x00\x00\x00\x00\x00\x00\x00', '\n\x00\x00\x00\x00\x00\x00\x00\x00\x00', '0', '10', '2021-03-02 16:16:13')
2021-03-02  16:16:13 Tue root INFO 成功添加数据
2021-03-02  16:17:13 Tue root INFO plc连接状态:[1, 1, 1, 1, 1, 1]
2021-03-02  16:17:13 Tue root INFO mes_plc
2021-03-02  16:17:14 Tue root INFO 读取插入数据库数据：{'product_type': '\n\x07250 YDG\x00', 'r1_equipment_status': '7315', 'fail_code': '0', 'recerve': '0', 'prod_num': 44, 'r1_rob_no': '4', 'r1_weld_line_no': '0', 'r1_electric': '182.17591857910156', 'r1_voltage': '13.28125', 'r1_speed': '0.0', 'r1_job': '0', 'r2_rob_no': '104', 'r2_weld_line_no': '0', 'r2_electric': '0.0', 'r2_voltage': '0.0', 'r2_speed': '0.0', 'r2_job': '0', 'replace_status': '0', 'part_status': '0', 'r1_protective_gas': '0', 'r1_welding_wire': '0', 'r2_protective_gas': '0', 'r2_welding_wire': '0', 'login_id': '\n\x00\x00\x00\x00\x00\x00\x00\x00\x00', 'login_password': '\n\x00\x00\x00\x00\x00\x00\x00\x00\x00'}
2021-03-02  16:17:14 Tue root INFO ('\n\x07250 YDG\x00', '7315', '0', 44, '4', '0', '182.17591857910156', '13.28125', '0.0', '0', '104', '0', '0.0', '0.0', '0.0', '0', '0', '0', '0', '0', '0', '\n\x00\x00\x00\x00\x00\x00\x00\x00\x00', '\n\x00\x00\x00\x00\x00\x00\x00\x00\x00', '0', '0', '2021-03-02 16:17:14')
2021-03-02  16:17:14 Tue root INFO 成功添加数据
2021-03-02  16:17:14 Tue root INFO mes_plc_r2
2021-03-02  16:17:14 Tue root INFO 读取插入数据库数据：{'product_type': '\n\x07250 TJ1\x00', 'r1_equipment_status': '5267', 'fail_code': '48', 'recerve': '0', 'prod_num': 242, 'r1_rob_no': '4', 'r1_weld_line_no': '0', 'r1_electric': '181.640625', 'r1_voltage': '13.129340171813965', 'r1_speed': '0.0', 'r1_job': '0', 'r2_rob_no': '104', 'r2_weld_line_no': '0', 'r2_electric': '0.0', 'r2_voltage': '0.0', 'r2_speed': '0.0', 'r2_job': '0', 'replace_status': '0', 'part_status': '0', 'r1_protective_gas': '610', 'r1_welding_wire': '0', 'r2_protective_gas': '0', 'r2_welding_wire': '0', 'login_id': '\n\x00\x00\x00\x00\x00\x00\x00\x00\x00', 'login_password': '\n\x00\x00\x00\x00\x00\x00\x00\x00\x00'}
2021-03-02  16:17:14 Tue root INFO ('\n\x07250 TJ1\x00', '5267', '48', 242, '4', '0', '181.640625', '13.129340171813965', '0.0', '0', '104', '0', '0.0', '0.0', '0.0', '0', '0', '610', '0', '0', '0', '\n\x00\x00\x00\x00\x00\x00\x00\x00\x00', '\n\x00\x00\x00\x00\x00\x00\x00\x00\x00', '0', '0', '2021-03-02 16:17:14')
2021-03-02  16:17:14 Tue root INFO 成功添加数据
2021-03-02  16:17:14 Tue root INFO mes_plc_r3
2021-03-02  16:17:14 Tue root INFO 读取插入数据库数据：{'product_type': '\n\x07250 TJ3\x00', 'r1_equipment_status': '7315', 'fail_code': '48', 'recerve': '0', 'prod_num': 247, 'r1_rob_no': '4', 'r1_weld_line_no': '0', 'r1_electric': '184.24478149414062', 'r1_voltage': '13.816550254821777', 'r1_speed': '0.0', 'r1_job': '0', 'r2_rob_no': '104', 'r2_weld_line_no': '0', 'r2_electric': '0.0', 'r2_voltage': '0.0', 'r2_speed': '0.0', 'r2_job': '0', 'replace_status': '0', 'part_status': '0', 'r1_protective_gas': '572', 'r1_welding_wire': '0', 'r2_protective_gas': '0', 'r2_welding_wire': '0', 'login_id': '\n\x00\x00\x00\x00\x00\x00\x00\x00\x00', 'login_password': '\n\x00\x00\x00\x00\x00\x00\x00\x00\x00'}
2021-03-02  16:17:14 Tue root INFO ('\n\x07250 TJ3\x00', '7315', '48', 247, '4', '0', '184.24478149414062', '13.816550254821777', '0.0', '0', '104', '0', '0.0', '0.0', '0.0', '0', '0', '572', '0', '0', '0', '\n\x00\x00\x00\x00\x00\x00\x00\x00\x00', '\n\x00\x00\x00\x00\x00\x00\x00\x00\x00', '0', '0', '2021-03-02 16:17:14')
2021-03-02  16:17:14 Tue root INFO 成功添加数据
2021-03-02  16:17:14 Tue root INFO mes_plc_r4
2021-03-02  16:17:15 Tue root INFO 读取插入数据库数据：{'product_type': '\n\x07250 PCB\x00', 'r1_equipment_status': '7169', 'fail_code': '0', 'recerve': '0', 'prod_num': 30, 'r1_rob_no': '4', 'r1_weld_line_no': '0', 'r1_electric': '182.69676208496094', 'r1_voltage': '13.201677322387695', 'r1_speed': '0.0', 'r1_job': '0', 'r2_rob_no': '104', 'r2_weld_line_no': '0', 'r2_electric': '0.0', 'r2_voltage': '0.0', 'r2_speed': '0.0', 'r2_job': '0', 'replace_status': '0', 'part_status': '0', 'r1_protective_gas': '2416', 'r1_welding_wire': '0', 'r2_protective_gas': '0', 'r2_welding_wire': '0', 'login_id': '\n\x00\x00\x00\x00\x00\x00\x00\x00\x00', 'login_password': '\n\x00\x00\x00\x00\x00\x00\x00\x00\x00'}
2021-03-02  16:17:15 Tue root INFO ('\n\x07250 PCB\x00', '7169', '0', 30, '4', '0', '182.69676208496094', '13.201677322387695', '0.0', '0', '104', '0', '0.0', '0.0', '0.0', '0', '0', '2416', '0', '0', '0', '\n\x00\x00\x00\x00\x00\x00\x00\x00\x00', '\n\x00\x00\x00\x00\x00\x00\x00\x00\x00', '0', '0', '2021-03-02 16:17:15')
2021-03-02  16:17:15 Tue root INFO 成功添加数据
2021-03-02  16:17:15 Tue root INFO mes_plc_r5
2021-03-02  16:17:15 Tue root INFO 读取插入数据库数据：{'product_type': '\n\x00\x00\x00\x00\x00\x00\x00\x00\x00', 'r1_equipment_status': '6162', 'fail_code': '0', 'recerve': '0', 'prod_num': 0, 'r1_rob_no': '0', 'r1_weld_line_no': '0', 'r1_electric': '179.7887725830078', 'r1_voltage': '13.429543495178223', 'r1_speed': '0.0', 'r1_job': '0', 'r2_rob_no': '0', 'r2_weld_line_no': '0', 'r2_electric': '179.28240966796875', 'r2_voltage': '13.429543495178223', 'r2_speed': '0.0', 'r2_job': '0', 'replace_status': '0', 'part_status': '0', 'r1_protective_gas': '0', 'r1_welding_wire': '0', 'r2_protective_gas': '0', 'r2_welding_wire': '0', 'login_id': '\n\x00\x00\x00\x00\x00\x00\x00\x00\x00', 'login_password': '\n\x00\x00\x00\x00\x00\x00\x00\x00\x00'}
2021-03-02  16:17:15 Tue root INFO ('\n\x00\x00\x00\x00\x00\x00\x00\x00\x00', '6162', '0', 0, '0', '0', '179.7887725830078', '13.429543495178223', '0.0', '0', '0', '0', '179.28240966796875', '13.429543495178223', '0.0', '0', '0', '0', '0', '0', '0', '\n\x00\x00\x00\x00\x00\x00\x00\x00\x00', '\n\x00\x00\x00\x00\x00\x00\x00\x00\x00', '0', '0', '2021-03-02 16:17:15')
2021-03-02  16:17:15 Tue root INFO 成功添加数据
2021-03-02  16:17:15 Tue root INFO mes_plc_r6
2021-03-02  16:17:16 Tue root INFO 读取插入数据库数据：{'product_type': '\n\x00\x00\x00\x00\x00\x00\x00\x00\x00', 'r1_equipment_status': '0', 'fail_code': '0', 'recerve': '10', 'prod_num': 19, 'r1_rob_no': '0', 'r1_weld_line_no': '0', 'r1_electric': '0.0', 'r1_voltage': '0.0', 'r1_speed': '0.0', 'r1_job': '0', 'r2_rob_no': '0', 'r2_weld_line_no': '0', 'r2_electric': '0.0', 'r2_voltage': '0.0', 'r2_speed': '0.0', 'r2_job': '0', 'replace_status': '0', 'part_status': '0', 'r1_protective_gas': '0', 'r1_welding_wire': '0', 'r2_protective_gas': '0', 'r2_welding_wire': '0', 'login_id': '\n\x00\x00\x00\x00\x00\x00\x00\x00\x00', 'login_password': '\n\x00\x00\x00\x00\x00\x00\x00\x00\x00'}
2021-03-02  16:17:16 Tue root INFO ('\n\x00\x00\x00\x00\x00\x00\x00\x00\x00', '0', '0', 19, '0', '0', '0.0', '0.0', '0.0', '0', '0', '0', '0.0', '0.0', '0.0', '0', '0', '0', '0', '0', '0', '\n\x00\x00\x00\x00\x00\x00\x00\x00\x00', '\n\x00\x00\x00\x00\x00\x00\x00\x00\x00', '0', '10', '2021-03-02 16:17:16')
2021-03-02  16:17:16 Tue root INFO 成功添加数据
2021-03-02  16:18:16 Tue root INFO plc连接状态:[1, 1, 1, 1, 1, 1]
2021-03-02  16:18:16 Tue root INFO mes_plc
2021-03-02  16:18:16 Tue root INFO 读取插入数据库数据：{'product_type': '\n\x07250 YDG\x00', 'r1_equipment_status': '7315', 'fail_code': '0', 'recerve': '0', 'prod_num': 44, 'r1_rob_no': '4', 'r1_weld_line_no': '0', 'r1_electric': '182.16146850585938', 'r1_voltage': '13.29210090637207', 'r1_speed': '0.0', 'r1_job': '0', 'r2_rob_no': '104', 'r2_weld_line_no': '0', 'r2_electric': '0.0', 'r2_voltage': '0.0', 'r2_speed': '0.0', 'r2_job': '0', 'replace_status': '0', 'part_status': '0', 'r1_protective_gas': '0', 'r1_welding_wire': '0', 'r2_protective_gas': '0', 'r2_welding_wire': '0', 'login_id': '\n\x00\x00\x00\x00\x00\x00\x00\x00\x00', 'login_password': '\n\x00\x00\x00\x00\x00\x00\x00\x00\x00'}
2021-03-02  16:18:16 Tue root INFO ('\n\x07250 YDG\x00', '7315', '0', 44, '4', '0', '182.16146850585938', '13.29210090637207', '0.0', '0', '104', '0', '0.0', '0.0', '0.0', '0', '0', '0', '0', '0', '0', '\n\x00\x00\x00\x00\x00\x00\x00\x00\x00', '\n\x00\x00\x00\x00\x00\x00\x00\x00\x00', '0', '0', '2021-03-02 16:18:16')
2021-03-02  16:18:16 Tue root INFO 成功添加数据
2021-03-02  16:18:16 Tue root INFO mes_plc_r2
2021-03-02  16:18:16 Tue root INFO 读取插入数据库数据：{'product_type': '\n\x07250 TJ1\x00', 'r1_equipment_status': '5267', 'fail_code': '48', 'recerve': '0', 'prod_num': 242, 'r1_rob_no': '4', 'r1_weld_line_no': '0', 'r1_electric': '181.6695556640625', 'r1_voltage': '13.129340171813965', 'r1_speed': '0.0', 'r1_job': '0', 'r2_rob_no': '104', 'r2_weld_line_no': '0', 'r2_electric': '0.0', 'r2_voltage': '0.0', 'r2_speed': '0.0', 'r2_job': '0', 'replace_status': '0', 'part_status': '0', 'r1_protective_gas': '610', 'r1_welding_wire': '0', 'r2_protective_gas': '0', 'r2_welding_wire': '0', 'login_id': '\n\x00\x00\x00\x00\x00\x00\x00\x00\x00', 'login_password': '\n\x00\x00\x00\x00\x00\x00\x00\x00\x00'}
2021-03-02  16:18:16 Tue root INFO ('\n\x07250 TJ1\x00', '5267', '48', 242, '4', '0', '181.6695556640625', '13.129340171813965', '0.0', '0', '104', '0', '0.0', '0.0', '0.0', '0', '0', '610', '0', '0', '0', '\n\x00\x00\x00\x00\x00\x00\x00\x00\x00', '\n\x00\x00\x00\x00\x00\x00\x00\x00\x00', '0', '0', '2021-03-02 16:18:16')
2021-03-02  16:18:16 Tue root INFO 成功添加数据
2021-03-02  16:18:16 Tue root INFO mes_plc_r3
2021-03-02  16:18:17 Tue root INFO 读取插入数据库数据：{'product_type': '\n\x07250 TJ3\x00', 'r1_equipment_status': '7315', 'fail_code': '48', 'recerve': '0', 'prod_num': 247, 'r1_rob_no': '4', 'r1_weld_line_no': '0', 'r1_electric': '184.24478149414062', 'r1_voltage': '13.80570125579834', 'r1_speed': '0.0', 'r1_job': '0', 'r2_rob_no': '104', 'r2_weld_line_no': '0', 'r2_electric': '0.0', 'r2_voltage': '0.0', 'r2_speed': '0.0', 'r2_job': '0', 'replace_status': '0', 'part_status': '0', 'r1_protective_gas': '572', 'r1_welding_wire': '0', 'r2_protective_gas': '0', 'r2_welding_wire': '0', 'login_id': '\n\x00\x00\x00\x00\x00\x00\x00\x00\x00', 'login_password': '\n\x00\x00\x00\x00\x00\x00\x00\x00\x00'}
2021-03-02  16:18:17 Tue root INFO ('\n\x07250 TJ3\x00', '7315', '48', 247, '4', '0', '184.24478149414062', '13.80570125579834', '0.0', '0', '104', '0', '0.0', '0.0', '0.0', '0', '0', '572', '0', '0', '0', '\n\x00\x00\x00\x00\x00\x00\x00\x00\x00', '\n\x00\x00\x00\x00\x00\x00\x00\x00\x00', '0', '0', '2021-03-02 16:18:17')
2021-03-02  16:18:17 Tue root INFO 成功添加数据
2021-03-02  16:18:17 Tue root INFO mes_plc_r4
2021-03-02  16:18:17 Tue root INFO 读取插入数据库数据：{'product_type': '\n\x07250 PCB\x00', 'r1_equipment_status': '7233', 'fail_code': '0', 'recerve': '0', 'prod_num': 30, 'r1_rob_no': '4', 'r1_weld_line_no': '0', 'r1_electric': '182.8414306640625', 'r1_voltage': '118.51490783691406', 'r1_speed': '0.0', 'r1_job': '0', 'r2_rob_no': '104', 'r2_weld_line_no': '0', 'r2_electric': '0.0', 'r2_voltage': '0.0', 'r2_speed': '0.0', 'r2_job': '0', 'replace_status': '0', 'part_status': '0', 'r1_protective_gas': '2442', 'r1_welding_wire': '0', 'r2_protective_gas': '0', 'r2_welding_wire': '0', 'login_id': '\n\x00\x00\x00\x00\x00\x00\x00\x00\x00', 'login_password': '\n\x00\x00\x00\x00\x00\x00\x00\x00\x00'}
2021-03-02  16:18:17 Tue root INFO ('\n\x07250 PCB\x00', '7233', '0', 30, '4', '0', '182.8414306640625', '118.51490783691406', '0.0', '0', '104', '0', '0.0', '0.0', '0.0', '0', '0', '2442', '0', '0', '0', '\n\x00\x00\x00\x00\x00\x00\x00\x00\x00', '\n\x00\x00\x00\x00\x00\x00\x00\x00\x00', '0', '0', '2021-03-02 16:18:17')
2021-03-02  16:18:17 Tue root INFO 成功添加数据
2021-03-02  16:18:17 Tue root INFO mes_plc_r5
2021-03-02  16:18:17 Tue root INFO 读取插入数据库数据：{'product_type': '\n\x00\x00\x00\x00\x00\x00\x00\x00\x00', 'r1_equipment_status': '6162', 'fail_code': '0', 'recerve': '0', 'prod_num': 0, 'r1_rob_no': '0', 'r1_weld_line_no': '0', 'r1_electric': '179.84664916992188', 'r1_voltage': '13.46571159362793', 'r1_speed': '0.0', 'r1_job': '0', 'r2_rob_no': '0', 'r2_weld_line_no': '0', 'r2_electric': '179.3402862548828', 'r2_voltage': '13.407841682434082', 'r2_speed': '0.0', 'r2_job': '0', 'replace_status': '0', 'part_status': '0', 'r1_protective_gas': '0', 'r1_welding_wire': '0', 'r2_protective_gas': '0', 'r2_welding_wire': '0', 'login_id': '\n\x00\x00\x00\x00\x00\x00\x00\x00\x00', 'login_password': '\n\x00\x00\x00\x00\x00\x00\x00\x00\x00'}
2021-03-02  16:18:17 Tue root INFO ('\n\x00\x00\x00\x00\x00\x00\x00\x00\x00', '6162', '0', 0, '0', '0', '179.84664916992188', '13.46571159362793', '0.0', '0', '0', '0', '179.3402862548828', '13.407841682434082', '0.0', '0', '0', '0', '0', '0', '0', '\n\x00\x00\x00\x00\x00\x00\x00\x00\x00', '\n\x00\x00\x00\x00\x00\x00\x00\x00\x00', '0', '0', '2021-03-02 16:18:17')
2021-03-02  16:18:18 Tue root INFO 成功添加数据
2021-03-02  16:18:18 Tue root INFO mes_plc_r6
2021-03-02  16:18:18 Tue root INFO 读取插入数据库数据：{'product_type': '\n\x00\x00\x00\x00\x00\x00\x00\x00\x00', 'r1_equipment_status': '0', 'fail_code': '0', 'recerve': '10', 'prod_num': 19, 'r1_rob_no': '0', 'r1_weld_line_no': '0', 'r1_electric': '0.0', 'r1_voltage': '0.0', 'r1_speed': '0.0', 'r1_job': '0', 'r2_rob_no': '0', 'r2_weld_line_no': '0', 'r2_electric': '0.0', 'r2_voltage': '0.0', 'r2_speed': '0.0', 'r2_job': '0', 'replace_status': '0', 'part_status': '0', 'r1_protective_gas': '0', 'r1_welding_wire': '0', 'r2_protective_gas': '0', 'r2_welding_wire': '0', 'login_id': '\n\x00\x00\x00\x00\x00\x00\x00\x00\x00', 'login_password': '\n\x00\x00\x00\x00\x00\x00\x00\x00\x00'}
2021-03-02  16:18:18 Tue root INFO ('\n\x00\x00\x00\x00\x00\x00\x00\x00\x00', '0', '0', 19, '0', '0', '0.0', '0.0', '0.0', '0', '0', '0', '0.0', '0.0', '0.0', '0', '0', '0', '0', '0', '0', '\n\x00\x00\x00\x00\x00\x00\x00\x00\x00', '\n\x00\x00\x00\x00\x00\x00\x00\x00\x00', '0', '10', '2021-03-02 16:18:18')
2021-03-02  16:18:18 Tue root INFO 成功添加数据
2021-03-02  16:19:18 Tue root INFO plc连接状态:[1, 1, 1, 1, 1, 1]
2021-03-02  16:19:18 Tue root INFO mes_plc
2021-03-02  16:19:18 Tue root INFO 读取插入数据库数据：{'product_type': '\n\x07250 YDG\x00', 'r1_equipment_status': '7315', 'fail_code': '0', 'recerve': '0', 'prod_num': 44, 'r1_rob_no': '4', 'r1_weld_line_no': '0', 'r1_electric': '182.16146850585938', 'r1_voltage': '13.29210090637207', 'r1_speed': '0.0', 'r1_job': '0', 'r2_rob_no': '104', 'r2_weld_line_no': '0', 'r2_electric': '0.0', 'r2_voltage': '0.0', 'r2_speed': '0.0', 'r2_job': '0', 'replace_status': '0', 'part_status': '0', 'r1_protective_gas': '0', 'r1_welding_wire': '0', 'r2_protective_gas': '0', 'r2_welding_wire': '0', 'login_id': '\n\x00\x00\x00\x00\x00\x00\x00\x00\x00', 'login_password': '\n\x00\x00\x00\x00\x00\x00\x00\x00\x00'}
2021-03-02  16:19:18 Tue root INFO ('\n\x07250 YDG\x00', '7315', '0', 44, '4', '0', '182.16146850585938', '13.29210090637207', '0.0', '0', '104', '0', '0.0', '0.0', '0.0', '0', '0', '0', '0', '0', '0', '\n\x00\x00\x00\x00\x00\x00\x00\x00\x00', '\n\x00\x00\x00\x00\x00\x00\x00\x00\x00', '0', '0', '2021-03-02 16:19:18')
2021-03-02  16:19:18 Tue root INFO 成功添加数据
2021-03-02  16:19:18 Tue root INFO mes_plc_r2
2021-03-02  16:19:18 Tue root INFO 读取插入数据库数据：{'product_type': '\n\x07250 TJ1\x00', 'r1_equipment_status': '5267', 'fail_code': '48', 'recerve': '0', 'prod_num': 242, 'r1_rob_no': '4', 'r1_weld_line_no': '0', 'r1_electric': '181.640625', 'r1_voltage': '13.129340171813965', 'r1_speed': '0.0', 'r1_job': '0', 'r2_rob_no': '104', 'r2_weld_line_no': '0', 'r2_electric': '0.0', 'r2_voltage': '0.0', 'r2_speed': '0.0', 'r2_job': '0', 'replace_status': '0', 'part_status': '0', 'r1_protective_gas': '610', 'r1_welding_wire': '0', 'r2_protective_gas': '0', 'r2_welding_wire': '0', 'login_id': '\n\x00\x00\x00\x00\x00\x00\x00\x00\x00', 'login_password': '\n\x00\x00\x00\x00\x00\x00\x00\x00\x00'}
2021-03-02  16:19:18 Tue root INFO ('\n\x07250 TJ1\x00', '5267', '48', 242, '4', '0', '181.640625', '13.129340171813965', '0.0', '0', '104', '0', '0.0', '0.0', '0.0', '0', '0', '610', '0', '0', '0', '\n\x00\x00\x00\x00\x00\x00\x00\x00\x00', '\n\x00\x00\x00\x00\x00\x00\x00\x00\x00', '0', '0', '2021-03-02 16:19:18')
2021-03-02  16:19:19 Tue root INFO 成功添加数据
2021-03-02  16:19:19 Tue root INFO mes_plc_r3
2021-03-02  16:19:19 Tue root INFO 读取插入数据库数据：{'product_type': '\n\x07250 TJ3\x00', 'r1_equipment_status': '7315', 'fail_code': '48', 'recerve': '0', 'prod_num': 247, 'r1_rob_no': '4', 'r1_weld_line_no': '0', 'r1_electric': '184.31712341308594', 'r1_voltage': '13.816550254821777', 'r1_speed': '0.0', 'r1_job': '0', 'r2_rob_no': '104', 'r2_weld_line_no': '0', 'r2_electric': '0.0', 'r2_voltage': '0.0', 'r2_speed': '0.0', 'r2_job': '0', 'replace_status': '0', 'part_status': '0', 'r1_protective_gas': '572', 'r1_welding_wire': '0', 'r2_protective_gas': '0', 'r2_welding_wire': '0', 'login_id': '\n\x00\x00\x00\x00\x00\x00\x00\x00\x00', 'login_password': '\n\x00\x00\x00\x00\x00\x00\x00\x00\x00'}
2021-03-02  16:19:19 Tue root INFO ('\n\x07250 TJ3\x00', '7315', '48', 247, '4', '0', '184.31712341308594', '13.816550254821777', '0.0', '0', '104', '0', '0.0', '0.0', '0.0', '0', '0', '572', '0', '0', '0', '\n\x00\x00\x00\x00\x00\x00\x00\x00\x00', '\n\x00\x00\x00\x00\x00\x00\x00\x00\x00', '0', '0', '2021-03-02 16:19:19')
2021-03-02  16:19:19 Tue root INFO 成功添加数据
2021-03-02  16:19:19 Tue root INFO mes_plc_r4
2021-03-02  16:19:19 Tue root INFO 读取插入数据库数据：{'product_type': '\n\x07250 PCB\x00', 'r1_equipment_status': '7233', 'fail_code': '0', 'recerve': '0', 'prod_num': 30, 'r1_rob_no': '4', 'r1_weld_line_no': '0', 'r1_electric': '182.79803466796875', 'r1_voltage': '13.201677322387695', 'r1_speed': '0.0', 'r1_job': '0', 'r2_rob_no': '104', 'r2_weld_line_no': '0', 'r2_electric': '0.0', 'r2_voltage': '0.0', 'r2_speed': '0.0', 'r2_job': '0', 'replace_status': '0', 'part_status': '0', 'r1_protective_gas': '2468', 'r1_welding_wire': '0', 'r2_protective_gas': '0', 'r2_welding_wire': '0', 'login_id': '\n\x00\x00\x00\x00\x00\x00\x00\x00\x00', 'login_password': '\n\x00\x00\x00\x00\x00\x00\x00\x00\x00'}
2021-03-02  16:19:19 Tue root INFO ('\n\x07250 PCB\x00', '7233', '0', 30, '4', '0', '182.79803466796875', '13.201677322387695', '0.0', '0', '104', '0', '0.0', '0.0', '0.0', '0', '0', '2468', '0', '0', '0', '\n\x00\x00\x00\x00\x00\x00\x00\x00\x00', '\n\x00\x00\x00\x00\x00\x00\x00\x00\x00', '0', '0', '2021-03-02 16:19:19')
2021-03-02  16:19:19 Tue root INFO 成功添加数据
2021-03-02  16:19:19 Tue root INFO mes_plc_r5
2021-03-02  16:19:20 Tue root INFO 读取插入数据库数据：{'product_type': '\n\x00\x00\x00\x00\x00\x00\x00\x00\x00', 'r1_equipment_status': '6162', 'fail_code': '0', 'recerve': '0', 'prod_num': 0, 'r1_rob_no': '0', 'r1_weld_line_no': '0', 'r1_electric': '179.77430725097656', 'r1_voltage': '13.458478927612305', 'r1_speed': '0.0', 'r1_job': '0', 'r2_rob_no': '0', 'r2_weld_line_no': '0', 'r2_electric': '179.3258056640625', 'r2_voltage': '13.404224395751953', 'r2_speed': '0.0', 'r2_job': '0', 'replace_status': '0', 'part_status': '0', 'r1_protective_gas': '0', 'r1_welding_wire': '0', 'r2_protective_gas': '0', 'r2_welding_wire': '0', 'login_id': '\n\x00\x00\x00\x00\x00\x00\x00\x00\x00', 'login_password': '\n\x00\x00\x00\x00\x00\x00\x00\x00\x00'}
2021-03-02  16:19:20 Tue root INFO ('\n\x00\x00\x00\x00\x00\x00\x00\x00\x00', '6162', '0', 0, '0', '0', '179.77430725097656', '13.458478927612305', '0.0', '0', '0', '0', '179.3258056640625', '13.404224395751953', '0.0', '0', '0', '0', '0', '0', '0', '\n\x00\x00\x00\x00\x00\x00\x00\x00\x00', '\n\x00\x00\x00\x00\x00\x00\x00\x00\x00', '0', '0', '2021-03-02 16:19:20')
2021-03-02  16:19:20 Tue root INFO 成功添加数据
2021-03-02  16:19:20 Tue root INFO mes_plc_r6
2021-03-02  16:19:20 Tue root INFO 读取插入数据库数据：{'product_type': '\n\x00\x00\x00\x00\x00\x00\x00\x00\x00', 'r1_equipment_status': '0', 'fail_code': '0', 'recerve': '10', 'prod_num': 19, 'r1_rob_no': '0', 'r1_weld_line_no': '0', 'r1_electric': '0.0', 'r1_voltage': '0.0', 'r1_speed': '0.0', 'r1_job': '0', 'r2_rob_no': '0', 'r2_weld_line_no': '0', 'r2_electric': '0.0', 'r2_voltage': '0.0', 'r2_speed': '0.0', 'r2_job': '0', 'replace_status': '0', 'part_status': '0', 'r1_protective_gas': '0', 'r1_welding_wire': '0', 'r2_protective_gas': '0', 'r2_welding_wire': '0', 'login_id': '\n\x00\x00\x00\x00\x00\x00\x00\x00\x00', 'login_password': '\n\x00\x00\x00\x00\x00\x00\x00\x00\x00'}
2021-03-02  16:19:20 Tue root INFO ('\n\x00\x00\x00\x00\x00\x00\x00\x00\x00', '0', '0', 19, '0', '0', '0.0', '0.0', '0.0', '0', '0', '0', '0.0', '0.0', '0.0', '0', '0', '0', '0', '0', '0', '\n\x00\x00\x00\x00\x00\x00\x00\x00\x00', '\n\x00\x00\x00\x00\x00\x00\x00\x00\x00', '0', '10', '2021-03-02 16:19:20')
2021-03-02  16:19:20 Tue root INFO 成功添加数据
2021-03-02  16:20:20 Tue root INFO plc连接状态:[1, 1, 1, 1, 1, 1]
2021-03-02  16:20:20 Tue root INFO mes_plc
2021-03-02  16:20:20 Tue root INFO 读取插入数据库数据：{'product_type': '\n\x07250 YDG\x00', 'r1_equipment_status': '7315', 'fail_code': '0', 'recerve': '0', 'prod_num': 44, 'r1_rob_no': '4', 'r1_weld_line_no': '0', 'r1_electric': '182.17591857910156', 'r1_voltage': '13.29210090637207', 'r1_speed': '0.0', 'r1_job': '0', 'r2_rob_no': '104', 'r2_weld_line_no': '0', 'r2_electric': '0.0', 'r2_voltage': '0.0', 'r2_speed': '0.0', 'r2_job': '0', 'replace_status': '0', 'part_status': '0', 'r1_protective_gas': '0', 'r1_welding_wire': '0', 'r2_protective_gas': '0', 'r2_welding_wire': '0', 'login_id': '\n\x00\x00\x00\x00\x00\x00\x00\x00\x00', 'login_password': '\n\x00\x00\x00\x00\x00\x00\x00\x00\x00'}
2021-03-02  16:20:20 Tue root INFO ('\n\x07250 YDG\x00', '7315', '0', 44, '4', '0', '182.17591857910156', '13.29210090637207', '0.0', '0', '104', '0', '0.0', '0.0', '0.0', '0', '0', '0', '0', '0', '0', '\n\x00\x00\x00\x00\x00\x00\x00\x00\x00', '\n\x00\x00\x00\x00\x00\x00\x00\x00\x00', '0', '0', '2021-03-02 16:20:20')
2021-03-02  16:20:20 Tue root INFO 成功添加数据
2021-03-02  16:20:20 Tue root INFO mes_plc_r2
2021-03-02  16:20:21 Tue root INFO 读取插入数据库数据：{'product_type': '\n\x07250 TJ1\x00', 'r1_equipment_status': '5267', 'fail_code': '48', 'recerve': '0', 'prod_num': 242, 'r1_rob_no': '4', 'r1_weld_line_no': '0', 'r1_electric': '181.65509033203125', 'r1_voltage': '13.132956504821777', 'r1_speed': '0.0', 'r1_job': '0', 'r2_rob_no': '104', 'r2_weld_line_no': '0', 'r2_electric': '0.0', 'r2_voltage': '0.0', 'r2_speed': '0.0', 'r2_job': '0', 'replace_status': '0', 'part_status': '0', 'r1_protective_gas': '610', 'r1_welding_wire': '0', 'r2_protective_gas': '0', 'r2_welding_wire': '0', 'login_id': '\n\x00\x00\x00\x00\x00\x00\x00\x00\x00', 'login_password': '\n\x00\x00\x00\x00\x00\x00\x00\x00\x00'}
2021-03-02  16:20:21 Tue root INFO ('\n\x07250 TJ1\x00', '5267', '48', 242, '4', '0', '181.65509033203125', '13.132956504821777', '0.0', '0', '104', '0', '0.0', '0.0', '0.0', '0', '0', '610', '0', '0', '0', '\n\x00\x00\x00\x00\x00\x00\x00\x00\x00', '\n\x00\x00\x00\x00\x00\x00\x00\x00\x00', '0', '0', '2021-03-02 16:20:21')
2021-03-02  16:20:21 Tue root INFO 成功添加数据
2021-03-02  16:20:21 Tue root INFO mes_plc_r3
2021-03-02  16:20:21 Tue root INFO 读取插入数据库数据：{'product_type': '\n\x07250 TJ3\x00', 'r1_equipment_status': '7315', 'fail_code': '48', 'recerve': '0', 'prod_num': 247, 'r1_rob_no': '4', 'r1_weld_line_no': '0', 'r1_electric': '184.31712341308594', 'r1_voltage': '13.823784828186035', 'r1_speed': '0.0', 'r1_job': '0', 'r2_rob_no': '104', 'r2_weld_line_no': '0', 'r2_electric': '0.0', 'r2_voltage': '0.0', 'r2_speed': '0.0', 'r2_job': '0', 'replace_status': '0', 'part_status': '0', 'r1_protective_gas': '572', 'r1_welding_wire': '0', 'r2_protective_gas': '0', 'r2_welding_wire': '0', 'login_id': '\n\x00\x00\x00\x00\x00\x00\x00\x00\x00', 'login_password': '\n\x00\x00\x00\x00\x00\x00\x00\x00\x00'}
2021-03-02  16:20:21 Tue root INFO ('\n\x07250 TJ3\x00', '7315', '48', 247, '4', '0', '184.31712341308594', '13.823784828186035', '0.0', '0', '104', '0', '0.0', '0.0', '0.0', '0', '0', '572', '0', '0', '0', '\n\x00\x00\x00\x00\x00\x00\x00\x00\x00', '\n\x00\x00\x00\x00\x00\x00\x00\x00\x00', '0', '0', '2021-03-02 16:20:21')
2021-03-02  16:20:21 Tue root INFO 成功添加数据
2021-03-02  16:20:21 Tue root INFO mes_plc_r4
2021-03-02  16:20:21 Tue root INFO 读取插入数据库数据：{'product_type': '\n\x07250 PCB\x00', 'r1_equipment_status': '6803', 'fail_code': '0', 'recerve': '0', 'prod_num': 31, 'r1_rob_no': '4', 'r1_weld_line_no': '0', 'r1_electric': '182.59548950195312', 'r1_voltage': '-16.10243034362793', 'r1_speed': '0.0', 'r1_job': '0', 'r2_rob_no': '104', 'r2_weld_line_no': '0', 'r2_electric': '0.0', 'r2_voltage': '0.0', 'r2_speed': '0.0', 'r2_job': '0', 'replace_status': '0', 'part_status': '0', 'r1_protective_gas': '2493', 'r1_welding_wire': '0', 'r2_protective_gas': '0', 'r2_welding_wire': '0', 'login_id': '\n\x00\x00\x00\x00\x00\x00\x00\x00\x00', 'login_password': '\n\x00\x00\x00\x00\x00\x00\x00\x00\x00'}
2021-03-02  16:20:21 Tue root INFO ('\n\x07250 PCB\x00', '6803', '0', 31, '4', '0', '182.59548950195312', '-16.10243034362793', '0.0', '0', '104', '0', '0.0', '0.0', '0.0', '0', '0', '2493', '0', '0', '0', '\n\x00\x00\x00\x00\x00\x00\x00\x00\x00', '\n\x00\x00\x00\x00\x00\x00\x00\x00\x00', '0', '0', '2021-03-02 16:20:21')
2021-03-02  16:20:21 Tue root INFO 成功添加数据
2021-03-02  16:20:21 Tue root INFO mes_plc_r5
2021-03-02  16:20:22 Tue root INFO 读取插入数据库数据：{'product_type': '\n\x00\x00\x00\x00\x00\x00\x00\x00\x00', 'r1_equipment_status': '6162', 'fail_code': '0', 'recerve': '0', 'prod_num': 0, 'r1_rob_no': '0', 'r1_weld_line_no': '0', 'r1_electric': '179.83216857910156', 'r1_voltage': '13.436776161193848', 'r1_speed': '0.0', 'r1_job': '0', 'r2_rob_no': '0', 'r2_weld_line_no': '0', 'r2_electric': '179.2679443359375', 'r2_voltage': '13.418692588806152', 'r2_speed': '0.0', 'r2_job': '0', 'replace_status': '0', 'part_status': '0', 'r1_protective_gas': '0', 'r1_welding_wire': '0', 'r2_protective_gas': '0', 'r2_welding_wire': '0', 'login_id': '\n\x00\x00\x00\x00\x00\x00\x00\x00\x00', 'login_password': '\n\x00\x00\x00\x00\x00\x00\x00\x00\x00'}
2021-03-02  16:20:22 Tue root INFO ('\n\x00\x00\x00\x00\x00\x00\x00\x00\x00', '6162', '0', 0, '0', '0', '179.83216857910156', '13.436776161193848', '0.0', '0', '0', '0', '179.2679443359375', '13.418692588806152', '0.0', '0', '0', '0', '0', '0', '0', '\n\x00\x00\x00\x00\x00\x00\x00\x00\x00', '\n\x00\x00\x00\x00\x00\x00\x00\x00\x00', '0', '0', '2021-03-02 16:20:22')
2021-03-02  16:20:22 Tue root INFO 成功添加数据
2021-03-02  16:20:22 Tue root INFO mes_plc_r6
2021-03-02  16:20:22 Tue root INFO 读取插入数据库数据：{'product_type': '\n\x00\x00\x00\x00\x00\x00\x00\x00\x00', 'r1_equipment_status': '0', 'fail_code': '0', 'recerve': '10', 'prod_num': 19, 'r1_rob_no': '0', 'r1_weld_line_no': '0', 'r1_electric': '0.0', 'r1_voltage': '0.0', 'r1_speed': '0.0', 'r1_job': '0', 'r2_rob_no': '0', 'r2_weld_line_no': '0', 'r2_electric': '0.0', 'r2_voltage': '0.0', 'r2_speed': '0.0', 'r2_job': '0', 'replace_status': '0', 'part_status': '0', 'r1_protective_gas': '0', 'r1_welding_wire': '0', 'r2_protective_gas': '0', 'r2_welding_wire': '0', 'login_id': '\n\x00\x00\x00\x00\x00\x00\x00\x00\x00', 'login_password': '\n\x00\x00\x00\x00\x00\x00\x00\x00\x00'}
2021-03-02  16:20:22 Tue root INFO ('\n\x00\x00\x00\x00\x00\x00\x00\x00\x00', '0', '0', 19, '0', '0', '0.0', '0.0', '0.0', '0', '0', '0', '0.0', '0.0', '0.0', '0', '0', '0', '0', '0', '0', '\n\x00\x00\x00\x00\x00\x00\x00\x00\x00', '\n\x00\x00\x00\x00\x00\x00\x00\x00\x00', '0', '10', '2021-03-02 16:20:22')
2021-03-02  16:20:22 Tue root INFO 成功添加数据
2021-03-02  16:21:22 Tue root INFO plc连接状态:[1, 1, 1, 1, 1, 1]
2021-03-02  16:21:22 Tue root INFO mes_plc
2021-03-02  16:21:22 Tue root INFO 读取插入数据库数据：{'product_type': '\n\x07250 YDG\x00', 'r1_equipment_status': '7315', 'fail_code': '0', 'recerve': '0', 'prod_num': 44, 'r1_rob_no': '4', 'r1_weld_line_no': '0', 'r1_electric': '182.21932983398438', 'r1_voltage': '13.295717239379883', 'r1_speed': '0.0', 'r1_job': '0', 'r2_rob_no': '104', 'r2_weld_line_no': '0', 'r2_electric': '0.0', 'r2_voltage': '0.0', 'r2_speed': '0.0', 'r2_job': '0', 'replace_status': '0', 'part_status': '0', 'r1_protective_gas': '0', 'r1_welding_wire': '0', 'r2_protective_gas': '0', 'r2_welding_wire': '0', 'login_id': '\n\x00\x00\x00\x00\x00\x00\x00\x00\x00', 'login_password': '\n\x00\x00\x00\x00\x00\x00\x00\x00\x00'}
2021-03-02  16:21:22 Tue root INFO ('\n\x07250 YDG\x00', '7315', '0', 44, '4', '0', '182.21932983398438', '13.295717239379883', '0.0', '0', '104', '0', '0.0', '0.0', '0.0', '0', '0', '0', '0', '0', '0', '\n\x00\x00\x00\x00\x00\x00\x00\x00\x00', '\n\x00\x00\x00\x00\x00\x00\x00\x00\x00', '0', '0', '2021-03-02 16:21:22')
2021-03-02  16:21:22 Tue root INFO 成功添加数据
2021-03-02  16:21:22 Tue root INFO mes_plc_r2
2021-03-02  16:21:23 Tue root INFO 读取插入数据库数据：{'product_type': '\n\x07250 TJ1\x00', 'r1_equipment_status': '5267', 'fail_code': '48', 'recerve': '0', 'prod_num': 242, 'r1_rob_no': '4', 'r1_weld_line_no': '0', 'r1_electric': '181.640625', 'r1_voltage': '13.12210750579834', 'r1_speed': '0.0', 'r1_job': '0', 'r2_rob_no': '104', 'r2_weld_line_no': '0', 'r2_electric': '0.0', 'r2_voltage': '0.0', 'r2_speed': '0.0', 'r2_job': '0', 'replace_status': '0', 'part_status': '0', 'r1_protective_gas': '610', 'r1_welding_wire': '0', 'r2_protective_gas': '0', 'r2_welding_wire': '0', 'login_id': '\n\x00\x00\x00\x00\x00\x00\x00\x00\x00', 'login_password': '\n\x00\x00\x00\x00\x00\x00\x00\x00\x00'}
2021-03-02  16:21:23 Tue root INFO ('\n\x07250 TJ1\x00', '5267', '48', 242, '4', '0', '181.640625', '13.12210750579834', '0.0', '0', '104', '0', '0.0', '0.0', '0.0', '0', '0', '610', '0', '0', '0', '\n\x00\x00\x00\x00\x00\x00\x00\x00\x00', '\n\x00\x00\x00\x00\x00\x00\x00\x00\x00', '0', '0', '2021-03-02 16:21:23')
2021-03-02  16:21:23 Tue root INFO 成功添加数据
2021-03-02  16:21:23 Tue root INFO mes_plc_r3
2021-03-02  16:21:23 Tue root INFO 读取插入数据库数据：{'product_type': '\n\x07250 TJ3\x00', 'r1_equipment_status': '7315', 'fail_code': '48', 'recerve': '0', 'prod_num': 247, 'r1_rob_no': '4', 'r1_weld_line_no': '0', 'r1_electric': '184.25926208496094', 'r1_voltage': '13.820168495178223', 'r1_speed': '0.0', 'r1_job': '0', 'r2_rob_no': '104', 'r2_weld_line_no': '0', 'r2_electric': '0.0', 'r2_voltage': '0.0', 'r2_speed': '0.0', 'r2_job': '0', 'replace_status': '0', 'part_status': '0', 'r1_protective_gas': '572', 'r1_welding_wire': '0', 'r2_protective_gas': '0', 'r2_welding_wire': '0', 'login_id': '\n\x00\x00\x00\x00\x00\x00\x00\x00\x00', 'login_password': '\n\x00\x00\x00\x00\x00\x00\x00\x00\x00'}
2021-03-02  16:21:23 Tue root INFO ('\n\x07250 TJ3\x00', '7315', '48', 247, '4', '0', '184.25926208496094', '13.820168495178223', '0.0', '0', '104', '0', '0.0', '0.0', '0.0', '0', '0', '572', '0', '0', '0', '\n\x00\x00\x00\x00\x00\x00\x00\x00\x00', '\n\x00\x00\x00\x00\x00\x00\x00\x00\x00', '0', '0', '2021-03-02 16:21:23')
2021-03-02  16:21:23 Tue root INFO 成功添加数据
2021-03-02  16:21:23 Tue root INFO mes_plc_r4
2021-03-02  16:21:23 Tue root INFO 读取插入数据库数据：{'product_type': '\n\x07250 PCB\x00', 'r1_equipment_status': '7233', 'fail_code': '0', 'recerve': '0', 'prod_num': 31, 'r1_rob_no': '4', 'r1_weld_line_no': '0', 'r1_electric': '182.7690887451172', 'r1_voltage': '13.19444465637207', 'r1_speed': '0.0', 'r1_job': '0', 'r2_rob_no': '104', 'r2_weld_line_no': '0', 'r2_electric': '0.0', 'r2_voltage': '0.0', 'r2_speed': '0.0', 'r2_job': '0', 'replace_status': '0', 'part_status': '0', 'r1_protective_gas': '2511', 'r1_welding_wire': '0', 'r2_protective_gas': '0', 'r2_welding_wire': '0', 'login_id': '\n\x00\x00\x00\x00\x00\x00\x00\x00\x00', 'login_password': '\n\x00\x00\x00\x00\x00\x00\x00\x00\x00'}
2021-03-02  16:21:23 Tue root INFO ('\n\x07250 PCB\x00', '7233', '0', 31, '4', '0', '182.7690887451172', '13.19444465637207', '0.0', '0', '104', '0', '0.0', '0.0', '0.0', '0', '0', '2511', '0', '0', '0', '\n\x00\x00\x00\x00\x00\x00\x00\x00\x00', '\n\x00\x00\x00\x00\x00\x00\x00\x00\x00', '0', '0', '2021-03-02 16:21:23')
2021-03-02  16:21:23 Tue root INFO 成功添加数据
2021-03-02  16:21:23 Tue root INFO mes_plc_r5
2021-03-02  16:21:24 Tue root INFO 读取插入数据库数据：{'product_type': '\n\x00\x00\x00\x00\x00\x00\x00\x00\x00', 'r1_equipment_status': '6162', 'fail_code': '0', 'recerve': '0', 'prod_num': 0, 'r1_rob_no': '0', 'r1_weld_line_no': '0', 'r1_electric': '179.84664916992188', 'r1_voltage': '13.480178833007812', 'r1_speed': '0.0', 'r1_job': '0', 'r2_rob_no': '0', 'r2_weld_line_no': '0', 'r2_electric': '179.21006774902344', 'r2_voltage': '13.407841682434082', 'r2_speed': '0.0', 'r2_job': '0', 'replace_status': '0', 'part_status': '0', 'r1_protective_gas': '0', 'r1_welding_wire': '0', 'r2_protective_gas': '0', 'r2_welding_wire': '0', 'login_id': '\n\x00\x00\x00\x00\x00\x00\x00\x00\x00', 'login_password': '\n\x00\x00\x00\x00\x00\x00\x00\x00\x00'}
2021-03-02  16:21:24 Tue root INFO ('\n\x00\x00\x00\x00\x00\x00\x00\x00\x00', '6162', '0', 0, '0', '0', '179.84664916992188', '13.480178833007812', '0.0', '0', '0', '0', '179.21006774902344', '13.407841682434082', '0.0', '0', '0', '0', '0', '0', '0', '\n\x00\x00\x00\x00\x00\x00\x00\x00\x00', '\n\x00\x00\x00\x00\x00\x00\x00\x00\x00', '0', '0', '2021-03-02 16:21:24')
2021-03-02  16:21:24 Tue root INFO 成功添加数据
2021-03-02  16:21:24 Tue root INFO mes_plc_r6
2021-03-02  16:21:24 Tue root INFO 读取插入数据库数据：{'product_type': '\n\x00\x00\x00\x00\x00\x00\x00\x00\x00', 'r1_equipment_status': '0', 'fail_code': '0', 'recerve': '10', 'prod_num': 19, 'r1_rob_no': '0', 'r1_weld_line_no': '0', 'r1_electric': '0.0', 'r1_voltage': '0.0', 'r1_speed': '0.0', 'r1_job': '0', 'r2_rob_no': '0', 'r2_weld_line_no': '0', 'r2_electric': '0.0', 'r2_voltage': '0.0', 'r2_speed': '0.0', 'r2_job': '0', 'replace_status': '0', 'part_status': '0', 'r1_protective_gas': '0', 'r1_welding_wire': '0', 'r2_protective_gas': '0', 'r2_welding_wire': '0', 'login_id': '\n\x00\x00\x00\x00\x00\x00\x00\x00\x00', 'login_password': '\n\x00\x00\x00\x00\x00\x00\x00\x00\x00'}
2021-03-02  16:21:24 Tue root INFO ('\n\x00\x00\x00\x00\x00\x00\x00\x00\x00', '0', '0', 19, '0', '0', '0.0', '0.0', '0.0', '0', '0', '0', '0.0', '0.0', '0.0', '0', '0', '0', '0', '0', '0', '\n\x00\x00\x00\x00\x00\x00\x00\x00\x00', '\n\x00\x00\x00\x00\x00\x00\x00\x00\x00', '0', '10', '2021-03-02 16:21:24')
2021-03-02  16:21:24 Tue root INFO 成功添加数据
2021-03-02  16:22:24 Tue root INFO plc连接状态:[1, 1, 1, 1, 1, 1]
2021-03-02  16:22:24 Tue root INFO mes_plc
2021-03-02  16:22:24 Tue root INFO 读取插入数据库数据：{'product_type': '\n\x07250 YDG\x00', 'r1_equipment_status': '7315', 'fail_code': '0', 'recerve': '0', 'prod_num': 44, 'r1_rob_no': '4', 'r1_weld_line_no': '0', 'r1_electric': '182.16146850585938', 'r1_voltage': '13.29210090637207', 'r1_speed': '0.0', 'r1_job': '0', 'r2_rob_no': '104', 'r2_weld_line_no': '0', 'r2_electric': '0.0', 'r2_voltage': '0.0', 'r2_speed': '0.0', 'r2_job': '0', 'replace_status': '0', 'part_status': '0', 'r1_protective_gas': '0', 'r1_welding_wire': '0', 'r2_protective_gas': '0', 'r2_welding_wire': '0', 'login_id': '\n\x00\x00\x00\x00\x00\x00\x00\x00\x00', 'login_password': '\n\x00\x00\x00\x00\x00\x00\x00\x00\x00'}
2021-03-02  16:22:24 Tue root INFO ('\n\x07250 YDG\x00', '7315', '0', 44, '4', '0', '182.16146850585938', '13.29210090637207', '0.0', '0', '104', '0', '0.0', '0.0', '0.0', '0', '0', '0', '0', '0', '0', '\n\x00\x00\x00\x00\x00\x00\x00\x00\x00', '\n\x00\x00\x00\x00\x00\x00\x00\x00\x00', '0', '0', '2021-03-02 16:22:24')
2021-03-02  16:22:25 Tue root INFO 成功添加数据
2021-03-02  16:22:25 Tue root INFO mes_plc_r2
2021-03-02  16:22:25 Tue root INFO 读取插入数据库数据：{'product_type': '\n\x07250 TJ1\x00', 'r1_equipment_status': '5267', 'fail_code': '48', 'recerve': '0', 'prod_num': 242, 'r1_rob_no': '4', 'r1_weld_line_no': '0', 'r1_electric': '181.6695556640625', 'r1_voltage': '13.132956504821777', 'r1_speed': '0.0', 'r1_job': '0', 'r2_rob_no': '104', 'r2_weld_line_no': '0', 'r2_electric': '0.0', 'r2_voltage': '0.0', 'r2_speed': '0.0', 'r2_job': '0', 'replace_status': '0', 'part_status': '0', 'r1_protective_gas': '610', 'r1_welding_wire': '0', 'r2_protective_gas': '0', 'r2_welding_wire': '0', 'login_id': '\n\x00\x00\x00\x00\x00\x00\x00\x00\x00', 'login_password': '\n\x00\x00\x00\x00\x00\x00\x00\x00\x00'}
2021-03-02  16:22:25 Tue root INFO ('\n\x07250 TJ1\x00', '5267', '48', 242, '4', '0', '181.6695556640625', '13.132956504821777', '0.0', '0', '104', '0', '0.0', '0.0', '0.0', '0', '0', '610', '0', '0', '0', '\n\x00\x00\x00\x00\x00\x00\x00\x00\x00', '\n\x00\x00\x00\x00\x00\x00\x00\x00\x00', '0', '0', '2021-03-02 16:22:25')
2021-03-02  16:22:25 Tue root INFO 成功添加数据
2021-03-02  16:22:25 Tue root INFO mes_plc_r3
2021-03-02  16:22:25 Tue root INFO 读取插入数据库数据：{'product_type': '\n\x07250 TJ3\x00', 'r1_equipment_status': '7315', 'fail_code': '48', 'recerve': '0', 'prod_num': 247, 'r1_rob_no': '4', 'r1_weld_line_no': '0', 'r1_electric': '184.31712341308594', 'r1_voltage': '13.823784828186035', 'r1_speed': '0.0', 'r1_job': '0', 'r2_rob_no': '104', 'r2_weld_line_no': '0', 'r2_electric': '0.0', 'r2_voltage': '0.0', 'r2_speed': '0.0', 'r2_job': '0', 'replace_status': '0', 'part_status': '0', 'r1_protective_gas': '572', 'r1_welding_wire': '0', 'r2_protective_gas': '0', 'r2_welding_wire': '0', 'login_id': '\n\x00\x00\x00\x00\x00\x00\x00\x00\x00', 'login_password': '\n\x00\x00\x00\x00\x00\x00\x00\x00\x00'}
2021-03-02  16:22:25 Tue root INFO ('\n\x07250 TJ3\x00', '7315', '48', 247, '4', '0', '184.31712341308594', '13.823784828186035', '0.0', '0', '104', '0', '0.0', '0.0', '0.0', '0', '0', '572', '0', '0', '0', '\n\x00\x00\x00\x00\x00\x00\x00\x00\x00', '\n\x00\x00\x00\x00\x00\x00\x00\x00\x00', '0', '0', '2021-03-02 16:22:25')
2021-03-02  16:22:25 Tue root INFO 成功添加数据
2021-03-02  16:22:25 Tue root INFO mes_plc_r4
2021-03-02  16:22:25 Tue root INFO 读取插入数据库数据：{'product_type': '\n\x07250 PCB\x00', 'r1_equipment_status': '7233', 'fail_code': '0', 'recerve': '0', 'prod_num': 31, 'r1_rob_no': '4', 'r1_weld_line_no': '0', 'r1_electric': '182.69676208496094', 'r1_voltage': '-14.395255088806152', 'r1_speed': '0.0', 'r1_job': '0', 'r2_rob_no': '104', 'r2_weld_line_no': '0', 'r2_electric': '0.0', 'r2_voltage': '0.0', 'r2_speed': '0.0', 'r2_job': '0', 'replace_status': '0', 'part_status': '0', 'r1_protective_gas': '2537', 'r1_welding_wire': '0', 'r2_protective_gas': '0', 'r2_welding_wire': '0', 'login_id': '\n\x00\x00\x00\x00\x00\x00\x00\x00\x00', 'login_password': '\n\x00\x00\x00\x00\x00\x00\x00\x00\x00'}
2021-03-02  16:22:25 Tue root INFO ('\n\x07250 PCB\x00', '7233', '0', 31, '4', '0', '182.69676208496094', '-14.395255088806152', '0.0', '0', '104', '0', '0.0', '0.0', '0.0', '0', '0', '2537', '0', '0', '0', '\n\x00\x00\x00\x00\x00\x00\x00\x00\x00', '\n\x00\x00\x00\x00\x00\x00\x00\x00\x00', '0', '0', '2021-03-02 16:22:25')
2021-03-02  16:22:25 Tue root INFO 成功添加数据
2021-03-02  16:22:25 Tue root INFO mes_plc_r5
2021-03-02  16:22:26 Tue root INFO 读取插入数据库数据：{'product_type': '\n\x00\x00\x00\x00\x00\x00\x00\x00\x00', 'r1_equipment_status': '6162', 'fail_code': '0', 'recerve': '0', 'prod_num': 0, 'r1_rob_no': '0', 'r1_weld_line_no': '0', 'r1_electric': '179.87557983398438', 'r1_voltage': '13.447627067565918', 'r1_speed': '0.0', 'r1_job': '0', 'r2_rob_no': '0', 'r2_weld_line_no': '0', 'r2_electric': '179.2534637451172', 'r2_voltage': '13.404224395751953', 'r2_speed': '0.0', 'r2_job': '0', 'replace_status': '0', 'part_status': '0', 'r1_protective_gas': '0', 'r1_welding_wire': '0', 'r2_protective_gas': '0', 'r2_welding_wire': '0', 'login_id': '\n\x00\x00\x00\x00\x00\x00\x00\x00\x00', 'login_password': '\n\x00\x00\x00\x00\x00\x00\x00\x00\x00'}
2021-03-02  16:22:26 Tue root INFO ('\n\x00\x00\x00\x00\x00\x00\x00\x00\x00', '6162', '0', 0, '0', '0', '179.87557983398438', '13.447627067565918', '0.0', '0', '0', '0', '179.2534637451172', '13.404224395751953', '0.0', '0', '0', '0', '0', '0', '0', '\n\x00\x00\x00\x00\x00\x00\x00\x00\x00', '\n\x00\x00\x00\x00\x00\x00\x00\x00\x00', '0', '0', '2021-03-02 16:22:26')
2021-03-02  16:22:26 Tue root INFO 成功添加数据
2021-03-02  16:22:26 Tue root INFO mes_plc_r6
2021-03-02  16:22:26 Tue root INFO 读取插入数据库数据：{'product_type': '\n\x00\x00\x00\x00\x00\x00\x00\x00\x00', 'r1_equipment_status': '0', 'fail_code': '0', 'recerve': '10', 'prod_num': 19, 'r1_rob_no': '0', 'r1_weld_line_no': '0', 'r1_electric': '0.0', 'r1_voltage': '0.0', 'r1_speed': '0.0', 'r1_job': '0', 'r2_rob_no': '0', 'r2_weld_line_no': '0', 'r2_electric': '0.0', 'r2_voltage': '0.0', 'r2_speed': '0.0', 'r2_job': '0', 'replace_status': '0', 'part_status': '0', 'r1_protective_gas': '0', 'r1_welding_wire': '0', 'r2_protective_gas': '0', 'r2_welding_wire': '0', 'login_id': '\n\x00\x00\x00\x00\x00\x00\x00\x00\x00', 'login_password': '\n\x00\x00\x00\x00\x00\x00\x00\x00\x00'}
2021-03-02  16:22:26 Tue root INFO ('\n\x00\x00\x00\x00\x00\x00\x00\x00\x00', '0', '0', 19, '0', '0', '0.0', '0.0', '0.0', '0', '0', '0', '0.0', '0.0', '0.0', '0', '0', '0', '0', '0', '0', '\n\x00\x00\x00\x00\x00\x00\x00\x00\x00', '\n\x00\x00\x00\x00\x00\x00\x00\x00\x00', '0', '10', '2021-03-02 16:22:26')
2021-03-02  16:22:26 Tue root INFO 成功添加数据
2021-03-02  16:23:26 Tue root INFO plc连接状态:[1, 1, 1, 1, 1, 1]
2021-03-02  16:23:26 Tue root INFO mes_plc
2021-03-02  16:23:27 Tue root INFO 读取插入数据库数据：{'product_type': '\n\x07250 YDG\x00', 'r1_equipment_status': '7315', 'fail_code': '0', 'recerve': '0', 'prod_num': 44, 'r1_rob_no': '4', 'r1_weld_line_no': '0', 'r1_electric': '182.14698791503906', 'r1_voltage': '13.284866333007812', 'r1_speed': '0.0', 'r1_job': '0', 'r2_rob_no': '104', 'r2_weld_line_no': '0', 'r2_electric': '0.0', 'r2_voltage': '0.0', 'r2_speed': '0.0', 'r2_job': '0', 'replace_status': '0', 'part_status': '0', 'r1_protective_gas': '0', 'r1_welding_wire': '0', 'r2_protective_gas': '0', 'r2_welding_wire': '0', 'login_id': '\n\x00\x00\x00\x00\x00\x00\x00\x00\x00', 'login_password': '\n\x00\x00\x00\x00\x00\x00\x00\x00\x00'}
2021-03-02  16:23:27 Tue root INFO ('\n\x07250 YDG\x00', '7315', '0', 44, '4', '0', '182.14698791503906', '13.284866333007812', '0.0', '0', '104', '0', '0.0', '0.0', '0.0', '0', '0', '0', '0', '0', '0', '\n\x00\x00\x00\x00\x00\x00\x00\x00\x00', '\n\x00\x00\x00\x00\x00\x00\x00\x00\x00', '0', '0', '2021-03-02 16:23:27')
2021-03-02  16:23:27 Tue root INFO 成功添加数据
2021-03-02  16:23:27 Tue root INFO mes_plc_r2
2021-03-02  16:23:27 Tue root INFO 读取插入数据库数据：{'product_type': '\n\x07250 TJ1\x00', 'r1_equipment_status': '5267', 'fail_code': '48', 'recerve': '0', 'prod_num': 242, 'r1_rob_no': '4', 'r1_weld_line_no': '0', 'r1_electric': '181.65509033203125', 'r1_voltage': '13.129340171813965', 'r1_speed': '0.0', 'r1_job': '0', 'r2_rob_no': '104', 'r2_weld_line_no': '0', 'r2_electric': '0.0', 'r2_voltage': '0.0', 'r2_speed': '0.0', 'r2_job': '0', 'replace_status': '0', 'part_status': '0', 'r1_protective_gas': '610', 'r1_welding_wire': '0', 'r2_protective_gas': '0', 'r2_welding_wire': '0', 'login_id': '\n\x00\x00\x00\x00\x00\x00\x00\x00\x00', 'login_password': '\n\x00\x00\x00\x00\x00\x00\x00\x00\x00'}
2021-03-02  16:23:27 Tue root INFO ('\n\x07250 TJ1\x00', '5267', '48', 242, '4', '0', '181.65509033203125', '13.129340171813965', '0.0', '0', '104', '0', '0.0', '0.0', '0.0', '0', '0', '610', '0', '0', '0', '\n\x00\x00\x00\x00\x00\x00\x00\x00\x00', '\n\x00\x00\x00\x00\x00\x00\x00\x00\x00', '0', '0', '2021-03-02 16:23:27')
2021-03-02  16:23:27 Tue root INFO 成功添加数据
2021-03-02  16:23:27 Tue root INFO mes_plc_r3
2021-03-02  16:23:27 Tue root INFO 读取插入数据库数据：{'product_type': '\n\x07250 TJ3\x00', 'r1_equipment_status': '7315', 'fail_code': '48', 'recerve': '0', 'prod_num': 247, 'r1_rob_no': '4', 'r1_weld_line_no': '0', 'r1_electric': '184.28819274902344', 'r1_voltage': '13.816550254821777', 'r1_speed': '0.0', 'r1_job': '0', 'r2_rob_no': '104', 'r2_weld_line_no': '0', 'r2_electric': '0.0', 'r2_voltage': '0.0', 'r2_speed': '0.0', 'r2_job': '0', 'replace_status': '0', 'part_status': '0', 'r1_protective_gas': '572', 'r1_welding_wire': '0', 'r2_protective_gas': '0', 'r2_welding_wire': '0', 'login_id': '\n\x00\x00\x00\x00\x00\x00\x00\x00\x00', 'login_password': '\n\x00\x00\x00\x00\x00\x00\x00\x00\x00'}
2021-03-02  16:23:27 Tue root INFO ('\n\x07250 TJ3\x00', '7315', '48', 247, '4', '0', '184.28819274902344', '13.816550254821777', '0.0', '0', '104', '0', '0.0', '0.0', '0.0', '0', '0', '572', '0', '0', '0', '\n\x00\x00\x00\x00\x00\x00\x00\x00\x00', '\n\x00\x00\x00\x00\x00\x00\x00\x00\x00', '0', '0', '2021-03-02 16:23:27')
2021-03-02  16:23:27 Tue root INFO 成功添加数据
2021-03-02  16:23:27 Tue root INFO mes_plc_r4
2021-03-02  16:23:27 Tue root INFO 读取插入数据库数据：{'product_type': '\n\x07250 PCB\x00', 'r1_equipment_status': '7315', 'fail_code': '0', 'recerve': '0', 'prod_num': 31, 'r1_rob_no': '4', 'r1_weld_line_no': '0', 'r1_electric': '182.69676208496094', 'r1_voltage': '13.17274284362793', 'r1_speed': '0.0', 'r1_job': '0', 'r2_rob_no': '104', 'r2_weld_line_no': '0', 'r2_electric': '0.0', 'r2_voltage': '0.0', 'r2_speed': '0.0', 'r2_job': '0', 'replace_status': '0', 'part_status': '0', 'r1_protective_gas': '2547', 'r1_welding_wire': '0', 'r2_protective_gas': '0', 'r2_welding_wire': '0', 'login_id': '\n\x00\x00\x00\x00\x00\x00\x00\x00\x00', 'login_password': '\n\x00\x00\x00\x00\x00\x00\x00\x00\x00'}
2021-03-02  16:23:27 Tue root INFO ('\n\x07250 PCB\x00', '7315', '0', 31, '4', '0', '182.69676208496094', '13.17274284362793', '0.0', '0', '104', '0', '0.0', '0.0', '0.0', '0', '0', '2547', '0', '0', '0', '\n\x00\x00\x00\x00\x00\x00\x00\x00\x00', '\n\x00\x00\x00\x00\x00\x00\x00\x00\x00', '0', '0', '2021-03-02 16:23:27')
2021-03-02  16:23:28 Tue root INFO 成功添加数据
2021-03-02  16:23:28 Tue root INFO mes_plc_r5
2021-03-02  16:23:28 Tue root INFO 读取插入数据库数据：{'product_type': '\n\x00\x00\x00\x00\x00\x00\x00\x00\x00', 'r1_equipment_status': '6162', 'fail_code': '0', 'recerve': '0', 'prod_num': 0, 'r1_rob_no': '0', 'r1_weld_line_no': '0', 'r1_electric': '179.83216857910156', 'r1_voltage': '13.458478927612305', 'r1_speed': '0.0', 'r1_job': '0', 'r2_rob_no': '0', 'r2_weld_line_no': '0', 'r2_electric': '179.2245330810547', 'r2_voltage': '13.407841682434082', 'r2_speed': '0.0', 'r2_job': '0', 'replace_status': '0', 'part_status': '0', 'r1_protective_gas': '0', 'r1_welding_wire': '0', 'r2_protective_gas': '0', 'r2_welding_wire': '0', 'login_id': '\n\x00\x00\x00\x00\x00\x00\x00\x00\x00', 'login_password': '\n\x00\x00\x00\x00\x00\x00\x00\x00\x00'}
2021-03-02  16:23:28 Tue root INFO ('\n\x00\x00\x00\x00\x00\x00\x00\x00\x00', '6162', '0', 0, '0', '0', '179.83216857910156', '13.458478927612305', '0.0', '0', '0', '0', '179.2245330810547', '13.407841682434082', '0.0', '0', '0', '0', '0', '0', '0', '\n\x00\x00\x00\x00\x00\x00\x00\x00\x00', '\n\x00\x00\x00\x00\x00\x00\x00\x00\x00', '0', '0', '2021-03-02 16:23:28')
2021-03-02  16:23:28 Tue root INFO 成功添加数据
2021-03-02  16:23:28 Tue root INFO mes_plc_r6
2021-03-02  16:23:28 Tue root INFO 读取插入数据库数据：{'product_type': '\n\x00\x00\x00\x00\x00\x00\x00\x00\x00', 'r1_equipment_status': '0', 'fail_code': '0', 'recerve': '10', 'prod_num': 19, 'r1_rob_no': '0', 'r1_weld_line_no': '0', 'r1_electric': '0.0', 'r1_voltage': '0.0', 'r1_speed': '0.0', 'r1_job': '0', 'r2_rob_no': '0', 'r2_weld_line_no': '0', 'r2_electric': '0.0', 'r2_voltage': '0.0', 'r2_speed': '0.0', 'r2_job': '0', 'replace_status': '0', 'part_status': '0', 'r1_protective_gas': '0', 'r1_welding_wire': '0', 'r2_protective_gas': '0', 'r2_welding_wire': '0', 'login_id': '\n\x00\x00\x00\x00\x00\x00\x00\x00\x00', 'login_password': '\n\x00\x00\x00\x00\x00\x00\x00\x00\x00'}
2021-03-02  16:23:28 Tue root INFO ('\n\x00\x00\x00\x00\x00\x00\x00\x00\x00', '0', '0', 19, '0', '0', '0.0', '0.0', '0.0', '0', '0', '0', '0.0', '0.0', '0.0', '0', '0', '0', '0', '0', '0', '\n\x00\x00\x00\x00\x00\x00\x00\x00\x00', '\n\x00\x00\x00\x00\x00\x00\x00\x00\x00', '0', '10', '2021-03-02 16:23:28')
2021-03-02  16:23:28 Tue root INFO 成功添加数据
2021-03-02  16:24:28 Tue root INFO plc连接状态:[1, 1, 1, 1, 1, 1]
2021-03-02  16:24:28 Tue root INFO mes_plc
2021-03-02  16:24:29 Tue root INFO 读取插入数据库数据：{'product_type': '\n\x07250 YDG\x00', 'r1_equipment_status': '7315', 'fail_code': '0', 'recerve': '0', 'prod_num': 44, 'r1_rob_no': '4', 'r1_weld_line_no': '0', 'r1_electric': '182.16146850585938', 'r1_voltage': '13.284866333007812', 'r1_speed': '0.0', 'r1_job': '0', 'r2_rob_no': '104', 'r2_weld_line_no': '0', 'r2_electric': '0.0', 'r2_voltage': '0.0', 'r2_speed': '0.0', 'r2_job': '0', 'replace_status': '0', 'part_status': '0', 'r1_protective_gas': '0', 'r1_welding_wire': '0', 'r2_protective_gas': '0', 'r2_welding_wire': '0', 'login_id': '\n\x00\x00\x00\x00\x00\x00\x00\x00\x00', 'login_password': '\n\x00\x00\x00\x00\x00\x00\x00\x00\x00'}
2021-03-02  16:24:29 Tue root INFO ('\n\x07250 YDG\x00', '7315', '0', 44, '4', '0', '182.16146850585938', '13.284866333007812', '0.0', '0', '104', '0', '0.0', '0.0', '0.0', '0', '0', '0', '0', '0', '0', '\n\x00\x00\x00\x00\x00\x00\x00\x00\x00', '\n\x00\x00\x00\x00\x00\x00\x00\x00\x00', '0', '0', '2021-03-02 16:24:29')
2021-03-02  16:24:30 Tue root INFO 成功添加数据
2021-03-02  16:24:30 Tue root INFO mes_plc_r2
2021-03-02  16:24:30 Tue root INFO 读取插入数据库数据：{'product_type': '\n\x07250 TJ1\x00', 'r1_equipment_status': '5267', 'fail_code': '48', 'recerve': '0', 'prod_num': 242, 'r1_rob_no': '4', 'r1_weld_line_no': '0', 'r1_electric': '181.65509033203125', 'r1_voltage': '13.12210750579834', 'r1_speed': '0.0', 'r1_job': '0', 'r2_rob_no': '104', 'r2_weld_line_no': '0', 'r2_electric': '0.0', 'r2_voltage': '0.0', 'r2_speed': '0.0', 'r2_job': '0', 'replace_status': '0', 'part_status': '0', 'r1_protective_gas': '610', 'r1_welding_wire': '0', 'r2_protective_gas': '0', 'r2_welding_wire': '0', 'login_id': '\n\x00\x00\x00\x00\x00\x00\x00\x00\x00', 'login_password': '\n\x00\x00\x00\x00\x00\x00\x00\x00\x00'}
2021-03-02  16:24:30 Tue root INFO ('\n\x07250 TJ1\x00', '5267', '48', 242, '4', '0', '181.65509033203125', '13.12210750579834', '0.0', '0', '104', '0', '0.0', '0.0', '0.0', '0', '0', '610', '0', '0', '0', '\n\x00\x00\x00\x00\x00\x00\x00\x00\x00', '\n\x00\x00\x00\x00\x00\x00\x00\x00\x00', '0', '0', '2021-03-02 16:24:30')
2021-03-02  16:24:30 Tue root INFO 成功添加数据
2021-03-02  16:24:30 Tue root INFO mes_plc_r3
2021-03-02  16:24:30 Tue root INFO 读取插入数据库数据：{'product_type': '\n\x07250 TJ3\x00', 'r1_equipment_status': '7315', 'fail_code': '48', 'recerve': '0', 'prod_num': 247, 'r1_rob_no': '4', 'r1_weld_line_no': '0', 'r1_electric': '184.31712341308594', 'r1_voltage': '13.816550254821777', 'r1_speed': '0.0', 'r1_job': '0', 'r2_rob_no': '104', 'r2_weld_line_no': '0', 'r2_electric': '0.0', 'r2_voltage': '0.0', 'r2_speed': '0.0', 'r2_job': '0', 'replace_status': '0', 'part_status': '0', 'r1_protective_gas': '572', 'r1_welding_wire': '0', 'r2_protective_gas': '0', 'r2_welding_wire': '0', 'login_id': '\n\x00\x00\x00\x00\x00\x00\x00\x00\x00', 'login_password': '\n\x00\x00\x00\x00\x00\x00\x00\x00\x00'}
2021-03-02  16:24:30 Tue root INFO ('\n\x07250 TJ3\x00', '7315', '48', 247, '4', '0', '184.31712341308594', '13.816550254821777', '0.0', '0', '104', '0', '0.0', '0.0', '0.0', '0', '0', '572', '0', '0', '0', '\n\x00\x00\x00\x00\x00\x00\x00\x00\x00', '\n\x00\x00\x00\x00\x00\x00\x00\x00\x00', '0', '0', '2021-03-02 16:24:30')
2021-03-02  16:24:30 Tue root INFO 成功添加数据
2021-03-02  16:24:30 Tue root INFO mes_plc_r4
2021-03-02  16:24:30 Tue root INFO 读取插入数据库数据：{'product_type': '\n\x07250 PCB\x00', 'r1_equipment_status': '6803', 'fail_code': '0', 'recerve': '0', 'prod_num': 32, 'r1_rob_no': '4', 'r1_weld_line_no': '0', 'r1_electric': '182.87037658691406', 'r1_voltage': '-16.341144561767578', 'r1_speed': '0.0', 'r1_job': '0', 'r2_rob_no': '104', 'r2_weld_line_no': '0', 'r2_electric': '0.0', 'r2_voltage': '0.0', 'r2_speed': '0.0', 'r2_job': '0', 'replace_status': '0', 'part_status': '0', 'r1_protective_gas': '2566', 'r1_welding_wire': '0', 'r2_protective_gas': '0', 'r2_welding_wire': '0', 'login_id': '\n\x00\x00\x00\x00\x00\x00\x00\x00\x00', 'login_password': '\n\x00\x00\x00\x00\x00\x00\x00\x00\x00'}
2021-03-02  16:24:30 Tue root INFO ('\n\x07250 PCB\x00', '6803', '0', 32, '4', '0', '182.87037658691406', '-16.341144561767578', '0.0', '0', '104', '0', '0.0', '0.0', '0.0', '0', '0', '2566', '0', '0', '0', '\n\x00\x00\x00\x00\x00\x00\x00\x00\x00', '\n\x00\x00\x00\x00\x00\x00\x00\x00\x00', '0', '0', '2021-03-02 16:24:30')
2021-03-02  16:24:30 Tue root INFO 成功添加数据
2021-03-02  16:24:30 Tue root INFO mes_plc_r5
2021-03-02  16:24:31 Tue root INFO 读取插入数据库数据：{'product_type': '\n\x00\x00\x00\x00\x00\x00\x00\x00\x00', 'r1_equipment_status': '6226', 'fail_code': '0', 'recerve': '0', 'prod_num': 0, 'r1_rob_no': '0', 'r1_weld_line_no': '0', 'r1_electric': '179.80323791503906', 'r1_voltage': '13.44039249420166', 'r1_speed': '0.0', 'r1_job': '0', 'r2_rob_no': '0', 'r2_weld_line_no': '0', 'r2_electric': '179.35475158691406', 'r2_voltage': '13.404224395751953', 'r2_speed': '0.0', 'r2_job': '0', 'replace_status': '0', 'part_status': '0', 'r1_protective_gas': '0', 'r1_welding_wire': '0', 'r2_protective_gas': '0', 'r2_welding_wire': '0', 'login_id': '\n\x00\x00\x00\x00\x00\x00\x00\x00\x00', 'login_password': '\n\x00\x00\x00\x00\x00\x00\x00\x00\x00'}
2021-03-02  16:24:31 Tue root INFO ('\n\x00\x00\x00\x00\x00\x00\x00\x00\x00', '6226', '0', 0, '0', '0', '179.80323791503906', '13.44039249420166', '0.0', '0', '0', '0', '179.35475158691406', '13.404224395751953', '0.0', '0', '0', '0', '0', '0', '0', '\n\x00\x00\x00\x00\x00\x00\x00\x00\x00', '\n\x00\x00\x00\x00\x00\x00\x00\x00\x00', '0', '0', '2021-03-02 16:24:31')
2021-03-02  16:24:31 Tue root INFO 成功添加数据
2021-03-02  16:24:31 Tue root INFO mes_plc_r6
2021-03-02  16:24:31 Tue root INFO 读取插入数据库数据：{'product_type': '\n\x00\x00\x00\x00\x00\x00\x00\x00\x00', 'r1_equipment_status': '0', 'fail_code': '0', 'recerve': '10', 'prod_num': 19, 'r1_rob_no': '0', 'r1_weld_line_no': '0', 'r1_electric': '0.0', 'r1_voltage': '0.0', 'r1_speed': '0.0', 'r1_job': '0', 'r2_rob_no': '0', 'r2_weld_line_no': '0', 'r2_electric': '0.0', 'r2_voltage': '0.0', 'r2_speed': '0.0', 'r2_job': '0', 'replace_status': '0', 'part_status': '0', 'r1_protective_gas': '0', 'r1_welding_wire': '0', 'r2_protective_gas': '0', 'r2_welding_wire': '0', 'login_id': '\n\x00\x00\x00\x00\x00\x00\x00\x00\x00', 'login_password': '\n\x00\x00\x00\x00\x00\x00\x00\x00\x00'}
2021-03-02  16:24:31 Tue root INFO ('\n\x00\x00\x00\x00\x00\x00\x00\x00\x00', '0', '0', 19, '0', '0', '0.0', '0.0', '0.0', '0', '0', '0', '0.0', '0.0', '0.0', '0', '0', '0', '0', '0', '0', '\n\x00\x00\x00\x00\x00\x00\x00\x00\x00', '\n\x00\x00\x00\x00\x00\x00\x00\x00\x00', '0', '10', '2021-03-02 16:24:31')
2021-03-02  16:24:31 Tue root INFO 成功添加数据
2021-03-02  16:25:31 Tue root INFO plc连接状态:[1, 1, 1, 1, 1, 1]
2021-03-02  16:25:31 Tue root INFO mes_plc
2021-03-02  16:25:32 Tue root INFO 读取插入数据库数据：{'product_type': '\n\x07250 YDG\x00', 'r1_equipment_status': '7315', 'fail_code': '0', 'recerve': '0', 'prod_num': 44, 'r1_rob_no': '4', 'r1_weld_line_no': '0', 'r1_electric': '182.16146850585938', 'r1_voltage': '13.28125', 'r1_speed': '0.0', 'r1_job': '0', 'r2_rob_no': '104', 'r2_weld_line_no': '0', 'r2_electric': '0.0', 'r2_voltage': '0.0', 'r2_speed': '0.0', 'r2_job': '0', 'replace_status': '0', 'part_status': '0', 'r1_protective_gas': '0', 'r1_welding_wire': '0', 'r2_protective_gas': '0', 'r2_welding_wire': '0', 'login_id': '\n\x00\x00\x00\x00\x00\x00\x00\x00\x00', 'login_password': '\n\x00\x00\x00\x00\x00\x00\x00\x00\x00'}
2021-03-02  16:25:32 Tue root INFO ('\n\x07250 YDG\x00', '7315', '0', 44, '4', '0', '182.16146850585938', '13.28125', '0.0', '0', '104', '0', '0.0', '0.0', '0.0', '0', '0', '0', '0', '0', '0', '\n\x00\x00\x00\x00\x00\x00\x00\x00\x00', '\n\x00\x00\x00\x00\x00\x00\x00\x00\x00', '0', '0', '2021-03-02 16:25:32')
2021-03-02  16:25:32 Tue root INFO 成功添加数据
2021-03-02  16:25:32 Tue root INFO mes_plc_r2
2021-03-02  16:25:32 Tue root INFO 读取插入数据库数据：{'product_type': '\n\x07250 TJ1\x00', 'r1_equipment_status': '5267', 'fail_code': '48', 'recerve': '0', 'prod_num': 242, 'r1_rob_no': '4', 'r1_weld_line_no': '0', 'r1_electric': '181.6840362548828', 'r1_voltage': '13.129340171813965', 'r1_speed': '0.0', 'r1_job': '0', 'r2_rob_no': '104', 'r2_weld_line_no': '0', 'r2_electric': '0.0', 'r2_voltage': '0.0', 'r2_speed': '0.0', 'r2_job': '0', 'replace_status': '0', 'part_status': '0', 'r1_protective_gas': '610', 'r1_welding_wire': '0', 'r2_protective_gas': '0', 'r2_welding_wire': '0', 'login_id': '\n\x00\x00\x00\x00\x00\x00\x00\x00\x00', 'login_password': '\n\x00\x00\x00\x00\x00\x00\x00\x00\x00'}
2021-03-02  16:25:32 Tue root INFO ('\n\x07250 TJ1\x00', '5267', '48', 242, '4', '0', '181.6840362548828', '13.129340171813965', '0.0', '0', '104', '0', '0.0', '0.0', '0.0', '0', '0', '610', '0', '0', '0', '\n\x00\x00\x00\x00\x00\x00\x00\x00\x00', '\n\x00\x00\x00\x00\x00\x00\x00\x00\x00', '0', '0', '2021-03-02 16:25:32')
2021-03-02  16:25:32 Tue root INFO 成功添加数据
2021-03-02  16:25:32 Tue root INFO mes_plc_r3
2021-03-02  16:25:32 Tue root INFO 读取插入数据库数据：{'product_type': '\n\x07250 TJ3\x00', 'r1_equipment_status': '7315', 'fail_code': '48', 'recerve': '0', 'prod_num': 247, 'r1_rob_no': '4', 'r1_weld_line_no': '0', 'r1_electric': '184.31712341308594', 'r1_voltage': '13.809317588806152', 'r1_speed': '0.0', 'r1_job': '0', 'r2_rob_no': '104', 'r2_weld_line_no': '0', 'r2_electric': '0.0', 'r2_voltage': '0.0', 'r2_speed': '0.0', 'r2_job': '0', 'replace_status': '0', 'part_status': '0', 'r1_protective_gas': '572', 'r1_welding_wire': '0', 'r2_protective_gas': '0', 'r2_welding_wire': '0', 'login_id': '\n\x00\x00\x00\x00\x00\x00\x00\x00\x00', 'login_password': '\n\x00\x00\x00\x00\x00\x00\x00\x00\x00'}
2021-03-02  16:25:32 Tue root INFO ('\n\x07250 TJ3\x00', '7315', '48', 247, '4', '0', '184.31712341308594', '13.809317588806152', '0.0', '0', '104', '0', '0.0', '0.0', '0.0', '0', '0', '572', '0', '0', '0', '\n\x00\x00\x00\x00\x00\x00\x00\x00\x00', '\n\x00\x00\x00\x00\x00\x00\x00\x00\x00', '0', '0', '2021-03-02 16:25:32')
2021-03-02  16:25:32 Tue root INFO 成功添加数据
2021-03-02  16:25:32 Tue root INFO mes_plc_r4
2021-03-02  16:25:32 Tue root INFO 读取插入数据库数据：{'product_type': '\n\x07250 PCB\x00', 'r1_equipment_status': '7233', 'fail_code': '0', 'recerve': '0', 'prod_num': 32, 'r1_rob_no': '4', 'r1_weld_line_no': '0', 'r1_electric': '182.55209350585938', 'r1_voltage': '-15.17288875579834', 'r1_speed': '0.0', 'r1_job': '0', 'r2_rob_no': '104', 'r2_weld_line_no': '0', 'r2_electric': '0.0', 'r2_voltage': '0.0', 'r2_speed': '0.0', 'r2_job': '0', 'replace_status': '0', 'part_status': '0', 'r1_protective_gas': '2587', 'r1_welding_wire': '0', 'r2_protective_gas': '0', 'r2_welding_wire': '0', 'login_id': '\n\x00\x00\x00\x00\x00\x00\x00\x00\x00', 'login_password': '\n\x00\x00\x00\x00\x00\x00\x00\x00\x00'}
2021-03-02  16:25:32 Tue root INFO ('\n\x07250 PCB\x00', '7233', '0', 32, '4', '0', '182.55209350585938', '-15.17288875579834', '0.0', '0', '104', '0', '0.0', '0.0', '0.0', '0', '0', '2587', '0', '0', '0', '\n\x00\x00\x00\x00\x00\x00\x00\x00\x00', '\n\x00\x00\x00\x00\x00\x00\x00\x00\x00', '0', '0', '2021-03-02 16:25:32')
2021-03-02  16:25:32 Tue root INFO 成功添加数据
2021-03-02  16:25:32 Tue root INFO mes_plc_r5
2021-03-02  16:25:33 Tue root INFO 读取插入数据库数据：{'product_type': '\n\x00\x00\x00\x00\x00\x00\x00\x00\x00', 'r1_equipment_status': '6226', 'fail_code': '0', 'recerve': '0', 'prod_num': 0, 'r1_rob_no': '0', 'r1_weld_line_no': '0', 'r1_electric': '179.90451049804688', 'r1_voltage': '13.444010734558105', 'r1_speed': '0.0', 'r1_job': '0', 'r2_rob_no': '0', 'r2_weld_line_no': '0', 'r2_electric': '179.2679443359375', 'r2_voltage': '13.407841682434082', 'r2_speed': '0.0', 'r2_job': '0', 'replace_status': '0', 'part_status': '0', 'r1_protective_gas': '0', 'r1_welding_wire': '0', 'r2_protective_gas': '0', 'r2_welding_wire': '0', 'login_id': '\n\x00\x00\x00\x00\x00\x00\x00\x00\x00', 'login_password': '\n\x00\x00\x00\x00\x00\x00\x00\x00\x00'}
2021-03-02  16:25:33 Tue root INFO ('\n\x00\x00\x00\x00\x00\x00\x00\x00\x00', '6226', '0', 0, '0', '0', '179.90451049804688', '13.444010734558105', '0.0', '0', '0', '0', '179.2679443359375', '13.407841682434082', '0.0', '0', '0', '0', '0', '0', '0', '\n\x00\x00\x00\x00\x00\x00\x00\x00\x00', '\n\x00\x00\x00\x00\x00\x00\x00\x00\x00', '0', '0', '2021-03-02 16:25:33')
2021-03-02  16:25:33 Tue root INFO 成功添加数据
2021-03-02  16:25:33 Tue root INFO mes_plc_r6
2021-03-02  16:25:33 Tue root INFO 读取插入数据库数据：{'product_type': '\n\x00\x00\x00\x00\x00\x00\x00\x00\x00', 'r1_equipment_status': '0', 'fail_code': '0', 'recerve': '10', 'prod_num': 19, 'r1_rob_no': '0', 'r1_weld_line_no': '0', 'r1_electric': '0.0', 'r1_voltage': '0.0', 'r1_speed': '0.0', 'r1_job': '0', 'r2_rob_no': '0', 'r2_weld_line_no': '0', 'r2_electric': '0.0', 'r2_voltage': '0.0', 'r2_speed': '0.0', 'r2_job': '0', 'replace_status': '0', 'part_status': '0', 'r1_protective_gas': '0', 'r1_welding_wire': '0', 'r2_protective_gas': '0', 'r2_welding_wire': '0', 'login_id': '\n\x00\x00\x00\x00\x00\x00\x00\x00\x00', 'login_password': '\n\x00\x00\x00\x00\x00\x00\x00\x00\x00'}
2021-03-02  16:25:33 Tue root INFO ('\n\x00\x00\x00\x00\x00\x00\x00\x00\x00', '0', '0', 19, '0', '0', '0.0', '0.0', '0.0', '0', '0', '0', '0.0', '0.0', '0.0', '0', '0', '0', '0', '0', '0', '\n\x00\x00\x00\x00\x00\x00\x00\x00\x00', '\n\x00\x00\x00\x00\x00\x00\x00\x00\x00', '0', '10', '2021-03-02 16:25:33')
2021-03-02  16:25:33 Tue root INFO 成功添加数据
2021-03-02  16:26:33 Tue root INFO plc连接状态:[1, 1, 1, 1, 1, 1]
2021-03-02  16:26:33 Tue root INFO mes_plc
2021-03-02  16:26:34 Tue root INFO 读取插入数据库数据：{'product_type': '\n\x07250 YDG\x00', 'r1_equipment_status': '7315', 'fail_code': '0', 'recerve': '0', 'prod_num': 44, 'r1_rob_no': '4', 'r1_weld_line_no': '0', 'r1_electric': '182.19039916992188', 'r1_voltage': '13.29210090637207', 'r1_speed': '0.0', 'r1_job': '0', 'r2_rob_no': '104', 'r2_weld_line_no': '0', 'r2_electric': '0.0', 'r2_voltage': '0.0', 'r2_speed': '0.0', 'r2_job': '0', 'replace_status': '0', 'part_status': '0', 'r1_protective_gas': '0', 'r1_welding_wire': '0', 'r2_protective_gas': '0', 'r2_welding_wire': '0', 'login_id': '\n\x00\x00\x00\x00\x00\x00\x00\x00\x00', 'login_password': '\n\x00\x00\x00\x00\x00\x00\x00\x00\x00'}
2021-03-02  16:26:34 Tue root INFO ('\n\x07250 YDG\x00', '7315', '0', 44, '4', '0', '182.19039916992188', '13.29210090637207', '0.0', '0', '104', '0', '0.0', '0.0', '0.0', '0', '0', '0', '0', '0', '0', '\n\x00\x00\x00\x00\x00\x00\x00\x00\x00', '\n\x00\x00\x00\x00\x00\x00\x00\x00\x00', '0', '0', '2021-03-02 16:26:34')
2021-03-02  16:26:34 Tue root INFO 成功添加数据
2021-03-02  16:26:34 Tue root INFO mes_plc_r2
2021-03-02  16:26:34 Tue root INFO 读取插入数据库数据：{'product_type': '\n\x07250 TJ1\x00', 'r1_equipment_status': '5267', 'fail_code': '48', 'recerve': '0', 'prod_num': 242, 'r1_rob_no': '4', 'r1_weld_line_no': '0', 'r1_electric': '181.6840362548828', 'r1_voltage': '13.12210750579834', 'r1_speed': '0.0', 'r1_job': '0', 'r2_rob_no': '104', 'r2_weld_line_no': '0', 'r2_electric': '0.0', 'r2_voltage': '0.0', 'r2_speed': '0.0', 'r2_job': '0', 'replace_status': '0', 'part_status': '0', 'r1_protective_gas': '610', 'r1_welding_wire': '0', 'r2_protective_gas': '0', 'r2_welding_wire': '0', 'login_id': '\n\x00\x00\x00\x00\x00\x00\x00\x00\x00', 'login_password': '\n\x00\x00\x00\x00\x00\x00\x00\x00\x00'}
2021-03-02  16:26:34 Tue root INFO ('\n\x07250 TJ1\x00', '5267', '48', 242, '4', '0', '181.6840362548828', '13.12210750579834', '0.0', '0', '104', '0', '0.0', '0.0', '0.0', '0', '0', '610', '0', '0', '0', '\n\x00\x00\x00\x00\x00\x00\x00\x00\x00', '\n\x00\x00\x00\x00\x00\x00\x00\x00\x00', '0', '0', '2021-03-02 16:26:34')
2021-03-02  16:26:34 Tue root INFO 成功添加数据
2021-03-02  16:26:34 Tue root INFO mes_plc_r3
2021-03-02  16:26:34 Tue root INFO 读取插入数据库数据：{'product_type': '\n\x07250 TJ3\x00', 'r1_equipment_status': '7315', 'fail_code': '48', 'recerve': '0', 'prod_num': 247, 'r1_rob_no': '4', 'r1_weld_line_no': '0', 'r1_electric': '184.3315887451172', 'r1_voltage': '13.816550254821777', 'r1_speed': '0.0', 'r1_job': '0', 'r2_rob_no': '104', 'r2_weld_line_no': '0', 'r2_electric': '0.0', 'r2_voltage': '0.0', 'r2_speed': '0.0', 'r2_job': '0', 'replace_status': '0', 'part_status': '0', 'r1_protective_gas': '572', 'r1_welding_wire': '0', 'r2_protective_gas': '0', 'r2_welding_wire': '0', 'login_id': '\n\x00\x00\x00\x00\x00\x00\x00\x00\x00', 'login_password': '\n\x00\x00\x00\x00\x00\x00\x00\x00\x00'}
2021-03-02  16:26:34 Tue root INFO ('\n\x07250 TJ3\x00', '7315', '48', 247, '4', '0', '184.3315887451172', '13.816550254821777', '0.0', '0', '104', '0', '0.0', '0.0', '0.0', '0', '0', '572', '0', '0', '0', '\n\x00\x00\x00\x00\x00\x00\x00\x00\x00', '\n\x00\x00\x00\x00\x00\x00\x00\x00\x00', '0', '0', '2021-03-02 16:26:34')
2021-03-02  16:26:34 Tue root INFO 成功添加数据
2021-03-02  16:26:34 Tue root INFO mes_plc_r4
2021-03-02  16:26:35 Tue root INFO 读取插入数据库数据：{'product_type': '\n\x07250 PCB\x00', 'r1_equipment_status': '7233', 'fail_code': '0', 'recerve': '0', 'prod_num': 32, 'r1_rob_no': '4', 'r1_weld_line_no': '0', 'r1_electric': '182.53761291503906', 'r1_voltage': '-17.531105041503906', 'r1_speed': '0.0', 'r1_job': '0', 'r2_rob_no': '104', 'r2_weld_line_no': '0', 'r2_electric': '0.0', 'r2_voltage': '0.0', 'r2_speed': '0.0', 'r2_job': '0', 'replace_status': '0', 'part_status': '0', 'r1_protective_gas': '2613', 'r1_welding_wire': '0', 'r2_protective_gas': '0', 'r2_welding_wire': '0', 'login_id': '\n\x00\x00\x00\x00\x00\x00\x00\x00\x00', 'login_password': '\n\x00\x00\x00\x00\x00\x00\x00\x00\x00'}
2021-03-02  16:26:35 Tue root INFO ('\n\x07250 PCB\x00', '7233', '0', 32, '4', '0', '182.53761291503906', '-17.531105041503906', '0.0', '0', '104', '0', '0.0', '0.0', '0.0', '0', '0', '2613', '0', '0', '0', '\n\x00\x00\x00\x00\x00\x00\x00\x00\x00', '\n\x00\x00\x00\x00\x00\x00\x00\x00\x00', '0', '0', '2021-03-02 16:26:35')
2021-03-02  16:26:35 Tue root INFO 成功添加数据
2021-03-02  16:26:35 Tue root INFO mes_plc_r5
2021-03-02  16:26:35 Tue root INFO 读取插入数据库数据：{'product_type': '\n\x00\x00\x00\x00\x00\x00\x00\x00\x00', 'r1_equipment_status': '6162', 'fail_code': '0', 'recerve': '0', 'prod_num': 0, 'r1_rob_no': '0', 'r1_weld_line_no': '0', 'r1_electric': '179.80323791503906', 'r1_voltage': '13.462095260620117', 'r1_speed': '0.0', 'r1_job': '0', 'r2_rob_no': '0', 'r2_weld_line_no': '0', 'r2_electric': '179.3258056640625', 'r2_voltage': '13.411458015441895', 'r2_speed': '0.0', 'r2_job': '0', 'replace_status': '0', 'part_status': '0', 'r1_protective_gas': '0', 'r1_welding_wire': '0', 'r2_protective_gas': '0', 'r2_welding_wire': '0', 'login_id': '\n\x00\x00\x00\x00\x00\x00\x00\x00\x00', 'login_password': '\n\x00\x00\x00\x00\x00\x00\x00\x00\x00'}
2021-03-02  16:26:35 Tue root INFO ('\n\x00\x00\x00\x00\x00\x00\x00\x00\x00', '6162', '0', 0, '0', '0', '179.80323791503906', '13.462095260620117', '0.0', '0', '0', '0', '179.3258056640625', '13.411458015441895', '0.0', '0', '0', '0', '0', '0', '0', '\n\x00\x00\x00\x00\x00\x00\x00\x00\x00', '\n\x00\x00\x00\x00\x00\x00\x00\x00\x00', '0', '0', '2021-03-02 16:26:35')
2021-03-02  16:26:35 Tue root INFO 成功添加数据
2021-03-02  16:26:35 Tue root INFO mes_plc_r6
2021-03-02  16:26:35 Tue root INFO 读取插入数据库数据：{'product_type': '\n\x00\x00\x00\x00\x00\x00\x00\x00\x00', 'r1_equipment_status': '0', 'fail_code': '0', 'recerve': '10', 'prod_num': 19, 'r1_rob_no': '0', 'r1_weld_line_no': '0', 'r1_electric': '0.0', 'r1_voltage': '0.0', 'r1_speed': '0.0', 'r1_job': '0', 'r2_rob_no': '0', 'r2_weld_line_no': '0', 'r2_electric': '0.0', 'r2_voltage': '0.0', 'r2_speed': '0.0', 'r2_job': '0', 'replace_status': '0', 'part_status': '0', 'r1_protective_gas': '0', 'r1_welding_wire': '0', 'r2_protective_gas': '0', 'r2_welding_wire': '0', 'login_id': '\n\x00\x00\x00\x00\x00\x00\x00\x00\x00', 'login_password': '\n\x00\x00\x00\x00\x00\x00\x00\x00\x00'}
2021-03-02  16:26:35 Tue root INFO ('\n\x00\x00\x00\x00\x00\x00\x00\x00\x00', '0', '0', 19, '0', '0', '0.0', '0.0', '0.0', '0', '0', '0', '0.0', '0.0', '0.0', '0', '0', '0', '0', '0', '0', '\n\x00\x00\x00\x00\x00\x00\x00\x00\x00', '\n\x00\x00\x00\x00\x00\x00\x00\x00\x00', '0', '10', '2021-03-02 16:26:35')
2021-03-02  16:26:35 Tue root INFO 成功添加数据
2021-03-02  16:27:35 Tue root INFO plc连接状态:[1, 1, 1, 1, 1, 1]
2021-03-02  16:27:35 Tue root INFO mes_plc
2021-03-02  16:27:36 Tue root INFO 读取插入数据库数据：{'product_type': '\n\x07250 YDG\x00', 'r1_equipment_status': '7315', 'fail_code': '0', 'recerve': '0', 'prod_num': 44, 'r1_rob_no': '4', 'r1_weld_line_no': '0', 'r1_electric': '182.16146850585938', 'r1_voltage': '13.29210090637207', 'r1_speed': '0.0', 'r1_job': '0', 'r2_rob_no': '104', 'r2_weld_line_no': '0', 'r2_electric': '0.0', 'r2_voltage': '0.0', 'r2_speed': '0.0', 'r2_job': '0', 'replace_status': '0', 'part_status': '0', 'r1_protective_gas': '0', 'r1_welding_wire': '0', 'r2_protective_gas': '0', 'r2_welding_wire': '0', 'login_id': '\n\x00\x00\x00\x00\x00\x00\x00\x00\x00', 'login_password': '\n\x00\x00\x00\x00\x00\x00\x00\x00\x00'}
2021-03-02  16:27:36 Tue root INFO ('\n\x07250 YDG\x00', '7315', '0', 44, '4', '0', '182.16146850585938', '13.29210090637207', '0.0', '0', '104', '0', '0.0', '0.0', '0.0', '0', '0', '0', '0', '0', '0', '\n\x00\x00\x00\x00\x00\x00\x00\x00\x00', '\n\x00\x00\x00\x00\x00\x00\x00\x00\x00', '0', '0', '2021-03-02 16:27:36')
2021-03-02  16:27:36 Tue root INFO 成功添加数据
2021-03-02  16:27:36 Tue root INFO mes_plc_r2
2021-03-02  16:27:36 Tue root INFO 读取插入数据库数据：{'product_type': '\n\x07250 TJ1\x00', 'r1_equipment_status': '5267', 'fail_code': '48', 'recerve': '0', 'prod_num': 242, 'r1_rob_no': '4', 'r1_weld_line_no': '0', 'r1_electric': '181.6840362548828', 'r1_voltage': '13.129340171813965', 'r1_speed': '0.0', 'r1_job': '0', 'r2_rob_no': '104', 'r2_weld_line_no': '0', 'r2_electric': '0.0', 'r2_voltage': '0.0', 'r2_speed': '0.0', 'r2_job': '0', 'replace_status': '0', 'part_status': '0', 'r1_protective_gas': '610', 'r1_welding_wire': '0', 'r2_protective_gas': '0', 'r2_welding_wire': '0', 'login_id': '\n\x00\x00\x00\x00\x00\x00\x00\x00\x00', 'login_password': '\n\x00\x00\x00\x00\x00\x00\x00\x00\x00'}
2021-03-02  16:27:36 Tue root INFO ('\n\x07250 TJ1\x00', '5267', '48', 242, '4', '0', '181.6840362548828', '13.129340171813965', '0.0', '0', '104', '0', '0.0', '0.0', '0.0', '0', '0', '610', '0', '0', '0', '\n\x00\x00\x00\x00\x00\x00\x00\x00\x00', '\n\x00\x00\x00\x00\x00\x00\x00\x00\x00', '0', '0', '2021-03-02 16:27:36')
2021-03-02  16:27:36 Tue root INFO 成功添加数据
2021-03-02  16:27:36 Tue root INFO mes_plc_r3
2021-03-02  16:27:36 Tue root INFO 读取插入数据库数据：{'product_type': '\n\x07250 TJ3\x00', 'r1_equipment_status': '7315', 'fail_code': '48', 'recerve': '0', 'prod_num': 247, 'r1_rob_no': '4', 'r1_weld_line_no': '0', 'r1_electric': '184.31712341308594', 'r1_voltage': '13.80570125579834', 'r1_speed': '0.0', 'r1_job': '0', 'r2_rob_no': '104', 'r2_weld_line_no': '0', 'r2_electric': '0.0', 'r2_voltage': '0.0', 'r2_speed': '0.0', 'r2_job': '0', 'replace_status': '0', 'part_status': '0', 'r1_protective_gas': '572', 'r1_welding_wire': '0', 'r2_protective_gas': '0', 'r2_welding_wire': '0', 'login_id': '\n\x00\x00\x00\x00\x00\x00\x00\x00\x00', 'login_password': '\n\x00\x00\x00\x00\x00\x00\x00\x00\x00'}
2021-03-02  16:27:36 Tue root INFO ('\n\x07250 TJ3\x00', '7315', '48', 247, '4', '0', '184.31712341308594', '13.80570125579834', '0.0', '0', '104', '0', '0.0', '0.0', '0.0', '0', '0', '572', '0', '0', '0', '\n\x00\x00\x00\x00\x00\x00\x00\x00\x00', '\n\x00\x00\x00\x00\x00\x00\x00\x00\x00', '0', '0', '2021-03-02 16:27:36')
2021-03-02  16:27:36 Tue root INFO 成功添加数据
2021-03-02  16:27:36 Tue root INFO mes_plc_r4
2021-03-02  16:27:37 Tue root INFO 读取插入数据库数据：{'product_type': '\n\x07250 PCB\x00', 'r1_equipment_status': '7315', 'fail_code': '0', 'recerve': '0', 'prod_num': 32, 'r1_rob_no': '4', 'r1_weld_line_no': '0', 'r1_electric': '182.66783142089844', 'r1_voltage': '13.208911895751953', 'r1_speed': '0.0', 'r1_job': '0', 'r2_rob_no': '104', 'r2_weld_line_no': '0', 'r2_electric': '0.0', 'r2_voltage': '0.0', 'r2_speed': '0.0', 'r2_job': '0', 'replace_status': '0', 'part_status': '0', 'r1_protective_gas': '2625', 'r1_welding_wire': '0', 'r2_protective_gas': '0', 'r2_welding_wire': '0', 'login_id': '\n\x00\x00\x00\x00\x00\x00\x00\x00\x00', 'login_password': '\n\x00\x00\x00\x00\x00\x00\x00\x00\x00'}
2021-03-02  16:27:37 Tue root INFO ('\n\x07250 PCB\x00', '7315', '0', 32, '4', '0', '182.66783142089844', '13.208911895751953', '0.0', '0', '104', '0', '0.0', '0.0', '0.0', '0', '0', '2625', '0', '0', '0', '\n\x00\x00\x00\x00\x00\x00\x00\x00\x00', '\n\x00\x00\x00\x00\x00\x00\x00\x00\x00', '0', '0', '2021-03-02 16:27:37')
2021-03-02  16:27:37 Tue root INFO 成功添加数据
2021-03-02  16:27:37 Tue root INFO mes_plc_r5
2021-03-02  16:27:37 Tue root INFO 读取插入数据库数据：{'product_type': '\n\x00\x00\x00\x00\x00\x00\x00\x00\x00', 'r1_equipment_status': '6162', 'fail_code': '0', 'recerve': '0', 'prod_num': 0, 'r1_rob_no': '0', 'r1_weld_line_no': '0', 'r1_electric': '179.7887725830078', 'r1_voltage': '13.45486068725586', 'r1_speed': '0.0', 'r1_job': '0', 'r2_rob_no': '0', 'r2_weld_line_no': '0', 'r2_electric': '179.2245330810547', 'r2_voltage': '13.407841682434082', 'r2_speed': '0.0', 'r2_job': '0', 'replace_status': '0', 'part_status': '0', 'r1_protective_gas': '0', 'r1_welding_wire': '0', 'r2_protective_gas': '0', 'r2_welding_wire': '0', 'login_id': '\n\x00\x00\x00\x00\x00\x00\x00\x00\x00', 'login_password': '\n\x00\x00\x00\x00\x00\x00\x00\x00\x00'}
2021-03-02  16:27:37 Tue root INFO ('\n\x00\x00\x00\x00\x00\x00\x00\x00\x00', '6162', '0', 0, '0', '0', '179.7887725830078', '13.45486068725586', '0.0', '0', '0', '0', '179.2245330810547', '13.407841682434082', '0.0', '0', '0', '0', '0', '0', '0', '\n\x00\x00\x00\x00\x00\x00\x00\x00\x00', '\n\x00\x00\x00\x00\x00\x00\x00\x00\x00', '0', '0', '2021-03-02 16:27:37')
2021-03-02  16:27:37 Tue root INFO 成功添加数据
2021-03-02  16:27:37 Tue root INFO mes_plc_r6
2021-03-02  16:27:37 Tue root INFO 读取插入数据库数据：{'product_type': '\n\x00\x00\x00\x00\x00\x00\x00\x00\x00', 'r1_equipment_status': '0', 'fail_code': '0', 'recerve': '10', 'prod_num': 19, 'r1_rob_no': '0', 'r1_weld_line_no': '0', 'r1_electric': '0.0', 'r1_voltage': '0.0', 'r1_speed': '0.0', 'r1_job': '0', 'r2_rob_no': '0', 'r2_weld_line_no': '0', 'r2_electric': '0.0', 'r2_voltage': '0.0', 'r2_speed': '0.0', 'r2_job': '0', 'replace_status': '0', 'part_status': '0', 'r1_protective_gas': '0', 'r1_welding_wire': '0', 'r2_protective_gas': '0', 'r2_welding_wire': '0', 'login_id': '\n\x00\x00\x00\x00\x00\x00\x00\x00\x00', 'login_password': '\n\x00\x00\x00\x00\x00\x00\x00\x00\x00'}
2021-03-02  16:27:37 Tue root INFO ('\n\x00\x00\x00\x00\x00\x00\x00\x00\x00', '0', '0', 19, '0', '0', '0.0', '0.0', '0.0', '0', '0', '0', '0.0', '0.0', '0.0', '0', '0', '0', '0', '0', '0', '\n\x00\x00\x00\x00\x00\x00\x00\x00\x00', '\n\x00\x00\x00\x00\x00\x00\x00\x00\x00', '0', '10', '2021-03-02 16:27:37')
2021-03-02  16:27:38 Tue root INFO 成功添加数据
2021-03-02  16:28:38 Tue root INFO plc连接状态:[1, 1, 1, 1, 1, 1]
2021-03-02  16:28:38 Tue root INFO mes_plc
2021-03-02  16:28:38 Tue root INFO 读取插入数据库数据：{'product_type': '\n\x07250 YDG\x00', 'r1_equipment_status': '7315', 'fail_code': '0', 'recerve': '0', 'prod_num': 44, 'r1_rob_no': '4', 'r1_weld_line_no': '0', 'r1_electric': '182.14698791503906', 'r1_voltage': '13.284866333007812', 'r1_speed': '0.0', 'r1_job': '0', 'r2_rob_no': '104', 'r2_weld_line_no': '0', 'r2_electric': '0.0', 'r2_voltage': '0.0', 'r2_speed': '0.0', 'r2_job': '0', 'replace_status': '0', 'part_status': '0', 'r1_protective_gas': '0', 'r1_welding_wire': '0', 'r2_protective_gas': '0', 'r2_welding_wire': '0', 'login_id': '\n\x00\x00\x00\x00\x00\x00\x00\x00\x00', 'login_password': '\n\x00\x00\x00\x00\x00\x00\x00\x00\x00'}
2021-03-02  16:28:38 Tue root INFO ('\n\x07250 YDG\x00', '7315', '0', 44, '4', '0', '182.14698791503906', '13.284866333007812', '0.0', '0', '104', '0', '0.0', '0.0', '0.0', '0', '0', '0', '0', '0', '0', '\n\x00\x00\x00\x00\x00\x00\x00\x00\x00', '\n\x00\x00\x00\x00\x00\x00\x00\x00\x00', '0', '0', '2021-03-02 16:28:38')
2021-03-02  16:28:38 Tue root INFO 成功添加数据
2021-03-02  16:28:38 Tue root INFO mes_plc_r2
2021-03-02  16:28:38 Tue root INFO 读取插入数据库数据：{'product_type': '\n\x07250 TJ1\x00', 'r1_equipment_status': '5267', 'fail_code': '48', 'recerve': '0', 'prod_num': 242, 'r1_rob_no': '4', 'r1_weld_line_no': '0', 'r1_electric': '181.72743225097656', 'r1_voltage': '13.12210750579834', 'r1_speed': '0.0', 'r1_job': '0', 'r2_rob_no': '104', 'r2_weld_line_no': '0', 'r2_electric': '0.0', 'r2_voltage': '0.0', 'r2_speed': '0.0', 'r2_job': '0', 'replace_status': '0', 'part_status': '0', 'r1_protective_gas': '610', 'r1_welding_wire': '0', 'r2_protective_gas': '0', 'r2_welding_wire': '0', 'login_id': '\n\x00\x00\x00\x00\x00\x00\x00\x00\x00', 'login_password': '\n\x00\x00\x00\x00\x00\x00\x00\x00\x00'}
2021-03-02  16:28:38 Tue root INFO ('\n\x07250 TJ1\x00', '5267', '48', 242, '4', '0', '181.72743225097656', '13.12210750579834', '0.0', '0', '104', '0', '0.0', '0.0', '0.0', '0', '0', '610', '0', '0', '0', '\n\x00\x00\x00\x00\x00\x00\x00\x00\x00', '\n\x00\x00\x00\x00\x00\x00\x00\x00\x00', '0', '0', '2021-03-02 16:28:38')
2021-03-02  16:28:38 Tue root INFO 成功添加数据
2021-03-02  16:28:38 Tue root INFO mes_plc_r3
2021-03-02  16:28:38 Tue root INFO 读取插入数据库数据：{'product_type': '\n\x07250 TJ3\x00', 'r1_equipment_status': '7315', 'fail_code': '48', 'recerve': '0', 'prod_num': 247, 'r1_rob_no': '4', 'r1_weld_line_no': '0', 'r1_electric': '184.2737274169922', 'r1_voltage': '13.820168495178223', 'r1_speed': '0.0', 'r1_job': '0', 'r2_rob_no': '104', 'r2_weld_line_no': '0', 'r2_electric': '0.0', 'r2_voltage': '0.0', 'r2_speed': '0.0', 'r2_job': '0', 'replace_status': '0', 'part_status': '0', 'r1_protective_gas': '572', 'r1_welding_wire': '0', 'r2_protective_gas': '0', 'r2_welding_wire': '0', 'login_id': '\n\x00\x00\x00\x00\x00\x00\x00\x00\x00', 'login_password': '\n\x00\x00\x00\x00\x00\x00\x00\x00\x00'}
2021-03-02  16:28:38 Tue root INFO ('\n\x07250 TJ3\x00', '7315', '48', 247, '4', '0', '184.2737274169922', '13.820168495178223', '0.0', '0', '104', '0', '0.0', '0.0', '0.0', '0', '0', '572', '0', '0', '0', '\n\x00\x00\x00\x00\x00\x00\x00\x00\x00', '\n\x00\x00\x00\x00\x00\x00\x00\x00\x00', '0', '0', '2021-03-02 16:28:38')
2021-03-02  16:28:38 Tue root INFO 成功添加数据
2021-03-02  16:28:38 Tue root INFO mes_plc_r4
2021-03-02  16:28:39 Tue root INFO 读取插入数据库数据：{'product_type': '\n\x07250 PCB\x00', 'r1_equipment_status': '6803', 'fail_code': '0', 'recerve': '0', 'prod_num': 33, 'r1_rob_no': '4', 'r1_weld_line_no': '0', 'r1_electric': '182.5231475830078', 'r1_voltage': '-12.847222328186035', 'r1_speed': '0.0', 'r1_job': '0', 'r2_rob_no': '104', 'r2_weld_line_no': '0', 'r2_electric': '0.0', 'r2_voltage': '0.0', 'r2_speed': '0.0', 'r2_job': '0', 'replace_status': '0', 'part_status': '0', 'r1_protective_gas': '2627', 'r1_welding_wire': '0', 'r2_protective_gas': '0', 'r2_welding_wire': '0', 'login_id': '\n\x00\x00\x00\x00\x00\x00\x00\x00\x00', 'login_password': '\n\x00\x00\x00\x00\x00\x00\x00\x00\x00'}
2021-03-02  16:28:39 Tue root INFO ('\n\x07250 PCB\x00', '6803', '0', 33, '4', '0', '182.5231475830078', '-12.847222328186035', '0.0', '0', '104', '0', '0.0', '0.0', '0.0', '0', '0', '2627', '0', '0', '0', '\n\x00\x00\x00\x00\x00\x00\x00\x00\x00', '\n\x00\x00\x00\x00\x00\x00\x00\x00\x00', '0', '0', '2021-03-02 16:28:39')
2021-03-02  16:28:39 Tue root INFO 成功添加数据
2021-03-02  16:28:39 Tue root INFO mes_plc_r5
2021-03-02  16:28:39 Tue root INFO 读取插入数据库数据：{'product_type': '\n\x00\x00\x00\x00\x00\x00\x00\x00\x00', 'r1_equipment_status': '6162', 'fail_code': '0', 'recerve': '0', 'prod_num': 0, 'r1_rob_no': '0', 'r1_weld_line_no': '0', 'r1_electric': '179.86111450195312', 'r1_voltage': '13.429543495178223', 'r1_speed': '0.0', 'r1_job': '0', 'r2_rob_no': '0', 'r2_weld_line_no': '0', 'r2_electric': '179.2679443359375', 'r2_voltage': '13.418692588806152', 'r2_speed': '0.0', 'r2_job': '0', 'replace_status': '0', 'part_status': '0', 'r1_protective_gas': '0', 'r1_welding_wire': '0', 'r2_protective_gas': '0', 'r2_welding_wire': '0', 'login_id': '\n\x00\x00\x00\x00\x00\x00\x00\x00\x00', 'login_password': '\n\x00\x00\x00\x00\x00\x00\x00\x00\x00'}
2021-03-02  16:28:39 Tue root INFO ('\n\x00\x00\x00\x00\x00\x00\x00\x00\x00', '6162', '0', 0, '0', '0', '179.86111450195312', '13.429543495178223', '0.0', '0', '0', '0', '179.2679443359375', '13.418692588806152', '0.0', '0', '0', '0', '0', '0', '0', '\n\x00\x00\x00\x00\x00\x00\x00\x00\x00', '\n\x00\x00\x00\x00\x00\x00\x00\x00\x00', '0', '0', '2021-03-02 16:28:39')
2021-03-02  16:28:39 Tue root INFO 成功添加数据
2021-03-02  16:28:39 Tue root INFO mes_plc_r6
2021-03-02  16:28:40 Tue root INFO 读取插入数据库数据：{'product_type': '\n\x00\x00\x00\x00\x00\x00\x00\x00\x00', 'r1_equipment_status': '0', 'fail_code': '0', 'recerve': '10', 'prod_num': 19, 'r1_rob_no': '0', 'r1_weld_line_no': '0', 'r1_electric': '0.0', 'r1_voltage': '0.0', 'r1_speed': '0.0', 'r1_job': '0', 'r2_rob_no': '0', 'r2_weld_line_no': '0', 'r2_electric': '0.0', 'r2_voltage': '0.0', 'r2_speed': '0.0', 'r2_job': '0', 'replace_status': '0', 'part_status': '0', 'r1_protective_gas': '0', 'r1_welding_wire': '0', 'r2_protective_gas': '0', 'r2_welding_wire': '0', 'login_id': '\n\x00\x00\x00\x00\x00\x00\x00\x00\x00', 'login_password': '\n\x00\x00\x00\x00\x00\x00\x00\x00\x00'}
2021-03-02  16:28:40 Tue root INFO ('\n\x00\x00\x00\x00\x00\x00\x00\x00\x00', '0', '0', 19, '0', '0', '0.0', '0.0', '0.0', '0', '0', '0', '0.0', '0.0', '0.0', '0', '0', '0', '0', '0', '0', '\n\x00\x00\x00\x00\x00\x00\x00\x00\x00', '\n\x00\x00\x00\x00\x00\x00\x00\x00\x00', '0', '10', '2021-03-02 16:28:40')
2021-03-02  16:28:40 Tue root INFO 成功添加数据
2021-03-02  16:29:40 Tue root INFO plc连接状态:[1, 1, 1, 1, 1, 1]
2021-03-02  16:29:40 Tue root INFO mes_plc
2021-03-02  16:29:40 Tue root INFO 读取插入数据库数据：{'product_type': '\n\x07250 YDG\x00', 'r1_equipment_status': '7315', 'fail_code': '0', 'recerve': '0', 'prod_num': 44, 'r1_rob_no': '4', 'r1_weld_line_no': '0', 'r1_electric': '182.19039916992188', 'r1_voltage': '13.29210090637207', 'r1_speed': '0.0', 'r1_job': '0', 'r2_rob_no': '104', 'r2_weld_line_no': '0', 'r2_electric': '0.0', 'r2_voltage': '0.0', 'r2_speed': '0.0', 'r2_job': '0', 'replace_status': '0', 'part_status': '0', 'r1_protective_gas': '0', 'r1_welding_wire': '0', 'r2_protective_gas': '0', 'r2_welding_wire': '0', 'login_id': '\n\x00\x00\x00\x00\x00\x00\x00\x00\x00', 'login_password': '\n\x00\x00\x00\x00\x00\x00\x00\x00\x00'}
2021-03-02  16:29:40 Tue root INFO ('\n\x07250 YDG\x00', '7315', '0', 44, '4', '0', '182.19039916992188', '13.29210090637207', '0.0', '0', '104', '0', '0.0', '0.0', '0.0', '0', '0', '0', '0', '0', '0', '\n\x00\x00\x00\x00\x00\x00\x00\x00\x00', '\n\x00\x00\x00\x00\x00\x00\x00\x00\x00', '0', '0', '2021-03-02 16:29:40')
2021-03-02  16:29:40 Tue root INFO 成功添加数据
2021-03-02  16:29:40 Tue root INFO mes_plc_r2
2021-03-02  16:29:40 Tue root INFO 读取插入数据库数据：{'product_type': '\n\x07250 TJ1\x00', 'r1_equipment_status': '5267', 'fail_code': '48', 'recerve': '0', 'prod_num': 242, 'r1_rob_no': '4', 'r1_weld_line_no': '0', 'r1_electric': '181.6840362548828', 'r1_voltage': '13.132956504821777', 'r1_speed': '0.0', 'r1_job': '0', 'r2_rob_no': '104', 'r2_weld_line_no': '0', 'r2_electric': '0.0', 'r2_voltage': '0.0', 'r2_speed': '0.0', 'r2_job': '0', 'replace_status': '0', 'part_status': '0', 'r1_protective_gas': '610', 'r1_welding_wire': '0', 'r2_protective_gas': '0', 'r2_welding_wire': '0', 'login_id': '\n\x00\x00\x00\x00\x00\x00\x00\x00\x00', 'login_password': '\n\x00\x00\x00\x00\x00\x00\x00\x00\x00'}
2021-03-02  16:29:40 Tue root INFO ('\n\x07250 TJ1\x00', '5267', '48', 242, '4', '0', '181.6840362548828', '13.132956504821777', '0.0', '0', '104', '0', '0.0', '0.0', '0.0', '0', '0', '610', '0', '0', '0', '\n\x00\x00\x00\x00\x00\x00\x00\x00\x00', '\n\x00\x00\x00\x00\x00\x00\x00\x00\x00', '0', '0', '2021-03-02 16:29:40')
2021-03-02  16:29:40 Tue root INFO 成功添加数据
2021-03-02  16:29:40 Tue root INFO mes_plc_r3
2021-03-02  16:29:40 Tue root INFO 读取插入数据库数据：{'product_type': '\n\x07250 TJ3\x00', 'r1_equipment_status': '7315', 'fail_code': '48', 'recerve': '0', 'prod_num': 247, 'r1_rob_no': '4', 'r1_weld_line_no': '0', 'r1_electric': '184.31712341308594', 'r1_voltage': '13.816550254821777', 'r1_speed': '0.0', 'r1_job': '0', 'r2_rob_no': '104', 'r2_weld_line_no': '0', 'r2_electric': '0.0', 'r2_voltage': '0.0', 'r2_speed': '0.0', 'r2_job': '0', 'replace_status': '0', 'part_status': '0', 'r1_protective_gas': '572', 'r1_welding_wire': '0', 'r2_protective_gas': '0', 'r2_welding_wire': '0', 'login_id': '\n\x00\x00\x00\x00\x00\x00\x00\x00\x00', 'login_password': '\n\x00\x00\x00\x00\x00\x00\x00\x00\x00'}
2021-03-02  16:29:40 Tue root INFO ('\n\x07250 TJ3\x00', '7315', '48', 247, '4', '0', '184.31712341308594', '13.816550254821777', '0.0', '0', '104', '0', '0.0', '0.0', '0.0', '0', '0', '572', '0', '0', '0', '\n\x00\x00\x00\x00\x00\x00\x00\x00\x00', '\n\x00\x00\x00\x00\x00\x00\x00\x00\x00', '0', '0', '2021-03-02 16:29:40')
2021-03-02  16:29:40 Tue root INFO 成功添加数据
2021-03-02  16:29:40 Tue root INFO mes_plc_r4
2021-03-02  16:29:41 Tue root INFO 读取插入数据库数据：{'product_type': '\n\x07250 PCB\x00', 'r1_equipment_status': '6803', 'fail_code': '0', 'recerve': '0', 'prod_num': 33, 'r1_rob_no': '4', 'r1_weld_line_no': '0', 'r1_electric': '182.7401580810547', 'r1_voltage': '-15.13671875', 'r1_speed': '0.0', 'r1_job': '0', 'r2_rob_no': '104', 'r2_weld_line_no': '0', 'r2_electric': '0.0', 'r2_voltage': '0.0', 'r2_speed': '0.0', 'r2_job': '0', 'replace_status': '0', 'part_status': '0', 'r1_protective_gas': '2652', 'r1_welding_wire': '0', 'r2_protective_gas': '0', 'r2_welding_wire': '0', 'login_id': '\n\x00\x00\x00\x00\x00\x00\x00\x00\x00', 'login_password': '\n\x00\x00\x00\x00\x00\x00\x00\x00\x00'}
2021-03-02  16:29:41 Tue root INFO ('\n\x07250 PCB\x00', '6803', '0', 33, '4', '0', '182.7401580810547', '-15.13671875', '0.0', '0', '104', '0', '0.0', '0.0', '0.0', '0', '0', '2652', '0', '0', '0', '\n\x00\x00\x00\x00\x00\x00\x00\x00\x00', '\n\x00\x00\x00\x00\x00\x00\x00\x00\x00', '0', '0', '2021-03-02 16:29:41')
2021-03-02  16:29:41 Tue root INFO 成功添加数据
2021-03-02  16:29:41 Tue root INFO mes_plc_r5
2021-03-02  16:29:41 Tue root INFO 读取插入数据库数据：{'product_type': '\n\x00\x00\x00\x00\x00\x00\x00\x00\x00', 'r1_equipment_status': '6162', 'fail_code': '0', 'recerve': '0', 'prod_num': 0, 'r1_rob_no': '0', 'r1_weld_line_no': '0', 'r1_electric': '179.7887725830078', 'r1_voltage': '13.444010734558105', 'r1_speed': '0.0', 'r1_job': '0', 'r2_rob_no': '0', 'r2_weld_line_no': '0', 'r2_electric': '179.18113708496094', 'r2_voltage': '13.404224395751953', 'r2_speed': '0.0', 'r2_job': '0', 'replace_status': '0', 'part_status': '0', 'r1_protective_gas': '0', 'r1_welding_wire': '0', 'r2_protective_gas': '0', 'r2_welding_wire': '0', 'login_id': '\n\x00\x00\x00\x00\x00\x00\x00\x00\x00', 'login_password': '\n\x00\x00\x00\x00\x00\x00\x00\x00\x00'}
2021-03-02  16:29:41 Tue root INFO ('\n\x00\x00\x00\x00\x00\x00\x00\x00\x00', '6162', '0', 0, '0', '0', '179.7887725830078', '13.444010734558105', '0.0', '0', '0', '0', '179.18113708496094', '13.404224395751953', '0.0', '0', '0', '0', '0', '0', '0', '\n\x00\x00\x00\x00\x00\x00\x00\x00\x00', '\n\x00\x00\x00\x00\x00\x00\x00\x00\x00', '0', '0', '2021-03-02 16:29:41')
2021-03-02  16:29:41 Tue root INFO 成功添加数据
2021-03-02  16:29:41 Tue root INFO mes_plc_r6
2021-03-02  16:29:42 Tue root INFO 读取插入数据库数据：{'product_type': '\n\x00\x00\x00\x00\x00\x00\x00\x00\x00', 'r1_equipment_status': '0', 'fail_code': '0', 'recerve': '10', 'prod_num': 19, 'r1_rob_no': '0', 'r1_weld_line_no': '0', 'r1_electric': '0.0', 'r1_voltage': '0.0', 'r1_speed': '0.0', 'r1_job': '0', 'r2_rob_no': '0', 'r2_weld_line_no': '0', 'r2_electric': '0.0', 'r2_voltage': '0.0', 'r2_speed': '0.0', 'r2_job': '0', 'replace_status': '0', 'part_status': '0', 'r1_protective_gas': '0', 'r1_welding_wire': '0', 'r2_protective_gas': '0', 'r2_welding_wire': '0', 'login_id': '\n\x00\x00\x00\x00\x00\x00\x00\x00\x00', 'login_password': '\n\x00\x00\x00\x00\x00\x00\x00\x00\x00'}
2021-03-02  16:29:42 Tue root INFO ('\n\x00\x00\x00\x00\x00\x00\x00\x00\x00', '0', '0', 19, '0', '0', '0.0', '0.0', '0.0', '0', '0', '0', '0.0', '0.0', '0.0', '0', '0', '0', '0', '0', '0', '\n\x00\x00\x00\x00\x00\x00\x00\x00\x00', '\n\x00\x00\x00\x00\x00\x00\x00\x00\x00', '0', '10', '2021-03-02 16:29:42')
2021-03-02  16:29:42 Tue root INFO 成功添加数据
2021-03-02  16:30:42 Tue root INFO plc连接状态:[1, 1, 1, 1, 1, 1]
2021-03-02  16:30:42 Tue root INFO mes_plc
2021-03-02  16:30:42 Tue root INFO 读取插入数据库数据：{'product_type': '\n\x07250 YDG\x00', 'r1_equipment_status': '7315', 'fail_code': '0', 'recerve': '0', 'prod_num': 44, 'r1_rob_no': '4', 'r1_weld_line_no': '0', 'r1_electric': '182.16146850585938', 'r1_voltage': '13.29210090637207', 'r1_speed': '0.0', 'r1_job': '0', 'r2_rob_no': '104', 'r2_weld_line_no': '0', 'r2_electric': '0.0', 'r2_voltage': '0.0', 'r2_speed': '0.0', 'r2_job': '0', 'replace_status': '0', 'part_status': '0', 'r1_protective_gas': '0', 'r1_welding_wire': '0', 'r2_protective_gas': '0', 'r2_welding_wire': '0', 'login_id': '\n\x00\x00\x00\x00\x00\x00\x00\x00\x00', 'login_password': '\n\x00\x00\x00\x00\x00\x00\x00\x00\x00'}
2021-03-02  16:30:42 Tue root INFO ('\n\x07250 YDG\x00', '7315', '0', 44, '4', '0', '182.16146850585938', '13.29210090637207', '0.0', '0', '104', '0', '0.0', '0.0', '0.0', '0', '0', '0', '0', '0', '0', '\n\x00\x00\x00\x00\x00\x00\x00\x00\x00', '\n\x00\x00\x00\x00\x00\x00\x00\x00\x00', '0', '0', '2021-03-02 16:30:42')
2021-03-02  16:30:42 Tue root INFO 成功添加数据
2021-03-02  16:30:42 Tue root INFO mes_plc_r2
2021-03-02  16:30:42 Tue root INFO 读取插入数据库数据：{'product_type': '\n\x07250 TJ1\x00', 'r1_equipment_status': '5267', 'fail_code': '48', 'recerve': '0', 'prod_num': 242, 'r1_rob_no': '4', 'r1_weld_line_no': '0', 'r1_electric': '181.6840362548828', 'r1_voltage': '13.129340171813965', 'r1_speed': '0.0', 'r1_job': '0', 'r2_rob_no': '104', 'r2_weld_line_no': '0', 'r2_electric': '0.0', 'r2_voltage': '0.0', 'r2_speed': '0.0', 'r2_job': '0', 'replace_status': '0', 'part_status': '0', 'r1_protective_gas': '610', 'r1_welding_wire': '0', 'r2_protective_gas': '0', 'r2_welding_wire': '0', 'login_id': '\n\x00\x00\x00\x00\x00\x00\x00\x00\x00', 'login_password': '\n\x00\x00\x00\x00\x00\x00\x00\x00\x00'}
2021-03-02  16:30:42 Tue root INFO ('\n\x07250 TJ1\x00', '5267', '48', 242, '4', '0', '181.6840362548828', '13.129340171813965', '0.0', '0', '104', '0', '0.0', '0.0', '0.0', '0', '0', '610', '0', '0', '0', '\n\x00\x00\x00\x00\x00\x00\x00\x00\x00', '\n\x00\x00\x00\x00\x00\x00\x00\x00\x00', '0', '0', '2021-03-02 16:30:42')
2021-03-02  16:30:42 Tue root INFO 成功添加数据
2021-03-02  16:30:42 Tue root INFO mes_plc_r3
2021-03-02  16:30:43 Tue root INFO 读取插入数据库数据：{'product_type': '\n\x07250 TJ3\x00', 'r1_equipment_status': '7315', 'fail_code': '48', 'recerve': '0', 'prod_num': 247, 'r1_rob_no': '4', 'r1_weld_line_no': '0', 'r1_electric': '184.31712341308594', 'r1_voltage': '13.820168495178223', 'r1_speed': '0.0', 'r1_job': '0', 'r2_rob_no': '104', 'r2_weld_line_no': '0', 'r2_electric': '0.0', 'r2_voltage': '0.0', 'r2_speed': '0.0', 'r2_job': '0', 'replace_status': '0', 'part_status': '0', 'r1_protective_gas': '572', 'r1_welding_wire': '0', 'r2_protective_gas': '0', 'r2_welding_wire': '0', 'login_id': '\n\x00\x00\x00\x00\x00\x00\x00\x00\x00', 'login_password': '\n\x00\x00\x00\x00\x00\x00\x00\x00\x00'}
2021-03-02  16:30:43 Tue root INFO ('\n\x07250 TJ3\x00', '7315', '48', 247, '4', '0', '184.31712341308594', '13.820168495178223', '0.0', '0', '104', '0', '0.0', '0.0', '0.0', '0', '0', '572', '0', '0', '0', '\n\x00\x00\x00\x00\x00\x00\x00\x00\x00', '\n\x00\x00\x00\x00\x00\x00\x00\x00\x00', '0', '0', '2021-03-02 16:30:43')
2021-03-02  16:30:43 Tue root INFO 成功添加数据
2021-03-02  16:30:43 Tue root INFO mes_plc_r4
2021-03-02  16:30:43 Tue root INFO 读取插入数据库数据：{'product_type': '\n\x07250 PCB\x00', 'r1_equipment_status': '7169', 'fail_code': '0', 'recerve': '0', 'prod_num': 33, 'r1_rob_no': '4', 'r1_weld_line_no': '0', 'r1_electric': '182.7401580810547', 'r1_voltage': '13.187210083007812', 'r1_speed': '0.0', 'r1_job': '0', 'r2_rob_no': '104', 'r2_weld_line_no': '0', 'r2_electric': '0.0', 'r2_voltage': '0.0', 'r2_speed': '0.0', 'r2_job': '0', 'replace_status': '0', 'part_status': '0', 'r1_protective_gas': '2659', 'r1_welding_wire': '0', 'r2_protective_gas': '0', 'r2_welding_wire': '0', 'login_id': '\n\x00\x00\x00\x00\x00\x00\x00\x00\x00', 'login_password': '\n\x00\x00\x00\x00\x00\x00\x00\x00\x00'}
2021-03-02  16:30:43 Tue root INFO ('\n\x07250 PCB\x00', '7169', '0', 33, '4', '0', '182.7401580810547', '13.187210083007812', '0.0', '0', '104', '0', '0.0', '0.0', '0.0', '0', '0', '2659', '0', '0', '0', '\n\x00\x00\x00\x00\x00\x00\x00\x00\x00', '\n\x00\x00\x00\x00\x00\x00\x00\x00\x00', '0', '0', '2021-03-02 16:30:43')
2021-03-02  16:30:43 Tue root INFO 成功添加数据
2021-03-02  16:30:43 Tue root INFO mes_plc_r5
2021-03-02  16:30:43 Tue root INFO 读取插入数据库数据：{'product_type': '\n\x00\x00\x00\x00\x00\x00\x00\x00\x00', 'r1_equipment_status': '6162', 'fail_code': '0', 'recerve': '0', 'prod_num': 0, 'r1_rob_no': '0', 'r1_weld_line_no': '0', 'r1_electric': '179.7598419189453', 'r1_voltage': '13.46571159362793', 'r1_speed': '0.0', 'r1_job': '0', 'r2_rob_no': '0', 'r2_weld_line_no': '0', 'r2_electric': '179.3402862548828', 'r2_voltage': '13.418692588806152', 'r2_speed': '0.0', 'r2_job': '0', 'replace_status': '0', 'part_status': '0', 'r1_protective_gas': '0', 'r1_welding_wire': '0', 'r2_protective_gas': '0', 'r2_welding_wire': '0', 'login_id': '\n\x00\x00\x00\x00\x00\x00\x00\x00\x00', 'login_password': '\n\x00\x00\x00\x00\x00\x00\x00\x00\x00'}
2021-03-02  16:30:43 Tue root INFO ('\n\x00\x00\x00\x00\x00\x00\x00\x00\x00', '6162', '0', 0, '0', '0', '179.7598419189453', '13.46571159362793', '0.0', '0', '0', '0', '179.3402862548828', '13.418692588806152', '0.0', '0', '0', '0', '0', '0', '0', '\n\x00\x00\x00\x00\x00\x00\x00\x00\x00', '\n\x00\x00\x00\x00\x00\x00\x00\x00\x00', '0', '0', '2021-03-02 16:30:43')
2021-03-02  16:30:43 Tue root INFO 成功添加数据
2021-03-02  16:30:43 Tue root INFO mes_plc_r6
2021-03-02  16:30:44 Tue root INFO 读取插入数据库数据：{'product_type': '\n\x00\x00\x00\x00\x00\x00\x00\x00\x00', 'r1_equipment_status': '0', 'fail_code': '0', 'recerve': '10', 'prod_num': 19, 'r1_rob_no': '0', 'r1_weld_line_no': '0', 'r1_electric': '0.0', 'r1_voltage': '0.0', 'r1_speed': '0.0', 'r1_job': '0', 'r2_rob_no': '0', 'r2_weld_line_no': '0', 'r2_electric': '0.0', 'r2_voltage': '0.0', 'r2_speed': '0.0', 'r2_job': '0', 'replace_status': '0', 'part_status': '0', 'r1_protective_gas': '0', 'r1_welding_wire': '0', 'r2_protective_gas': '0', 'r2_welding_wire': '0', 'login_id': '\n\x00\x00\x00\x00\x00\x00\x00\x00\x00', 'login_password': '\n\x00\x00\x00\x00\x00\x00\x00\x00\x00'}
2021-03-02  16:30:44 Tue root INFO ('\n\x00\x00\x00\x00\x00\x00\x00\x00\x00', '0', '0', 19, '0', '0', '0.0', '0.0', '0.0', '0', '0', '0', '0.0', '0.0', '0.0', '0', '0', '0', '0', '0', '0', '\n\x00\x00\x00\x00\x00\x00\x00\x00\x00', '\n\x00\x00\x00\x00\x00\x00\x00\x00\x00', '0', '10', '2021-03-02 16:30:44')
2021-03-02  16:30:44 Tue root INFO 成功添加数据
2021-03-02  16:31:44 Tue root INFO plc连接状态:[1, 1, 1, 1, 1, 1]
2021-03-02  16:31:44 Tue root INFO mes_plc
2021-03-02  16:31:44 Tue root INFO 读取插入数据库数据：{'product_type': '\n\x07250 YDG\x00', 'r1_equipment_status': '7315', 'fail_code': '0', 'recerve': '0', 'prod_num': 44, 'r1_rob_no': '4', 'r1_weld_line_no': '0', 'r1_electric': '182.19039916992188', 'r1_voltage': '13.284866333007812', 'r1_speed': '0.0', 'r1_job': '0', 'r2_rob_no': '104', 'r2_weld_line_no': '0', 'r2_electric': '0.0', 'r2_voltage': '0.0', 'r2_speed': '0.0', 'r2_job': '0', 'replace_status': '0', 'part_status': '0', 'r1_protective_gas': '0', 'r1_welding_wire': '0', 'r2_protective_gas': '0', 'r2_welding_wire': '0', 'login_id': '\n\x00\x00\x00\x00\x00\x00\x00\x00\x00', 'login_password': '\n\x00\x00\x00\x00\x00\x00\x00\x00\x00'}
2021-03-02  16:31:44 Tue root INFO ('\n\x07250 YDG\x00', '7315', '0', 44, '4', '0', '182.19039916992188', '13.284866333007812', '0.0', '0', '104', '0', '0.0', '0.0', '0.0', '0', '0', '0', '0', '0', '0', '\n\x00\x00\x00\x00\x00\x00\x00\x00\x00', '\n\x00\x00\x00\x00\x00\x00\x00\x00\x00', '0', '0', '2021-03-02 16:31:44')
2021-03-02  16:31:44 Tue root INFO 成功添加数据
2021-03-02  16:31:44 Tue root INFO mes_plc_r2
2021-03-02  16:31:44 Tue root INFO 读取插入数据库数据：{'product_type': '\n\x07250 TJ1\x00', 'r1_equipment_status': '5267', 'fail_code': '48', 'recerve': '0', 'prod_num': 242, 'r1_rob_no': '4', 'r1_weld_line_no': '0', 'r1_electric': '181.7129669189453', 'r1_voltage': '13.132956504821777', 'r1_speed': '0.0', 'r1_job': '0', 'r2_rob_no': '104', 'r2_weld_line_no': '0', 'r2_electric': '0.0', 'r2_voltage': '0.0', 'r2_speed': '0.0', 'r2_job': '0', 'replace_status': '0', 'part_status': '0', 'r1_protective_gas': '610', 'r1_welding_wire': '0', 'r2_protective_gas': '0', 'r2_welding_wire': '0', 'login_id': '\n\x00\x00\x00\x00\x00\x00\x00\x00\x00', 'login_password': '\n\x00\x00\x00\x00\x00\x00\x00\x00\x00'}
2021-03-02  16:31:44 Tue root INFO ('\n\x07250 TJ1\x00', '5267', '48', 242, '4', '0', '181.7129669189453', '13.132956504821777', '0.0', '0', '104', '0', '0.0', '0.0', '0.0', '0', '0', '610', '0', '0', '0', '\n\x00\x00\x00\x00\x00\x00\x00\x00\x00', '\n\x00\x00\x00\x00\x00\x00\x00\x00\x00', '0', '0', '2021-03-02 16:31:44')
2021-03-02  16:31:45 Tue root INFO 成功添加数据
2021-03-02  16:31:45 Tue root INFO mes_plc_r3
2021-03-02  16:31:45 Tue root INFO 读取插入数据库数据：{'product_type': '\n\x07250 TJ3\x00', 'r1_equipment_status': '7315', 'fail_code': '48', 'recerve': '0', 'prod_num': 247, 'r1_rob_no': '4', 'r1_weld_line_no': '0', 'r1_electric': '184.2737274169922', 'r1_voltage': '13.823784828186035', 'r1_speed': '0.0', 'r1_job': '0', 'r2_rob_no': '104', 'r2_weld_line_no': '0', 'r2_electric': '0.0', 'r2_voltage': '0.0', 'r2_speed': '0.0', 'r2_job': '0', 'replace_status': '0', 'part_status': '0', 'r1_protective_gas': '572', 'r1_welding_wire': '0', 'r2_protective_gas': '0', 'r2_welding_wire': '0', 'login_id': '\n\x00\x00\x00\x00\x00\x00\x00\x00\x00', 'login_password': '\n\x00\x00\x00\x00\x00\x00\x00\x00\x00'}
2021-03-02  16:31:45 Tue root INFO ('\n\x07250 TJ3\x00', '7315', '48', 247, '4', '0', '184.2737274169922', '13.823784828186035', '0.0', '0', '104', '0', '0.0', '0.0', '0.0', '0', '0', '572', '0', '0', '0', '\n\x00\x00\x00\x00\x00\x00\x00\x00\x00', '\n\x00\x00\x00\x00\x00\x00\x00\x00\x00', '0', '0', '2021-03-02 16:31:45')
2021-03-02  16:31:45 Tue root INFO 成功添加数据
2021-03-02  16:31:45 Tue root INFO mes_plc_r4
2021-03-02  16:31:45 Tue root INFO 读取插入数据库数据：{'product_type': '\n\x07250 PCB\x00', 'r1_equipment_status': '7233', 'fail_code': '0', 'recerve': '0', 'prod_num': 33, 'r1_rob_no': '4', 'r1_weld_line_no': '0', 'r1_electric': '182.75462341308594', 'r1_voltage': '-14.044416427612305', 'r1_speed': '0.0', 'r1_job': '0', 'r2_rob_no': '104', 'r2_weld_line_no': '0', 'r2_electric': '0.0', 'r2_voltage': '0.0', 'r2_speed': '0.0', 'r2_job': '0', 'replace_status': '0', 'part_status': '0', 'r1_protective_gas': '2685', 'r1_welding_wire': '0', 'r2_protective_gas': '0', 'r2_welding_wire': '0', 'login_id': '\n\x00\x00\x00\x00\x00\x00\x00\x00\x00', 'login_password': '\n\x00\x00\x00\x00\x00\x00\x00\x00\x00'}
2021-03-02  16:31:45 Tue root INFO ('\n\x07250 PCB\x00', '7233', '0', 33, '4', '0', '182.75462341308594', '-14.044416427612305', '0.0', '0', '104', '0', '0.0', '0.0', '0.0', '0', '0', '2685', '0', '0', '0', '\n\x00\x00\x00\x00\x00\x00\x00\x00\x00', '\n\x00\x00\x00\x00\x00\x00\x00\x00\x00', '0', '0', '2021-03-02 16:31:45')
2021-03-02  16:31:45 Tue root INFO 成功添加数据
2021-03-02  16:31:45 Tue root INFO mes_plc_r5
2021-03-02  16:31:46 Tue root INFO 读取插入数据库数据：{'product_type': '\n\x00\x00\x00\x00\x00\x00\x00\x00\x00', 'r1_equipment_status': '6226', 'fail_code': '0', 'recerve': '0', 'prod_num': 0, 'r1_rob_no': '0', 'r1_weld_line_no': '0', 'r1_electric': '179.83216857910156', 'r1_voltage': '13.480178833007812', 'r1_speed': '0.0', 'r1_job': '0', 'r2_rob_no': '0', 'r2_weld_line_no': '0', 'r2_electric': '179.2534637451172', 'r2_voltage': '13.422308921813965', 'r2_speed': '0.0', 'r2_job': '0', 'replace_status': '0', 'part_status': '0', 'r1_protective_gas': '0', 'r1_welding_wire': '0', 'r2_protective_gas': '0', 'r2_welding_wire': '0', 'login_id': '\n\x00\x00\x00\x00\x00\x00\x00\x00\x00', 'login_password': '\n\x00\x00\x00\x00\x00\x00\x00\x00\x00'}
2021-03-02  16:31:46 Tue root INFO ('\n\x00\x00\x00\x00\x00\x00\x00\x00\x00', '6226', '0', 0, '0', '0', '179.83216857910156', '13.480178833007812', '0.0', '0', '0', '0', '179.2534637451172', '13.422308921813965', '0.0', '0', '0', '0', '0', '0', '0', '\n\x00\x00\x00\x00\x00\x00\x00\x00\x00', '\n\x00\x00\x00\x00\x00\x00\x00\x00\x00', '0', '0', '2021-03-02 16:31:46')
2021-03-02  16:31:46 Tue root INFO 成功添加数据
2021-03-02  16:31:46 Tue root INFO mes_plc_r6
2021-03-02  16:31:46 Tue root INFO 读取插入数据库数据：{'product_type': '\n\x00\x00\x00\x00\x00\x00\x00\x00\x00', 'r1_equipment_status': '0', 'fail_code': '0', 'recerve': '10', 'prod_num': 19, 'r1_rob_no': '0', 'r1_weld_line_no': '0', 'r1_electric': '0.0', 'r1_voltage': '0.0', 'r1_speed': '0.0', 'r1_job': '0', 'r2_rob_no': '0', 'r2_weld_line_no': '0', 'r2_electric': '0.0', 'r2_voltage': '0.0', 'r2_speed': '0.0', 'r2_job': '0', 'replace_status': '0', 'part_status': '0', 'r1_protective_gas': '0', 'r1_welding_wire': '0', 'r2_protective_gas': '0', 'r2_welding_wire': '0', 'login_id': '\n\x00\x00\x00\x00\x00\x00\x00\x00\x00', 'login_password': '\n\x00\x00\x00\x00\x00\x00\x00\x00\x00'}
2021-03-02  16:31:46 Tue root INFO ('\n\x00\x00\x00\x00\x00\x00\x00\x00\x00', '0', '0', 19, '0', '0', '0.0', '0.0', '0.0', '0', '0', '0', '0.0', '0.0', '0.0', '0', '0', '0', '0', '0', '0', '\n\x00\x00\x00\x00\x00\x00\x00\x00\x00', '\n\x00\x00\x00\x00\x00\x00\x00\x00\x00', '0', '10', '2021-03-02 16:31:46')
2021-03-02  16:31:46 Tue root INFO 成功添加数据
2021-03-02  16:32:46 Tue root INFO plc连接状态:[1, 1, 1, 1, 1, 1]
2021-03-02  16:32:46 Tue root INFO mes_plc
2021-03-02  16:32:46 Tue root INFO 读取插入数据库数据：{'product_type': '\n\x07250 YDG\x00', 'r1_equipment_status': '7315', 'fail_code': '0', 'recerve': '0', 'prod_num': 44, 'r1_rob_no': '4', 'r1_weld_line_no': '0', 'r1_electric': '182.19039916992188', 'r1_voltage': '13.284866333007812', 'r1_speed': '0.0', 'r1_job': '0', 'r2_rob_no': '104', 'r2_weld_line_no': '0', 'r2_electric': '0.0', 'r2_voltage': '0.0', 'r2_speed': '0.0', 'r2_job': '0', 'replace_status': '0', 'part_status': '0', 'r1_protective_gas': '0', 'r1_welding_wire': '0', 'r2_protective_gas': '0', 'r2_welding_wire': '0', 'login_id': '\n\x00\x00\x00\x00\x00\x00\x00\x00\x00', 'login_password': '\n\x00\x00\x00\x00\x00\x00\x00\x00\x00'}
2021-03-02  16:32:46 Tue root INFO ('\n\x07250 YDG\x00', '7315', '0', 44, '4', '0', '182.19039916992188', '13.284866333007812', '0.0', '0', '104', '0', '0.0', '0.0', '0.0', '0', '0', '0', '0', '0', '0', '\n\x00\x00\x00\x00\x00\x00\x00\x00\x00', '\n\x00\x00\x00\x00\x00\x00\x00\x00\x00', '0', '0', '2021-03-02 16:32:46')
2021-03-02  16:32:46 Tue root INFO 成功添加数据
2021-03-02  16:32:46 Tue root INFO mes_plc_r2
2021-03-02  16:32:47 Tue root INFO 读取插入数据库数据：{'product_type': '\n\x07250 TJ1\x00', 'r1_equipment_status': '5267', 'fail_code': '48', 'recerve': '0', 'prod_num': 242, 'r1_rob_no': '4', 'r1_weld_line_no': '0', 'r1_electric': '181.6840362548828', 'r1_voltage': '13.129340171813965', 'r1_speed': '0.0', 'r1_job': '0', 'r2_rob_no': '104', 'r2_weld_line_no': '0', 'r2_electric': '0.0', 'r2_voltage': '0.0', 'r2_speed': '0.0', 'r2_job': '0', 'replace_status': '0', 'part_status': '0', 'r1_protective_gas': '610', 'r1_welding_wire': '0', 'r2_protective_gas': '0', 'r2_welding_wire': '0', 'login_id': '\n\x00\x00\x00\x00\x00\x00\x00\x00\x00', 'login_password': '\n\x00\x00\x00\x00\x00\x00\x00\x00\x00'}
2021-03-02  16:32:47 Tue root INFO ('\n\x07250 TJ1\x00', '5267', '48', 242, '4', '0', '181.6840362548828', '13.129340171813965', '0.0', '0', '104', '0', '0.0', '0.0', '0.0', '0', '0', '610', '0', '0', '0', '\n\x00\x00\x00\x00\x00\x00\x00\x00\x00', '\n\x00\x00\x00\x00\x00\x00\x00\x00\x00', '0', '0', '2021-03-02 16:32:47')
2021-03-02  16:32:47 Tue root INFO 成功添加数据
2021-03-02  16:32:47 Tue root INFO mes_plc_r3
2021-03-02  16:32:47 Tue root INFO 读取插入数据库数据：{'product_type': '\n\x07250 TJ3\x00', 'r1_equipment_status': '7315', 'fail_code': '48', 'recerve': '0', 'prod_num': 247, 'r1_rob_no': '4', 'r1_weld_line_no': '0', 'r1_electric': '184.2737274169922', 'r1_voltage': '13.823784828186035', 'r1_speed': '0.0', 'r1_job': '0', 'r2_rob_no': '104', 'r2_weld_line_no': '0', 'r2_electric': '0.0', 'r2_voltage': '0.0', 'r2_speed': '0.0', 'r2_job': '0', 'replace_status': '0', 'part_status': '0', 'r1_protective_gas': '572', 'r1_welding_wire': '0', 'r2_protective_gas': '0', 'r2_welding_wire': '0', 'login_id': '\n\x00\x00\x00\x00\x00\x00\x00\x00\x00', 'login_password': '\n\x00\x00\x00\x00\x00\x00\x00\x00\x00'}
2021-03-02  16:32:47 Tue root INFO ('\n\x07250 TJ3\x00', '7315', '48', 247, '4', '0', '184.2737274169922', '13.823784828186035', '0.0', '0', '104', '0', '0.0', '0.0', '0.0', '0', '0', '572', '0', '0', '0', '\n\x00\x00\x00\x00\x00\x00\x00\x00\x00', '\n\x00\x00\x00\x00\x00\x00\x00\x00\x00', '0', '0', '2021-03-02 16:32:47')
2021-03-02  16:32:47 Tue root INFO 成功添加数据
2021-03-02  16:32:47 Tue root INFO mes_plc_r4
2021-03-02  16:32:47 Tue root INFO 读取插入数据库数据：{'product_type': '\n\x07250 PCB\x00', 'r1_equipment_status': '7233', 'fail_code': '0', 'recerve': '0', 'prod_num': 33, 'r1_rob_no': '4', 'r1_weld_line_no': '0', 'r1_electric': '182.68228149414062', 'r1_voltage': '118.51490783691406', 'r1_speed': '0.0', 'r1_job': '0', 'r2_rob_no': '104', 'r2_weld_line_no': '0', 'r2_electric': '0.0', 'r2_voltage': '0.0', 'r2_speed': '0.0', 'r2_job': '0', 'replace_status': '0', 'part_status': '0', 'r1_protective_gas': '2711', 'r1_welding_wire': '0', 'r2_protective_gas': '0', 'r2_welding_wire': '0', 'login_id': '\n\x00\x00\x00\x00\x00\x00\x00\x00\x00', 'login_password': '\n\x00\x00\x00\x00\x00\x00\x00\x00\x00'}
2021-03-02  16:32:47 Tue root INFO ('\n\x07250 PCB\x00', '7233', '0', 33, '4', '0', '182.68228149414062', '118.51490783691406', '0.0', '0', '104', '0', '0.0', '0.0', '0.0', '0', '0', '2711', '0', '0', '0', '\n\x00\x00\x00\x00\x00\x00\x00\x00\x00', '\n\x00\x00\x00\x00\x00\x00\x00\x00\x00', '0', '0', '2021-03-02 16:32:47')
2021-03-02  16:32:47 Tue root INFO 成功添加数据
2021-03-02  16:32:47 Tue root INFO mes_plc_r5
2021-03-02  16:32:48 Tue root INFO 读取插入数据库数据：{'product_type': '\n\x00\x00\x00\x00\x00\x00\x00\x00\x00', 'r1_equipment_status': '6162', 'fail_code': '0', 'recerve': '0', 'prod_num': 0, 'r1_rob_no': '0', 'r1_weld_line_no': '0', 'r1_electric': '179.91897583007812', 'r1_voltage': '13.436776161193848', 'r1_speed': '0.0', 'r1_job': '0', 'r2_rob_no': '0', 'r2_weld_line_no': '0', 'r2_electric': '179.3258056640625', 'r2_voltage': '13.411458015441895', 'r2_speed': '0.0', 'r2_job': '0', 'replace_status': '0', 'part_status': '0', 'r1_protective_gas': '0', 'r1_welding_wire': '0', 'r2_protective_gas': '0', 'r2_welding_wire': '0', 'login_id': '\n\x00\x00\x00\x00\x00\x00\x00\x00\x00', 'login_password': '\n\x00\x00\x00\x00\x00\x00\x00\x00\x00'}
2021-03-02  16:32:48 Tue root INFO ('\n\x00\x00\x00\x00\x00\x00\x00\x00\x00', '6162', '0', 0, '0', '0', '179.91897583007812', '13.436776161193848', '0.0', '0', '0', '0', '179.3258056640625', '13.411458015441895', '0.0', '0', '0', '0', '0', '0', '0', '\n\x00\x00\x00\x00\x00\x00\x00\x00\x00', '\n\x00\x00\x00\x00\x00\x00\x00\x00\x00', '0', '0', '2021-03-02 16:32:48')
2021-03-02  16:32:48 Tue root INFO 成功添加数据
2021-03-02  16:32:48 Tue root INFO mes_plc_r6
2021-03-02  16:32:48 Tue root INFO 读取插入数据库数据：{'product_type': '\n\x00\x00\x00\x00\x00\x00\x00\x00\x00', 'r1_equipment_status': '0', 'fail_code': '0', 'recerve': '10', 'prod_num': 19, 'r1_rob_no': '0', 'r1_weld_line_no': '0', 'r1_electric': '0.0', 'r1_voltage': '0.0', 'r1_speed': '0.0', 'r1_job': '0', 'r2_rob_no': '0', 'r2_weld_line_no': '0', 'r2_electric': '0.0', 'r2_voltage': '0.0', 'r2_speed': '0.0', 'r2_job': '0', 'replace_status': '0', 'part_status': '0', 'r1_protective_gas': '0', 'r1_welding_wire': '0', 'r2_protective_gas': '0', 'r2_welding_wire': '0', 'login_id': '\n\x00\x00\x00\x00\x00\x00\x00\x00\x00', 'login_password': '\n\x00\x00\x00\x00\x00\x00\x00\x00\x00'}
2021-03-02  16:32:48 Tue root INFO ('\n\x00\x00\x00\x00\x00\x00\x00\x00\x00', '0', '0', 19, '0', '0', '0.0', '0.0', '0.0', '0', '0', '0', '0.0', '0.0', '0.0', '0', '0', '0', '0', '0', '0', '\n\x00\x00\x00\x00\x00\x00\x00\x00\x00', '\n\x00\x00\x00\x00\x00\x00\x00\x00\x00', '0', '10', '2021-03-02 16:32:48')
2021-03-02  16:32:48 Tue root INFO 成功添加数据
2021-03-02  16:33:48 Tue root INFO plc连接状态:[1, 1, 1, 1, 1, 1]
2021-03-02  16:33:48 Tue root INFO mes_plc
2021-03-02  16:33:48 Tue root INFO 读取插入数据库数据：{'product_type': '\n\x07250 YDG\x00', 'r1_equipment_status': '7315', 'fail_code': '0', 'recerve': '0', 'prod_num': 44, 'r1_rob_no': '4', 'r1_weld_line_no': '0', 'r1_electric': '182.16146850585938', 'r1_voltage': '13.29210090637207', 'r1_speed': '0.0', 'r1_job': '0', 'r2_rob_no': '104', 'r2_weld_line_no': '0', 'r2_electric': '0.0', 'r2_voltage': '0.0', 'r2_speed': '0.0', 'r2_job': '0', 'replace_status': '0', 'part_status': '0', 'r1_protective_gas': '0', 'r1_welding_wire': '0', 'r2_protective_gas': '0', 'r2_welding_wire': '0', 'login_id': '\n\x00\x00\x00\x00\x00\x00\x00\x00\x00', 'login_password': '\n\x00\x00\x00\x00\x00\x00\x00\x00\x00'}
2021-03-02  16:33:48 Tue root INFO ('\n\x07250 YDG\x00', '7315', '0', 44, '4', '0', '182.16146850585938', '13.29210090637207', '0.0', '0', '104', '0', '0.0', '0.0', '0.0', '0', '0', '0', '0', '0', '0', '\n\x00\x00\x00\x00\x00\x00\x00\x00\x00', '\n\x00\x00\x00\x00\x00\x00\x00\x00\x00', '0', '0', '2021-03-02 16:33:48')
2021-03-02  16:33:48 Tue root INFO 成功添加数据
2021-03-02  16:33:48 Tue root INFO mes_plc_r2
2021-03-02  16:33:49 Tue root INFO 读取插入数据库数据：{'product_type': '\n\x07250 TJ1\x00', 'r1_equipment_status': '5267', 'fail_code': '48', 'recerve': '0', 'prod_num': 242, 'r1_rob_no': '4', 'r1_weld_line_no': '0', 'r1_electric': '181.72743225097656', 'r1_voltage': '13.132956504821777', 'r1_speed': '0.0', 'r1_job': '0', 'r2_rob_no': '104', 'r2_weld_line_no': '0', 'r2_electric': '0.0', 'r2_voltage': '0.0', 'r2_speed': '0.0', 'r2_job': '0', 'replace_status': '0', 'part_status': '0', 'r1_protective_gas': '610', 'r1_welding_wire': '0', 'r2_protective_gas': '0', 'r2_welding_wire': '0', 'login_id': '\n\x00\x00\x00\x00\x00\x00\x00\x00\x00', 'login_password': '\n\x00\x00\x00\x00\x00\x00\x00\x00\x00'}
2021-03-02  16:33:49 Tue root INFO ('\n\x07250 TJ1\x00', '5267', '48', 242, '4', '0', '181.72743225097656', '13.132956504821777', '0.0', '0', '104', '0', '0.0', '0.0', '0.0', '0', '0', '610', '0', '0', '0', '\n\x00\x00\x00\x00\x00\x00\x00\x00\x00', '\n\x00\x00\x00\x00\x00\x00\x00\x00\x00', '0', '0', '2021-03-02 16:33:49')
2021-03-02  16:33:49 Tue root INFO 成功添加数据
2021-03-02  16:33:49 Tue root INFO mes_plc_r3
2021-03-02  16:33:49 Tue root INFO 读取插入数据库数据：{'product_type': '\n\x07250 TJ3\x00', 'r1_equipment_status': '7315', 'fail_code': '48', 'recerve': '0', 'prod_num': 247, 'r1_rob_no': '4', 'r1_weld_line_no': '0', 'r1_electric': '184.2737274169922', 'r1_voltage': '13.809317588806152', 'r1_speed': '0.0', 'r1_job': '0', 'r2_rob_no': '104', 'r2_weld_line_no': '0', 'r2_electric': '0.0', 'r2_voltage': '0.0', 'r2_speed': '0.0', 'r2_job': '0', 'replace_status': '0', 'part_status': '0', 'r1_protective_gas': '572', 'r1_welding_wire': '0', 'r2_protective_gas': '0', 'r2_welding_wire': '0', 'login_id': '\n\x00\x00\x00\x00\x00\x00\x00\x00\x00', 'login_password': '\n\x00\x00\x00\x00\x00\x00\x00\x00\x00'}
2021-03-02  16:33:49 Tue root INFO ('\n\x07250 TJ3\x00', '7315', '48', 247, '4', '0', '184.2737274169922', '13.809317588806152', '0.0', '0', '104', '0', '0.0', '0.0', '0.0', '0', '0', '572', '0', '0', '0', '\n\x00\x00\x00\x00\x00\x00\x00\x00\x00', '\n\x00\x00\x00\x00\x00\x00\x00\x00\x00', '0', '0', '2021-03-02 16:33:49')
2021-03-02  16:33:49 Tue root INFO 成功添加数据
2021-03-02  16:33:49 Tue root INFO mes_plc_r4
2021-03-02  16:33:49 Tue root INFO 读取插入数据库数据：{'product_type': '\n\x07250 PCB\x00', 'r1_equipment_status': '6803', 'fail_code': '0', 'recerve': '0', 'prod_num': 34, 'r1_rob_no': '4', 'r1_weld_line_no': '0', 'r1_electric': '182.60995483398438', 'r1_voltage': '12.767650604248047', 'r1_speed': '0.0', 'r1_job': '0', 'r2_rob_no': '104', 'r2_weld_line_no': '0', 'r2_electric': '0.0', 'r2_voltage': '0.0', 'r2_speed': '0.0', 'r2_job': '0', 'replace_status': '0', 'part_status': '0', 'r1_protective_gas': '2722', 'r1_welding_wire': '0', 'r2_protective_gas': '0', 'r2_welding_wire': '0', 'login_id': '\n\x00\x00\x00\x00\x00\x00\x00\x00\x00', 'login_password': '\n\x00\x00\x00\x00\x00\x00\x00\x00\x00'}
2021-03-02  16:33:49 Tue root INFO ('\n\x07250 PCB\x00', '6803', '0', 34, '4', '0', '182.60995483398438', '12.767650604248047', '0.0', '0', '104', '0', '0.0', '0.0', '0.0', '0', '0', '2722', '0', '0', '0', '\n\x00\x00\x00\x00\x00\x00\x00\x00\x00', '\n\x00\x00\x00\x00\x00\x00\x00\x00\x00', '0', '0', '2021-03-02 16:33:49')
2021-03-02  16:33:49 Tue root INFO 成功添加数据
2021-03-02  16:33:49 Tue root INFO mes_plc_r5
2021-03-02  16:33:50 Tue root INFO 读取插入数据库数据：{'product_type': '\n\x00\x00\x00\x00\x00\x00\x00\x00\x00', 'r1_equipment_status': '6226', 'fail_code': '0', 'recerve': '0', 'prod_num': 0, 'r1_rob_no': '0', 'r1_weld_line_no': '0', 'r1_electric': '179.80323791503906', 'r1_voltage': '13.45486068725586', 'r1_speed': '0.0', 'r1_job': '0', 'r2_rob_no': '0', 'r2_weld_line_no': '0', 'r2_electric': '179.2679443359375', 'r2_voltage': '13.404224395751953', 'r2_speed': '0.0', 'r2_job': '0', 'replace_status': '0', 'part_status': '0', 'r1_protective_gas': '0', 'r1_welding_wire': '0', 'r2_protective_gas': '0', 'r2_welding_wire': '0', 'login_id': '\n\x00\x00\x00\x00\x00\x00\x00\x00\x00', 'login_password': '\n\x00\x00\x00\x00\x00\x00\x00\x00\x00'}
2021-03-02  16:33:50 Tue root INFO ('\n\x00\x00\x00\x00\x00\x00\x00\x00\x00', '6226', '0', 0, '0', '0', '179.80323791503906', '13.45486068725586', '0.0', '0', '0', '0', '179.2679443359375', '13.404224395751953', '0.0', '0', '0', '0', '0', '0', '0', '\n\x00\x00\x00\x00\x00\x00\x00\x00\x00', '\n\x00\x00\x00\x00\x00\x00\x00\x00\x00', '0', '0', '2021-03-02 16:33:50')
2021-03-02  16:33:50 Tue root INFO 成功添加数据
2021-03-02  16:33:50 Tue root INFO mes_plc_r6
2021-03-02  16:33:50 Tue root INFO 读取插入数据库数据：{'product_type': '\n\x00\x00\x00\x00\x00\x00\x00\x00\x00', 'r1_equipment_status': '0', 'fail_code': '0', 'recerve': '10', 'prod_num': 19, 'r1_rob_no': '0', 'r1_weld_line_no': '0', 'r1_electric': '0.0', 'r1_voltage': '0.0', 'r1_speed': '0.0', 'r1_job': '0', 'r2_rob_no': '0', 'r2_weld_line_no': '0', 'r2_electric': '0.0', 'r2_voltage': '0.0', 'r2_speed': '0.0', 'r2_job': '0', 'replace_status': '0', 'part_status': '0', 'r1_protective_gas': '0', 'r1_welding_wire': '0', 'r2_protective_gas': '0', 'r2_welding_wire': '0', 'login_id': '\n\x00\x00\x00\x00\x00\x00\x00\x00\x00', 'login_password': '\n\x00\x00\x00\x00\x00\x00\x00\x00\x00'}
2021-03-02  16:33:50 Tue root INFO ('\n\x00\x00\x00\x00\x00\x00\x00\x00\x00', '0', '0', 19, '0', '0', '0.0', '0.0', '0.0', '0', '0', '0', '0.0', '0.0', '0.0', '0', '0', '0', '0', '0', '0', '\n\x00\x00\x00\x00\x00\x00\x00\x00\x00', '\n\x00\x00\x00\x00\x00\x00\x00\x00\x00', '0', '10', '2021-03-02 16:33:50')
2021-03-02  16:33:50 Tue root INFO 成功添加数据
2021-03-02  16:34:50 Tue root INFO plc连接状态:[1, 1, 1, 1, 1, 1]
2021-03-02  16:34:50 Tue root INFO mes_plc
2021-03-02  16:34:51 Tue root INFO 读取插入数据库数据：{'product_type': '\n\x07250 YDG\x00', 'r1_equipment_status': '7315', 'fail_code': '0', 'recerve': '0', 'prod_num': 44, 'r1_rob_no': '4', 'r1_weld_line_no': '0', 'r1_electric': '182.17591857910156', 'r1_voltage': '13.284866333007812', 'r1_speed': '0.0', 'r1_job': '0', 'r2_rob_no': '104', 'r2_weld_line_no': '0', 'r2_electric': '0.0', 'r2_voltage': '0.0', 'r2_speed': '0.0', 'r2_job': '0', 'replace_status': '0', 'part_status': '0', 'r1_protective_gas': '0', 'r1_welding_wire': '0', 'r2_protective_gas': '0', 'r2_welding_wire': '0', 'login_id': '\n\x00\x00\x00\x00\x00\x00\x00\x00\x00', 'login_password': '\n\x00\x00\x00\x00\x00\x00\x00\x00\x00'}
2021-03-02  16:34:51 Tue root INFO ('\n\x07250 YDG\x00', '7315', '0', 44, '4', '0', '182.17591857910156', '13.284866333007812', '0.0', '0', '104', '0', '0.0', '0.0', '0.0', '0', '0', '0', '0', '0', '0', '\n\x00\x00\x00\x00\x00\x00\x00\x00\x00', '\n\x00\x00\x00\x00\x00\x00\x00\x00\x00', '0', '0', '2021-03-02 16:34:51')
2021-03-02  16:34:51 Tue root INFO 成功添加数据
2021-03-02  16:34:51 Tue root INFO mes_plc_r2
2021-03-02  16:34:51 Tue root INFO 读取插入数据库数据：{'product_type': '\n\x07250 TJ1\x00', 'r1_equipment_status': '5267', 'fail_code': '48', 'recerve': '0', 'prod_num': 242, 'r1_rob_no': '4', 'r1_weld_line_no': '0', 'r1_electric': '181.7418975830078', 'r1_voltage': '13.12210750579834', 'r1_speed': '0.0', 'r1_job': '0', 'r2_rob_no': '104', 'r2_weld_line_no': '0', 'r2_electric': '0.0', 'r2_voltage': '0.0', 'r2_speed': '0.0', 'r2_job': '0', 'replace_status': '0', 'part_status': '0', 'r1_protective_gas': '610', 'r1_welding_wire': '0', 'r2_protective_gas': '0', 'r2_welding_wire': '0', 'login_id': '\n\x00\x00\x00\x00\x00\x00\x00\x00\x00', 'login_password': '\n\x00\x00\x00\x00\x00\x00\x00\x00\x00'}
2021-03-02  16:34:51 Tue root INFO ('\n\x07250 TJ1\x00', '5267', '48', 242, '4', '0', '181.7418975830078', '13.12210750579834', '0.0', '0', '104', '0', '0.0', '0.0', '0.0', '0', '0', '610', '0', '0', '0', '\n\x00\x00\x00\x00\x00\x00\x00\x00\x00', '\n\x00\x00\x00\x00\x00\x00\x00\x00\x00', '0', '0', '2021-03-02 16:34:51')
2021-03-02  16:34:51 Tue root INFO 成功添加数据
2021-03-02  16:34:51 Tue root INFO mes_plc_r3
2021-03-02  16:34:51 Tue root INFO 读取插入数据库数据：{'product_type': '\n\x07250 TJ3\x00', 'r1_equipment_status': '7315', 'fail_code': '48', 'recerve': '0', 'prod_num': 247, 'r1_rob_no': '4', 'r1_weld_line_no': '0', 'r1_electric': '184.2737274169922', 'r1_voltage': '13.820168495178223', 'r1_speed': '0.0', 'r1_job': '0', 'r2_rob_no': '104', 'r2_weld_line_no': '0', 'r2_electric': '0.0', 'r2_voltage': '0.0', 'r2_speed': '0.0', 'r2_job': '0', 'replace_status': '0', 'part_status': '0', 'r1_protective_gas': '572', 'r1_welding_wire': '0', 'r2_protective_gas': '0', 'r2_welding_wire': '0', 'login_id': '\n\x00\x00\x00\x00\x00\x00\x00\x00\x00', 'login_password': '\n\x00\x00\x00\x00\x00\x00\x00\x00\x00'}
2021-03-02  16:34:51 Tue root INFO ('\n\x07250 TJ3\x00', '7315', '48', 247, '4', '0', '184.2737274169922', '13.820168495178223', '0.0', '0', '104', '0', '0.0', '0.0', '0.0', '0', '0', '572', '0', '0', '0', '\n\x00\x00\x00\x00\x00\x00\x00\x00\x00', '\n\x00\x00\x00\x00\x00\x00\x00\x00\x00', '0', '0', '2021-03-02 16:34:51')
2021-03-02  16:34:51 Tue root INFO 成功添加数据
2021-03-02  16:34:51 Tue root INFO mes_plc_r4
2021-03-02  16:34:52 Tue root INFO 读取插入数据库数据：{'product_type': '\n\x07250 PCB\x00', 'r1_equipment_status': '6803', 'fail_code': '0', 'recerve': '0', 'prod_num': 34, 'r1_rob_no': '4', 'r1_weld_line_no': '0', 'r1_electric': '182.7401580810547', 'r1_voltage': '-15.79861068725586', 'r1_speed': '0.0', 'r1_job': '0', 'r2_rob_no': '104', 'r2_weld_line_no': '0', 'r2_electric': '0.0', 'r2_voltage': '0.0', 'r2_speed': '0.0', 'r2_job': '0', 'replace_status': '0', 'part_status': '0', 'r1_protective_gas': '2748', 'r1_welding_wire': '0', 'r2_protective_gas': '0', 'r2_welding_wire': '0', 'login_id': '\n\x00\x00\x00\x00\x00\x00\x00\x00\x00', 'login_password': '\n\x00\x00\x00\x00\x00\x00\x00\x00\x00'}
2021-03-02  16:34:52 Tue root INFO ('\n\x07250 PCB\x00', '6803', '0', 34, '4', '0', '182.7401580810547', '-15.79861068725586', '0.0', '0', '104', '0', '0.0', '0.0', '0.0', '0', '0', '2748', '0', '0', '0', '\n\x00\x00\x00\x00\x00\x00\x00\x00\x00', '\n\x00\x00\x00\x00\x00\x00\x00\x00\x00', '0', '0', '2021-03-02 16:34:52')
2021-03-02  16:34:52 Tue root INFO 成功添加数据
2021-03-02  16:34:52 Tue root INFO mes_plc_r5
2021-03-02  16:34:52 Tue root INFO 读取插入数据库数据：{'product_type': '\n\x00\x00\x00\x00\x00\x00\x00\x00\x00', 'r1_equipment_status': '6226', 'fail_code': '0', 'recerve': '0', 'prod_num': 0, 'r1_rob_no': '0', 'r1_weld_line_no': '0', 'r1_electric': '179.83216857910156', 'r1_voltage': '13.436776161193848', 'r1_speed': '0.0', 'r1_job': '0', 'r2_rob_no': '0', 'r2_weld_line_no': '0', 'r2_electric': '179.28240966796875', 'r2_voltage': '13.418692588806152', 'r2_speed': '0.0', 'r2_job': '0', 'replace_status': '0', 'part_status': '0', 'r1_protective_gas': '0', 'r1_welding_wire': '0', 'r2_protective_gas': '0', 'r2_welding_wire': '0', 'login_id': '\n\x00\x00\x00\x00\x00\x00\x00\x00\x00', 'login_password': '\n\x00\x00\x00\x00\x00\x00\x00\x00\x00'}
2021-03-02  16:34:52 Tue root INFO ('\n\x00\x00\x00\x00\x00\x00\x00\x00\x00', '6226', '0', 0, '0', '0', '179.83216857910156', '13.436776161193848', '0.0', '0', '0', '0', '179.28240966796875', '13.418692588806152', '0.0', '0', '0', '0', '0', '0', '0', '\n\x00\x00\x00\x00\x00\x00\x00\x00\x00', '\n\x00\x00\x00\x00\x00\x00\x00\x00\x00', '0', '0', '2021-03-02 16:34:52')
2021-03-02  16:34:52 Tue root INFO 成功添加数据
2021-03-02  16:34:52 Tue root INFO mes_plc_r6
2021-03-02  16:34:52 Tue root INFO 读取插入数据库数据：{'product_type': '\n\x00\x00\x00\x00\x00\x00\x00\x00\x00', 'r1_equipment_status': '0', 'fail_code': '0', 'recerve': '10', 'prod_num': 19, 'r1_rob_no': '0', 'r1_weld_line_no': '0', 'r1_electric': '0.0', 'r1_voltage': '0.0', 'r1_speed': '0.0', 'r1_job': '0', 'r2_rob_no': '0', 'r2_weld_line_no': '0', 'r2_electric': '0.0', 'r2_voltage': '0.0', 'r2_speed': '0.0', 'r2_job': '0', 'replace_status': '0', 'part_status': '0', 'r1_protective_gas': '0', 'r1_welding_wire': '0', 'r2_protective_gas': '0', 'r2_welding_wire': '0', 'login_id': '\n\x00\x00\x00\x00\x00\x00\x00\x00\x00', 'login_password': '\n\x00\x00\x00\x00\x00\x00\x00\x00\x00'}
2021-03-02  16:34:52 Tue root INFO ('\n\x00\x00\x00\x00\x00\x00\x00\x00\x00', '0', '0', 19, '0', '0', '0.0', '0.0', '0.0', '0', '0', '0', '0.0', '0.0', '0.0', '0', '0', '0', '0', '0', '0', '\n\x00\x00\x00\x00\x00\x00\x00\x00\x00', '\n\x00\x00\x00\x00\x00\x00\x00\x00\x00', '0', '10', '2021-03-02 16:34:52')
2021-03-02  16:34:52 Tue root INFO 成功添加数据
2021-03-02  16:35:52 Tue root INFO plc连接状态:[1, 1, 1, 1, 1, 1]
2021-03-02  16:35:52 Tue root INFO mes_plc
2021-03-02  16:35:53 Tue root INFO 读取插入数据库数据：{'product_type': '\n\x07250 YDG\x00', 'r1_equipment_status': '7315', 'fail_code': '0', 'recerve': '0', 'prod_num': 44, 'r1_rob_no': '4', 'r1_weld_line_no': '0', 'r1_electric': '182.17591857910156', 'r1_voltage': '13.295717239379883', 'r1_speed': '0.0', 'r1_job': '0', 'r2_rob_no': '104', 'r2_weld_line_no': '0', 'r2_electric': '0.0', 'r2_voltage': '0.0', 'r2_speed': '0.0', 'r2_job': '0', 'replace_status': '0', 'part_status': '0', 'r1_protective_gas': '0', 'r1_welding_wire': '0', 'r2_protective_gas': '0', 'r2_welding_wire': '0', 'login_id': '\n\x00\x00\x00\x00\x00\x00\x00\x00\x00', 'login_password': '\n\x00\x00\x00\x00\x00\x00\x00\x00\x00'}
2021-03-02  16:35:53 Tue root INFO ('\n\x07250 YDG\x00', '7315', '0', 44, '4', '0', '182.17591857910156', '13.295717239379883', '0.0', '0', '104', '0', '0.0', '0.0', '0.0', '0', '0', '0', '0', '0', '0', '\n\x00\x00\x00\x00\x00\x00\x00\x00\x00', '\n\x00\x00\x00\x00\x00\x00\x00\x00\x00', '0', '0', '2021-03-02 16:35:53')
2021-03-02  16:35:53 Tue root INFO 成功添加数据
2021-03-02  16:35:53 Tue root INFO mes_plc_r2
2021-03-02  16:35:53 Tue root INFO 读取插入数据库数据：{'product_type': '\n\x07250 TJ1\x00', 'r1_equipment_status': '5267', 'fail_code': '48', 'recerve': '0', 'prod_num': 242, 'r1_rob_no': '4', 'r1_weld_line_no': '0', 'r1_electric': '181.75636291503906', 'r1_voltage': '13.129340171813965', 'r1_speed': '0.0', 'r1_job': '0', 'r2_rob_no': '104', 'r2_weld_line_no': '0', 'r2_electric': '0.0', 'r2_voltage': '0.0', 'r2_speed': '0.0', 'r2_job': '0', 'replace_status': '0', 'part_status': '0', 'r1_protective_gas': '610', 'r1_welding_wire': '0', 'r2_protective_gas': '0', 'r2_welding_wire': '0', 'login_id': '\n\x00\x00\x00\x00\x00\x00\x00\x00\x00', 'login_password': '\n\x00\x00\x00\x00\x00\x00\x00\x00\x00'}
2021-03-02  16:35:53 Tue root INFO ('\n\x07250 TJ1\x00', '5267', '48', 242, '4', '0', '181.75636291503906', '13.129340171813965', '0.0', '0', '104', '0', '0.0', '0.0', '0.0', '0', '0', '610', '0', '0', '0', '\n\x00\x00\x00\x00\x00\x00\x00\x00\x00', '\n\x00\x00\x00\x00\x00\x00\x00\x00\x00', '0', '0', '2021-03-02 16:35:53')
2021-03-02  16:35:53 Tue root INFO 成功添加数据
2021-03-02  16:35:53 Tue root INFO mes_plc_r3
2021-03-02  16:35:53 Tue root INFO 读取插入数据库数据：{'product_type': '\n\x07250 TJ3\x00', 'r1_equipment_status': '7315', 'fail_code': '48', 'recerve': '0', 'prod_num': 247, 'r1_rob_no': '4', 'r1_weld_line_no': '0', 'r1_electric': '184.25926208496094', 'r1_voltage': '13.827401161193848', 'r1_speed': '0.0', 'r1_job': '0', 'r2_rob_no': '104', 'r2_weld_line_no': '0', 'r2_electric': '0.0', 'r2_voltage': '0.0', 'r2_speed': '0.0', 'r2_job': '0', 'replace_status': '0', 'part_status': '0', 'r1_protective_gas': '572', 'r1_welding_wire': '0', 'r2_protective_gas': '0', 'r2_welding_wire': '0', 'login_id': '\n\x00\x00\x00\x00\x00\x00\x00\x00\x00', 'login_password': '\n\x00\x00\x00\x00\x00\x00\x00\x00\x00'}
2021-03-02  16:35:53 Tue root INFO ('\n\x07250 TJ3\x00', '7315', '48', 247, '4', '0', '184.25926208496094', '13.827401161193848', '0.0', '0', '104', '0', '0.0', '0.0', '0.0', '0', '0', '572', '0', '0', '0', '\n\x00\x00\x00\x00\x00\x00\x00\x00\x00', '\n\x00\x00\x00\x00\x00\x00\x00\x00\x00', '0', '0', '2021-03-02 16:35:53')
2021-03-02  16:35:53 Tue root INFO 成功添加数据
2021-03-02  16:35:53 Tue root INFO mes_plc_r4
2021-03-02  16:35:54 Tue root INFO 读取插入数据库数据：{'product_type': '\n\x07250 PCB\x00', 'r1_equipment_status': '7233', 'fail_code': '0', 'recerve': '0', 'prod_num': 34, 'r1_rob_no': '4', 'r1_weld_line_no': '0', 'r1_electric': '182.72569274902344', 'r1_voltage': '-16.09157943725586', 'r1_speed': '0.0', 'r1_job': '0', 'r2_rob_no': '104', 'r2_weld_line_no': '0', 'r2_electric': '0.0', 'r2_voltage': '0.0', 'r2_speed': '0.0', 'r2_job': '0', 'replace_status': '0', 'part_status': '0', 'r1_protective_gas': '2765', 'r1_welding_wire': '0', 'r2_protective_gas': '0', 'r2_welding_wire': '0', 'login_id': '\n\x00\x00\x00\x00\x00\x00\x00\x00\x00', 'login_password': '\n\x00\x00\x00\x00\x00\x00\x00\x00\x00'}
2021-03-02  16:35:54 Tue root INFO ('\n\x07250 PCB\x00', '7233', '0', 34, '4', '0', '182.72569274902344', '-16.09157943725586', '0.0', '0', '104', '0', '0.0', '0.0', '0.0', '0', '0', '2765', '0', '0', '0', '\n\x00\x00\x00\x00\x00\x00\x00\x00\x00', '\n\x00\x00\x00\x00\x00\x00\x00\x00\x00', '0', '0', '2021-03-02 16:35:54')
2021-03-02  16:35:54 Tue root INFO 成功添加数据
2021-03-02  16:35:54 Tue root INFO mes_plc_r5
2021-03-02  16:35:54 Tue root INFO 读取插入数据库数据：{'product_type': '\n\x00\x00\x00\x00\x00\x00\x00\x00\x00', 'r1_equipment_status': '6290', 'fail_code': '0', 'recerve': '0', 'prod_num': 0, 'r1_rob_no': '0', 'r1_weld_line_no': '0', 'r1_electric': '179.84664916992188', 'r1_voltage': '13.447627067565918', 'r1_speed': '0.0', 'r1_job': '0', 'r2_rob_no': '0', 'r2_weld_line_no': '0', 'r2_electric': '179.28240966796875', 'r2_voltage': '13.418692588806152', 'r2_speed': '0.0', 'r2_job': '0', 'replace_status': '0', 'part_status': '0', 'r1_protective_gas': '1', 'r1_welding_wire': '0', 'r2_protective_gas': '0', 'r2_welding_wire': '0', 'login_id': '\n\x00\x00\x00\x00\x00\x00\x00\x00\x00', 'login_password': '\n\x00\x00\x00\x00\x00\x00\x00\x00\x00'}
2021-03-02  16:35:54 Tue root INFO ('\n\x00\x00\x00\x00\x00\x00\x00\x00\x00', '6290', '0', 0, '0', '0', '179.84664916992188', '13.447627067565918', '0.0', '0', '0', '0', '179.28240966796875', '13.418692588806152', '0.0', '0', '0', '1', '0', '0', '0', '\n\x00\x00\x00\x00\x00\x00\x00\x00\x00', '\n\x00\x00\x00\x00\x00\x00\x00\x00\x00', '0', '0', '2021-03-02 16:35:54')
2021-03-02  16:35:54 Tue root INFO 成功添加数据
2021-03-02  16:35:54 Tue root INFO mes_plc_r6
2021-03-02  16:35:54 Tue root INFO 读取插入数据库数据：{'product_type': '\n\x00\x00\x00\x00\x00\x00\x00\x00\x00', 'r1_equipment_status': '0', 'fail_code': '0', 'recerve': '10', 'prod_num': 19, 'r1_rob_no': '0', 'r1_weld_line_no': '0', 'r1_electric': '0.0', 'r1_voltage': '0.0', 'r1_speed': '0.0', 'r1_job': '0', 'r2_rob_no': '0', 'r2_weld_line_no': '0', 'r2_electric': '0.0', 'r2_voltage': '0.0', 'r2_speed': '0.0', 'r2_job': '0', 'replace_status': '0', 'part_status': '0', 'r1_protective_gas': '0', 'r1_welding_wire': '0', 'r2_protective_gas': '0', 'r2_welding_wire': '0', 'login_id': '\n\x00\x00\x00\x00\x00\x00\x00\x00\x00', 'login_password': '\n\x00\x00\x00\x00\x00\x00\x00\x00\x00'}
2021-03-02  16:35:54 Tue root INFO ('\n\x00\x00\x00\x00\x00\x00\x00\x00\x00', '0', '0', 19, '0', '0', '0.0', '0.0', '0.0', '0', '0', '0', '0.0', '0.0', '0.0', '0', '0', '0', '0', '0', '0', '\n\x00\x00\x00\x00\x00\x00\x00\x00\x00', '\n\x00\x00\x00\x00\x00\x00\x00\x00\x00', '0', '10', '2021-03-02 16:35:54')
2021-03-02  16:35:55 Tue root INFO 成功添加数据
2021-03-02  16:36:55 Tue root INFO plc连接状态:[1, 1, 1, 1, 1, 1]
2021-03-02  16:36:55 Tue root INFO mes_plc
2021-03-02  16:36:55 Tue root INFO 读取插入数据库数据：{'product_type': '\n\x07250 YDG\x00', 'r1_equipment_status': '7315', 'fail_code': '0', 'recerve': '0', 'prod_num': 44, 'r1_rob_no': '4', 'r1_weld_line_no': '0', 'r1_electric': '182.23379516601562', 'r1_voltage': '13.29210090637207', 'r1_speed': '0.0', 'r1_job': '0', 'r2_rob_no': '104', 'r2_weld_line_no': '0', 'r2_electric': '0.0', 'r2_voltage': '0.0', 'r2_speed': '0.0', 'r2_job': '0', 'replace_status': '0', 'part_status': '0', 'r1_protective_gas': '0', 'r1_welding_wire': '0', 'r2_protective_gas': '0', 'r2_welding_wire': '0', 'login_id': '\n\x00\x00\x00\x00\x00\x00\x00\x00\x00', 'login_password': '\n\x00\x00\x00\x00\x00\x00\x00\x00\x00'}
2021-03-02  16:36:55 Tue root INFO ('\n\x07250 YDG\x00', '7315', '0', 44, '4', '0', '182.23379516601562', '13.29210090637207', '0.0', '0', '104', '0', '0.0', '0.0', '0.0', '0', '0', '0', '0', '0', '0', '\n\x00\x00\x00\x00\x00\x00\x00\x00\x00', '\n\x00\x00\x00\x00\x00\x00\x00\x00\x00', '0', '0', '2021-03-02 16:36:55')
2021-03-02  16:36:55 Tue root INFO 成功添加数据
2021-03-02  16:36:55 Tue root INFO mes_plc_r2
2021-03-02  16:36:55 Tue root INFO 读取插入数据库数据：{'product_type': '\n\x07250 TJ1\x00', 'r1_equipment_status': '5267', 'fail_code': '48', 'recerve': '0', 'prod_num': 242, 'r1_rob_no': '4', 'r1_weld_line_no': '0', 'r1_electric': '181.75636291503906', 'r1_voltage': '13.132956504821777', 'r1_speed': '0.0', 'r1_job': '0', 'r2_rob_no': '104', 'r2_weld_line_no': '0', 'r2_electric': '0.0', 'r2_voltage': '0.0', 'r2_speed': '0.0', 'r2_job': '0', 'replace_status': '0', 'part_status': '0', 'r1_protective_gas': '610', 'r1_welding_wire': '0', 'r2_protective_gas': '0', 'r2_welding_wire': '0', 'login_id': '\n\x00\x00\x00\x00\x00\x00\x00\x00\x00', 'login_password': '\n\x00\x00\x00\x00\x00\x00\x00\x00\x00'}
2021-03-02  16:36:55 Tue root INFO ('\n\x07250 TJ1\x00', '5267', '48', 242, '4', '0', '181.75636291503906', '13.132956504821777', '0.0', '0', '104', '0', '0.0', '0.0', '0.0', '0', '0', '610', '0', '0', '0', '\n\x00\x00\x00\x00\x00\x00\x00\x00\x00', '\n\x00\x00\x00\x00\x00\x00\x00\x00\x00', '0', '0', '2021-03-02 16:36:55')
2021-03-02  16:36:55 Tue root INFO 成功添加数据
2021-03-02  16:36:55 Tue root INFO mes_plc_r3
2021-03-02  16:36:56 Tue root INFO 读取插入数据库数据：{'product_type': '\n\x07250 TJ3\x00', 'r1_equipment_status': '7315', 'fail_code': '48', 'recerve': '0', 'prod_num': 247, 'r1_rob_no': '4', 'r1_weld_line_no': '0', 'r1_electric': '184.31712341308594', 'r1_voltage': '13.823784828186035', 'r1_speed': '0.0', 'r1_job': '0', 'r2_rob_no': '104', 'r2_weld_line_no': '0', 'r2_electric': '0.0', 'r2_voltage': '0.0', 'r2_speed': '0.0', 'r2_job': '0', 'replace_status': '0', 'part_status': '0', 'r1_protective_gas': '572', 'r1_welding_wire': '0', 'r2_protective_gas': '0', 'r2_welding_wire': '0', 'login_id': '\n\x00\x00\x00\x00\x00\x00\x00\x00\x00', 'login_password': '\n\x00\x00\x00\x00\x00\x00\x00\x00\x00'}
2021-03-02  16:36:56 Tue root INFO ('\n\x07250 TJ3\x00', '7315', '48', 247, '4', '0', '184.31712341308594', '13.823784828186035', '0.0', '0', '104', '0', '0.0', '0.0', '0.0', '0', '0', '572', '0', '0', '0', '\n\x00\x00\x00\x00\x00\x00\x00\x00\x00', '\n\x00\x00\x00\x00\x00\x00\x00\x00\x00', '0', '0', '2021-03-02 16:36:56')
2021-03-02  16:36:56 Tue root INFO 成功添加数据
2021-03-02  16:36:56 Tue root INFO mes_plc_r4
2021-03-02  16:36:56 Tue root INFO 读取插入数据库数据：{'product_type': '\n\x07250 PCB\x00', 'r1_equipment_status': '7233', 'fail_code': '0', 'recerve': '0', 'prod_num': 34, 'r1_rob_no': '4', 'r1_weld_line_no': '0', 'r1_electric': '182.82696533203125', 'r1_voltage': '2.105034589767456', 'r1_speed': '0.0', 'r1_job': '0', 'r2_rob_no': '104', 'r2_weld_line_no': '0', 'r2_electric': '0.0', 'r2_voltage': '0.0', 'r2_speed': '0.0', 'r2_job': '0', 'replace_status': '0', 'part_status': '0', 'r1_protective_gas': '2791', 'r1_welding_wire': '0', 'r2_protective_gas': '0', 'r2_welding_wire': '0', 'login_id': '\n\x00\x00\x00\x00\x00\x00\x00\x00\x00', 'login_password': '\n\x00\x00\x00\x00\x00\x00\x00\x00\x00'}
2021-03-02  16:36:56 Tue root INFO ('\n\x07250 PCB\x00', '7233', '0', 34, '4', '0', '182.82696533203125', '2.105034589767456', '0.0', '0', '104', '0', '0.0', '0.0', '0.0', '0', '0', '2791', '0', '0', '0', '\n\x00\x00\x00\x00\x00\x00\x00\x00\x00', '\n\x00\x00\x00\x00\x00\x00\x00\x00\x00', '0', '0', '2021-03-02 16:36:56')
2021-03-02  16:36:56 Tue root INFO 成功添加数据
2021-03-02  16:36:56 Tue root INFO mes_plc_r5
2021-03-02  16:36:56 Tue root INFO 读取插入数据库数据：{'product_type': '\n\x00\x00\x00\x00\x00\x00\x00\x00\x00', 'r1_equipment_status': '6208', 'fail_code': '0', 'recerve': '0', 'prod_num': 0, 'r1_rob_no': '0', 'r1_weld_line_no': '0', 'r1_electric': '179.84664916992188', 'r1_voltage': '13.447627067565918', 'r1_speed': '0.0', 'r1_job': '0', 'r2_rob_no': '0', 'r2_weld_line_no': '0', 'r2_electric': '179.28240966796875', 'r2_voltage': '13.411458015441895', 'r2_speed': '0.0', 'r2_job': '0', 'replace_status': '0', 'part_status': '0', 'r1_protective_gas': '5', 'r1_welding_wire': '0', 'r2_protective_gas': '5', 'r2_welding_wire': '0', 'login_id': '\n\x00\x00\x00\x00\x00\x00\x00\x00\x00', 'login_password': '\n\x00\x00\x00\x00\x00\x00\x00\x00\x00'}
2021-03-02  16:36:56 Tue root INFO ('\n\x00\x00\x00\x00\x00\x00\x00\x00\x00', '6208', '0', 0, '0', '0', '179.84664916992188', '13.447627067565918', '0.0', '0', '0', '0', '179.28240966796875', '13.411458015441895', '0.0', '0', '0', '5', '5', '0', '0', '\n\x00\x00\x00\x00\x00\x00\x00\x00\x00', '\n\x00\x00\x00\x00\x00\x00\x00\x00\x00', '0', '0', '2021-03-02 16:36:56')
2021-03-02  16:36:56 Tue root INFO 成功添加数据
2021-03-02  16:36:56 Tue root INFO mes_plc_r6
2021-03-02  16:36:57 Tue root INFO 读取插入数据库数据：{'product_type': '\n\x00\x00\x00\x00\x00\x00\x00\x00\x00', 'r1_equipment_status': '0', 'fail_code': '0', 'recerve': '10', 'prod_num': 19, 'r1_rob_no': '0', 'r1_weld_line_no': '0', 'r1_electric': '0.0', 'r1_voltage': '0.0', 'r1_speed': '0.0', 'r1_job': '0', 'r2_rob_no': '0', 'r2_weld_line_no': '0', 'r2_electric': '0.0', 'r2_voltage': '0.0', 'r2_speed': '0.0', 'r2_job': '0', 'replace_status': '0', 'part_status': '0', 'r1_protective_gas': '0', 'r1_welding_wire': '0', 'r2_protective_gas': '0', 'r2_welding_wire': '0', 'login_id': '\n\x00\x00\x00\x00\x00\x00\x00\x00\x00', 'login_password': '\n\x00\x00\x00\x00\x00\x00\x00\x00\x00'}
2021-03-02  16:36:57 Tue root INFO ('\n\x00\x00\x00\x00\x00\x00\x00\x00\x00', '0', '0', 19, '0', '0', '0.0', '0.0', '0.0', '0', '0', '0', '0.0', '0.0', '0.0', '0', '0', '0', '0', '0', '0', '\n\x00\x00\x00\x00\x00\x00\x00\x00\x00', '\n\x00\x00\x00\x00\x00\x00\x00\x00\x00', '0', '10', '2021-03-02 16:36:57')
2021-03-02  16:36:57 Tue root INFO 成功添加数据
2021-03-02  16:37:57 Tue root INFO plc连接状态:[1, 1, 1, 1, 1, 1]
2021-03-02  16:37:57 Tue root INFO mes_plc
2021-03-02  16:37:58 Tue root INFO 读取插入数据库数据：{'product_type': '\n\x07250 YDG\x00', 'r1_equipment_status': '7315', 'fail_code': '0', 'recerve': '0', 'prod_num': 44, 'r1_rob_no': '4', 'r1_weld_line_no': '0', 'r1_electric': '182.16146850585938', 'r1_voltage': '13.29210090637207', 'r1_speed': '0.0', 'r1_job': '0', 'r2_rob_no': '104', 'r2_weld_line_no': '0', 'r2_electric': '0.0', 'r2_voltage': '0.0', 'r2_speed': '0.0', 'r2_job': '0', 'replace_status': '0', 'part_status': '0', 'r1_protective_gas': '0', 'r1_welding_wire': '0', 'r2_protective_gas': '0', 'r2_welding_wire': '0', 'login_id': '\n\x00\x00\x00\x00\x00\x00\x00\x00\x00', 'login_password': '\n\x00\x00\x00\x00\x00\x00\x00\x00\x00'}
2021-03-02  16:37:58 Tue root INFO ('\n\x07250 YDG\x00', '7315', '0', 44, '4', '0', '182.16146850585938', '13.29210090637207', '0.0', '0', '104', '0', '0.0', '0.0', '0.0', '0', '0', '0', '0', '0', '0', '\n\x00\x00\x00\x00\x00\x00\x00\x00\x00', '\n\x00\x00\x00\x00\x00\x00\x00\x00\x00', '0', '0', '2021-03-02 16:37:58')
2021-03-02  16:37:58 Tue root INFO 成功添加数据
2021-03-02  16:37:58 Tue root INFO mes_plc_r2
2021-03-02  16:37:58 Tue root INFO 读取插入数据库数据：{'product_type': '\n\x07250 TJ1\x00', 'r1_equipment_status': '5267', 'fail_code': '48', 'recerve': '0', 'prod_num': 242, 'r1_rob_no': '4', 'r1_weld_line_no': '0', 'r1_electric': '181.7418975830078', 'r1_voltage': '13.118489265441895', 'r1_speed': '0.0', 'r1_job': '0', 'r2_rob_no': '104', 'r2_weld_line_no': '0', 'r2_electric': '0.0', 'r2_voltage': '0.0', 'r2_speed': '0.0', 'r2_job': '0', 'replace_status': '0', 'part_status': '0', 'r1_protective_gas': '610', 'r1_welding_wire': '0', 'r2_protective_gas': '0', 'r2_welding_wire': '0', 'login_id': '\n\x00\x00\x00\x00\x00\x00\x00\x00\x00', 'login_password': '\n\x00\x00\x00\x00\x00\x00\x00\x00\x00'}
2021-03-02  16:37:58 Tue root INFO ('\n\x07250 TJ1\x00', '5267', '48', 242, '4', '0', '181.7418975830078', '13.118489265441895', '0.0', '0', '104', '0', '0.0', '0.0', '0.0', '0', '0', '610', '0', '0', '0', '\n\x00\x00\x00\x00\x00\x00\x00\x00\x00', '\n\x00\x00\x00\x00\x00\x00\x00\x00\x00', '0', '0', '2021-03-02 16:37:58')
2021-03-02  16:37:58 Tue root INFO 成功添加数据
2021-03-02  16:37:58 Tue root INFO mes_plc_r3
2021-03-02  16:37:58 Tue root INFO 读取插入数据库数据：{'product_type': '\n\x07250 TJ3\x00', 'r1_equipment_status': '7315', 'fail_code': '48', 'recerve': '0', 'prod_num': 247, 'r1_rob_no': '4', 'r1_weld_line_no': '0', 'r1_electric': '184.31712341308594', 'r1_voltage': '13.820168495178223', 'r1_speed': '0.0', 'r1_job': '0', 'r2_rob_no': '104', 'r2_weld_line_no': '0', 'r2_electric': '0.0', 'r2_voltage': '0.0', 'r2_speed': '0.0', 'r2_job': '0', 'replace_status': '0', 'part_status': '0', 'r1_protective_gas': '572', 'r1_welding_wire': '0', 'r2_protective_gas': '0', 'r2_welding_wire': '0', 'login_id': '\n\x00\x00\x00\x00\x00\x00\x00\x00\x00', 'login_password': '\n\x00\x00\x00\x00\x00\x00\x00\x00\x00'}
2021-03-02  16:37:58 Tue root INFO ('\n\x07250 TJ3\x00', '7315', '48', 247, '4', '0', '184.31712341308594', '13.820168495178223', '0.0', '0', '104', '0', '0.0', '0.0', '0.0', '0', '0', '572', '0', '0', '0', '\n\x00\x00\x00\x00\x00\x00\x00\x00\x00', '\n\x00\x00\x00\x00\x00\x00\x00\x00\x00', '0', '0', '2021-03-02 16:37:58')
2021-03-02  16:37:59 Tue root INFO 成功添加数据
2021-03-02  16:37:59 Tue root INFO mes_plc_r4
2021-03-02  16:37:59 Tue root INFO 读取插入数据库数据：{'product_type': '\n\x07250 PCB\x00', 'r1_equipment_status': '6803', 'fail_code': '0', 'recerve': '0', 'prod_num': 35, 'r1_rob_no': '4', 'r1_weld_line_no': '0', 'r1_electric': '182.82696533203125', 'r1_voltage': '118.51490783691406', 'r1_speed': '0.0', 'r1_job': '0', 'r2_rob_no': '104', 'r2_weld_line_no': '0', 'r2_electric': '0.0', 'r2_voltage': '0.0', 'r2_speed': '0.0', 'r2_job': '0', 'replace_status': '0', 'part_status': '0', 'r1_protective_gas': '2802', 'r1_welding_wire': '0', 'r2_protective_gas': '0', 'r2_welding_wire': '0', 'login_id': '\n\x00\x00\x00\x00\x00\x00\x00\x00\x00', 'login_password': '\n\x00\x00\x00\x00\x00\x00\x00\x00\x00'}
2021-03-02  16:37:59 Tue root INFO ('\n\x07250 PCB\x00', '6803', '0', 35, '4', '0', '182.82696533203125', '118.51490783691406', '0.0', '0', '104', '0', '0.0', '0.0', '0.0', '0', '0', '2802', '0', '0', '0', '\n\x00\x00\x00\x00\x00\x00\x00\x00\x00', '\n\x00\x00\x00\x00\x00\x00\x00\x00\x00', '0', '0', '2021-03-02 16:37:59')
2021-03-02  16:37:59 Tue root INFO 成功添加数据
2021-03-02  16:37:59 Tue root INFO mes_plc_r5
2021-03-02  16:37:59 Tue root INFO 读取插入数据库数据：{'product_type': '\n\x00\x00\x00\x00\x00\x00\x00\x00\x00', 'r1_equipment_status': '6208', 'fail_code': '0', 'recerve': '0', 'prod_num': 0, 'r1_rob_no': '0', 'r1_weld_line_no': '0', 'r1_electric': '179.7598419189453', 'r1_voltage': '13.447627067565918', 'r1_speed': '0.0', 'r1_job': '0', 'r2_rob_no': '0', 'r2_weld_line_no': '0', 'r2_electric': '179.296875', 'r2_voltage': '13.429543495178223', 'r2_speed': '0.0', 'r2_job': '0', 'replace_status': '0', 'part_status': '0', 'r1_protective_gas': '31', 'r1_welding_wire': '0', 'r2_protective_gas': '31', 'r2_welding_wire': '0', 'login_id': '\n\x00\x00\x00\x00\x00\x00\x00\x00\x00', 'login_password': '\n\x00\x00\x00\x00\x00\x00\x00\x00\x00'}
2021-03-02  16:37:59 Tue root INFO ('\n\x00\x00\x00\x00\x00\x00\x00\x00\x00', '6208', '0', 0, '0', '0', '179.7598419189453', '13.447627067565918', '0.0', '0', '0', '0', '179.296875', '13.429543495178223', '0.0', '0', '0', '31', '31', '0', '0', '\n\x00\x00\x00\x00\x00\x00\x00\x00\x00', '\n\x00\x00\x00\x00\x00\x00\x00\x00\x00', '0', '0', '2021-03-02 16:37:59')
2021-03-02  16:37:59 Tue root INFO 成功添加数据
2021-03-02  16:37:59 Tue root INFO mes_plc_r6
2021-03-02  16:38:00 Tue root INFO 读取插入数据库数据：{'product_type': '\n\x00\x00\x00\x00\x00\x00\x00\x00\x00', 'r1_equipment_status': '0', 'fail_code': '0', 'recerve': '10', 'prod_num': 19, 'r1_rob_no': '0', 'r1_weld_line_no': '0', 'r1_electric': '0.0', 'r1_voltage': '0.0', 'r1_speed': '0.0', 'r1_job': '0', 'r2_rob_no': '0', 'r2_weld_line_no': '0', 'r2_electric': '0.0', 'r2_voltage': '0.0', 'r2_speed': '0.0', 'r2_job': '0', 'replace_status': '0', 'part_status': '0', 'r1_protective_gas': '0', 'r1_welding_wire': '0', 'r2_protective_gas': '0', 'r2_welding_wire': '0', 'login_id': '\n\x00\x00\x00\x00\x00\x00\x00\x00\x00', 'login_password': '\n\x00\x00\x00\x00\x00\x00\x00\x00\x00'}
2021-03-02  16:38:00 Tue root INFO ('\n\x00\x00\x00\x00\x00\x00\x00\x00\x00', '0', '0', 19, '0', '0', '0.0', '0.0', '0.0', '0', '0', '0', '0.0', '0.0', '0.0', '0', '0', '0', '0', '0', '0', '\n\x00\x00\x00\x00\x00\x00\x00\x00\x00', '\n\x00\x00\x00\x00\x00\x00\x00\x00\x00', '0', '10', '2021-03-02 16:38:00')
2021-03-02  16:38:00 Tue root INFO 成功添加数据
2021-03-02  16:39:00 Tue root INFO plc连接状态:[1, 1, 1, 1, 1, 1]
2021-03-02  16:39:00 Tue root INFO mes_plc
2021-03-02  16:39:00 Tue root INFO 读取插入数据库数据：{'product_type': '\n\x07250 YDG\x00', 'r1_equipment_status': '7315', 'fail_code': '0', 'recerve': '0', 'prod_num': 44, 'r1_rob_no': '4', 'r1_weld_line_no': '0', 'r1_electric': '182.19039916992188', 'r1_voltage': '13.29210090637207', 'r1_speed': '0.0', 'r1_job': '0', 'r2_rob_no': '104', 'r2_weld_line_no': '0', 'r2_electric': '0.0', 'r2_voltage': '0.0', 'r2_speed': '0.0', 'r2_job': '0', 'replace_status': '0', 'part_status': '0', 'r1_protective_gas': '0', 'r1_welding_wire': '0', 'r2_protective_gas': '0', 'r2_welding_wire': '0', 'login_id': '\n\x00\x00\x00\x00\x00\x00\x00\x00\x00', 'login_password': '\n\x00\x00\x00\x00\x00\x00\x00\x00\x00'}
2021-03-02  16:39:00 Tue root INFO ('\n\x07250 YDG\x00', '7315', '0', 44, '4', '0', '182.19039916992188', '13.29210090637207', '0.0', '0', '104', '0', '0.0', '0.0', '0.0', '0', '0', '0', '0', '0', '0', '\n\x00\x00\x00\x00\x00\x00\x00\x00\x00', '\n\x00\x00\x00\x00\x00\x00\x00\x00\x00', '0', '0', '2021-03-02 16:39:00')
2021-03-02  16:39:00 Tue root INFO 成功添加数据
2021-03-02  16:39:00 Tue root INFO mes_plc_r2
2021-03-02  16:39:00 Tue root INFO 读取插入数据库数据：{'product_type': '\n\x07250 TJ1\x00', 'r1_equipment_status': '5267', 'fail_code': '48', 'recerve': '0', 'prod_num': 242, 'r1_rob_no': '4', 'r1_weld_line_no': '0', 'r1_electric': '181.7418975830078', 'r1_voltage': '13.129340171813965', 'r1_speed': '0.0', 'r1_job': '0', 'r2_rob_no': '104', 'r2_weld_line_no': '0', 'r2_electric': '0.0', 'r2_voltage': '0.0', 'r2_speed': '0.0', 'r2_job': '0', 'replace_status': '0', 'part_status': '0', 'r1_protective_gas': '610', 'r1_welding_wire': '0', 'r2_protective_gas': '0', 'r2_welding_wire': '0', 'login_id': '\n\x00\x00\x00\x00\x00\x00\x00\x00\x00', 'login_password': '\n\x00\x00\x00\x00\x00\x00\x00\x00\x00'}
2021-03-02  16:39:00 Tue root INFO ('\n\x07250 TJ1\x00', '5267', '48', 242, '4', '0', '181.7418975830078', '13.129340171813965', '0.0', '0', '104', '0', '0.0', '0.0', '0.0', '0', '0', '610', '0', '0', '0', '\n\x00\x00\x00\x00\x00\x00\x00\x00\x00', '\n\x00\x00\x00\x00\x00\x00\x00\x00\x00', '0', '0', '2021-03-02 16:39:00')
2021-03-02  16:39:00 Tue root INFO 成功添加数据
2021-03-02  16:39:00 Tue root INFO mes_plc_r3
2021-03-02  16:39:01 Tue root INFO 读取插入数据库数据：{'product_type': '\n\x07250 TJ3\x00', 'r1_equipment_status': '7315', 'fail_code': '48', 'recerve': '0', 'prod_num': 247, 'r1_rob_no': '4', 'r1_weld_line_no': '0', 'r1_electric': '184.3460693359375', 'r1_voltage': '13.809317588806152', 'r1_speed': '0.0', 'r1_job': '0', 'r2_rob_no': '104', 'r2_weld_line_no': '0', 'r2_electric': '0.0', 'r2_voltage': '0.0', 'r2_speed': '0.0', 'r2_job': '0', 'replace_status': '0', 'part_status': '0', 'r1_protective_gas': '572', 'r1_welding_wire': '0', 'r2_protective_gas': '0', 'r2_welding_wire': '0', 'login_id': '\n\x00\x00\x00\x00\x00\x00\x00\x00\x00', 'login_password': '\n\x00\x00\x00\x00\x00\x00\x00\x00\x00'}
2021-03-02  16:39:01 Tue root INFO ('\n\x07250 TJ3\x00', '7315', '48', 247, '4', '0', '184.3460693359375', '13.809317588806152', '0.0', '0', '104', '0', '0.0', '0.0', '0.0', '0', '0', '572', '0', '0', '0', '\n\x00\x00\x00\x00\x00\x00\x00\x00\x00', '\n\x00\x00\x00\x00\x00\x00\x00\x00\x00', '0', '0', '2021-03-02 16:39:01')
2021-03-02  16:39:01 Tue root INFO 成功添加数据
2021-03-02  16:39:01 Tue root INFO mes_plc_r4
2021-03-02  16:39:01 Tue root INFO 读取插入数据库数据：{'product_type': '\n\x07250 PCB\x00', 'r1_equipment_status': '6803', 'fail_code': '0', 'recerve': '0', 'prod_num': 35, 'r1_rob_no': '4', 'r1_weld_line_no': '0', 'r1_electric': '182.8125', 'r1_voltage': '13.18359375', 'r1_speed': '0.0', 'r1_job': '0', 'r2_rob_no': '104', 'r2_weld_line_no': '0', 'r2_electric': '0.0', 'r2_voltage': '0.0', 'r2_speed': '0.0', 'r2_job': '0', 'replace_status': '0', 'part_status': '0', 'r1_protective_gas': '2828', 'r1_welding_wire': '0', 'r2_protective_gas': '0', 'r2_welding_wire': '0', 'login_id': '\n\x00\x00\x00\x00\x00\x00\x00\x00\x00', 'login_password': '\n\x00\x00\x00\x00\x00\x00\x00\x00\x00'}
2021-03-02  16:39:01 Tue root INFO ('\n\x07250 PCB\x00', '6803', '0', 35, '4', '0', '182.8125', '13.18359375', '0.0', '0', '104', '0', '0.0', '0.0', '0.0', '0', '0', '2828', '0', '0', '0', '\n\x00\x00\x00\x00\x00\x00\x00\x00\x00', '\n\x00\x00\x00\x00\x00\x00\x00\x00\x00', '0', '0', '2021-03-02 16:39:01')
2021-03-02  16:39:01 Tue root INFO 成功添加数据
2021-03-02  16:39:01 Tue root INFO mes_plc_r5
2021-03-02  16:39:01 Tue root INFO 读取插入数据库数据：{'product_type': '\n\x00\x00\x00\x00\x00\x00\x00\x00\x00', 'r1_equipment_status': '6208', 'fail_code': '0', 'recerve': '0', 'prod_num': 0, 'r1_rob_no': '0', 'r1_weld_line_no': '0', 'r1_electric': '179.7309112548828', 'r1_voltage': '13.462095260620117', 'r1_speed': '0.0', 'r1_job': '0', 'r2_rob_no': '0', 'r2_weld_line_no': '0', 'r2_electric': '179.3981475830078', 'r2_voltage': '13.436776161193848', 'r2_speed': '0.0', 'r2_job': '0', 'replace_status': '0', 'part_status': '0', 'r1_protective_gas': '57', 'r1_welding_wire': '0', 'r2_protective_gas': '57', 'r2_welding_wire': '0', 'login_id': '\n\x00\x00\x00\x00\x00\x00\x00\x00\x00', 'login_password': '\n\x00\x00\x00\x00\x00\x00\x00\x00\x00'}
2021-03-02  16:39:01 Tue root INFO ('\n\x00\x00\x00\x00\x00\x00\x00\x00\x00', '6208', '0', 0, '0', '0', '179.7309112548828', '13.462095260620117', '0.0', '0', '0', '0', '179.3981475830078', '13.436776161193848', '0.0', '0', '0', '57', '57', '0', '0', '\n\x00\x00\x00\x00\x00\x00\x00\x00\x00', '\n\x00\x00\x00\x00\x00\x00\x00\x00\x00', '0', '0', '2021-03-02 16:39:01')
2021-03-02  16:39:01 Tue root INFO 成功添加数据
2021-03-02  16:39:01 Tue root INFO mes_plc_r6
2021-03-02  16:39:02 Tue root INFO 读取插入数据库数据：{'product_type': '\n\x00\x00\x00\x00\x00\x00\x00\x00\x00', 'r1_equipment_status': '0', 'fail_code': '0', 'recerve': '10', 'prod_num': 19, 'r1_rob_no': '0', 'r1_weld_line_no': '0', 'r1_electric': '0.0', 'r1_voltage': '0.0', 'r1_speed': '0.0', 'r1_job': '0', 'r2_rob_no': '0', 'r2_weld_line_no': '0', 'r2_electric': '0.0', 'r2_voltage': '0.0', 'r2_speed': '0.0', 'r2_job': '0', 'replace_status': '0', 'part_status': '0', 'r1_protective_gas': '0', 'r1_welding_wire': '0', 'r2_protective_gas': '0', 'r2_welding_wire': '0', 'login_id': '\n\x00\x00\x00\x00\x00\x00\x00\x00\x00', 'login_password': '\n\x00\x00\x00\x00\x00\x00\x00\x00\x00'}
2021-03-02  16:39:02 Tue root INFO ('\n\x00\x00\x00\x00\x00\x00\x00\x00\x00', '0', '0', 19, '0', '0', '0.0', '0.0', '0.0', '0', '0', '0', '0.0', '0.0', '0.0', '0', '0', '0', '0', '0', '0', '\n\x00\x00\x00\x00\x00\x00\x00\x00\x00', '\n\x00\x00\x00\x00\x00\x00\x00\x00\x00', '0', '10', '2021-03-02 16:39:02')
2021-03-02  16:39:02 Tue root INFO 成功添加数据
2021-03-02  16:40:02 Tue root INFO plc连接状态:[1, 1, 1, 1, 1, 1]
2021-03-02  16:40:02 Tue root INFO mes_plc
2021-03-02  16:40:02 Tue root INFO 读取插入数据库数据：{'product_type': '\n\x07250 YDG\x00', 'r1_equipment_status': '7315', 'fail_code': '0', 'recerve': '0', 'prod_num': 44, 'r1_rob_no': '4', 'r1_weld_line_no': '0', 'r1_electric': '182.19039916992188', 'r1_voltage': '13.284866333007812', 'r1_speed': '0.0', 'r1_job': '0', 'r2_rob_no': '104', 'r2_weld_line_no': '0', 'r2_electric': '0.0', 'r2_voltage': '0.0', 'r2_speed': '0.0', 'r2_job': '0', 'replace_status': '0', 'part_status': '0', 'r1_protective_gas': '0', 'r1_welding_wire': '0', 'r2_protective_gas': '0', 'r2_welding_wire': '0', 'login_id': '\n\x00\x00\x00\x00\x00\x00\x00\x00\x00', 'login_password': '\n\x00\x00\x00\x00\x00\x00\x00\x00\x00'}
2021-03-02  16:40:02 Tue root INFO ('\n\x07250 YDG\x00', '7315', '0', 44, '4', '0', '182.19039916992188', '13.284866333007812', '0.0', '0', '104', '0', '0.0', '0.0', '0.0', '0', '0', '0', '0', '0', '0', '\n\x00\x00\x00\x00\x00\x00\x00\x00\x00', '\n\x00\x00\x00\x00\x00\x00\x00\x00\x00', '0', '0', '2021-03-02 16:40:02')
2021-03-02  16:40:02 Tue root INFO 成功添加数据
2021-03-02  16:40:02 Tue root INFO mes_plc_r2
2021-03-02  16:40:02 Tue root INFO 读取插入数据库数据：{'product_type': '\n\x07250 TJ1\x00', 'r1_equipment_status': '5267', 'fail_code': '48', 'recerve': '0', 'prod_num': 242, 'r1_rob_no': '4', 'r1_weld_line_no': '0', 'r1_electric': '181.65509033203125', 'r1_voltage': '13.129340171813965', 'r1_speed': '0.0', 'r1_job': '0', 'r2_rob_no': '104', 'r2_weld_line_no': '0', 'r2_electric': '0.0', 'r2_voltage': '0.0', 'r2_speed': '0.0', 'r2_job': '0', 'replace_status': '0', 'part_status': '0', 'r1_protective_gas': '610', 'r1_welding_wire': '0', 'r2_protective_gas': '0', 'r2_welding_wire': '0', 'login_id': '\n\x00\x00\x00\x00\x00\x00\x00\x00\x00', 'login_password': '\n\x00\x00\x00\x00\x00\x00\x00\x00\x00'}
2021-03-02  16:40:02 Tue root INFO ('\n\x07250 TJ1\x00', '5267', '48', 242, '4', '0', '181.65509033203125', '13.129340171813965', '0.0', '0', '104', '0', '0.0', '0.0', '0.0', '0', '0', '610', '0', '0', '0', '\n\x00\x00\x00\x00\x00\x00\x00\x00\x00', '\n\x00\x00\x00\x00\x00\x00\x00\x00\x00', '0', '0', '2021-03-02 16:40:02')
2021-03-02  16:40:02 Tue root INFO 成功添加数据
2021-03-02  16:40:02 Tue root INFO mes_plc_r3
2021-03-02  16:40:03 Tue root INFO 读取插入数据库数据：{'product_type': '\n\x07250 TJ3\x00', 'r1_equipment_status': '7315', 'fail_code': '48', 'recerve': '0', 'prod_num': 247, 'r1_rob_no': '4', 'r1_weld_line_no': '0', 'r1_electric': '184.3460693359375', 'r1_voltage': '13.823784828186035', 'r1_speed': '0.0', 'r1_job': '0', 'r2_rob_no': '104', 'r2_weld_line_no': '0', 'r2_electric': '0.0', 'r2_voltage': '0.0', 'r2_speed': '0.0', 'r2_job': '0', 'replace_status': '0', 'part_status': '0', 'r1_protective_gas': '572', 'r1_welding_wire': '0', 'r2_protective_gas': '0', 'r2_welding_wire': '0', 'login_id': '\n\x00\x00\x00\x00\x00\x00\x00\x00\x00', 'login_password': '\n\x00\x00\x00\x00\x00\x00\x00\x00\x00'}
2021-03-02  16:40:03 Tue root INFO ('\n\x07250 TJ3\x00', '7315', '48', 247, '4', '0', '184.3460693359375', '13.823784828186035', '0.0', '0', '104', '0', '0.0', '0.0', '0.0', '0', '0', '572', '0', '0', '0', '\n\x00\x00\x00\x00\x00\x00\x00\x00\x00', '\n\x00\x00\x00\x00\x00\x00\x00\x00\x00', '0', '0', '2021-03-02 16:40:03')
2021-03-02  16:40:03 Tue root INFO 成功添加数据
2021-03-02  16:40:03 Tue root INFO mes_plc_r4
2021-03-02  16:40:03 Tue root INFO 读取插入数据库数据：{'product_type': '\n\x07250 PCB\x00', 'r1_equipment_status': '7233', 'fail_code': '0', 'recerve': '0', 'prod_num': 35, 'r1_rob_no': '4', 'r1_weld_line_no': '0', 'r1_electric': '182.7401580810547', 'r1_voltage': '118.51490783691406', 'r1_speed': '0.0', 'r1_job': '0', 'r2_rob_no': '104', 'r2_weld_line_no': '0', 'r2_electric': '0.0', 'r2_voltage': '0.0', 'r2_speed': '0.0', 'r2_job': '0', 'replace_status': '0', 'part_status': '0', 'r1_protective_gas': '2851', 'r1_welding_wire': '0', 'r2_protective_gas': '0', 'r2_welding_wire': '0', 'login_id': '\n\x00\x00\x00\x00\x00\x00\x00\x00\x00', 'login_password': '\n\x00\x00\x00\x00\x00\x00\x00\x00\x00'}
2021-03-02  16:40:03 Tue root INFO ('\n\x07250 PCB\x00', '7233', '0', 35, '4', '0', '182.7401580810547', '118.51490783691406', '0.0', '0', '104', '0', '0.0', '0.0', '0.0', '0', '0', '2851', '0', '0', '0', '\n\x00\x00\x00\x00\x00\x00\x00\x00\x00', '\n\x00\x00\x00\x00\x00\x00\x00\x00\x00', '0', '0', '2021-03-02 16:40:03')
2021-03-02  16:40:03 Tue root INFO 成功添加数据
2021-03-02  16:40:03 Tue root INFO mes_plc_r5
2021-03-02  16:40:03 Tue root INFO 读取插入数据库数据：{'product_type': '\n\x00\x00\x00\x00\x00\x00\x00\x00\x00', 'r1_equipment_status': '6290', 'fail_code': '0', 'recerve': '0', 'prod_num': 0, 'r1_rob_no': '0', 'r1_weld_line_no': '0', 'r1_electric': '179.77430725097656', 'r1_voltage': '13.4765625', 'r1_speed': '0.0', 'r1_job': '0', 'r2_rob_no': '0', 'r2_weld_line_no': '0', 'r2_electric': '179.2245330810547', 'r2_voltage': '13.411458015441895', 'r2_speed': '0.0', 'r2_job': '0', 'replace_status': '0', 'part_status': '0', 'r1_protective_gas': '59', 'r1_welding_wire': '0', 'r2_protective_gas': '59', 'r2_welding_wire': '0', 'login_id': '\n\x00\x00\x00\x00\x00\x00\x00\x00\x00', 'login_password': '\n\x00\x00\x00\x00\x00\x00\x00\x00\x00'}
2021-03-02  16:40:03 Tue root INFO ('\n\x00\x00\x00\x00\x00\x00\x00\x00\x00', '6290', '0', 0, '0', '0', '179.77430725097656', '13.4765625', '0.0', '0', '0', '0', '179.2245330810547', '13.411458015441895', '0.0', '0', '0', '59', '59', '0', '0', '\n\x00\x00\x00\x00\x00\x00\x00\x00\x00', '\n\x00\x00\x00\x00\x00\x00\x00\x00\x00', '0', '0', '2021-03-02 16:40:03')
2021-03-02  16:40:03 Tue root INFO 成功添加数据
2021-03-02  16:40:03 Tue root INFO mes_plc_r6
2021-03-02  16:40:04 Tue root INFO 读取插入数据库数据：{'product_type': '\n\x00\x00\x00\x00\x00\x00\x00\x00\x00', 'r1_equipment_status': '0', 'fail_code': '0', 'recerve': '10', 'prod_num': 19, 'r1_rob_no': '0', 'r1_weld_line_no': '0', 'r1_electric': '0.0', 'r1_voltage': '0.0', 'r1_speed': '0.0', 'r1_job': '0', 'r2_rob_no': '0', 'r2_weld_line_no': '0', 'r2_electric': '0.0', 'r2_voltage': '0.0', 'r2_speed': '0.0', 'r2_job': '0', 'replace_status': '0', 'part_status': '0', 'r1_protective_gas': '0', 'r1_welding_wire': '0', 'r2_protective_gas': '0', 'r2_welding_wire': '0', 'login_id': '\n\x00\x00\x00\x00\x00\x00\x00\x00\x00', 'login_password': '\n\x00\x00\x00\x00\x00\x00\x00\x00\x00'}
2021-03-02  16:40:04 Tue root INFO ('\n\x00\x00\x00\x00\x00\x00\x00\x00\x00', '0', '0', 19, '0', '0', '0.0', '0.0', '0.0', '0', '0', '0', '0.0', '0.0', '0.0', '0', '0', '0', '0', '0', '0', '\n\x00\x00\x00\x00\x00\x00\x00\x00\x00', '\n\x00\x00\x00\x00\x00\x00\x00\x00\x00', '0', '10', '2021-03-02 16:40:04')
2021-03-02  16:40:04 Tue root INFO 成功添加数据
2021-03-02  16:41:04 Tue root INFO plc连接状态:[1, 1, 1, 1, 1, 1]
2021-03-02  16:41:04 Tue root INFO mes_plc
2021-03-02  16:41:04 Tue root INFO 读取插入数据库数据：{'product_type': '\n\x07250 YDG\x00', 'r1_equipment_status': '7315', 'fail_code': '0', 'recerve': '0', 'prod_num': 44, 'r1_rob_no': '4', 'r1_weld_line_no': '0', 'r1_electric': '182.16146850585938', 'r1_voltage': '13.29210090637207', 'r1_speed': '0.0', 'r1_job': '0', 'r2_rob_no': '104', 'r2_weld_line_no': '0', 'r2_electric': '0.0', 'r2_voltage': '0.0', 'r2_speed': '0.0', 'r2_job': '0', 'replace_status': '0', 'part_status': '0', 'r1_protective_gas': '0', 'r1_welding_wire': '0', 'r2_protective_gas': '0', 'r2_welding_wire': '0', 'login_id': '\n\x00\x00\x00\x00\x00\x00\x00\x00\x00', 'login_password': '\n\x00\x00\x00\x00\x00\x00\x00\x00\x00'}
2021-03-02  16:41:04 Tue root INFO ('\n\x07250 YDG\x00', '7315', '0', 44, '4', '0', '182.16146850585938', '13.29210090637207', '0.0', '0', '104', '0', '0.0', '0.0', '0.0', '0', '0', '0', '0', '0', '0', '\n\x00\x00\x00\x00\x00\x00\x00\x00\x00', '\n\x00\x00\x00\x00\x00\x00\x00\x00\x00', '0', '0', '2021-03-02 16:41:04')
2021-03-02  16:41:04 Tue root INFO 成功添加数据
2021-03-02  16:41:04 Tue root INFO mes_plc_r2
2021-03-02  16:41:04 Tue root INFO 读取插入数据库数据：{'product_type': '\n\x07250 TJ1\x00', 'r1_equipment_status': '5267', 'fail_code': '48', 'recerve': '0', 'prod_num': 242, 'r1_rob_no': '4', 'r1_weld_line_no': '0', 'r1_electric': '181.7418975830078', 'r1_voltage': '13.12210750579834', 'r1_speed': '0.0', 'r1_job': '0', 'r2_rob_no': '104', 'r2_weld_line_no': '0', 'r2_electric': '0.0', 'r2_voltage': '0.0', 'r2_speed': '0.0', 'r2_job': '0', 'replace_status': '0', 'part_status': '0', 'r1_protective_gas': '610', 'r1_welding_wire': '0', 'r2_protective_gas': '0', 'r2_welding_wire': '0', 'login_id': '\n\x00\x00\x00\x00\x00\x00\x00\x00\x00', 'login_password': '\n\x00\x00\x00\x00\x00\x00\x00\x00\x00'}
2021-03-02  16:41:04 Tue root INFO ('\n\x07250 TJ1\x00', '5267', '48', 242, '4', '0', '181.7418975830078', '13.12210750579834', '0.0', '0', '104', '0', '0.0', '0.0', '0.0', '0', '0', '610', '0', '0', '0', '\n\x00\x00\x00\x00\x00\x00\x00\x00\x00', '\n\x00\x00\x00\x00\x00\x00\x00\x00\x00', '0', '0', '2021-03-02 16:41:04')
2021-03-02  16:41:04 Tue root INFO 成功添加数据
2021-03-02  16:41:04 Tue root INFO mes_plc_r3
2021-03-02  16:41:05 Tue root INFO 读取插入数据库数据：{'product_type': '\n\x07250 TJ3\x00', 'r1_equipment_status': '7315', 'fail_code': '48', 'recerve': '0', 'prod_num': 247, 'r1_rob_no': '4', 'r1_weld_line_no': '0', 'r1_electric': '184.2737274169922', 'r1_voltage': '13.816550254821777', 'r1_speed': '0.0', 'r1_job': '0', 'r2_rob_no': '104', 'r2_weld_line_no': '0', 'r2_electric': '0.0', 'r2_voltage': '0.0', 'r2_speed': '0.0', 'r2_job': '0', 'replace_status': '0', 'part_status': '0', 'r1_protective_gas': '572', 'r1_welding_wire': '0', 'r2_protective_gas': '0', 'r2_welding_wire': '0', 'login_id': '\n\x00\x00\x00\x00\x00\x00\x00\x00\x00', 'login_password': '\n\x00\x00\x00\x00\x00\x00\x00\x00\x00'}
2021-03-02  16:41:05 Tue root INFO ('\n\x07250 TJ3\x00', '7315', '48', 247, '4', '0', '184.2737274169922', '13.816550254821777', '0.0', '0', '104', '0', '0.0', '0.0', '0.0', '0', '0', '572', '0', '0', '0', '\n\x00\x00\x00\x00\x00\x00\x00\x00\x00', '\n\x00\x00\x00\x00\x00\x00\x00\x00\x00', '0', '0', '2021-03-02 16:41:05')
2021-03-02  16:41:05 Tue root INFO 成功添加数据
2021-03-02  16:41:05 Tue root INFO mes_plc_r4
2021-03-02  16:41:05 Tue root INFO 读取插入数据库数据：{'product_type': '\n\x07250 PCB\x00', 'r1_equipment_status': '7233', 'fail_code': '0', 'recerve': '0', 'prod_num': 35, 'r1_rob_no': '4', 'r1_weld_line_no': '0', 'r1_electric': '182.8414306640625', 'r1_voltage': '-17.357494354248047', 'r1_speed': '0.0', 'r1_job': '0', 'r2_rob_no': '104', 'r2_weld_line_no': '0', 'r2_electric': '0.0', 'r2_voltage': '0.0', 'r2_speed': '0.0', 'r2_job': '0', 'replace_status': '0', 'part_status': '0', 'r1_protective_gas': '2877', 'r1_welding_wire': '0', 'r2_protective_gas': '0', 'r2_welding_wire': '0', 'login_id': '\n\x00\x00\x00\x00\x00\x00\x00\x00\x00', 'login_password': '\n\x00\x00\x00\x00\x00\x00\x00\x00\x00'}
2021-03-02  16:41:05 Tue root INFO ('\n\x07250 PCB\x00', '7233', '0', 35, '4', '0', '182.8414306640625', '-17.357494354248047', '0.0', '0', '104', '0', '0.0', '0.0', '0.0', '0', '0', '2877', '0', '0', '0', '\n\x00\x00\x00\x00\x00\x00\x00\x00\x00', '\n\x00\x00\x00\x00\x00\x00\x00\x00\x00', '0', '0', '2021-03-02 16:41:05')
2021-03-02  16:41:05 Tue root INFO 成功添加数据
2021-03-02  16:41:05 Tue root INFO mes_plc_r5
2021-03-02  16:41:06 Tue root INFO 读取插入数据库数据：{'product_type': '\n\x00\x00\x00\x00\x00\x00\x00\x00\x00', 'r1_equipment_status': '6290', 'fail_code': '0', 'recerve': '0', 'prod_num': 0, 'r1_rob_no': '0', 'r1_weld_line_no': '0', 'r1_electric': '179.83216857910156', 'r1_voltage': '13.447627067565918', 'r1_speed': '0.0', 'r1_job': '0', 'r2_rob_no': '0', 'r2_weld_line_no': '0', 'r2_electric': '179.1956024169922', 'r2_voltage': '13.425925254821777', 'r2_speed': '0.0', 'r2_job': '0', 'replace_status': '0', 'part_status': '0', 'r1_protective_gas': '59', 'r1_welding_wire': '0', 'r2_protective_gas': '59', 'r2_welding_wire': '0', 'login_id': '\n\x00\x00\x00\x00\x00\x00\x00\x00\x00', 'login_password': '\n\x00\x00\x00\x00\x00\x00\x00\x00\x00'}
2021-03-02  16:41:06 Tue root INFO ('\n\x00\x00\x00\x00\x00\x00\x00\x00\x00', '6290', '0', 0, '0', '0', '179.83216857910156', '13.447627067565918', '0.0', '0', '0', '0', '179.1956024169922', '13.425925254821777', '0.0', '0', '0', '59', '59', '0', '0', '\n\x00\x00\x00\x00\x00\x00\x00\x00\x00', '\n\x00\x00\x00\x00\x00\x00\x00\x00\x00', '0', '0', '2021-03-02 16:41:06')
2021-03-02  16:41:06 Tue root INFO 成功添加数据
2021-03-02  16:41:06 Tue root INFO mes_plc_r6
2021-03-02  16:41:06 Tue root INFO 读取插入数据库数据：{'product_type': '\n\x00\x00\x00\x00\x00\x00\x00\x00\x00', 'r1_equipment_status': '0', 'fail_code': '0', 'recerve': '10', 'prod_num': 19, 'r1_rob_no': '0', 'r1_weld_line_no': '0', 'r1_electric': '0.0', 'r1_voltage': '0.0', 'r1_speed': '0.0', 'r1_job': '0', 'r2_rob_no': '0', 'r2_weld_line_no': '0', 'r2_electric': '0.0', 'r2_voltage': '0.0', 'r2_speed': '0.0', 'r2_job': '0', 'replace_status': '0', 'part_status': '0', 'r1_protective_gas': '0', 'r1_welding_wire': '0', 'r2_protective_gas': '0', 'r2_welding_wire': '0', 'login_id': '\n\x00\x00\x00\x00\x00\x00\x00\x00\x00', 'login_password': '\n\x00\x00\x00\x00\x00\x00\x00\x00\x00'}
2021-03-02  16:41:06 Tue root INFO ('\n\x00\x00\x00\x00\x00\x00\x00\x00\x00', '0', '0', 19, '0', '0', '0.0', '0.0', '0.0', '0', '0', '0', '0.0', '0.0', '0.0', '0', '0', '0', '0', '0', '0', '\n\x00\x00\x00\x00\x00\x00\x00\x00\x00', '\n\x00\x00\x00\x00\x00\x00\x00\x00\x00', '0', '10', '2021-03-02 16:41:06')
2021-03-02  16:41:06 Tue root INFO 成功添加数据
2021-03-02  16:42:06 Tue root INFO plc连接状态:[1, 1, 1, 1, 1, 1]
2021-03-02  16:42:06 Tue root INFO mes_plc
2021-03-02  16:42:06 Tue root INFO 读取插入数据库数据：{'product_type': '\n\x07250 YDG\x00', 'r1_equipment_status': '7315', 'fail_code': '0', 'recerve': '0', 'prod_num': 44, 'r1_rob_no': '4', 'r1_weld_line_no': '0', 'r1_electric': '182.16146850585938', 'r1_voltage': '13.28125', 'r1_speed': '0.0', 'r1_job': '0', 'r2_rob_no': '104', 'r2_weld_line_no': '0', 'r2_electric': '0.0', 'r2_voltage': '0.0', 'r2_speed': '0.0', 'r2_job': '0', 'replace_status': '0', 'part_status': '0', 'r1_protective_gas': '0', 'r1_welding_wire': '0', 'r2_protective_gas': '0', 'r2_welding_wire': '0', 'login_id': '\n\x00\x00\x00\x00\x00\x00\x00\x00\x00', 'login_password': '\n\x00\x00\x00\x00\x00\x00\x00\x00\x00'}
2021-03-02  16:42:06 Tue root INFO ('\n\x07250 YDG\x00', '7315', '0', 44, '4', '0', '182.16146850585938', '13.28125', '0.0', '0', '104', '0', '0.0', '0.0', '0.0', '0', '0', '0', '0', '0', '0', '\n\x00\x00\x00\x00\x00\x00\x00\x00\x00', '\n\x00\x00\x00\x00\x00\x00\x00\x00\x00', '0', '0', '2021-03-02 16:42:06')
2021-03-02  16:42:06 Tue root INFO 成功添加数据
2021-03-02  16:42:06 Tue root INFO mes_plc_r2
2021-03-02  16:42:06 Tue root INFO 读取插入数据库数据：{'product_type': '\n\x07250 TJ1\x00', 'r1_equipment_status': '5267', 'fail_code': '48', 'recerve': '0', 'prod_num': 242, 'r1_rob_no': '4', 'r1_weld_line_no': '0', 'r1_electric': '181.72743225097656', 'r1_voltage': '13.132956504821777', 'r1_speed': '0.0', 'r1_job': '0', 'r2_rob_no': '104', 'r2_weld_line_no': '0', 'r2_electric': '0.0', 'r2_voltage': '0.0', 'r2_speed': '0.0', 'r2_job': '0', 'replace_status': '0', 'part_status': '0', 'r1_protective_gas': '610', 'r1_welding_wire': '0', 'r2_protective_gas': '0', 'r2_welding_wire': '0', 'login_id': '\n\x00\x00\x00\x00\x00\x00\x00\x00\x00', 'login_password': '\n\x00\x00\x00\x00\x00\x00\x00\x00\x00'}
2021-03-02  16:42:06 Tue root INFO ('\n\x07250 TJ1\x00', '5267', '48', 242, '4', '0', '181.72743225097656', '13.132956504821777', '0.0', '0', '104', '0', '0.0', '0.0', '0.0', '0', '0', '610', '0', '0', '0', '\n\x00\x00\x00\x00\x00\x00\x00\x00\x00', '\n\x00\x00\x00\x00\x00\x00\x00\x00\x00', '0', '0', '2021-03-02 16:42:06')
2021-03-02  16:42:07 Tue root INFO 成功添加数据
2021-03-02  16:42:07 Tue root INFO mes_plc_r3
2021-03-02  16:42:07 Tue root INFO 读取插入数据库数据：{'product_type': '\n\x07250 TJ3\x00', 'r1_equipment_status': '7315', 'fail_code': '48', 'recerve': '0', 'prod_num': 247, 'r1_rob_no': '4', 'r1_weld_line_no': '0', 'r1_electric': '184.3315887451172', 'r1_voltage': '13.820168495178223', 'r1_speed': '0.0', 'r1_job': '0', 'r2_rob_no': '104', 'r2_weld_line_no': '0', 'r2_electric': '0.0', 'r2_voltage': '0.0', 'r2_speed': '0.0', 'r2_job': '0', 'replace_status': '0', 'part_status': '0', 'r1_protective_gas': '572', 'r1_welding_wire': '0', 'r2_protective_gas': '0', 'r2_welding_wire': '0', 'login_id': '\n\x00\x00\x00\x00\x00\x00\x00\x00\x00', 'login_password': '\n\x00\x00\x00\x00\x00\x00\x00\x00\x00'}
2021-03-02  16:42:07 Tue root INFO ('\n\x07250 TJ3\x00', '7315', '48', 247, '4', '0', '184.3315887451172', '13.820168495178223', '0.0', '0', '104', '0', '0.0', '0.0', '0.0', '0', '0', '572', '0', '0', '0', '\n\x00\x00\x00\x00\x00\x00\x00\x00\x00', '\n\x00\x00\x00\x00\x00\x00\x00\x00\x00', '0', '0', '2021-03-02 16:42:07')
2021-03-02  16:42:07 Tue root INFO 成功添加数据
2021-03-02  16:42:07 Tue root INFO mes_plc_r4
2021-03-02  16:42:07 Tue root INFO 读取插入数据库数据：{'product_type': '\n\x07250 PCB\x00', 'r1_equipment_status': '6803', 'fail_code': '0', 'recerve': '0', 'prod_num': 36, 'r1_rob_no': '4', 'r1_weld_line_no': '0', 'r1_electric': '182.8125', 'r1_voltage': '13.190828323364258', 'r1_speed': '0.0', 'r1_job': '0', 'r2_rob_no': '104', 'r2_weld_line_no': '0', 'r2_electric': '0.0', 'r2_voltage': '0.0', 'r2_speed': '0.0', 'r2_job': '0', 'replace_status': '0', 'part_status': '0', 'r1_protective_gas': '2894', 'r1_welding_wire': '0', 'r2_protective_gas': '0', 'r2_welding_wire': '0', 'login_id': '\n\x00\x00\x00\x00\x00\x00\x00\x00\x00', 'login_password': '\n\x00\x00\x00\x00\x00\x00\x00\x00\x00'}
2021-03-02  16:42:07 Tue root INFO ('\n\x07250 PCB\x00', '6803', '0', 36, '4', '0', '182.8125', '13.190828323364258', '0.0', '0', '104', '0', '0.0', '0.0', '0.0', '0', '0', '2894', '0', '0', '0', '\n\x00\x00\x00\x00\x00\x00\x00\x00\x00', '\n\x00\x00\x00\x00\x00\x00\x00\x00\x00', '0', '0', '2021-03-02 16:42:07')
2021-03-02  16:42:07 Tue root INFO 成功添加数据
2021-03-02  16:42:07 Tue root INFO mes_plc_r5
2021-03-02  16:42:08 Tue root INFO 读取插入数据库数据：{'product_type': '\n\x00\x00\x00\x00\x00\x00\x00\x00\x00', 'r1_equipment_status': '6290', 'fail_code': '0', 'recerve': '0', 'prod_num': 0, 'r1_rob_no': '0', 'r1_weld_line_no': '0', 'r1_electric': '179.6875', 'r1_voltage': '13.458478927612305', 'r1_speed': '0.0', 'r1_job': '0', 'r2_rob_no': '0', 'r2_weld_line_no': '0', 'r2_electric': '179.15220642089844', 'r2_voltage': '13.371671676635742', 'r2_speed': '0.0', 'r2_job': '0', 'replace_status': '0', 'part_status': '0', 'r1_protective_gas': '59', 'r1_welding_wire': '0', 'r2_protective_gas': '59', 'r2_welding_wire': '0', 'login_id': '\n\x00\x00\x00\x00\x00\x00\x00\x00\x00', 'login_password': '\n\x00\x00\x00\x00\x00\x00\x00\x00\x00'}
2021-03-02  16:42:08 Tue root INFO ('\n\x00\x00\x00\x00\x00\x00\x00\x00\x00', '6290', '0', 0, '0', '0', '179.6875', '13.458478927612305', '0.0', '0', '0', '0', '179.15220642089844', '13.371671676635742', '0.0', '0', '0', '59', '59', '0', '0', '\n\x00\x00\x00\x00\x00\x00\x00\x00\x00', '\n\x00\x00\x00\x00\x00\x00\x00\x00\x00', '0', '0', '2021-03-02 16:42:08')
2021-03-02  16:42:08 Tue root INFO 成功添加数据
2021-03-02  16:42:08 Tue root INFO mes_plc_r6
2021-03-02  16:42:08 Tue root INFO 读取插入数据库数据：{'product_type': '\n\x00\x00\x00\x00\x00\x00\x00\x00\x00', 'r1_equipment_status': '0', 'fail_code': '0', 'recerve': '10', 'prod_num': 19, 'r1_rob_no': '0', 'r1_weld_line_no': '0', 'r1_electric': '0.0', 'r1_voltage': '0.0', 'r1_speed': '0.0', 'r1_job': '0', 'r2_rob_no': '0', 'r2_weld_line_no': '0', 'r2_electric': '0.0', 'r2_voltage': '0.0', 'r2_speed': '0.0', 'r2_job': '0', 'replace_status': '0', 'part_status': '0', 'r1_protective_gas': '0', 'r1_welding_wire': '0', 'r2_protective_gas': '0', 'r2_welding_wire': '0', 'login_id': '\n\x00\x00\x00\x00\x00\x00\x00\x00\x00', 'login_password': '\n\x00\x00\x00\x00\x00\x00\x00\x00\x00'}
2021-03-02  16:42:08 Tue root INFO ('\n\x00\x00\x00\x00\x00\x00\x00\x00\x00', '0', '0', 19, '0', '0', '0.0', '0.0', '0.0', '0', '0', '0', '0.0', '0.0', '0.0', '0', '0', '0', '0', '0', '0', '\n\x00\x00\x00\x00\x00\x00\x00\x00\x00', '\n\x00\x00\x00\x00\x00\x00\x00\x00\x00', '0', '10', '2021-03-02 16:42:08')
2021-03-02  16:42:08 Tue root INFO 成功添加数据
2021-03-02  16:43:08 Tue root INFO plc连接状态:[1, 1, 1, 1, 1, 1]
2021-03-02  16:43:08 Tue root INFO mes_plc
2021-03-02  16:43:08 Tue root INFO 读取插入数据库数据：{'product_type': '\n\x07250 YDG\x00', 'r1_equipment_status': '7315', 'fail_code': '0', 'recerve': '0', 'prod_num': 44, 'r1_rob_no': '4', 'r1_weld_line_no': '0', 'r1_electric': '182.16146850585938', 'r1_voltage': '13.284866333007812', 'r1_speed': '0.0', 'r1_job': '0', 'r2_rob_no': '104', 'r2_weld_line_no': '0', 'r2_electric': '0.0', 'r2_voltage': '0.0', 'r2_speed': '0.0', 'r2_job': '0', 'replace_status': '0', 'part_status': '0', 'r1_protective_gas': '0', 'r1_welding_wire': '0', 'r2_protective_gas': '0', 'r2_welding_wire': '0', 'login_id': '\n\x00\x00\x00\x00\x00\x00\x00\x00\x00', 'login_password': '\n\x00\x00\x00\x00\x00\x00\x00\x00\x00'}
2021-03-02  16:43:08 Tue root INFO ('\n\x07250 YDG\x00', '7315', '0', 44, '4', '0', '182.16146850585938', '13.284866333007812', '0.0', '0', '104', '0', '0.0', '0.0', '0.0', '0', '0', '0', '0', '0', '0', '\n\x00\x00\x00\x00\x00\x00\x00\x00\x00', '\n\x00\x00\x00\x00\x00\x00\x00\x00\x00', '0', '0', '2021-03-02 16:43:08')
2021-03-02  16:43:08 Tue root INFO 成功添加数据
2021-03-02  16:43:08 Tue root INFO mes_plc_r2
2021-03-02  16:43:09 Tue root INFO 读取插入数据库数据：{'product_type': '\n\x07250 TJ1\x00', 'r1_equipment_status': '5267', 'fail_code': '48', 'recerve': '0', 'prod_num': 242, 'r1_rob_no': '4', 'r1_weld_line_no': '0', 'r1_electric': '181.75636291503906', 'r1_voltage': '13.129340171813965', 'r1_speed': '0.0', 'r1_job': '0', 'r2_rob_no': '104', 'r2_weld_line_no': '0', 'r2_electric': '0.0', 'r2_voltage': '0.0', 'r2_speed': '0.0', 'r2_job': '0', 'replace_status': '0', 'part_status': '0', 'r1_protective_gas': '610', 'r1_welding_wire': '0', 'r2_protective_gas': '0', 'r2_welding_wire': '0', 'login_id': '\n\x00\x00\x00\x00\x00\x00\x00\x00\x00', 'login_password': '\n\x00\x00\x00\x00\x00\x00\x00\x00\x00'}
2021-03-02  16:43:09 Tue root INFO ('\n\x07250 TJ1\x00', '5267', '48', 242, '4', '0', '181.75636291503906', '13.129340171813965', '0.0', '0', '104', '0', '0.0', '0.0', '0.0', '0', '0', '610', '0', '0', '0', '\n\x00\x00\x00\x00\x00\x00\x00\x00\x00', '\n\x00\x00\x00\x00\x00\x00\x00\x00\x00', '0', '0', '2021-03-02 16:43:09')
2021-03-02  16:43:09 Tue root INFO 成功添加数据
2021-03-02  16:43:09 Tue root INFO mes_plc_r3
2021-03-02  16:43:09 Tue root INFO 读取插入数据库数据：{'product_type': '\n\x07250 TJ3\x00', 'r1_equipment_status': '7315', 'fail_code': '48', 'recerve': '0', 'prod_num': 247, 'r1_rob_no': '4', 'r1_weld_line_no': '0', 'r1_electric': '184.3315887451172', 'r1_voltage': '13.820168495178223', 'r1_speed': '0.0', 'r1_job': '0', 'r2_rob_no': '104', 'r2_weld_line_no': '0', 'r2_electric': '0.0', 'r2_voltage': '0.0', 'r2_speed': '0.0', 'r2_job': '0', 'replace_status': '0', 'part_status': '0', 'r1_protective_gas': '572', 'r1_welding_wire': '0', 'r2_protective_gas': '0', 'r2_welding_wire': '0', 'login_id': '\n\x00\x00\x00\x00\x00\x00\x00\x00\x00', 'login_password': '\n\x00\x00\x00\x00\x00\x00\x00\x00\x00'}
2021-03-02  16:43:09 Tue root INFO ('\n\x07250 TJ3\x00', '7315', '48', 247, '4', '0', '184.3315887451172', '13.820168495178223', '0.0', '0', '104', '0', '0.0', '0.0', '0.0', '0', '0', '572', '0', '0', '0', '\n\x00\x00\x00\x00\x00\x00\x00\x00\x00', '\n\x00\x00\x00\x00\x00\x00\x00\x00\x00', '0', '0', '2021-03-02 16:43:09')
2021-03-02  16:43:09 Tue root INFO 成功添加数据
2021-03-02  16:43:09 Tue root INFO mes_plc_r4
2021-03-02  16:43:09 Tue root INFO 读取插入数据库数据：{'product_type': '\n\x07250 PCB\x00', 'r1_equipment_status': '7315', 'fail_code': '0', 'recerve': '0', 'prod_num': 36, 'r1_rob_no': '4', 'r1_weld_line_no': '0', 'r1_electric': '182.79803466796875', 'r1_voltage': '13.223380088806152', 'r1_speed': '0.0', 'r1_job': '0', 'r2_rob_no': '104', 'r2_weld_line_no': '0', 'r2_electric': '0.0', 'r2_voltage': '0.0', 'r2_speed': '0.0', 'r2_job': '0', 'replace_status': '0', 'part_status': '0', 'r1_protective_gas': '2919', 'r1_welding_wire': '0', 'r2_protective_gas': '0', 'r2_welding_wire': '0', 'login_id': '\n\x00\x00\x00\x00\x00\x00\x00\x00\x00', 'login_password': '\n\x00\x00\x00\x00\x00\x00\x00\x00\x00'}
2021-03-02  16:43:09 Tue root INFO ('\n\x07250 PCB\x00', '7315', '0', 36, '4', '0', '182.79803466796875', '13.223380088806152', '0.0', '0', '104', '0', '0.0', '0.0', '0.0', '0', '0', '2919', '0', '0', '0', '\n\x00\x00\x00\x00\x00\x00\x00\x00\x00', '\n\x00\x00\x00\x00\x00\x00\x00\x00\x00', '0', '0', '2021-03-02 16:43:09')
2021-03-02  16:43:09 Tue root INFO 成功添加数据
2021-03-02  16:43:09 Tue root INFO mes_plc_r5
2021-03-02  16:43:10 Tue root INFO 读取插入数据库数据：{'product_type': '\n\x00\x00\x00\x00\x00\x00\x00\x00\x00', 'r1_equipment_status': '6290', 'fail_code': '0', 'recerve': '0', 'prod_num': 0, 'r1_rob_no': '0', 'r1_weld_line_no': '0', 'r1_electric': '179.7309112548828', 'r1_voltage': '13.458478927612305', 'r1_speed': '0.0', 'r1_job': '0', 'r2_rob_no': '0', 'r2_weld_line_no': '0', 'r2_electric': '179.2245330810547', 'r2_voltage': '13.425925254821777', 'r2_speed': '0.0', 'r2_job': '0', 'replace_status': '0', 'part_status': '0', 'r1_protective_gas': '59', 'r1_welding_wire': '0', 'r2_protective_gas': '59', 'r2_welding_wire': '0', 'login_id': '\n\x00\x00\x00\x00\x00\x00\x00\x00\x00', 'login_password': '\n\x00\x00\x00\x00\x00\x00\x00\x00\x00'}
2021-03-02  16:43:10 Tue root INFO ('\n\x00\x00\x00\x00\x00\x00\x00\x00\x00', '6290', '0', 0, '0', '0', '179.7309112548828', '13.458478927612305', '0.0', '0', '0', '0', '179.2245330810547', '13.425925254821777', '0.0', '0', '0', '59', '59', '0', '0', '\n\x00\x00\x00\x00\x00\x00\x00\x00\x00', '\n\x00\x00\x00\x00\x00\x00\x00\x00\x00', '0', '0', '2021-03-02 16:43:10')
2021-03-02  16:43:10 Tue root INFO 成功添加数据
2021-03-02  16:43:10 Tue root INFO mes_plc_r6
2021-03-02  16:43:10 Tue root INFO 读取插入数据库数据：{'product_type': '\n\x00\x00\x00\x00\x00\x00\x00\x00\x00', 'r1_equipment_status': '0', 'fail_code': '0', 'recerve': '10', 'prod_num': 19, 'r1_rob_no': '0', 'r1_weld_line_no': '0', 'r1_electric': '0.0', 'r1_voltage': '0.0', 'r1_speed': '0.0', 'r1_job': '0', 'r2_rob_no': '0', 'r2_weld_line_no': '0', 'r2_electric': '0.0', 'r2_voltage': '0.0', 'r2_speed': '0.0', 'r2_job': '0', 'replace_status': '0', 'part_status': '0', 'r1_protective_gas': '0', 'r1_welding_wire': '0', 'r2_protective_gas': '0', 'r2_welding_wire': '0', 'login_id': '\n\x00\x00\x00\x00\x00\x00\x00\x00\x00', 'login_password': '\n\x00\x00\x00\x00\x00\x00\x00\x00\x00'}
2021-03-02  16:43:10 Tue root INFO ('\n\x00\x00\x00\x00\x00\x00\x00\x00\x00', '0', '0', 19, '0', '0', '0.0', '0.0', '0.0', '0', '0', '0', '0.0', '0.0', '0.0', '0', '0', '0', '0', '0', '0', '\n\x00\x00\x00\x00\x00\x00\x00\x00\x00', '\n\x00\x00\x00\x00\x00\x00\x00\x00\x00', '0', '10', '2021-03-02 16:43:10')
2021-03-02  16:43:10 Tue root INFO 成功添加数据
2021-03-02  16:44:10 Tue root INFO plc连接状态:[1, 1, 1, 1, 1, 1]
2021-03-02  16:44:10 Tue root INFO mes_plc
2021-03-02  16:44:10 Tue root INFO 读取插入数据库数据：{'product_type': '\n\x07250 YDG\x00', 'r1_equipment_status': '7315', 'fail_code': '0', 'recerve': '0', 'prod_num': 44, 'r1_rob_no': '4', 'r1_weld_line_no': '0', 'r1_electric': '182.19039916992188', 'r1_voltage': '13.277633666992188', 'r1_speed': '0.0', 'r1_job': '0', 'r2_rob_no': '104', 'r2_weld_line_no': '0', 'r2_electric': '0.0', 'r2_voltage': '0.0', 'r2_speed': '0.0', 'r2_job': '0', 'replace_status': '0', 'part_status': '0', 'r1_protective_gas': '0', 'r1_welding_wire': '0', 'r2_protective_gas': '0', 'r2_welding_wire': '0', 'login_id': '\n\x00\x00\x00\x00\x00\x00\x00\x00\x00', 'login_password': '\n\x00\x00\x00\x00\x00\x00\x00\x00\x00'}
2021-03-02  16:44:10 Tue root INFO ('\n\x07250 YDG\x00', '7315', '0', 44, '4', '0', '182.19039916992188', '13.277633666992188', '0.0', '0', '104', '0', '0.0', '0.0', '0.0', '0', '0', '0', '0', '0', '0', '\n\x00\x00\x00\x00\x00\x00\x00\x00\x00', '\n\x00\x00\x00\x00\x00\x00\x00\x00\x00', '0', '0', '2021-03-02 16:44:10')
2021-03-02  16:44:10 Tue root INFO 成功添加数据
2021-03-02  16:44:10 Tue root INFO mes_plc_r2
2021-03-02  16:44:11 Tue root INFO 读取插入数据库数据：{'product_type': '\n\x07250 TJ1\x00', 'r1_equipment_status': '5267', 'fail_code': '48', 'recerve': '0', 'prod_num': 242, 'r1_rob_no': '4', 'r1_weld_line_no': '0', 'r1_electric': '181.75636291503906', 'r1_voltage': '13.12210750579834', 'r1_speed': '0.0', 'r1_job': '0', 'r2_rob_no': '104', 'r2_weld_line_no': '0', 'r2_electric': '0.0', 'r2_voltage': '0.0', 'r2_speed': '0.0', 'r2_job': '0', 'replace_status': '0', 'part_status': '0', 'r1_protective_gas': '610', 'r1_welding_wire': '0', 'r2_protective_gas': '0', 'r2_welding_wire': '0', 'login_id': '\n\x00\x00\x00\x00\x00\x00\x00\x00\x00', 'login_password': '\n\x00\x00\x00\x00\x00\x00\x00\x00\x00'}
2021-03-02  16:44:11 Tue root INFO ('\n\x07250 TJ1\x00', '5267', '48', 242, '4', '0', '181.75636291503906', '13.12210750579834', '0.0', '0', '104', '0', '0.0', '0.0', '0.0', '0', '0', '610', '0', '0', '0', '\n\x00\x00\x00\x00\x00\x00\x00\x00\x00', '\n\x00\x00\x00\x00\x00\x00\x00\x00\x00', '0', '0', '2021-03-02 16:44:11')
2021-03-02  16:44:11 Tue root INFO 成功添加数据
2021-03-02  16:44:11 Tue root INFO mes_plc_r3
2021-03-02  16:44:11 Tue root INFO 读取插入数据库数据：{'product_type': '\n\x07250 TJ3\x00', 'r1_equipment_status': '7315', 'fail_code': '48', 'recerve': '0', 'prod_num': 247, 'r1_rob_no': '4', 'r1_weld_line_no': '0', 'r1_electric': '184.28819274902344', 'r1_voltage': '13.809317588806152', 'r1_speed': '0.0', 'r1_job': '0', 'r2_rob_no': '104', 'r2_weld_line_no': '0', 'r2_electric': '0.0', 'r2_voltage': '0.0', 'r2_speed': '0.0', 'r2_job': '0', 'replace_status': '0', 'part_status': '0', 'r1_protective_gas': '572', 'r1_welding_wire': '0', 'r2_protective_gas': '0', 'r2_welding_wire': '0', 'login_id': '\n\x00\x00\x00\x00\x00\x00\x00\x00\x00', 'login_password': '\n\x00\x00\x00\x00\x00\x00\x00\x00\x00'}
2021-03-02  16:44:11 Tue root INFO ('\n\x07250 TJ3\x00', '7315', '48', 247, '4', '0', '184.28819274902344', '13.809317588806152', '0.0', '0', '104', '0', '0.0', '0.0', '0.0', '0', '0', '572', '0', '0', '0', '\n\x00\x00\x00\x00\x00\x00\x00\x00\x00', '\n\x00\x00\x00\x00\x00\x00\x00\x00\x00', '0', '0', '2021-03-02 16:44:11')
2021-03-02  16:44:11 Tue root INFO 成功添加数据
2021-03-02  16:44:11 Tue root INFO mes_plc_r4
2021-03-02  16:44:11 Tue root INFO 读取插入数据库数据：{'product_type': '\n\x07250 PCB\x00', 'r1_equipment_status': '7233', 'fail_code': '0', 'recerve': '0', 'prod_num': 36, 'r1_rob_no': '4', 'r1_weld_line_no': '0', 'r1_electric': '182.72569274902344', 'r1_voltage': '-15.668402671813965', 'r1_speed': '0.0', 'r1_job': '0', 'r2_rob_no': '104', 'r2_weld_line_no': '0', 'r2_electric': '0.0', 'r2_voltage': '0.0', 'r2_speed': '0.0', 'r2_job': '0', 'replace_status': '0', 'part_status': '0', 'r1_protective_gas': '2942', 'r1_welding_wire': '0', 'r2_protective_gas': '0', 'r2_welding_wire': '0', 'login_id': '\n\x00\x00\x00\x00\x00\x00\x00\x00\x00', 'login_password': '\n\x00\x00\x00\x00\x00\x00\x00\x00\x00'}
2021-03-02  16:44:11 Tue root INFO ('\n\x07250 PCB\x00', '7233', '0', 36, '4', '0', '182.72569274902344', '-15.668402671813965', '0.0', '0', '104', '0', '0.0', '0.0', '0.0', '0', '0', '2942', '0', '0', '0', '\n\x00\x00\x00\x00\x00\x00\x00\x00\x00', '\n\x00\x00\x00\x00\x00\x00\x00\x00\x00', '0', '0', '2021-03-02 16:44:11')
2021-03-02  16:44:11 Tue root INFO 成功添加数据
2021-03-02  16:44:11 Tue root INFO mes_plc_r5
2021-03-02  16:44:12 Tue root INFO 读取插入数据库数据：{'product_type': '\n\x00\x00\x00\x00\x00\x00\x00\x00\x00', 'r1_equipment_status': '6290', 'fail_code': '0', 'recerve': '0', 'prod_num': 0, 'r1_rob_no': '0', 'r1_weld_line_no': '0', 'r1_electric': '179.80323791503906', 'r1_voltage': '13.472946166992188', 'r1_speed': '0.0', 'r1_job': '0', 'r2_rob_no': '0', 'r2_weld_line_no': '0', 'r2_electric': '179.15220642089844', 'r2_voltage': '13.407841682434082', 'r2_speed': '0.0', 'r2_job': '0', 'replace_status': '0', 'part_status': '0', 'r1_protective_gas': '59', 'r1_welding_wire': '0', 'r2_protective_gas': '59', 'r2_welding_wire': '0', 'login_id': '\n\x00\x00\x00\x00\x00\x00\x00\x00\x00', 'login_password': '\n\x00\x00\x00\x00\x00\x00\x00\x00\x00'}
2021-03-02  16:44:12 Tue root INFO ('\n\x00\x00\x00\x00\x00\x00\x00\x00\x00', '6290', '0', 0, '0', '0', '179.80323791503906', '13.472946166992188', '0.0', '0', '0', '0', '179.15220642089844', '13.407841682434082', '0.0', '0', '0', '59', '59', '0', '0', '\n\x00\x00\x00\x00\x00\x00\x00\x00\x00', '\n\x00\x00\x00\x00\x00\x00\x00\x00\x00', '0', '0', '2021-03-02 16:44:12')
2021-03-02  16:44:12 Tue root INFO 成功添加数据
2021-03-02  16:44:12 Tue root INFO mes_plc_r6
2021-03-02  16:44:12 Tue root INFO 读取插入数据库数据：{'product_type': '\n\x00\x00\x00\x00\x00\x00\x00\x00\x00', 'r1_equipment_status': '0', 'fail_code': '0', 'recerve': '10', 'prod_num': 19, 'r1_rob_no': '0', 'r1_weld_line_no': '0', 'r1_electric': '0.0', 'r1_voltage': '0.0', 'r1_speed': '0.0', 'r1_job': '0', 'r2_rob_no': '0', 'r2_weld_line_no': '0', 'r2_electric': '0.0', 'r2_voltage': '0.0', 'r2_speed': '0.0', 'r2_job': '0', 'replace_status': '0', 'part_status': '0', 'r1_protective_gas': '0', 'r1_welding_wire': '0', 'r2_protective_gas': '0', 'r2_welding_wire': '0', 'login_id': '\n\x00\x00\x00\x00\x00\x00\x00\x00\x00', 'login_password': '\n\x00\x00\x00\x00\x00\x00\x00\x00\x00'}
2021-03-02  16:44:12 Tue root INFO ('\n\x00\x00\x00\x00\x00\x00\x00\x00\x00', '0', '0', 19, '0', '0', '0.0', '0.0', '0.0', '0', '0', '0', '0.0', '0.0', '0.0', '0', '0', '0', '0', '0', '0', '\n\x00\x00\x00\x00\x00\x00\x00\x00\x00', '\n\x00\x00\x00\x00\x00\x00\x00\x00\x00', '0', '10', '2021-03-02 16:44:12')
2021-03-02  16:44:12 Tue root INFO 成功添加数据
2021-03-02  16:45:12 Tue root INFO plc连接状态:[1, 1, 1, 1, 1, 1]
2021-03-02  16:45:12 Tue root INFO mes_plc
2021-03-02  16:45:12 Tue root INFO 读取插入数据库数据：{'product_type': '\n\x07250 YDG\x00', 'r1_equipment_status': '7315', 'fail_code': '0', 'recerve': '0', 'prod_num': 44, 'r1_rob_no': '4', 'r1_weld_line_no': '0', 'r1_electric': '182.19039916992188', 'r1_voltage': '13.277633666992188', 'r1_speed': '0.0', 'r1_job': '0', 'r2_rob_no': '104', 'r2_weld_line_no': '0', 'r2_electric': '0.0', 'r2_voltage': '0.0', 'r2_speed': '0.0', 'r2_job': '0', 'replace_status': '0', 'part_status': '0', 'r1_protective_gas': '0', 'r1_welding_wire': '0', 'r2_protective_gas': '0', 'r2_welding_wire': '0', 'login_id': '\n\x00\x00\x00\x00\x00\x00\x00\x00\x00', 'login_password': '\n\x00\x00\x00\x00\x00\x00\x00\x00\x00'}
2021-03-02  16:45:12 Tue root INFO ('\n\x07250 YDG\x00', '7315', '0', 44, '4', '0', '182.19039916992188', '13.277633666992188', '0.0', '0', '104', '0', '0.0', '0.0', '0.0', '0', '0', '0', '0', '0', '0', '\n\x00\x00\x00\x00\x00\x00\x00\x00\x00', '\n\x00\x00\x00\x00\x00\x00\x00\x00\x00', '0', '0', '2021-03-02 16:45:12')
2021-03-02  16:45:12 Tue root INFO 成功添加数据
2021-03-02  16:45:12 Tue root INFO mes_plc_r2
2021-03-02  16:45:13 Tue root INFO 读取插入数据库数据：{'product_type': '\n\x07250 TJ1\x00', 'r1_equipment_status': '5267', 'fail_code': '48', 'recerve': '0', 'prod_num': 242, 'r1_rob_no': '4', 'r1_weld_line_no': '0', 'r1_electric': '181.75636291503906', 'r1_voltage': '13.129340171813965', 'r1_speed': '0.0', 'r1_job': '0', 'r2_rob_no': '104', 'r2_weld_line_no': '0', 'r2_electric': '0.0', 'r2_voltage': '0.0', 'r2_speed': '0.0', 'r2_job': '0', 'replace_status': '0', 'part_status': '0', 'r1_protective_gas': '610', 'r1_welding_wire': '0', 'r2_protective_gas': '0', 'r2_welding_wire': '0', 'login_id': '\n\x00\x00\x00\x00\x00\x00\x00\x00\x00', 'login_password': '\n\x00\x00\x00\x00\x00\x00\x00\x00\x00'}
2021-03-02  16:45:13 Tue root INFO ('\n\x07250 TJ1\x00', '5267', '48', 242, '4', '0', '181.75636291503906', '13.129340171813965', '0.0', '0', '104', '0', '0.0', '0.0', '0.0', '0', '0', '610', '0', '0', '0', '\n\x00\x00\x00\x00\x00\x00\x00\x00\x00', '\n\x00\x00\x00\x00\x00\x00\x00\x00\x00', '0', '0', '2021-03-02 16:45:13')
2021-03-02  16:45:13 Tue root INFO 成功添加数据
2021-03-02  16:45:13 Tue root INFO mes_plc_r3
2021-03-02  16:45:13 Tue root INFO 读取插入数据库数据：{'product_type': '\n\x07250 TJ3\x00', 'r1_equipment_status': '7315', 'fail_code': '48', 'recerve': '0', 'prod_num': 247, 'r1_rob_no': '4', 'r1_weld_line_no': '0', 'r1_electric': '184.3460693359375', 'r1_voltage': '13.823784828186035', 'r1_speed': '0.0', 'r1_job': '0', 'r2_rob_no': '104', 'r2_weld_line_no': '0', 'r2_electric': '0.0', 'r2_voltage': '0.0', 'r2_speed': '0.0', 'r2_job': '0', 'replace_status': '0', 'part_status': '0', 'r1_protective_gas': '572', 'r1_welding_wire': '0', 'r2_protective_gas': '0', 'r2_welding_wire': '0', 'login_id': '\n\x00\x00\x00\x00\x00\x00\x00\x00\x00', 'login_password': '\n\x00\x00\x00\x00\x00\x00\x00\x00\x00'}
2021-03-02  16:45:13 Tue root INFO ('\n\x07250 TJ3\x00', '7315', '48', 247, '4', '0', '184.3460693359375', '13.823784828186035', '0.0', '0', '104', '0', '0.0', '0.0', '0.0', '0', '0', '572', '0', '0', '0', '\n\x00\x00\x00\x00\x00\x00\x00\x00\x00', '\n\x00\x00\x00\x00\x00\x00\x00\x00\x00', '0', '0', '2021-03-02 16:45:13')
2021-03-02  16:45:13 Tue root INFO 成功添加数据
2021-03-02  16:45:13 Tue root INFO mes_plc_r4
2021-03-02  16:45:13 Tue root INFO 读取插入数据库数据：{'product_type': '\n\x07250 PCB\x00', 'r1_equipment_status': '7315', 'fail_code': '0', 'recerve': '0', 'prod_num': 36, 'r1_rob_no': '4', 'r1_weld_line_no': '0', 'r1_electric': '182.8125', 'r1_voltage': '13.230612754821777', 'r1_speed': '0.0', 'r1_job': '0', 'r2_rob_no': '104', 'r2_weld_line_no': '0', 'r2_electric': '0.0', 'r2_voltage': '0.0', 'r2_speed': '0.0', 'r2_job': '0', 'replace_status': '0', 'part_status': '0', 'r1_protective_gas': '2965', 'r1_welding_wire': '0', 'r2_protective_gas': '0', 'r2_welding_wire': '0', 'login_id': '\n\x00\x00\x00\x00\x00\x00\x00\x00\x00', 'login_password': '\n\x00\x00\x00\x00\x00\x00\x00\x00\x00'}
2021-03-02  16:45:13 Tue root INFO ('\n\x07250 PCB\x00', '7315', '0', 36, '4', '0', '182.8125', '13.230612754821777', '0.0', '0', '104', '0', '0.0', '0.0', '0.0', '0', '0', '2965', '0', '0', '0', '\n\x00\x00\x00\x00\x00\x00\x00\x00\x00', '\n\x00\x00\x00\x00\x00\x00\x00\x00\x00', '0', '0', '2021-03-02 16:45:13')
2021-03-02  16:45:13 Tue root INFO 成功添加数据
2021-03-02  16:45:13 Tue root INFO mes_plc_r5
2021-03-02  16:45:14 Tue root INFO 读取插入数据库数据：{'product_type': '\n\x00\x00\x00\x00\x00\x00\x00\x00\x00', 'r1_equipment_status': '6290', 'fail_code': '0', 'recerve': '0', 'prod_num': 0, 'r1_rob_no': '0', 'r1_weld_line_no': '0', 'r1_electric': '179.7887725830078', 'r1_voltage': '13.458478927612305', 'r1_speed': '0.0', 'r1_job': '0', 'r2_rob_no': '0', 'r2_weld_line_no': '0', 'r2_electric': '179.2534637451172', 'r2_voltage': '13.407841682434082', 'r2_speed': '0.0', 'r2_job': '0', 'replace_status': '0', 'part_status': '0', 'r1_protective_gas': '59', 'r1_welding_wire': '0', 'r2_protective_gas': '59', 'r2_welding_wire': '0', 'login_id': '\n\x00\x00\x00\x00\x00\x00\x00\x00\x00', 'login_password': '\n\x00\x00\x00\x00\x00\x00\x00\x00\x00'}
2021-03-02  16:45:14 Tue root INFO ('\n\x00\x00\x00\x00\x00\x00\x00\x00\x00', '6290', '0', 0, '0', '0', '179.7887725830078', '13.458478927612305', '0.0', '0', '0', '0', '179.2534637451172', '13.407841682434082', '0.0', '0', '0', '59', '59', '0', '0', '\n\x00\x00\x00\x00\x00\x00\x00\x00\x00', '\n\x00\x00\x00\x00\x00\x00\x00\x00\x00', '0', '0', '2021-03-02 16:45:14')
2021-03-02  16:45:14 Tue root INFO 成功添加数据
2021-03-02  16:45:14 Tue root INFO mes_plc_r6
2021-03-02  16:45:14 Tue root INFO 读取插入数据库数据：{'product_type': '\n\x00\x00\x00\x00\x00\x00\x00\x00\x00', 'r1_equipment_status': '0', 'fail_code': '0', 'recerve': '10', 'prod_num': 19, 'r1_rob_no': '0', 'r1_weld_line_no': '0', 'r1_electric': '0.0', 'r1_voltage': '0.0', 'r1_speed': '0.0', 'r1_job': '0', 'r2_rob_no': '0', 'r2_weld_line_no': '0', 'r2_electric': '0.0', 'r2_voltage': '0.0', 'r2_speed': '0.0', 'r2_job': '0', 'replace_status': '0', 'part_status': '0', 'r1_protective_gas': '0', 'r1_welding_wire': '0', 'r2_protective_gas': '0', 'r2_welding_wire': '0', 'login_id': '\n\x00\x00\x00\x00\x00\x00\x00\x00\x00', 'login_password': '\n\x00\x00\x00\x00\x00\x00\x00\x00\x00'}
2021-03-02  16:45:14 Tue root INFO ('\n\x00\x00\x00\x00\x00\x00\x00\x00\x00', '0', '0', 19, '0', '0', '0.0', '0.0', '0.0', '0', '0', '0', '0.0', '0.0', '0.0', '0', '0', '0', '0', '0', '0', '\n\x00\x00\x00\x00\x00\x00\x00\x00\x00', '\n\x00\x00\x00\x00\x00\x00\x00\x00\x00', '0', '10', '2021-03-02 16:45:14')
2021-03-02  16:45:14 Tue root INFO 成功添加数据
